{"n": 1, "domain": "brasileirao", "label": "protocol probe", "at": "2026-09-28T15:07:49Z", "seconds": 0.047, "argv": ["/home/superleo13/predictors/runtime/integration-brasileirao/priv/run-20260928T145525Z-br12/cain-venv/bin/python", "-I", "/home/superleo13/predictors/runtime/integration-brasileirao/priv/run-20260928T145525Z-br12/isolation/probe.py", "/home/superleo13/predictors/work/integration-brasileirao-evidence/qualification/integration-crypto/fixtures/v2"], "fault_env": {}, "exit": 0, "stdout_sha256": "1321ef4fb8277143d065eb23e2df13cbbcfc234d365158e8821aeb561ced5ba2", "stdout_bytes": 792, "stderr_sha256": "e3b0c44298fc1c149afbf4c8996fb92427ae41e4649b934ca495991b7852b855", "stderr_bytes": 0}
--- stdout
{"brasileirao->brasileirao": "ACCEPTED", "brasileirao->crypto": "DOMAIN_MISMATCH", "brasileirao->stocks": "DOMAIN_MISMATCH", "crypto->brasileirao": "DOMAIN_MISMATCH", "crypto->crypto": "ACCEPTED", "crypto->stocks": "DOMAIN_MISMATCH", "episode_ids": {"brasileirao": "brasileirao:episode-2", "crypto": "crypto:episode-2", "stocks": "stocks:episode-2"}, "hypothesis_ids": {"brasileirao": "brasileirao:H9", "crypto": "crypto:H9", "stocks": "stocks:H9"}, "stocks->brasileirao": "DOMAIN_MISMATCH", "stocks->crypto": "DOMAIN_MISMATCH", "stocks->stocks": "ACCEPTED", "task_ids": {"brasileirao": "brasileirao:TASK-a217b64758a0bb915918e79a09d87ac7", "crypto": "crypto:TASK-45b3afb3f4c777ae5aa52020f98afc6a", "stocks": "stocks:TASK-09f813296679d4ab76c537177cd98368"}, "unqualified": "ID_NOT_QUALIFIED"}
--- end
{"effective_proposal": "/home/superleo13/predictors/runtime/integration-brasileirao/priv/run-20260928T145525Z-br12/isolation/effective/stocks-iso-01.json", "template": "integration-stocks/fixtures/proposals/e2e/01-allow.json", "sha256": "39d76d5e06b9e177f5b0ea74101e0f7a87d342963e7524f1556717bc0ee0a35c", "changes": []}
{"effective_proposal": "/home/superleo13/predictors/runtime/integration-brasileirao/priv/run-20260928T145525Z-br12/isolation/effective/br-iso-01.json", "template": "fixtures/proposals/e2e/01-allow.json", "sha256": "c7ac4e4e5168def7319a557d75f9065f1d9052f83dfa5d87f165593bfcf6c2ec", "changes": ["request_id"]}
{"n": 2, "domain": "brasileirao", "label": "brasileirao: propose real", "at": "2026-09-28T15:07:49Z", "seconds": 0.161, "argv": ["/home/superleo13/predictors/runtime/integration-brasileirao/priv/run-20260928T145525Z-br12/cain-venv/bin/cain", "research", "propose", "--domain", "brasileirao", "--state", "/home/superleo13/predictors/runtime/integration-brasileirao/priv/run-20260928T145525Z-br12/isolation/shared/cain-state", "--proposal", "/home/superleo13/predictors/runtime/integration-brasileirao/priv/run-20260928T145525Z-br12/isolation/effective/br-iso-01.json", "--as-of", "2026-09-28T15:07:49Z"], "fault_env": {}, "exit": 0, "stdout_sha256": "c994e7ea11ac8f26fa0fecacf1b8902f302d11040e8ee4760261c606e7303d45", "stdout_bytes": 396, "stderr_sha256": "e3b0c44298fc1c149afbf4c8996fb92427ae41e4649b934ca495991b7852b855", "stderr_bytes": 0}
--- stdout
{"decision": "ALLOW", "episode_id": "brasileirao:episode-1", "reason_code": "ALLOWED", "receipt_sha256": "a757ba7383724badbdb973ddd6c3641e074dfa9363b015988a92ec0fa21db9a4", "rule": "R14", "status": "RECORDED", "task": {"payload_sha256": "3a839bb41a9ccd8285a948674e405fa033f66bba22f2790575bc4caa7a196aff", "previous_task_id": null, "task_id": "brasileirao:TASK-b4806bcbcc5f8699f807b30df9432ffd"}}
--- end
{"n": 3, "domain": "brasileirao", "label": "brasileirao: dispatch", "at": "2026-09-28T15:07:49Z", "seconds": 0.096, "argv": ["/home/superleo13/predictors/runtime/integration-brasileirao/priv/run-20260928T145525Z-br12/cain-venv/bin/cain", "research", "dispatch", "--domain", "brasileirao", "--state", "/home/superleo13/predictors/runtime/integration-brasileirao/priv/run-20260928T145525Z-br12/isolation/shared/cain-state", "--spool", "/home/superleo13/predictors/runtime/integration-brasileirao/priv/run-20260928T145525Z-br12/isolation/shared/spool"], "fault_env": {}, "exit": 0, "stdout_sha256": "538c973ba52c9519c8ba63c5273e443264388ad085a15698d2970980bbb37acf", "stdout_bytes": 181, "stderr_sha256": "e3b0c44298fc1c149afbf4c8996fb92427ae41e4649b934ca495991b7852b855", "stderr_bytes": 0}
--- stdout
{"action": "dispatched", "file": "brasileirao/tasks/TASK-b4806bcbcc5f8699f807b30df9432ffd.json", "spool": "WRITTEN", "task_id": "brasileirao:TASK-b4806bcbcc5f8699f807b30df9432ffd"}
--- end
{"n": 4, "domain": "brasileirao", "label": "brasileirao: consumer", "at": "2026-09-28T15:07:52Z", "seconds": 3.051, "argv": ["/home/superleo13/predictors/runtime/integration-brasileirao/priv/run-20260928T145525Z-br12/consumer-venv/bin/predictor-research-consumer", "--domain", "brasileirao", "--spool", "/home/superleo13/predictors/runtime/integration-brasileirao/priv/run-20260928T145525Z-br12/isolation/shared/spool", "--ledger", "/home/superleo13/predictors/runtime/integration-brasileirao/priv/run-20260928T145525Z-br12/isolation/shared/consumer-brasileirao/ledger.sqlite", "--state", "/home/superleo13/predictors/runtime/integration-brasileirao/priv/run-20260928T145525Z-br12/isolation/shared/domain-state-brasileirao", "--policy", "/home/superleo13/predictors/runtime/integration-brasileirao/priv/run-20260928T145525Z-br12/op/policy.json", "--objects", "/home/superleo13/predictors/runtime/integration-brasileirao/priv/run-20260928T145525Z-br12/op/obj"], "fault_env": {}, "exit": 0, "stdout_sha256": "103ebf8db996258867c3665ce8ab5c38d2c3db49d814ea2fbfcca1b56c93fa39", "stdout_bytes": 314, "stderr_sha256": "e3b0c44298fc1c149afbf4c8996fb92427ae41e4649b934ca495991b7852b855", "stderr_bytes": 0}
--- stdout
{"action": "delivered", "attempt": 1, "class": "TERMINAL_RESULT", "episode_id": "brasileirao:episode-1", "result_file": "brasileirao/results/TASK-b4806bcbcc5f8699f807b30df9432ffd.3393c24a3462b52d.json", "result_write": "WRITTEN", "status": "RESULT", "task_id": "brasileirao:TASK-b4806bcbcc5f8699f807b30df9432ffd"}
--- end
{"n": 5, "domain": "brasileirao", "label": "brasileirao: ingest", "at": "2026-09-28T15:07:53Z", "seconds": 0.112, "argv": ["/home/superleo13/predictors/runtime/integration-brasileirao/priv/run-20260928T145525Z-br12/cain-venv/bin/cain", "research", "ingest", "--domain", "brasileirao", "--state", "/home/superleo13/predictors/runtime/integration-brasileirao/priv/run-20260928T145525Z-br12/isolation/shared/cain-state", "--spool", "/home/superleo13/predictors/runtime/integration-brasileirao/priv/run-20260928T145525Z-br12/isolation/shared/spool"], "fault_env": {}, "exit": 0, "stdout_sha256": "37e6639709777feb70a1c1d66ff82df2d9c587ef29199e47e0cd608b58d050c6", "stdout_bytes": 255, "stderr_sha256": "e3b0c44298fc1c149afbf4c8996fb92427ae41e4649b934ca495991b7852b855", "stderr_bytes": 0}
--- stdout
{"action": "ingested", "class": "TERMINAL_RESULT", "fact": "fact:26f5fb5add614a2ba2b66f7a46b432fa", "file": "TASK-b4806bcbcc5f8699f807b30df9432ffd.3393c24a3462b52d.json", "status": "RESULT", "task_id": "brasileirao:TASK-b4806bcbcc5f8699f807b30df9432ffd"}
--- end
{"n": 6, "domain": "crypto", "label": "crypto: propose real", "at": "2026-09-28T15:07:53Z", "seconds": 0.103, "argv": ["/home/superleo13/predictors/runtime/integration-brasileirao/priv/run-20260928T145525Z-br12/cain-venv/bin/cain", "research", "propose", "--domain", "crypto", "--state", "/home/superleo13/predictors/runtime/integration-brasileirao/priv/run-20260928T145525Z-br12/isolation/shared/cain-state", "--proposal", "/home/superleo13/predictors/work/integration-brasileirao-evidence/qualification/integration-crypto/fixtures/proposals/e2e/01-allow.json", "--as-of", "2026-09-28T15:07:53Z"], "fault_env": {}, "exit": 0, "stdout_sha256": "aa290386740ca256f375200ca4281cce9bf16967ac6daee622f5c564639f988f", "stdout_bytes": 386, "stderr_sha256": "e3b0c44298fc1c149afbf4c8996fb92427ae41e4649b934ca495991b7852b855", "stderr_bytes": 0}
--- stdout
{"decision": "ALLOW", "episode_id": "crypto:episode-1", "reason_code": "ALLOWED", "receipt_sha256": "111f7e47edf67dc62051f2f5932ecb412cc2ffd6b737533e7c83a1fa2ca7d317", "rule": "R14", "status": "RECORDED", "task": {"payload_sha256": "5fe20eb7b93d743530485cae313699a24e6bde31926371024ff20b8d3ef89beb", "previous_task_id": null, "task_id": "crypto:TASK-02bf95b3940c9a226f8a9ae2a37a11a3"}}
--- end
{"n": 7, "domain": "crypto", "label": "crypto: dispatch", "at": "2026-09-28T15:07:53Z", "seconds": 0.097, "argv": ["/home/superleo13/predictors/runtime/integration-brasileirao/priv/run-20260928T145525Z-br12/cain-venv/bin/cain", "research", "dispatch", "--domain", "crypto", "--state", "/home/superleo13/predictors/runtime/integration-brasileirao/priv/run-20260928T145525Z-br12/isolation/shared/cain-state", "--spool", "/home/superleo13/predictors/runtime/integration-brasileirao/priv/run-20260928T145525Z-br12/isolation/shared/spool"], "fault_env": {}, "exit": 0, "stdout_sha256": "bc61f88a021d22cee302c6bc655c9eba871612efac89ceb2b7aecd125b582b9c", "stdout_bytes": 171, "stderr_sha256": "e3b0c44298fc1c149afbf4c8996fb92427ae41e4649b934ca495991b7852b855", "stderr_bytes": 0}
--- stdout
{"action": "dispatched", "file": "crypto/tasks/TASK-02bf95b3940c9a226f8a9ae2a37a11a3.json", "spool": "WRITTEN", "task_id": "crypto:TASK-02bf95b3940c9a226f8a9ae2a37a11a3"}
--- end
{"n": 8, "domain": "crypto", "label": "crypto: consumer", "at": "2026-09-28T15:07:53Z", "seconds": 0.461, "argv": ["/home/superleo13/predictors/runtime/integration-brasileirao/priv/run-20260928T145525Z-br12/crypto-venv/bin/predictor-research-consumer", "--domain", "crypto", "--spool", "/home/superleo13/predictors/runtime/integration-brasileirao/priv/run-20260928T145525Z-br12/isolation/shared/spool", "--ledger", "/home/superleo13/predictors/runtime/integration-brasileirao/priv/run-20260928T145525Z-br12/isolation/shared/consumer-crypto/ledger.sqlite", "--state", "/home/superleo13/predictors/runtime/integration-brasileirao/priv/run-20260928T145525Z-br12/isolation/shared/domain-state-crypto", "--policy", "/home/superleo13/predictors/runtime/integration-brasileirao/priv/run-20260928T145525Z-br12/crypto-op/policy.json", "--objects", "/home/superleo13/predictors/runtime/integration-brasileirao/priv/run-20260928T145525Z-br12/crypto-op/objects"], "fault_env": {}, "exit": 0, "stdout_sha256": "4db09619ebcae75e2078ff0f72cb193d8663e81d3a642e0abebc4438338f32e3", "stdout_bytes": 299, "stderr_sha256": "8df95f7b1b21483bdeaf96c19fc16a25f3e1fe0d4b93905b571bb8be96241fc1", "stderr_bytes": 262}
--- stdout
{"action": "delivered", "attempt": 1, "class": "TERMINAL_RESULT", "episode_id": "crypto:episode-1", "result_file": "crypto/results/TASK-02bf95b3940c9a226f8a9ae2a37a11a3.61a6ace9f186bafa.json", "result_write": "WRITTEN", "status": "RESULT", "task_id": "crypto:TASK-02bf95b3940c9a226f8a9ae2a37a11a3"}
--- end
{"n": 9, "domain": "crypto", "label": "crypto: ingest", "at": "2026-09-28T15:07:53Z", "seconds": 0.105, "argv": ["/home/superleo13/predictors/runtime/integration-brasileirao/priv/run-20260928T145525Z-br12/cain-venv/bin/cain", "research", "ingest", "--domain", "crypto", "--state", "/home/superleo13/predictors/runtime/integration-brasileirao/priv/run-20260928T145525Z-br12/isolation/shared/cain-state", "--spool", "/home/superleo13/predictors/runtime/integration-brasileirao/priv/run-20260928T145525Z-br12/isolation/shared/spool"], "fault_env": {}, "exit": 0, "stdout_sha256": "809462bde31e7130c973d84763040cf736f9a25001af5a90bacf3c129d3efcef", "stdout_bytes": 250, "stderr_sha256": "e3b0c44298fc1c149afbf4c8996fb92427ae41e4649b934ca495991b7852b855", "stderr_bytes": 0}
--- stdout
{"action": "ingested", "class": "TERMINAL_RESULT", "fact": "fact:e92e80a29a6e4075a66ff425b72b6901", "file": "TASK-02bf95b3940c9a226f8a9ae2a37a11a3.61a6ace9f186bafa.json", "status": "RESULT", "task_id": "crypto:TASK-02bf95b3940c9a226f8a9ae2a37a11a3"}
--- end
{"n": 10, "domain": "stocks", "label": "stocks: propose real", "at": "2026-09-28T15:07:53Z", "seconds": 0.102, "argv": ["/home/superleo13/predictors/runtime/integration-brasileirao/priv/run-20260928T145525Z-br12/cain-venv/bin/cain", "research", "propose", "--domain", "stocks", "--state", "/home/superleo13/predictors/runtime/integration-brasileirao/priv/run-20260928T145525Z-br12/isolation/shared/cain-state", "--proposal", "/home/superleo13/predictors/runtime/integration-brasileirao/priv/run-20260928T145525Z-br12/isolation/effective/stocks-iso-01.json", "--as-of", "2026-09-28T15:07:53Z"], "fault_env": {}, "exit": 0, "stdout_sha256": "6521394fb8d9fb5c6634d24202b21e9935d9249715449684c85d6d838fcefbe8", "stdout_bytes": 386, "stderr_sha256": "e3b0c44298fc1c149afbf4c8996fb92427ae41e4649b934ca495991b7852b855", "stderr_bytes": 0}
--- stdout
{"decision": "ALLOW", "episode_id": "stocks:episode-1", "reason_code": "ALLOWED", "receipt_sha256": "5ca7a665fcfae9b1f91ecd5887c7b0dbe2c08c90745bd31df0558ab19b838460", "rule": "R14", "status": "RECORDED", "task": {"payload_sha256": "0b87097255a398a305a3a54735ebc3bad25bfd27b179d453d3f1db299c05cad5", "previous_task_id": null, "task_id": "stocks:TASK-d6efe57849ec5f14547af45741a1b754"}}
--- end
{"n": 11, "domain": "stocks", "label": "stocks: dispatch", "at": "2026-09-28T15:07:54Z", "seconds": 0.105, "argv": ["/home/superleo13/predictors/runtime/integration-brasileirao/priv/run-20260928T145525Z-br12/cain-venv/bin/cain", "research", "dispatch", "--domain", "stocks", "--state", "/home/superleo13/predictors/runtime/integration-brasileirao/priv/run-20260928T145525Z-br12/isolation/shared/cain-state", "--spool", "/home/superleo13/predictors/runtime/integration-brasileirao/priv/run-20260928T145525Z-br12/isolation/shared/spool"], "fault_env": {}, "exit": 0, "stdout_sha256": "a7325cb0580d2d125ffb0af6f1d3ff0a450bf81e296c30ecc67aa7636311785b", "stdout_bytes": 171, "stderr_sha256": "e3b0c44298fc1c149afbf4c8996fb92427ae41e4649b934ca495991b7852b855", "stderr_bytes": 0}
--- stdout
{"action": "dispatched", "file": "stocks/tasks/TASK-d6efe57849ec5f14547af45741a1b754.json", "spool": "WRITTEN", "task_id": "stocks:TASK-d6efe57849ec5f14547af45741a1b754"}
--- end
{"n": 12, "domain": "stocks", "label": "stocks: consumer", "at": "2026-09-28T15:07:59Z", "seconds": 5.334, "argv": ["/home/superleo13/predictors/runtime/integration-brasileirao/priv/run-20260928T145525Z-br12/stocks-venv/bin/predictor-research-consumer", "--domain", "stocks", "--spool", "/home/superleo13/predictors/runtime/integration-brasileirao/priv/run-20260928T145525Z-br12/isolation/shared/spool", "--ledger", "/home/superleo13/predictors/runtime/integration-brasileirao/priv/run-20260928T145525Z-br12/isolation/shared/consumer-stocks/ledger.sqlite", "--state", "/home/superleo13/predictors/runtime/integration-brasileirao/priv/run-20260928T145525Z-br12/isolation/shared/domain-state-stocks", "--policy", "/home/superleo13/predictors/runtime/integration-brasileirao/priv/run-20260928T145525Z-br12/stocks-op/policy.json", "--objects", "/home/superleo13/predictors/runtime/integration-brasileirao/priv/run-20260928T145525Z-br12/stocks-op/objects"], "fault_env": {}, "exit": 0, "stdout_sha256": "c993aad8832a0f1dfd345618ec0bf0cd3d30b2ea4276132033aa905f3e7d6829", "stdout_bytes": 299, "stderr_sha256": "f32fbdec1fe372159883b77228f380942a819c41586ea0d09503f87bd211ca55", "stderr_bytes": 263}
--- stdout
{"action": "delivered", "attempt": 1, "class": "TERMINAL_RESULT", "episode_id": "stocks:episode-1", "result_file": "stocks/results/TASK-d6efe57849ec5f14547af45741a1b754.f579cf70ef9dfe95.json", "result_write": "WRITTEN", "status": "RESULT", "task_id": "stocks:TASK-d6efe57849ec5f14547af45741a1b754"}
--- end
{"n": 13, "domain": "stocks", "label": "stocks: ingest", "at": "2026-09-28T15:07:59Z", "seconds": 0.111, "argv": ["/home/superleo13/predictors/runtime/integration-brasileirao/priv/run-20260928T145525Z-br12/cain-venv/bin/cain", "research", "ingest", "--domain", "stocks", "--state", "/home/superleo13/predictors/runtime/integration-brasileirao/priv/run-20260928T145525Z-br12/isolation/shared/cain-state", "--spool", "/home/superleo13/predictors/runtime/integration-brasileirao/priv/run-20260928T145525Z-br12/isolation/shared/spool"], "fault_env": {}, "exit": 0, "stdout_sha256": "bfa786a9efe7c379aa74ebd19ed34f35f14e3a04cbfb079999efe3fd82711dc0", "stdout_bytes": 250, "stderr_sha256": "e3b0c44298fc1c149afbf4c8996fb92427ae41e4649b934ca495991b7852b855", "stderr_bytes": 0}
--- stdout
{"action": "ingested", "class": "TERMINAL_RESULT", "fact": "fact:b0367ae638614ff3a59772ece233a5a1", "file": "TASK-d6efe57849ec5f14547af45741a1b754.f579cf70ef9dfe95.json", "status": "RESULT", "task_id": "stocks:TASK-d6efe57849ec5f14547af45741a1b754"}
--- end
{"n": 14, "domain": "brasileirao", "label": "show brasileirao:REQ-IB-ISO-001", "at": "2026-09-28T15:07:59Z", "seconds": 0.145, "argv": ["/home/superleo13/predictors/runtime/integration-brasileirao/priv/run-20260928T145525Z-br12/consumer-venv/bin/brasileirao-research", "--state", "/home/superleo13/predictors/runtime/integration-brasileirao/priv/run-20260928T145525Z-br12/isolation/shared/domain-state-brasileirao", "show", "brasileirao:REQ-IB-ISO-001"], "fault_env": {}, "exit": 0, "stdout_sha256": "16a03d176f1b3255024d8935803707a793482735fa5e79ccf9c563759639a028", "stdout_bytes": 121507, "stderr_sha256": "e3b0c44298fc1c149afbf4c8996fb92427ae41e4649b934ca495991b7852b855", "stderr_bytes": 0}
--- stdout
(stdout do domínio só no log privado)
--- end
{"n": 15, "domain": "brasileirao", "label": "brasileirao: ingest the real results of the other two domains", "at": "2026-09-28T15:07:59Z", "seconds": 0.115, "argv": ["/home/superleo13/predictors/runtime/integration-brasileirao/priv/run-20260928T145525Z-br12/cain-venv/bin/cain", "research", "ingest", "--domain", "brasileirao", "--state", "/home/superleo13/predictors/runtime/integration-brasileirao/priv/run-20260928T145525Z-br12/isolation/shared/cain-state", "--spool", "/home/superleo13/predictors/runtime/integration-brasileirao/priv/run-20260928T145525Z-br12/isolation/shared/spool"], "fault_env": {}, "exit": 2, "stdout_sha256": "83e6e0d6bf0596980be32a43d4737a768990880df1e3b92470e877a2d5d5b947", "stdout_bytes": 337, "stderr_sha256": "e3b0c44298fc1c149afbf4c8996fb92427ae41e4649b934ca495991b7852b855", "stderr_bytes": 0}
--- stdout
{"action": "duplicate", "file": "TASK-b4806bcbcc5f8699f807b30df9432ffd.3393c24a3462b52d.json"}
{"action": "rejected", "code": "DOMAIN_MISMATCH", "file": "cross-crypto-real.json", "reason": "result of domain crypto"}
{"action": "rejected", "code": "DOMAIN_MISMATCH", "file": "cross-stocks-real.json", "reason": "result of domain stocks"}
--- end
{"n": 16, "domain": "crypto", "label": "crypto: ingest the real results of the other two domains", "at": "2026-09-28T15:07:59Z", "seconds": 0.117, "argv": ["/home/superleo13/predictors/runtime/integration-brasileirao/priv/run-20260928T145525Z-br12/cain-venv/bin/cain", "research", "ingest", "--domain", "crypto", "--state", "/home/superleo13/predictors/runtime/integration-brasileirao/priv/run-20260928T145525Z-br12/isolation/shared/cain-state", "--spool", "/home/superleo13/predictors/runtime/integration-brasileirao/priv/run-20260928T145525Z-br12/isolation/shared/spool"], "fault_env": {}, "exit": 2, "stdout_sha256": "5cb4a45ad81eb06485d1e78a10393b15eb5fc6d6328152171a38daaaa26ed8ec", "stdout_bytes": 347, "stderr_sha256": "e3b0c44298fc1c149afbf4c8996fb92427ae41e4649b934ca495991b7852b855", "stderr_bytes": 0}
--- stdout
{"action": "duplicate", "file": "TASK-02bf95b3940c9a226f8a9ae2a37a11a3.61a6ace9f186bafa.json"}
{"action": "rejected", "code": "DOMAIN_MISMATCH", "file": "cross-brasileirao-real.json", "reason": "result of domain brasileirao"}
{"action": "rejected", "code": "DOMAIN_MISMATCH", "file": "cross-stocks-real.json", "reason": "result of domain stocks"}
--- end
{"n": 17, "domain": "stocks", "label": "stocks: ingest the real results of the other two domains", "at": "2026-09-28T15:08:00Z", "seconds": 0.114, "argv": ["/home/superleo13/predictors/runtime/integration-brasileirao/priv/run-20260928T145525Z-br12/cain-venv/bin/cain", "research", "ingest", "--domain", "stocks", "--state", "/home/superleo13/predictors/runtime/integration-brasileirao/priv/run-20260928T145525Z-br12/isolation/shared/cain-state", "--spool", "/home/superleo13/predictors/runtime/integration-brasileirao/priv/run-20260928T145525Z-br12/isolation/shared/spool"], "fault_env": {}, "exit": 2, "stdout_sha256": "c53ff2dc5914accd5c2150a39046e8da9cab9efb3f310b968b1f67963d210bfd", "stdout_bytes": 347, "stderr_sha256": "e3b0c44298fc1c149afbf4c8996fb92427ae41e4649b934ca495991b7852b855", "stderr_bytes": 0}
--- stdout
{"action": "duplicate", "file": "TASK-d6efe57849ec5f14547af45741a1b754.f579cf70ef9dfe95.json"}
{"action": "rejected", "code": "DOMAIN_MISMATCH", "file": "cross-brasileirao-real.json", "reason": "result of domain brasileirao"}
{"action": "rejected", "code": "DOMAIN_MISMATCH", "file": "cross-crypto-real.json", "reason": "result of domain crypto"}
--- end
{"n": 18, "domain": "brasileirao", "label": "brasileirao consumer: a crypto task file in the brasileirao spool", "at": "2026-09-28T15:08:00Z", "seconds": 0.106, "argv": ["/home/superleo13/predictors/runtime/integration-brasileirao/priv/run-20260928T145525Z-br12/consumer-venv/bin/predictor-research-consumer", "--domain", "brasileirao", "--spool", "/home/superleo13/predictors/runtime/integration-brasileirao/priv/run-20260928T145525Z-br12/isolation/shared/spool", "--ledger", "/home/superleo13/predictors/runtime/integration-brasileirao/priv/run-20260928T145525Z-br12/isolation/shared/consumer-brasileirao/ledger.sqlite", "--state", "/home/superleo13/predictors/runtime/integration-brasileirao/priv/run-20260928T145525Z-br12/isolation/shared/domain-state-brasileirao", "--policy", "/home/superleo13/predictors/runtime/integration-brasileirao/priv/run-20260928T145525Z-br12/op/policy.json", "--objects", "/home/superleo13/predictors/runtime/integration-brasileirao/priv/run-20260928T145525Z-br12/op/obj"], "fault_env": {}, "exit": 2, "stdout_sha256": "68856b9f58e89b44555827c0ae930f251599c0c8b536128488b8298a04076e79", "stdout_bytes": 312, "stderr_sha256": "e3b0c44298fc1c149afbf4c8996fb92427ae41e4649b934ca495991b7852b855", "stderr_bytes": 0}
--- stdout
{"action": "rejected", "code": "DOMAIN_MISMATCH", "file": "TASK-02bf95b3940c9a226f8a9ae2a37a11a3.json", "reason": {"sha256": "6078ded00e852d99ee124eac40c60505e9c525b3f5e92eea1f16babd7e3b046a"}}
{"action": "skipped", "episode_id": "brasileirao:episode-1", "state": "TERMINAL_RESULT", "status": "RESULT", "task_id": "brasileirao:TASK-b4806bcbcc5f8699f807b30df9432ffd"}
--- end
{"n": 19, "domain": "brasileirao", "label": "same H9: crypto:H9 -> brasileirao", "at": "2026-09-28T15:08:00Z", "seconds": 0.102, "argv": ["/home/superleo13/predictors/runtime/integration-brasileirao/priv/run-20260928T145525Z-br12/cain-venv/bin/cain", "research", "propose", "--domain", "brasileirao", "--state", "/home/superleo13/predictors/runtime/integration-brasileirao/priv/run-20260928T145525Z-br12/isolation/shared/cain-state", "--proposal", "/home/superleo13/predictors/work/integration-brasileirao-evidence/qualification/integration-crypto/fixtures/proposals/e2e/05-h9-closed.json", "--as-of", "2026-09-28T15:08:00Z"], "fault_env": {}, "exit": 0, "stdout_sha256": "7209269b395b393d193845fa9767d240362976cfb2c9d29bdab6a57534d96af7", "stdout_bytes": 232, "stderr_sha256": "e3b0c44298fc1c149afbf4c8996fb92427ae41e4649b934ca495991b7852b855", "stderr_bytes": 0}
--- stdout
{"decision": "BLOCK", "episode_id": "brasileirao:episode-2", "reason_code": "DOMAIN_MISMATCH", "receipt_sha256": "24e3009bf9962dce89d6bbb3ccdddfa17a2f418878e9f699f019ddb478f45839", "rule": "R01", "status": "RECORDED", "task": null}
--- end
{"n": 20, "domain": "crypto", "label": "same H9: crypto:H9 -> crypto", "at": "2026-09-28T15:08:00Z", "seconds": 0.098, "argv": ["/home/superleo13/predictors/runtime/integration-brasileirao/priv/run-20260928T145525Z-br12/cain-venv/bin/cain", "research", "propose", "--domain", "crypto", "--state", "/home/superleo13/predictors/runtime/integration-brasileirao/priv/run-20260928T145525Z-br12/isolation/shared/cain-state", "--proposal", "/home/superleo13/predictors/work/integration-brasileirao-evidence/qualification/integration-crypto/fixtures/proposals/e2e/05-h9-closed.json", "--as-of", "2026-09-28T15:08:00Z"], "fault_env": {}, "exit": 0, "stdout_sha256": "f4026c43cbc2280f3b69ef97954229d6bbb4f30a9b752ddd9ad2a82952ce1142", "stdout_bytes": 229, "stderr_sha256": "e3b0c44298fc1c149afbf4c8996fb92427ae41e4649b934ca495991b7852b855", "stderr_bytes": 0}
--- stdout
{"decision": "BLOCK", "episode_id": "crypto:episode-2", "reason_code": "HYPOTHESIS_CLOSED", "receipt_sha256": "110204ba97fe312ae7b1158c44576e58f8e625fa0e0051fe5cafb2eb1bd5d976", "rule": "R05", "status": "RECORDED", "task": null}
--- end
{"n": 21, "domain": "stocks", "label": "same H9: crypto:H9 -> stocks", "at": "2026-09-28T15:08:00Z", "seconds": 0.098, "argv": ["/home/superleo13/predictors/runtime/integration-brasileirao/priv/run-20260928T145525Z-br12/cain-venv/bin/cain", "research", "propose", "--domain", "stocks", "--state", "/home/superleo13/predictors/runtime/integration-brasileirao/priv/run-20260928T145525Z-br12/isolation/shared/cain-state", "--proposal", "/home/superleo13/predictors/work/integration-brasileirao-evidence/qualification/integration-crypto/fixtures/proposals/e2e/05-h9-closed.json", "--as-of", "2026-09-28T15:08:00Z"], "fault_env": {}, "exit": 0, "stdout_sha256": "1040d9bc0110200459bc63484c97e2fd54a6447fb62e301d4b31a6db6d4163a6", "stdout_bytes": 227, "stderr_sha256": "e3b0c44298fc1c149afbf4c8996fb92427ae41e4649b934ca495991b7852b855", "stderr_bytes": 0}
--- stdout
{"decision": "BLOCK", "episode_id": "stocks:episode-2", "reason_code": "DOMAIN_MISMATCH", "receipt_sha256": "118b76417f2174ab17fee8f3615423d131f2849d0092ff155e7c1f45640eda57", "rule": "R01", "status": "RECORDED", "task": null}
--- end
{"n": 22, "domain": "brasileirao", "label": "same H9: stocks:H9 -> brasileirao", "at": "2026-09-28T15:08:00Z", "seconds": 0.099, "argv": ["/home/superleo13/predictors/runtime/integration-brasileirao/priv/run-20260928T145525Z-br12/cain-venv/bin/cain", "research", "propose", "--domain", "brasileirao", "--state", "/home/superleo13/predictors/runtime/integration-brasileirao/priv/run-20260928T145525Z-br12/isolation/shared/cain-state", "--proposal", "/home/superleo13/predictors/work/integration-brasileirao-evidence/qualification/integration-stocks/fixtures/proposals/n1/04-stocks-h9.json", "--as-of", "2026-09-28T15:08:00Z"], "fault_env": {}, "exit": 0, "stdout_sha256": "a6d19d42d21a82ade59cd51d6b7f62c1c5f667cc5eea746f2db5cf9057bbcd0a", "stdout_bytes": 232, "stderr_sha256": "e3b0c44298fc1c149afbf4c8996fb92427ae41e4649b934ca495991b7852b855", "stderr_bytes": 0}
--- stdout
{"decision": "BLOCK", "episode_id": "brasileirao:episode-3", "reason_code": "DOMAIN_MISMATCH", "receipt_sha256": "345716e36180c244b73d4dbcde27bc4ca835b93a29c53cb3dbbf0b537ec70a26", "rule": "R01", "status": "RECORDED", "task": null}
--- end
{"n": 23, "domain": "crypto", "label": "same H9: stocks:H9 -> crypto", "at": "2026-09-28T15:08:00Z", "seconds": 0.094, "argv": ["/home/superleo13/predictors/runtime/integration-brasileirao/priv/run-20260928T145525Z-br12/cain-venv/bin/cain", "research", "propose", "--domain", "crypto", "--state", "/home/superleo13/predictors/runtime/integration-brasileirao/priv/run-20260928T145525Z-br12/isolation/shared/cain-state", "--proposal", "/home/superleo13/predictors/work/integration-brasileirao-evidence/qualification/integration-stocks/fixtures/proposals/n1/04-stocks-h9.json", "--as-of", "2026-09-28T15:08:00Z"], "fault_env": {}, "exit": 0, "stdout_sha256": "928277370cef943ca1d167d87891e4fe6a006f1ada5387ee7e0b2065ff76127a", "stdout_bytes": 227, "stderr_sha256": "e3b0c44298fc1c149afbf4c8996fb92427ae41e4649b934ca495991b7852b855", "stderr_bytes": 0}
--- stdout
{"decision": "BLOCK", "episode_id": "crypto:episode-3", "reason_code": "DOMAIN_MISMATCH", "receipt_sha256": "f0295842f7f8b755af6d312dcb5ed6af61a389901fc69f18e920eab9efdf78ad", "rule": "R01", "status": "RECORDED", "task": null}
--- end
{"n": 24, "domain": "stocks", "label": "same H9: stocks:H9 -> stocks", "at": "2026-09-28T15:08:00Z", "seconds": 0.099, "argv": ["/home/superleo13/predictors/runtime/integration-brasileirao/priv/run-20260928T145525Z-br12/cain-venv/bin/cain", "research", "propose", "--domain", "stocks", "--state", "/home/superleo13/predictors/runtime/integration-brasileirao/priv/run-20260928T145525Z-br12/isolation/shared/cain-state", "--proposal", "/home/superleo13/predictors/work/integration-brasileirao-evidence/qualification/integration-stocks/fixtures/proposals/n1/04-stocks-h9.json", "--as-of", "2026-09-28T15:08:00Z"], "fault_env": {}, "exit": 0, "stdout_sha256": "ac9888c4c17b2516afa4390117b8b8c33d933280b1848c54839d141cfcef7f3a", "stdout_bytes": 229, "stderr_sha256": "e3b0c44298fc1c149afbf4c8996fb92427ae41e4649b934ca495991b7852b855", "stderr_bytes": 0}
--- stdout
{"decision": "BLOCK", "episode_id": "stocks:episode-3", "reason_code": "HYPOTHESIS_CLOSED", "receipt_sha256": "7297009f530fcc8e8215ae0394498027570dc021a92ce9a2e00d6f76451c8e08", "rule": "R05", "status": "RECORDED", "task": null}
--- end
{"n": 25, "domain": "brasileirao", "label": "same H9: brasileirao:H9 -> brasileirao", "at": "2026-09-28T15:08:00Z", "seconds": 0.088, "argv": ["/home/superleo13/predictors/runtime/integration-brasileirao/priv/run-20260928T145525Z-br12/cain-venv/bin/cain", "research", "propose", "--domain", "brasileirao", "--state", "/home/superleo13/predictors/runtime/integration-brasileirao/priv/run-20260928T145525Z-br12/isolation/shared/cain-state", "--proposal", "/home/superleo13/predictors/work/integration-brasileirao-evidence/qualification/integration-brasileirao/fixtures/proposals/n1/04-brasileirao-h9.json", "--as-of", "2026-09-28T15:08:00Z"], "fault_env": {}, "exit": 0, "stdout_sha256": "4510e0d11eba16f4ea6f89d452f56c5c473a41751bc556ae898b64bded10b35e", "stdout_bytes": 234, "stderr_sha256": "e3b0c44298fc1c149afbf4c8996fb92427ae41e4649b934ca495991b7852b855", "stderr_bytes": 0}
--- stdout
{"decision": "BLOCK", "episode_id": "brasileirao:episode-4", "reason_code": "HYPOTHESIS_CLOSED", "receipt_sha256": "47994010aa5b0e933af9c6eb7d770443c7aba2180805bf51954070af9e19160e", "rule": "R05", "status": "RECORDED", "task": null}
--- end
{"n": 26, "domain": "crypto", "label": "same H9: brasileirao:H9 -> crypto", "at": "2026-09-28T15:08:00Z", "seconds": 0.1, "argv": ["/home/superleo13/predictors/runtime/integration-brasileirao/priv/run-20260928T145525Z-br12/cain-venv/bin/cain", "research", "propose", "--domain", "crypto", "--state", "/home/superleo13/predictors/runtime/integration-brasileirao/priv/run-20260928T145525Z-br12/isolation/shared/cain-state", "--proposal", "/home/superleo13/predictors/work/integration-brasileirao-evidence/qualification/integration-brasileirao/fixtures/proposals/n1/04-brasileirao-h9.json", "--as-of", "2026-09-28T15:08:00Z"], "fault_env": {}, "exit": 0, "stdout_sha256": "a7e8384302e1c11a2b42e4d64b6b8cf0748b92859886ed27732ba0e1c15e8af0", "stdout_bytes": 227, "stderr_sha256": "e3b0c44298fc1c149afbf4c8996fb92427ae41e4649b934ca495991b7852b855", "stderr_bytes": 0}
--- stdout
{"decision": "BLOCK", "episode_id": "crypto:episode-4", "reason_code": "DOMAIN_MISMATCH", "receipt_sha256": "df3b74c780700fa022efda2fd45d5a7f0550d09ea74688761cd46c83f9c55106", "rule": "R01", "status": "RECORDED", "task": null}
--- end
{"n": 27, "domain": "stocks", "label": "same H9: brasileirao:H9 -> stocks", "at": "2026-09-28T15:08:00Z", "seconds": 0.098, "argv": ["/home/superleo13/predictors/runtime/integration-brasileirao/priv/run-20260928T145525Z-br12/cain-venv/bin/cain", "research", "propose", "--domain", "stocks", "--state", "/home/superleo13/predictors/runtime/integration-brasileirao/priv/run-20260928T145525Z-br12/isolation/shared/cain-state", "--proposal", "/home/superleo13/predictors/work/integration-brasileirao-evidence/qualification/integration-brasileirao/fixtures/proposals/n1/04-brasileirao-h9.json", "--as-of", "2026-09-28T15:08:00Z"], "fault_env": {}, "exit": 0, "stdout_sha256": "9e21751f738ce32d2db9e53660e1a0f2f4f07f9f160ffffe47e32ff8160f5bc3", "stdout_bytes": 227, "stderr_sha256": "e3b0c44298fc1c149afbf4c8996fb92427ae41e4649b934ca495991b7852b855", "stderr_bytes": 0}
--- stdout
{"decision": "BLOCK", "episode_id": "stocks:episode-4", "reason_code": "DOMAIN_MISMATCH", "receipt_sha256": "3b7563a4be2ddd79888070cc44dabb697d0df767103073b16d82ad7cb017ad08", "rule": "R01", "status": "RECORDED", "task": null}
--- end
{"n": 28, "domain": "brasileirao", "label": "memory cubes", "at": "2026-09-28T15:08:01Z", "seconds": 0.039, "argv": ["/home/superleo13/predictors/runtime/integration-brasileirao/priv/run-20260928T145525Z-br12/cain-venv/bin/python", "-I", "/home/superleo13/predictors/runtime/integration-brasileirao/priv/run-20260928T145525Z-br12/isolation/cubes.py", "/home/superleo13/predictors/runtime/integration-brasileirao/priv/run-20260928T145525Z-br12/isolation/shared/cain-state"], "fault_env": {}, "exit": 0, "stdout_sha256": "7ba1324cf19cc01bcc1edbfadab8e3aa9fad4b464485795d036b8bf6665e76d6", "stdout_bytes": 162, "stderr_sha256": "e3b0c44298fc1c149afbf4c8996fb92427ae41e4649b934ca495991b7852b855", "stderr_bytes": 0}
--- stdout
{"brasileirao": ["brasileirao:QUAL-SERVING-REAL-001"], "crypto": ["crypto:QUAL-SHADOW-REAL-001"], "stocks": ["stocks:QUAL-PIT-MOM-REAL-001"], "verify": "intact"}
--- end
