run_at 2026-09-28T14:01:04Z
ref origin/main 3e51bc8febea827cb9b77ff8b055e0a5cdc9e949
python Python 3.13.15
stocks_origin_main 4c82885eddab233f2b57442046875fdc2c8f0932
CHECK 4.1/C0.1-core-sha256 OK beaa5feed193356f554922439936ad401c8f177bfd18d8864ca329fae94216fc
--- sha256sum -c MANIFEST.sha256
qualification/COMMON_QUALIFICATION_CORE.md: OK
qualification/ATTESTATION_SCHEMA.json: OK
prompts/baseline_comum_rev8.md: OK
prompts/fase0_higiene_rev8.md: OK
prompts/prompt_etapa_a_brasileirao_rev8.md: OK
prompts/prompt_etapa_a_cripto_rev8.md: OK
prompts/prompt_etapa_a_stocks_rev8.md: OK
prompts/prompt_etapa_b_integracao_rev8.md: OK
prompts/prompt_preparacao_envelope_v2_rev8.md: OK
prompts/prompt_etapa_b_comum_rev9.md: OK
prompts/prompt_etapa_b_crypto_rev9.md: OK
prompts/prompt_etapa_b_stocks_rev9.md: OK
prompts/prompt_etapa_b_brasileirao_rev9.md: OK
CHECK 4.3/C0.2-manifest OK exit=0 linhas=13
DOWNLOAD stocks-wheel OK url=https://github.com/leonardosovienski/stocks-predictor/releases/download/v0.3.0rc2/stocks_predictor-0.3.0rc2-py3-none-any.whl bytes=322367
DOWNLOAD protocol-wheel OK url=https://github.com/leonardosovienski/ecosystem-predictor/releases/download/predictor-research-protocol-v2.0.0rc2/predictor_research_protocol-2.0.0rc2-py3-none-any.whl bytes=28722
CHECK 4.2/D-22 OK status=APPROVED
CHECK 4.2/D-16 OK status=APPROVED
CHECK 4.2/D-21 OK status=APPROVED
OBS 4.2/ultima-decisao D-25 (próxima livre: D-26)
CHECK 4.4/ENVELOPE_V2_FREEZE.json OK qualification/shared/ENVELOPE_V2_FREEZE.json sha256=1ff635d39bd5b5a8f53bdbff13b542729b6747703b5a6955f529953515344c1f
CHECK 4.4/STACK_BASELINE_V2.0.json OK qualification/shared/STACK_BASELINE_V2.0.json sha256=293820ee6544876725f9bfe34bcabec45d5377360cfebd77b792719cd19038da
CHECK 4.5/C0.3-DECISIONS OK qualification/DECISIONS.json
CHECK 4.5/C0.3-HYGIENE-presente OK qualification/HYGIENE.json
CHECK 4.5/C0.3-HYGIENE-DONE OK itens=13 fora_de_DONE=[]
CHECK 4.5/C0.3-baseline-comum OK qualification/shared/STACK_BASELINE_V1.json
CHECK 4.5/comum1-etapaA-crypto OK result=QUALIFIED
CHECK 4.5/comum1-contrato-crypto OK qualification/crypto/DOMAIN_RESEARCH_CONTRACT.json sha256=0831fe3db2b7ca41a26ff7665f93c07b0edda3c937ac4ce83fe0e96720a9eb55
CHECK 4.5/comum1-etapaA-brasileirao OK result=QUALIFIED
CHECK 4.5/comum1-contrato-brasileirao OK qualification/brasileirao/DOMAIN_RESEARCH_CONTRACT.json sha256=1c75fc4507df8d48f1278e3c9475c627e8fce7cf25483395fe760e480cc752ec
CHECK 4.5/comum1-etapaA-stocks OK result=QUALIFIED
CHECK 4.5/comum1-contrato-stocks OK qualification/stocks/DOMAIN_RESEARCH_CONTRACT.json sha256=76fa8227dd83eb9a9e74697caa73e4d61c68d207f1df5f94135c76508192d66c
CHECK 4.5/comum1-SHARED-003 OK status=VERDICT_ISSUED classification=test_only blocking=False wheel=da4fa540 usada_pela_missao=False resolucao=None() wheels_da_missao=['cain-research 0.4.13rc10', 'predictor-core 3.2.1', 'predictor-ops 4.2.2rc1', 'predictor-research-bundle 1.0.1rc1', 'predictor-research-protocol 2.0.0rc2', 'predictor-research-snapshot 1.0.2rc1', 'predictor-research-transport 0.1.0rc5', 'stocks-predictor 0.3.0rc2']
CHECK 4.5/comum1-SHARED-004 OK status=VERDICT_ISSUED classification=test_only blocking=False wheel=da4fa540 usada_pela_missao=False resolucao=None() wheels_da_missao=['cain-research 0.4.13rc10', 'predictor-core 3.2.1', 'predictor-ops 4.2.2rc1', 'predictor-research-bundle 1.0.1rc1', 'predictor-research-protocol 2.0.0rc2', 'predictor-research-snapshot 1.0.2rc1', 'predictor-research-transport 0.1.0rc5', 'stocks-predictor 0.3.0rc2']
CHECK 4.5/comum1-SHARED-005 OK status=RESOLVED_IN_4.2.2rc1 classification=flaky blocking=True wheel=da4fa540 usada_pela_missao=False resolucao=4.2.2rc1(0be70bfb) wheels_da_missao=['cain-research 0.4.13rc10', 'predictor-core 3.2.1', 'predictor-ops 4.2.2rc1', 'predictor-research-bundle 1.0.1rc1', 'predictor-research-protocol 2.0.0rc2', 'predictor-research-snapshot 1.0.2rc1', 'predictor-research-transport 0.1.0rc5', 'stocks-predictor 0.3.0rc2']
CHECK 4.5/missao1-integration-crypto-QUALIFIED OK result=QUALIFIED
CHECK 4.5/reuso-final_commit-cain OK final_commits[cain]=fb0e1dcb9003130c0b5d50ecd95f7d8d0829cf0c
CHECK 4.5/reuso-final_commit-ecosystem-predictor OK final_commits[ecosystem-predictor]=b11494ae211e79e2e5faaa4b874470f5b6ce15ec
CHECK 4.5/reuso-final_wheels-cain-ecosystem OK final_wheels=['cain-research 0.4.13rc10', 'predictor-research-transport 0.1.0rc5', 'predictor-research-protocol 2.0.0rc2', 'predictor-research-snapshot 1.0.2rc1', 'predictor-research-bundle 1.0.1rc1']
CHECK 4.5/reuso-wheel-cain-research OK 0.4.13rc10 url=https://github.com/leonardosovienski/cain/releases/download/v0.4.13rc10/cain_research-0.4.13rc10-py3-none-any.whl declarado=752de98d385528b0bd90c950d117c46af0522125a2274ea9a7064461786b85e5 download=752de98d385528b0bd90c950d117c46af0522125a2274ea9a7064461786b85e5
CHECK 4.5/reuso-wheel-predictor-research-transport OK 0.1.0rc5 url=https://github.com/leonardosovienski/ecosystem-predictor/releases/download/predictor-research-transport-v0.1.0rc5/predictor_research_transport-0.1.0rc5-py3-none-any.whl declarado=408d73c2b991eb009806702121ed187f273aa6521979ed89bbe9491e58cff79f download=408d73c2b991eb009806702121ed187f273aa6521979ed89bbe9491e58cff79f
CHECK 4.5/reuso-wheel-predictor-research-protocol OK 2.0.0rc2 url=https://github.com/leonardosovienski/ecosystem-predictor/releases/download/predictor-research-protocol-v2.0.0rc2/predictor_research_protocol-2.0.0rc2-py3-none-any.whl declarado=34a1e4121e4085b901e3bd96552e2f5b4067c5e6af5e99dc1c26d6276fc7c820 download=34a1e4121e4085b901e3bd96552e2f5b4067c5e6af5e99dc1c26d6276fc7c820
CHECK 4.5/reuso-wheel-predictor-research-snapshot OK 1.0.2rc1 url=https://github.com/leonardosovienski/ecosystem-predictor/releases/download/predictor-research-snapshot-v1.0.2rc1/predictor_research_snapshot-1.0.2rc1-py3-none-any.whl declarado=3bd4c0414ac2d457923601e3f919f6353b5cb9370a0f420a7a3ffc013a0aafad download=3bd4c0414ac2d457923601e3f919f6353b5cb9370a0f420a7a3ffc013a0aafad
CHECK 4.5/reuso-wheel-predictor-research-bundle OK 1.0.1rc1 url=https://github.com/leonardosovienski/ecosystem-predictor/releases/download/predictor-research-bundle-v1.0.1rc1/predictor_research_bundle-1.0.1rc1-py3-none-any.whl declarado=65cf40c59c4f65d013a1134051fb94aa7c75b44f4ea6c71a54e25519143d0ea9 download=65cf40c59c4f65d013a1134051fb94aa7c75b44f4ea6c71a54e25519143d0ea9
CHECK 4.5/reuso-DECISION_POLICY_REPORT OK qualification/integration-crypto/DECISION_POLICY_REPORT.md presente
CHECK 4.6a/runtime_target-commit OK commit=61fc017256ffea815ae96bbe02b847dccdb395cc
CHECK 4.6a/runtime_target-wheel OK wheel_sha256=92cb1131b4f0ba0b4572d26cb03a1647e239a17f37514c0db1598797119366a8 url=https://github.com/leonardosovienski/stocks-predictor/releases/download/v0.3.0rc2/stocks_predictor-0.3.0rc2-py3-none-any.whl
CHECK 4.6a/build_target-versao OK version=0.3.0rc2 commit=61fc017256ffea815ae96bbe02b847dccdb395cc
CHECK 4.6a/attestation-final_commit OK final_commits[stocks-predictor]=61fc017256ffea815ae96bbe02b847dccdb395cc
CHECK 4.6a/attestation-final_wheel OK final_wheels[stocks-predictor]=0.3.0rc2 92cb1131b4f0ba0b4572d26cb03a1647e239a17f37514c0db1598797119366a8
CHECK 4.6b/baseline-base-commit OK base.commit=61fc017256ffea815ae96bbe02b847dccdb395cc
CHECK 4.6b/baseline-wheel OK published_wheels[v0.3.0rc2]=(61fc017256ffea815ae96bbe02b847dccdb395cc, 92cb1131b4f0ba0b4572d26cb03a1647e239a17f37514c0db1598797119366a8) final_wheel_verification=(0.3.0rc2, 92cb1131b4f0ba0b4572d26cb03a1647e239a17f37514c0db1598797119366a8, 92cb1131b4f0ba0b4572d26cb03a1647e239a17f37514c0db1598797119366a8)
CHECK 4.6c/tag-commit OK local=61fc017256ffea815ae96bbe02b847dccdb395cc ls-remote=61fc017256ffea815ae96bbe02b847dccdb395cc
CHECK 4.6c/asset-sha256 OK download=92cb1131b4f0ba0b4572d26cb03a1647e239a17f37514c0db1598797119366a8 api_digest=sha256:92cb1131b4f0ba0b4572d26cb03a1647e239a17f37514c0db1598797119366a8
CHECK 4.6d/base-ancestral-do-main OK is-ancestor exit=0 origin/main=4c82885eddab233f2b57442046875fdc2c8f0932
CHECK 4.6d/arvores OK 61fc017^{tree}=bea6dce6adea5cc2c0d917b5e2265507ec64708d 36081a6^{tree}=bea6dce6adea5cc2c0d917b5e2265507ec64708d
OBS 5.1/pr96-merge-ancestral-do-main exit=0
OBS 5.1/commits-alem-da-base 61fc017..origin/main=28 36081a6..origin/main=27
OBS 5.1/prs-apos-pr96 [99, 101, 102, 104, 105, 106, 107, 108]
OBS 5.1/adapters-no-main-literal arquivos_em_stocks_predictor/adapters/=['stocks_predictor/adapters/research_v2.py']
CHECK 5.1/divergencia-nao-toca-adapters OK commits_nao_merge_que_tocam_adapters=['6f857b2'] adapters_main==adapters_6f857b2=True
OBS 5.1/arquivos-alterados total=90 topo=['.gitignore', 'AGENTS.md', 'STOCKS_CURRENT_STATE.md', 'docs/', 'policy/', 'pyproject.toml', 'research/', 'stocks_predictor/', 'tests/', 'tools/', 'uv.lock']
OBS 5.1/pacote-alterado ['stocks_predictor/adapters/research_v2.py', 'stocks_predictor/v2/__init__.py', 'stocks_predictor/v2/__main__.py', 'stocks_predictor/v2/baselines.py', 'stocks_predictor/v2/config.py', 'stocks_predictor/v2/costs.py', 'stocks_predictor/v2/cotahist_dataset.py', 'stocks_predictor/v2/cpcv.py', 'stocks_predictor/v2/dataset.py', 'stocks_predictor/v2/engine.py', 'stocks_predictor/v2/execution.py', 'stocks_predictor/v2/factor_metrics.py', 'stocks_predictor/v2/forecast_eval.py', 'stocks_predictor/v2/forecast_metrics.py', 'stocks_predictor/v2/forecasting.py', 'stocks_predictor/v2/manifest.py', 'stocks_predictor/v2/metrics.py', 'stocks_predictor/v2/pbo.py', 'stocks_predictor/v2/policy.py', 'stocks_predictor/v2/preregistration.py', 'stocks_predictor/v2/reassessment.py', 'stocks_predictor/v2/riskfree.py', 'stocks_predictor/v2/synthetic.py', 'stocks_predictor/v2/validation.py', 'stocks_predictor/v2/walkforward.py']
OBS 5.1/pyproject-uvlock-alterados ['pyproject.toml', 'uv.lock']
OBS 5.1/versao-no-main 0.3.0rc4
OBS 5.1/scientific_state-na-base existe=False
OBS 5.1/adapters-na-base ['stocks_predictor/adapters/__init__.py']
CHECK 4.5/missao2-contrato-prefixo OK domain_prefix=stocks
CHECK 4.5/missao2-contrato-adapter_paths OK adapter_paths=['stocks_predictor/adapters/']
OBS 4.5/missao2-contrato-adapter_entrypoints []
CHECK 4.7/protocolo-tag OK tag=predictor-research-protocol-v2.0.0rc2 ls-remote=49ffb16380d2e91eb7e4a2a936e63ba779c29033 freeze.tag_commit=49ffb16380d2e91eb7e4a2a936e63ba779c29033
CHECK 4.7/protocolo-wheel-sha256 OK predictor-research-protocol 2.0.0rc2 freeze=34a1e4121e4085b901e3bd96552e2f5b4067c5e6af5e99dc1c26d6276fc7c820 download=34a1e4121e4085b901e3bd96552e2f5b4067c5e6af5e99dc1c26d6276fc7c820 api_digest=sha256:34a1e4121e4085b901e3bd96552e2f5b4067c5e6af5e99dc1c26d6276fc7c820
c0_falhas 0
