quality (3.13, false)	UNKNOWN STEP	﻿2026-09-27T11:59:59.7595015Z Current runner version: '2.337.0'
quality (3.13, false)	UNKNOWN STEP	2026-09-27T11:59:59.7611688Z ##[group]Runner Image Provisioner
quality (3.13, false)	UNKNOWN STEP	2026-09-27T11:59:59.7612472Z Hosted Compute Agent
quality (3.13, false)	UNKNOWN STEP	2026-09-27T11:59:59.7612860Z Version: 20260828.587
quality (3.13, false)	UNKNOWN STEP	2026-09-27T11:59:59.7613346Z Commit: abac92662cab4cc7352de4f9f9d2e2419aad9c29
quality (3.13, false)	UNKNOWN STEP	2026-09-27T11:59:59.7613893Z Build Date: 2026-08-28T16:44:25Z
quality (3.13, false)	UNKNOWN STEP	2026-09-27T11:59:59.7614365Z Worker ID: {323bc7d2-7f98-4bd8-b7ae-e72575845332}
quality (3.13, false)	UNKNOWN STEP	2026-09-27T11:59:59.7614851Z Azure Region: centralus
quality (3.13, false)	UNKNOWN STEP	2026-09-27T11:59:59.7615233Z ##[endgroup]
quality (3.13, false)	UNKNOWN STEP	2026-09-27T11:59:59.7616190Z ##[group]Operating System
quality (3.13, false)	UNKNOWN STEP	2026-09-27T11:59:59.7616624Z Ubuntu
quality (3.13, false)	UNKNOWN STEP	2026-09-27T11:59:59.7616982Z 24.04.5
quality (3.13, false)	UNKNOWN STEP	2026-09-27T11:59:59.7617339Z LTS
quality (3.13, false)	UNKNOWN STEP	2026-09-27T11:59:59.7617697Z ##[endgroup]
quality (3.13, false)	UNKNOWN STEP	2026-09-27T11:59:59.7618080Z ##[group]Runner Image
quality (3.13, false)	UNKNOWN STEP	2026-09-27T11:59:59.7618570Z Image: ubuntu-24.04
quality (3.13, false)	UNKNOWN STEP	2026-09-27T11:59:59.7618954Z Version: 20260920.314.1
quality (3.13, false)	UNKNOWN STEP	2026-09-27T11:59:59.7619815Z Included Software: https://github.com/actions/runner-images/blob/ubuntu24/20260920.314/images/ubuntu/Ubuntu2404-Readme.md
quality (3.13, false)	UNKNOWN STEP	2026-09-27T11:59:59.7620857Z Image Release: https://github.com/actions/runner-images/releases/tag/ubuntu24%2F20260920.314
quality (3.13, false)	UNKNOWN STEP	2026-09-27T11:59:59.7621518Z ##[endgroup]
quality (3.13, false)	UNKNOWN STEP	2026-09-27T11:59:59.7622517Z ##[group]GITHUB_TOKEN Permissions
quality (3.13, false)	UNKNOWN STEP	2026-09-27T11:59:59.7624239Z Actions: read
quality (3.13, false)	UNKNOWN STEP	2026-09-27T11:59:59.7624852Z Contents: read
quality (3.13, false)	UNKNOWN STEP	2026-09-27T11:59:59.7625286Z Metadata: read
quality (3.13, false)	UNKNOWN STEP	2026-09-27T11:59:59.7625669Z ##[endgroup]
quality (3.13, false)	UNKNOWN STEP	2026-09-27T11:59:59.7627165Z Secret source: Actions
quality (3.13, false)	UNKNOWN STEP	2026-09-27T11:59:59.7627813Z Cache mode: write
quality (3.13, false)	UNKNOWN STEP	2026-09-27T11:59:59.7628328Z Prepare workflow directory
quality (3.13, false)	UNKNOWN STEP	2026-09-27T11:59:59.7859410Z Prepare all required actions
quality (3.13, false)	UNKNOWN STEP	2026-09-27T11:59:59.7895154Z Getting action download info
quality (3.13, false)	UNKNOWN STEP	2026-09-27T12:00:00.0546931Z Download action repository 'actions/checkout@v4' (SHA:11d5960a326750d5838078e36cf38b85af677262)
quality (3.13, false)	UNKNOWN STEP	2026-09-27T12:00:00.2747148Z Download action repository 'astral-sh/setup-uv@v6' (SHA:d0cc045d04ccac9d8b7881df0226f9e82c39688e)
quality (3.13, false)	UNKNOWN STEP	2026-09-27T12:00:00.8192678Z Download action repository 'actions/setup-python@v5' (SHA:a26af69be951a213d495a4c3e4e4022e16d87065)
quality (3.13, false)	UNKNOWN STEP	2026-09-27T12:00:01.0659235Z Download action repository 'actions/upload-artifact@v4' (SHA:ea165f8d65b6e75b540449e92b4886f43607fa02)
quality (3.13, false)	UNKNOWN STEP	2026-09-27T12:00:01.3126161Z Complete job name: quality (3.13, false)
quality (3.13, false)	UNKNOWN STEP	2026-09-27T12:00:01.3755612Z ##[group]Run actions/checkout@v4
quality (3.13, false)	UNKNOWN STEP	2026-09-27T12:00:01.3756664Z with:
quality (3.13, false)	UNKNOWN STEP	2026-09-27T12:00:01.3757398Z   repository: leonardosovienski/ecosystem-predictor
quality (3.13, false)	UNKNOWN STEP	2026-09-27T12:00:01.3763374Z   token: ***
quality (3.13, false)	UNKNOWN STEP	2026-09-27T12:00:01.3764013Z   ssh-strict: true
quality (3.13, false)	UNKNOWN STEP	2026-09-27T12:00:01.3764653Z   ssh-user: git
quality (3.13, false)	UNKNOWN STEP	2026-09-27T12:00:01.3765352Z   persist-credentials: true
quality (3.13, false)	UNKNOWN STEP	2026-09-27T12:00:01.3766041Z   clean: true
quality (3.13, false)	UNKNOWN STEP	2026-09-27T12:00:01.3766719Z   sparse-checkout-cone-mode: true
quality (3.13, false)	UNKNOWN STEP	2026-09-27T12:00:01.3767474Z   fetch-depth: 1
quality (3.13, false)	UNKNOWN STEP	2026-09-27T12:00:01.3768105Z   fetch-tags: false
quality (3.13, false)	UNKNOWN STEP	2026-09-27T12:00:01.3768776Z   show-progress: true
quality (3.13, false)	UNKNOWN STEP	2026-09-27T12:00:01.3769411Z   lfs: false
quality (3.13, false)	UNKNOWN STEP	2026-09-27T12:00:01.3770012Z   submodules: false
quality (3.13, false)	UNKNOWN STEP	2026-09-27T12:00:01.3770690Z   set-safe-directory: true
quality (3.13, false)	UNKNOWN STEP	2026-09-27T12:00:01.3771451Z   allow-unsafe-pr-checkout: false
quality (3.13, false)	UNKNOWN STEP	2026-09-27T12:00:01.3772756Z ##[endgroup]
quality (3.13, false)	UNKNOWN STEP	2026-09-27T12:00:01.4507681Z Syncing repository: leonardosovienski/ecosystem-predictor
quality (3.13, false)	UNKNOWN STEP	2026-09-27T12:00:01.4509796Z ##[group]Getting Git version info
quality (3.13, false)	UNKNOWN STEP	2026-09-27T12:00:01.4511056Z Working directory is '/home/runner/work/ecosystem-predictor/ecosystem-predictor'
quality (3.13, false)	UNKNOWN STEP	2026-09-27T12:00:01.4512840Z [command]/usr/bin/git version
quality (3.13, false)	UNKNOWN STEP	2026-09-27T12:00:01.5900787Z git version 2.55.0
quality (3.13, false)	UNKNOWN STEP	2026-09-27T12:00:01.5915635Z ##[endgroup]
quality (3.13, false)	UNKNOWN STEP	2026-09-27T12:00:01.5928044Z Temporarily overriding HOME='/home/runner/work/_temp/a02483df-bdae-40fb-a73f-b3a3fb00e79f' before making global git config changes
quality (3.13, false)	UNKNOWN STEP	2026-09-27T12:00:01.5930577Z Adding repository directory to the temporary git global config as a safe directory
quality (3.13, false)	UNKNOWN STEP	2026-09-27T12:00:01.5933193Z [command]/usr/bin/git config --global --add safe.directory /home/runner/work/ecosystem-predictor/ecosystem-predictor
quality (3.13, false)	UNKNOWN STEP	2026-09-27T12:00:01.5984348Z Deleting the contents of '/home/runner/work/ecosystem-predictor/ecosystem-predictor'
quality (3.13, false)	UNKNOWN STEP	2026-09-27T12:00:01.5988437Z ##[group]Initializing the repository
quality (3.13, false)	UNKNOWN STEP	2026-09-27T12:00:01.5992161Z [command]/usr/bin/git init /home/runner/work/ecosystem-predictor/ecosystem-predictor
quality (3.13, false)	UNKNOWN STEP	2026-09-27T12:00:01.6354917Z hint: Using 'master' as the name for the initial branch. This default branch name
quality (3.13, false)	UNKNOWN STEP	2026-09-27T12:00:01.6356668Z hint: will change to "main" in Git 3.0. To configure the initial branch name
quality (3.13, false)	UNKNOWN STEP	2026-09-27T12:00:01.6358480Z hint: to use in all of your new repositories, which will suppress this warning,
quality (3.13, false)	UNKNOWN STEP	2026-09-27T12:00:01.6359745Z hint: call:
quality (3.13, false)	UNKNOWN STEP	2026-09-27T12:00:01.6360472Z hint:
quality (3.13, false)	UNKNOWN STEP	2026-09-27T12:00:01.6361338Z hint: 	git config --global init.defaultBranch <name>
quality (3.13, false)	UNKNOWN STEP	2026-09-27T12:00:01.6362460Z hint:
quality (3.13, false)	UNKNOWN STEP	2026-09-27T12:00:01.6363579Z hint: Names commonly chosen instead of 'master' are 'main', 'trunk' and
quality (3.13, false)	UNKNOWN STEP	2026-09-27T12:00:01.6365036Z hint: 'development'. The just-created branch can be renamed via this command:
quality (3.13, false)	UNKNOWN STEP	2026-09-27T12:00:01.6366080Z hint:
quality (3.13, false)	UNKNOWN STEP	2026-09-27T12:00:01.6366718Z hint: 	git branch -m <name>
quality (3.13, false)	UNKNOWN STEP	2026-09-27T12:00:01.6367422Z hint:
quality (3.13, false)	UNKNOWN STEP	2026-09-27T12:00:01.6368562Z hint: Disable this message with "git config set advice.defaultBranchName false"
quality (3.13, false)	UNKNOWN STEP	2026-09-27T12:00:01.6370243Z Initialized empty Git repository in /home/runner/work/ecosystem-predictor/ecosystem-predictor/.git/
quality (3.13, false)	UNKNOWN STEP	2026-09-27T12:00:01.6373225Z [command]/usr/bin/git remote add origin https://github.com/leonardosovienski/ecosystem-predictor
quality (3.13, false)	UNKNOWN STEP	2026-09-27T12:00:01.6412669Z ##[endgroup]
quality (3.13, false)	UNKNOWN STEP	2026-09-27T12:00:01.6413944Z ##[group]Disabling automatic garbage collection
quality (3.13, false)	UNKNOWN STEP	2026-09-27T12:00:01.6415186Z [command]/usr/bin/git config --local gc.auto 0
quality (3.13, false)	UNKNOWN STEP	2026-09-27T12:00:01.6441240Z ##[endgroup]
quality (3.13, false)	UNKNOWN STEP	2026-09-27T12:00:01.6442930Z ##[group]Setting up auth
quality (3.13, false)	UNKNOWN STEP	2026-09-27T12:00:01.6444827Z [command]/usr/bin/git config --local --name-only --get-regexp core\.sshCommand
quality (3.13, false)	UNKNOWN STEP	2026-09-27T12:00:01.6467989Z [command]/usr/bin/git submodule foreach --recursive sh -c "git config --local --name-only --get-regexp 'core\.sshCommand' && git config --local --unset-all 'core.sshCommand' || :"
quality (3.13, false)	UNKNOWN STEP	2026-09-27T12:00:01.9004264Z [command]/usr/bin/git config --local --name-only --get-regexp http\.https\:\/\/github\.com\/\.extraheader
quality (3.13, false)	UNKNOWN STEP	2026-09-27T12:00:01.9029017Z [command]/usr/bin/git submodule foreach --recursive sh -c "git config --local --name-only --get-regexp 'http\.https\:\/\/github\.com\/\.extraheader' && git config --local --unset-all 'http.https://github.com/.extraheader' || :"
quality (3.13, false)	UNKNOWN STEP	2026-09-27T12:00:01.9315730Z [command]/usr/bin/git config --local --name-only --get-regexp ^includeIf\.gitdir:
quality (3.13, false)	UNKNOWN STEP	2026-09-27T12:00:01.9319256Z [command]/usr/bin/git submodule foreach --recursive git config --local --show-origin --name-only --get-regexp remote.origin.url
quality (3.13, false)	UNKNOWN STEP	2026-09-27T12:00:01.9350076Z [command]/usr/bin/git config --local http.https://github.com/.extraheader AUTHORIZATION: basic ***
quality (3.13, false)	UNKNOWN STEP	2026-09-27T12:00:01.9620049Z ##[endgroup]
quality (3.13, false)	UNKNOWN STEP	2026-09-27T12:00:01.9621265Z ##[group]Fetching the repository
quality (3.13, false)	UNKNOWN STEP	2026-09-27T12:00:01.9627773Z [command]/usr/bin/git -c protocol.version=2 fetch --no-tags --prune --no-recurse-submodules --depth=1 origin +49ffb16380d2e91eb7e4a2a936e63ba779c29033:refs/remotes/origin/main
quality (3.13, false)	UNKNOWN STEP	2026-09-27T12:00:03.3280635Z From https://github.com/leonardosovienski/ecosystem-predictor
quality (3.13, false)	UNKNOWN STEP	2026-09-27T12:00:03.3281916Z  * [new ref]         49ffb16380d2e91eb7e4a2a936e63ba779c29033 -> origin/main
quality (3.13, false)	UNKNOWN STEP	2026-09-27T12:00:03.3283964Z ##[endgroup]
quality (3.13, false)	UNKNOWN STEP	2026-09-27T12:00:03.3284409Z ##[group]Determining the checkout info
quality (3.13, false)	UNKNOWN STEP	2026-09-27T12:00:03.3284951Z ##[endgroup]
quality (3.13, false)	UNKNOWN STEP	2026-09-27T12:00:03.3291396Z [command]/usr/bin/git sparse-checkout disable
quality (3.13, false)	UNKNOWN STEP	2026-09-27T12:00:03.3472429Z [command]/usr/bin/git config --local --unset-all extensions.worktreeConfig
quality (3.13, false)	UNKNOWN STEP	2026-09-27T12:00:03.3556548Z ##[group]Checking out the ref
quality (3.13, false)	UNKNOWN STEP	2026-09-27T12:00:03.3560953Z [command]/usr/bin/git checkout --progress --force -B main refs/remotes/origin/main
quality (3.13, false)	UNKNOWN STEP	2026-09-27T12:00:03.4552000Z Switched to a new branch 'main'
quality (3.13, false)	UNKNOWN STEP	2026-09-27T12:00:03.4554583Z branch 'main' set up to track 'origin/main'.
quality (3.13, false)	UNKNOWN STEP	2026-09-27T12:00:03.4558899Z ##[endgroup]
quality (3.13, false)	UNKNOWN STEP	2026-09-27T12:00:03.4986664Z [command]/usr/bin/git log -1 --format=%H
quality (3.13, false)	UNKNOWN STEP	2026-09-27T12:00:03.5005855Z 49ffb16380d2e91eb7e4a2a936e63ba779c29033
quality (3.13, false)	UNKNOWN STEP	2026-09-27T12:00:03.5978492Z ##[group]Run astral-sh/setup-uv@v6
quality (3.13, false)	UNKNOWN STEP	2026-09-27T12:00:03.5978733Z with:
quality (3.13, false)	UNKNOWN STEP	2026-09-27T12:00:03.5978880Z   version: 0.12.1
quality (3.13, false)	UNKNOWN STEP	2026-09-27T12:00:03.5979037Z   enable-cache: true
quality (3.13, false)	UNKNOWN STEP	2026-09-27T12:00:03.5979215Z   activate-environment: false
quality (3.13, false)	UNKNOWN STEP	2026-09-27T12:00:03.5979509Z   working-directory: /home/runner/work/ecosystem-predictor/ecosystem-predictor
quality (3.13, false)	UNKNOWN STEP	2026-09-27T12:00:03.5979843Z   server-url: https://github.com
quality (3.13, false)	UNKNOWN STEP	2026-09-27T12:00:03.5981547Z   github-token: ***
quality (3.13, false)	UNKNOWN STEP	2026-09-27T12:00:03.5982217Z   cache-dependency-glob: **/*requirements*.txt
quality (3.13, false)	UNKNOWN STEP	**/*requirements*.in
quality (3.13, false)	UNKNOWN STEP	**/*constraints*.txt
quality (3.13, false)	UNKNOWN STEP	**/*constraints*.in
quality (3.13, false)	UNKNOWN STEP	**/pyproject.toml
quality (3.13, false)	UNKNOWN STEP	**/uv.lock
quality (3.13, false)	UNKNOWN STEP	**/*.py.lock
quality (3.13, false)	UNKNOWN STEP	
quality (3.13, false)	UNKNOWN STEP	2026-09-27T12:00:03.5982827Z   restore-cache: true
quality (3.13, false)	UNKNOWN STEP	2026-09-27T12:00:03.5983036Z   save-cache: true
quality (3.13, false)	UNKNOWN STEP	2026-09-27T12:00:03.5983250Z   prune-cache: true
quality (3.13, false)	UNKNOWN STEP	2026-09-27T12:00:03.5983495Z   ignore-nothing-to-cache: false
quality (3.13, false)	UNKNOWN STEP	2026-09-27T12:00:03.5983734Z   ignore-empty-workdir: false
quality (3.13, false)	UNKNOWN STEP	2026-09-27T12:00:03.5983975Z   add-problem-matchers: true
quality (3.13, false)	UNKNOWN STEP	2026-09-27T12:00:03.5984233Z ##[endgroup]
quality (3.13, false)	UNKNOWN STEP	2026-09-27T12:00:03.7258957Z (node:2040) [DEP0040] DeprecationWarning: The `punycode` module is deprecated. Please use a userland alternative instead.
quality (3.13, false)	UNKNOWN STEP	2026-09-27T12:00:03.7259509Z (Use `node --trace-deprecation ...` to show where the warning was created)
quality (3.13, false)	UNKNOWN STEP	2026-09-27T12:00:03.7365926Z manifest-file not provided, reading from local file.
quality (3.13, false)	UNKNOWN STEP	2026-09-27T12:00:03.7392136Z manifest-file does not contain version 0.12.1, arch x86_64, platform unknown-linux-gnu. Falling back to GitHub releases.
quality (3.13, false)	UNKNOWN STEP	2026-09-27T12:00:03.7403061Z Downloading uv from "https://github.com/astral-sh/uv/releases/download/0.12.1/uv-x86_64-unknown-linux-gnu.tar.gz" ...
quality (3.13, false)	UNKNOWN STEP	2026-09-27T12:00:04.1431530Z [command]/usr/bin/tar xz --warning=no-unknown-keyword --overwrite -C /home/runner/work/_temp/f7f0cd34-ab45-4848-9a1c-8dc1712d04f7 -f /home/runner/work/_temp/8772cfed-54e7-4c7b-8b48-282bb07a74b3
quality (3.13, false)	UNKNOWN STEP	2026-09-27T12:00:04.8581738Z Added /home/runner/.local/bin to the path
quality (3.13, false)	UNKNOWN STEP	2026-09-27T12:00:04.8582265Z Added /opt/hostedtoolcache/uv/0.12.1/x86_64 to the path
quality (3.13, false)	UNKNOWN STEP	2026-09-27T12:00:04.8610512Z Set UV_CACHE_DIR to /home/runner/work/_temp/setup-uv-cache
quality (3.13, false)	UNKNOWN STEP	2026-09-27T12:00:04.8610908Z Successfully installed uv version 0.12.1
quality (3.13, false)	UNKNOWN STEP	2026-09-27T12:00:04.8613027Z Searching files using cache dependency glob: /home/runner/work/ecosystem-predictor/ecosystem-predictor/**/*requirements*.txt,/home/runner/work/ecosystem-predictor/ecosystem-predictor/**/*requirements*.in,/home/runner/work/ecosystem-predictor/ecosystem-predictor/**/*constraints*.txt,/home/runner/work/ecosystem-predictor/ecosystem-predictor/**/*constraints*.in,/home/runner/work/ecosystem-predictor/ecosystem-predictor/**/pyproject.toml,/home/runner/work/ecosystem-predictor/ecosystem-predictor/**/uv.lock,/home/runner/work/ecosystem-predictor/ecosystem-predictor/**/*.py.lock
quality (3.13, false)	UNKNOWN STEP	2026-09-27T12:00:04.8870038Z /home/runner/work/ecosystem-predictor/ecosystem-predictor/packages/research-bundle/pyproject.toml
quality (3.13, false)	UNKNOWN STEP	2026-09-27T12:00:04.8907677Z /home/runner/work/ecosystem-predictor/ecosystem-predictor/packages/research-bundle/uv.lock
quality (3.13, false)	UNKNOWN STEP	2026-09-27T12:00:04.8919435Z /home/runner/work/ecosystem-predictor/ecosystem-predictor/packages/research-protocol/pyproject.toml
quality (3.13, false)	UNKNOWN STEP	2026-09-27T12:00:04.8971098Z /home/runner/work/ecosystem-predictor/ecosystem-predictor/packages/research-protocol/uv.lock
quality (3.13, false)	UNKNOWN STEP	2026-09-27T12:00:04.8983123Z /home/runner/work/ecosystem-predictor/ecosystem-predictor/packages/research-snapshot/pyproject.toml
quality (3.13, false)	UNKNOWN STEP	2026-09-27T12:00:04.9000818Z /home/runner/work/ecosystem-predictor/ecosystem-predictor/packages/research-snapshot/uv.lock
quality (3.13, false)	UNKNOWN STEP	2026-09-27T12:00:04.9007654Z /home/runner/work/ecosystem-predictor/ecosystem-predictor/pyproject.toml
quality (3.13, false)	UNKNOWN STEP	2026-09-27T12:00:04.9061732Z /home/runner/work/ecosystem-predictor/ecosystem-predictor/uv.lock
quality (3.13, false)	UNKNOWN STEP	2026-09-27T12:00:04.9065597Z Found 8 files to hash.
quality (3.13, false)	UNKNOWN STEP	2026-09-27T12:00:05.0324946Z Trying to restore uv cache from GitHub Actions cache with key: setup-uv-1-x86_64-unknown-linux-gnu-unknown-pruned-e680a5e7e13a982a0d76a7c6285bd6c5b02523af836ef8f5591fccd63160345f
quality (3.13, false)	UNKNOWN STEP	2026-09-27T12:00:05.2882937Z Cache hit for: setup-uv-1-x86_64-unknown-linux-gnu-unknown-pruned-e680a5e7e13a982a0d76a7c6285bd6c5b02523af836ef8f5591fccd63160345f
quality (3.13, false)	UNKNOWN STEP	2026-09-27T12:00:05.2958212Z (node:2040) [DEP0169] DeprecationWarning: `url.parse()` behavior is not standardized and prone to errors that have security implications. Use the WHATWG URL API instead. CVEs are not issued for `url.parse()` vulnerabilities.
quality (3.13, false)	UNKNOWN STEP	2026-09-27T12:00:05.5639223Z Received 279890 of 279890 (100.0%), 1.8 MBs/sec
quality (3.13, false)	UNKNOWN STEP	2026-09-27T12:00:05.5639537Z Cache Size: ~0 MB (279890 B)
quality (3.13, false)	UNKNOWN STEP	2026-09-27T12:00:05.5663214Z [command]/usr/bin/tar -xf /home/runner/work/_temp/4288898d-7350-424b-9e5a-c6543d3dcaca/cache.tzst -P -C /home/runner/work/ecosystem-predictor/ecosystem-predictor --use-compress-program unzstd
quality (3.13, false)	UNKNOWN STEP	2026-09-27T12:00:05.6113810Z Cache restored successfully
quality (3.13, false)	UNKNOWN STEP	2026-09-27T12:00:05.6118437Z uv cache restored from GitHub Actions cache with key: setup-uv-1-x86_64-unknown-linux-gnu-unknown-pruned-e680a5e7e13a982a0d76a7c6285bd6c5b02523af836ef8f5591fccd63160345f
quality (3.13, false)	UNKNOWN STEP	2026-09-27T12:00:05.6274376Z ##[group]Run actions/setup-python@v5
quality (3.13, false)	UNKNOWN STEP	2026-09-27T12:00:05.6274591Z with:
quality (3.13, false)	UNKNOWN STEP	2026-09-27T12:00:05.6274740Z   python-version: 3.13
quality (3.13, false)	UNKNOWN STEP	2026-09-27T12:00:05.6274913Z   check-latest: false
quality (3.13, false)	UNKNOWN STEP	2026-09-27T12:00:05.6276554Z   token: ***
quality (3.13, false)	UNKNOWN STEP	2026-09-27T12:00:05.6276711Z   update-environment: true
quality (3.13, false)	UNKNOWN STEP	2026-09-27T12:00:05.6276892Z   allow-prereleases: false
quality (3.13, false)	UNKNOWN STEP	2026-09-27T12:00:05.6277053Z   freethreaded: false
quality (3.13, false)	UNKNOWN STEP	2026-09-27T12:00:05.6277197Z env:
quality (3.13, false)	UNKNOWN STEP	2026-09-27T12:00:05.6277366Z   UV_CACHE_DIR: /home/runner/work/_temp/setup-uv-cache
quality (3.13, false)	UNKNOWN STEP	2026-09-27T12:00:05.6277587Z ##[endgroup]
quality (3.13, false)	UNKNOWN STEP	2026-09-27T12:00:05.7239173Z ##[group]Installed versions
quality (3.13, false)	UNKNOWN STEP	2026-09-27T12:00:05.7327468Z (node:2069) [DEP0040] DeprecationWarning: The `punycode` module is deprecated. Please use a userland alternative instead.
quality (3.13, false)	UNKNOWN STEP	2026-09-27T12:00:05.7328034Z (Use `node --trace-deprecation ...` to show where the warning was created)
quality (3.13, false)	UNKNOWN STEP	2026-09-27T12:00:05.7328389Z Successfully set up CPython (3.13.15)
quality (3.13, false)	UNKNOWN STEP	2026-09-27T12:00:05.7328889Z ##[endgroup]
quality (3.13, false)	UNKNOWN STEP	2026-09-27T12:00:05.7651687Z ##[group]Run uv lock --check
quality (3.13, false)	UNKNOWN STEP	2026-09-27T12:00:05.7652205Z ^[[36;1muv lock --check^[[0m
quality (3.13, false)	UNKNOWN STEP	2026-09-27T12:00:05.9137879Z shell: /usr/bin/bash -e {0}
quality (3.13, false)	UNKNOWN STEP	2026-09-27T12:00:05.9138129Z env:
quality (3.13, false)	UNKNOWN STEP	2026-09-27T12:00:05.9138336Z   UV_CACHE_DIR: /home/runner/work/_temp/setup-uv-cache
quality (3.13, false)	UNKNOWN STEP	2026-09-27T12:00:05.9138627Z   pythonLocation: /opt/hostedtoolcache/Python/3.13.15/x64
quality (3.13, false)	UNKNOWN STEP	2026-09-27T12:00:05.9138939Z   PKG_CONFIG_PATH: /opt/hostedtoolcache/Python/3.13.15/x64/lib/pkgconfig
quality (3.13, false)	UNKNOWN STEP	2026-09-27T12:00:05.9139231Z   Python_ROOT_DIR: /opt/hostedtoolcache/Python/3.13.15/x64
quality (3.13, false)	UNKNOWN STEP	2026-09-27T12:00:05.9139502Z   Python2_ROOT_DIR: /opt/hostedtoolcache/Python/3.13.15/x64
quality (3.13, false)	UNKNOWN STEP	2026-09-27T12:00:05.9139773Z   Python3_ROOT_DIR: /opt/hostedtoolcache/Python/3.13.15/x64
quality (3.13, false)	UNKNOWN STEP	2026-09-27T12:00:05.9140038Z   LD_LIBRARY_PATH: /opt/hostedtoolcache/Python/3.13.15/x64/lib
quality (3.13, false)	UNKNOWN STEP	2026-09-27T12:00:05.9140261Z ##[endgroup]
quality (3.13, false)	UNKNOWN STEP	2026-09-27T12:00:07.8521595Z Using CPython 3.13.15 interpreter at: /opt/hostedtoolcache/Python/3.13.15/x64/bin/python3
quality (3.13, false)	UNKNOWN STEP	2026-09-27T12:00:07.8538216Z Resolved 30 packages in 1ms
quality (3.13, false)	UNKNOWN STEP	2026-09-27T12:00:07.8730471Z ##[group]Run uv sync --locked --all-extras --python 3.13
quality (3.13, false)	UNKNOWN STEP	2026-09-27T12:00:07.8730817Z ^[[36;1muv sync --locked --all-extras --python 3.13^[[0m
quality (3.13, false)	UNKNOWN STEP	2026-09-27T12:00:07.8765057Z shell: /usr/bin/bash -e {0}
quality (3.13, false)	UNKNOWN STEP	2026-09-27T12:00:07.8765262Z env:
quality (3.13, false)	UNKNOWN STEP	2026-09-27T12:00:07.8765464Z   UV_CACHE_DIR: /home/runner/work/_temp/setup-uv-cache
quality (3.13, false)	UNKNOWN STEP	2026-09-27T12:00:07.8765741Z   pythonLocation: /opt/hostedtoolcache/Python/3.13.15/x64
quality (3.13, false)	UNKNOWN STEP	2026-09-27T12:00:07.8766036Z   PKG_CONFIG_PATH: /opt/hostedtoolcache/Python/3.13.15/x64/lib/pkgconfig
quality (3.13, false)	UNKNOWN STEP	2026-09-27T12:00:07.8766328Z   Python_ROOT_DIR: /opt/hostedtoolcache/Python/3.13.15/x64
quality (3.13, false)	UNKNOWN STEP	2026-09-27T12:00:07.8766599Z   Python2_ROOT_DIR: /opt/hostedtoolcache/Python/3.13.15/x64
quality (3.13, false)	UNKNOWN STEP	2026-09-27T12:00:07.8766862Z   Python3_ROOT_DIR: /opt/hostedtoolcache/Python/3.13.15/x64
quality (3.13, false)	UNKNOWN STEP	2026-09-27T12:00:07.8767132Z   LD_LIBRARY_PATH: /opt/hostedtoolcache/Python/3.13.15/x64/lib
quality (3.13, false)	UNKNOWN STEP	2026-09-27T12:00:07.8767368Z ##[endgroup]
quality (3.13, false)	UNKNOWN STEP	2026-09-27T12:00:07.9776553Z Using CPython 3.13.15 interpreter at: /opt/hostedtoolcache/Python/3.13.15/x64/bin/python3.13
quality (3.13, false)	UNKNOWN STEP	2026-09-27T12:00:07.9777093Z Creating virtual environment at: .venv
quality (3.13, false)	UNKNOWN STEP	2026-09-27T12:00:07.9795463Z Resolved 30 packages in 0.99ms
quality (3.13, false)	UNKNOWN STEP	2026-09-27T12:00:08.0269317Z    Building predictor-research-snapshot @ file:///home/runner/work/ecosystem-predictor/ecosystem-predictor/packages/research-snapshot
quality (3.13, false)	UNKNOWN STEP	2026-09-27T12:00:08.0270516Z    Building predictor-research-bundle @ file:///home/runner/work/ecosystem-predictor/ecosystem-predictor/packages/research-bundle
quality (3.13, false)	UNKNOWN STEP	2026-09-27T12:00:08.0271421Z    Building ecosystem-predictor @ file:///home/runner/work/ecosystem-predictor/ecosystem-predictor
quality (3.13, false)	UNKNOWN STEP	2026-09-27T12:00:08.0643605Z Downloading pydantic-core (2.0MiB)
quality (3.13, false)	UNKNOWN STEP	2026-09-27T12:00:08.0644401Z Downloading virtualenv (5.2MiB)
quality (3.13, false)	UNKNOWN STEP	2026-09-27T12:00:08.0646152Z Downloading ruff (10.9MiB)
quality (3.13, false)	UNKNOWN STEP	2026-09-27T12:00:08.0646754Z Downloading pygments (1.2MiB)
quality (3.13, false)	UNKNOWN STEP	2026-09-27T12:00:08.0647311Z Downloading pyright (5.9MiB)
quality (3.13, false)	UNKNOWN STEP	2026-09-27T12:00:08.4279450Z  Downloaded pygments
quality (3.13, false)	UNKNOWN STEP	2026-09-27T12:00:08.4650387Z  Downloaded pydantic-core
quality (3.13, false)	UNKNOWN STEP	2026-09-27T12:00:08.5529431Z  Downloaded virtualenv
quality (3.13, false)	UNKNOWN STEP	2026-09-27T12:00:08.5940100Z  Downloaded ruff
quality (3.13, false)	UNKNOWN STEP	2026-09-27T12:00:08.9968692Z  Downloaded pyright
quality (3.13, false)	UNKNOWN STEP	2026-09-27T12:00:09.2963050Z       Built ecosystem-predictor @ file:///home/runner/work/ecosystem-predictor/ecosystem-predictor
quality (3.13, false)	UNKNOWN STEP	2026-09-27T12:00:10.2442170Z       Built predictor-research-snapshot @ file:///home/runner/work/ecosystem-predictor/ecosystem-predictor/packages/research-snapshot
quality (3.13, false)	UNKNOWN STEP	2026-09-27T12:00:10.2443267Z       Built predictor-research-bundle @ file:///home/runner/work/ecosystem-predictor/ecosystem-predictor/packages/research-bundle
quality (3.13, false)	UNKNOWN STEP	2026-09-27T12:00:10.2449776Z Prepared 29 packages in 2.26s
quality (3.13, false)	UNKNOWN STEP	2026-09-27T12:00:10.2897543Z Installed 29 packages in 44ms
quality (3.13, false)	UNKNOWN STEP	2026-09-27T12:00:10.2897855Z  + annotated-types==0.8.0
quality (3.13, false)	UNKNOWN STEP	2026-09-27T12:00:10.2898093Z  + build==1.5.0
quality (3.13, false)	UNKNOWN STEP	2026-09-27T12:00:10.2898298Z  + cfgv==3.5.0
quality (3.13, false)	UNKNOWN STEP	2026-09-27T12:00:10.2898496Z  + coverage==7.15.2
quality (3.13, false)	UNKNOWN STEP	2026-09-27T12:00:10.2898695Z  + distlib==0.4.3
quality (3.13, false)	UNKNOWN STEP	2026-09-27T12:00:10.2899140Z  + ecosystem-predictor==0.2.0 (from file:///home/runner/work/ecosystem-predictor/ecosystem-predictor)
quality (3.13, false)	UNKNOWN STEP	2026-09-27T12:00:10.2899722Z  + filelock==3.32.2
quality (3.13, false)	UNKNOWN STEP	2026-09-27T12:00:10.2899935Z  + identify==2.6.19
quality (3.13, false)	UNKNOWN STEP	2026-09-27T12:00:10.2900141Z  + iniconfig==2.3.0
quality (3.13, false)	UNKNOWN STEP	2026-09-27T12:00:10.2900356Z  + nodeenv==1.10.0
quality (3.13, false)	UNKNOWN STEP	2026-09-27T12:00:10.2900558Z  + packaging==26.2
quality (3.13, false)	UNKNOWN STEP	2026-09-27T12:00:10.2900766Z  + platformdirs==4.11.0
quality (3.13, false)	UNKNOWN STEP	2026-09-27T12:00:10.2901333Z  + pluggy==1.6.0
quality (3.13, false)	UNKNOWN STEP	2026-09-27T12:00:10.2901547Z  + pre-commit==4.6.1
quality (3.13, false)	UNKNOWN STEP	2026-09-27T12:00:10.2902209Z  + predictor-research-bundle==1.0.1rc1 (from file:///home/runner/work/ecosystem-predictor/ecosystem-predictor/packages/research-bundle)
quality (3.13, false)	UNKNOWN STEP	2026-09-27T12:00:10.2903058Z  + predictor-research-snapshot==1.0.2rc1 (from file:///home/runner/work/ecosystem-predictor/ecosystem-predictor/packages/research-snapshot)
quality (3.13, false)	UNKNOWN STEP	2026-09-27T12:00:10.2903743Z  + pydantic==2.13.4
quality (3.13, false)	UNKNOWN STEP	2026-09-27T12:00:10.2903955Z  + pydantic-core==2.46.4
quality (3.13, false)	UNKNOWN STEP	2026-09-27T12:00:10.2904148Z  + pygments==2.20.0
quality (3.13, false)	UNKNOWN STEP	2026-09-27T12:00:10.2904346Z  + pyproject-hooks==1.2.0
quality (3.13, false)	UNKNOWN STEP	2026-09-27T12:00:10.2905038Z  + pyright==1.1.411
quality (3.13, false)	UNKNOWN STEP	2026-09-27T12:00:10.2905365Z  + pytest==8.4.2
quality (3.13, false)	UNKNOWN STEP	2026-09-27T12:00:10.2905661Z  + pytest-cov==7.1.0
quality (3.13, false)	UNKNOWN STEP	2026-09-27T12:00:10.2905980Z  + python-discovery==1.5.1
quality (3.13, false)	UNKNOWN STEP	2026-09-27T12:00:10.2906292Z  + pyyaml==6.0.3
quality (3.13, false)	UNKNOWN STEP	2026-09-27T12:00:10.2906566Z  + ruff==0.16.1
quality (3.13, false)	UNKNOWN STEP	2026-09-27T12:00:10.2906889Z  + typing-extensions==4.16.0
quality (3.13, false)	UNKNOWN STEP	2026-09-27T12:00:10.2907213Z  + typing-inspection==0.4.2
quality (3.13, false)	UNKNOWN STEP	2026-09-27T12:00:10.2907527Z  + virtualenv==21.7.1
quality (3.13, false)	UNKNOWN STEP	2026-09-27T12:00:10.3091898Z ##[group]Run uv run --locked ruff check src tests scripts
quality (3.13, false)	UNKNOWN STEP	2026-09-27T12:00:10.3092287Z ^[[36;1muv run --locked ruff check src tests scripts^[[0m
quality (3.13, false)	UNKNOWN STEP	2026-09-27T12:00:10.3125950Z shell: /usr/bin/bash -e {0}
quality (3.13, false)	UNKNOWN STEP	2026-09-27T12:00:10.3126383Z env:
quality (3.13, false)	UNKNOWN STEP	2026-09-27T12:00:10.3126600Z   UV_CACHE_DIR: /home/runner/work/_temp/setup-uv-cache
quality (3.13, false)	UNKNOWN STEP	2026-09-27T12:00:10.3127085Z   pythonLocation: /opt/hostedtoolcache/Python/3.13.15/x64
quality (3.13, false)	UNKNOWN STEP	2026-09-27T12:00:10.3127492Z   PKG_CONFIG_PATH: /opt/hostedtoolcache/Python/3.13.15/x64/lib/pkgconfig
quality (3.13, false)	UNKNOWN STEP	2026-09-27T12:00:10.3127800Z   Python_ROOT_DIR: /opt/hostedtoolcache/Python/3.13.15/x64
quality (3.13, false)	UNKNOWN STEP	2026-09-27T12:00:10.3128073Z   Python2_ROOT_DIR: /opt/hostedtoolcache/Python/3.13.15/x64
quality (3.13, false)	UNKNOWN STEP	2026-09-27T12:00:10.3128472Z   Python3_ROOT_DIR: /opt/hostedtoolcache/Python/3.13.15/x64
quality (3.13, false)	UNKNOWN STEP	2026-09-27T12:00:10.3128769Z   LD_LIBRARY_PATH: /opt/hostedtoolcache/Python/3.13.15/x64/lib
quality (3.13, false)	UNKNOWN STEP	2026-09-27T12:00:10.3129001Z ##[endgroup]
quality (3.13, false)	UNKNOWN STEP	2026-09-27T12:00:10.3745307Z All checks passed!
quality (3.13, false)	UNKNOWN STEP	2026-09-27T12:00:10.3779688Z ##[group]Run uv run --locked ruff format --check src tests scripts
quality (3.13, false)	UNKNOWN STEP	2026-09-27T12:00:10.3780085Z ^[[36;1muv run --locked ruff format --check src tests scripts^[[0m
quality (3.13, false)	UNKNOWN STEP	2026-09-27T12:00:10.3809343Z shell: /usr/bin/bash -e {0}
quality (3.13, false)	UNKNOWN STEP	2026-09-27T12:00:10.3809543Z env:
quality (3.13, false)	UNKNOWN STEP	2026-09-27T12:00:10.3809740Z   UV_CACHE_DIR: /home/runner/work/_temp/setup-uv-cache
quality (3.13, false)	UNKNOWN STEP	2026-09-27T12:00:10.3810027Z   pythonLocation: /opt/hostedtoolcache/Python/3.13.15/x64
quality (3.13, false)	UNKNOWN STEP	2026-09-27T12:00:10.3810330Z   PKG_CONFIG_PATH: /opt/hostedtoolcache/Python/3.13.15/x64/lib/pkgconfig
quality (3.13, false)	UNKNOWN STEP	2026-09-27T12:00:10.3810622Z   Python_ROOT_DIR: /opt/hostedtoolcache/Python/3.13.15/x64
quality (3.13, false)	UNKNOWN STEP	2026-09-27T12:00:10.3810887Z   Python2_ROOT_DIR: /opt/hostedtoolcache/Python/3.13.15/x64
quality (3.13, false)	UNKNOWN STEP	2026-09-27T12:00:10.3811164Z   Python3_ROOT_DIR: /opt/hostedtoolcache/Python/3.13.15/x64
quality (3.13, false)	UNKNOWN STEP	2026-09-27T12:00:10.3811439Z   LD_LIBRARY_PATH: /opt/hostedtoolcache/Python/3.13.15/x64/lib
quality (3.13, false)	UNKNOWN STEP	2026-09-27T12:00:10.3811664Z ##[endgroup]
quality (3.13, false)	UNKNOWN STEP	2026-09-27T12:00:10.4084877Z 30 files already formatted
quality (3.13, false)	UNKNOWN STEP	2026-09-27T12:00:10.4120522Z ##[group]Run uv run --locked pyright
quality (3.13, false)	UNKNOWN STEP	2026-09-27T12:00:10.4120763Z ^[[36;1muv run --locked pyright^[[0m
quality (3.13, false)	UNKNOWN STEP	2026-09-27T12:00:10.4147288Z shell: /usr/bin/bash -e {0}
quality (3.13, false)	UNKNOWN STEP	2026-09-27T12:00:10.4147492Z env:
quality (3.13, false)	UNKNOWN STEP	2026-09-27T12:00:10.4147682Z   UV_CACHE_DIR: /home/runner/work/_temp/setup-uv-cache
quality (3.13, false)	UNKNOWN STEP	2026-09-27T12:00:10.4147959Z   pythonLocation: /opt/hostedtoolcache/Python/3.13.15/x64
quality (3.13, false)	UNKNOWN STEP	2026-09-27T12:00:10.4148260Z   PKG_CONFIG_PATH: /opt/hostedtoolcache/Python/3.13.15/x64/lib/pkgconfig
quality (3.13, false)	UNKNOWN STEP	2026-09-27T12:00:10.4148567Z   Python_ROOT_DIR: /opt/hostedtoolcache/Python/3.13.15/x64
quality (3.13, false)	UNKNOWN STEP	2026-09-27T12:00:10.4148843Z   Python2_ROOT_DIR: /opt/hostedtoolcache/Python/3.13.15/x64
quality (3.13, false)	UNKNOWN STEP	2026-09-27T12:00:10.4149105Z   Python3_ROOT_DIR: /opt/hostedtoolcache/Python/3.13.15/x64
quality (3.13, false)	UNKNOWN STEP	2026-09-27T12:00:10.4149396Z   LD_LIBRARY_PATH: /opt/hostedtoolcache/Python/3.13.15/x64/lib
quality (3.13, false)	UNKNOWN STEP	2026-09-27T12:00:10.4149620Z ##[endgroup]
quality (3.13, false)	UNKNOWN STEP	2026-09-27T12:00:13.4313178Z 0 errors, 0 warnings, 0 informations
quality (3.13, false)	UNKNOWN STEP	2026-09-27T12:00:13.5635091Z WARNING: there is a new pyright version available (v1.1.411 -> v1.1.414).
quality (3.13, false)	UNKNOWN STEP	2026-09-27T12:00:13.5635475Z Please install the new version or set PYRIGHT_PYTHON_FORCE_VERSION to `latest`
quality (3.13, false)	UNKNOWN STEP	2026-09-27T12:00:13.5635687Z 
quality (3.13, false)	UNKNOWN STEP	2026-09-27T12:00:13.5793928Z ##[group]Run uv run --no-sync coverage run -m pytest tests packages/research-snapshot/tests packages/research-bundle/tests -q
quality (3.13, false)	UNKNOWN STEP	2026-09-27T12:00:13.5794523Z ^[[36;1muv run --no-sync coverage run -m pytest tests packages/research-snapshot/tests packages/research-bundle/tests -q^[[0m
quality (3.13, false)	UNKNOWN STEP	2026-09-27T12:00:13.5828516Z shell: /usr/bin/bash -e {0}
quality (3.13, false)	UNKNOWN STEP	2026-09-27T12:00:13.5828710Z env:
quality (3.13, false)	UNKNOWN STEP	2026-09-27T12:00:13.5828908Z   UV_CACHE_DIR: /home/runner/work/_temp/setup-uv-cache
quality (3.13, false)	UNKNOWN STEP	2026-09-27T12:00:13.5829180Z   pythonLocation: /opt/hostedtoolcache/Python/3.13.15/x64
quality (3.13, false)	UNKNOWN STEP	2026-09-27T12:00:13.5829497Z   PKG_CONFIG_PATH: /opt/hostedtoolcache/Python/3.13.15/x64/lib/pkgconfig
quality (3.13, false)	UNKNOWN STEP	2026-09-27T12:00:13.5829793Z   Python_ROOT_DIR: /opt/hostedtoolcache/Python/3.13.15/x64
quality (3.13, false)	UNKNOWN STEP	2026-09-27T12:00:13.5830106Z   Python2_ROOT_DIR: /opt/hostedtoolcache/Python/3.13.15/x64
quality (3.13, false)	UNKNOWN STEP	2026-09-27T12:00:13.5830374Z   Python3_ROOT_DIR: /opt/hostedtoolcache/Python/3.13.15/x64
quality (3.13, false)	UNKNOWN STEP	2026-09-27T12:00:13.5830673Z   LD_LIBRARY_PATH: /opt/hostedtoolcache/Python/3.13.15/x64/lib
quality (3.13, false)	UNKNOWN STEP	2026-09-27T12:00:13.5830909Z ##[endgroup]
quality (3.13, false)	UNKNOWN STEP	2026-09-27T12:00:15.8965820Z ............................F........................................... [ 45%]
quality (3.13, false)	UNKNOWN STEP	2026-09-27T12:00:16.1510982Z ........................................................................ [ 90%]
quality (3.13, false)	UNKNOWN STEP	2026-09-27T12:00:16.4812481Z ................                                                         [100%]
quality (3.13, false)	UNKNOWN STEP	2026-09-27T12:00:16.4812985Z =================================== FAILURES ===================================
quality (3.13, false)	UNKNOWN STEP	2026-09-27T12:00:16.4813462Z _________ test_real_registry_has_current_hash_verified_target_harness __________
quality (3.13, false)	UNKNOWN STEP	2026-09-27T12:00:16.4814154Z 
quality (3.13, false)	UNKNOWN STEP	2026-09-27T12:00:16.4814416Z     def test_real_registry_has_current_hash_verified_target_harness() -> None:
quality (3.13, false)	UNKNOWN STEP	2026-09-27T12:00:16.4814827Z >       assert drift.check_offline() == []
quality (3.13, false)	UNKNOWN STEP	2026-09-27T12:00:16.4815225Z E       AssertionError: assert ['cripto-pred...egue ALIGNED'] == []
quality (3.13, false)	UNKNOWN STEP	2026-09-27T12:00:16.4815528Z E         
quality (3.13, false)	UNKNOWN STEP	2026-09-27T12:00:16.4815924Z E         Left contains 2 more items, first extra item: 'cripto-predictor: atestado venceu em 2026-09-27T02:02:47Z e segue ALIGNED'
quality (3.13, false)	UNKNOWN STEP	2026-09-27T12:00:16.4816337Z E         
quality (3.13, false)	UNKNOWN STEP	2026-09-27T12:00:16.4816494Z E         Full diff:
quality (3.13, false)	UNKNOWN STEP	2026-09-27T12:00:16.4816681Z E         - []
quality (3.13, false)	UNKNOWN STEP	2026-09-27T12:00:16.4816842Z E         + [
quality (3.13, false)	UNKNOWN STEP	2026-09-27T12:00:16.4817114Z E         +     'cripto-predictor: atestado venceu em 2026-09-27T02:02:47Z e segue ALIGNED',
quality (3.13, false)	UNKNOWN STEP	2026-09-27T12:00:16.4817531Z E         +     'cripto-predictor: atestado venceu em 2026-09-27T02:02:16Z e segue ALIGNED',
quality (3.13, false)	UNKNOWN STEP	2026-09-27T12:00:16.4817840Z E         + ]
quality (3.13, false)	UNKNOWN STEP	2026-09-27T12:00:16.4817930Z 
quality (3.13, false)	UNKNOWN STEP	2026-09-27T12:00:16.4818046Z tests/test_ecosystem_drift.py:170: AssertionError
quality (3.13, false)	UNKNOWN STEP	2026-09-27T12:00:16.4818333Z =========================== short test summary info ============================
quality (3.13, false)	UNKNOWN STEP	2026-09-27T12:00:16.4818946Z FAILED tests/test_ecosystem_drift.py::test_real_registry_has_current_hash_verified_target_harness - AssertionError: assert ['cripto-pred...egue ALIGNED'] == []
quality (3.13, false)	UNKNOWN STEP	2026-09-27T12:00:16.4819441Z   
quality (3.13, false)	UNKNOWN STEP	2026-09-27T12:00:16.4819793Z   Left contains 2 more items, first extra item: 'cripto-predictor: atestado venceu em 2026-09-27T02:02:47Z e segue ALIGNED'
quality (3.13, false)	UNKNOWN STEP	2026-09-27T12:00:16.4820182Z   
quality (3.13, false)	UNKNOWN STEP	2026-09-27T12:00:16.4820341Z   Full diff:
quality (3.13, false)	UNKNOWN STEP	2026-09-27T12:00:16.4820498Z   - []
quality (3.13, false)	UNKNOWN STEP	2026-09-27T12:00:16.4820650Z   + [
quality (3.13, false)	UNKNOWN STEP	2026-09-27T12:00:16.4820902Z   +     'cripto-predictor: atestado venceu em 2026-09-27T02:02:47Z e segue ALIGNED',
quality (3.13, false)	UNKNOWN STEP	2026-09-27T12:00:16.4821296Z   +     'cripto-predictor: atestado venceu em 2026-09-27T02:02:16Z e segue ALIGNED',
quality (3.13, false)	UNKNOWN STEP	2026-09-27T12:00:16.4821597Z   + ]
quality (3.13, false)	UNKNOWN STEP	2026-09-27T12:00:16.4821892Z 1 failed, 159 passed in 1.20s
quality (3.13, false)	UNKNOWN STEP	2026-09-27T12:00:16.5390357Z ##[error]Process completed with exit code 1.
quality (3.13, false)	UNKNOWN STEP	2026-09-27T12:00:16.5542007Z Post job cleanup.
quality (3.13, false)	UNKNOWN STEP	2026-09-27T12:00:16.6224161Z [command]/usr/bin/git version
quality (3.13, false)	UNKNOWN STEP	2026-09-27T12:00:16.6257380Z git version 2.55.0
quality (3.13, false)	UNKNOWN STEP	2026-09-27T12:00:16.6289620Z Temporarily overriding HOME='/home/runner/work/_temp/75a1c15f-c9c4-49b3-aa2a-59b33a71b6e2' before making global git config changes
quality (3.13, false)	UNKNOWN STEP	2026-09-27T12:00:16.6290601Z Adding repository directory to the temporary git global config as a safe directory
quality (3.13, false)	UNKNOWN STEP	2026-09-27T12:00:16.6295478Z [command]/usr/bin/git config --global --add safe.directory /home/runner/work/ecosystem-predictor/ecosystem-predictor
quality (3.13, false)	UNKNOWN STEP	2026-09-27T12:00:16.6327958Z [command]/usr/bin/git config --local --name-only --get-regexp core\.sshCommand
quality (3.13, false)	UNKNOWN STEP	2026-09-27T12:00:16.6354795Z [command]/usr/bin/git submodule foreach --recursive sh -c "git config --local --name-only --get-regexp 'core\.sshCommand' && git config --local --unset-all 'core.sshCommand' || :"
quality (3.13, false)	UNKNOWN STEP	2026-09-27T12:00:16.6541218Z [command]/usr/bin/git config --local --name-only --get-regexp http\.https\:\/\/github\.com\/\.extraheader
quality (3.13, false)	UNKNOWN STEP	2026-09-27T12:00:16.6560162Z http.https://github.com/.extraheader
quality (3.13, false)	UNKNOWN STEP	2026-09-27T12:00:16.6568444Z [command]/usr/bin/git config --local --unset-all http.https://github.com/.extraheader
quality (3.13, false)	UNKNOWN STEP	2026-09-27T12:00:16.6599210Z [command]/usr/bin/git submodule foreach --recursive sh -c "git config --local --name-only --get-regexp 'http\.https\:\/\/github\.com\/\.extraheader' && git config --local --unset-all 'http.https://github.com/.extraheader' || :"
quality (3.13, false)	UNKNOWN STEP	2026-09-27T12:00:16.6766279Z [command]/usr/bin/git config --local --name-only --get-regexp ^includeIf\.gitdir:
quality (3.13, false)	UNKNOWN STEP	2026-09-27T12:00:16.6793664Z [command]/usr/bin/git submodule foreach --recursive git config --local --show-origin --name-only --get-regexp remote.origin.url
quality (3.13, false)	UNKNOWN STEP	2026-09-27T12:00:16.7086939Z Cleaning up orphan processes
quality (3.13, false)	UNKNOWN STEP	2026-09-27T12:00:16.7269522Z ##[warning]Node.js 20 is deprecated. The following actions target Node.js 20 but are being forced to run on Node.js 24: actions/checkout@v4, actions/setup-python@v5, astral-sh/setup-uv@v6. For more information see: https://github.blog/changelog/2025-09-19-deprecation-of-node-20-on-github-actions-runners/
quality (3.14, true)	UNKNOWN STEP	﻿2026-09-27T12:00:00.2819509Z Current runner version: '2.337.0'
quality (3.14, true)	UNKNOWN STEP	2026-09-27T12:00:00.2839423Z ##[group]Runner Image Provisioner
quality (3.14, true)	UNKNOWN STEP	2026-09-27T12:00:00.2839988Z Hosted Compute Agent
quality (3.14, true)	UNKNOWN STEP	2026-09-27T12:00:00.2840394Z Version: 20260828.587
quality (3.14, true)	UNKNOWN STEP	2026-09-27T12:00:00.2840847Z Commit: abac92662cab4cc7352de4f9f9d2e2419aad9c29
quality (3.14, true)	UNKNOWN STEP	2026-09-27T12:00:00.2841424Z Build Date: 2026-08-28T16:44:25Z
quality (3.14, true)	UNKNOWN STEP	2026-09-27T12:00:00.2841909Z Worker ID: {f9bc4041-99e5-4c32-8257-0a533fb5fe82}
quality (3.14, true)	UNKNOWN STEP	2026-09-27T12:00:00.2842340Z Azure Region: westus3
quality (3.14, true)	UNKNOWN STEP	2026-09-27T12:00:00.2842716Z ##[endgroup]
quality (3.14, true)	UNKNOWN STEP	2026-09-27T12:00:00.2843585Z ##[group]Operating System
quality (3.14, true)	UNKNOWN STEP	2026-09-27T12:00:00.2843965Z Ubuntu
quality (3.14, true)	UNKNOWN STEP	2026-09-27T12:00:00.2844321Z 24.04.5
quality (3.14, true)	UNKNOWN STEP	2026-09-27T12:00:00.2844654Z LTS
quality (3.14, true)	UNKNOWN STEP	2026-09-27T12:00:00.2845006Z ##[endgroup]
quality (3.14, true)	UNKNOWN STEP	2026-09-27T12:00:00.2845385Z ##[group]Runner Image
quality (3.14, true)	UNKNOWN STEP	2026-09-27T12:00:00.2845767Z Image: ubuntu-24.04
quality (3.14, true)	UNKNOWN STEP	2026-09-27T12:00:00.2846170Z Version: 20260920.314.1
quality (3.14, true)	UNKNOWN STEP	2026-09-27T12:00:00.2846932Z Included Software: https://github.com/actions/runner-images/blob/ubuntu24/20260920.314/images/ubuntu/Ubuntu2404-Readme.md
quality (3.14, true)	UNKNOWN STEP	2026-09-27T12:00:00.2847888Z Image Release: https://github.com/actions/runner-images/releases/tag/ubuntu24%2F20260920.314
quality (3.14, true)	UNKNOWN STEP	2026-09-27T12:00:00.2848466Z ##[endgroup]
quality (3.14, true)	UNKNOWN STEP	2026-09-27T12:00:00.2849226Z ##[group]GITHUB_TOKEN Permissions
quality (3.14, true)	UNKNOWN STEP	2026-09-27T12:00:00.2850700Z Actions: read
quality (3.14, true)	UNKNOWN STEP	2026-09-27T12:00:00.2851489Z Contents: read
quality (3.14, true)	UNKNOWN STEP	2026-09-27T12:00:00.2851850Z Metadata: read
quality (3.14, true)	UNKNOWN STEP	2026-09-27T12:00:00.2852198Z ##[endgroup]
quality (3.14, true)	UNKNOWN STEP	2026-09-27T12:00:00.2853689Z Secret source: Actions
quality (3.14, true)	UNKNOWN STEP	2026-09-27T12:00:00.2854295Z Cache mode: write
quality (3.14, true)	UNKNOWN STEP	2026-09-27T12:00:00.2854796Z Prepare workflow directory
quality (3.14, true)	UNKNOWN STEP	2026-09-27T12:00:00.3277207Z Prepare all required actions
quality (3.14, true)	UNKNOWN STEP	2026-09-27T12:00:00.3317259Z Getting action download info
quality (3.14, true)	UNKNOWN STEP	2026-09-27T12:00:00.6663694Z Download action repository 'actions/checkout@v4' (SHA:11d5960a326750d5838078e36cf38b85af677262)
quality (3.14, true)	UNKNOWN STEP	2026-09-27T12:00:00.9032956Z Download action repository 'astral-sh/setup-uv@v6' (SHA:d0cc045d04ccac9d8b7881df0226f9e82c39688e)
quality (3.14, true)	UNKNOWN STEP	2026-09-27T12:00:02.2299206Z Download action repository 'actions/setup-python@v5' (SHA:a26af69be951a213d495a4c3e4e4022e16d87065)
quality (3.14, true)	UNKNOWN STEP	2026-09-27T12:00:02.6477933Z Download action repository 'actions/upload-artifact@v4' (SHA:ea165f8d65b6e75b540449e92b4886f43607fa02)
quality (3.14, true)	UNKNOWN STEP	2026-09-27T12:00:03.0944309Z Complete job name: quality (3.14, true)
quality (3.14, true)	UNKNOWN STEP	2026-09-27T12:00:03.1369100Z ##[group]Run actions/checkout@v4
quality (3.14, true)	UNKNOWN STEP	2026-09-27T12:00:03.1369455Z with:
quality (3.14, true)	UNKNOWN STEP	2026-09-27T12:00:03.1369786Z   repository: leonardosovienski/ecosystem-predictor
quality (3.14, true)	UNKNOWN STEP	2026-09-27T12:00:03.1371565Z   token: ***
quality (3.14, true)	UNKNOWN STEP	2026-09-27T12:00:03.1371782Z   ssh-strict: true
quality (3.14, true)	UNKNOWN STEP	2026-09-27T12:00:03.1371987Z   ssh-user: git
quality (3.14, true)	UNKNOWN STEP	2026-09-27T12:00:03.1372214Z   persist-credentials: true
quality (3.14, true)	UNKNOWN STEP	2026-09-27T12:00:03.1372462Z   clean: true
quality (3.14, true)	UNKNOWN STEP	2026-09-27T12:00:03.1372664Z   sparse-checkout-cone-mode: true
quality (3.14, true)	UNKNOWN STEP	2026-09-27T12:00:03.1372929Z   fetch-depth: 1
quality (3.14, true)	UNKNOWN STEP	2026-09-27T12:00:03.1373222Z   fetch-tags: false
quality (3.14, true)	UNKNOWN STEP	2026-09-27T12:00:03.1373450Z   show-progress: true
quality (3.14, true)	UNKNOWN STEP	2026-09-27T12:00:03.1373685Z   lfs: false
quality (3.14, true)	UNKNOWN STEP	2026-09-27T12:00:03.1373863Z   submodules: false
quality (3.14, true)	UNKNOWN STEP	2026-09-27T12:00:03.1374044Z   set-safe-directory: true
quality (3.14, true)	UNKNOWN STEP	2026-09-27T12:00:03.1374302Z   allow-unsafe-pr-checkout: false
quality (3.14, true)	UNKNOWN STEP	2026-09-27T12:00:03.1374652Z ##[endgroup]
quality (3.14, true)	UNKNOWN STEP	2026-09-27T12:00:03.2390400Z Syncing repository: leonardosovienski/ecosystem-predictor
quality (3.14, true)	UNKNOWN STEP	2026-09-27T12:00:03.2395531Z ##[group]Getting Git version info
quality (3.14, true)	UNKNOWN STEP	2026-09-27T12:00:03.2397604Z Working directory is '/home/runner/work/ecosystem-predictor/ecosystem-predictor'
quality (3.14, true)	UNKNOWN STEP	2026-09-27T12:00:03.2399704Z [command]/usr/bin/git version
quality (3.14, true)	UNKNOWN STEP	2026-09-27T12:00:03.2498568Z git version 2.55.0
quality (3.14, true)	UNKNOWN STEP	2026-09-27T12:00:03.2515684Z ##[endgroup]
quality (3.14, true)	UNKNOWN STEP	2026-09-27T12:00:03.2527216Z Temporarily overriding HOME='/home/runner/work/_temp/cac68000-50b5-4b32-9b82-23376a9de02e' before making global git config changes
quality (3.14, true)	UNKNOWN STEP	2026-09-27T12:00:03.2528181Z Adding repository directory to the temporary git global config as a safe directory
quality (3.14, true)	UNKNOWN STEP	2026-09-27T12:00:03.2531612Z [command]/usr/bin/git config --global --add safe.directory /home/runner/work/ecosystem-predictor/ecosystem-predictor
quality (3.14, true)	UNKNOWN STEP	2026-09-27T12:00:03.2585899Z Deleting the contents of '/home/runner/work/ecosystem-predictor/ecosystem-predictor'
quality (3.14, true)	UNKNOWN STEP	2026-09-27T12:00:03.2597134Z ##[group]Initializing the repository
quality (3.14, true)	UNKNOWN STEP	2026-09-27T12:00:03.2597772Z [command]/usr/bin/git init /home/runner/work/ecosystem-predictor/ecosystem-predictor
quality (3.14, true)	UNKNOWN STEP	2026-09-27T12:00:03.2717779Z hint: Using 'master' as the name for the initial branch. This default branch name
quality (3.14, true)	UNKNOWN STEP	2026-09-27T12:00:03.2729740Z hint: will change to "main" in Git 3.0. To configure the initial branch name
quality (3.14, true)	UNKNOWN STEP	2026-09-27T12:00:03.2739160Z hint: to use in all of your new repositories, which will suppress this warning,
quality (3.14, true)	UNKNOWN STEP	2026-09-27T12:00:03.2740229Z hint: call:
quality (3.14, true)	UNKNOWN STEP	2026-09-27T12:00:03.2741015Z hint:
quality (3.14, true)	UNKNOWN STEP	2026-09-27T12:00:03.2741527Z hint: 	git config --global init.defaultBranch <name>
quality (3.14, true)	UNKNOWN STEP	2026-09-27T12:00:03.2741997Z hint:
quality (3.14, true)	UNKNOWN STEP	2026-09-27T12:00:03.2742344Z hint: Names commonly chosen instead of 'master' are 'main', 'trunk' and
quality (3.14, true)	UNKNOWN STEP	2026-09-27T12:00:03.2742885Z hint: 'development'. The just-created branch can be renamed via this command:
quality (3.14, true)	UNKNOWN STEP	2026-09-27T12:00:03.2743342Z hint:
quality (3.14, true)	UNKNOWN STEP	2026-09-27T12:00:03.2743605Z hint: 	git branch -m <name>
quality (3.14, true)	UNKNOWN STEP	2026-09-27T12:00:03.2743931Z hint:
quality (3.14, true)	UNKNOWN STEP	2026-09-27T12:00:03.2744407Z hint: Disable this message with "git config set advice.defaultBranchName false"
quality (3.14, true)	UNKNOWN STEP	2026-09-27T12:00:03.2745071Z Initialized empty Git repository in /home/runner/work/ecosystem-predictor/ecosystem-predictor/.git/
quality (3.14, true)	UNKNOWN STEP	2026-09-27T12:00:03.2746602Z [command]/usr/bin/git remote add origin https://github.com/leonardosovienski/ecosystem-predictor
quality (3.14, true)	UNKNOWN STEP	2026-09-27T12:00:03.2788945Z ##[endgroup]
quality (3.14, true)	UNKNOWN STEP	2026-09-27T12:00:03.2789544Z ##[group]Disabling automatic garbage collection
quality (3.14, true)	UNKNOWN STEP	2026-09-27T12:00:03.2792814Z [command]/usr/bin/git config --local gc.auto 0
quality (3.14, true)	UNKNOWN STEP	2026-09-27T12:00:03.2843233Z ##[endgroup]
quality (3.14, true)	UNKNOWN STEP	2026-09-27T12:00:03.2843667Z ##[group]Setting up auth
quality (3.14, true)	UNKNOWN STEP	2026-09-27T12:00:03.2850007Z [command]/usr/bin/git config --local --name-only --get-regexp core\.sshCommand
quality (3.14, true)	UNKNOWN STEP	2026-09-27T12:00:03.2889327Z [command]/usr/bin/git submodule foreach --recursive sh -c "git config --local --name-only --get-regexp 'core\.sshCommand' && git config --local --unset-all 'core.sshCommand' || :"
quality (3.14, true)	UNKNOWN STEP	2026-09-27T12:00:03.3207905Z [command]/usr/bin/git config --local --name-only --get-regexp http\.https\:\/\/github\.com\/\.extraheader
quality (3.14, true)	UNKNOWN STEP	2026-09-27T12:00:03.3303462Z [command]/usr/bin/git submodule foreach --recursive sh -c "git config --local --name-only --get-regexp 'http\.https\:\/\/github\.com\/\.extraheader' && git config --local --unset-all 'http.https://github.com/.extraheader' || :"
quality (3.14, true)	UNKNOWN STEP	2026-09-27T12:00:03.3439290Z [command]/usr/bin/git config --local --name-only --get-regexp ^includeIf\.gitdir:
quality (3.14, true)	UNKNOWN STEP	2026-09-27T12:00:03.3474784Z [command]/usr/bin/git submodule foreach --recursive git config --local --show-origin --name-only --get-regexp remote.origin.url
quality (3.14, true)	UNKNOWN STEP	2026-09-27T12:00:03.3672384Z [command]/usr/bin/git config --local http.https://github.com/.extraheader AUTHORIZATION: basic ***
quality (3.14, true)	UNKNOWN STEP	2026-09-27T12:00:03.3711529Z ##[endgroup]
quality (3.14, true)	UNKNOWN STEP	2026-09-27T12:00:03.3711893Z ##[group]Fetching the repository
quality (3.14, true)	UNKNOWN STEP	2026-09-27T12:00:03.3717960Z [command]/usr/bin/git -c protocol.version=2 fetch --no-tags --prune --no-recurse-submodules --depth=1 origin +49ffb16380d2e91eb7e4a2a936e63ba779c29033:refs/remotes/origin/main
quality (3.14, true)	UNKNOWN STEP	2026-09-27T12:00:04.3246474Z From https://github.com/leonardosovienski/ecosystem-predictor
quality (3.14, true)	UNKNOWN STEP	2026-09-27T12:00:04.3247059Z  * [new ref]         49ffb16380d2e91eb7e4a2a936e63ba779c29033 -> origin/main
quality (3.14, true)	UNKNOWN STEP	2026-09-27T12:00:04.3249860Z ##[endgroup]
quality (3.14, true)	UNKNOWN STEP	2026-09-27T12:00:04.3250301Z ##[group]Determining the checkout info
quality (3.14, true)	UNKNOWN STEP	2026-09-27T12:00:04.3253026Z ##[endgroup]
quality (3.14, true)	UNKNOWN STEP	2026-09-27T12:00:04.3258367Z [command]/usr/bin/git sparse-checkout disable
quality (3.14, true)	UNKNOWN STEP	2026-09-27T12:00:04.3324449Z [command]/usr/bin/git config --local --unset-all extensions.worktreeConfig
quality (3.14, true)	UNKNOWN STEP	2026-09-27T12:00:04.3357018Z ##[group]Checking out the ref
quality (3.14, true)	UNKNOWN STEP	2026-09-27T12:00:04.3378968Z [command]/usr/bin/git checkout --progress --force -B main refs/remotes/origin/main
quality (3.14, true)	UNKNOWN STEP	2026-09-27T12:00:04.3538812Z Switched to a new branch 'main'
quality (3.14, true)	UNKNOWN STEP	2026-09-27T12:00:04.3541644Z branch 'main' set up to track 'origin/main'.
quality (3.14, true)	UNKNOWN STEP	2026-09-27T12:00:04.3552194Z ##[endgroup]
quality (3.14, true)	UNKNOWN STEP	2026-09-27T12:00:04.3592517Z [command]/usr/bin/git log -1 --format=%H
quality (3.14, true)	UNKNOWN STEP	2026-09-27T12:00:04.3616104Z 49ffb16380d2e91eb7e4a2a936e63ba779c29033
quality (3.14, true)	UNKNOWN STEP	2026-09-27T12:00:04.3834411Z ##[group]Run astral-sh/setup-uv@v6
quality (3.14, true)	UNKNOWN STEP	2026-09-27T12:00:04.3834634Z with:
quality (3.14, true)	UNKNOWN STEP	2026-09-27T12:00:04.3834750Z   version: 0.12.1
quality (3.14, true)	UNKNOWN STEP	2026-09-27T12:00:04.3834873Z   enable-cache: true
quality (3.14, true)	UNKNOWN STEP	2026-09-27T12:00:04.3835012Z   activate-environment: false
quality (3.14, true)	UNKNOWN STEP	2026-09-27T12:00:04.3835252Z   working-directory: /home/runner/work/ecosystem-predictor/ecosystem-predictor
quality (3.14, true)	UNKNOWN STEP	2026-09-27T12:00:04.3835502Z   server-url: https://github.com
quality (3.14, true)	UNKNOWN STEP	2026-09-27T12:00:04.3837103Z   github-token: ***
quality (3.14, true)	UNKNOWN STEP	2026-09-27T12:00:04.3837430Z   cache-dependency-glob: **/*requirements*.txt
quality (3.14, true)	UNKNOWN STEP	**/*requirements*.in
quality (3.14, true)	UNKNOWN STEP	**/*constraints*.txt
quality (3.14, true)	UNKNOWN STEP	**/*constraints*.in
quality (3.14, true)	UNKNOWN STEP	**/pyproject.toml
quality (3.14, true)	UNKNOWN STEP	**/uv.lock
quality (3.14, true)	UNKNOWN STEP	**/*.py.lock
quality (3.14, true)	UNKNOWN STEP	
quality (3.14, true)	UNKNOWN STEP	2026-09-27T12:00:04.3837780Z   restore-cache: true
quality (3.14, true)	UNKNOWN STEP	2026-09-27T12:00:04.3837906Z   save-cache: true
quality (3.14, true)	UNKNOWN STEP	2026-09-27T12:00:04.3838026Z   prune-cache: true
quality (3.14, true)	UNKNOWN STEP	2026-09-27T12:00:04.3838160Z   ignore-nothing-to-cache: false
quality (3.14, true)	UNKNOWN STEP	2026-09-27T12:00:04.3838315Z   ignore-empty-workdir: false
quality (3.14, true)	UNKNOWN STEP	2026-09-27T12:00:04.3838466Z   add-problem-matchers: true
quality (3.14, true)	UNKNOWN STEP	2026-09-27T12:00:04.3838636Z ##[endgroup]
quality (3.14, true)	UNKNOWN STEP	2026-09-27T12:00:04.5056108Z (node:2027) [DEP0040] DeprecationWarning: The `punycode` module is deprecated. Please use a userland alternative instead.
quality (3.14, true)	UNKNOWN STEP	2026-09-27T12:00:04.5056790Z (Use `node --trace-deprecation ...` to show where the warning was created)
quality (3.14, true)	UNKNOWN STEP	2026-09-27T12:00:04.5173932Z manifest-file not provided, reading from local file.
quality (3.14, true)	UNKNOWN STEP	2026-09-27T12:00:04.5202238Z manifest-file does not contain version 0.12.1, arch x86_64, platform unknown-linux-gnu. Falling back to GitHub releases.
quality (3.14, true)	UNKNOWN STEP	2026-09-27T12:00:04.5203096Z Downloading uv from "https://github.com/astral-sh/uv/releases/download/0.12.1/uv-x86_64-unknown-linux-gnu.tar.gz" ...
quality (3.14, true)	UNKNOWN STEP	2026-09-27T12:00:04.9437961Z [command]/usr/bin/tar xz --warning=no-unknown-keyword --overwrite -C /home/runner/work/_temp/90f0d280-a527-42b2-ab92-02a4aa40b669 -f /home/runner/work/_temp/b77c3d8b-98e0-4e51-a57a-7c6666b60b39
quality (3.14, true)	UNKNOWN STEP	2026-09-27T12:00:05.5002693Z Added /home/runner/.local/bin to the path
quality (3.14, true)	UNKNOWN STEP	2026-09-27T12:00:05.5004541Z Added /opt/hostedtoolcache/uv/0.12.1/x86_64 to the path
quality (3.14, true)	UNKNOWN STEP	2026-09-27T12:00:05.5024309Z Set UV_CACHE_DIR to /home/runner/work/_temp/setup-uv-cache
quality (3.14, true)	UNKNOWN STEP	2026-09-27T12:00:05.5024643Z Successfully installed uv version 0.12.1
quality (3.14, true)	UNKNOWN STEP	2026-09-27T12:00:05.5026261Z Searching files using cache dependency glob: /home/runner/work/ecosystem-predictor/ecosystem-predictor/**/*requirements*.txt,/home/runner/work/ecosystem-predictor/ecosystem-predictor/**/*requirements*.in,/home/runner/work/ecosystem-predictor/ecosystem-predictor/**/*constraints*.txt,/home/runner/work/ecosystem-predictor/ecosystem-predictor/**/*constraints*.in,/home/runner/work/ecosystem-predictor/ecosystem-predictor/**/pyproject.toml,/home/runner/work/ecosystem-predictor/ecosystem-predictor/**/uv.lock,/home/runner/work/ecosystem-predictor/ecosystem-predictor/**/*.py.lock
quality (3.14, true)	UNKNOWN STEP	2026-09-27T12:00:05.5200424Z /home/runner/work/ecosystem-predictor/ecosystem-predictor/packages/research-bundle/pyproject.toml
quality (3.14, true)	UNKNOWN STEP	2026-09-27T12:00:05.5227169Z /home/runner/work/ecosystem-predictor/ecosystem-predictor/packages/research-bundle/uv.lock
quality (3.14, true)	UNKNOWN STEP	2026-09-27T12:00:05.5235734Z /home/runner/work/ecosystem-predictor/ecosystem-predictor/packages/research-protocol/pyproject.toml
quality (3.14, true)	UNKNOWN STEP	2026-09-27T12:00:05.5270497Z /home/runner/work/ecosystem-predictor/ecosystem-predictor/packages/research-protocol/uv.lock
quality (3.14, true)	UNKNOWN STEP	2026-09-27T12:00:05.5278387Z /home/runner/work/ecosystem-predictor/ecosystem-predictor/packages/research-snapshot/pyproject.toml
quality (3.14, true)	UNKNOWN STEP	2026-09-27T12:00:05.5295577Z /home/runner/work/ecosystem-predictor/ecosystem-predictor/packages/research-snapshot/uv.lock
quality (3.14, true)	UNKNOWN STEP	2026-09-27T12:00:05.5299399Z /home/runner/work/ecosystem-predictor/ecosystem-predictor/pyproject.toml
quality (3.14, true)	UNKNOWN STEP	2026-09-27T12:00:05.5337617Z /home/runner/work/ecosystem-predictor/ecosystem-predictor/uv.lock
quality (3.14, true)	UNKNOWN STEP	2026-09-27T12:00:05.5351607Z Found 8 files to hash.
quality (3.14, true)	UNKNOWN STEP	2026-09-27T12:00:05.6216796Z Trying to restore uv cache from GitHub Actions cache with key: setup-uv-1-x86_64-unknown-linux-gnu-unknown-pruned-e680a5e7e13a982a0d76a7c6285bd6c5b02523af836ef8f5591fccd63160345f
quality (3.14, true)	UNKNOWN STEP	2026-09-27T12:00:05.8195119Z Cache hit for: setup-uv-1-x86_64-unknown-linux-gnu-unknown-pruned-e680a5e7e13a982a0d76a7c6285bd6c5b02523af836ef8f5591fccd63160345f
quality (3.14, true)	UNKNOWN STEP	2026-09-27T12:00:05.8259844Z (node:2027) [DEP0169] DeprecationWarning: `url.parse()` behavior is not standardized and prone to errors that have security implications. Use the WHATWG URL API instead. CVEs are not issued for `url.parse()` vulnerabilities.
quality (3.14, true)	UNKNOWN STEP	2026-09-27T12:00:06.3527748Z Received 279890 of 279890 (100.0%), 1.0 MBs/sec
quality (3.14, true)	UNKNOWN STEP	2026-09-27T12:00:06.3528089Z Cache Size: ~0 MB (279890 B)
quality (3.14, true)	UNKNOWN STEP	2026-09-27T12:00:06.3543676Z [command]/usr/bin/tar -xf /home/runner/work/_temp/c7f6f548-829f-4a17-b61c-e8ecc555a4a9/cache.tzst -P -C /home/runner/work/ecosystem-predictor/ecosystem-predictor --use-compress-program unzstd
quality (3.14, true)	UNKNOWN STEP	2026-09-27T12:00:06.3630187Z Cache restored successfully
quality (3.14, true)	UNKNOWN STEP	2026-09-27T12:00:06.3633916Z uv cache restored from GitHub Actions cache with key: setup-uv-1-x86_64-unknown-linux-gnu-unknown-pruned-e680a5e7e13a982a0d76a7c6285bd6c5b02523af836ef8f5591fccd63160345f
quality (3.14, true)	UNKNOWN STEP	2026-09-27T12:00:06.3793942Z ##[group]Run actions/setup-python@v5
quality (3.14, true)	UNKNOWN STEP	2026-09-27T12:00:06.3794122Z with:
quality (3.14, true)	UNKNOWN STEP	2026-09-27T12:00:06.3794241Z   python-version: 3.14
quality (3.14, true)	UNKNOWN STEP	2026-09-27T12:00:06.3794378Z   check-latest: false
quality (3.14, true)	UNKNOWN STEP	2026-09-27T12:00:06.3795866Z   token: ***
quality (3.14, true)	UNKNOWN STEP	2026-09-27T12:00:06.3795990Z   update-environment: true
quality (3.14, true)	UNKNOWN STEP	2026-09-27T12:00:06.3796143Z   allow-prereleases: false
quality (3.14, true)	UNKNOWN STEP	2026-09-27T12:00:06.3796280Z   freethreaded: false
quality (3.14, true)	UNKNOWN STEP	2026-09-27T12:00:06.3796401Z env:
quality (3.14, true)	UNKNOWN STEP	2026-09-27T12:00:06.3796542Z   UV_CACHE_DIR: /home/runner/work/_temp/setup-uv-cache
quality (3.14, true)	UNKNOWN STEP	2026-09-27T12:00:06.3796725Z ##[endgroup]
quality (3.14, true)	UNKNOWN STEP	2026-09-27T12:00:06.4663108Z ##[group]Installed versions
quality (3.14, true)	UNKNOWN STEP	2026-09-27T12:00:06.4730661Z (node:2057) [DEP0040] DeprecationWarning: The `punycode` module is deprecated. Please use a userland alternative instead.
quality (3.14, true)	UNKNOWN STEP	2026-09-27T12:00:06.4731254Z (Use `node --trace-deprecation ...` to show where the warning was created)
quality (3.14, true)	UNKNOWN STEP	2026-09-27T12:00:06.4731656Z Successfully set up CPython (3.14.7)
quality (3.14, true)	UNKNOWN STEP	2026-09-27T12:00:06.4732010Z ##[endgroup]
quality (3.14, true)	UNKNOWN STEP	2026-09-27T12:00:06.4869843Z ##[group]Run uv lock --check
quality (3.14, true)	UNKNOWN STEP	2026-09-27T12:00:06.4870077Z ^[[36;1muv lock --check^[[0m
quality (3.14, true)	UNKNOWN STEP	2026-09-27T12:00:06.5236214Z shell: /usr/bin/bash -e {0}
quality (3.14, true)	UNKNOWN STEP	2026-09-27T12:00:06.5236411Z env:
quality (3.14, true)	UNKNOWN STEP	2026-09-27T12:00:06.5236601Z   UV_CACHE_DIR: /home/runner/work/_temp/setup-uv-cache
quality (3.14, true)	UNKNOWN STEP	2026-09-27T12:00:06.5236838Z   pythonLocation: /opt/hostedtoolcache/Python/3.14.7/x64
quality (3.14, true)	UNKNOWN STEP	2026-09-27T12:00:06.5237094Z   PKG_CONFIG_PATH: /opt/hostedtoolcache/Python/3.14.7/x64/lib/pkgconfig
quality (3.14, true)	UNKNOWN STEP	2026-09-27T12:00:06.5237332Z   Python_ROOT_DIR: /opt/hostedtoolcache/Python/3.14.7/x64
quality (3.14, true)	UNKNOWN STEP	2026-09-27T12:00:06.5237543Z   Python2_ROOT_DIR: /opt/hostedtoolcache/Python/3.14.7/x64
quality (3.14, true)	UNKNOWN STEP	2026-09-27T12:00:06.5237759Z   Python3_ROOT_DIR: /opt/hostedtoolcache/Python/3.14.7/x64
quality (3.14, true)	UNKNOWN STEP	2026-09-27T12:00:06.5237970Z   LD_LIBRARY_PATH: /opt/hostedtoolcache/Python/3.14.7/x64/lib
quality (3.14, true)	UNKNOWN STEP	2026-09-27T12:00:06.5238155Z ##[endgroup]
quality (3.14, true)	UNKNOWN STEP	2026-09-27T12:00:06.5474800Z Using CPython 3.14.7 interpreter at: /opt/hostedtoolcache/Python/3.14.7/x64/bin/python3
quality (3.14, true)	UNKNOWN STEP	2026-09-27T12:00:06.5488215Z Resolved 30 packages in 0.91ms
quality (3.14, true)	UNKNOWN STEP	2026-09-27T12:00:06.5526030Z ##[group]Run uv sync --locked --all-extras --python 3.14
quality (3.14, true)	UNKNOWN STEP	2026-09-27T12:00:06.5526298Z ^[[36;1muv sync --locked --all-extras --python 3.14^[[0m
quality (3.14, true)	UNKNOWN STEP	2026-09-27T12:00:06.5579041Z shell: /usr/bin/bash -e {0}
quality (3.14, true)	UNKNOWN STEP	2026-09-27T12:00:06.5579186Z env:
quality (3.14, true)	UNKNOWN STEP	2026-09-27T12:00:06.5579337Z   UV_CACHE_DIR: /home/runner/work/_temp/setup-uv-cache
quality (3.14, true)	UNKNOWN STEP	2026-09-27T12:00:06.5579555Z   pythonLocation: /opt/hostedtoolcache/Python/3.14.7/x64
quality (3.14, true)	UNKNOWN STEP	2026-09-27T12:00:06.5579794Z   PKG_CONFIG_PATH: /opt/hostedtoolcache/Python/3.14.7/x64/lib/pkgconfig
quality (3.14, true)	UNKNOWN STEP	2026-09-27T12:00:06.5580029Z   Python_ROOT_DIR: /opt/hostedtoolcache/Python/3.14.7/x64
quality (3.14, true)	UNKNOWN STEP	2026-09-27T12:00:06.5580245Z   Python2_ROOT_DIR: /opt/hostedtoolcache/Python/3.14.7/x64
quality (3.14, true)	UNKNOWN STEP	2026-09-27T12:00:06.5580457Z   Python3_ROOT_DIR: /opt/hostedtoolcache/Python/3.14.7/x64
quality (3.14, true)	UNKNOWN STEP	2026-09-27T12:00:06.5580670Z   LD_LIBRARY_PATH: /opt/hostedtoolcache/Python/3.14.7/x64/lib
quality (3.14, true)	UNKNOWN STEP	2026-09-27T12:00:06.5580854Z ##[endgroup]
quality (3.14, true)	UNKNOWN STEP	2026-09-27T12:00:06.5754149Z Using CPython 3.14.7 interpreter at: /opt/hostedtoolcache/Python/3.14.7/x64/bin/python3.14
quality (3.14, true)	UNKNOWN STEP	2026-09-27T12:00:06.5754625Z Creating virtual environment at: .venv
quality (3.14, true)	UNKNOWN STEP	2026-09-27T12:00:06.5773978Z Resolved 30 packages in 0.90ms
quality (3.14, true)	UNKNOWN STEP	2026-09-27T12:00:06.5822794Z    Building predictor-research-bundle @ file:///home/runner/work/ecosystem-predictor/ecosystem-predictor/packages/research-bundle
quality (3.14, true)	UNKNOWN STEP	2026-09-27T12:00:06.5831403Z    Building ecosystem-predictor @ file:///home/runner/work/ecosystem-predictor/ecosystem-predictor
quality (3.14, true)	UNKNOWN STEP	2026-09-27T12:00:06.5857143Z    Building predictor-research-snapshot @ file:///home/runner/work/ecosystem-predictor/ecosystem-predictor/packages/research-snapshot
quality (3.14, true)	UNKNOWN STEP	2026-09-27T12:00:06.6608927Z Downloading pygments (1.2MiB)
quality (3.14, true)	UNKNOWN STEP	2026-09-27T12:00:06.6611178Z Downloading ruff (10.9MiB)
quality (3.14, true)	UNKNOWN STEP	2026-09-27T12:00:06.6611800Z Downloading pydantic-core (2.0MiB)
quality (3.14, true)	UNKNOWN STEP	2026-09-27T12:00:06.6614357Z Downloading pyright (5.9MiB)
quality (3.14, true)	UNKNOWN STEP	2026-09-27T12:00:06.6615015Z Downloading virtualenv (5.2MiB)
quality (3.14, true)	UNKNOWN STEP	2026-09-27T12:00:07.0103150Z  Downloaded pygments
quality (3.14, true)	UNKNOWN STEP	2026-09-27T12:00:07.0485095Z  Downloaded pydantic-core
quality (3.14, true)	UNKNOWN STEP	2026-09-27T12:00:07.1445695Z  Downloaded virtualenv
quality (3.14, true)	UNKNOWN STEP	2026-09-27T12:00:07.1780287Z  Downloaded ruff
quality (3.14, true)	UNKNOWN STEP	2026-09-27T12:00:07.5367650Z  Downloaded pyright
quality (3.14, true)	UNKNOWN STEP	2026-09-27T12:00:07.8105057Z       Built ecosystem-predictor @ file:///home/runner/work/ecosystem-predictor/ecosystem-predictor
quality (3.14, true)	UNKNOWN STEP	2026-09-27T12:00:08.2424878Z       Built predictor-research-snapshot @ file:///home/runner/work/ecosystem-predictor/ecosystem-predictor/packages/research-snapshot
quality (3.14, true)	UNKNOWN STEP	2026-09-27T12:00:08.2489171Z       Built predictor-research-bundle @ file:///home/runner/work/ecosystem-predictor/ecosystem-predictor/packages/research-bundle
quality (3.14, true)	UNKNOWN STEP	2026-09-27T12:00:08.2494562Z Prepared 29 packages in 1.67s
quality (3.14, true)	UNKNOWN STEP	2026-09-27T12:00:08.3461839Z Installed 29 packages in 97ms
quality (3.14, true)	UNKNOWN STEP	2026-09-27T12:00:08.3462162Z  + annotated-types==0.8.0
quality (3.14, true)	UNKNOWN STEP	2026-09-27T12:00:08.3462398Z  + build==1.5.0
quality (3.14, true)	UNKNOWN STEP	2026-09-27T12:00:08.3462603Z  + cfgv==3.5.0
quality (3.14, true)	UNKNOWN STEP	2026-09-27T12:00:08.3463446Z  + coverage==7.15.2
quality (3.14, true)	UNKNOWN STEP	2026-09-27T12:00:08.3463719Z  + distlib==0.4.3
quality (3.14, true)	UNKNOWN STEP	2026-09-27T12:00:08.3464335Z  + ecosystem-predictor==0.2.0 (from file:///home/runner/work/ecosystem-predictor/ecosystem-predictor)
quality (3.14, true)	UNKNOWN STEP	2026-09-27T12:00:08.3464894Z  + filelock==3.32.2
quality (3.14, true)	UNKNOWN STEP	2026-09-27T12:00:08.3465169Z  + identify==2.6.19
quality (3.14, true)	UNKNOWN STEP	2026-09-27T12:00:08.3465421Z  + iniconfig==2.3.0
quality (3.14, true)	UNKNOWN STEP	2026-09-27T12:00:08.3465678Z  + nodeenv==1.10.0
quality (3.14, true)	UNKNOWN STEP	2026-09-27T12:00:08.3465925Z  + packaging==26.2
quality (3.14, true)	UNKNOWN STEP	2026-09-27T12:00:08.3466188Z  + platformdirs==4.11.0
quality (3.14, true)	UNKNOWN STEP	2026-09-27T12:00:08.3466449Z  + pluggy==1.6.0
quality (3.14, true)	UNKNOWN STEP	2026-09-27T12:00:08.3466783Z  + pre-commit==4.6.1
quality (3.14, true)	UNKNOWN STEP	2026-09-27T12:00:08.3467294Z  + predictor-research-bundle==1.0.1rc1 (from file:///home/runner/work/ecosystem-predictor/ecosystem-predictor/packages/research-bundle)
quality (3.14, true)	UNKNOWN STEP	2026-09-27T12:00:08.3468152Z  + predictor-research-snapshot==1.0.2rc1 (from file:///home/runner/work/ecosystem-predictor/ecosystem-predictor/packages/research-snapshot)
quality (3.14, true)	UNKNOWN STEP	2026-09-27T12:00:08.3468675Z  + pydantic==2.13.4
quality (3.14, true)	UNKNOWN STEP	2026-09-27T12:00:08.3468874Z  + pydantic-core==2.46.4
quality (3.14, true)	UNKNOWN STEP	2026-09-27T12:00:08.3469084Z  + pygments==2.20.0
quality (3.14, true)	UNKNOWN STEP	2026-09-27T12:00:08.3469314Z  + pyproject-hooks==1.2.0
quality (3.14, true)	UNKNOWN STEP	2026-09-27T12:00:08.3469777Z  + pyright==1.1.411
quality (3.14, true)	UNKNOWN STEP	2026-09-27T12:00:08.3469965Z  + pytest==8.4.2
quality (3.14, true)	UNKNOWN STEP	2026-09-27T12:00:08.3470145Z  + pytest-cov==7.1.0
quality (3.14, true)	UNKNOWN STEP	2026-09-27T12:00:08.3470357Z  + python-discovery==1.5.1
quality (3.14, true)	UNKNOWN STEP	2026-09-27T12:00:08.3470569Z  + pyyaml==6.0.3
quality (3.14, true)	UNKNOWN STEP	2026-09-27T12:00:08.3470751Z  + ruff==0.16.1
quality (3.14, true)	UNKNOWN STEP	2026-09-27T12:00:08.3470939Z  + typing-extensions==4.16.0
quality (3.14, true)	UNKNOWN STEP	2026-09-27T12:00:08.3471280Z  + typing-inspection==0.4.2
quality (3.14, true)	UNKNOWN STEP	2026-09-27T12:00:08.3471501Z  + virtualenv==21.7.1
quality (3.14, true)	UNKNOWN STEP	2026-09-27T12:00:08.4034566Z ##[group]Run uv run --locked ruff check src tests scripts
quality (3.14, true)	UNKNOWN STEP	2026-09-27T12:00:08.4034819Z ^[[36;1muv run --locked ruff check src tests scripts^[[0m
quality (3.14, true)	UNKNOWN STEP	2026-09-27T12:00:08.4088841Z shell: /usr/bin/bash -e {0}
quality (3.14, true)	UNKNOWN STEP	2026-09-27T12:00:08.4088987Z env:
quality (3.14, true)	UNKNOWN STEP	2026-09-27T12:00:08.4089132Z   UV_CACHE_DIR: /home/runner/work/_temp/setup-uv-cache
quality (3.14, true)	UNKNOWN STEP	2026-09-27T12:00:08.4089352Z   pythonLocation: /opt/hostedtoolcache/Python/3.14.7/x64
quality (3.14, true)	UNKNOWN STEP	2026-09-27T12:00:08.4089596Z   PKG_CONFIG_PATH: /opt/hostedtoolcache/Python/3.14.7/x64/lib/pkgconfig
quality (3.14, true)	UNKNOWN STEP	2026-09-27T12:00:08.4089830Z   Python_ROOT_DIR: /opt/hostedtoolcache/Python/3.14.7/x64
quality (3.14, true)	UNKNOWN STEP	2026-09-27T12:00:08.4090044Z   Python2_ROOT_DIR: /opt/hostedtoolcache/Python/3.14.7/x64
quality (3.14, true)	UNKNOWN STEP	2026-09-27T12:00:08.4090380Z   Python3_ROOT_DIR: /opt/hostedtoolcache/Python/3.14.7/x64
quality (3.14, true)	UNKNOWN STEP	2026-09-27T12:00:08.4090598Z   LD_LIBRARY_PATH: /opt/hostedtoolcache/Python/3.14.7/x64/lib
quality (3.14, true)	UNKNOWN STEP	2026-09-27T12:00:08.4090783Z ##[endgroup]
quality (3.14, true)	UNKNOWN STEP	2026-09-27T12:00:08.4450873Z All checks passed!
quality (3.14, true)	UNKNOWN STEP	2026-09-27T12:00:08.4489441Z ##[group]Run uv run --locked ruff format --check src tests scripts
quality (3.14, true)	UNKNOWN STEP	2026-09-27T12:00:08.4489727Z ^[[36;1muv run --locked ruff format --check src tests scripts^[[0m
quality (3.14, true)	UNKNOWN STEP	2026-09-27T12:00:08.4542676Z shell: /usr/bin/bash -e {0}
quality (3.14, true)	UNKNOWN STEP	2026-09-27T12:00:08.4542826Z env:
quality (3.14, true)	UNKNOWN STEP	2026-09-27T12:00:08.4542975Z   UV_CACHE_DIR: /home/runner/work/_temp/setup-uv-cache
quality (3.14, true)	UNKNOWN STEP	2026-09-27T12:00:08.4543195Z   pythonLocation: /opt/hostedtoolcache/Python/3.14.7/x64
quality (3.14, true)	UNKNOWN STEP	2026-09-27T12:00:08.4543437Z   PKG_CONFIG_PATH: /opt/hostedtoolcache/Python/3.14.7/x64/lib/pkgconfig
quality (3.14, true)	UNKNOWN STEP	2026-09-27T12:00:08.4543673Z   Python_ROOT_DIR: /opt/hostedtoolcache/Python/3.14.7/x64
quality (3.14, true)	UNKNOWN STEP	2026-09-27T12:00:08.4543886Z   Python2_ROOT_DIR: /opt/hostedtoolcache/Python/3.14.7/x64
quality (3.14, true)	UNKNOWN STEP	2026-09-27T12:00:08.4544112Z   Python3_ROOT_DIR: /opt/hostedtoolcache/Python/3.14.7/x64
quality (3.14, true)	UNKNOWN STEP	2026-09-27T12:00:08.4544330Z   LD_LIBRARY_PATH: /opt/hostedtoolcache/Python/3.14.7/x64/lib
quality (3.14, true)	UNKNOWN STEP	2026-09-27T12:00:08.4544518Z ##[endgroup]
quality (3.14, true)	UNKNOWN STEP	2026-09-27T12:00:08.4837434Z 30 files already formatted
quality (3.14, true)	UNKNOWN STEP	2026-09-27T12:00:08.4875864Z ##[group]Run uv run --locked pyright
quality (3.14, true)	UNKNOWN STEP	2026-09-27T12:00:08.4876078Z ^[[36;1muv run --locked pyright^[[0m
quality (3.14, true)	UNKNOWN STEP	2026-09-27T12:00:08.4930154Z shell: /usr/bin/bash -e {0}
quality (3.14, true)	UNKNOWN STEP	2026-09-27T12:00:08.4930313Z env:
quality (3.14, true)	UNKNOWN STEP	2026-09-27T12:00:08.4930462Z   UV_CACHE_DIR: /home/runner/work/_temp/setup-uv-cache
quality (3.14, true)	UNKNOWN STEP	2026-09-27T12:00:08.4930682Z   pythonLocation: /opt/hostedtoolcache/Python/3.14.7/x64
quality (3.14, true)	UNKNOWN STEP	2026-09-27T12:00:08.4930926Z   PKG_CONFIG_PATH: /opt/hostedtoolcache/Python/3.14.7/x64/lib/pkgconfig
quality (3.14, true)	UNKNOWN STEP	2026-09-27T12:00:08.4931317Z   Python_ROOT_DIR: /opt/hostedtoolcache/Python/3.14.7/x64
quality (3.14, true)	UNKNOWN STEP	2026-09-27T12:00:08.4931535Z   Python2_ROOT_DIR: /opt/hostedtoolcache/Python/3.14.7/x64
quality (3.14, true)	UNKNOWN STEP	2026-09-27T12:00:08.4931894Z   Python3_ROOT_DIR: /opt/hostedtoolcache/Python/3.14.7/x64
quality (3.14, true)	UNKNOWN STEP	2026-09-27T12:00:08.4932150Z   LD_LIBRARY_PATH: /opt/hostedtoolcache/Python/3.14.7/x64/lib
quality (3.14, true)	UNKNOWN STEP	2026-09-27T12:00:08.4932339Z ##[endgroup]
quality (3.14, true)	UNKNOWN STEP	2026-09-27T12:00:10.0759594Z 0 errors, 0 warnings, 0 informations
quality (3.14, true)	UNKNOWN STEP	2026-09-27T12:00:10.0965515Z WARNING: there is a new pyright version available (v1.1.411 -> v1.1.414).
quality (3.14, true)	UNKNOWN STEP	2026-09-27T12:00:10.0966077Z Please install the new version or set PYRIGHT_PYTHON_FORCE_VERSION to `latest`
quality (3.14, true)	UNKNOWN STEP	2026-09-27T12:00:10.0966371Z 
quality (3.14, true)	UNKNOWN STEP	2026-09-27T12:00:10.1160361Z ##[group]Run uv run --no-sync coverage run -m pytest tests packages/research-snapshot/tests packages/research-bundle/tests -q
quality (3.14, true)	UNKNOWN STEP	2026-09-27T12:00:10.1160872Z ^[[36;1muv run --no-sync coverage run -m pytest tests packages/research-snapshot/tests packages/research-bundle/tests -q^[[0m
quality (3.14, true)	UNKNOWN STEP	2026-09-27T12:00:10.1215419Z shell: /usr/bin/bash -e {0}
quality (3.14, true)	UNKNOWN STEP	2026-09-27T12:00:10.1215569Z env:
quality (3.14, true)	UNKNOWN STEP	2026-09-27T12:00:10.1215716Z   UV_CACHE_DIR: /home/runner/work/_temp/setup-uv-cache
quality (3.14, true)	UNKNOWN STEP	2026-09-27T12:00:10.1215939Z   pythonLocation: /opt/hostedtoolcache/Python/3.14.7/x64
quality (3.14, true)	UNKNOWN STEP	2026-09-27T12:00:10.1216194Z   PKG_CONFIG_PATH: /opt/hostedtoolcache/Python/3.14.7/x64/lib/pkgconfig
quality (3.14, true)	UNKNOWN STEP	2026-09-27T12:00:10.1216432Z   Python_ROOT_DIR: /opt/hostedtoolcache/Python/3.14.7/x64
quality (3.14, true)	UNKNOWN STEP	2026-09-27T12:00:10.1216651Z   Python2_ROOT_DIR: /opt/hostedtoolcache/Python/3.14.7/x64
quality (3.14, true)	UNKNOWN STEP	2026-09-27T12:00:10.1216860Z   Python3_ROOT_DIR: /opt/hostedtoolcache/Python/3.14.7/x64
quality (3.14, true)	UNKNOWN STEP	2026-09-27T12:00:10.1217079Z   LD_LIBRARY_PATH: /opt/hostedtoolcache/Python/3.14.7/x64/lib
quality (3.14, true)	UNKNOWN STEP	2026-09-27T12:00:10.1217305Z ##[endgroup]
quality (3.14, true)	UNKNOWN STEP	2026-09-27T12:00:12.0177892Z ............................F........................................... [ 45%]
quality (3.14, true)	UNKNOWN STEP	2026-09-27T12:00:12.3644748Z ........................................................................ [ 90%]
quality (3.14, true)	UNKNOWN STEP	2026-09-27T12:00:12.5459586Z ................                                                         [100%]
quality (3.14, true)	UNKNOWN STEP	2026-09-27T12:00:12.5460007Z =================================== FAILURES ===================================
quality (3.14, true)	UNKNOWN STEP	2026-09-27T12:00:12.5460408Z _________ test_real_registry_has_current_hash_verified_target_harness __________
quality (3.14, true)	UNKNOWN STEP	2026-09-27T12:00:12.5461326Z 
quality (3.14, true)	UNKNOWN STEP	2026-09-27T12:00:12.5461548Z     def test_real_registry_has_current_hash_verified_target_harness() -> None:
quality (3.14, true)	UNKNOWN STEP	2026-09-27T12:00:12.5461903Z >       assert drift.check_offline() == []
quality (3.14, true)	UNKNOWN STEP	2026-09-27T12:00:12.5462230Z E       AssertionError: assert ['cripto-pred...egue ALIGNED'] == []
quality (3.14, true)	UNKNOWN STEP	2026-09-27T12:00:12.5462511Z E         
quality (3.14, true)	UNKNOWN STEP	2026-09-27T12:00:12.5462787Z E         Left contains 2 more items, first extra item: 'cripto-predictor: atestado venceu em 2026-09-27T02:02:47Z e segue ALIGNED'
quality (3.14, true)	UNKNOWN STEP	2026-09-27T12:00:12.5463071Z E         
quality (3.14, true)	UNKNOWN STEP	2026-09-27T12:00:12.5463178Z E         Full diff:
quality (3.14, true)	UNKNOWN STEP	2026-09-27T12:00:12.5463306Z E         - []
quality (3.14, true)	UNKNOWN STEP	2026-09-27T12:00:12.5463417Z E         + [
quality (3.14, true)	UNKNOWN STEP	2026-09-27T12:00:12.5463607Z E         +     'cripto-predictor: atestado venceu em 2026-09-27T02:02:47Z e segue ALIGNED',
quality (3.14, true)	UNKNOWN STEP	2026-09-27T12:00:12.5463893Z E         +     'cripto-predictor: atestado venceu em 2026-09-27T02:02:16Z e segue ALIGNED',
quality (3.14, true)	UNKNOWN STEP	2026-09-27T12:00:12.5464106Z E         + ]
quality (3.14, true)	UNKNOWN STEP	2026-09-27T12:00:12.5464169Z 
quality (3.14, true)	UNKNOWN STEP	2026-09-27T12:00:12.5464250Z tests/test_ecosystem_drift.py:170: AssertionError
quality (3.14, true)	UNKNOWN STEP	2026-09-27T12:00:12.5464451Z =========================== short test summary info ============================
quality (3.14, true)	UNKNOWN STEP	2026-09-27T12:00:12.5464880Z FAILED tests/test_ecosystem_drift.py::test_real_registry_has_current_hash_verified_target_harness - AssertionError: assert ['cripto-pred...egue ALIGNED'] == []
quality (3.14, true)	UNKNOWN STEP	2026-09-27T12:00:12.5465235Z   
quality (3.14, true)	UNKNOWN STEP	2026-09-27T12:00:12.5465480Z   Left contains 2 more items, first extra item: 'cripto-predictor: atestado venceu em 2026-09-27T02:02:47Z e segue ALIGNED'
quality (3.14, true)	UNKNOWN STEP	2026-09-27T12:00:12.5465752Z   
quality (3.14, true)	UNKNOWN STEP	2026-09-27T12:00:12.5465850Z   Full diff:
quality (3.14, true)	UNKNOWN STEP	2026-09-27T12:00:12.5465960Z   - []
quality (3.14, true)	UNKNOWN STEP	2026-09-27T12:00:12.5466063Z   + [
quality (3.14, true)	UNKNOWN STEP	2026-09-27T12:00:12.5466235Z   +     'cripto-predictor: atestado venceu em 2026-09-27T02:02:47Z e segue ALIGNED',
quality (3.14, true)	UNKNOWN STEP	2026-09-27T12:00:12.5466506Z   +     'cripto-predictor: atestado venceu em 2026-09-27T02:02:16Z e segue ALIGNED',
quality (3.14, true)	UNKNOWN STEP	2026-09-27T12:00:12.5466708Z   + ]
quality (3.14, true)	UNKNOWN STEP	2026-09-27T12:00:12.5466824Z 1 failed, 159 passed in 0.91s
quality (3.14, true)	UNKNOWN STEP	2026-09-27T12:00:12.6329666Z ##[error]Process completed with exit code 1.
quality (3.14, true)	UNKNOWN STEP	2026-09-27T12:00:12.6423988Z Post job cleanup.
quality (3.14, true)	UNKNOWN STEP	2026-09-27T12:00:12.6981753Z [command]/usr/bin/git version
quality (3.14, true)	UNKNOWN STEP	2026-09-27T12:00:12.7011431Z git version 2.55.0
quality (3.14, true)	UNKNOWN STEP	2026-09-27T12:00:12.7036098Z Temporarily overriding HOME='/home/runner/work/_temp/433f61a7-9601-45e5-a1bf-f582ca985bf2' before making global git config changes
quality (3.14, true)	UNKNOWN STEP	2026-09-27T12:00:12.7037129Z Adding repository directory to the temporary git global config as a safe directory
quality (3.14, true)	UNKNOWN STEP	2026-09-27T12:00:12.7039552Z [command]/usr/bin/git config --global --add safe.directory /home/runner/work/ecosystem-predictor/ecosystem-predictor
quality (3.14, true)	UNKNOWN STEP	2026-09-27T12:00:12.7080515Z [command]/usr/bin/git config --local --name-only --get-regexp core\.sshCommand
quality (3.14, true)	UNKNOWN STEP	2026-09-27T12:00:12.7110917Z [command]/usr/bin/git submodule foreach --recursive sh -c "git config --local --name-only --get-regexp 'core\.sshCommand' && git config --local --unset-all 'core.sshCommand' || :"
quality (3.14, true)	UNKNOWN STEP	2026-09-27T12:00:12.7312492Z [command]/usr/bin/git config --local --name-only --get-regexp http\.https\:\/\/github\.com\/\.extraheader
quality (3.14, true)	UNKNOWN STEP	2026-09-27T12:00:12.7339324Z http.https://github.com/.extraheader
quality (3.14, true)	UNKNOWN STEP	2026-09-27T12:00:12.7348919Z [command]/usr/bin/git config --local --unset-all http.https://github.com/.extraheader
quality (3.14, true)	UNKNOWN STEP	2026-09-27T12:00:12.7380737Z [command]/usr/bin/git submodule foreach --recursive sh -c "git config --local --name-only --get-regexp 'http\.https\:\/\/github\.com\/\.extraheader' && git config --local --unset-all 'http.https://github.com/.extraheader' || :"
quality (3.14, true)	UNKNOWN STEP	2026-09-27T12:00:12.7592526Z [command]/usr/bin/git config --local --name-only --get-regexp ^includeIf\.gitdir:
quality (3.14, true)	UNKNOWN STEP	2026-09-27T12:00:12.7622848Z [command]/usr/bin/git submodule foreach --recursive git config --local --show-origin --name-only --get-regexp remote.origin.url
quality (3.14, true)	UNKNOWN STEP	2026-09-27T12:00:12.7925318Z Cleaning up orphan processes
quality (3.14, true)	UNKNOWN STEP	2026-09-27T12:00:12.8118330Z ##[warning]Node.js 20 is deprecated. The following actions target Node.js 20 but are being forced to run on Node.js 24: actions/checkout@v4, actions/setup-python@v5, astral-sh/setup-uv@v6. For more information see: https://github.blog/changelog/2025-09-19-deprecation-of-node-20-on-github-actions-runners/
