quality (3.13, false)	Run uv run --no-sync coverage run -m pytest tests packages/research-snapshot/tests packages/research-bundle/tests -q	﻿2026-09-27T21:03:00.8902133Z ##[group]Run uv run --no-sync coverage run -m pytest tests packages/research-snapshot/tests packages/research-bundle/tests -q
quality (3.13, false)	Run uv run --no-sync coverage run -m pytest tests packages/research-snapshot/tests packages/research-bundle/tests -q	2026-09-27T21:03:00.8903085Z ^[[36;1muv run --no-sync coverage run -m pytest tests packages/research-snapshot/tests packages/research-bundle/tests -q^[[0m
quality (3.13, false)	Run uv run --no-sync coverage run -m pytest tests packages/research-snapshot/tests packages/research-bundle/tests -q	2026-09-27T21:03:00.8967477Z shell: /usr/bin/bash -e {0}
quality (3.13, false)	Run uv run --no-sync coverage run -m pytest tests packages/research-snapshot/tests packages/research-bundle/tests -q	2026-09-27T21:03:00.8967757Z env:
quality (3.13, false)	Run uv run --no-sync coverage run -m pytest tests packages/research-snapshot/tests packages/research-bundle/tests -q	2026-09-27T21:03:00.8968021Z   UV_CACHE_DIR: /home/runner/work/_temp/setup-uv-cache
quality (3.13, false)	Run uv run --no-sync coverage run -m pytest tests packages/research-snapshot/tests packages/research-bundle/tests -q	2026-09-27T21:03:00.8968614Z   pythonLocation: /opt/hostedtoolcache/Python/3.13.15/x64
quality (3.13, false)	Run uv run --no-sync coverage run -m pytest tests packages/research-snapshot/tests packages/research-bundle/tests -q	2026-09-27T21:03:00.8969102Z   PKG_CONFIG_PATH: /opt/hostedtoolcache/Python/3.13.15/x64/lib/pkgconfig
quality (3.13, false)	Run uv run --no-sync coverage run -m pytest tests packages/research-snapshot/tests packages/research-bundle/tests -q	2026-09-27T21:03:00.8969569Z   Python_ROOT_DIR: /opt/hostedtoolcache/Python/3.13.15/x64
quality (3.13, false)	Run uv run --no-sync coverage run -m pytest tests packages/research-snapshot/tests packages/research-bundle/tests -q	2026-09-27T21:03:00.8969980Z   Python2_ROOT_DIR: /opt/hostedtoolcache/Python/3.13.15/x64
quality (3.13, false)	Run uv run --no-sync coverage run -m pytest tests packages/research-snapshot/tests packages/research-bundle/tests -q	2026-09-27T21:03:00.8970402Z   Python3_ROOT_DIR: /opt/hostedtoolcache/Python/3.13.15/x64
quality (3.13, false)	Run uv run --no-sync coverage run -m pytest tests packages/research-snapshot/tests packages/research-bundle/tests -q	2026-09-27T21:03:00.8970836Z   LD_LIBRARY_PATH: /opt/hostedtoolcache/Python/3.13.15/x64/lib
quality (3.13, false)	Run uv run --no-sync coverage run -m pytest tests packages/research-snapshot/tests packages/research-bundle/tests -q	2026-09-27T21:03:00.8971238Z ##[endgroup]
quality (3.13, false)	Run uv run --no-sync coverage run -m pytest tests packages/research-snapshot/tests packages/research-bundle/tests -q	2026-09-27T21:03:02.5651308Z ............................F........................................... [ 45%]
quality (3.13, false)	Run uv run --no-sync coverage run -m pytest tests packages/research-snapshot/tests packages/research-bundle/tests -q	2026-09-27T21:03:02.7176331Z ........................................................................ [ 90%]
quality (3.13, false)	Run uv run --no-sync coverage run -m pytest tests packages/research-snapshot/tests packages/research-bundle/tests -q	2026-09-27T21:03:03.0870117Z ................                                                         [100%]
quality (3.13, false)	Run uv run --no-sync coverage run -m pytest tests packages/research-snapshot/tests packages/research-bundle/tests -q	2026-09-27T21:03:03.0871010Z =================================== FAILURES ===================================
quality (3.13, false)	Run uv run --no-sync coverage run -m pytest tests packages/research-snapshot/tests packages/research-bundle/tests -q	2026-09-27T21:03:03.0872019Z _________ test_real_registry_has_current_hash_verified_target_harness __________
quality (3.13, false)	Run uv run --no-sync coverage run -m pytest tests packages/research-snapshot/tests packages/research-bundle/tests -q	2026-09-27T21:03:03.0872715Z 
quality (3.13, false)	Run uv run --no-sync coverage run -m pytest tests packages/research-snapshot/tests packages/research-bundle/tests -q	2026-09-27T21:03:03.0873170Z     def test_real_registry_has_current_hash_verified_target_harness() -> None:
quality (3.13, false)	Run uv run --no-sync coverage run -m pytest tests packages/research-snapshot/tests packages/research-bundle/tests -q	2026-09-27T21:03:03.0874058Z >       assert drift.check_offline() == []
quality (3.13, false)	Run uv run --no-sync coverage run -m pytest tests packages/research-snapshot/tests packages/research-bundle/tests -q	2026-09-27T21:03:03.0874648Z E       AssertionError: assert ['cripto-pred...egue ALIGNED'] == []
quality (3.13, false)	Run uv run --no-sync coverage run -m pytest tests packages/research-snapshot/tests packages/research-bundle/tests -q	2026-09-27T21:03:03.0875194Z E         
quality (3.13, false)	Run uv run --no-sync coverage run -m pytest tests packages/research-snapshot/tests packages/research-bundle/tests -q	2026-09-27T21:03:03.0876495Z E         Left contains 2 more items, first extra item: 'cripto-predictor: atestado venceu em 2026-09-27T02:02:47Z e segue ALIGNED'
quality (3.13, false)	Run uv run --no-sync coverage run -m pytest tests packages/research-snapshot/tests packages/research-bundle/tests -q	2026-09-27T21:03:03.0877403Z E         
quality (3.13, false)	Run uv run --no-sync coverage run -m pytest tests packages/research-snapshot/tests packages/research-bundle/tests -q	2026-09-27T21:03:03.0877687Z E         Full diff:
quality (3.13, false)	Run uv run --no-sync coverage run -m pytest tests packages/research-snapshot/tests packages/research-bundle/tests -q	2026-09-27T21:03:03.0878005Z E         - []
quality (3.13, false)	Run uv run --no-sync coverage run -m pytest tests packages/research-snapshot/tests packages/research-bundle/tests -q	2026-09-27T21:03:03.0878294Z E         + [
quality (3.13, false)	Run uv run --no-sync coverage run -m pytest tests packages/research-snapshot/tests packages/research-bundle/tests -q	2026-09-27T21:03:03.0878823Z E         +     'cripto-predictor: atestado venceu em 2026-09-27T02:02:47Z e segue ALIGNED',
quality (3.13, false)	Run uv run --no-sync coverage run -m pytest tests packages/research-snapshot/tests packages/research-bundle/tests -q	2026-09-27T21:03:03.0879678Z E         +     'cripto-predictor: atestado venceu em 2026-09-27T02:02:16Z e segue ALIGNED',
quality (3.13, false)	Run uv run --no-sync coverage run -m pytest tests packages/research-snapshot/tests packages/research-bundle/tests -q	2026-09-27T21:03:03.0880297Z E         + ]
quality (3.13, false)	Run uv run --no-sync coverage run -m pytest tests packages/research-snapshot/tests packages/research-bundle/tests -q	2026-09-27T21:03:03.0880467Z 
quality (3.13, false)	Run uv run --no-sync coverage run -m pytest tests packages/research-snapshot/tests packages/research-bundle/tests -q	2026-09-27T21:03:03.0880662Z tests/test_ecosystem_drift.py:170: AssertionError
quality (3.13, false)	Run uv run --no-sync coverage run -m pytest tests packages/research-snapshot/tests packages/research-bundle/tests -q	2026-09-27T21:03:03.0881235Z =========================== short test summary info ============================
quality (3.13, false)	Run uv run --no-sync coverage run -m pytest tests packages/research-snapshot/tests packages/research-bundle/tests -q	2026-09-27T21:03:03.0882399Z FAILED tests/test_ecosystem_drift.py::test_real_registry_has_current_hash_verified_target_harness - AssertionError: assert ['cripto-pred...egue ALIGNED'] == []
quality (3.13, false)	Run uv run --no-sync coverage run -m pytest tests packages/research-snapshot/tests packages/research-bundle/tests -q	2026-09-27T21:03:03.0883245Z   
quality (3.13, false)	Run uv run --no-sync coverage run -m pytest tests packages/research-snapshot/tests packages/research-bundle/tests -q	2026-09-27T21:03:03.0883808Z   Left contains 2 more items, first extra item: 'cripto-predictor: atestado venceu em 2026-09-27T02:02:47Z e segue ALIGNED'
quality (3.13, false)	Run uv run --no-sync coverage run -m pytest tests packages/research-snapshot/tests packages/research-bundle/tests -q	2026-09-27T21:03:03.0884474Z   
quality (3.13, false)	Run uv run --no-sync coverage run -m pytest tests packages/research-snapshot/tests packages/research-bundle/tests -q	2026-09-27T21:03:03.0884704Z   Full diff:
quality (3.13, false)	Run uv run --no-sync coverage run -m pytest tests packages/research-snapshot/tests packages/research-bundle/tests -q	2026-09-27T21:03:03.0884930Z   - []
quality (3.13, false)	Run uv run --no-sync coverage run -m pytest tests packages/research-snapshot/tests packages/research-bundle/tests -q	2026-09-27T21:03:03.0885151Z   + [
quality (3.13, false)	Run uv run --no-sync coverage run -m pytest tests packages/research-snapshot/tests packages/research-bundle/tests -q	2026-09-27T21:03:03.0885542Z   +     'cripto-predictor: atestado venceu em 2026-09-27T02:02:47Z e segue ALIGNED',
quality (3.13, false)	Run uv run --no-sync coverage run -m pytest tests packages/research-snapshot/tests packages/research-bundle/tests -q	2026-09-27T21:03:03.0886343Z   +     'cripto-predictor: atestado venceu em 2026-09-27T02:02:16Z e segue ALIGNED',
quality (3.13, false)	Run uv run --no-sync coverage run -m pytest tests packages/research-snapshot/tests packages/research-bundle/tests -q	2026-09-27T21:03:03.0886824Z   + ]
quality (3.13, false)	Run uv run --no-sync coverage run -m pytest tests packages/research-snapshot/tests packages/research-bundle/tests -q	2026-09-27T21:03:03.0887057Z 1 failed, 159 passed in 1.27s
quality (3.13, false)	Run uv run --no-sync coverage run -m pytest tests packages/research-snapshot/tests packages/research-bundle/tests -q	2026-09-27T21:03:03.1580045Z ##[error]Process completed with exit code 1.
quality (3.14, true)	Run uv run --no-sync coverage run -m pytest tests packages/research-snapshot/tests packages/research-bundle/tests -q	﻿2026-09-27T21:03:01.6345305Z ##[group]Run uv run --no-sync coverage run -m pytest tests packages/research-snapshot/tests packages/research-bundle/tests -q
quality (3.14, true)	Run uv run --no-sync coverage run -m pytest tests packages/research-snapshot/tests packages/research-bundle/tests -q	2026-09-27T21:03:01.6346744Z ^[[36;1muv run --no-sync coverage run -m pytest tests packages/research-snapshot/tests packages/research-bundle/tests -q^[[0m
quality (3.14, true)	Run uv run --no-sync coverage run -m pytest tests packages/research-snapshot/tests packages/research-bundle/tests -q	2026-09-27T21:03:01.6412054Z shell: /usr/bin/bash -e {0}
quality (3.14, true)	Run uv run --no-sync coverage run -m pytest tests packages/research-snapshot/tests packages/research-bundle/tests -q	2026-09-27T21:03:01.6412386Z env:
quality (3.14, true)	Run uv run --no-sync coverage run -m pytest tests packages/research-snapshot/tests packages/research-bundle/tests -q	2026-09-27T21:03:01.6412705Z   UV_CACHE_DIR: /home/runner/work/_temp/setup-uv-cache
quality (3.14, true)	Run uv run --no-sync coverage run -m pytest tests packages/research-snapshot/tests packages/research-bundle/tests -q	2026-09-27T21:03:01.6413404Z   pythonLocation: /opt/hostedtoolcache/Python/3.14.7/x64
quality (3.14, true)	Run uv run --no-sync coverage run -m pytest tests packages/research-snapshot/tests packages/research-bundle/tests -q	2026-09-27T21:03:01.6413971Z   PKG_CONFIG_PATH: /opt/hostedtoolcache/Python/3.14.7/x64/lib/pkgconfig
quality (3.14, true)	Run uv run --no-sync coverage run -m pytest tests packages/research-snapshot/tests packages/research-bundle/tests -q	2026-09-27T21:03:01.6414782Z   Python_ROOT_DIR: /opt/hostedtoolcache/Python/3.14.7/x64
quality (3.14, true)	Run uv run --no-sync coverage run -m pytest tests packages/research-snapshot/tests packages/research-bundle/tests -q	2026-09-27T21:03:01.6415285Z   Python2_ROOT_DIR: /opt/hostedtoolcache/Python/3.14.7/x64
quality (3.14, true)	Run uv run --no-sync coverage run -m pytest tests packages/research-snapshot/tests packages/research-bundle/tests -q	2026-09-27T21:03:01.6416105Z   Python3_ROOT_DIR: /opt/hostedtoolcache/Python/3.14.7/x64
quality (3.14, true)	Run uv run --no-sync coverage run -m pytest tests packages/research-snapshot/tests packages/research-bundle/tests -q	2026-09-27T21:03:01.6416624Z   LD_LIBRARY_PATH: /opt/hostedtoolcache/Python/3.14.7/x64/lib
quality (3.14, true)	Run uv run --no-sync coverage run -m pytest tests packages/research-snapshot/tests packages/research-bundle/tests -q	2026-09-27T21:03:01.6417050Z ##[endgroup]
quality (3.14, true)	Run uv run --no-sync coverage run -m pytest tests packages/research-snapshot/tests packages/research-bundle/tests -q	2026-09-27T21:03:03.5274275Z ............................F........................................... [ 45%]
quality (3.14, true)	Run uv run --no-sync coverage run -m pytest tests packages/research-snapshot/tests packages/research-bundle/tests -q	2026-09-27T21:03:03.6112639Z ........................................................................ [ 90%]
quality (3.14, true)	Run uv run --no-sync coverage run -m pytest tests packages/research-snapshot/tests packages/research-bundle/tests -q	2026-09-27T21:03:03.8338084Z ................                                                         [100%]
quality (3.14, true)	Run uv run --no-sync coverage run -m pytest tests packages/research-snapshot/tests packages/research-bundle/tests -q	2026-09-27T21:03:03.8339150Z =================================== FAILURES ===================================
quality (3.14, true)	Run uv run --no-sync coverage run -m pytest tests packages/research-snapshot/tests packages/research-bundle/tests -q	2026-09-27T21:03:03.8340380Z _________ test_real_registry_has_current_hash_verified_target_harness __________
quality (3.14, true)	Run uv run --no-sync coverage run -m pytest tests packages/research-snapshot/tests packages/research-bundle/tests -q	2026-09-27T21:03:03.8341202Z 
quality (3.14, true)	Run uv run --no-sync coverage run -m pytest tests packages/research-snapshot/tests packages/research-bundle/tests -q	2026-09-27T21:03:03.8341784Z     def test_real_registry_has_current_hash_verified_target_harness() -> None:
quality (3.14, true)	Run uv run --no-sync coverage run -m pytest tests packages/research-snapshot/tests packages/research-bundle/tests -q	2026-09-27T21:03:03.8342839Z >       assert drift.check_offline() == []
quality (3.14, true)	Run uv run --no-sync coverage run -m pytest tests packages/research-snapshot/tests packages/research-bundle/tests -q	2026-09-27T21:03:03.8343795Z E       AssertionError: assert ['cripto-pred...egue ALIGNED'] == []
quality (3.14, true)	Run uv run --no-sync coverage run -m pytest tests packages/research-snapshot/tests packages/research-bundle/tests -q	2026-09-27T21:03:03.8344712Z E         
quality (3.14, true)	Run uv run --no-sync coverage run -m pytest tests packages/research-snapshot/tests packages/research-bundle/tests -q	2026-09-27T21:03:03.8346048Z E         Left contains 2 more items, first extra item: 'cripto-predictor: atestado venceu em 2026-09-27T02:02:47Z e segue ALIGNED'
quality (3.14, true)	Run uv run --no-sync coverage run -m pytest tests packages/research-snapshot/tests packages/research-bundle/tests -q	2026-09-27T21:03:03.8347062Z E         
quality (3.14, true)	Run uv run --no-sync coverage run -m pytest tests packages/research-snapshot/tests packages/research-bundle/tests -q	2026-09-27T21:03:03.8347400Z E         Full diff:
quality (3.14, true)	Run uv run --no-sync coverage run -m pytest tests packages/research-snapshot/tests packages/research-bundle/tests -q	2026-09-27T21:03:03.8347750Z E         - []
quality (3.14, true)	Run uv run --no-sync coverage run -m pytest tests packages/research-snapshot/tests packages/research-bundle/tests -q	2026-09-27T21:03:03.8348081Z E         + [
quality (3.14, true)	Run uv run --no-sync coverage run -m pytest tests packages/research-snapshot/tests packages/research-bundle/tests -q	2026-09-27T21:03:03.8348674Z E         +     'cripto-predictor: atestado venceu em 2026-09-27T02:02:47Z e segue ALIGNED',
quality (3.14, true)	Run uv run --no-sync coverage run -m pytest tests packages/research-snapshot/tests packages/research-bundle/tests -q	2026-09-27T21:03:03.8349606Z E         +     'cripto-predictor: atestado venceu em 2026-09-27T02:02:16Z e segue ALIGNED',
quality (3.14, true)	Run uv run --no-sync coverage run -m pytest tests packages/research-snapshot/tests packages/research-bundle/tests -q	2026-09-27T21:03:03.8350328Z E         + ]
quality (3.14, true)	Run uv run --no-sync coverage run -m pytest tests packages/research-snapshot/tests packages/research-bundle/tests -q	2026-09-27T21:03:03.8350540Z 
quality (3.14, true)	Run uv run --no-sync coverage run -m pytest tests packages/research-snapshot/tests packages/research-bundle/tests -q	2026-09-27T21:03:03.8350787Z tests/test_ecosystem_drift.py:170: AssertionError
quality (3.14, true)	Run uv run --no-sync coverage run -m pytest tests packages/research-snapshot/tests packages/research-bundle/tests -q	2026-09-27T21:03:03.8351454Z =========================== short test summary info ============================
quality (3.14, true)	Run uv run --no-sync coverage run -m pytest tests packages/research-snapshot/tests packages/research-bundle/tests -q	2026-09-27T21:03:03.8352987Z FAILED tests/test_ecosystem_drift.py::test_real_registry_has_current_hash_verified_target_harness - AssertionError: assert ['cripto-pred...egue ALIGNED'] == []
quality (3.14, true)	Run uv run --no-sync coverage run -m pytest tests packages/research-snapshot/tests packages/research-bundle/tests -q	2026-09-27T21:03:03.8354362Z   
quality (3.14, true)	Run uv run --no-sync coverage run -m pytest tests packages/research-snapshot/tests packages/research-bundle/tests -q	2026-09-27T21:03:03.8355303Z   Left contains 2 more items, first extra item: 'cripto-predictor: atestado venceu em 2026-09-27T02:02:47Z e segue ALIGNED'
quality (3.14, true)	Run uv run --no-sync coverage run -m pytest tests packages/research-snapshot/tests packages/research-bundle/tests -q	2026-09-27T21:03:03.8356614Z   
quality (3.14, true)	Run uv run --no-sync coverage run -m pytest tests packages/research-snapshot/tests packages/research-bundle/tests -q	2026-09-27T21:03:03.8356957Z   Full diff:
quality (3.14, true)	Run uv run --no-sync coverage run -m pytest tests packages/research-snapshot/tests packages/research-bundle/tests -q	2026-09-27T21:03:03.8357305Z   - []
quality (3.14, true)	Run uv run --no-sync coverage run -m pytest tests packages/research-snapshot/tests packages/research-bundle/tests -q	2026-09-27T21:03:03.8357651Z   + [
quality (3.14, true)	Run uv run --no-sync coverage run -m pytest tests packages/research-snapshot/tests packages/research-bundle/tests -q	2026-09-27T21:03:03.8358235Z   +     'cripto-predictor: atestado venceu em 2026-09-27T02:02:47Z e segue ALIGNED',
quality (3.14, true)	Run uv run --no-sync coverage run -m pytest tests packages/research-snapshot/tests packages/research-bundle/tests -q	2026-09-27T21:03:03.8359220Z   +     'cripto-predictor: atestado venceu em 2026-09-27T02:02:16Z e segue ALIGNED',
quality (3.14, true)	Run uv run --no-sync coverage run -m pytest tests packages/research-snapshot/tests packages/research-bundle/tests -q	2026-09-27T21:03:03.8359940Z   + ]
quality (3.14, true)	Run uv run --no-sync coverage run -m pytest tests packages/research-snapshot/tests packages/research-bundle/tests -q	2026-09-27T21:03:03.8360318Z 1 failed, 159 passed in 0.89s
quality (3.14, true)	Run uv run --no-sync coverage run -m pytest tests packages/research-snapshot/tests packages/research-bundle/tests -q	2026-09-27T21:03:03.9121850Z ##[error]Process completed with exit code 1.
