{"n": 1, "label": "propose 1", "at": "2026-09-30T00:02:55Z", "seconds": 0.149, "argv": ["/home/runner/work/_temp/work/rt/cain-venv/bin/cain", "research", "propose", "--domain", "crypto", "--state", "/home/runner/work/_temp/work/failures/F02/cain-state", "--proposal", "/home/runner/work/_temp/work/failures/F02/proposals/1.json", "--as-of", "2026-09-30T00:02:55Z"], "fault_env": {}, "exit": 0}
--- stdout
{"decision": "ALLOW", "episode_id": "crypto:episode-1", "reason_code": "ALLOWED", "receipt_sha256": "1e27f7aec87b6f8b6049b8a475f7a450df6086173f7db7fd2c6398fd35b6ce56", "rule": "R14", "status": "RECORDED", "task": {"payload_sha256": "6fb99ad75c4593ed524fe32f73864f2b310af10418de69505fe32bb9fd2978b8", "previous_task_id": null, "task_id": "crypto:TASK-1ad58274042746ffd3513960f89476c7"}}
--- stderr
--- end
{"n": 2, "label": "dispatch (fault)", "at": "2026-09-30T00:02:56Z", "seconds": 0.11, "argv": ["/home/runner/work/_temp/work/rt/cain-venv/bin/cain", "research", "dispatch", "--domain", "crypto", "--state", "/home/runner/work/_temp/work/failures/F02/cain-state", "--spool", "/home/runner/work/_temp/work/failures/F02/spool"], "fault_env": {"CAIN_ORCHESTRATION_FAULT": "after_spool_write_before_ack"}, "exit": 86}
--- stdout
--- stderr
--- end
{"n": 3, "label": "dispatch after restart", "at": "2026-09-30T00:02:56Z", "seconds": 0.125, "argv": ["/home/runner/work/_temp/work/rt/cain-venv/bin/cain", "research", "dispatch", "--domain", "crypto", "--state", "/home/runner/work/_temp/work/failures/F02/cain-state", "--spool", "/home/runner/work/_temp/work/failures/F02/spool"], "fault_env": {}, "exit": 0}
--- stdout
{"action": "dispatched", "file": "crypto/tasks/TASK-1ad58274042746ffd3513960f89476c7.json", "spool": "EXISTS", "task_id": "crypto:TASK-1ad58274042746ffd3513960f89476c7"}
--- stderr
--- end
{"n": 4, "label": "consumer", "at": "2026-09-30T00:02:56Z", "seconds": 0.45, "argv": ["/home/runner/work/_temp/work/rt/consumer-venv/bin/predictor-research-consumer", "--domain", "crypto", "--spool", "/home/runner/work/_temp/work/failures/F02/spool", "--ledger", "/home/runner/work/_temp/work/failures/F02/consumer/ledger.sqlite", "--state", "/home/runner/work/_temp/work/failures/F02/domain-state", "--policy", "/home/runner/work/_temp/work/rt/op/policy.json", "--objects", "/home/runner/work/_temp/work/rt/op/objects"], "fault_env": {}, "exit": 0}
--- stdout
{"action": "delivered", "attempt": 1, "class": "TERMINAL_RESULT", "episode_id": "crypto:episode-1", "result_file": "crypto/results/TASK-1ad58274042746ffd3513960f89476c7.0dce321ad0d83813.json", "result_write": "WRITTEN", "status": "RESULT", "task_id": "crypto:TASK-1ad58274042746ffd3513960f89476c7"}
--- stderr
{"duration_ms": 207, "event": "job_finished", "job_id": "crypto-research-a6e8223c91b24d4888dde718", "level": "INFO", "run_id": "ae787695042e492eaa38f40338a78754", "run_status": "SUCCEEDED", "service": "predictor_ops", "timestamp": "2026-09-30T00:02:56.570849Z"}
--- end
{"n": 5, "label": "ingest", "at": "2026-09-30T00:02:56Z", "seconds": 0.127, "argv": ["/home/runner/work/_temp/work/rt/cain-venv/bin/cain", "research", "ingest", "--domain", "crypto", "--state", "/home/runner/work/_temp/work/failures/F02/cain-state", "--spool", "/home/runner/work/_temp/work/failures/F02/spool"], "fault_env": {}, "exit": 0}
--- stdout
{"action": "ingested", "class": "TERMINAL_RESULT", "fact": "fact:2fc83a0584ad435f9f80202a2a51a63b", "file": "TASK-1ad58274042746ffd3513960f89476c7.0dce321ad0d83813.json", "status": "RESULT", "task_id": "crypto:TASK-1ad58274042746ffd3513960f89476c7"}
--- stderr
--- end
{"n": 6, "label": "domain saw one request", "at": "2026-09-30T00:02:56Z", "seconds": 0.123, "argv": ["/home/runner/work/_temp/work/rt/cain-venv/bin/cain", "research", "episodes", "--domain", "crypto", "--state", "/home/runner/work/_temp/work/failures/F02/cain-state"], "fault_env": {}, "exit": 0}
--- stdout
{"domain": "crypto", "episodes": [{"as_of": "2026-09-30T00:02:55Z", "decision": "ALLOW", "number": 1, "outbox": {"dispatches": 1, "retries_requested": 0, "status": "PUBLISHED", "task_id": "crypto:TASK-1ad58274042746ffd3513960f89476c7"}, "proposal_id": "cain:FM-F02-1", "reason_code": "ALLOWED", "receipt_sha256": "1e27f7aec87b6f8b6049b8a475f7a450df6086173f7db7fd2c6398fd35b6ce56", "source": "operator", "task_id": "crypto:TASK-1ad58274042746ffd3513960f89476c7"}], "inbox": [{"class": "TERMINAL_RESULT", "fact_id": "fact:2fc83a0584ad435f9f80202a2a51a63b", "payload_sha256": "590358c7f5a6820afd34474a01431b6fd0a155e2a8a331706e95a7e170255a05", "status": "RESULT", "task_id": "crypto:TASK-1ad58274042746ffd3513960f89476c7"}], "memory": {"broken_at": null, "cube": "crypto", "facts": 1, "log": "shared across domains", "projection": "consistent", "status": "intact"}, "rejections": []}
--- stderr
--- end
