run_at 2026-09-28T02:52:06Z host DESKTOP-EJPA2MT (PC 2, WSL — evidência de engenharia da regra R8, D-18/D-24; nunca gate)
python Python 3.13.15 repo_head 48088bdcb9eaa764175492bb95b5fbe530e6e08b dirty_files 2
source_sha256_before 34b774681cbd201ef197fb98af8d431e4d7302e801f58b66e54036d2935dc4f4 bytes 79798375
receipt[3] {"url": "https://bvmf.bmfbovespa.com.br/InstDados/SerHist/COTAHIST_A2026.ZIP", "requested_at_utc": "2026-09-10T15:19:59.621566+00:00", "status": 200, "final_url": "https://bvmf.bmfbovespa.com.br/InstDados/SerHist/COTAHIST_A2026.ZIP", "content_type": "application/x-zip-compressed", "bytes": 79798375, "sha256": "34b774681cbd201ef197fb98af8d431e4d7302e801f58b66e54036d2935dc4f4", "signature": "504b030414000808", "path": "C:\\STOCKS\\work\\gap-resolution-r6-20260910\\raw\\COTAHIST_A2026.ZIP", "completed_at_utc": "2026-09-10T15:20:27.036342+00:00"}
{"command": "init", "seconds": 0.010890680001466535}
{"command": "ingest", "seconds": 10.582202567999047}
{"command": "ingest", "seconds": 10.449072002998946}
{"command": "inspect", "seconds": 0.2477691109997977}
{"command": "snapshot", "seconds": 0.3258703310002602}
{"command": "restore", "seconds": 0.2812350759995752}
{"command": "inspect", "seconds": 0.24598047899962694}
{"command": "profile", "seconds": 0.001930684999024379}
{"command": "evidence", "seconds": 0.001997502000449458}
{"status": "PASS", "rows": 55986, "source_sha256": "34b774681cbd201ef197fb98af8d431e4d7302e801f58b66e54036d2935dc4f4"}
[real exit 0]
{"command": "init", "seconds": 0.009315840999988723}
{"command": "ingest", "seconds": 1.7186152569993283}
{"command": "ingest", "seconds": 1.7192572109997855}
{"command": "inspect", "seconds": 0.9517262230001506}
{"command": "snapshot", "seconds": 1.0978456259999803}
{"command": "restore", "seconds": 1.0676594840006146}
{"command": "inspect", "seconds": 0.9914400230009051}
{"command": "profile", "seconds": 0.0017745999994076556}
{"command": "evidence", "seconds": 0.0018738879989541601}
{"status": "PASS", "rows": 250000, "source_sha256": "da7ce5a110f819cfa2e71f38b8a1c1385345ea0a92a2669f44c099c5433834a1"}
[capacity exit 0]
source_sha256_after 34b774681cbd201ef197fb98af8d431e4d7302e801f58b66e54036d2935dc4f4
8d21c2044e128ac0fd8ea0582c81155c2660c42127911b1ad0419217a84d61a8  /home/superleo13/predictors/runtime/integration-stocks/r8-rc4/real/validation.json
8d21c2044e128ac0fd8ea0582c81155c2660c42127911b1ad0419217a84d61a8  /home/superleo13/predictors/work/integration-stocks-stocks-predictor/docs/engineering/2026-09-28-integration-stocks/evidence/operational-real.json
dba592af16ecba3f840d973cc00f5a82b6cb790d7ac18f3ca0ebf63503abb664  /home/superleo13/predictors/runtime/integration-stocks/r8-rc4/capacity/validation.json
dba592af16ecba3f840d973cc00f5a82b6cb790d7ac18f3ca0ebf63503abb664  /home/superleo13/predictors/work/integration-stocks-stocks-predictor/docs/engineering/2026-09-28-integration-stocks/evidence/operational-capacity.json
real PASS 55986 34b774681cbd201ef197fb98af8d431e4d7302e801f58b66e54036d2935dc4f4 6d47c43ec60afbbd5731176453b9d4617854619ce71578abbfd73278c2d53bbf
capacity PASS 250000
{"status": "PASS", "code_files": 263, "output": "docs/engineering/current-operational-evidence.json"}
[seal exit 0]
{
  "status": "PASS",
  "historical_r8_status": "PASS_PRESERVED_REVISION_SCOPED",
  "current_revision_status": "PASS",
  "historical_code_files": 194,
  "current_code_files": 263,
  "real_rows": 55986,
  "capacity_rows": 250000,
  "capital_enabled": false,
  "profit_certified": false
}
[verify exit 0]
done 2026-09-28T02:52:40Z
