run_at 2026-09-28T02:53:35Z head 7ea36573564772612091580b22468a35885a7dc5 python Python 3.13.15
dirty_before 0
=== doctor
{
  "python": {
    "version": "3.13.15",
    "executable": "/home/superleo13/predictors/runtime/integration-stocks/stocks-dev-venv/bin/python",
    "supported": true,
    "required": ">=3.13,<3.15"
  },
  "sqlite_version": "3.53.1",
  "dependencies": {
    "predictor-core": {
      "version": "3.2.1",
      "metadata_compatible": true,
      "status": "compatible_stable_release"
    },
    "PyYAML": {
      "version": "6.0.3",
      "metadata_compatible": true,
      "status": "compatible_stable_release"
    }
  },
  "runtime_metadata_compatible": true,
  "database": {
    "status": "not_requested"
  },
  "scope": "Offline metadata and optional SQLite quick_check; no dependency import, migration, or operational certification."
}
[doctor exit 0]
=== ruff
All checks passed!
[ruff exit 0]
=== pyright
0 errors, 0 warnings, 0 informations
WARNING: there is a new pyright version available (v1.1.411 -> v1.1.414).
Please install the new version or set PYRIGHT_PYTHON_FORCE_VERSION to `latest`

[pyright exit 0]
=== quality_exception_control
PASS: frozen exceptions are exact and equivalent new code remains gated
[quality_exception_control exit 0]
=== verify_audit
{
  "status": "PASS_ARTIFACT_INTEGRITY_ONLY",
  "registry_sha256": "0dc48afc64c361140fdb413cc80c0e0bb7abdecf0975624b45e37dd505d3e685",
  "counts": {
    "evidence": 31,
    "claims": 22,
    "issues": 16,
    "decisions": 7,
    "fronts": 24,
    "datasets": 7,
    "uses": 7,
    "runs": 19
  },
  "limitation": "Hashes and references are verified, not economic truth or external completeness."
}
[verify_audit exit 0]
=== gap_resolution
{"status": "PASS", "verified_evidence_files": 20, "original_objects_recovered": 5}
[gap_resolution exit 0]
=== archived_regressions
.................                                                        [100%]
17 passed in 0.08s
[archived_regressions exit 0]
=== audit_registry
{
  "status": "PASS",
  "code_evidence_revision": "c259ff64771a6c560ddb4aadac6bf81301c3066a",
  "items": 75,
  "cash_records": 50,
  "corporate_records": 28,
  "source_issue_occurrences": 1590,
  "states": {
    "RESOLVED_SCOPE": 36,
    "OPEN_DATA": 8,
    "OPEN_PERSONAL": 2,
    "OPEN_TIME": 1,
    "RETAINED_RESULT": 10,
    "CONDITIONAL_NOT_TRIGGERED": 2,
    "IMPLEMENTED_LIMITED": 16
  },
  "scope": "Inventory and evidence identity, not universal correctness or profit certification."
}
[audit_registry exit 0]
=== verify_operational_evidence
{
  "status": "PASS",
  "historical_r8_status": "PASS_PRESERVED_REVISION_SCOPED",
  "current_revision_status": "PASS",
  "historical_code_files": 194,
  "current_code_files": 263,
  "real_rows": 55986,
  "capacity_rows": 250000,
  "capital_enabled": false,
  "profit_certified": false
}
[verify_operational_evidence exit 0]
=== final_review
{
  "status": "PASS",
  "implementation_revision": "0742bfc6fc1f33edabf00aaea73b54435f415bfa",
  "evidence_files": 20,
  "scope": "Historical CI230 receipt identities and consistency, not a new software test run.",
  "local_delivery_checked": false,
  "capital_enabled": false,
  "profit_certified": false
}
[final_review exit 0]
=== check_project_files
{
  "status": "PASS",
  "tracked_files": 1982,
  "markdown_files": 221,
  "local_links": 639,
  "historical_context_links": 77,
  "external_links_not_checked": 404,
  "unresolved_current_links": 0,
  "scope": "Tracked files and supported Markdown link destinations; not economic completeness."
}
[check_project_files exit 0]
=== tests
........................................................................ [  6%]
..................................................................................................................................... [ 17%]
........................................................................ [ 23%]
................................................................. [ 28%]
........................................................................ [ 34%]
.................................................................. [ 40%]
........................................................................ [ 46%]
........................................................................ [ 52%]
.......................................................... [ 57%]
...................................................... [ 61%]
........................................................................ [ 67%]
............................................................... [ 73%]
........................................................................ [ 79%]
........................................................................ [ 85%]
........................................................................ [ 91%]
........................................................................ [ 97%]
.................................                                  [100%]
============================= slowest 15 durations =============================
62.81s call     tests/test_h11_total_return.py::test_run_h11_does_not_mutate_shared_config
31.46s call     tests/conformance/test_failure_extra.py::test_db_lock_longer_than_busy_timeout_is_retryable_and_leaves_no_partial_state
18.40s call     tests/test_v2_validation.py::test_validation_cli_never_overwrites
16.45s call     tests/test_v2_validation.py::test_validation_on_synthetic_data_is_ledgered_and_refuses_to_decide
13.82s call     tests/conformance/test_failure_recovery.py::test_host_process_killed_during_ops_job_recovers_exactly_once
12.26s call     tests/test_rj_power_gate.py::test_specificity_false_positive_rate_near_nominal
10.20s call     tests/test_rj_smoke_synthetic.py::test_judge_run_all_families_end_to_end
9.02s call     tests/test_rj_power_gate.py::test_sensitivity_detects_planted_effect
5.98s call     tests/conformance/test_failure_recovery.py::test_ops_timeout_kills_worker_and_is_not_a_result
5.60s call     tests/test_config.py::test_main_backtest_h_dispatcher_runs
5.05s call     tests/test_rj_power.py::test_power_is_monotone_in_effect_size
4.36s call     tests/conformance/test_failure_extra.py::test_db_lock_shorter_than_busy_timeout_waits_and_succeeds
3.94s call     tests/test_v2_validation.py::test_validation_with_a_permissive_policy_reaches_a_decision
3.81s call     tests/test_h12_quality_margin.py::test_run_h12_smoke
3.78s call     tests/test_h15_volume_surge.py::test_run_h15_smoke
1192 passed, 71 subtests passed in 390.77s (0:06:30)
[tests exit 0]
=== coverage_json
Wrote JSON report to /home/superleo13/predictors/runtime/integration-stocks/suite/7ea3657/coverage.json
[coverage_json exit 0]
=== coverage_report
Name                                            Stmts   Miss Branch BrPart  Cover   Missing
-------------------------------------------------------------------------------------------
stocks_predictor/__init__.py                        0      0      0      0   100%
stocks_predictor/__main__.py                        3      3      2      0     0%   2-5
stocks_predictor/adapters/__init__.py               0      0      0      0   100%
stocks_predictor/adapters/research_v2.py           30      0      6      0   100%
stocks_predictor/adjust.py                        149     15     68     13    86%   30-31, 51->50, 66, 85, 87, 143->exit, 172-174, 201, 259->267, 302, 319-322, 325, 334
stocks_predictor/analyst.py                        55     32     14      4    42%   33-57, 80, 84-87, 93-96, 105-109, 113-118, 122
stocks_predictor/backtest.py                      335     23     68     15    90%   23-26, 129, 136-137, 147-148, 168, 177, 194, 197, 227-229, 247-250, 269->273, 271->273, 693, 736-737, 744
stocks_predictor/big_winner_shadow.py              46     46     14      0     0%   2-60
stocks_predictor/big_winner_v2.py                  68      8     24      6    83%   25-29, 35, 39, 45->exit, 47->exit, 59, 66->exit
stocks_predictor/buffered_rebalance.py             86      6     34      6    90%   42, 44, 51, 60, 63, 101
stocks_predictor/cash_events.py                    85     12     38     10    82%   13, 30, 35, 41, 47, 65-68, 83, 84->86, 86->78, 99, 105
stocks_predictor/cash_source_audit.py             242     24    146     22    88%   22, 34, 36, 55, 123, 182, 185, 194, 197, 208, 222, 226, 233, 248, 258-259, 261, 274, 297, 301, 323, 331, 363, 366
stocks_predictor/config.py                        120      6     30      5    93%   37, 68, 71-72, 78, 117
stocks_predictor/continuous_cash.py               356     42    198     45    84%   49, 55-56, 62, 65, 68, 78, 123, 126, 151, 153, 160, 162, 169, 171, 174, 181, 187, 193, 195, 201, 206, 224->178, 228, 230->233, 239, 242, 248, 290, 301, 303, 307, 308->exit, 326, 328, 330, 333, 338, 347, 355, 376, 379->373, 383, 407, 457, 462
stocks_predictor/continuous_research.py           177     32    100     26    78%   32, 34, 36, 40, 44, 48, 51, 53, 57, 60, 67, 73, 77, 98, 122, 124, 129, 132, 138, 147, 157, 166, 169, 174, 176-180, 207-208, 242
stocks_predictor/cotahist.py                      140      0     50      2    99%   141->132, 229->232
stocks_predictor/cvm_pit.py                       305     45    136     36    81%   44, 74, 78, 82, 94, 97, 107, 109-111, 114, 135, 139, 142, 145, 159, 175, 178, 196, 253, 282, 287, 289->285, 307-310, 320, 328, 336, 341->343, 350, 365, 376, 381->379, 394-397, 402, 418, 430, 438, 445, 464, 471->452, 477-479
stocks_predictor/dataset_selection.py              67     11     28     11    77%   27, 29, 31, 34, 57, 59, 65, 83, 85, 91, 93
stocks_predictor/db.py                             56      3      8      1    94%   443-445
stocks_predictor/diagnostics.py                    45      1      4      1    96%   73
stocks_predictor/disclosed_accounting.py           19      1      8      3    85%   16->20, 19, 23->30
stocks_predictor/discovery_h17.py                 230     85    118     18    58%   24-25, 29, 48, 69, 75, 78, 89-91, 109-110, 124, 131, 133, 135-136, 149, 154->144, 156, 162-163, 168, 220-229, 239-290, 294-299, 303
stocks_predictor/discovery_reorganizations.py     197     86    116     14    54%   30, 32, 37, 41, 51, 81-82, 90, 101, 110, 121-122, 129, 140, 164, 171-182, 187-247, 251-255, 260
stocks_predictor/discovery_value.py               239    114    116     22    51%   32-38, 44, 46, 48-49, 63, 65, 70, 76, 78, 83, 91, 99, 102, 105, 113, 125, 130, 137, 149-158, 162-163, 175, 199, 204-205, 210, 222-255, 261-281, 285-317, 321-325, 330
stocks_predictor/discovery_value_repair.py         93     52     44      6    42%   22, 26, 29-30, 32->31, 52, 57-107, 111-115, 120
stocks_predictor/document_panel.py                 82      5     44      5    92%   45, 52, 105, 109, 111
stocks_predictor/economic_gate.py                  65      3     18      2    94%   35, 45, 86
stocks_predictor/economics.py                      78      0     30      0   100%
stocks_predictor/ecosystem_plugin.py               15      2      0      0    87%   16-17
stocks_predictor/entry_feasibility.py              58      8     28      6    84%   23, 47, 54-55, 74, 77, 80, 84
stocks_predictor/etf_hold.py                      135     15     62     11    87%   28, 34, 47, 67, 85-87, 90-92, 105, 131, 203, 206, 209
stocks_predictor/execution.py                      31      1      8      1    95%   86
stocks_predictor/external_intelligence.py         854    175    316     79    75%   370-371, 373, 380-381, 383, 390, 398, 402, 406-407, 409, 430-432, 451, 456, 474-475, 477, 484, 491, 505, 512, 527, 533, 550-558, 594, 604, 608, 616, 626, 628, 631, 633, 643, 654, 657, 662, 675-676, 678, 698-699, 717, 721, 723, 773->775, 803, 861, 869, 872, 877, 880-881, 895, 898, 903, 909->916, 934, 950, 974->944, 981-984, 1016, 1059->1013, 1066-1069, 1104, 1182-1187, 1189-1192, 1227, 1274-1275, 1283, 1340->1271, 1393, 1396, 1403, 1405, 1433-1439, 1441-1444, 1468-1469, 1472, 1474, 1476-1481, 1486, 1488, 1490-1494, 1502, 1510-1511, 1513, 1517, 1519, 1530, 1536-1537, 1541, 1543, 1552, 1559-1561, 1590, 1599, 1649, 1685-1705, 1709-1739, 1753, 1755, 1762, 1764
stocks_predictor/factor.py                        165      9     78     11    92%   38, 77->75, 97, 193, 203->201, 233, 283, 326, 329, 380, 388
stocks_predictor/h20_checked.py                    53     26     18      2    46%   30, 40-53, 57-66, 72
stocks_predictor/h20_continuous.py                121     43     42      5    67%   34, 90, 93, 97, 133-172, 187-199, 203
stocks_predictor/h20_research.py                  117     76     46      4    30%   26-42, 49, 54, 84-110, 114-144, 165-179, 183
stocks_predictor/ingest_cotahist.py                28      5      8      2    81%   16-18, 31, 38
stocks_predictor/ingest_cvm.py                    472     41    206     37    88%   144-146, 197, 202-203, 207->212, 224, 253, 296, 319, 359, 387, 390-392, 399, 404, 445, 448-450, 454, 456->452, 472-473, 502, 530, 535, 545, 568, 571, 701->699, 707, 822, 828, 854, 859, 862, 866->847, 914, 920, 942, 995, 998, 1027, 1043
stocks_predictor/ingest_rj_universe.py             80      4     26      2    94%   48-50, 103->102, 180
stocks_predictor/monthly_etf.py                   194     17     84     16    88%   32, 34, 68, 71, 82, 85, 106, 109, 122, 125, 128, 131, 184-185, 204, 209, 223
stocks_predictor/operational_store.py             164      8     42      8    92%   55, 76, 119, 122, 126, 138, 213, 228
stocks_predictor/operations.py                    117     15     50      9    84%   85, 90, 93, 107-115, 117, 120, 122, 129, 131
stocks_predictor/paper.py                          87      5     22      5    91%   84->91, 136, 137->143, 146, 170-171, 175
stocks_predictor/portfolio.py                      33      0      8      0   100%
stocks_predictor/profit_validation.py             115     59     60      7    45%   17, 38, 42, 49, 61, 72, 78, 86-108, 133-169
stocks_predictor/prospective_big_winner.py         76      2     26      7    91%   65, 95, 110->exit, 115->exit, 124->exit, 125->exit, 127->exit
stocks_predictor/report.py                         56      3     12      2    93%   243-244, 283
stocks_predictor/research_admission.py            217     34     86     30    79%   68, 94, 98, 104, 110, 112, 117, 119, 121, 153, 225, 242, 244, 249, 251, 253, 256, 258, 261-262, 348-352, 361, 368, 389, 392, 402, 425, 431, 444, 447, 452, 454
stocks_predictor/research_collect_worker.py        86     86     24      0     0%   14-131
stocks_predictor/research_contract.py             217     31    114     27    82%   143, 148, 159, 162-163, 166, 172, 176, 183, 190, 198, 204, 211, 226, 254, 258, 266, 273, 275, 285-286, 341, 345, 354, 358, 362, 366->368, 369, 376, 378, 382, 388
stocks_predictor/research_execution.py            482    124    154     56    69%   94, 104-105, 115-118, 131, 137, 142-144, 156, 159, 167, 170, 173, 176, 177->181, 183, 244, 264, 275, 292, 323, 366, 370, 372->368, 480, 487-492, 498, 506, 508, 525-531, 539-556, 560->565, 583-586, 587->590, 596->727, 600, 622-629, 640-647, 651-657, 663-713, 730-733, 744-749, 782-788, 790-794, 797-799, 802-805, 821-826, 832-835, 843-846, 855, 857, 863, 877-882, 905, 990-1046, 1063, 1072->1075, 1080, 1082, 1084, 1086, 1088, 1089->1096, 1095, 1097
stocks_predictor/research_faults.py                19      4      2      1    76%   37, 43-45
stocks_predictor/research_io.py                    35      2     10      2    91%   25, 35
stocks_predictor/research_pit.py                  279     27    146     24    88%   75, 81, 84-85, 95, 97, 106, 109, 112, 115, 121, 135, 140, 154, 156, 162, 168, 178, 181, 223, 316, 324-325, 328-329, 335->334, 370->366, 377, 382
stocks_predictor/research_profile.py               39      3     18      3    89%   25, 32, 37
stocks_predictor/research_readiness.py             61      9     28      7    80%   42, 44, 47, 62, 131, 134, 137-139
stocks_predictor/research_recovery.py             110     16     38     10    82%   29, 44, 52, 62, 65, 99-101, 109, 113, 115, 120, 143, 145-147
stocks_predictor/research_results.py               78     15     18      7    75%   67, 76-82, 86, 105, 110, 112, 114, 123-125, 128-129, 138-139
stocks_predictor/research_runner.py               166     25     34      6    84%   68, 105, 114, 118, 125-126, 146, 152-167, 201-202, 230-234, 319-325, 337
stocks_predictor/research_worker.py               239     35     80     23    81%   69, 104, 107, 109, 112, 114, 116, 119, 123, 188, 222, 229, 246-247, 260-262, 265, 268-269, 271, 275-278, 287, 396, 398, 400, 413-415, 416->423, 422, 426, 433
stocks_predictor/retail_cash.py                   311     35    164     35    85%   27, 45, 48->51, 69, 81, 94, 99, 108, 114, 129, 132, 138, 141, 144, 146, 156, 181, 194, 214, 230, 233, 236, 251, 254, 257, 259, 262, 308, 318->313, 336, 339, 349, 374, 379, 384-386
stocks_predictor/returns.py                        15      0      6      1    95%   18->17
stocks_predictor/rj_coda.py                        40      2     18      2    93%   34, 83
stocks_predictor/rj_episodes.py                    56      4     30      4    91%   53, 78, 109, 128
stocks_predictor/rj_families.py                   109     19     46     16    77%   35, 45, 48, 64, 69, 82, 86, 89, 103, 105, 107, 129, 135-136, 137->127, 154, 158, 189-190, 227
stocks_predictor/rj_families_next.py               73      7     28      6    87%   32, 36->35, 49, 72, 78-79, 124, 169
stocks_predictor/rj_judge.py                      123      3     46      4    96%   50, 126, 136->134, 213
stocks_predictor/rj_judge_robust.py                63      4     24      4    91%   30, 60, 87-88, 90->78
stocks_predictor/rj_outcomes.py                    44      5     24      4    84%   28, 33, 39, 97-100
stocks_predictor/rj_pipeline.py                   155     32     48      2    82%   90, 377-379, 383-419, 423
stocks_predictor/rj_power.py                       67     26     24      1    64%   75, 100-133, 137
stocks_predictor/simulation.py                    269     43    156     36    80%   29, 32, 48, 61-62, 70, 75, 103, 105, 107, 109, 111, 114, 128, 146-155, 159, 161->156, 164->156, 169, 203->212, 213, 243-244, 250, 254, 270->218, 279, 285, 289->293, 311-314, 350, 352, 353->358, 373-374, 380, 382, 390-391, 393
stocks_predictor/source_catalog.py                 69      4     24      6    89%   43->45, 61, 64, 66, 86, 108->111
stocks_predictor/source_closure.py                133    106     64      2    17%   32, 43-44, 48-52, 56-156, 170-181, 185
stocks_predictor/source_history.py                 88     14     32      8    82%   32, 34, 43, 87-93, 130, 133-134, 136, 171, 174-184
stocks_predictor/stock_events.py                   25      4     10      4    77%   8, 21, 23, 26
stocks_predictor/temporal_evidence.py              31      0     10      0   100%
stocks_predictor/trials_gate.py                    87      2     14      1    97%   106-107, 218->220
stocks_predictor/universe.py                       70      1     26      2    97%   21, 133->136
stocks_predictor/v2/__init__.py                     2      0      0      0   100%
stocks_predictor/v2/__main__.py                    45      1      8      2    94%   73->76, 81
stocks_predictor/v2/baselines.py                  146      8     46      9    91%   39, 47, 58, 71, 92, 101, 141, 158, 174->172
stocks_predictor/v2/config.py                      12      0      2      0   100%
stocks_predictor/v2/costs.py                       68      5     22      5    89%   48, 51, 106, 108, 110
stocks_predictor/v2/cotahist_dataset.py            63      7     30      7    85%   43, 50, 56, 73, 76, 82, 87
stocks_predictor/v2/cpcv.py                       110      7     46      8    90%   37, 54, 58, 73, 97, 99, 130->132, 154
stocks_predictor/v2/dataset.py                    287     33    124     24    86%   62, 65-66, 75-76, 79, 91, 125, 129, 142, 150, 165->152, 179, 182, 191, 204, 207, 213->196, 221, 224, 235, 243, 245, 254, 267-268, 349, 364, 367, 373-377, 393
stocks_predictor/v2/engine.py                     267      8     96      9    95%   59, 61, 98, 149, 161->152, 235->237, 267->269, 272, 300, 311-313
stocks_predictor/v2/execution.py                   29      2     12      2    90%   31, 43
stocks_predictor/v2/factor_metrics.py              81      3     26      4    93%   49, 65, 85, 106->96
stocks_predictor/v2/forecast_eval.py              157      8     42      6    92%   58, 65, 81, 97, 215-219, 237->240, 245
stocks_predictor/v2/forecast_metrics.py            35      4     14      4    84%   26, 28, 31, 61
stocks_predictor/v2/forecasting.py                184      7     64      8    94%   63, 72-73, 95-96, 167, 202->205, 205->219, 228->232, 265
stocks_predictor/v2/manifest.py                   255     22     64      4    89%   89-90, 147-148, 166, 200, 279-282, 351, 423-434, 465
stocks_predictor/v2/metrics.py                     83     14     22      7    78%   30-37, 43, 57, 71, 75, 87, 89->91, 152
stocks_predictor/v2/pbo.py                         36      2     10      2    91%   33, 46
stocks_predictor/v2/policy.py                      96      4     38      3    95%   54, 60, 123-124
stocks_predictor/v2/preregistration.py             77     19     34      6    76%   38, 40, 62, 80, 95, 113-128, 136
stocks_predictor/v2/reassessment.py               122      4     28      4    95%   69, 132, 139, 222
stocks_predictor/v2/riskfree.py                    67      9     26      7    83%   32, 34, 45, 48-49, 52, 58, 90, 98
stocks_predictor/v2/synthetic.py                   88      0     32      1    99%   133->138
stocks_predictor/v2/validation.py                 122      8     18      5    91%   67, 71, 122->136, 142-144, 150-151, 198->201, 206
stocks_predictor/v2/walkforward.py                 73      7     26      7    86%   42, 44, 57, 66, 70, 89, 91
stocks_predictor/validation.py                     15      0      6      0   100%
stocks_predictor/value_profitability.py           112      9     54      9    89%   19, 34, 39-40, 68, 84, 117, 133, 135, 143->147
-------------------------------------------------------------------------------------------
TOTAL                                           12827   2082   5040    964    80%
[coverage_report exit 0]
dirty_after 0
done 2026-09-28T03:00:37Z
