# 2026-09-24T15:43:13Z fase c14-publish-candidates (final_wheels = rc3 já no GATES.json)
qualification/brasileirao/ATTESTATION_PARTIAL_c14-publish-candidates.json: OK  counts={'P0': 0, 'P1': 0, 'P2': 5}  result=IN_PROGRESS
[exit 0]
# 2026-09-24T15:43:13Z fase c14-cleanroom-final
[gate exit 0]
[gate exit 0]
[gate exit 0]
qualification/brasileirao/ATTESTATION_PARTIAL_c14-cleanroom-final.json: OK  counts={'P0': 0, 'P1': 0, 'P2': 5}  result=IN_PROGRESS
[exit 0]
# 2026-09-24T15:43:51Z fase c14-temporal-suite
[gate exit 0]
[gate exit 0]
[gate exit 0]
[gate exit 0]
[gate exit 0]
[gate exit 0]
[gate exit 0]
[gate exit 0]
[gate exit 0]
[gate exit 0]
[gate exit 0]
qualification/brasileirao/ATTESTATION_PARTIAL_c14-temporal-suite.json: OK  counts={'P0': 0, 'P1': 0, 'P2': 5}  result=IN_PROGRESS
[exit 0]
# 2026-09-24T15:44:26Z fase c14-e2e
[gate exit 0]
[gate exit 0]
[gate exit 0]
[gate exit 0]
[gate exit 0]
qualification/brasileirao/ATTESTATION_PARTIAL_c14-e2e.json: OK  counts={'P0': 0, 'P1': 0, 'P2': 5}  result=IN_PROGRESS
[exit 0]
# 2026-09-24T15:44:26Z fase c14-idempotency-failure
[gate exit 0]
[gate exit 0]
[gate exit 0]
qualification/brasileirao/ATTESTATION_PARTIAL_c14-idempotency-failure.json: OK  counts={'P0': 0, 'P1': 0, 'P2': 5}  result=IN_PROGRESS
[exit 0]
# 2026-09-24T15:44:26Z fase c14-windows-smoke
[gate exit 0]
qualification/brasileirao/ATTESTATION_PARTIAL_c14-windows-smoke.json: OK  counts={'P0': 0, 'P1': 0, 'P2': 5}  result=IN_PROGRESS
[exit 0]
# 2026-09-24T15:45:38Z fase c14-hosted-ci
[gate exit 0]
qualification/brasileirao/ATTESTATION_PARTIAL_c14-hosted-ci.json: OK  counts={'P0': 0, 'P1': 0, 'P2': 5}  result=IN_PROGRESS
[exit 0]
# 2026-09-24T15:45:38Z fase c14-soak
[gate exit 0]
qualification/brasileirao/ATTESTATION_PARTIAL_c14-soak.json: OK  counts={'P0': 0, 'P1': 0, 'P2': 5}  result=IN_PROGRESS
[exit 0]
# 2026-09-24T15:45:38Z fase c14-contract-and-blockers
[gate exit 0]
[gate exit 0]
[gate exit 0]
[gate exit 0]
[gate exit 0]
[gate exit 0]
qualification/brasileirao/ATTESTATION_PARTIAL_c14-contract-and-blockers.json: OK  counts={'P0': 0, 'P1': 0, 'P2': 5}  result=IN_PROGRESS
[exit 0]
