{"n": 1, "label": "propose 1", "at": "2026-09-30T00:03:01Z", "seconds": 0.145, "argv": ["/home/runner/work/_temp/work/rt/cain-venv/bin/cain", "research", "propose", "--domain", "crypto", "--state", "/home/runner/work/_temp/work/failures/F07/cain-state", "--proposal", "/home/runner/work/_temp/work/failures/F07/proposals/1.json", "--as-of", "2026-09-30T00:03:01Z"], "fault_env": {}, "exit": 0}
--- stdout
{"decision": "ALLOW", "episode_id": "crypto:episode-1", "reason_code": "ALLOWED", "receipt_sha256": "c76b06faec2e7385b6eacc3e6f0bc0bd05747eccc6b2bbe47a2df997ea7b0f61", "rule": "R14", "status": "RECORDED", "task": {"payload_sha256": "f7689c417f71a0c2d1b0e412d9c4d5cbf46674bff4ab140519f477a5a5ee8d25", "previous_task_id": null, "task_id": "crypto:TASK-e7a6c2ad4bdc728910407f451dca25fc"}}
--- stderr
--- end
{"n": 2, "label": "dispatch", "at": "2026-09-30T00:03:01Z", "seconds": 0.124, "argv": ["/home/runner/work/_temp/work/rt/cain-venv/bin/cain", "research", "dispatch", "--domain", "crypto", "--state", "/home/runner/work/_temp/work/failures/F07/cain-state", "--spool", "/home/runner/work/_temp/work/failures/F07/spool"], "fault_env": {}, "exit": 0}
--- stdout
{"action": "dispatched", "file": "crypto/tasks/TASK-e7a6c2ad4bdc728910407f451dca25fc.json", "spool": "WRITTEN", "task_id": "crypto:TASK-e7a6c2ad4bdc728910407f451dca25fc"}
--- stderr
--- end
{"n": 3, "label": "ingest while consumer is out", "at": "2026-09-30T00:03:01Z", "seconds": 0.121, "argv": ["/home/runner/work/_temp/work/rt/cain-venv/bin/cain", "research", "ingest", "--domain", "crypto", "--state", "/home/runner/work/_temp/work/failures/F07/cain-state", "--spool", "/home/runner/work/_temp/work/failures/F07/spool"], "fault_env": {}, "exit": 0}
--- stdout
--- stderr
--- end
{"n": 4, "label": "propose 2", "at": "2026-09-30T00:03:02Z", "seconds": 0.125, "argv": ["/home/runner/work/_temp/work/rt/cain-venv/bin/cain", "research", "propose", "--domain", "crypto", "--state", "/home/runner/work/_temp/work/failures/F07/cain-state", "--proposal", "/home/runner/work/_temp/work/failures/F07/proposals/2.json", "--as-of", "2026-09-30T00:03:01Z"], "fault_env": {}, "exit": 0}
--- stdout
{"decision": "ABSTAIN", "episode_id": "crypto:episode-2", "reason_code": "OPEN_TASK_PENDING", "receipt_sha256": "cab09680a49331c5ecdb7bf409814a42e939e21b14f993bf1c1980b25f4e4508", "rule": "R12", "status": "RECORDED", "task": null}
--- stderr
--- end
{"n": 5, "label": "consumer back", "at": "2026-09-30T00:03:02Z", "seconds": 0.45, "argv": ["/home/runner/work/_temp/work/rt/consumer-venv/bin/predictor-research-consumer", "--domain", "crypto", "--spool", "/home/runner/work/_temp/work/failures/F07/spool", "--ledger", "/home/runner/work/_temp/work/failures/F07/consumer/ledger.sqlite", "--state", "/home/runner/work/_temp/work/failures/F07/domain-state", "--policy", "/home/runner/work/_temp/work/rt/op/policy.json", "--objects", "/home/runner/work/_temp/work/rt/op/objects"], "fault_env": {}, "exit": 0}
--- stdout
{"action": "delivered", "attempt": 1, "class": "TERMINAL_RESULT", "episode_id": "crypto:episode-1", "result_file": "crypto/results/TASK-e7a6c2ad4bdc728910407f451dca25fc.6934fa446f62afd3.json", "result_write": "WRITTEN", "status": "RESULT", "task_id": "crypto:TASK-e7a6c2ad4bdc728910407f451dca25fc"}
--- stderr
{"duration_ms": 207, "event": "job_finished", "job_id": "crypto-research-33dad70cb0c0729c08670663", "level": "INFO", "run_id": "581692c44af54de7ac729194edee06bf", "run_status": "SUCCEEDED", "service": "predictor_ops", "timestamp": "2026-09-30T00:03:02.458879Z"}
--- end
{"n": 6, "label": "ingest", "at": "2026-09-30T00:03:02Z", "seconds": 0.132, "argv": ["/home/runner/work/_temp/work/rt/cain-venv/bin/cain", "research", "ingest", "--domain", "crypto", "--state", "/home/runner/work/_temp/work/failures/F07/cain-state", "--spool", "/home/runner/work/_temp/work/failures/F07/spool"], "fault_env": {}, "exit": 0}
--- stdout
{"action": "ingested", "class": "TERMINAL_RESULT", "fact": "fact:e4147ad603cd4b3c90dae9b7c718c1c5", "file": "TASK-e7a6c2ad4bdc728910407f451dca25fc.6934fa446f62afd3.json", "status": "RESULT", "task_id": "crypto:TASK-e7a6c2ad4bdc728910407f451dca25fc"}
--- stderr
--- end
{"n": 7, "label": "processed once", "at": "2026-09-30T00:03:02Z", "seconds": 0.122, "argv": ["/home/runner/work/_temp/work/rt/cain-venv/bin/cain", "research", "episodes", "--domain", "crypto", "--state", "/home/runner/work/_temp/work/failures/F07/cain-state"], "fault_env": {}, "exit": 0}
--- stdout
{"domain": "crypto", "episodes": [{"as_of": "2026-09-30T00:03:01Z", "decision": "ALLOW", "number": 1, "outbox": {"dispatches": 1, "retries_requested": 0, "status": "PUBLISHED", "task_id": "crypto:TASK-e7a6c2ad4bdc728910407f451dca25fc"}, "proposal_id": "cain:FM-F07-1", "reason_code": "ALLOWED", "receipt_sha256": "c76b06faec2e7385b6eacc3e6f0bc0bd05747eccc6b2bbe47a2df997ea7b0f61", "source": "operator", "task_id": "crypto:TASK-e7a6c2ad4bdc728910407f451dca25fc"}, {"as_of": "2026-09-30T00:03:01Z", "decision": "ABSTAIN", "number": 2, "outbox": null, "proposal_id": "cain:FM-F07-2", "reason_code": "OPEN_TASK_PENDING", "receipt_sha256": "cab09680a49331c5ecdb7bf409814a42e939e21b14f993bf1c1980b25f4e4508", "source": "operator", "task_id": null}], "inbox": [{"class": "TERMINAL_RESULT", "fact_id": "fact:e4147ad603cd4b3c90dae9b7c718c1c5", "payload_sha256": "aa9a459652d28095bd9d84c2999747ca24bbe84e8cd7e7424e0c517875c080e4", "status": "RESULT", "task_id": "crypto:TASK-e7a6c2ad4bdc728910407f451dca25fc"}], "memory": {"broken_at": null, "cube": "crypto", "facts": 1, "log": "shared across domains", "projection": "consistent", "status": "intact"}, "rejections": []}
--- stderr
--- end
