{"n": 1, "label": "propose 1", "at": "2026-09-27T23:01:06Z", "seconds": 0.114, "argv": ["/home/runner/work/_temp/work/rt/cain-venv/bin/cain", "research", "propose", "--domain", "crypto", "--state", "/home/runner/work/_temp/work/failures/F05/cain-state", "--proposal", "/home/runner/work/_temp/work/failures/F05/proposals/1.json", "--as-of", "2026-09-27T23:01:06Z"], "fault_env": {"CAIN_ORCHESTRATION_FAULT": "after_decision_before_episode_commit"}, "exit": 86}
--- stdout
--- stderr
--- end
{"n": 2, "label": "episodes after death", "at": "2026-09-27T23:01:06Z", "seconds": 0.113, "argv": ["/home/runner/work/_temp/work/rt/cain-venv/bin/cain", "research", "episodes", "--domain", "crypto", "--state", "/home/runner/work/_temp/work/failures/F05/cain-state"], "fault_env": {}, "exit": 0}
--- stdout
{"domain": "crypto", "episodes": [], "inbox": [], "memory": {"broken_at": null, "entries": 0, "head": "cain-memory-log/1", "head_recorded_at": null, "projection": "consistent", "status": "intact"}, "rejections": []}
--- stderr
--- end
{"n": 3, "label": "propose 1", "at": "2026-09-27T23:01:06Z", "seconds": 0.116, "argv": ["/home/runner/work/_temp/work/rt/cain-venv/bin/cain", "research", "propose", "--domain", "crypto", "--state", "/home/runner/work/_temp/work/failures/F05/cain-state", "--proposal", "/home/runner/work/_temp/work/failures/F05/proposals/1.json", "--as-of", "2026-09-27T23:01:06Z"], "fault_env": {}, "exit": 0}
--- stdout
{"decision": "ALLOW", "episode_id": "crypto:episode-1", "reason_code": "ALLOWED", "receipt_sha256": "11c511d8b6e98cf81980e83ab2a73f532d20fc8ca69b7ecf40a3f511e8224f5b", "rule": "R14", "status": "RECORDED", "task": {"payload_sha256": "5616e0052e40ad3b7eeb9fd1d9befacce2525ec2ae27ca01ef7898db356b6963", "previous_task_id": null, "task_id": "crypto:TASK-4ff0108bcf1189f7b8bacda300f22638"}}
--- stderr
--- end
{"n": 4, "label": "dispatch", "at": "2026-09-27T23:01:06Z", "seconds": 0.115, "argv": ["/home/runner/work/_temp/work/rt/cain-venv/bin/cain", "research", "dispatch", "--domain", "crypto", "--state", "/home/runner/work/_temp/work/failures/F05/cain-state", "--spool", "/home/runner/work/_temp/work/failures/F05/spool"], "fault_env": {}, "exit": 0}
--- stdout
{"action": "dispatched", "file": "crypto/tasks/TASK-4ff0108bcf1189f7b8bacda300f22638.json", "spool": "WRITTEN", "task_id": "crypto:TASK-4ff0108bcf1189f7b8bacda300f22638"}
--- stderr
--- end
{"n": 5, "label": "consumer", "at": "2026-09-27T23:01:07Z", "seconds": 0.428, "argv": ["/home/runner/work/_temp/work/rt/consumer-venv/bin/predictor-research-consumer", "--domain", "crypto", "--spool", "/home/runner/work/_temp/work/failures/F05/spool", "--ledger", "/home/runner/work/_temp/work/failures/F05/consumer/ledger.sqlite", "--state", "/home/runner/work/_temp/work/failures/F05/domain-state", "--policy", "/home/runner/work/_temp/work/rt/op/policy.json", "--objects", "/home/runner/work/_temp/work/rt/op/objects"], "fault_env": {}, "exit": 0}
--- stdout
{"action": "delivered", "attempt": 1, "class": "TERMINAL_RESULT", "episode_id": "crypto:episode-1", "result_file": "crypto/results/TASK-4ff0108bcf1189f7b8bacda300f22638.3d944db8ba5ff7a3.json", "result_write": "WRITTEN", "status": "RESULT", "task_id": "crypto:TASK-4ff0108bcf1189f7b8bacda300f22638"}
--- stderr
{"duration_ms": 206, "event": "job_finished", "job_id": "crypto-research-c68fdce964257b76def619b0", "level": "INFO", "run_id": "9de2068e4abd4dd1a2c832075a2985e6", "run_status": "SUCCEEDED", "service": "predictor_ops", "timestamp": "2026-09-27T23:01:07.247788Z"}
--- end
{"n": 6, "label": "ingest", "at": "2026-09-27T23:01:07Z", "seconds": 0.119, "argv": ["/home/runner/work/_temp/work/rt/cain-venv/bin/cain", "research", "ingest", "--domain", "crypto", "--state", "/home/runner/work/_temp/work/failures/F05/cain-state", "--spool", "/home/runner/work/_temp/work/failures/F05/spool"], "fault_env": {}, "exit": 0}
--- stdout
{"action": "ingested", "class": "TERMINAL_RESULT", "fact": "fact:68d0a4ab5abb42df9af05dc9b93e454c", "file": "TASK-4ff0108bcf1189f7b8bacda300f22638.3d944db8ba5ff7a3.json", "status": "RESULT", "task_id": "crypto:TASK-4ff0108bcf1189f7b8bacda300f22638"}
--- stderr
--- end
{"n": 7, "label": "one episode, one task", "at": "2026-09-27T23:01:07Z", "seconds": 0.116, "argv": ["/home/runner/work/_temp/work/rt/cain-venv/bin/cain", "research", "episodes", "--domain", "crypto", "--state", "/home/runner/work/_temp/work/failures/F05/cain-state"], "fault_env": {}, "exit": 0}
--- stdout
{"domain": "crypto", "episodes": [{"as_of": "2026-09-27T23:01:06Z", "decision": "ALLOW", "number": 1, "outbox": {"dispatches": 1, "retries_requested": 0, "status": "PUBLISHED", "task_id": "crypto:TASK-4ff0108bcf1189f7b8bacda300f22638"}, "proposal_id": "cain:FM-F05-1", "reason_code": "ALLOWED", "receipt_sha256": "11c511d8b6e98cf81980e83ab2a73f532d20fc8ca69b7ecf40a3f511e8224f5b", "source": "operator", "task_id": "crypto:TASK-4ff0108bcf1189f7b8bacda300f22638"}], "inbox": [{"class": "TERMINAL_RESULT", "fact_id": "fact:68d0a4ab5abb42df9af05dc9b93e454c", "payload_sha256": "44f5de565755f25ba8d907498d4a9716d93fde6370d3682c832b61937a8fb048", "status": "RESULT", "task_id": "crypto:TASK-4ff0108bcf1189f7b8bacda300f22638"}], "memory": {"broken_at": null, "entries": 1, "head": "500c66e4709e14eee0e613ec7e46f3bc0e18e3c05e84670d54745995f064b4f7", "head_recorded_at": "2026-09-27T23:01:07.388862Z", "projection": "consistent", "status": "intact"}, "rejections": []}
--- stderr
--- end
