{"n": 1, "label": "propose 1", "at": "2026-09-27T23:53:54Z", "seconds": 0.137, "argv": ["/home/runner/work/_temp/work/rt/cain-venv/bin/cain", "research", "propose", "--domain", "crypto", "--state", "/home/runner/work/_temp/work/failures/F13/cain-state", "--proposal", "/home/runner/work/_temp/work/failures/F13/proposals/1.json", "--as-of", "2026-09-27T23:53:54Z"], "fault_env": {}, "exit": 0}
--- stdout
{"decision": "ALLOW", "episode_id": "crypto:episode-1", "reason_code": "ALLOWED", "receipt_sha256": "3650a86ceb495f02d144593012fd599cf894bed01519f9062a9e44ceade25361", "rule": "R14", "status": "RECORDED", "task": {"payload_sha256": "b75de0d034bd9c0c0b5eda8539a01c2d3792e68381467f06ed79a48d60d11502", "previous_task_id": null, "task_id": "crypto:TASK-8e96f32b5a612a048e939f19384c4c83"}}
--- stderr
--- end
{"n": 2, "label": "dispatch 1", "at": "2026-09-27T23:53:54Z", "seconds": 0.13, "argv": ["/home/runner/work/_temp/work/rt/cain-venv/bin/cain", "research", "dispatch", "--domain", "crypto", "--state", "/home/runner/work/_temp/work/failures/F13/cain-state", "--spool", "/home/runner/work/_temp/work/failures/F13/spool"], "fault_env": {}, "exit": 0}
--- stdout
{"action": "dispatched", "file": "crypto/tasks/TASK-8e96f32b5a612a048e939f19384c4c83.json", "spool": "WRITTEN", "task_id": "crypto:TASK-8e96f32b5a612a048e939f19384c4c83"}
--- stderr
--- end
{"n": 3, "label": "consumer 1", "at": "2026-09-27T23:53:54Z", "seconds": 0.441, "argv": ["/home/runner/work/_temp/work/rt/consumer-venv/bin/predictor-research-consumer", "--domain", "crypto", "--spool", "/home/runner/work/_temp/work/failures/F13/spool", "--ledger", "/home/runner/work/_temp/work/failures/F13/consumer/ledger.sqlite", "--state", "/home/runner/work/_temp/work/failures/F13/domain-state", "--policy", "/home/runner/work/_temp/work/rt/op/policy.json", "--objects", "/home/runner/work/_temp/work/rt/op/objects"], "fault_env": {}, "exit": 0}
--- stdout
{"action": "delivered", "attempt": 1, "class": "TERMINAL_RESULT", "episode_id": "crypto:episode-1", "result_file": "crypto/results/TASK-8e96f32b5a612a048e939f19384c4c83.7f363b23421ad412.json", "result_write": "WRITTEN", "status": "RESULT", "task_id": "crypto:TASK-8e96f32b5a612a048e939f19384c4c83"}
--- stderr
{"duration_ms": 207, "event": "job_finished", "job_id": "crypto-research-8a0aed214c5675be87256e41", "level": "INFO", "run_id": "8f31936c68954f5cbd0168d275cffa4b", "run_status": "SUCCEEDED", "service": "predictor_ops", "timestamp": "2026-09-27T23:53:54.960011Z"}
--- end
{"n": 4, "label": "ingest 1", "at": "2026-09-27T23:53:55Z", "seconds": 0.124, "argv": ["/home/runner/work/_temp/work/rt/cain-venv/bin/cain", "research", "ingest", "--domain", "crypto", "--state", "/home/runner/work/_temp/work/failures/F13/cain-state", "--spool", "/home/runner/work/_temp/work/failures/F13/spool"], "fault_env": {}, "exit": 0}
--- stdout
{"action": "ingested", "class": "TERMINAL_RESULT", "fact": "fact:f5a10fdf4a834995aec047b7075f9d05", "file": "TASK-8e96f32b5a612a048e939f19384c4c83.7f363b23421ad412.json", "status": "RESULT", "task_id": "crypto:TASK-8e96f32b5a612a048e939f19384c4c83"}
--- stderr
--- end
{"n": 5, "label": "tamper other-episode", "at": "2026-09-27T23:53:55Z", "seconds": 0.051, "argv": ["/home/runner/work/_temp/work/rt/cain-venv/bin/python", "-I", "/home/runner/work/_temp/work/failures/F13/tamper.py", "other-episode", "/home/runner/work/_temp/work/failures/F13/spool/crypto/tasks/TASK-8e96f32b5a612a048e939f19384c4c83.json", "/home/runner/work/_temp/work/failures/F13/spool/crypto/results/TASK-8e96f32b5a612a048e939f19384c4c83.7f363b23421ad412.json", "/home/runner/work/_temp/work/failures/F13/spool/crypto/results/other-episode.json"], "fault_env": {}, "exit": 0}
--- stdout
{"mode": "other-episode", "bytes": 6539}
--- stderr
--- end
{"n": 6, "label": "ingest wrong tasks", "at": "2026-09-27T23:53:55Z", "seconds": 0.123, "argv": ["/home/runner/work/_temp/work/rt/cain-venv/bin/cain", "research", "ingest", "--domain", "crypto", "--state", "/home/runner/work/_temp/work/failures/F13/cain-state", "--spool", "/home/runner/work/_temp/work/failures/F13/spool"], "fault_env": {}, "exit": 2}
--- stdout
{"action": "duplicate", "file": "TASK-8e96f32b5a612a048e939f19384c4c83.7f363b23421ad412.json"}
{"action": "rejected", "code": "TASK_NOT_FOUND", "file": "crypto-h9.json", "reason": "crypto:TASK-45b3afb3f4c777ae5aa52020f98afc6a was not emitted by this CAIN"}
{"action": "rejected", "code": "CORRELATION_MISMATCH", "file": "other-episode.json", "reason": "CORRELATION_MISMATCH: episode_id differs from the task"}
{"action": "rejected", "code": "DOMAIN_MISMATCH", "file": "stocks.json", "reason": "result of domain stocks"}
--- stderr
--- end
{"n": 7, "label": "nothing ingested", "at": "2026-09-27T23:53:55Z", "seconds": 0.119, "argv": ["/home/runner/work/_temp/work/rt/cain-venv/bin/cain", "research", "episodes", "--domain", "crypto", "--state", "/home/runner/work/_temp/work/failures/F13/cain-state"], "fault_env": {}, "exit": 0}
--- stdout
{"domain": "crypto", "episodes": [{"as_of": "2026-09-27T23:53:54Z", "decision": "ALLOW", "number": 1, "outbox": {"dispatches": 1, "retries_requested": 0, "status": "PUBLISHED", "task_id": "crypto:TASK-8e96f32b5a612a048e939f19384c4c83"}, "proposal_id": "cain:FM-F13-1", "reason_code": "ALLOWED", "receipt_sha256": "3650a86ceb495f02d144593012fd599cf894bed01519f9062a9e44ceade25361", "source": "operator", "task_id": "crypto:TASK-8e96f32b5a612a048e939f19384c4c83"}], "inbox": [{"class": "TERMINAL_RESULT", "fact_id": "fact:f5a10fdf4a834995aec047b7075f9d05", "payload_sha256": "df6b6fb3fadc552f9cad422cb47295793b698b9d82aebd5070f808e43975ac7f", "status": "RESULT", "task_id": "crypto:TASK-8e96f32b5a612a048e939f19384c4c83"}], "memory": {"broken_at": null, "entries": 1, "head": "5474f428ebbaa003527cf21be0a25a950eab7001d3285f217f5f440c14d174af", "head_recorded_at": "2026-09-27T23:53:55.107339Z", "projection": "consistent", "status": "intact"}, "rejections": [{"code": "TASK_NOT_FOUND", "file": "crypto-h9.json"}, {"code": "CORRELATION_MISMATCH", "file": "other-episode.json"}, {"code": "DOMAIN_MISMATCH", "file": "stocks.json"}]}
--- stderr
--- end
