{"effective_proposal": "/home/runner/work/_temp/work/failures/F07/proposals/1.json", "template": "fixtures/proposals/e2e/01-allow.json", "sha256": "e772e78d66e0dcc34ae1dcf0527927e0709746d0190e7993ed401297b4d0f1fd"}
{"n": 1, "label": "propose 1", "at": "2026-09-28T15:17:54Z", "seconds": 0.152, "argv": ["/home/runner/work/_temp/work/rt/cain-venv/bin/cain", "research", "propose", "--domain", "stocks", "--state", "/home/runner/work/_temp/work/failures/F07/cain-state", "--proposal", "/home/runner/work/_temp/work/failures/F07/proposals/1.json", "--as-of", "2026-09-28T15:17:54Z"], "fault_env": {}, "exit": 0}
--- stdout
{"decision": "ALLOW", "episode_id": "stocks:episode-1", "reason_code": "ALLOWED", "receipt_sha256": "3e158171e62cfde5d2b71fcf801267bb260ce5be59a1676d9fe7965061d3e056", "rule": "R14", "status": "RECORDED", "task": {"payload_sha256": "c29efaa9741a39eed7b9184afc4973d03651038743189b0a9dcdc4415624f016", "previous_task_id": null, "task_id": "stocks:TASK-7cccc5c49dd6741572660667225e253e"}}
--- stderr
--- end
{"n": 2, "label": "dispatch", "at": "2026-09-28T15:17:54Z", "seconds": 0.13, "argv": ["/home/runner/work/_temp/work/rt/cain-venv/bin/cain", "research", "dispatch", "--domain", "stocks", "--state", "/home/runner/work/_temp/work/failures/F07/cain-state", "--spool", "/home/runner/work/_temp/work/failures/F07/spool"], "fault_env": {}, "exit": 0}
--- stdout
{"action": "dispatched", "file": "stocks/tasks/TASK-7cccc5c49dd6741572660667225e253e.json", "spool": "WRITTEN", "task_id": "stocks:TASK-7cccc5c49dd6741572660667225e253e"}
--- stderr
--- end
{"n": 3, "label": "ingest while consumer is out", "at": "2026-09-28T15:17:54Z", "seconds": 0.124, "argv": ["/home/runner/work/_temp/work/rt/cain-venv/bin/cain", "research", "ingest", "--domain", "stocks", "--state", "/home/runner/work/_temp/work/failures/F07/cain-state", "--spool", "/home/runner/work/_temp/work/failures/F07/spool"], "fault_env": {}, "exit": 0}
--- stdout
--- stderr
--- end
{"effective_proposal": "/home/runner/work/_temp/work/failures/F07/proposals/2.json", "template": "fixtures/proposals/e2e/01-allow.json", "sha256": "a6b08f2a768f70fbf033c0223e57feff2ca69ee885e98ddbcb9ebfb3dd83217d"}
{"n": 4, "label": "propose 2", "at": "2026-09-28T15:17:54Z", "seconds": 0.128, "argv": ["/home/runner/work/_temp/work/rt/cain-venv/bin/cain", "research", "propose", "--domain", "stocks", "--state", "/home/runner/work/_temp/work/failures/F07/cain-state", "--proposal", "/home/runner/work/_temp/work/failures/F07/proposals/2.json", "--as-of", "2026-09-28T15:17:54Z"], "fault_env": {}, "exit": 0}
--- stdout
{"decision": "ABSTAIN", "episode_id": "stocks:episode-2", "reason_code": "OPEN_TASK_PENDING", "receipt_sha256": "1cf76dd5b4fce9dd060ea6de34b24d8e4fc6b2de57ad358fed09ce9002e8ec30", "rule": "R12", "status": "RECORDED", "task": null}
--- stderr
--- end
{"n": 5, "label": "consumer back", "at": "2026-09-28T15:18:03Z", "seconds": 8.628, "argv": ["/home/runner/work/_temp/work/rt/consumer-venv/bin/predictor-research-consumer", "--domain", "stocks", "--spool", "/home/runner/work/_temp/work/failures/F07/spool", "--ledger", "/home/runner/work/_temp/work/failures/F07/consumer/ledger.sqlite", "--state", "/home/runner/work/_temp/work/failures/F07/domain-state", "--policy", "/home/runner/work/_temp/work/rt/op/policy.json", "--objects", "/home/runner/work/_temp/work/rt/op/objects"], "fault_env": {}, "exit": 0}
--- stdout
{"action": "delivered", "attempt": 1, "class": "TERMINAL_RESULT", "episode_id": "stocks:episode-1", "result_file": "stocks/results/TASK-7cccc5c49dd6741572660667225e253e.0d52f13c2dc9467f.json", "result_write": "WRITTEN", "status": "RESULT", "task_id": "stocks:TASK-7cccc5c49dd6741572660667225e253e"}
--- stderr
{"duration_ms": 8330, "event": "job_finished", "job_id": "stocks-research-d389c4edfa22401700754e3f", "level": "INFO", "run_id": "7e690d9636b04ffcb1a7c23c79216fd7", "run_status": "SUCCEEDED", "service": "predictor_ops", "timestamp": "2026-09-28T15:18:03.257605Z"}
--- end
{"n": 6, "label": "ingest", "at": "2026-09-28T15:18:03Z", "seconds": 0.142, "argv": ["/home/runner/work/_temp/work/rt/cain-venv/bin/cain", "research", "ingest", "--domain", "stocks", "--state", "/home/runner/work/_temp/work/failures/F07/cain-state", "--spool", "/home/runner/work/_temp/work/failures/F07/spool"], "fault_env": {}, "exit": 0}
--- stdout
{"action": "ingested", "class": "TERMINAL_RESULT", "fact": "fact:5693d1517efe49b080ba8d61b5f845d8", "file": "TASK-7cccc5c49dd6741572660667225e253e.0d52f13c2dc9467f.json", "status": "RESULT", "task_id": "stocks:TASK-7cccc5c49dd6741572660667225e253e"}
--- stderr
--- end
{"n": 7, "label": "processed once", "at": "2026-09-28T15:18:03Z", "seconds": 0.129, "argv": ["/home/runner/work/_temp/work/rt/cain-venv/bin/cain", "research", "episodes", "--domain", "stocks", "--state", "/home/runner/work/_temp/work/failures/F07/cain-state"], "fault_env": {}, "exit": 0}
--- stdout
{"domain": "stocks", "episodes": [{"as_of": "2026-09-28T15:17:54Z", "decision": "ALLOW", "number": 1, "outbox": {"dispatches": 1, "retries_requested": 0, "status": "PUBLISHED", "task_id": "stocks:TASK-7cccc5c49dd6741572660667225e253e"}, "proposal_id": "cain:FM-F07-1", "reason_code": "ALLOWED", "receipt_sha256": "3e158171e62cfde5d2b71fcf801267bb260ce5be59a1676d9fe7965061d3e056", "source": "operator", "task_id": "stocks:TASK-7cccc5c49dd6741572660667225e253e"}, {"as_of": "2026-09-28T15:17:54Z", "decision": "ABSTAIN", "number": 2, "outbox": null, "proposal_id": "cain:FM-F07-2", "reason_code": "OPEN_TASK_PENDING", "receipt_sha256": "1cf76dd5b4fce9dd060ea6de34b24d8e4fc6b2de57ad358fed09ce9002e8ec30", "source": "operator", "task_id": null}], "inbox": [{"class": "TERMINAL_RESULT", "fact_id": "fact:5693d1517efe49b080ba8d61b5f845d8", "payload_sha256": "75a494a531855be45ed845e7bb3273efa2ddd881333959c0fdcac56afa3cf2c7", "status": "RESULT", "task_id": "stocks:TASK-7cccc5c49dd6741572660667225e253e"}], "memory": {"broken_at": null, "entries": 1, "head": "537676ca8af727710b3426cbc466ca5e2c5723686c6defec38308d16a39899d7", "head_recorded_at": "2026-09-28T15:18:03.438161Z", "projection": "consistent", "status": "intact"}, "rejections": []}
--- stderr
--- end
