{"n": 1, "label": "propose 1", "at": "2026-09-28T01:16:28Z", "seconds": 0.128, "argv": ["/home/runner/work/_temp/work/rt/cain-venv/bin/cain", "research", "propose", "--domain", "crypto", "--state", "/home/runner/work/_temp/work/failures/F01/cain-state", "--proposal", "/home/runner/work/_temp/work/failures/F01/proposals/1.json", "--as-of", "2026-09-28T01:16:28Z"], "fault_env": {"CAIN_ORCHESTRATION_FAULT": "after_outbox_commit"}, "exit": 86}
--- stdout
--- stderr
--- end
{"n": 2, "label": "dispatch after restart", "at": "2026-09-28T01:16:28Z", "seconds": 0.121, "argv": ["/home/runner/work/_temp/work/rt/cain-venv/bin/cain", "research", "dispatch", "--domain", "crypto", "--state", "/home/runner/work/_temp/work/failures/F01/cain-state", "--spool", "/home/runner/work/_temp/work/failures/F01/spool"], "fault_env": {}, "exit": 0}
--- stdout
{"action": "dispatched", "file": "crypto/tasks/TASK-d68de9e75c03e87e3c10a1f03858dc4a.json", "spool": "WRITTEN", "task_id": "crypto:TASK-d68de9e75c03e87e3c10a1f03858dc4a"}
--- stderr
--- end
{"n": 3, "label": "consumer", "at": "2026-09-28T01:16:29Z", "seconds": 0.447, "argv": ["/home/runner/work/_temp/work/rt/consumer-venv/bin/predictor-research-consumer", "--domain", "crypto", "--spool", "/home/runner/work/_temp/work/failures/F01/spool", "--ledger", "/home/runner/work/_temp/work/failures/F01/consumer/ledger.sqlite", "--state", "/home/runner/work/_temp/work/failures/F01/domain-state", "--policy", "/home/runner/work/_temp/work/rt/op/policy.json", "--objects", "/home/runner/work/_temp/work/rt/op/objects"], "fault_env": {}, "exit": 0}
--- stdout
{"action": "delivered", "attempt": 1, "class": "TERMINAL_RESULT", "episode_id": "crypto:episode-1", "result_file": "crypto/results/TASK-d68de9e75c03e87e3c10a1f03858dc4a.662ad9e523780e82.json", "result_write": "WRITTEN", "status": "RESULT", "task_id": "crypto:TASK-d68de9e75c03e87e3c10a1f03858dc4a"}
--- stderr
{"duration_ms": 207, "event": "job_finished", "job_id": "crypto-research-8bc3ad4121c563a9e72f3303", "level": "INFO", "run_id": "712bc523135c48f089ad92353c82d512", "run_status": "SUCCEEDED", "service": "predictor_ops", "timestamp": "2026-09-28T01:16:29.172011Z"}
--- end
{"n": 4, "label": "ingest", "at": "2026-09-28T01:16:29Z", "seconds": 0.126, "argv": ["/home/runner/work/_temp/work/rt/cain-venv/bin/cain", "research", "ingest", "--domain", "crypto", "--state", "/home/runner/work/_temp/work/failures/F01/cain-state", "--spool", "/home/runner/work/_temp/work/failures/F01/spool"], "fault_env": {}, "exit": 0}
--- stdout
{"action": "ingested", "class": "TERMINAL_RESULT", "fact": "fact:fd8ad5cb6c4c487c9b1d17daed9f4c9a", "file": "TASK-d68de9e75c03e87e3c10a1f03858dc4a.662ad9e523780e82.json", "status": "RESULT", "task_id": "crypto:TASK-d68de9e75c03e87e3c10a1f03858dc4a"}
--- stderr
--- end
{"n": 5, "label": "recovered exactly once", "at": "2026-09-28T01:16:29Z", "seconds": 0.119, "argv": ["/home/runner/work/_temp/work/rt/cain-venv/bin/cain", "research", "episodes", "--domain", "crypto", "--state", "/home/runner/work/_temp/work/failures/F01/cain-state"], "fault_env": {}, "exit": 0}
--- stdout
{"domain": "crypto", "episodes": [{"as_of": "2026-09-28T01:16:28Z", "decision": "ALLOW", "number": 1, "outbox": {"dispatches": 1, "retries_requested": 0, "status": "PUBLISHED", "task_id": "crypto:TASK-d68de9e75c03e87e3c10a1f03858dc4a"}, "proposal_id": "cain:FM-F01-1", "reason_code": "ALLOWED", "receipt_sha256": "5ea50a6009cce72d5f864e814a01eb2db983e9d20e8d1730f2c08c42ec18b6ce", "source": "operator", "task_id": "crypto:TASK-d68de9e75c03e87e3c10a1f03858dc4a"}], "inbox": [{"class": "TERMINAL_RESULT", "fact_id": "fact:fd8ad5cb6c4c487c9b1d17daed9f4c9a", "payload_sha256": "8c3be5786e44ff9d3c3511ce11c43def6837af3c9270b53a869b838d716d142b", "status": "RESULT", "task_id": "crypto:TASK-d68de9e75c03e87e3c10a1f03858dc4a"}], "memory": {"broken_at": null, "entries": 1, "head": "870125f710d52daed047e6d0cea46eaff62c3d4df9a8ced89ef7c5c033179fa6", "head_recorded_at": "2026-09-28T01:16:29.321899Z", "projection": "consistent", "status": "intact"}, "rejections": []}
--- stderr
--- end
