{"effective_proposal": "/home/runner/work/_temp/work/failures/F14/proposals/1.json", "template": "fixtures/proposals/e2e/01-allow.json", "sha256": "08625a8141692da6213504d71cf6da69fb13340a70dc50c5767343ad56e07dc8"}
{"n": 1, "label": "propose 1", "at": "2026-09-28T18:18:25Z", "seconds": 0.141, "argv": ["/home/runner/work/_temp/work/rt/cain-venv/bin/cain", "research", "propose", "--domain", "stocks", "--state", "/home/runner/work/_temp/work/failures/F14/cain-state", "--proposal", "/home/runner/work/_temp/work/failures/F14/proposals/1.json", "--as-of", "2026-09-28T18:18:25Z"], "fault_env": {}, "exit": 0}
--- stdout
{"decision": "ALLOW", "episode_id": "stocks:episode-1", "reason_code": "ALLOWED", "receipt_sha256": "d0b05d6be60a6f96f595e7226d42eba32f2397292ecea578923216cc2fe5380f", "rule": "R14", "status": "RECORDED", "task": {"payload_sha256": "a5246653d8262815bf8b0875cbc0410939d95593a07efed1c3332be78b911213", "previous_task_id": null, "task_id": "stocks:TASK-e125c48bc88dc08db145a24397096b95"}}
--- stderr
--- end
{"n": 2, "label": "dispatch", "at": "2026-09-28T18:18:25Z", "seconds": 0.119, "argv": ["/home/runner/work/_temp/work/rt/cain-venv/bin/cain", "research", "dispatch", "--domain", "stocks", "--state", "/home/runner/work/_temp/work/failures/F14/cain-state", "--spool", "/home/runner/work/_temp/work/failures/F14/spool"], "fault_env": {}, "exit": 0}
--- stdout
{"action": "dispatched", "file": "stocks/tasks/TASK-e125c48bc88dc08db145a24397096b95.json", "spool": "WRITTEN", "task_id": "stocks:TASK-e125c48bc88dc08db145a24397096b95"}
--- stderr
--- end
{"n": 3, "label": "consumer with Ops worker crash", "at": "2026-09-28T18:18:26Z", "seconds": 0.364, "argv": ["/home/runner/work/_temp/work/rt/consumer-venv/bin/predictor-research-consumer", "--domain", "stocks", "--spool", "/home/runner/work/_temp/work/failures/F14/spool", "--ledger", "/home/runner/work/_temp/work/failures/F14/consumer/ledger.sqlite", "--state", "/home/runner/work/_temp/work/failures/F14/domain-state", "--policy", "/home/runner/work/_temp/work/rt/op/policy.json", "--objects", "/home/runner/work/_temp/work/rt/op/objects"], "fault_env": {"STOCKS_RESEARCH_FAULT": "ops_worker_crash"}, "exit": 0}
--- stdout
{"action": "delivered", "attempt": 1, "class": "RETRYABLE", "episode_id": "stocks:episode-1", "result_file": "stocks/results/TASK-e125c48bc88dc08db145a24397096b95.2142040bf815b093.json", "result_write": "WRITTEN", "status": "OPS_FAILED_RETRYABLE", "task_id": "stocks:TASK-e125c48bc88dc08db145a24397096b95"}
--- stderr
{"duration_ms": 107, "event": "job_finished", "job_id": "stocks-research-0fdb2a74a9888a54e418b3f3", "level": "INFO", "run_id": "b0fc8868aede4ab0ac30c2de7afab921", "run_status": "FAILED", "service": "predictor_ops", "timestamp": "2026-09-28T18:18:26.068321Z"}
--- end
{"n": 4, "label": "ingest retryable", "at": "2026-09-28T18:18:26Z", "seconds": 0.12, "argv": ["/home/runner/work/_temp/work/rt/cain-venv/bin/cain", "research", "ingest", "--domain", "stocks", "--state", "/home/runner/work/_temp/work/failures/F14/cain-state", "--spool", "/home/runner/work/_temp/work/failures/F14/spool"], "fault_env": {}, "exit": 0}
--- stdout
{"action": "ingested", "class": "RETRYABLE", "fact": null, "file": "TASK-e125c48bc88dc08db145a24397096b95.2142040bf815b093.json", "status": "OPS_FAILED_RETRYABLE", "task_id": "stocks:TASK-e125c48bc88dc08db145a24397096b95"}
--- stderr
--- end
{"effective_proposal": "/home/runner/work/_temp/work/failures/F14/proposals/2.json", "template": "fixtures/proposals/e2e/01-allow.json", "sha256": "4de797db58787b8c930400739e4b3e8fb05a756ff0184591595c608792393b25"}
{"n": 5, "label": "propose 2", "at": "2026-09-28T18:18:26Z", "seconds": 0.119, "argv": ["/home/runner/work/_temp/work/rt/cain-venv/bin/cain", "research", "propose", "--domain", "stocks", "--state", "/home/runner/work/_temp/work/failures/F14/cain-state", "--proposal", "/home/runner/work/_temp/work/failures/F14/proposals/2.json", "--as-of", "2026-09-28T18:18:26Z"], "fault_env": {}, "exit": 0}
--- stdout
{"decision": "ABSTAIN", "episode_id": "stocks:episode-2", "reason_code": "OPEN_TASK_PENDING", "receipt_sha256": "be59fd80c72e15e04cac49bc4591ae1aea694653fb5759c8ef8eb63adf679a05", "rule": "R12", "status": "RECORDED", "task": null}
--- stderr
--- end
{"n": 6, "label": "episodes", "at": "2026-09-28T18:18:26Z", "seconds": 0.117, "argv": ["/home/runner/work/_temp/work/rt/cain-venv/bin/cain", "research", "episodes", "--domain", "stocks", "--state", "/home/runner/work/_temp/work/failures/F14/cain-state"], "fault_env": {}, "exit": 0}
--- stdout
{"domain": "stocks", "episodes": [{"as_of": "2026-09-28T18:18:25Z", "decision": "ALLOW", "number": 1, "outbox": {"dispatches": 1, "retries_requested": 0, "status": "PUBLISHED", "task_id": "stocks:TASK-e125c48bc88dc08db145a24397096b95"}, "proposal_id": "cain:FM-F14-1", "reason_code": "ALLOWED", "receipt_sha256": "d0b05d6be60a6f96f595e7226d42eba32f2397292ecea578923216cc2fe5380f", "source": "operator", "task_id": "stocks:TASK-e125c48bc88dc08db145a24397096b95"}, {"as_of": "2026-09-28T18:18:26Z", "decision": "ABSTAIN", "number": 2, "outbox": null, "proposal_id": "cain:FM-F14-2", "reason_code": "OPEN_TASK_PENDING", "receipt_sha256": "be59fd80c72e15e04cac49bc4591ae1aea694653fb5759c8ef8eb63adf679a05", "source": "operator", "task_id": null}], "inbox": [{"class": "RETRYABLE", "fact_id": null, "payload_sha256": null, "status": "OPS_FAILED_RETRYABLE", "task_id": "stocks:TASK-e125c48bc88dc08db145a24397096b95"}], "memory": {"broken_at": null, "entries": 0, "head": "cain-memory-log/1", "head_recorded_at": null, "projection": "consistent", "status": "intact"}, "rejections": []}
--- stderr
--- end
{"n": 7, "label": "retry", "at": "2026-09-28T18:18:26Z", "seconds": 0.121, "argv": ["/home/runner/work/_temp/work/rt/cain-venv/bin/cain", "research", "retry", "--domain", "stocks", "--state", "/home/runner/work/_temp/work/failures/F14/cain-state", "--spool", "/home/runner/work/_temp/work/failures/F14/spool", "--task-id", "stocks:TASK-e125c48bc88dc08db145a24397096b95"], "fault_env": {}, "exit": 0}
--- stdout
{"action": "retry_requested", "attempt": 1, "file": "stocks/retries/TASK-e125c48bc88dc08db145a24397096b95.1.json", "task_id": "stocks:TASK-e125c48bc88dc08db145a24397096b95"}
--- stderr
--- end
{"n": 8, "label": "consumer after retry", "at": "2026-09-28T18:18:34Z", "seconds": 8.402, "argv": ["/home/runner/work/_temp/work/rt/consumer-venv/bin/predictor-research-consumer", "--domain", "stocks", "--spool", "/home/runner/work/_temp/work/failures/F14/spool", "--ledger", "/home/runner/work/_temp/work/failures/F14/consumer/ledger.sqlite", "--state", "/home/runner/work/_temp/work/failures/F14/domain-state", "--policy", "/home/runner/work/_temp/work/rt/op/policy.json", "--objects", "/home/runner/work/_temp/work/rt/op/objects"], "fault_env": {}, "exit": 0}
--- stdout
{"action": "delivered", "attempt": 2, "class": "TERMINAL_RESULT", "episode_id": "stocks:episode-1", "result_file": "stocks/results/TASK-e125c48bc88dc08db145a24397096b95.a69f0e6c86c06128.json", "result_write": "WRITTEN", "status": "RESULT", "task_id": "stocks:TASK-e125c48bc88dc08db145a24397096b95"}
--- stderr
{"duration_ms": 8130, "event": "job_finished", "job_id": "stocks-research-0fdb2a74a9888a54e418b3f3", "level": "INFO", "run_id": "5d93c65da2354a22b2939672e25f9aa2", "run_status": "SUCCEEDED", "service": "predictor_ops", "timestamp": "2026-09-28T18:18:34.928360Z"}
--- end
{"n": 9, "label": "ingest after retry", "at": "2026-09-28T18:18:35Z", "seconds": 0.133, "argv": ["/home/runner/work/_temp/work/rt/cain-venv/bin/cain", "research", "ingest", "--domain", "stocks", "--state", "/home/runner/work/_temp/work/failures/F14/cain-state", "--spool", "/home/runner/work/_temp/work/failures/F14/spool"], "fault_env": {}, "exit": 0}
--- stdout
{"action": "duplicate", "file": "TASK-e125c48bc88dc08db145a24397096b95.2142040bf815b093.json"}
{"action": "ingested", "class": "TERMINAL_RESULT", "fact": "fact:6a5874a1de474764bcc2e2dd6864f3ce", "file": "TASK-e125c48bc88dc08db145a24397096b95.a69f0e6c86c06128.json", "status": "RESULT", "task_id": "stocks:TASK-e125c48bc88dc08db145a24397096b95"}
--- stderr
--- end
{"n": 10, "label": "one RESULT after the retry", "at": "2026-09-28T18:18:35Z", "seconds": 0.119, "argv": ["/home/runner/work/_temp/work/rt/cain-venv/bin/cain", "research", "episodes", "--domain", "stocks", "--state", "/home/runner/work/_temp/work/failures/F14/cain-state"], "fault_env": {}, "exit": 0}
--- stdout
{"domain": "stocks", "episodes": [{"as_of": "2026-09-28T18:18:25Z", "decision": "ALLOW", "number": 1, "outbox": {"dispatches": 1, "retries_requested": 1, "status": "PUBLISHED", "task_id": "stocks:TASK-e125c48bc88dc08db145a24397096b95"}, "proposal_id": "cain:FM-F14-1", "reason_code": "ALLOWED", "receipt_sha256": "d0b05d6be60a6f96f595e7226d42eba32f2397292ecea578923216cc2fe5380f", "source": "operator", "task_id": "stocks:TASK-e125c48bc88dc08db145a24397096b95"}, {"as_of": "2026-09-28T18:18:26Z", "decision": "ABSTAIN", "number": 2, "outbox": null, "proposal_id": "cain:FM-F14-2", "reason_code": "OPEN_TASK_PENDING", "receipt_sha256": "be59fd80c72e15e04cac49bc4591ae1aea694653fb5759c8ef8eb63adf679a05", "source": "operator", "task_id": null}], "inbox": [{"class": "RETRYABLE", "fact_id": null, "payload_sha256": null, "status": "OPS_FAILED_RETRYABLE", "task_id": "stocks:TASK-e125c48bc88dc08db145a24397096b95"}, {"class": "TERMINAL_RESULT", "fact_id": "fact:6a5874a1de474764bcc2e2dd6864f3ce", "payload_sha256": "b18b748823ae6a4851bc5fcdd6cdc6278b6a8f059ecc95dc313a81d708f3ae7a", "status": "RESULT", "task_id": "stocks:TASK-e125c48bc88dc08db145a24397096b95"}], "memory": {"broken_at": null, "entries": 1, "head": "c5b6fcf36fe47328f2a87d86b51deeddc31ca7fd44c5a056a3d6bd552018fa9c", "head_recorded_at": "2026-09-28T18:18:35.095330Z", "projection": "consistent", "status": "intact"}, "rejections": []}
--- stderr
--- end
