{"n": 1, "domain": "brasileirao", "label": "propose 01-allow", "at": "2026-09-28T15:06:48Z", "seconds": 0.23, "argv": ["/home/superleo13/predictors/runtime/integration-brasileirao/priv/run-20260928T145525Z-br12/cain-venv/bin/cain", "research", "propose", "--domain", "brasileirao", "--state", "/home/superleo13/predictors/runtime/integration-brasileirao/priv/run-20260928T145525Z-br12/e2e/cain-state", "--proposal", "/home/superleo13/predictors/work/integration-brasileirao-evidence/qualification/integration-brasileirao/fixtures/proposals/e2e/01-allow.json", "--as-of", "2026-09-28T15:06:48Z"], "fault_env": {}, "exit": 0, "stdout_sha256": "aa79b6f6429c56275dabf2006553d0bc30c44b6b4e5c36531a526ca71c9c0c6a", "stdout_bytes": 396, "stderr_sha256": "e3b0c44298fc1c149afbf4c8996fb92427ae41e4649b934ca495991b7852b855", "stderr_bytes": 0}
--- stdout
{"decision": "ALLOW", "episode_id": "brasileirao:episode-1", "reason_code": "ALLOWED", "receipt_sha256": "def5a43628be776a7a16d856d08fd90570cd2a51912ab3731d605a419b6ec7e0", "rule": "R14", "status": "RECORDED", "task": {"payload_sha256": "6e8a8a5094e4233b9d161e8605851efc7b7d07da7f1d358cb6e31ca58129cf0b", "previous_task_id": null, "task_id": "brasileirao:TASK-1dbe590d60e927b6bd034bcafe5d0cf2"}}
--- end
{"n": 2, "domain": "brasileirao", "label": "dispatch 01-allow", "at": "2026-09-28T15:06:48Z", "seconds": 0.095, "argv": ["/home/superleo13/predictors/runtime/integration-brasileirao/priv/run-20260928T145525Z-br12/cain-venv/bin/cain", "research", "dispatch", "--domain", "brasileirao", "--state", "/home/superleo13/predictors/runtime/integration-brasileirao/priv/run-20260928T145525Z-br12/e2e/cain-state", "--spool", "/home/superleo13/predictors/runtime/integration-brasileirao/priv/run-20260928T145525Z-br12/e2e/spool"], "fault_env": {}, "exit": 0, "stdout_sha256": "18c2ebb7c3fcd854f1615331a2766812de3b25c4dc465ec4d2a4cc4dc35b2282", "stdout_bytes": 181, "stderr_sha256": "e3b0c44298fc1c149afbf4c8996fb92427ae41e4649b934ca495991b7852b855", "stderr_bytes": 0}
--- stdout
{"action": "dispatched", "file": "brasileirao/tasks/TASK-1dbe590d60e927b6bd034bcafe5d0cf2.json", "spool": "WRITTEN", "task_id": "brasileirao:TASK-1dbe590d60e927b6bd034bcafe5d0cf2"}
--- end
{"n": 3, "domain": "brasileirao", "label": "consumer 01-allow", "at": "2026-09-28T15:06:52Z", "seconds": 3.069, "argv": ["/home/superleo13/predictors/runtime/integration-brasileirao/priv/run-20260928T145525Z-br12/consumer-venv/bin/predictor-research-consumer", "--domain", "brasileirao", "--spool", "/home/superleo13/predictors/runtime/integration-brasileirao/priv/run-20260928T145525Z-br12/e2e/spool", "--ledger", "/home/superleo13/predictors/runtime/integration-brasileirao/priv/run-20260928T145525Z-br12/e2e/consumer-brasileirao/ledger.sqlite", "--state", "/home/superleo13/predictors/runtime/integration-brasileirao/priv/run-20260928T145525Z-br12/e2e/domain-state-brasileirao", "--policy", "/home/superleo13/predictors/runtime/integration-brasileirao/priv/run-20260928T145525Z-br12/op/policy.json", "--objects", "/home/superleo13/predictors/runtime/integration-brasileirao/priv/run-20260928T145525Z-br12/op/obj"], "fault_env": {}, "exit": 0, "stdout_sha256": "1a252109802f180849a6d79517229ef650db494ce8fb62a08bbe98239bda064b", "stdout_bytes": 314, "stderr_sha256": "e3b0c44298fc1c149afbf4c8996fb92427ae41e4649b934ca495991b7852b855", "stderr_bytes": 0}
--- stdout
{"action": "delivered", "attempt": 1, "class": "TERMINAL_RESULT", "episode_id": "brasileirao:episode-1", "result_file": "brasileirao/results/TASK-1dbe590d60e927b6bd034bcafe5d0cf2.5abe6001fd3adbed.json", "result_write": "WRITTEN", "status": "RESULT", "task_id": "brasileirao:TASK-1dbe590d60e927b6bd034bcafe5d0cf2"}
--- end
{"n": 4, "domain": "brasileirao", "label": "ingest 01-allow", "at": "2026-09-28T15:06:52Z", "seconds": 0.102, "argv": ["/home/superleo13/predictors/runtime/integration-brasileirao/priv/run-20260928T145525Z-br12/cain-venv/bin/cain", "research", "ingest", "--domain", "brasileirao", "--state", "/home/superleo13/predictors/runtime/integration-brasileirao/priv/run-20260928T145525Z-br12/e2e/cain-state", "--spool", "/home/superleo13/predictors/runtime/integration-brasileirao/priv/run-20260928T145525Z-br12/e2e/spool"], "fault_env": {}, "exit": 0, "stdout_sha256": "0ef988c83058268e1f5130bbc93a5be1f611beca9d86c05f45aacce215dbdfc6", "stdout_bytes": 255, "stderr_sha256": "e3b0c44298fc1c149afbf4c8996fb92427ae41e4649b934ca495991b7852b855", "stderr_bytes": 0}
--- stdout
{"action": "ingested", "class": "TERMINAL_RESULT", "fact": "fact:b1714ad3f0434aa5a392b803f5e340be", "file": "TASK-1dbe590d60e927b6bd034bcafe5d0cf2.5abe6001fd3adbed.json", "status": "RESULT", "task_id": "brasileirao:TASK-1dbe590d60e927b6bd034bcafe5d0cf2"}
--- end
{"n": 5, "domain": "brasileirao", "label": "propose 02-allow-restarts", "at": "2026-09-28T15:06:52Z", "seconds": 0.1, "argv": ["/home/superleo13/predictors/runtime/integration-brasileirao/priv/run-20260928T145525Z-br12/cain-venv/bin/cain", "research", "propose", "--domain", "brasileirao", "--state", "/home/superleo13/predictors/runtime/integration-brasileirao/priv/run-20260928T145525Z-br12/e2e/cain-state", "--proposal", "/home/superleo13/predictors/work/integration-brasileirao-evidence/qualification/integration-brasileirao/fixtures/proposals/e2e/02-allow-restarts.json", "--as-of", "2026-09-28T15:06:52Z"], "fault_env": {}, "exit": 0, "stdout_sha256": "cab535088b40868b66ce025e5a089d4f9143c794714237d536dfec55bf09bd85", "stdout_bytes": 443, "stderr_sha256": "e3b0c44298fc1c149afbf4c8996fb92427ae41e4649b934ca495991b7852b855", "stderr_bytes": 0}
--- stdout
{"decision": "ALLOW", "episode_id": "brasileirao:episode-2", "reason_code": "ALLOWED", "receipt_sha256": "12575a160ad228a35a8e9e466fcceb4e04ca842c8a4a4be127f581754feda390", "rule": "R14", "status": "RECORDED", "task": {"payload_sha256": "0a5392f0763df0dc31be1cae1ea4c65f5975d8b8e95b802ce3a5696e30388a24", "previous_task_id": "brasileirao:TASK-1dbe590d60e927b6bd034bcafe5d0cf2", "task_id": "brasileirao:TASK-2026a6ea02942cdd62f6c1acede805f8"}}
--- end
{"n": 6, "domain": "brasileirao", "label": "dispatch 02", "at": "2026-09-28T15:06:52Z", "seconds": 0.098, "argv": ["/home/superleo13/predictors/runtime/integration-brasileirao/priv/run-20260928T145525Z-br12/cain-venv/bin/cain", "research", "dispatch", "--domain", "brasileirao", "--state", "/home/superleo13/predictors/runtime/integration-brasileirao/priv/run-20260928T145525Z-br12/e2e/cain-state", "--spool", "/home/superleo13/predictors/runtime/integration-brasileirao/priv/run-20260928T145525Z-br12/e2e/spool"], "fault_env": {}, "exit": 0, "stdout_sha256": "db8e05c75c7a64e82f1cc97a57af55ed191e8c5e2485a66129195dd90abef1c1", "stdout_bytes": 181, "stderr_sha256": "e3b0c44298fc1c149afbf4c8996fb92427ae41e4649b934ca495991b7852b855", "stderr_bytes": 0}
--- stdout
{"action": "dispatched", "file": "brasileirao/tasks/TASK-2026a6ea02942cdd62f6c1acede805f8.json", "spool": "WRITTEN", "task_id": "brasileirao:TASK-2026a6ea02942cdd62f6c1acede805f8"}
--- end
{"n": 7, "domain": "brasileirao", "label": "consumer 02 (fault)", "at": "2026-09-28T15:06:57Z", "seconds": 4.851, "argv": ["/home/superleo13/predictors/runtime/integration-brasileirao/priv/run-20260928T145525Z-br12/consumer-venv/bin/predictor-research-consumer", "--domain", "brasileirao", "--spool", "/home/superleo13/predictors/runtime/integration-brasileirao/priv/run-20260928T145525Z-br12/e2e/spool", "--ledger", "/home/superleo13/predictors/runtime/integration-brasileirao/priv/run-20260928T145525Z-br12/e2e/consumer-brasileirao/ledger.sqlite", "--state", "/home/superleo13/predictors/runtime/integration-brasileirao/priv/run-20260928T145525Z-br12/e2e/domain-state-brasileirao", "--policy", "/home/superleo13/predictors/runtime/integration-brasileirao/priv/run-20260928T145525Z-br12/op/policy.json", "--objects", "/home/superleo13/predictors/runtime/integration-brasileirao/priv/run-20260928T145525Z-br12/op/obj"], "fault_env": {"PREDICTOR_RESEARCH_TRANSPORT_FAULT": "after_domain_before_result_write"}, "exit": 86, "stdout_sha256": "e3b0c44298fc1c149afbf4c8996fb92427ae41e4649b934ca495991b7852b855", "stdout_bytes": 0, "stderr_sha256": "e3b0c44298fc1c149afbf4c8996fb92427ae41e4649b934ca495991b7852b855", "stderr_bytes": 0}
--- stdout
--- end
{"n": 8, "domain": "brasileirao", "label": "consumer 02 (restart)", "at": "2026-09-28T15:06:57Z", "seconds": 0.15, "argv": ["/home/superleo13/predictors/runtime/integration-brasileirao/priv/run-20260928T145525Z-br12/consumer-venv/bin/predictor-research-consumer", "--domain", "brasileirao", "--spool", "/home/superleo13/predictors/runtime/integration-brasileirao/priv/run-20260928T145525Z-br12/e2e/spool", "--ledger", "/home/superleo13/predictors/runtime/integration-brasileirao/priv/run-20260928T145525Z-br12/e2e/consumer-brasileirao/ledger.sqlite", "--state", "/home/superleo13/predictors/runtime/integration-brasileirao/priv/run-20260928T145525Z-br12/e2e/domain-state-brasileirao", "--policy", "/home/superleo13/predictors/runtime/integration-brasileirao/priv/run-20260928T145525Z-br12/op/policy.json", "--objects", "/home/superleo13/predictors/runtime/integration-brasileirao/priv/run-20260928T145525Z-br12/op/obj"], "fault_env": {}, "exit": 0, "stdout_sha256": "74a250c817e83bd05a39cfa0d281142815190c9a719a3bf05c8ae68eaa6d45fa", "stdout_bytes": 490, "stderr_sha256": "e3b0c44298fc1c149afbf4c8996fb92427ae41e4649b934ca495991b7852b855", "stderr_bytes": 0}
--- stdout
{"action": "skipped", "episode_id": "brasileirao:episode-1", "state": "TERMINAL_RESULT", "status": "RESULT", "task_id": "brasileirao:TASK-1dbe590d60e927b6bd034bcafe5d0cf2"}
{"action": "delivered", "attempt": 2, "class": "TERMINAL_RESULT", "episode_id": "brasileirao:episode-2", "result_file": "brasileirao/results/TASK-2026a6ea02942cdd62f6c1acede805f8.51cac817da5ece76.json", "result_write": "WRITTEN", "status": "DUPLICATE", "task_id": "brasileirao:TASK-2026a6ea02942cdd62f6c1acede805f8"}
--- end
{"n": 9, "domain": "brasileirao", "label": "ingest 02 (fault)", "at": "2026-09-28T15:06:57Z", "seconds": 0.1, "argv": ["/home/superleo13/predictors/runtime/integration-brasileirao/priv/run-20260928T145525Z-br12/cain-venv/bin/cain", "research", "ingest", "--domain", "brasileirao", "--state", "/home/superleo13/predictors/runtime/integration-brasileirao/priv/run-20260928T145525Z-br12/e2e/cain-state", "--spool", "/home/superleo13/predictors/runtime/integration-brasileirao/priv/run-20260928T145525Z-br12/e2e/spool"], "fault_env": {"CAIN_ORCHESTRATION_FAULT": "after_inbox_commit_before_memory"}, "exit": 86, "stdout_sha256": "e3b0c44298fc1c149afbf4c8996fb92427ae41e4649b934ca495991b7852b855", "stdout_bytes": 0, "stderr_sha256": "e3b0c44298fc1c149afbf4c8996fb92427ae41e4649b934ca495991b7852b855", "stderr_bytes": 0}
--- stdout
--- end
{"n": 10, "domain": "brasileirao", "label": "ingest 02 (restart)", "at": "2026-09-28T15:06:57Z", "seconds": 0.113, "argv": ["/home/superleo13/predictors/runtime/integration-brasileirao/priv/run-20260928T145525Z-br12/cain-venv/bin/cain", "research", "ingest", "--domain", "brasileirao", "--state", "/home/superleo13/predictors/runtime/integration-brasileirao/priv/run-20260928T145525Z-br12/e2e/cain-state", "--spool", "/home/superleo13/predictors/runtime/integration-brasileirao/priv/run-20260928T145525Z-br12/e2e/spool"], "fault_env": {}, "exit": 0, "stdout_sha256": "28921a731d69b735c03b524bab68b7fe69107447ee6476b41942dade9b464f3a", "stdout_bytes": 260, "stderr_sha256": "e3b0c44298fc1c149afbf4c8996fb92427ae41e4649b934ca495991b7852b855", "stderr_bytes": 0}
--- stdout
{"action": "duplicate", "file": "TASK-1dbe590d60e927b6bd034bcafe5d0cf2.5abe6001fd3adbed.json"}
{"action": "remembered", "fact_id": "fact:0c6156d5dcbb4d08a16a9964854af470", "file": "TASK-2026a6ea02942cdd62f6c1acede805f8.51cac817da5ece76.json", "reused": false}
--- end
{"n": 11, "domain": "brasileirao", "label": "ingest interleaved other domains", "at": "2026-09-28T15:06:57Z", "seconds": 0.113, "argv": ["/home/superleo13/predictors/runtime/integration-brasileirao/priv/run-20260928T145525Z-br12/cain-venv/bin/cain", "research", "ingest", "--domain", "brasileirao", "--state", "/home/superleo13/predictors/runtime/integration-brasileirao/priv/run-20260928T145525Z-br12/e2e/cain-state", "--spool", "/home/superleo13/predictors/runtime/integration-brasileirao/priv/run-20260928T145525Z-br12/e2e/spool"], "fault_env": {}, "exit": 2, "stdout_sha256": "0842caf86a57ce430251b90c06274a11bbdffb7d73c0b2ab6d70d2f89775a6d5", "stdout_bytes": 645, "stderr_sha256": "e3b0c44298fc1c149afbf4c8996fb92427ae41e4649b934ca495991b7852b855", "stderr_bytes": 0}
--- stdout
{"action": "duplicate", "file": "TASK-1dbe590d60e927b6bd034bcafe5d0cf2.5abe6001fd3adbed.json"}
{"action": "duplicate", "file": "TASK-2026a6ea02942cdd62f6c1acede805f8.51cac817da5ece76.json"}
{"action": "rejected", "code": "TASK_NOT_FOUND", "file": "interleaved-brasileirao-result-h9.json", "reason": "brasileirao:TASK-a217b64758a0bb915918e79a09d87ac7 was not emitted by this CAIN"}
{"action": "rejected", "code": "DOMAIN_MISMATCH", "file": "interleaved-crypto-result-h9.json", "reason": "result of domain crypto"}
{"action": "rejected", "code": "DOMAIN_MISMATCH", "file": "interleaved-stocks-result-h9.json", "reason": "result of domain stocks"}
--- end
{"n": 12, "domain": "brasileirao", "label": "propose 03-canary", "at": "2026-09-28T15:06:57Z", "seconds": 0.101, "argv": ["/home/superleo13/predictors/runtime/integration-brasileirao/priv/run-20260928T145525Z-br12/cain-venv/bin/cain", "research", "propose", "--domain", "brasileirao", "--state", "/home/superleo13/predictors/runtime/integration-brasileirao/priv/run-20260928T145525Z-br12/e2e/cain-state", "--proposal", "/home/superleo13/predictors/work/integration-brasileirao-evidence/qualification/integration-brasileirao/fixtures/proposals/e2e/03-canary.json", "--as-of", "2026-09-28T15:06:57Z"], "fault_env": {}, "exit": 0, "stdout_sha256": "fab1b1f03f892121c2e3d6f63d81eb828b09f5603913bf0bf4ddc8507c4a1d15", "stdout_bytes": 443, "stderr_sha256": "e3b0c44298fc1c149afbf4c8996fb92427ae41e4649b934ca495991b7852b855", "stderr_bytes": 0}
--- stdout
{"decision": "ALLOW", "episode_id": "brasileirao:episode-3", "reason_code": "ALLOWED", "receipt_sha256": "694300c5196a96476e2b9173bcfe41dd209ab8b314cda7fef11a18d3814a0741", "rule": "R14", "status": "RECORDED", "task": {"payload_sha256": "5e477530047e2b15d86a86f8251ebd77f2c2824c5592e234e55eeb43f94825c1", "previous_task_id": "brasileirao:TASK-2026a6ea02942cdd62f6c1acede805f8", "task_id": "brasileirao:TASK-96f42e4a16376ff5f6d3b08e610599b6"}}
--- end
{"n": 13, "domain": "brasileirao", "label": "dispatch 03-canary", "at": "2026-09-28T15:06:57Z", "seconds": 0.099, "argv": ["/home/superleo13/predictors/runtime/integration-brasileirao/priv/run-20260928T145525Z-br12/cain-venv/bin/cain", "research", "dispatch", "--domain", "brasileirao", "--state", "/home/superleo13/predictors/runtime/integration-brasileirao/priv/run-20260928T145525Z-br12/e2e/cain-state", "--spool", "/home/superleo13/predictors/runtime/integration-brasileirao/priv/run-20260928T145525Z-br12/e2e/spool"], "fault_env": {}, "exit": 0, "stdout_sha256": "a66e5b0c6e2170f40da693f61c7c4698f97cb1d57e53e77850320ef0239fcfb5", "stdout_bytes": 181, "stderr_sha256": "e3b0c44298fc1c149afbf4c8996fb92427ae41e4649b934ca495991b7852b855", "stderr_bytes": 0}
--- stdout
{"action": "dispatched", "file": "brasileirao/tasks/TASK-96f42e4a16376ff5f6d3b08e610599b6.json", "spool": "WRITTEN", "task_id": "brasileirao:TASK-96f42e4a16376ff5f6d3b08e610599b6"}
--- end
{"n": 14, "domain": "brasileirao", "label": "consumer 03-canary", "at": "2026-09-28T15:07:00Z", "seconds": 3.106, "argv": ["/home/superleo13/predictors/runtime/integration-brasileirao/priv/run-20260928T145525Z-br12/consumer-venv/bin/predictor-research-consumer", "--domain", "brasileirao", "--spool", "/home/superleo13/predictors/runtime/integration-brasileirao/priv/run-20260928T145525Z-br12/e2e/spool", "--ledger", "/home/superleo13/predictors/runtime/integration-brasileirao/priv/run-20260928T145525Z-br12/e2e/consumer-brasileirao/ledger.sqlite", "--state", "/home/superleo13/predictors/runtime/integration-brasileirao/priv/run-20260928T145525Z-br12/e2e/domain-state-brasileirao", "--policy", "/home/superleo13/predictors/runtime/integration-brasileirao/priv/run-20260928T145525Z-br12/op/policy.json", "--objects", "/home/superleo13/predictors/runtime/integration-brasileirao/priv/run-20260928T145525Z-br12/op/obj"], "fault_env": {}, "exit": 0, "stdout_sha256": "31fe574637f57980429e340071aa64c0abbbfa5196a65b11a7c66dc0bfefdcff", "stdout_bytes": 663, "stderr_sha256": "e3b0c44298fc1c149afbf4c8996fb92427ae41e4649b934ca495991b7852b855", "stderr_bytes": 0}
--- stdout
{"action": "skipped", "episode_id": "brasileirao:episode-1", "state": "TERMINAL_RESULT", "status": "RESULT", "task_id": "brasileirao:TASK-1dbe590d60e927b6bd034bcafe5d0cf2"}
{"action": "skipped", "episode_id": "brasileirao:episode-2", "state": "TERMINAL_RESULT", "status": "DUPLICATE", "task_id": "brasileirao:TASK-2026a6ea02942cdd62f6c1acede805f8"}
{"action": "delivered", "attempt": 1, "class": "TERMINAL_RESULT", "episode_id": "brasileirao:episode-3", "result_file": "brasileirao/results/TASK-96f42e4a16376ff5f6d3b08e610599b6.84ef2d2e36a2ed59.json", "result_write": "WRITTEN", "status": "RESULT", "task_id": "brasileirao:TASK-96f42e4a16376ff5f6d3b08e610599b6"}
--- end
{"n": 15, "domain": "brasileirao", "label": "ingest 03-canary", "at": "2026-09-28T15:07:01Z", "seconds": 0.115, "argv": ["/home/superleo13/predictors/runtime/integration-brasileirao/priv/run-20260928T145525Z-br12/cain-venv/bin/cain", "research", "ingest", "--domain", "brasileirao", "--state", "/home/superleo13/predictors/runtime/integration-brasileirao/priv/run-20260928T145525Z-br12/e2e/cain-state", "--spool", "/home/superleo13/predictors/runtime/integration-brasileirao/priv/run-20260928T145525Z-br12/e2e/spool"], "fault_env": {}, "exit": 0, "stdout_sha256": "b9f9d631fc0244ebc528791d49702f991fe939c68a850f69ddc718cf66be97c0", "stdout_bytes": 794, "stderr_sha256": "e3b0c44298fc1c149afbf4c8996fb92427ae41e4649b934ca495991b7852b855", "stderr_bytes": 0}
--- stdout
{"action": "duplicate", "file": "TASK-1dbe590d60e927b6bd034bcafe5d0cf2.5abe6001fd3adbed.json"}
{"action": "duplicate", "file": "TASK-2026a6ea02942cdd62f6c1acede805f8.51cac817da5ece76.json"}
{"action": "ingested", "class": "TERMINAL_RESULT", "fact": "fact:5118e181cfa44719a54aef287d678e2a", "file": "TASK-96f42e4a16376ff5f6d3b08e610599b6.84ef2d2e36a2ed59.json", "status": "RESULT", "task_id": "brasileirao:TASK-96f42e4a16376ff5f6d3b08e610599b6"}
{"action": "skipped", "code": "TASK_NOT_FOUND", "file": "interleaved-brasileirao-result-h9.json", "state": "REJECTED"}
{"action": "skipped", "code": "DOMAIN_MISMATCH", "file": "interleaved-crypto-result-h9.json", "state": "REJECTED"}
{"action": "skipped", "code": "DOMAIN_MISMATCH", "file": "interleaved-stocks-result-h9.json", "state": "REJECTED"}
--- end
{"n": 16, "domain": "brasileirao", "label": "propose 04-canary-control", "at": "2026-09-28T15:07:01Z", "seconds": 0.799, "argv": ["/home/superleo13/predictors/runtime/integration-brasileirao/priv/run-20260928T145525Z-br12/cain-venv/bin/cain", "research", "propose", "--domain", "brasileirao", "--state", "/home/superleo13/predictors/runtime/integration-brasileirao/priv/run-20260928T145525Z-br12/e2e/cain-state", "--proposal", "/home/superleo13/predictors/work/integration-brasileirao-evidence/qualification/integration-brasileirao/fixtures/proposals/e2e/04-canary-control.json", "--as-of", "2026-09-28T15:07:01Z"], "fault_env": {}, "exit": 0, "stdout_sha256": "8f1d95dca07fd54433918d578dbe57bbd3923b14e9e8d6734082d0292b20b8bd", "stdout_bytes": 443, "stderr_sha256": "e3b0c44298fc1c149afbf4c8996fb92427ae41e4649b934ca495991b7852b855", "stderr_bytes": 0}
--- stdout
{"decision": "ALLOW", "episode_id": "brasileirao:episode-4", "reason_code": "ALLOWED", "receipt_sha256": "fa79d2403a4b504217c390fee5690a653837f9f67e9293096d91689b615cd138", "rule": "R14", "status": "RECORDED", "task": {"payload_sha256": "09a6ddca1660b3351e538dfd89846c669628d033c496f58514d2588af3ff05e0", "previous_task_id": "brasileirao:TASK-96f42e4a16376ff5f6d3b08e610599b6", "task_id": "brasileirao:TASK-d5ad8e6222f8bd92d3779f375f28c473"}}
--- end
{"n": 17, "domain": "brasileirao", "label": "dispatch 04-canary-control", "at": "2026-09-28T15:07:01Z", "seconds": 0.099, "argv": ["/home/superleo13/predictors/runtime/integration-brasileirao/priv/run-20260928T145525Z-br12/cain-venv/bin/cain", "research", "dispatch", "--domain", "brasileirao", "--state", "/home/superleo13/predictors/runtime/integration-brasileirao/priv/run-20260928T145525Z-br12/e2e/cain-state", "--spool", "/home/superleo13/predictors/runtime/integration-brasileirao/priv/run-20260928T145525Z-br12/e2e/spool"], "fault_env": {}, "exit": 0, "stdout_sha256": "e05a702876046936700bd81357769d87ec3ffc335a390e9be31585020b74e06b", "stdout_bytes": 181, "stderr_sha256": "e3b0c44298fc1c149afbf4c8996fb92427ae41e4649b934ca495991b7852b855", "stderr_bytes": 0}
--- stdout
{"action": "dispatched", "file": "brasileirao/tasks/TASK-d5ad8e6222f8bd92d3779f375f28c473.json", "spool": "WRITTEN", "task_id": "brasileirao:TASK-d5ad8e6222f8bd92d3779f375f28c473"}
--- end
{"n": 18, "domain": "brasileirao", "label": "consumer 04-canary-control", "at": "2026-09-28T15:07:05Z", "seconds": 3.064, "argv": ["/home/superleo13/predictors/runtime/integration-brasileirao/priv/run-20260928T145525Z-br12/consumer-venv/bin/predictor-research-consumer", "--domain", "brasileirao", "--spool", "/home/superleo13/predictors/runtime/integration-brasileirao/priv/run-20260928T145525Z-br12/e2e/spool", "--ledger", "/home/superleo13/predictors/runtime/integration-brasileirao/priv/run-20260928T145525Z-br12/e2e/consumer-brasileirao/ledger.sqlite", "--state", "/home/superleo13/predictors/runtime/integration-brasileirao/priv/run-20260928T145525Z-br12/e2e/domain-state-brasileirao", "--policy", "/home/superleo13/predictors/runtime/integration-brasileirao/priv/run-20260928T145525Z-br12/op/policy.json", "--objects", "/home/superleo13/predictors/runtime/integration-brasileirao/priv/run-20260928T145525Z-br12/op/obj"], "fault_env": {}, "exit": 0, "stdout_sha256": "03a7f2ab7ed5e9092d0d61b0f513659b77100f03d528ac63676ee43fd5c0da59", "stdout_bytes": 836, "stderr_sha256": "e3b0c44298fc1c149afbf4c8996fb92427ae41e4649b934ca495991b7852b855", "stderr_bytes": 0}
--- stdout
{"action": "skipped", "episode_id": "brasileirao:episode-1", "state": "TERMINAL_RESULT", "status": "RESULT", "task_id": "brasileirao:TASK-1dbe590d60e927b6bd034bcafe5d0cf2"}
{"action": "skipped", "episode_id": "brasileirao:episode-2", "state": "TERMINAL_RESULT", "status": "DUPLICATE", "task_id": "brasileirao:TASK-2026a6ea02942cdd62f6c1acede805f8"}
{"action": "skipped", "episode_id": "brasileirao:episode-3", "state": "TERMINAL_RESULT", "status": "RESULT", "task_id": "brasileirao:TASK-96f42e4a16376ff5f6d3b08e610599b6"}
{"action": "delivered", "attempt": 1, "class": "TERMINAL_RESULT", "episode_id": "brasileirao:episode-4", "result_file": "brasileirao/results/TASK-d5ad8e6222f8bd92d3779f375f28c473.bb6621c924bc1629.json", "result_write": "WRITTEN", "status": "RESULT", "task_id": "brasileirao:TASK-d5ad8e6222f8bd92d3779f375f28c473"}
--- end
{"n": 19, "domain": "brasileirao", "label": "ingest 04-canary-control", "at": "2026-09-28T15:07:05Z", "seconds": 0.121, "argv": ["/home/superleo13/predictors/runtime/integration-brasileirao/priv/run-20260928T145525Z-br12/cain-venv/bin/cain", "research", "ingest", "--domain", "brasileirao", "--state", "/home/superleo13/predictors/runtime/integration-brasileirao/priv/run-20260928T145525Z-br12/e2e/cain-state", "--spool", "/home/superleo13/predictors/runtime/integration-brasileirao/priv/run-20260928T145525Z-br12/e2e/spool"], "fault_env": {}, "exit": 0, "stdout_sha256": "f5b24b6b11c47d7b5b648c34774d40d8805b2e51447b8554c69097dbbbe917bf", "stdout_bytes": 889, "stderr_sha256": "e3b0c44298fc1c149afbf4c8996fb92427ae41e4649b934ca495991b7852b855", "stderr_bytes": 0}
--- stdout
{"action": "duplicate", "file": "TASK-1dbe590d60e927b6bd034bcafe5d0cf2.5abe6001fd3adbed.json"}
{"action": "duplicate", "file": "TASK-2026a6ea02942cdd62f6c1acede805f8.51cac817da5ece76.json"}
{"action": "duplicate", "file": "TASK-96f42e4a16376ff5f6d3b08e610599b6.84ef2d2e36a2ed59.json"}
{"action": "ingested", "class": "TERMINAL_RESULT", "fact": "fact:62bb42384cc34758a7eb4186dc43207b", "file": "TASK-d5ad8e6222f8bd92d3779f375f28c473.bb6621c924bc1629.json", "status": "RESULT", "task_id": "brasileirao:TASK-d5ad8e6222f8bd92d3779f375f28c473"}
{"action": "skipped", "code": "TASK_NOT_FOUND", "file": "interleaved-brasileirao-result-h9.json", "state": "REJECTED"}
{"action": "skipped", "code": "DOMAIN_MISMATCH", "file": "interleaved-crypto-result-h9.json", "state": "REJECTED"}
{"action": "skipped", "code": "DOMAIN_MISMATCH", "file": "interleaved-stocks-result-h9.json", "state": "REJECTED"}
--- end
{"n": 20, "domain": "brasileirao", "label": "propose 05-duplicate", "at": "2026-09-28T15:07:05Z", "seconds": 0.096, "argv": ["/home/superleo13/predictors/runtime/integration-brasileirao/priv/run-20260928T145525Z-br12/cain-venv/bin/cain", "research", "propose", "--domain", "brasileirao", "--state", "/home/superleo13/predictors/runtime/integration-brasileirao/priv/run-20260928T145525Z-br12/e2e/cain-state", "--proposal", "/home/superleo13/predictors/work/integration-brasileirao-evidence/qualification/integration-brasileirao/fixtures/proposals/e2e/05-duplicate.json", "--as-of", "2026-09-28T15:07:05Z"], "fault_env": {}, "exit": 0, "stdout_sha256": "a3cea38cca8a2c0083f80023fd0784ede37427c830263595eb4643dda958d1e8", "stdout_bytes": 238, "stderr_sha256": "e3b0c44298fc1c149afbf4c8996fb92427ae41e4649b934ca495991b7852b855", "stderr_bytes": 0}
--- stdout
{"decision": "DUPLICATE", "episode_id": "brasileirao:episode-5", "reason_code": "DUPLICATE_REQUEST", "receipt_sha256": "70cdf4eaa913fa1c891158e755b540b337e4e20597f9543b3a7c5e1a55e84c9a", "rule": "R08", "status": "RECORDED", "task": null}
--- end
{"n": 21, "domain": "brasileirao", "label": "propose 06-h9-protected", "at": "2026-09-28T15:07:05Z", "seconds": 0.099, "argv": ["/home/superleo13/predictors/runtime/integration-brasileirao/priv/run-20260928T145525Z-br12/cain-venv/bin/cain", "research", "propose", "--domain", "brasileirao", "--state", "/home/superleo13/predictors/runtime/integration-brasileirao/priv/run-20260928T145525Z-br12/e2e/cain-state", "--proposal", "/home/superleo13/predictors/work/integration-brasileirao-evidence/qualification/integration-brasileirao/fixtures/proposals/e2e/06-h9-protected.json", "--as-of", "2026-09-28T15:07:05Z"], "fault_env": {}, "exit": 0, "stdout_sha256": "9a3c77a660a817e1cde65cb1985022fa37a60872f6170ed3c1690480d95e4550", "stdout_bytes": 234, "stderr_sha256": "e3b0c44298fc1c149afbf4c8996fb92427ae41e4649b934ca495991b7852b855", "stderr_bytes": 0}
--- stdout
{"decision": "BLOCK", "episode_id": "brasileirao:episode-6", "reason_code": "HYPOTHESIS_CLOSED", "receipt_sha256": "819eaea9e9fcf6e65921e4ee63428270a94ab35e15aad07532f9964c7b49db41", "rule": "R05", "status": "RECORDED", "task": null}
--- end
{"n": 22, "domain": "brasileirao", "label": "propose 07-crypto-h9", "at": "2026-09-28T15:07:05Z", "seconds": 0.097, "argv": ["/home/superleo13/predictors/runtime/integration-brasileirao/priv/run-20260928T145525Z-br12/cain-venv/bin/cain", "research", "propose", "--domain", "brasileirao", "--state", "/home/superleo13/predictors/runtime/integration-brasileirao/priv/run-20260928T145525Z-br12/e2e/cain-state", "--proposal", "/home/superleo13/predictors/work/integration-brasileirao-evidence/qualification/integration-brasileirao/fixtures/proposals/e2e/07-crypto-h9.json", "--as-of", "2026-09-28T15:07:05Z"], "fault_env": {}, "exit": 0, "stdout_sha256": "a31819435bed9a36ab2167fce3cb901bd3eb7fcdc30b742f4cb9a9cbcb2ce535", "stdout_bytes": 232, "stderr_sha256": "e3b0c44298fc1c149afbf4c8996fb92427ae41e4649b934ca495991b7852b855", "stderr_bytes": 0}
--- stdout
{"decision": "BLOCK", "episode_id": "brasileirao:episode-7", "reason_code": "DOMAIN_MISMATCH", "receipt_sha256": "740b5ae810916b90134e38c3a5b117b3869345a1219b80b001134c9cd302306f", "rule": "R01", "status": "RECORDED", "task": null}
--- end
{"n": 23, "domain": "brasileirao", "label": "propose 08-stocks-h9", "at": "2026-09-28T15:07:05Z", "seconds": 0.097, "argv": ["/home/superleo13/predictors/runtime/integration-brasileirao/priv/run-20260928T145525Z-br12/cain-venv/bin/cain", "research", "propose", "--domain", "brasileirao", "--state", "/home/superleo13/predictors/runtime/integration-brasileirao/priv/run-20260928T145525Z-br12/e2e/cain-state", "--proposal", "/home/superleo13/predictors/work/integration-brasileirao-evidence/qualification/integration-brasileirao/fixtures/proposals/e2e/08-stocks-h9.json", "--as-of", "2026-09-28T15:07:05Z"], "fault_env": {}, "exit": 0, "stdout_sha256": "aac850aa8bf1097dec5176aacd846c74377d1cb8a7fc97ee3e8dc0ad2779fed7", "stdout_bytes": 232, "stderr_sha256": "e3b0c44298fc1c149afbf4c8996fb92427ae41e4649b934ca495991b7852b855", "stderr_bytes": 0}
--- stdout
{"decision": "BLOCK", "episode_id": "brasileirao:episode-8", "reason_code": "DOMAIN_MISMATCH", "receipt_sha256": "2bc4e66a537f512caedc5aa10f957bb63d670c45b92a2e47ea4e781236117ccd", "rule": "R01", "status": "RECORDED", "task": null}
--- end
{"n": 24, "domain": "brasileirao", "label": "propose 09-frozen-family", "at": "2026-09-28T15:07:05Z", "seconds": 0.098, "argv": ["/home/superleo13/predictors/runtime/integration-brasileirao/priv/run-20260928T145525Z-br12/cain-venv/bin/cain", "research", "propose", "--domain", "brasileirao", "--state", "/home/superleo13/predictors/runtime/integration-brasileirao/priv/run-20260928T145525Z-br12/e2e/cain-state", "--proposal", "/home/superleo13/predictors/work/integration-brasileirao-evidence/qualification/integration-brasileirao/fixtures/proposals/e2e/09-frozen-family.json", "--as-of", "2026-09-28T15:07:05Z"], "fault_env": {}, "exit": 0, "stdout_sha256": "c77c4ae712c25a1e23a58f37a5894d14a0d30f65808fb1843d7247131da1ed9e", "stdout_bytes": 234, "stderr_sha256": "e3b0c44298fc1c149afbf4c8996fb92427ae41e4649b934ca495991b7852b855", "stderr_bytes": 0}
--- stdout
{"decision": "BLOCK", "episode_id": "brasileirao:episode-9", "reason_code": "HYPOTHESIS_CLOSED", "receipt_sha256": "838fa4448a331b4c629b964ddb43954cfeb452727181947b8ba9fc0869009e93", "rule": "R05", "status": "RECORDED", "task": null}
--- end
{"n": 25, "domain": "brasileirao", "label": "propose 10-next", "at": "2026-09-28T15:07:05Z", "seconds": 0.098, "argv": ["/home/superleo13/predictors/runtime/integration-brasileirao/priv/run-20260928T145525Z-br12/cain-venv/bin/cain", "research", "propose", "--domain", "brasileirao", "--state", "/home/superleo13/predictors/runtime/integration-brasileirao/priv/run-20260928T145525Z-br12/e2e/cain-state", "--proposal", "/home/superleo13/predictors/work/integration-brasileirao-evidence/qualification/integration-brasileirao/fixtures/proposals/e2e/10-next.json", "--as-of", "2026-09-28T15:07:05Z"], "fault_env": {}, "exit": 0, "stdout_sha256": "e59763700086e89aeb0050934a2e225cac434e9f8fb5db538e2c2acefb815578", "stdout_bytes": 444, "stderr_sha256": "e3b0c44298fc1c149afbf4c8996fb92427ae41e4649b934ca495991b7852b855", "stderr_bytes": 0}
--- stdout
{"decision": "ALLOW", "episode_id": "brasileirao:episode-10", "reason_code": "ALLOWED", "receipt_sha256": "86e3a2ee782a648b5197f357482845c28f8d646d94e7396325e464acec00deb3", "rule": "R14", "status": "RECORDED", "task": {"payload_sha256": "fcb0f5326451a7189ac1699d3bf071c4fbee048caf0ed2f883bf30c4f2bc47de", "previous_task_id": "brasileirao:TASK-d5ad8e6222f8bd92d3779f375f28c473", "task_id": "brasileirao:TASK-8b7665ad1ddb534b586d04e2bbf4ce69"}}
--- end
{"n": 26, "domain": "brasileirao", "label": "dispatch 10-next", "at": "2026-09-28T15:07:05Z", "seconds": 0.098, "argv": ["/home/superleo13/predictors/runtime/integration-brasileirao/priv/run-20260928T145525Z-br12/cain-venv/bin/cain", "research", "dispatch", "--domain", "brasileirao", "--state", "/home/superleo13/predictors/runtime/integration-brasileirao/priv/run-20260928T145525Z-br12/e2e/cain-state", "--spool", "/home/superleo13/predictors/runtime/integration-brasileirao/priv/run-20260928T145525Z-br12/e2e/spool"], "fault_env": {}, "exit": 0, "stdout_sha256": "c99c651a6db17f7ade060f6a689d928f54e55d14fc0e60cbdf57e387af58d86f", "stdout_bytes": 181, "stderr_sha256": "e3b0c44298fc1c149afbf4c8996fb92427ae41e4649b934ca495991b7852b855", "stderr_bytes": 0}
--- stdout
{"action": "dispatched", "file": "brasileirao/tasks/TASK-8b7665ad1ddb534b586d04e2bbf4ce69.json", "spool": "WRITTEN", "task_id": "brasileirao:TASK-8b7665ad1ddb534b586d04e2bbf4ce69"}
--- end
{"n": 27, "domain": "brasileirao", "label": "consumer 10-next", "at": "2026-09-28T15:07:09Z", "seconds": 3.485, "argv": ["/home/superleo13/predictors/runtime/integration-brasileirao/priv/run-20260928T145525Z-br12/consumer-venv/bin/predictor-research-consumer", "--domain", "brasileirao", "--spool", "/home/superleo13/predictors/runtime/integration-brasileirao/priv/run-20260928T145525Z-br12/e2e/spool", "--ledger", "/home/superleo13/predictors/runtime/integration-brasileirao/priv/run-20260928T145525Z-br12/e2e/consumer-brasileirao/ledger.sqlite", "--state", "/home/superleo13/predictors/runtime/integration-brasileirao/priv/run-20260928T145525Z-br12/e2e/domain-state-brasileirao", "--policy", "/home/superleo13/predictors/runtime/integration-brasileirao/priv/run-20260928T145525Z-br12/op/policy.json", "--objects", "/home/superleo13/predictors/runtime/integration-brasileirao/priv/run-20260928T145525Z-br12/op/obj"], "fault_env": {}, "exit": 0, "stdout_sha256": "720f4a319557b51dfa67187dc7a38c255abbea2825a7a88cff77e6ca2e8091b4", "stdout_bytes": 1010, "stderr_sha256": "e3b0c44298fc1c149afbf4c8996fb92427ae41e4649b934ca495991b7852b855", "stderr_bytes": 0}
--- stdout
{"action": "skipped", "episode_id": "brasileirao:episode-1", "state": "TERMINAL_RESULT", "status": "RESULT", "task_id": "brasileirao:TASK-1dbe590d60e927b6bd034bcafe5d0cf2"}
{"action": "skipped", "episode_id": "brasileirao:episode-2", "state": "TERMINAL_RESULT", "status": "DUPLICATE", "task_id": "brasileirao:TASK-2026a6ea02942cdd62f6c1acede805f8"}
{"action": "skipped", "episode_id": "brasileirao:episode-3", "state": "TERMINAL_RESULT", "status": "RESULT", "task_id": "brasileirao:TASK-96f42e4a16376ff5f6d3b08e610599b6"}
{"action": "skipped", "episode_id": "brasileirao:episode-4", "state": "TERMINAL_RESULT", "status": "RESULT", "task_id": "brasileirao:TASK-d5ad8e6222f8bd92d3779f375f28c473"}
{"action": "delivered", "attempt": 1, "class": "TERMINAL_RESULT", "episode_id": "brasileirao:episode-10", "result_file": "brasileirao/results/TASK-8b7665ad1ddb534b586d04e2bbf4ce69.7dda667fcc8e0f29.json", "result_write": "WRITTEN", "status": "RESULT", "task_id": "brasileirao:TASK-8b7665ad1ddb534b586d04e2bbf4ce69"}
--- end
{"n": 28, "domain": "brasileirao", "label": "ingest 10-next", "at": "2026-09-28T15:07:09Z", "seconds": 0.122, "argv": ["/home/superleo13/predictors/runtime/integration-brasileirao/priv/run-20260928T145525Z-br12/cain-venv/bin/cain", "research", "ingest", "--domain", "brasileirao", "--state", "/home/superleo13/predictors/runtime/integration-brasileirao/priv/run-20260928T145525Z-br12/e2e/cain-state", "--spool", "/home/superleo13/predictors/runtime/integration-brasileirao/priv/run-20260928T145525Z-br12/e2e/spool"], "fault_env": {}, "exit": 0, "stdout_sha256": "29f92da23eb80561d1073a0f8654286c49c0be0e54d5cce5503691d6423511d7", "stdout_bytes": 984, "stderr_sha256": "e3b0c44298fc1c149afbf4c8996fb92427ae41e4649b934ca495991b7852b855", "stderr_bytes": 0}
--- stdout
{"action": "duplicate", "file": "TASK-1dbe590d60e927b6bd034bcafe5d0cf2.5abe6001fd3adbed.json"}
{"action": "duplicate", "file": "TASK-2026a6ea02942cdd62f6c1acede805f8.51cac817da5ece76.json"}
{"action": "ingested", "class": "TERMINAL_RESULT", "fact": "fact:f4329624cc3e44ce8c02db8fef03f1d3", "file": "TASK-8b7665ad1ddb534b586d04e2bbf4ce69.7dda667fcc8e0f29.json", "status": "RESULT", "task_id": "brasileirao:TASK-8b7665ad1ddb534b586d04e2bbf4ce69"}
{"action": "duplicate", "file": "TASK-96f42e4a16376ff5f6d3b08e610599b6.84ef2d2e36a2ed59.json"}
{"action": "duplicate", "file": "TASK-d5ad8e6222f8bd92d3779f375f28c473.bb6621c924bc1629.json"}
{"action": "skipped", "code": "TASK_NOT_FOUND", "file": "interleaved-brasileirao-result-h9.json", "state": "REJECTED"}
{"action": "skipped", "code": "DOMAIN_MISMATCH", "file": "interleaved-crypto-result-h9.json", "state": "REJECTED"}
{"action": "skipped", "code": "DOMAIN_MISMATCH", "file": "interleaved-stocks-result-h9.json", "state": "REJECTED"}
--- end
{"n": 29, "domain": "brasileirao", "label": "show brasileirao:REQ-IB-E2E-001", "at": "2026-09-28T15:07:09Z", "seconds": 0.146, "argv": ["/home/superleo13/predictors/runtime/integration-brasileirao/priv/run-20260928T145525Z-br12/consumer-venv/bin/brasileirao-research", "--state", "/home/superleo13/predictors/runtime/integration-brasileirao/priv/run-20260928T145525Z-br12/e2e/domain-state-brasileirao", "show", "brasileirao:REQ-IB-E2E-001"], "fault_env": {}, "exit": 0, "stdout_sha256": "3ecff738d561a87860e3257f6eac3979be59c202e0999b9757d57b3ad940309a", "stdout_bytes": 121507, "stderr_sha256": "e3b0c44298fc1c149afbf4c8996fb92427ae41e4649b934ca495991b7852b855", "stderr_bytes": 0}
--- stdout
(stdout do domínio só no log privado)
--- end
{"n": 30, "domain": "brasileirao", "label": "show brasileirao:REQ-IB-E2E-002", "at": "2026-09-28T15:07:09Z", "seconds": 0.149, "argv": ["/home/superleo13/predictors/runtime/integration-brasileirao/priv/run-20260928T145525Z-br12/consumer-venv/bin/brasileirao-research", "--state", "/home/superleo13/predictors/runtime/integration-brasileirao/priv/run-20260928T145525Z-br12/e2e/domain-state-brasileirao", "show", "brasileirao:REQ-IB-E2E-002"], "fault_env": {}, "exit": 0, "stdout_sha256": "c031734ff211c98b27bd33ea8b9f55f237059f31cf9baac7138f695f71bde4a5", "stdout_bytes": 294251, "stderr_sha256": "e3b0c44298fc1c149afbf4c8996fb92427ae41e4649b934ca495991b7852b855", "stderr_bytes": 0}
--- stdout
(stdout do domínio só no log privado)
--- end
{"n": 31, "domain": "brasileirao", "label": "show brasileirao:REQ-IB-E2E-010", "at": "2026-09-28T15:07:09Z", "seconds": 0.155, "argv": ["/home/superleo13/predictors/runtime/integration-brasileirao/priv/run-20260928T145525Z-br12/consumer-venv/bin/brasileirao-research", "--state", "/home/superleo13/predictors/runtime/integration-brasileirao/priv/run-20260928T145525Z-br12/e2e/domain-state-brasileirao", "show", "brasileirao:REQ-IB-E2E-010"], "fault_env": {}, "exit": 0, "stdout_sha256": "632bc227f0de83f7f3eab2e2bca3e6462e23c4bf0770678c35170fa1f8f6904e", "stdout_bytes": 293841, "stderr_sha256": "e3b0c44298fc1c149afbf4c8996fb92427ae41e4649b934ca495991b7852b855", "stderr_bytes": 0}
--- stdout
(stdout do domínio só no log privado)
--- end
{"n": 32, "domain": "brasileirao", "label": "show brasileirao:REQ-IB-E2E-003", "at": "2026-09-28T15:07:10Z", "seconds": 0.14, "argv": ["/home/superleo13/predictors/runtime/integration-brasileirao/priv/run-20260928T145525Z-br12/consumer-venv/bin/brasileirao-research", "--state", "/home/superleo13/predictors/runtime/integration-brasileirao/priv/run-20260928T145525Z-br12/e2e/domain-state-brasileirao", "show", "brasileirao:REQ-IB-E2E-003"], "fault_env": {}, "exit": 0, "stdout_sha256": "aa51cbd2f566538ddf2acd45f7fc353cca1c068909c31a8f6814498a2f5b5d13", "stdout_bytes": 121605, "stderr_sha256": "e3b0c44298fc1c149afbf4c8996fb92427ae41e4649b934ca495991b7852b855", "stderr_bytes": 0}
--- stdout
(stdout do domínio só no log privado)
--- end
{"n": 33, "domain": "brasileirao", "label": "show brasileirao:REQ-IB-E2E-004", "at": "2026-09-28T15:07:10Z", "seconds": 0.145, "argv": ["/home/superleo13/predictors/runtime/integration-brasileirao/priv/run-20260928T145525Z-br12/consumer-venv/bin/brasileirao-research", "--state", "/home/superleo13/predictors/runtime/integration-brasileirao/priv/run-20260928T145525Z-br12/e2e/domain-state-brasileirao", "show", "brasileirao:REQ-IB-E2E-004"], "fault_env": {}, "exit": 0, "stdout_sha256": "e25e5d38aa933c0b9d401506fb5ed975fef4be8d3009a43bcaae3839963deeb7", "stdout_bytes": 121591, "stderr_sha256": "e3b0c44298fc1c149afbf4c8996fb92427ae41e4649b934ca495991b7852b855", "stderr_bytes": 0}
--- stdout
(stdout do domínio só no log privado)
--- end
{"n": 34, "domain": "brasileirao", "label": "episodes final", "at": "2026-09-28T15:07:10Z", "seconds": 0.086, "argv": ["/home/superleo13/predictors/runtime/integration-brasileirao/priv/run-20260928T145525Z-br12/cain-venv/bin/cain", "research", "episodes", "--domain", "brasileirao", "--state", "/home/superleo13/predictors/runtime/integration-brasileirao/priv/run-20260928T145525Z-br12/e2e/cain-state"], "fault_env": {}, "exit": 0, "stdout_sha256": "0a5b034b3a666b1574e066400357763dd825d186c0910510f052166d43d1cd1c", "stdout_bytes": 5372, "stderr_sha256": "e3b0c44298fc1c149afbf4c8996fb92427ae41e4649b934ca495991b7852b855", "stderr_bytes": 0}
--- stdout
{"domain": "brasileirao", "episodes": [{"as_of": "2026-09-28T15:06:48Z", "decision": "ALLOW", "number": 1, "outbox": {"dispatches": 1, "retries_requested": 0, "status": "PUBLISHED", "task_id": "brasileirao:TASK-1dbe590d60e927b6bd034bcafe5d0cf2"}, "proposal_id": "cain:IB-E2E-01", "reason_code": "ALLOWED", "receipt_sha256": "def5a43628be776a7a16d856d08fd90570cd2a51912ab3731d605a419b6ec7e0", "source": "operator", "task_id": "brasileirao:TASK-1dbe590d60e927b6bd034bcafe5d0cf2"}, {"as_of": "2026-09-28T15:06:52Z", "decision": "ALLOW", "number": 2, "outbox": {"dispatches": 1, "retries_requested": 0, "status": "PUBLISHED", "task_id": "brasileirao:TASK-2026a6ea02942cdd62f6c1acede805f8"}, "proposal_id": "cain:IB-E2E-02", "reason_code": "ALLOWED", "receipt_sha256": "12575a160ad228a35a8e9e466fcceb4e04ca842c8a4a4be127f581754feda390", "source": "operator", "task_id": "brasileirao:TASK-2026a6ea02942cdd62f6c1acede805f8"}, {"as_of": "2026-09-28T15:06:57Z", "decision": "ALLOW", "number": 3, "outbox": {"dispatches": 1, "retries_requested": 0, "status": "PUBLISHED", "task_id": "brasileirao:TASK-96f42e4a16376ff5f6d3b08e610599b6"}, "proposal_id": "cain:IB-E2E-03", "reason_code": "ALLOWED", "receipt_sha256": "694300c5196a96476e2b9173bcfe41dd209ab8b314cda7fef11a18d3814a0741", "source": "operator", "task_id": "brasileirao:TASK-96f42e4a16376ff5f6d3b08e610599b6"}, {"as_of": "2026-09-28T15:07:01Z", "decision": "ALLOW", "number": 4, "outbox": {"dispatches": 1, "retries_requested": 0, "status": "PUBLISHED", "task_id": "brasileirao:TASK-d5ad8e6222f8bd92d3779f375f28c473"}, "proposal_id": "cain:IB-E2E-04", "reason_code": "ALLOWED", "receipt_sha256": "fa79d2403a4b504217c390fee5690a653837f9f67e9293096d91689b615cd138", "source": "operator", "task_id": "brasileirao:TASK-d5ad8e6222f8bd92d3779f375f28c473"}, {"as_of": "2026-09-28T15:07:05Z", "decision": "DUPLICATE", "number": 5, "outbox": null, "proposal_id": "cain:IB-E2E-05", "reason_code": "DUPLICATE_REQUEST", "receipt_sha256": "70cdf4eaa913fa1c891158e755b540b337e4e20597f9543b3a7c5e1a55e84c9a", "source": "operator", "task_id": null}, {"as_of": "2026-09-28T15:07:05Z", "decision": "BLOCK", "number": 6, "outbox": null, "proposal_id": "cain:IB-E2E-06", "reason_code": "HYPOTHESIS_CLOSED", "receipt_sha256": "819eaea9e9fcf6e65921e4ee63428270a94ab35e15aad07532f9964c7b49db41", "source": "operator", "task_id": null}, {"as_of": "2026-09-28T15:07:05Z", "decision": "BLOCK", "number": 7, "outbox": null, "proposal_id": "cain:IB-E2E-07", "reason_code": "DOMAIN_MISMATCH", "receipt_sha256": "740b5ae810916b90134e38c3a5b117b3869345a1219b80b001134c9cd302306f", "source": "operator", "task_id": null}, {"as_of": "2026-09-28T15:07:05Z", "decision": "BLOCK", "number": 8, "outbox": null, "proposal_id": "cain:IB-E2E-08", "reason_code": "DOMAIN_MISMATCH", "receipt_sha256": "2bc4e66a537f512caedc5aa10f957bb63d670c45b92a2e47ea4e781236117ccd", "source": "operator", "task_id": null}, {"as_of": "2026-09-28T15:07:05Z", "decision": "BLOCK", "number": 9, "outbox": null, "proposal_id": "cain:IB-E2E-09", "reason_code": "HYPOTHESIS_CLOSED", "receipt_sha256": "838fa4448a331b4c629b964ddb43954cfeb452727181947b8ba9fc0869009e93", "source": "operator", "task_id": null}, {"as_of": "2026-09-28T15:07:05Z", "decision": "ALLOW", "number": 10, "outbox": {"dispatches": 1, "retries_requested": 0, "status": "PUBLISHED", "task_id": "brasileirao:TASK-8b7665ad1ddb534b586d04e2bbf4ce69"}, "proposal_id": "cain:IB-E2E-10", "reason_code": "ALLOWED", "receipt_sha256": "86e3a2ee782a648b5197f357482845c28f8d646d94e7396325e464acec00deb3", "source": "operator", "task_id": "brasileirao:TASK-8b7665ad1ddb534b586d04e2bbf4ce69"}], "inbox": [{"class": "TERMINAL_RESULT", "fact_id": "fact:b1714ad3f0434aa5a392b803f5e340be", "payload_sha256": "d31f9cb4f06026d1bb8de493a0a77e6bf121d8dbb1096b9c3b45fad524f09ebd", "status": "RESULT", "task_id": "brasileirao:TASK-1dbe590d60e927b6bd034bcafe5d0cf2"}, {"class": "TERMINAL_RESULT", "fact_id": "fact:0c6156d5dcbb4d08a16a9964854af470", "payload_sha256": "e6d11d1ad101fdbda98dafbe38156de43521a7695e7c7a985cb33c59bde562ec", "status": "DUPLICATE", "task_id": "brasileirao:TASK-2026a6ea02942cdd62f6c1acede805f8"}, {"class": "TERMINAL_RESULT", "fact_id": "fact:5118e181cfa44719a54aef287d678e2a", "payload_sha256": "64f77c8a4cb921cdb82df1ddeddb85e64f837bc73c2ec526cc8f5fd2eb112129", "status": "RESULT", "task_id": "brasileirao:TASK-96f42e4a16376ff5f6d3b08e610599b6"}, {"class": "TERMINAL_RESULT", "fact_id": "fact:62bb42384cc34758a7eb4186dc43207b", "payload_sha256": "b1700dd8943c013ebba4d93be228acd1caf155b30bb69c0c8ddccc4255347f76", "status": "RESULT", "task_id": "brasileirao:TASK-d5ad8e6222f8bd92d3779f375f28c473"}, {"class": "TERMINAL_RESULT", "fact_id": "fact:f4329624cc3e44ce8c02db8fef03f1d3", "payload_sha256": "bd22cfb0d902605c82b826bd458b105eb5b4112a4f4ddc871e920df25e6114c9", "status": "RESULT", "task_id": "brasileirao:TASK-8b7665ad1ddb534b586d04e2bbf4ce69"}], "memory": {"broken_at": null, "entries": 5, "head": "cfac7e087021e396a4a744058d4f7e867bfa4d1bd216a0f88e4d054d4b48ea7b", "head_recorded_at": "2026-09-28T15:07:09.432071Z", "projection": "consistent", "status": "intact"}, "rejections": [{"code": "TASK_NOT_FOUND", "file": "interleaved-brasileirao-result-h9.json"}, {"code": "DOMAIN_MISMATCH", "file": "interleaved-crypto-result-h9.json"}, {"code": "DOMAIN_MISMATCH", "file": "interleaved-stocks-result-h9.json"}]}
--- end
