[?2026h[?25l[1Gpulling manifest ⠋ [K[?25h[?2026l[?2026h[?25l[1Gpulling manifest ⠙ [K[?25h[?2026l[?2026h[?25l[1Gpulling manifest ⠹ [K[?25h[?2026l[?2026h[?25l[1Gpulling manifest ⠸ [K[?25h[?2026l[?2026h[?25l[1Gpulling manifest ⠼ [K[?25h[?2026l[?2026h[?25l[1Gpulling manifest ⠴ [K[?25h[?2026l[?2026h[?25l[1Gpulling manifest ⠦ [K[?25h[?2026l[?2026h[?25l[1Gpulling manifest ⠇ [K[?25h[?2026l[?2026h[?25l[1Gpulling manifest ⠇ [K[?25h[?2026l[?2026h[?25l[1Gpulling manifest ⠏ [K[?25h[?2026l[?2026h[?25l[1Gpulling manifest ⠋ [K[?25h[?2026l[?2026h[?25l[1Gpulling manifest ⠙ [K[?25h[?2026l[?2026h[?25l[1Gpulling manifest [K
pulling c5396e06af29:   6% ▕                  ▏  21 MB/397 MB                  [K[?25h[?2026l[?2026h[?25l[A[1Gpulling manifest [K
pulling c5396e06af29:   9% ▕█                 ▏  36 MB/397 MB                  [K[?25h[?2026l[?2026h[?25l[A[1Gpulling manifest [K
pulling c5396e06af29:  15% ▕██                ▏  58 MB/397 MB                  [K[?25h[?2026l[?2026h[?25l[A[1Gpulling manifest [K
pulling c5396e06af29:  22% ▕███               ▏  87 MB/397 MB                  [K[?25h[?2026l[?2026h[?25l[A[1Gpulling manifest [K
pulling c5396e06af29:  25% ▕████              ▏ 100 MB/397 MB                  [K[?25h[?2026l[?2026h[?25l[A[1Gpulling manifest [K
pulling c5396e06af29:  31% ▕█████             ▏ 123 MB/397 MB                  [K[?25h[?2026l[?2026h[?25l[A[1Gpulling manifest [K
pulling c5396e06af29:  39% ▕███████           ▏ 154 MB/397 MB                  [K[?25h[?2026l[?2026h[?25l[A[1Gpulling manifest [K
pulling c5396e06af29:  43% ▕███████           ▏ 172 MB/397 MB                  [K[?25h[?2026l[?2026h[?25l[A[1Gpulling manifest [K
pulling c5396e06af29:  54% ▕█████████         ▏ 213 MB/397 MB                  [K[?25h[?2026l[?2026h[?25l[A[1Gpulling manifest [K
pulling c5396e06af29:  58% ▕██████████        ▏ 230 MB/397 MB                  [K[?25h[?2026l[?2026h[?25l[A[1Gpulling manifest [K
pulling c5396e06af29:  59% ▕██████████        ▏ 236 MB/397 MB  226 MB/s      0s[K[?25h[?2026l[?2026h[?25l[A[1Gpulling manifest [K
pulling c5396e06af29:  62% ▕███████████       ▏ 245 MB/397 MB  226 MB/s      0s[K[?25h[?2026l[?2026h[?25l[A[1Gpulling manifest [K
pulling c5396e06af29:  65% ▕███████████       ▏ 259 MB/397 MB  226 MB/s      0s[K[?25h[?2026l[?2026h[?25l[A[1Gpulling manifest [K
pulling c5396e06af29:  69% ▕████████████      ▏ 272 MB/397 MB  226 MB/s      0s[K[?25h[?2026l[?2026h[?25l[A[1Gpulling manifest [K
pulling c5396e06af29:  71% ▕████████████      ▏ 284 MB/397 MB  226 MB/s      0s[K[?25h[?2026l[?2026h[?25l[A[1Gpulling manifest [K
pulling c5396e06af29:  74% ▕█████████████     ▏ 293 MB/397 MB  226 MB/s      0s[K[?25h[?2026l[?2026h[?25l[A[1Gpulling manifest [K
pulling c5396e06af29:  75% ▕█████████████     ▏ 297 MB/397 MB  226 MB/s      0s[K[?25h[?2026l[?2026h[?25l[A[1Gpulling manifest [K
pulling c5396e06af29:  76% ▕█████████████     ▏ 303 MB/397 MB  226 MB/s      0s[K[?25h[?2026l[?2026h[?25l[A[1Gpulling manifest [K
pulling c5396e06af29:  80% ▕██████████████    ▏ 316 MB/397 MB  226 MB/s      0s[K[?25h[?2026l[?2026h[?25l[A[1Gpulling manifest [K
pulling c5396e06af29:  81% ▕██████████████    ▏ 323 MB/397 MB  226 MB/s      0s[K[?25h[?2026l[?2026h[?25l[A[1Gpulling manifest [K
pulling c5396e06af29:  83% ▕██████████████    ▏ 330 MB/397 MB  160 MB/s      0s[K[?25h[?2026l[?2026h[?25l[A[1Gpulling manifest [K
pulling c5396e06af29:  84% ▕███████████████   ▏ 335 MB/397 MB  160 MB/s      0s[K[?25h[?2026l[?2026h[?25l[A[1Gpulling manifest [K
pulling c5396e06af29:  86% ▕███████████████   ▏ 340 MB/397 MB  160 MB/s      0s[K[?25h[?2026l[?2026h[?25l[A[1Gpulling manifest [K
pulling c5396e06af29:  86% ▕███████████████   ▏ 343 MB/397 MB  160 MB/s      0s[K[?25h[?2026l[?2026h[?25l[A[1Gpulling manifest [K
pulling c5396e06af29:  87% ▕███████████████   ▏ 345 MB/397 MB  160 MB/s      0s[K[?25h[?2026l[?2026h[?25l[A[1Gpulling manifest [K
pulling c5396e06af29:  87% ▕███████████████   ▏ 346 MB/397 MB  160 MB/s      0s[K[?25h[?2026l[?2026h[?25l[A[1Gpulling manifest [K
pulling c5396e06af29:  88% ▕███████████████   ▏ 349 MB/397 MB  160 MB/s      0s[K[?25h[?2026l[?2026h[?25l[A[1Gpulling manifest [K
pulling c5396e06af29:  88% ▕███████████████   ▏ 350 MB/397 MB  160 MB/s      0s[K[?25h[?2026l[?2026h[?25l[A[1Gpulling manifest [K
pulling c5396e06af29:  89% ▕███████████████   ▏ 352 MB/397 MB  160 MB/s      0s[K[?25h[?2026l[?2026h[?25l[A[1Gpulling manifest [K
pulling c5396e06af29:  89% ▕████████████████  ▏ 354 MB/397 MB  160 MB/s      0s[K[?25h[?2026l[?2026h[?25l[A[1Gpulling manifest [K
pulling c5396e06af29:  89% ▕████████████████  ▏ 355 MB/397 MB  115 MB/s      0s[K[?25h[?2026l[?2026h[?25l[A[1Gpulling manifest [K
pulling c5396e06af29:  90% ▕████████████████  ▏ 357 MB/397 MB  115 MB/s      0s[K[?25h[?2026l[?2026h[?25l[A[1Gpulling manifest [K
pulling c5396e06af29:  91% ▕████████████████  ▏ 360 MB/397 MB  115 MB/s      0s[K[?25h[?2026l[?2026h[?25l[A[1Gpulling manifest [K
pulling c5396e06af29:  91% ▕████████████████  ▏ 363 MB/397 MB  115 MB/s      0s[K[?25h[?2026l[?2026h[?25l[A[1Gpulling manifest [K
pulling c5396e06af29:  92% ▕████████████████  ▏ 364 MB/397 MB  115 MB/s      0s[K[?25h[?2026l[?2026h[?25l[A[1Gpulling manifest [K
pulling c5396e06af29:  92% ▕████████████████  ▏ 366 MB/397 MB  115 MB/s      0s[K[?25h[?2026l[?2026h[?25l[A[1Gpulling manifest [K
pulling c5396e06af29:  92% ▕████████████████  ▏ 367 MB/397 MB  115 MB/s      0s[K[?25h[?2026l[?2026h[?25l[A[1Gpulling manifest [K
pulling c5396e06af29:  93% ▕████████████████  ▏ 369 MB/397 MB  115 MB/s      0s[K[?25h[?2026l[?2026h[?25l[A[1Gpulling manifest [K
pulling c5396e06af29:  93% ▕████████████████  ▏ 371 MB/397 MB  115 MB/s      0s[K[?25h[?2026l[?2026h[?25l[A[1Gpulling manifest [K
pulling c5396e06af29:  94% ▕████████████████  ▏ 372 MB/397 MB  115 MB/s      0s[K[?25h[?2026l[?2026h[?25l[A[1Gpulling manifest [K
pulling c5396e06af29:  94% ▕████████████████  ▏ 374 MB/397 MB  115 MB/s      0s[K[?25h[?2026l[?2026h[?25l[A[1Gpulling manifest [K
pulling c5396e06af29:  95% ▕█████████████████ ▏ 377 MB/397 MB   91 MB/s      0s[K[?25h[?2026l[?2026h[?25l[A[1Gpulling manifest [K
pulling c5396e06af29:  96% ▕█████████████████ ▏ 381 MB/397 MB   91 MB/s      0s[K[?25h[?2026l[?2026h[?25l[A[1Gpulling manifest [K
pulling c5396e06af29:  96% ▕█████████████████ ▏ 383 MB/397 MB   91 MB/s      0s[K[?25h[?2026l[?2026h[?25l[A[1Gpulling manifest [K
pulling c5396e06af29:  97% ▕█████████████████ ▏ 384 MB/397 MB   91 MB/s      0s[K[?25h[?2026l[?2026h[?25l[A[1Gpulling manifest [K
pulling c5396e06af29:  98% ▕█████████████████ ▏ 390 MB/397 MB   91 MB/s      0s[K[?25h[?2026l[?2026h[?25l[A[1Gpulling manifest [K
pulling c5396e06af29:  99% ▕█████████████████ ▏ 392 MB/397 MB   91 MB/s      0s[K[?25h[?2026l[?2026h[?25l[A[1Gpulling manifest [K
pulling c5396e06af29:  99% ▕█████████████████ ▏ 394 MB/397 MB   91 MB/s      0s[K[?25h[?2026l[?2026h[?25l[A[1Gpulling manifest [K
pulling c5396e06af29: 100% ▕█████████████████ ▏ 396 MB/397 MB   91 MB/s      0s[K[?25h[?2026l[?2026h[?25l[A[1Gpulling manifest [K
pulling c5396e06af29: 100% ▕█████████████████ ▏ 396 MB/397 MB   91 MB/s      0s[K[?25h[?2026l[?2026h[?25l[A[1Gpulling manifest [K
pulling c5396e06af29: 100% ▕█████████████████ ▏ 396 MB/397 MB   91 MB/s      0s[K[?25h[?2026l[?2026h[?25l[A[1Gpulling manifest [K
pulling c5396e06af29: 100% ▕█████████████████ ▏ 396 MB/397 MB   91 MB/s      0s[K[?25h[?2026l[?2026h[?25l[A[1Gpulling manifest [K
pulling c5396e06af29: 100% ▕█████████████████ ▏ 396 MB/397 MB   91 MB/s      0s[K[?25h[?2026l[?2026h[?25l[A[1Gpulling manifest [K
pulling c5396e06af29: 100% ▕█████████████████ ▏ 396 MB/397 MB   91 MB/s      0s[K
pulling 66b9ea09bd5b: 100% ▕██████████████████▏   68 B                         [K[?25h[?2026l[?2026h[?25l[A[A[1Gpulling manifest [K
pulling c5396e06af29: 100% ▕█████████████████ ▏ 396 MB/397 MB   91 MB/s      0s[K
pulling 66b9ea09bd5b: 100% ▕██████████████████▏   68 B                         [K[?25h[?2026l[?2026h[?25l[A[A[1Gpulling manifest [K
pulling c5396e06af29: 100% ▕█████████████████ ▏ 396 MB/397 MB   91 MB/s      0s[K
pulling 66b9ea09bd5b: 100% ▕██████████████████▏   68 B                         [K[?25h[?2026l[?2026h[?25l[A[A[1Gpulling manifest [K
pulling c5396e06af29: 100% ▕█████████████████ ▏ 396 MB/397 MB   91 MB/s      0s[K
pulling 66b9ea09bd5b: 100% ▕██████████████████▏   68 B                         [K[?25h[?2026l[?2026h[?25l[A[A[1Gpulling manifest [K
pulling c5396e06af29: 100% ▕█████████████████ ▏ 396 MB/397 MB   91 MB/s      0s[K
pulling 66b9ea09bd5b: 100% ▕██████████████████▏   68 B                         [K[?25h[?2026l[?2026h[?25l[A[A[1Gpulling manifest [K
pulling c5396e06af29: 100% ▕█████████████████ ▏ 396 MB/397 MB   91 MB/s      0s[K
pulling 66b9ea09bd5b: 100% ▕██████████████████▏   68 B                         [K[?25h[?2026l[?2026h[?25l[A[A[1Gpulling manifest [K
pulling c5396e06af29: 100% ▕█████████████████ ▏ 396 MB/397 MB   91 MB/s      0s[K
pulling 66b9ea09bd5b: 100% ▕██████████████████▏   68 B                         [K[?25h[?2026l[?2026h[?25l[A[A[1Gpulling manifest [K
pulling c5396e06af29: 100% ▕█████████████████ ▏ 396 MB/397 MB   91 MB/s      0s[K
pulling 66b9ea09bd5b: 100% ▕██████████████████▏   68 B                         [K[?25h[?2026l[?2026h[?25l[A[A[1Gpulling manifest [K
pulling c5396e06af29: 100% ▕█████████████████ ▏ 396 MB/397 MB   91 MB/s      0s[K
pulling 66b9ea09bd5b: 100% ▕██████████████████▏   68 B                         [K
pulling 005f95c74751: 100% ▕██████████████████▏  490 B                         [K
verifying sha256 digest ⠋ [K[?25h[?2026l[?2026h[?25l[A[A[A[A[1Gpulling manifest [K
pulling c5396e06af29: 100% ▕█████████████████ ▏ 396 MB/397 MB   91 MB/s      0s[K
pulling 66b9ea09bd5b: 100% ▕██████████████████▏   68 B                         [K
pulling 005f95c74751: 100% ▕██████████████████▏  490 B                         [K
verifying sha256 digest ⠙ [K[?25h[?2026l[?2026h[?25l[A[A[A[A[1Gpulling manifest [K
pulling c5396e06af29: 100% ▕█████████████████ ▏ 396 MB/397 MB   91 MB/s      0s[K
pulling 66b9ea09bd5b: 100% ▕██████████████████▏   68 B                         [K
pulling 005f95c74751: 100% ▕██████████████████▏  490 B                         [K
verifying sha256 digest ⠹ [K[?25h[?2026l[?2026h[?25l[A[A[A[A[1Gpulling manifest [K
pulling c5396e06af29: 100% ▕█████████████████ ▏ 396 MB/397 MB   91 MB/s      0s[K
pulling 66b9ea09bd5b: 100% ▕██████████████████▏   68 B                         [K
pulling 005f95c74751: 100% ▕██████████████████▏  490 B                         [K
verifying sha256 digest [K
writing manifest [K
success [K[?25h[?2026l
