{
  "python": {
    "version": "3.13.14",
    "executable": "/tmp/tmp.KTVBBm8OZs/venv/bin/python",
    "supported": true,
    "required": ">=3.13,<3.15"
  },
  "sqlite_version": "3.53.1",
  "dependencies": {
    "predictor-core": {
      "version": "3.2.1",
      "metadata_compatible": true,
      "status": "compatible_stable_release"
    },
    "PyYAML": {
      "version": "6.0.3",
      "metadata_compatible": true,
      "status": "compatible_stable_release"
    }
  },
  "runtime_metadata_compatible": true,
  "database": {
    "status": "not_requested"
  },
  "scope": "Offline metadata and optional SQLite quick_check; no dependency import, migration, or operational certification."
}

{
 "script": "-m stocks_predictor",
 "argv": [
  "doctor",
  "--check"
 ],
 "exit": 0,
 "origins": {
  "stocks_predictor": "/tmp/tmp.KTVBBm8OZs/venv/lib/python3.13/site-packages/stocks_predictor/__init__.py"
 },
 "research_components_loaded": [
  "stocks_predictor.research_profile"
 ],
 "modules": [
  "stocks_predictor",
  "stocks_predictor.cotahist",
  "stocks_predictor.diagnostics",
  "stocks_predictor.economic_gate",
  "stocks_predictor.external_intelligence",
  "stocks_predictor.operational_store",
  "stocks_predictor.operations",
  "stocks_predictor.research_profile",
  "stocks_predictor.source_catalog",
  "stocks_predictor.temporal_evidence"
 ]
}
