{"n": 1, "label": "propose 01-allow", "at": "2026-09-27T23:02:01Z", "seconds": 0.266, "argv": ["C:\\Cripto\\qualificacao\\runtime\\integration-crypto\\venv-cain\\Scripts\\cain.exe", "research", "propose", "--domain", "crypto", "--state", "C:\\Cripto\\qualificacao\\runtime\\integration-crypto\\w\\e2e\\cain-state", "--proposal", "C:\\Cripto\\qualificacao\\runtime\\integration-crypto\\stage\\mission\\fixtures\\proposals\\e2e\\01-allow.json", "--as-of", "2026-09-27T23:02:01Z"], "fault_env": {}, "exit": 0}
--- stdout
{"decision": "ALLOW", "episode_id": "crypto:episode-1", "reason_code": "ALLOWED", "receipt_sha256": "b9d41542f36edcdc297bac5cd850a978f3e0d739a7a0216d6b1b78278c466aef", "rule": "R14", "status": "RECORDED", "task": {"payload_sha256": "5fe20eb7b93d743530485cae313699a24e6bde31926371024ff20b8d3ef89beb", "previous_task_id": null, "task_id": "crypto:TASK-02bf95b3940c9a226f8a9ae2a37a11a3"}}
--- stderr
--- end
{"n": 2, "label": "dispatch 01-allow", "at": "2026-09-27T23:02:01Z", "seconds": 0.187, "argv": ["C:\\Cripto\\qualificacao\\runtime\\integration-crypto\\venv-cain\\Scripts\\cain.exe", "research", "dispatch", "--domain", "crypto", "--state", "C:\\Cripto\\qualificacao\\runtime\\integration-crypto\\w\\e2e\\cain-state", "--spool", "C:\\Cripto\\qualificacao\\runtime\\integration-crypto\\w\\e2e\\spool"], "fault_env": {}, "exit": 0}
--- stdout
{"action": "dispatched", "file": "crypto/tasks/TASK-02bf95b3940c9a226f8a9ae2a37a11a3.json", "spool": "WRITTEN", "task_id": "crypto:TASK-02bf95b3940c9a226f8a9ae2a37a11a3"}
--- stderr
--- end
{"n": 3, "label": "consumer 01-allow", "at": "2026-09-27T23:02:02Z", "seconds": 0.921, "argv": ["C:\\Cripto\\qualificacao\\runtime\\integration-crypto\\venv-consumer\\Scripts\\predictor-research-consumer.exe", "--domain", "crypto", "--spool", "C:\\Cripto\\qualificacao\\runtime\\integration-crypto\\w\\e2e\\spool", "--ledger", "C:\\Cripto\\qualificacao\\runtime\\integration-crypto\\w\\e2e\\consumer\\ledger.sqlite", "--state", "C:\\Cripto\\qualificacao\\runtime\\integration-crypto\\w\\e2e\\domain-state", "--policy", "C:\\Cripto\\qualificacao\\runtime\\integration-crypto\\w\\op\\policy.json", "--objects", "C:\\Cripto\\qualificacao\\runtime\\integration-crypto\\w\\op\\objects"], "fault_env": {}, "exit": 0}
--- stdout
{"action": "delivered", "attempt": 1, "class": "TERMINAL_RESULT", "episode_id": "crypto:episode-1", "result_file": "crypto/results/TASK-02bf95b3940c9a226f8a9ae2a37a11a3.d1021d912983a942.json", "result_write": "WRITTEN", "status": "RESULT", "task_id": "crypto:TASK-02bf95b3940c9a226f8a9ae2a37a11a3"}
--- stderr
{"duration_ms": 400, "event": "job_finished", "job_id": "crypto-research-159fdfb2ad2ccd8f8d612a36", "level": "INFO", "run_id": "b76295000fb546c99da2c56b84e687cd", "run_status": "SUCCEEDED", "service": "predictor_ops", "timestamp": "2026-09-27T23:02:02.606228Z"}
--- end
{"n": 4, "label": "ingest 01-allow", "at": "2026-09-27T23:02:02Z", "seconds": 0.204, "argv": ["C:\\Cripto\\qualificacao\\runtime\\integration-crypto\\venv-cain\\Scripts\\cain.exe", "research", "ingest", "--domain", "crypto", "--state", "C:\\Cripto\\qualificacao\\runtime\\integration-crypto\\w\\e2e\\cain-state", "--spool", "C:\\Cripto\\qualificacao\\runtime\\integration-crypto\\w\\e2e\\spool"], "fault_env": {}, "exit": 0}
--- stdout
{"action": "ingested", "class": "TERMINAL_RESULT", "fact": "fact:2a0897bc0c95481d9d493f33ffedddca", "file": "TASK-02bf95b3940c9a226f8a9ae2a37a11a3.d1021d912983a942.json", "status": "RESULT", "task_id": "crypto:TASK-02bf95b3940c9a226f8a9ae2a37a11a3"}
--- stderr
--- end
{"n": 5, "label": "propose 02-allow-restarts", "at": "2026-09-27T23:02:03Z", "seconds": 0.193, "argv": ["C:\\Cripto\\qualificacao\\runtime\\integration-crypto\\venv-cain\\Scripts\\cain.exe", "research", "propose", "--domain", "crypto", "--state", "C:\\Cripto\\qualificacao\\runtime\\integration-crypto\\w\\e2e\\cain-state", "--proposal", "C:\\Cripto\\qualificacao\\runtime\\integration-crypto\\stage\\mission\\fixtures\\proposals\\e2e\\02-allow-restarts.json", "--as-of", "2026-09-27T23:02:02Z"], "fault_env": {}, "exit": 0}
--- stdout
{"decision": "ALLOW", "episode_id": "crypto:episode-2", "reason_code": "ALLOWED", "receipt_sha256": "9f49948f8f37a12098c8b77a9aa8afd48b5aa254bd9cc8fc57004c69b7dc09a8", "rule": "R14", "status": "RECORDED", "task": {"payload_sha256": "2f1a51cc878bbc2b90b9a06125dc4eb586e279b9f4b95229dff11a5f8596ce6c", "previous_task_id": "crypto:TASK-02bf95b3940c9a226f8a9ae2a37a11a3", "task_id": "crypto:TASK-9cb8ddb312aff3b4be933e167ae7e943"}}
--- stderr
--- end
{"n": 6, "label": "dispatch 02", "at": "2026-09-27T23:02:03Z", "seconds": 0.193, "argv": ["C:\\Cripto\\qualificacao\\runtime\\integration-crypto\\venv-cain\\Scripts\\cain.exe", "research", "dispatch", "--domain", "crypto", "--state", "C:\\Cripto\\qualificacao\\runtime\\integration-crypto\\w\\e2e\\cain-state", "--spool", "C:\\Cripto\\qualificacao\\runtime\\integration-crypto\\w\\e2e\\spool"], "fault_env": {}, "exit": 0}
--- stdout
{"action": "dispatched", "file": "crypto/tasks/TASK-9cb8ddb312aff3b4be933e167ae7e943.json", "spool": "WRITTEN", "task_id": "crypto:TASK-9cb8ddb312aff3b4be933e167ae7e943"}
--- stderr
--- end
{"n": 7, "label": "consumer 02 (fault)", "at": "2026-09-27T23:02:04Z", "seconds": 0.792, "argv": ["C:\\Cripto\\qualificacao\\runtime\\integration-crypto\\venv-consumer\\Scripts\\predictor-research-consumer.exe", "--domain", "crypto", "--spool", "C:\\Cripto\\qualificacao\\runtime\\integration-crypto\\w\\e2e\\spool", "--ledger", "C:\\Cripto\\qualificacao\\runtime\\integration-crypto\\w\\e2e\\consumer\\ledger.sqlite", "--state", "C:\\Cripto\\qualificacao\\runtime\\integration-crypto\\w\\e2e\\domain-state", "--policy", "C:\\Cripto\\qualificacao\\runtime\\integration-crypto\\w\\op\\policy.json", "--objects", "C:\\Cripto\\qualificacao\\runtime\\integration-crypto\\w\\op\\objects"], "fault_env": {"PREDICTOR_RESEARCH_TRANSPORT_FAULT": "after_domain_before_result_write"}, "exit": 86}
--- stdout
--- stderr
{"duration_ms": 398, "event": "job_finished", "job_id": "crypto-research-5bcaf205a05986e27358fb68", "level": "INFO", "run_id": "3ac003b07f534c96ab4479697c48e67c", "run_status": "SUCCEEDED", "service": "predictor_ops", "timestamp": "2026-09-27T23:02:04.012626Z"}
--- end
{"n": 8, "label": "consumer 02 (restart)", "at": "2026-09-27T23:02:04Z", "seconds": 0.267, "argv": ["C:\\Cripto\\qualificacao\\runtime\\integration-crypto\\venv-consumer\\Scripts\\predictor-research-consumer.exe", "--domain", "crypto", "--spool", "C:\\Cripto\\qualificacao\\runtime\\integration-crypto\\w\\e2e\\spool", "--ledger", "C:\\Cripto\\qualificacao\\runtime\\integration-crypto\\w\\e2e\\consumer\\ledger.sqlite", "--state", "C:\\Cripto\\qualificacao\\runtime\\integration-crypto\\w\\e2e\\domain-state", "--policy", "C:\\Cripto\\qualificacao\\runtime\\integration-crypto\\w\\op\\policy.json", "--objects", "C:\\Cripto\\qualificacao\\runtime\\integration-crypto\\w\\op\\objects"], "fault_env": {}, "exit": 0}
--- stdout
{"action": "skipped", "episode_id": "crypto:episode-1", "state": "TERMINAL_RESULT", "status": "RESULT", "task_id": "crypto:TASK-02bf95b3940c9a226f8a9ae2a37a11a3"}
{"action": "delivered", "attempt": 2, "class": "TERMINAL_RESULT", "episode_id": "crypto:episode-2", "result_file": "crypto/results/TASK-9cb8ddb312aff3b4be933e167ae7e943.7283b9207bd6d4c9.json", "result_write": "WRITTEN", "status": "DUPLICATE", "task_id": "crypto:TASK-9cb8ddb312aff3b4be933e167ae7e943"}
--- stderr
--- end
{"n": 9, "label": "ingest 02 (fault)", "at": "2026-09-27T23:02:04Z", "seconds": 0.178, "argv": ["C:\\Cripto\\qualificacao\\runtime\\integration-crypto\\venv-cain\\Scripts\\cain.exe", "research", "ingest", "--domain", "crypto", "--state", "C:\\Cripto\\qualificacao\\runtime\\integration-crypto\\w\\e2e\\cain-state", "--spool", "C:\\Cripto\\qualificacao\\runtime\\integration-crypto\\w\\e2e\\spool"], "fault_env": {"CAIN_ORCHESTRATION_FAULT": "after_inbox_commit_before_memory"}, "exit": 86}
--- stdout
--- stderr
--- end
{"n": 10, "label": "ingest 02 (restart)", "at": "2026-09-27T23:02:04Z", "seconds": 0.19, "argv": ["C:\\Cripto\\qualificacao\\runtime\\integration-crypto\\venv-cain\\Scripts\\cain.exe", "research", "ingest", "--domain", "crypto", "--state", "C:\\Cripto\\qualificacao\\runtime\\integration-crypto\\w\\e2e\\cain-state", "--spool", "C:\\Cripto\\qualificacao\\runtime\\integration-crypto\\w\\e2e\\spool"], "fault_env": {}, "exit": 0}
--- stdout
{"action": "duplicate", "file": "TASK-02bf95b3940c9a226f8a9ae2a37a11a3.d1021d912983a942.json"}
{"action": "remembered", "fact_id": "fact:10dc9b923f444fec8b5b0162a9318835", "file": "TASK-9cb8ddb312aff3b4be933e167ae7e943.7283b9207bd6d4c9.json", "reused": false}
--- stderr
--- end
{"n": 11, "label": "ingest interleaved other domains", "at": "2026-09-27T23:02:04Z", "seconds": 0.205, "argv": ["C:\\Cripto\\qualificacao\\runtime\\integration-crypto\\venv-cain\\Scripts\\cain.exe", "research", "ingest", "--domain", "crypto", "--state", "C:\\Cripto\\qualificacao\\runtime\\integration-crypto\\w\\e2e\\cain-state", "--spool", "C:\\Cripto\\qualificacao\\runtime\\integration-crypto\\w\\e2e\\spool"], "fault_env": {}, "exit": 2}
--- stdout
{"action": "rejected", "code": "DOMAIN_MISMATCH", "file": "interleaved-fixtures-v2-brasileirao-result-h9.json", "reason": "result of domain brasileirao"}
{"action": "rejected", "code": "TASK_NOT_FOUND", "file": "interleaved-fixtures-v2-crypto-result-h9.json", "reason": "crypto:TASK-45b3afb3f4c777ae5aa52020f98afc6a was not emitted by this CAIN"}
{"action": "rejected", "code": "DOMAIN_MISMATCH", "file": "interleaved-fixtures-v2-stocks-result-h9.json", "reason": "result of domain stocks"}
{"action": "duplicate", "file": "TASK-02bf95b3940c9a226f8a9ae2a37a11a3.d1021d912983a942.json"}
{"action": "duplicate", "file": "TASK-9cb8ddb312aff3b4be933e167ae7e943.7283b9207bd6d4c9.json"}
--- stderr
--- end
{"n": 12, "label": "propose 03-canary", "at": "2026-09-27T23:02:05Z", "seconds": 0.192, "argv": ["C:\\Cripto\\qualificacao\\runtime\\integration-crypto\\venv-cain\\Scripts\\cain.exe", "research", "propose", "--domain", "crypto", "--state", "C:\\Cripto\\qualificacao\\runtime\\integration-crypto\\w\\e2e\\cain-state", "--proposal", "C:\\Cripto\\qualificacao\\runtime\\integration-crypto\\stage\\mission\\fixtures\\proposals\\e2e\\03-canary.json", "--as-of", "2026-09-27T23:02:04Z"], "fault_env": {}, "exit": 0}
--- stdout
{"decision": "ALLOW", "episode_id": "crypto:episode-3", "reason_code": "ALLOWED", "receipt_sha256": "60bbbdab79385ef8fc439115286783e2b3180109964eb63263620c45f25292a8", "rule": "R14", "status": "RECORDED", "task": {"payload_sha256": "1cfa943e5152e6695e47cf670549cea81f0f052ead927c9905b74498bc2892bf", "previous_task_id": "crypto:TASK-9cb8ddb312aff3b4be933e167ae7e943", "task_id": "crypto:TASK-6f9d23e232884c4e3d510523e881874a"}}
--- stderr
--- end
{"n": 13, "label": "dispatch 03-canary", "at": "2026-09-27T23:02:05Z", "seconds": 0.185, "argv": ["C:\\Cripto\\qualificacao\\runtime\\integration-crypto\\venv-cain\\Scripts\\cain.exe", "research", "dispatch", "--domain", "crypto", "--state", "C:\\Cripto\\qualificacao\\runtime\\integration-crypto\\w\\e2e\\cain-state", "--spool", "C:\\Cripto\\qualificacao\\runtime\\integration-crypto\\w\\e2e\\spool"], "fault_env": {}, "exit": 0}
--- stdout
{"action": "dispatched", "file": "crypto/tasks/TASK-6f9d23e232884c4e3d510523e881874a.json", "spool": "WRITTEN", "task_id": "crypto:TASK-6f9d23e232884c4e3d510523e881874a"}
--- stderr
--- end
{"n": 14, "label": "consumer 03-canary", "at": "2026-09-27T23:02:06Z", "seconds": 0.795, "argv": ["C:\\Cripto\\qualificacao\\runtime\\integration-crypto\\venv-consumer\\Scripts\\predictor-research-consumer.exe", "--domain", "crypto", "--spool", "C:\\Cripto\\qualificacao\\runtime\\integration-crypto\\w\\e2e\\spool", "--ledger", "C:\\Cripto\\qualificacao\\runtime\\integration-crypto\\w\\e2e\\consumer\\ledger.sqlite", "--state", "C:\\Cripto\\qualificacao\\runtime\\integration-crypto\\w\\e2e\\domain-state", "--policy", "C:\\Cripto\\qualificacao\\runtime\\integration-crypto\\w\\op\\policy.json", "--objects", "C:\\Cripto\\qualificacao\\runtime\\integration-crypto\\w\\op\\objects"], "fault_env": {}, "exit": 0}
--- stdout
{"action": "skipped", "episode_id": "crypto:episode-1", "state": "TERMINAL_RESULT", "status": "RESULT", "task_id": "crypto:TASK-02bf95b3940c9a226f8a9ae2a37a11a3"}
{"action": "skipped", "episode_id": "crypto:episode-2", "state": "TERMINAL_RESULT", "status": "DUPLICATE", "task_id": "crypto:TASK-9cb8ddb312aff3b4be933e167ae7e943"}
{"action": "delivered", "attempt": 1, "class": "TERMINAL_REFUSAL", "episode_id": "crypto:episode-3", "result_file": "crypto/results/TASK-6f9d23e232884c4e3d510523e881874a.e0b36d20dfe4457f.json", "result_write": "WRITTEN", "status": "TEMPORAL_INTEGRITY_VIOLATION", "task_id": "crypto:TASK-6f9d23e232884c4e3d510523e881874a"}
--- stderr
{"duration_ms": 420, "event": "job_finished", "job_id": "crypto-research-ab932b7c3d1ebadc820a47f9", "level": "INFO", "run_id": "07beef1a528e449d86c34612b953253c", "run_status": "FAILED", "service": "predictor_ops", "timestamp": "2026-09-27T23:02:06.057982Z"}
--- end
{"n": 15, "label": "ingest 03-canary", "at": "2026-09-27T23:02:06Z", "seconds": 0.199, "argv": ["C:\\Cripto\\qualificacao\\runtime\\integration-crypto\\venv-cain\\Scripts\\cain.exe", "research", "ingest", "--domain", "crypto", "--state", "C:\\Cripto\\qualificacao\\runtime\\integration-crypto\\w\\e2e\\cain-state", "--spool", "C:\\Cripto\\qualificacao\\runtime\\integration-crypto\\w\\e2e\\spool"], "fault_env": {}, "exit": 0}
--- stdout
{"action": "skipped", "code": "DOMAIN_MISMATCH", "file": "interleaved-fixtures-v2-brasileirao-result-h9.json", "state": "REJECTED"}
{"action": "skipped", "code": "TASK_NOT_FOUND", "file": "interleaved-fixtures-v2-crypto-result-h9.json", "state": "REJECTED"}
{"action": "skipped", "code": "DOMAIN_MISMATCH", "file": "interleaved-fixtures-v2-stocks-result-h9.json", "state": "REJECTED"}
{"action": "duplicate", "file": "TASK-02bf95b3940c9a226f8a9ae2a37a11a3.d1021d912983a942.json"}
{"action": "ingested", "class": "TERMINAL_REFUSAL", "fact": "fact:1b7d075c42a54a5ea8e019a72858c119", "file": "TASK-6f9d23e232884c4e3d510523e881874a.e0b36d20dfe4457f.json", "status": "TEMPORAL_INTEGRITY_VIOLATION", "task_id": "crypto:TASK-6f9d23e232884c4e3d510523e881874a"}
{"action": "duplicate", "file": "TASK-9cb8ddb312aff3b4be933e167ae7e943.7283b9207bd6d4c9.json"}
--- stderr
--- end
{"n": 16, "label": "propose 04-duplicate", "at": "2026-09-27T23:02:06Z", "seconds": 0.19, "argv": ["C:\\Cripto\\qualificacao\\runtime\\integration-crypto\\venv-cain\\Scripts\\cain.exe", "research", "propose", "--domain", "crypto", "--state", "C:\\Cripto\\qualificacao\\runtime\\integration-crypto\\w\\e2e\\cain-state", "--proposal", "C:\\Cripto\\qualificacao\\runtime\\integration-crypto\\stage\\mission\\fixtures\\proposals\\e2e\\04-duplicate.json", "--as-of", "2026-09-27T23:02:06Z"], "fault_env": {}, "exit": 0}
--- stdout
{"decision": "DUPLICATE", "episode_id": "crypto:episode-4", "reason_code": "DUPLICATE_REQUEST", "receipt_sha256": "8830ff9e4e024c1824ab6ce21f68939469e1a6e84bc91a576d2662c2412f37ea", "rule": "R08", "status": "RECORDED", "task": null}
--- stderr
--- end
{"n": 17, "label": "propose 05-h9-closed", "at": "2026-09-27T23:02:06Z", "seconds": 0.192, "argv": ["C:\\Cripto\\qualificacao\\runtime\\integration-crypto\\venv-cain\\Scripts\\cain.exe", "research", "propose", "--domain", "crypto", "--state", "C:\\Cripto\\qualificacao\\runtime\\integration-crypto\\w\\e2e\\cain-state", "--proposal", "C:\\Cripto\\qualificacao\\runtime\\integration-crypto\\stage\\mission\\fixtures\\proposals\\e2e\\05-h9-closed.json", "--as-of", "2026-09-27T23:02:06Z"], "fault_env": {}, "exit": 0}
--- stdout
{"decision": "BLOCK", "episode_id": "crypto:episode-5", "reason_code": "HYPOTHESIS_CLOSED", "receipt_sha256": "5327dd1412d1221040ff6245922d8507d2092b70a656575fbb4b91472d06c2b8", "rule": "R05", "status": "RECORDED", "task": null}
--- stderr
--- end
{"n": 18, "label": "propose 06-stocks-h9", "at": "2026-09-27T23:02:06Z", "seconds": 0.195, "argv": ["C:\\Cripto\\qualificacao\\runtime\\integration-crypto\\venv-cain\\Scripts\\cain.exe", "research", "propose", "--domain", "crypto", "--state", "C:\\Cripto\\qualificacao\\runtime\\integration-crypto\\w\\e2e\\cain-state", "--proposal", "C:\\Cripto\\qualificacao\\runtime\\integration-crypto\\stage\\mission\\fixtures\\proposals\\e2e\\06-stocks-h9.json", "--as-of", "2026-09-27T23:02:06Z"], "fault_env": {}, "exit": 0}
--- stdout
{"decision": "BLOCK", "episode_id": "crypto:episode-6", "reason_code": "DOMAIN_MISMATCH", "receipt_sha256": "fa1ad4d635c87f560efe2812aa99190b4a04cda0e8da01ca21c1a193e2d430e7", "rule": "R01", "status": "RECORDED", "task": null}
--- stderr
--- end
{"n": 19, "label": "propose 07-next", "at": "2026-09-27T23:02:07Z", "seconds": 0.191, "argv": ["C:\\Cripto\\qualificacao\\runtime\\integration-crypto\\venv-cain\\Scripts\\cain.exe", "research", "propose", "--domain", "crypto", "--state", "C:\\Cripto\\qualificacao\\runtime\\integration-crypto\\w\\e2e\\cain-state", "--proposal", "C:\\Cripto\\qualificacao\\runtime\\integration-crypto\\stage\\mission\\fixtures\\proposals\\e2e\\07-next.json", "--as-of", "2026-09-27T23:02:06Z"], "fault_env": {}, "exit": 0}
--- stdout
{"decision": "ALLOW", "episode_id": "crypto:episode-7", "reason_code": "ALLOWED", "receipt_sha256": "cda485da93694b65de558a69204a05816a5f4b58c8e804a38ead48ebf834ddc9", "rule": "R14", "status": "RECORDED", "task": {"payload_sha256": "2adbe0ec65ffcf947ec57ee38c71047536a6f04e103382c11ad849ba74039d65", "previous_task_id": "crypto:TASK-6f9d23e232884c4e3d510523e881874a", "task_id": "crypto:TASK-4fd811d6e4fd160bfab2e5c2995cc0ce"}}
--- stderr
--- end
{"n": 20, "label": "dispatch 07-next", "at": "2026-09-27T23:02:07Z", "seconds": 0.192, "argv": ["C:\\Cripto\\qualificacao\\runtime\\integration-crypto\\venv-cain\\Scripts\\cain.exe", "research", "dispatch", "--domain", "crypto", "--state", "C:\\Cripto\\qualificacao\\runtime\\integration-crypto\\w\\e2e\\cain-state", "--spool", "C:\\Cripto\\qualificacao\\runtime\\integration-crypto\\w\\e2e\\spool"], "fault_env": {}, "exit": 0}
--- stdout
{"action": "dispatched", "file": "crypto/tasks/TASK-4fd811d6e4fd160bfab2e5c2995cc0ce.json", "spool": "WRITTEN", "task_id": "crypto:TASK-4fd811d6e4fd160bfab2e5c2995cc0ce"}
--- stderr
--- end
{"n": 21, "label": "consumer 07-next", "at": "2026-09-27T23:02:08Z", "seconds": 0.849, "argv": ["C:\\Cripto\\qualificacao\\runtime\\integration-crypto\\venv-consumer\\Scripts\\predictor-research-consumer.exe", "--domain", "crypto", "--spool", "C:\\Cripto\\qualificacao\\runtime\\integration-crypto\\w\\e2e\\spool", "--ledger", "C:\\Cripto\\qualificacao\\runtime\\integration-crypto\\w\\e2e\\consumer\\ledger.sqlite", "--state", "C:\\Cripto\\qualificacao\\runtime\\integration-crypto\\w\\e2e\\domain-state", "--policy", "C:\\Cripto\\qualificacao\\runtime\\integration-crypto\\w\\op\\policy.json", "--objects", "C:\\Cripto\\qualificacao\\runtime\\integration-crypto\\w\\op\\objects"], "fault_env": {}, "exit": 0}
--- stdout
{"action": "skipped", "episode_id": "crypto:episode-1", "state": "TERMINAL_RESULT", "status": "RESULT", "task_id": "crypto:TASK-02bf95b3940c9a226f8a9ae2a37a11a3"}
{"action": "skipped", "episode_id": "crypto:episode-2", "state": "TERMINAL_RESULT", "status": "DUPLICATE", "task_id": "crypto:TASK-9cb8ddb312aff3b4be933e167ae7e943"}
{"action": "skipped", "episode_id": "crypto:episode-3", "state": "TERMINAL_REFUSAL", "status": "TEMPORAL_INTEGRITY_VIOLATION", "task_id": "crypto:TASK-6f9d23e232884c4e3d510523e881874a"}
{"action": "delivered", "attempt": 1, "class": "TERMINAL_RESULT", "episode_id": "crypto:episode-7", "result_file": "crypto/results/TASK-4fd811d6e4fd160bfab2e5c2995cc0ce.a28625b067bee479.json", "result_write": "WRITTEN", "status": "RESULT", "task_id": "crypto:TASK-4fd811d6e4fd160bfab2e5c2995cc0ce"}
--- stderr
{"duration_ms": 425, "event": "job_finished", "job_id": "crypto-research-645789279a2ea8a96756748e", "level": "INFO", "run_id": "211a2da32a864fe3a7d8c294e7e9b210", "run_status": "SUCCEEDED", "service": "predictor_ops", "timestamp": "2026-09-27T23:02:08.024221Z"}
--- end
{"n": 22, "label": "ingest 07-next", "at": "2026-09-27T23:02:08Z", "seconds": 0.211, "argv": ["C:\\Cripto\\qualificacao\\runtime\\integration-crypto\\venv-cain\\Scripts\\cain.exe", "research", "ingest", "--domain", "crypto", "--state", "C:\\Cripto\\qualificacao\\runtime\\integration-crypto\\w\\e2e\\cain-state", "--spool", "C:\\Cripto\\qualificacao\\runtime\\integration-crypto\\w\\e2e\\spool"], "fault_env": {}, "exit": 0}
--- stdout
{"action": "skipped", "code": "DOMAIN_MISMATCH", "file": "interleaved-fixtures-v2-brasileirao-result-h9.json", "state": "REJECTED"}
{"action": "skipped", "code": "TASK_NOT_FOUND", "file": "interleaved-fixtures-v2-crypto-result-h9.json", "state": "REJECTED"}
{"action": "skipped", "code": "DOMAIN_MISMATCH", "file": "interleaved-fixtures-v2-stocks-result-h9.json", "state": "REJECTED"}
{"action": "duplicate", "file": "TASK-02bf95b3940c9a226f8a9ae2a37a11a3.d1021d912983a942.json"}
{"action": "ingested", "class": "TERMINAL_RESULT", "fact": "fact:043ade7a485a4b6683c34d3b26829ed9", "file": "TASK-4fd811d6e4fd160bfab2e5c2995cc0ce.a28625b067bee479.json", "status": "RESULT", "task_id": "crypto:TASK-4fd811d6e4fd160bfab2e5c2995cc0ce"}
{"action": "duplicate", "file": "TASK-6f9d23e232884c4e3d510523e881874a.e0b36d20dfe4457f.json"}
{"action": "duplicate", "file": "TASK-9cb8ddb312aff3b4be933e167ae7e943.7283b9207bd6d4c9.json"}
--- stderr
--- end
{"n": 23, "label": "show crypto:REQ-IC-E2E-001", "at": "2026-09-27T23:02:08Z", "seconds": 0.246, "argv": ["C:\\Cripto\\qualificacao\\runtime\\integration-crypto\\venv-consumer\\Scripts\\cripto-research.exe", "--state", "C:\\Cripto\\qualificacao\\runtime\\integration-crypto\\w\\e2e\\domain-state", "show", "crypto:REQ-IC-E2E-001"], "fault_env": {}, "exit": 0}
--- stdout
{"request_id": "crypto:REQ-IC-E2E-001", "result": {"admission_id": "crypto:ADM-100af211c3f0ea359667d6c13067c933", "capital_permission": false, "core_facts": {"dataset_fingerprint": "1e6356ed1c918f083af953f558a5d23fc6d777ec95bb6cdbde16ee34d257dddb", "identity": {"package": "predictor-core", "record_sha256": "eb8c5553379422a4317e5d6749a98912e95e873d52c80d7fa1fd87e6d96977c2", "version": "3.2.1"}, "scientific_state_source": "core_trial_registry", "statistics": {"gross_ci_high": 0.006996997357178977, "gross_ci_low": -0.0267681010718645, "mean_gross_return": -0.008918560462211353, "mean_net_return": -0.011837964885288278, "net_ci_high": 0.004154202549486669, "net_ci_low": -0.029805573956479887}, "temporal_validation": {"data_cutoff": "2026-08-31T00:00:00Z", "inequality": "available_at <= data_cutoff and observed_at monotonic and observed_at <= available_at", "max_available_at": "2026-08-31T00:00:00Z", "method": "predictor_core.measurement.replay", "rows": 52, "status": "PASS"}, "trial_ids": ["crypto:TRIAL-159fdfb2ad2ccd8f8d612a364c7c61ed"], "trial_registry": "predictor_core.contracts.trial_v2.TrialRegistryV2", "trial_row_hash": "2bfb4dcb7a12c4321d6f106e5367b46e817be17cf44b7b021bec9fdb50ce9683"}, "domain_facts": {"baseline_comparison": {"baseline_id": "crypto:BASELINE-FLAT", "gross_delta_bps": -89, "net_delta_bps": -118, "outcome": "LOSES"}, "baseline_identity": {"content_hash": "4cfdb5417495d2ab5067d67ad9d199d59d330fa4600a8d451b32a7b62e6be136", "name": "flat", "revision_id": "baseline:flat:real-v1", "version": "v1"}, "cost_model_identity": {"content_hash": "6168c2abe0d77bcceffc084905a6a2ba54a8cbdf5a1a55f48fbc1e30f3e44e65", "name": "v3-frozen", "revision_id": "cost_model:v3-frozen:real-v1", "version": "v1"}, "costs": {"cost_aware_decision": "NO_TRADE", "mean_funding_pnl_bps": 1, "mean_total_cost_bps": 29, "model": "GarimpoInvestimentos.v3.costs.CostModel", "round_trip_friction_bps": 30, "slippage_bps_per_leg": 5, "taker_fee_bps_per_leg": 10}, "data_cutoff": "2026-08-31T00:00:00Z", "data_quality": {"ok": true}, "dataset_identity": {"content_hash": "0d04cf7c11e8b27fd294a3c354dee3750c9de9d2b312f0044436e7a1751b9a33", "name": "real-in-sample", "revision_id": "dataset:real-in-sample:v1", "version": "v1"}, "effect_sha256": "b179cddbac52d503174bf1c8bd9ac5115c5f15052ae0f6cd4331c58779e6b522", "evidence_identity": {"content_hash": "6f36df6bf689e20cc90c92fcd74baca040d4d6fa1a25368c71f35baf0fcf4bc9", "name": "none", "revision_id": "evidence:none:real-v1", "version": "v1"}, "handler": "crypto.handlers.backtest_existing_hypothesis.v1", "identity": {"package": "cripto-predictor", "record_sha256": "a37a930b31a67f503addd5eb603b9ff45749f127c3b3f5279c794a0a91006ed5", "version": "1.2.0rc3"}, "metrics": {"ci": {"confidence": 0.95, "n_boot": 500, "scheme": "iid", "seed": 17}, "gross_ci_high_bps": 70, "gross_ci_low_bps": -268, "gross_return_bps": -89, "long_observations": 28, "max_drawdown_bps": -5497, "net_ci_high_bps": 42, "net_ci_low_bps": -298, "net_return_bps": -118, "sample_size": 52, "short_observations": 24, "turnover_round_trips": 52}, "model_identity": {"content_hash": "07225498b8d4834d762a198bc63ee650512fdf02e536d1b0a623bbe9a6fb3582", "name": "fixed-shadow", "revision_id": "protocol:fixed-shadow:real-v1", "version": "v1"}, "placebo_seed": 101}, "economic_state": "NO_EDGE", "experiment_id": "crypto:EXP-159fdfb2ad2ccd8f8d612a364c7c61ed", "hypothesis_id": "crypto:QUAL-SHADOW-REAL-001", "operational_state": "SUCCEEDED", "ops_facts": {"attempt_ids": ["crypto:ATTEMPT-5267794f75414b20ae4791007182b48c"], "attempts": 1, "economic_lock_id": "economic-add5ab5689956f5960dad049b78a2692bafed5b5faa5ddeaf30d4af385b83c5f", "exit_code": 0, "finished_at": "2026-09-27T23:02:02.590Z", "heartbeat_at": "2026-09-27T23:02:02.285Z", "identity": {"package": "predictor-ops", "record_sha256": "791fa9135aabcc7303c0341992a345fda87171a63b0337815abd16e2d7cdd966", "version": "4.2.2rc1"}, "job_id": "crypto-research-159fdfb2ad2ccd8f8d612a36", "operational_state": "SUCCEEDED", "ops_record_hash": "9b39caec28f1ddabeba9b3f6a60c3592e488c3376fa4298674bf807bb42184d8", "ops_run_id": "b76295000fb546c99da2c56b84e687cd", "ops_run_ids": ["b76295000fb546c99da2c56b84e687cd"], "retry_count": 0, "started_at": "2026-09-27T23:02:02.191Z"}, "produced_at": "2026-09-27T23:02:02.620189Z", "provenance": {"admission_policy_hash": "78e8b2d76c589c02254b299bcc633eaddfe82d6a93e7849a9b91d11f31563729", "admission_policy_id": "crypto-integration-qualification", "admission_policy_version": 1, "handler_identity": "crypto.handlers.backtest_existing_hypothesis.v1", "journal_identity": "4d2ab80499f5d3c13cdf1769ac9a3eb9244e0731f9bdc88f21de383b5e0eb5c0", "logical_experiment_hash": "159fdfb2ad2ccd8f8d612a364c7c61ed5a4812b54434fdc793613ca14e7b9244", "reference_materialization_receipt_hash": "fb277668df81e8076a0dedfd8ad7bb75d294a6587fe8447e8a4420fc4623dcb7", "request_content_hash": "5fe20eb7b93d743530485cae313699a24e6bde31926371024ff20b8d3ef89beb", "resolved_references_hash": "257b00d8d257e56401219b8ae046e9e5a1d90efaba5ab7cc654a493d0f59ee64"}, "request_id": "crypto:REQ-IC-E2E-001", "research_id": "crypto:RESEARCH-INTEGRATION-QUALIFICATION", "result_id": "crypto:RESULT-159fdfb2ad2ccd8f8d612a364c7c61ed", "result_state": "INCONCLUSIVE", "schema_version": "crypto-research-result/1", "scientific_state": "INCONCLUSIVE"}, "result_sha256": "c3bd389d329e02c4aba9cf617d481e0343c957fd079de201c141c216f7d5b993", "source": "authoritative_result_store", "status": "RESULT"}
--- stderr
--- end
{"n": 24, "label": "show crypto:REQ-IC-E2E-007", "at": "2026-09-27T23:02:08Z", "seconds": 0.218, "argv": ["C:\\Cripto\\qualificacao\\runtime\\integration-crypto\\venv-consumer\\Scripts\\cripto-research.exe", "--state", "C:\\Cripto\\qualificacao\\runtime\\integration-crypto\\w\\e2e\\domain-state", "show", "crypto:REQ-IC-E2E-007"], "fault_env": {}, "exit": 0}
--- stdout
{"request_id": "crypto:REQ-IC-E2E-007", "result": {"admission_id": "crypto:ADM-bdb7a97aa541747fc0c58fc078b08cc7", "capital_permission": false, "core_facts": {"dataset_fingerprint": "1e6356ed1c918f083af953f558a5d23fc6d777ec95bb6cdbde16ee34d257dddb", "identity": {"package": "predictor-core", "record_sha256": "eb8c5553379422a4317e5d6749a98912e95e873d52c80d7fa1fd87e6d96977c2", "version": "3.2.1"}, "scientific_state_source": "core_trial_registry", "statistics": {"gross_ci_high": 0.02549230760890503, "gross_ci_low": -0.007312083742153127, "mean_gross_return": 0.00956909474953309, "mean_net_return": 0.00645209648030232, "net_ci_high": 0.022429989535761308, "net_ci_low": -0.010557930824002516}, "temporal_validation": {"data_cutoff": "2026-08-31T00:00:00Z", "inequality": "available_at <= data_cutoff and observed_at monotonic and observed_at <= available_at", "max_available_at": "2026-08-31T00:00:00Z", "method": "predictor_core.measurement.replay", "rows": 52, "status": "PASS"}, "trial_ids": ["crypto:TRIAL-645789279a2ea8a96756748ea5e18d06"], "trial_registry": "predictor_core.contracts.trial_v2.TrialRegistryV2", "trial_row_hash": "e2ea50cbec551a8432c17ca4a47f3507679808d7a0885d42945cf01ec7d65623"}, "domain_facts": {"baseline_comparison": {"baseline_id": "crypto:BASELINE-FLAT", "gross_delta_bps": 96, "net_delta_bps": 65, "outcome": "BEATS"}, "baseline_identity": {"content_hash": "4cfdb5417495d2ab5067d67ad9d199d59d330fa4600a8d451b32a7b62e6be136", "name": "flat", "revision_id": "baseline:flat:real-v1", "version": "v1"}, "cost_model_identity": {"content_hash": "6168c2abe0d77bcceffc084905a6a2ba54a8cbdf5a1a55f48fbc1e30f3e44e65", "name": "v3-frozen", "revision_id": "cost_model:v3-frozen:real-v1", "version": "v1"}, "costs": {"cost_aware_decision": "NO_TRADE", "mean_funding_pnl_bps": -1, "mean_total_cost_bps": 31, "model": "GarimpoInvestimentos.v3.costs.CostModel", "round_trip_friction_bps": 30, "slippage_bps_per_leg": 5, "taker_fee_bps_per_leg": 10}, "data_cutoff": "2026-08-31T00:00:00Z", "data_quality": {"ok": true}, "dataset_identity": {"content_hash": "0d04cf7c11e8b27fd294a3c354dee3750c9de9d2b312f0044436e7a1751b9a33", "name": "real-in-sample", "revision_id": "dataset:real-in-sample:v1", "version": "v1"}, "effect_sha256": "61a2049502f8a61449a360d16831d6c05260c6f51b9890a86cffc486baf773ff", "evidence_identity": {"content_hash": "6f36df6bf689e20cc90c92fcd74baca040d4d6fa1a25368c71f35baf0fcf4bc9", "name": "none", "revision_id": "evidence:none:real-v1", "version": "v1"}, "handler": "crypto.handlers.backtest_existing_hypothesis.v1", "identity": {"package": "cripto-predictor", "record_sha256": "a37a930b31a67f503addd5eb603b9ff45749f127c3b3f5279c794a0a91006ed5", "version": "1.2.0rc3"}, "metrics": {"ci": {"confidence": 0.95, "n_boot": 500, "scheme": "iid", "seed": 17}, "gross_ci_high_bps": 255, "gross_ci_low_bps": -73, "gross_return_bps": 96, "long_observations": 25, "max_drawdown_bps": -3460, "net_ci_high_bps": 224, "net_ci_low_bps": -106, "net_return_bps": 65, "sample_size": 52, "short_observations": 27, "turnover_round_trips": 52}, "model_identity": {"content_hash": "07225498b8d4834d762a198bc63ee650512fdf02e536d1b0a623bbe9a6fb3582", "name": "fixed-shadow", "revision_id": "protocol:fixed-shadow:real-v1", "version": "v1"}, "placebo_seed": 107}, "economic_state": "NO_EDGE", "experiment_id": "crypto:EXP-645789279a2ea8a96756748ea5e18d06", "hypothesis_id": "crypto:QUAL-SHADOW-REAL-003", "operational_state": "SUCCEEDED", "ops_facts": {"attempt_ids": ["crypto:ATTEMPT-700e7ac1d0914d94adaa4f34b5052ea6"], "attempts": 1, "economic_lock_id": "economic-9a27ed46a24d4b15168df07f939135cee648d929bfee7ae744a249e9c6494515", "exit_code": 0, "finished_at": "2026-09-27T23:02:08.008Z", "heartbeat_at": "2026-09-27T23:02:07.703Z", "identity": {"package": "predictor-ops", "record_sha256": "791fa9135aabcc7303c0341992a345fda87171a63b0337815abd16e2d7cdd966", "version": "4.2.2rc1"}, "job_id": "crypto-research-645789279a2ea8a96756748e", "operational_state": "SUCCEEDED", "ops_record_hash": "d8389e8303a42904120dbc7153c996a659dd8a5cbec7cdc370c9e711112b3f1e", "ops_run_id": "211a2da32a864fe3a7d8c294e7e9b210", "ops_run_ids": ["211a2da32a864fe3a7d8c294e7e9b210"], "retry_count": 0, "started_at": "2026-09-27T23:02:07.583Z"}, "produced_at": "2026-09-27T23:02:08.041403Z", "provenance": {"admission_policy_hash": "78e8b2d76c589c02254b299bcc633eaddfe82d6a93e7849a9b91d11f31563729", "admission_policy_id": "crypto-integration-qualification", "admission_policy_version": 1, "handler_identity": "crypto.handlers.backtest_existing_hypothesis.v1", "journal_identity": "5025efaf635cac4dc8663ecefdbd84cd21f98e2eb77e8a5a8b8fae60efb8e960", "logical_experiment_hash": "645789279a2ea8a96756748ea5e18d06f23890cfccfc239d1bf2335d9dfb4bfa", "reference_materialization_receipt_hash": "708abfc0e01b783b00892f9463e94880e7466c90b303ac143e2c008a892c28ff", "request_content_hash": "2adbe0ec65ffcf947ec57ee38c71047536a6f04e103382c11ad849ba74039d65", "resolved_references_hash": "257b00d8d257e56401219b8ae046e9e5a1d90efaba5ab7cc654a493d0f59ee64"}, "request_id": "crypto:REQ-IC-E2E-007", "research_id": "crypto:RESEARCH-INTEGRATION-QUALIFICATION", "result_id": "crypto:RESULT-645789279a2ea8a96756748ea5e18d06", "result_state": "INCONCLUSIVE", "schema_version": "crypto-research-result/1", "scientific_state": "INCONCLUSIVE"}, "result_sha256": "c6667b413bd5ac95465fa0ececf4463205cd10014460d7f747269e80dbc65c27", "source": "authoritative_result_store", "status": "RESULT"}
--- stderr
--- end
{"n": 25, "label": "show crypto:REQ-IC-E2E-002", "at": "2026-09-27T23:02:09Z", "seconds": 0.212, "argv": ["C:\\Cripto\\qualificacao\\runtime\\integration-crypto\\venv-consumer\\Scripts\\cripto-research.exe", "--state", "C:\\Cripto\\qualificacao\\runtime\\integration-crypto\\w\\e2e\\domain-state", "show", "crypto:REQ-IC-E2E-002"], "fault_env": {}, "exit": 0}
--- stdout
{"request_id": "crypto:REQ-IC-E2E-002", "result": {"admission_id": "crypto:ADM-fa7fb4ebb9ff3525cf75d7fe91da7a13", "capital_permission": false, "core_facts": {"dataset_fingerprint": "1e6356ed1c918f083af953f558a5d23fc6d777ec95bb6cdbde16ee34d257dddb", "identity": {"package": "predictor-core", "record_sha256": "eb8c5553379422a4317e5d6749a98912e95e873d52c80d7fa1fd87e6d96977c2", "version": "3.2.1"}, "scientific_state_source": "core_trial_registry", "statistics": {"gross_ci_high": 0.01724139371241597, "gross_ci_low": -0.014975141675945583, "mean_gross_return": 0.0005936615531716641, "mean_net_return": -0.002306859023751414, "net_ci_high": 0.014394415058569816, "net_ci_low": -0.017987947637484045}, "temporal_validation": {"data_cutoff": "2026-08-31T00:00:00Z", "inequality": "available_at <= data_cutoff and observed_at monotonic and observed_at <= available_at", "max_available_at": "2026-08-31T00:00:00Z", "method": "predictor_core.measurement.replay", "rows": 52, "status": "PASS"}, "trial_ids": ["crypto:TRIAL-5bcaf205a05986e27358fb68064445d8"], "trial_registry": "predictor_core.contracts.trial_v2.TrialRegistryV2", "trial_row_hash": "3b8242d19dbfa5d4fb9dc6715a37189ea7ce80a697112b9ca1db569cd028ea79"}, "domain_facts": {"baseline_comparison": {"baseline_id": "crypto:BASELINE-FLAT", "gross_delta_bps": 6, "net_delta_bps": -23, "outcome": "LOSES"}, "baseline_identity": {"content_hash": "4cfdb5417495d2ab5067d67ad9d199d59d330fa4600a8d451b32a7b62e6be136", "name": "flat", "revision_id": "baseline:flat:real-v1", "version": "v1"}, "cost_model_identity": {"content_hash": "6168c2abe0d77bcceffc084905a6a2ba54a8cbdf5a1a55f48fbc1e30f3e44e65", "name": "v3-frozen", "revision_id": "cost_model:v3-frozen:real-v1", "version": "v1"}, "costs": {"cost_aware_decision": "NO_TRADE", "mean_funding_pnl_bps": 1, "mean_total_cost_bps": 29, "model": "GarimpoInvestimentos.v3.costs.CostModel", "round_trip_friction_bps": 30, "slippage_bps_per_leg": 5, "taker_fee_bps_per_leg": 10}, "data_cutoff": "2026-08-31T00:00:00Z", "data_quality": {"ok": true}, "dataset_identity": {"content_hash": "0d04cf7c11e8b27fd294a3c354dee3750c9de9d2b312f0044436e7a1751b9a33", "name": "real-in-sample", "revision_id": "dataset:real-in-sample:v1", "version": "v1"}, "effect_sha256": "8466bbf9c8c8a3b3ecfcd0b660b1f70d606def99f11b3542b3731ae9e0205960", "evidence_identity": {"content_hash": "6f36df6bf689e20cc90c92fcd74baca040d4d6fa1a25368c71f35baf0fcf4bc9", "name": "none", "revision_id": "evidence:none:real-v1", "version": "v1"}, "handler": "crypto.handlers.backtest_existing_hypothesis.v1", "identity": {"package": "cripto-predictor", "record_sha256": "a37a930b31a67f503addd5eb603b9ff45749f127c3b3f5279c794a0a91006ed5", "version": "1.2.0rc3"}, "metrics": {"ci": {"confidence": 0.95, "n_boot": 500, "scheme": "iid", "seed": 17}, "gross_ci_high_bps": 172, "gross_ci_low_bps": -150, "gross_return_bps": 6, "long_observations": 25, "max_drawdown_bps": -4988, "net_ci_high_bps": 144, "net_ci_low_bps": -180, "net_return_bps": -23, "sample_size": 52, "short_observations": 27, "turnover_round_trips": 52}, "model_identity": {"content_hash": "07225498b8d4834d762a198bc63ee650512fdf02e536d1b0a623bbe9a6fb3582", "name": "fixed-shadow", "revision_id": "protocol:fixed-shadow:real-v1", "version": "v1"}, "placebo_seed": 102}, "economic_state": "NO_EDGE", "experiment_id": "crypto:EXP-5bcaf205a05986e27358fb68064445d8", "hypothesis_id": "crypto:QUAL-SHADOW-REAL-002", "operational_state": "SUCCEEDED", "ops_facts": {"attempt_ids": ["crypto:ATTEMPT-17b908b814f54883a8aac259e2a1b9ca"], "attempts": 1, "economic_lock_id": "economic-4b9da2052ba4badf00e0babd39fdf80ef9511e4fb27691236e065ff9eba7bbe3", "exit_code": 0, "finished_at": "2026-09-27T23:02:03.995Z", "heartbeat_at": "2026-09-27T23:02:03.690Z", "identity": {"package": "predictor-ops", "record_sha256": "791fa9135aabcc7303c0341992a345fda87171a63b0337815abd16e2d7cdd966", "version": "4.2.2rc1"}, "job_id": "crypto-research-5bcaf205a05986e27358fb68", "operational_state": "SUCCEEDED", "ops_record_hash": "2c0eaf71afee9457439eb49df092fb5f7e664a7b075d65e43426c39c9bafde11", "ops_run_id": "3ac003b07f534c96ab4479697c48e67c", "ops_run_ids": ["3ac003b07f534c96ab4479697c48e67c"], "retry_count": 0, "started_at": "2026-09-27T23:02:03.596Z"}, "produced_at": "2026-09-27T23:02:04.026089Z", "provenance": {"admission_policy_hash": "78e8b2d76c589c02254b299bcc633eaddfe82d6a93e7849a9b91d11f31563729", "admission_policy_id": "crypto-integration-qualification", "admission_policy_version": 1, "handler_identity": "crypto.handlers.backtest_existing_hypothesis.v1", "journal_identity": "edb7a991e51f0935e9f87ced701a7e2390039008ea9e04671bdf5e8d34b864a0", "logical_experiment_hash": "5bcaf205a05986e27358fb68064445d85b47a0f98a066f7e99e2edc97fe60584", "reference_materialization_receipt_hash": "048aade7155de8fad311d5f4b19c772a635cacc857ea9e08f4a5b502c9ce863e", "request_content_hash": "2f1a51cc878bbc2b90b9a06125dc4eb586e279b9f4b95229dff11a5f8596ce6c", "resolved_references_hash": "257b00d8d257e56401219b8ae046e9e5a1d90efaba5ab7cc654a493d0f59ee64"}, "request_id": "crypto:REQ-IC-E2E-002", "research_id": "crypto:RESEARCH-INTEGRATION-QUALIFICATION", "result_id": "crypto:RESULT-5bcaf205a05986e27358fb68064445d8", "result_state": "INCONCLUSIVE", "schema_version": "crypto-research-result/1", "scientific_state": "INCONCLUSIVE"}, "result_sha256": "ed37c84b61ac506b93c5f2f53a106e9e8f626f026770f156d953772fbf29c638", "source": "authoritative_result_store", "status": "RESULT"}
--- stderr
--- end
{"n": 26, "label": "show canary", "at": "2026-09-27T23:02:09Z", "seconds": 0.215, "argv": ["C:\\Cripto\\qualificacao\\runtime\\integration-crypto\\venv-consumer\\Scripts\\cripto-research.exe", "--state", "C:\\Cripto\\qualificacao\\runtime\\integration-crypto\\w\\e2e\\domain-state", "show", "crypto:REQ-IC-E2E-003"], "fault_env": {}, "exit": 3}
--- stdout
{"request_id": "crypto:REQ-IC-E2E-003", "status": "NOT_FOUND"}
--- stderr
--- end
{"n": 27, "label": "episodes final", "at": "2026-09-27T23:02:09Z", "seconds": 0.206, "argv": ["C:\\Cripto\\qualificacao\\runtime\\integration-crypto\\venv-cain\\Scripts\\cain.exe", "research", "episodes", "--domain", "crypto", "--state", "C:\\Cripto\\qualificacao\\runtime\\integration-crypto\\w\\e2e\\cain-state"], "fault_env": {}, "exit": 0}
--- stdout
{"domain": "crypto", "episodes": [{"as_of": "2026-09-27T23:02:01Z", "decision": "ALLOW", "number": 1, "outbox": {"dispatches": 1, "retries_requested": 0, "status": "PUBLISHED", "task_id": "crypto:TASK-02bf95b3940c9a226f8a9ae2a37a11a3"}, "proposal_id": "cain:E2E-01", "reason_code": "ALLOWED", "receipt_sha256": "b9d41542f36edcdc297bac5cd850a978f3e0d739a7a0216d6b1b78278c466aef", "source": "operator", "task_id": "crypto:TASK-02bf95b3940c9a226f8a9ae2a37a11a3"}, {"as_of": "2026-09-27T23:02:02Z", "decision": "ALLOW", "number": 2, "outbox": {"dispatches": 1, "retries_requested": 0, "status": "PUBLISHED", "task_id": "crypto:TASK-9cb8ddb312aff3b4be933e167ae7e943"}, "proposal_id": "cain:E2E-02", "reason_code": "ALLOWED", "receipt_sha256": "9f49948f8f37a12098c8b77a9aa8afd48b5aa254bd9cc8fc57004c69b7dc09a8", "source": "operator", "task_id": "crypto:TASK-9cb8ddb312aff3b4be933e167ae7e943"}, {"as_of": "2026-09-27T23:02:04Z", "decision": "ALLOW", "number": 3, "outbox": {"dispatches": 1, "retries_requested": 0, "status": "PUBLISHED", "task_id": "crypto:TASK-6f9d23e232884c4e3d510523e881874a"}, "proposal_id": "cain:E2E-03", "reason_code": "ALLOWED", "receipt_sha256": "60bbbdab79385ef8fc439115286783e2b3180109964eb63263620c45f25292a8", "source": "operator", "task_id": "crypto:TASK-6f9d23e232884c4e3d510523e881874a"}, {"as_of": "2026-09-27T23:02:06Z", "decision": "DUPLICATE", "number": 4, "outbox": null, "proposal_id": "cain:E2E-04", "reason_code": "DUPLICATE_REQUEST", "receipt_sha256": "8830ff9e4e024c1824ab6ce21f68939469e1a6e84bc91a576d2662c2412f37ea", "source": "operator", "task_id": null}, {"as_of": "2026-09-27T23:02:06Z", "decision": "BLOCK", "number": 5, "outbox": null, "proposal_id": "cain:E2E-05", "reason_code": "HYPOTHESIS_CLOSED", "receipt_sha256": "5327dd1412d1221040ff6245922d8507d2092b70a656575fbb4b91472d06c2b8", "source": "operator", "task_id": null}, {"as_of": "2026-09-27T23:02:06Z", "decision": "BLOCK", "number": 6, "outbox": null, "proposal_id": "cain:E2E-06", "reason_code": "DOMAIN_MISMATCH", "receipt_sha256": "fa1ad4d635c87f560efe2812aa99190b4a04cda0e8da01ca21c1a193e2d430e7", "source": "operator", "task_id": null}, {"as_of": "2026-09-27T23:02:06Z", "decision": "ALLOW", "number": 7, "outbox": {"dispatches": 1, "retries_requested": 0, "status": "PUBLISHED", "task_id": "crypto:TASK-4fd811d6e4fd160bfab2e5c2995cc0ce"}, "proposal_id": "cain:E2E-07", "reason_code": "ALLOWED", "receipt_sha256": "cda485da93694b65de558a69204a05816a5f4b58c8e804a38ead48ebf834ddc9", "source": "operator", "task_id": "crypto:TASK-4fd811d6e4fd160bfab2e5c2995cc0ce"}], "inbox": [{"class": "TERMINAL_RESULT", "fact_id": "fact:2a0897bc0c95481d9d493f33ffedddca", "payload_sha256": "c3bd389d329e02c4aba9cf617d481e0343c957fd079de201c141c216f7d5b993", "status": "RESULT", "task_id": "crypto:TASK-02bf95b3940c9a226f8a9ae2a37a11a3"}, {"class": "TERMINAL_RESULT", "fact_id": "fact:10dc9b923f444fec8b5b0162a9318835", "payload_sha256": "ed37c84b61ac506b93c5f2f53a106e9e8f626f026770f156d953772fbf29c638", "status": "DUPLICATE", "task_id": "crypto:TASK-9cb8ddb312aff3b4be933e167ae7e943"}, {"class": "TERMINAL_REFUSAL", "fact_id": "fact:1b7d075c42a54a5ea8e019a72858c119", "payload_sha256": null, "status": "TEMPORAL_INTEGRITY_VIOLATION", "task_id": "crypto:TASK-6f9d23e232884c4e3d510523e881874a"}, {"class": "TERMINAL_RESULT", "fact_id": "fact:043ade7a485a4b6683c34d3b26829ed9", "payload_sha256": "c6667b413bd5ac95465fa0ececf4463205cd10014460d7f747269e80dbc65c27", "status": "RESULT", "task_id": "crypto:TASK-4fd811d6e4fd160bfab2e5c2995cc0ce"}], "memory": {"broken_at": null, "entries": 4, "head": "96ce173f118738cc8e2ec37c3532ea130ac67f12261b439af5c0adf97cfde9eb", "head_recorded_at": "2026-09-27T23:02:08.300126Z", "projection": "consistent", "status": "intact"}, "rejections": [{"code": "DOMAIN_MISMATCH", "file": "interleaved-fixtures-v2-brasileirao-result-h9.json"}, {"code": "TASK_NOT_FOUND", "file": "interleaved-fixtures-v2-crypto-result-h9.json"}, {"code": "DOMAIN_MISMATCH", "file": "interleaved-fixtures-v2-stocks-result-h9.json"}]}
--- stderr
--- end
