{"effective_proposal": "/home/runner/work/_temp/work/failures/F10/proposals/1.json", "template": "fixtures/proposals/e2e/01-allow.json", "sha256": "b7f7dbcd829ef3fee03ac0bc82c529faa7f7f6bdf56bcb4d35813e9d36db39df"}
{"n": 1, "label": "propose 1", "at": "2026-09-30T00:37:40Z", "seconds": 0.14, "argv": ["/home/runner/work/_temp/work/rt/cain-venv/bin/cain", "research", "propose", "--domain", "stocks", "--state", "/home/runner/work/_temp/work/failures/F10/cain-state", "--proposal", "/home/runner/work/_temp/work/failures/F10/proposals/1.json", "--as-of", "2026-09-30T00:37:40Z"], "fault_env": {}, "exit": 0}
--- stdout
{"decision": "ALLOW", "episode_id": "stocks:episode-1", "reason_code": "ALLOWED", "receipt_sha256": "dfbe154b6721c0ab23210056d363aed3e23225379b9018fbcb055a3a79f3b78a", "rule": "R14", "status": "RECORDED", "task": {"payload_sha256": "30b7740e5bbaefcdedb52b32f29e8437d83ea3a5047bce9f2e616313498ed179", "previous_task_id": null, "task_id": "stocks:TASK-6334a329ee675494e1b6caa671020d8c"}}
--- stderr
--- end
{"n": 2, "label": "dispatch 1", "at": "2026-09-30T00:37:40Z", "seconds": 0.121, "argv": ["/home/runner/work/_temp/work/rt/cain-venv/bin/cain", "research", "dispatch", "--domain", "stocks", "--state", "/home/runner/work/_temp/work/failures/F10/cain-state", "--spool", "/home/runner/work/_temp/work/failures/F10/spool"], "fault_env": {}, "exit": 0}
--- stdout
{"action": "dispatched", "file": "stocks/tasks/TASK-6334a329ee675494e1b6caa671020d8c.json", "spool": "WRITTEN", "task_id": "stocks:TASK-6334a329ee675494e1b6caa671020d8c"}
--- stderr
--- end
{"n": 3, "label": "consumer 1", "at": "2026-09-30T00:37:48Z", "seconds": 8.405, "argv": ["/home/runner/work/_temp/work/rt/consumer-venv/bin/predictor-research-consumer", "--domain", "stocks", "--spool", "/home/runner/work/_temp/work/failures/F10/spool", "--ledger", "/home/runner/work/_temp/work/failures/F10/consumer/ledger.sqlite", "--state", "/home/runner/work/_temp/work/failures/F10/domain-state", "--policy", "/home/runner/work/_temp/work/rt/op/policy.json", "--objects", "/home/runner/work/_temp/work/rt/op/objects"], "fault_env": {}, "exit": 0}
--- stdout
{"action": "delivered", "attempt": 1, "class": "TERMINAL_RESULT", "episode_id": "stocks:episode-1", "result_file": "stocks/results/TASK-6334a329ee675494e1b6caa671020d8c.d1c627dd9c223693.json", "result_write": "WRITTEN", "status": "RESULT", "task_id": "stocks:TASK-6334a329ee675494e1b6caa671020d8c"}
--- stderr
{"duration_ms": 8129, "event": "job_finished", "job_id": "stocks-research-078c2454b9c013ff5b456e38", "level": "INFO", "run_id": "fc0860b9603d46df9d6f290cf6869a1a", "run_status": "SUCCEEDED", "service": "predictor_ops", "timestamp": "2026-09-30T00:37:48.915965Z"}
--- end
{"n": 4, "label": "ingest 1", "at": "2026-09-30T00:37:49Z", "seconds": 0.13, "argv": ["/home/runner/work/_temp/work/rt/cain-venv/bin/cain", "research", "ingest", "--domain", "stocks", "--state", "/home/runner/work/_temp/work/failures/F10/cain-state", "--spool", "/home/runner/work/_temp/work/failures/F10/spool"], "fault_env": {}, "exit": 0}
--- stdout
{"action": "ingested", "class": "TERMINAL_RESULT", "fact": "fact:0356172af2e2498ea1b5100fe0dd5739", "file": "TASK-6334a329ee675494e1b6caa671020d8c.d1c627dd9c223693.json", "status": "RESULT", "task_id": "stocks:TASK-6334a329ee675494e1b6caa671020d8c"}
--- stderr
--- end
{"effective_proposal": "/home/runner/work/_temp/work/failures/F10/proposals/2.json", "template": "fixtures/proposals/e2e/01-allow.json", "sha256": "3ae9b8ad754dfe81da77e7370fac1f158f8e5c8951d7a30d87e5fed23bf51ea6"}
{"n": 5, "label": "propose 2", "at": "2026-09-30T00:37:49Z", "seconds": 0.126, "argv": ["/home/runner/work/_temp/work/rt/cain-venv/bin/cain", "research", "propose", "--domain", "stocks", "--state", "/home/runner/work/_temp/work/failures/F10/cain-state", "--proposal", "/home/runner/work/_temp/work/failures/F10/proposals/2.json", "--as-of", "2026-09-30T00:37:49Z"], "fault_env": {}, "exit": 0}
--- stdout
{"decision": "ALLOW", "episode_id": "stocks:episode-2", "reason_code": "ALLOWED", "receipt_sha256": "764d3286515af5662d2aceac3447acbef4ca550a9d57b4f6ec4279c5aad01e67", "rule": "R14", "status": "RECORDED", "task": {"payload_sha256": "0052f8dacad7c5434112e4700e0046d54d562d9dfc12cd3ce2fd232f404c45f9", "previous_task_id": "stocks:TASK-6334a329ee675494e1b6caa671020d8c", "task_id": "stocks:TASK-a4844706aa223d7b4ff0916894f71417"}}
--- stderr
--- end
{"n": 6, "label": "dispatch 2", "at": "2026-09-30T00:37:49Z", "seconds": 0.12, "argv": ["/home/runner/work/_temp/work/rt/cain-venv/bin/cain", "research", "dispatch", "--domain", "stocks", "--state", "/home/runner/work/_temp/work/failures/F10/cain-state", "--spool", "/home/runner/work/_temp/work/failures/F10/spool"], "fault_env": {}, "exit": 0}
--- stdout
{"action": "dispatched", "file": "stocks/tasks/TASK-a4844706aa223d7b4ff0916894f71417.json", "spool": "WRITTEN", "task_id": "stocks:TASK-a4844706aa223d7b4ff0916894f71417"}
--- stderr
--- end
{"n": 7, "label": "consumer 2", "at": "2026-09-30T00:37:57Z", "seconds": 8.498, "argv": ["/home/runner/work/_temp/work/rt/consumer-venv/bin/predictor-research-consumer", "--domain", "stocks", "--spool", "/home/runner/work/_temp/work/failures/F10/spool", "--ledger", "/home/runner/work/_temp/work/failures/F10/consumer/ledger.sqlite", "--state", "/home/runner/work/_temp/work/failures/F10/domain-state", "--policy", "/home/runner/work/_temp/work/rt/op/policy.json", "--objects", "/home/runner/work/_temp/work/rt/op/objects"], "fault_env": {}, "exit": 0}
--- stdout
{"action": "skipped", "episode_id": "stocks:episode-1", "state": "TERMINAL_RESULT", "status": "RESULT", "task_id": "stocks:TASK-6334a329ee675494e1b6caa671020d8c"}
{"action": "delivered", "attempt": 1, "class": "TERMINAL_RESULT", "episode_id": "stocks:episode-2", "result_file": "stocks/results/TASK-a4844706aa223d7b4ff0916894f71417.30be25d85e7c4ff0.json", "result_write": "WRITTEN", "status": "RESULT", "task_id": "stocks:TASK-a4844706aa223d7b4ff0916894f71417"}
--- stderr
{"duration_ms": 8231, "event": "job_finished", "job_id": "stocks-research-33c4bc4163fb9d12c8fdfcea", "level": "INFO", "run_id": "becf2144b7d84c4c9b43c58abe02ce09", "run_status": "SUCCEEDED", "service": "predictor_ops", "timestamp": "2026-09-30T00:37:57.791903Z"}
--- end
{"n": 8, "label": "ingest out of order", "at": "2026-09-30T00:37:57Z", "seconds": 0.132, "argv": ["/home/runner/work/_temp/work/rt/cain-venv/bin/cain", "research", "ingest", "--domain", "stocks", "--state", "/home/runner/work/_temp/work/failures/F10/cain-state", "--spool", "/home/runner/work/_temp/work/failures/F10/spool"], "fault_env": {}, "exit": 0}
--- stdout
{"action": "duplicate", "file": "00-late-TASK-6334a329ee675494e1b6caa671020d8c.d1c627dd9c223693.json"}
{"action": "duplicate", "file": "TASK-6334a329ee675494e1b6caa671020d8c.d1c627dd9c223693.json"}
{"action": "ingested", "class": "TERMINAL_RESULT", "fact": "fact:b061ab8b6c924a438a78bd70167be0f0", "file": "TASK-a4844706aa223d7b4ff0916894f71417.30be25d85e7c4ff0.json", "status": "RESULT", "task_id": "stocks:TASK-a4844706aa223d7b4ff0916894f71417"}
--- stderr
--- end
{"n": 9, "label": "episodes", "at": "2026-09-30T00:37:58Z", "seconds": 0.119, "argv": ["/home/runner/work/_temp/work/rt/cain-venv/bin/cain", "research", "episodes", "--domain", "stocks", "--state", "/home/runner/work/_temp/work/failures/F10/cain-state"], "fault_env": {}, "exit": 0}
--- stdout
{"domain": "stocks", "episodes": [{"as_of": "2026-09-30T00:37:40Z", "decision": "ALLOW", "number": 1, "outbox": {"dispatches": 1, "retries_requested": 0, "status": "PUBLISHED", "task_id": "stocks:TASK-6334a329ee675494e1b6caa671020d8c"}, "proposal_id": "cain:FM-F10-1", "reason_code": "ALLOWED", "receipt_sha256": "dfbe154b6721c0ab23210056d363aed3e23225379b9018fbcb055a3a79f3b78a", "source": "operator", "task_id": "stocks:TASK-6334a329ee675494e1b6caa671020d8c"}, {"as_of": "2026-09-30T00:37:49Z", "decision": "ALLOW", "number": 2, "outbox": {"dispatches": 1, "retries_requested": 0, "status": "PUBLISHED", "task_id": "stocks:TASK-a4844706aa223d7b4ff0916894f71417"}, "proposal_id": "cain:FM-F10-2", "reason_code": "ALLOWED", "receipt_sha256": "764d3286515af5662d2aceac3447acbef4ca550a9d57b4f6ec4279c5aad01e67", "source": "operator", "task_id": "stocks:TASK-a4844706aa223d7b4ff0916894f71417"}], "inbox": [{"class": "TERMINAL_RESULT", "fact_id": "fact:0356172af2e2498ea1b5100fe0dd5739", "payload_sha256": "9828b91fccecd014db27a7a1aa1200e62292be130220f0ac8bd892bc9d460617", "status": "RESULT", "task_id": "stocks:TASK-6334a329ee675494e1b6caa671020d8c"}, {"class": "TERMINAL_RESULT", "fact_id": "fact:b061ab8b6c924a438a78bd70167be0f0", "payload_sha256": "bce10cd1f7cc0058170779d6998f41bd7a469db4ee0eaf91a8db8f0f713ae7d1", "status": "RESULT", "task_id": "stocks:TASK-a4844706aa223d7b4ff0916894f71417"}], "memory": {"broken_at": null, "cube": "stocks", "facts": 2, "log": "shared across domains", "projection": "consistent", "status": "intact"}, "rejections": []}
--- stderr
--- end
{"n": 10, "label": "two tasks, two results", "at": "2026-09-30T00:37:58Z", "seconds": 0.12, "argv": ["/home/runner/work/_temp/work/rt/cain-venv/bin/cain", "research", "episodes", "--domain", "stocks", "--state", "/home/runner/work/_temp/work/failures/F10/cain-state"], "fault_env": {}, "exit": 0}
--- stdout
{"domain": "stocks", "episodes": [{"as_of": "2026-09-30T00:37:40Z", "decision": "ALLOW", "number": 1, "outbox": {"dispatches": 1, "retries_requested": 0, "status": "PUBLISHED", "task_id": "stocks:TASK-6334a329ee675494e1b6caa671020d8c"}, "proposal_id": "cain:FM-F10-1", "reason_code": "ALLOWED", "receipt_sha256": "dfbe154b6721c0ab23210056d363aed3e23225379b9018fbcb055a3a79f3b78a", "source": "operator", "task_id": "stocks:TASK-6334a329ee675494e1b6caa671020d8c"}, {"as_of": "2026-09-30T00:37:49Z", "decision": "ALLOW", "number": 2, "outbox": {"dispatches": 1, "retries_requested": 0, "status": "PUBLISHED", "task_id": "stocks:TASK-a4844706aa223d7b4ff0916894f71417"}, "proposal_id": "cain:FM-F10-2", "reason_code": "ALLOWED", "receipt_sha256": "764d3286515af5662d2aceac3447acbef4ca550a9d57b4f6ec4279c5aad01e67", "source": "operator", "task_id": "stocks:TASK-a4844706aa223d7b4ff0916894f71417"}], "inbox": [{"class": "TERMINAL_RESULT", "fact_id": "fact:0356172af2e2498ea1b5100fe0dd5739", "payload_sha256": "9828b91fccecd014db27a7a1aa1200e62292be130220f0ac8bd892bc9d460617", "status": "RESULT", "task_id": "stocks:TASK-6334a329ee675494e1b6caa671020d8c"}, {"class": "TERMINAL_RESULT", "fact_id": "fact:b061ab8b6c924a438a78bd70167be0f0", "payload_sha256": "bce10cd1f7cc0058170779d6998f41bd7a469db4ee0eaf91a8db8f0f713ae7d1", "status": "RESULT", "task_id": "stocks:TASK-a4844706aa223d7b4ff0916894f71417"}], "memory": {"broken_at": null, "cube": "stocks", "facts": 2, "log": "shared across domains", "projection": "consistent", "status": "intact"}, "rejections": []}
--- stderr
--- end
