# 2026-09-24T05:00:37Z install runtime Windows D-3 (uv pip, --require-hashes)
uv 0.12.18 (01cb90c1a 2026-09-22 x86_64-pc-windows-msvc)
Using CPython 3.13.14
Creating virtual environment at: C:/QUALIFICACAO/runtime/brasileirao/venv
Activate with: C:\QUALIFICACAO\runtime\brasileirao\venv\Scripts\activate
Using Python 3.13.14 environment at: C:\QUALIFICACAO\runtime\brasileirao\venv
Resolved 59 packages in 902ms
Installed 59 packages in 14.36s
 + annotated-types==0.8.0
 + attrs==26.1.0
 + beautifulsoup4==4.15.0
 + build==1.6.1
 + certifi==2026.7.22
 + cffi==2.1.1
 + cfgv==3.5.0
 + charset-normalizer==3.5.1
 + colorama==0.4.6
 + coverage==7.15.4
 + curl-cffi==0.16.3
 + distlib==0.4.3
 + filelock==3.32.4
 + hiredis==3.4.1
 + html5lib==1.1
 + identify==2.6.19
 + idna==3.19
 + iniconfig==2.3.0
 + jsonschema==4.26.0
 + jsonschema-specifications==2025.9.1
 + llvmlite==0.49.0
 + lxml==6.1.3
 + nodeenv==1.10.0
 + numba==0.67.0
 + numpy==2.5.3
 + packaging==26.3
 + pandas==3.0.6
 + platformdirs==4.11.4
 + pluggy==1.6.0
 + pre-commit==4.6.2
 + predictor-core==3.2.1 (from https://github.com/leonardosovienski/core-predictor/releases/download/v3.2.1/predictor_core-3.2.1-py3-none-any.whl)
 + predictor-ops==4.2.2rc1 (from https://github.com/leonardosovienski/predictor-ops/releases/download/v4.2.2rc1/predictor_ops-4.2.2rc1-py3-none-any.whl)
 + pycparser==3.0
 + pydantic==2.13.5
 + pydantic-core==2.46.5
 + pydantic-settings==2.15.0
 + pygments==2.21.0
 + pyproject-hooks==1.2.0
 + pyright==1.1.414
 + pytest==9.1.1
 + python-dateutil==2.9.0.post0
 + python-discovery==1.5.3
 + python-dotenv==1.2.3
 + pyyaml==6.0.3
 + redis==8.1.0
 + referencing==0.37.0
 + requests==2.34.2
 + rpds-py==2026.6.3
 + ruff==0.16.8
 + scipy==1.18.1
 + six==1.17.0
 + soupsieve==2.9.2
 + truststore==0.10.4
 + typing-extensions==4.16.0
 + typing-inspection==0.4.4
 + tzdata==2026.3
 + urllib3==2.7.0
 + virtualenv==21.7.5
 + webencodings==0.6.1
deps exit=0
brasileirao_predictor-0.3.0rc1-py3-none-any.whl: OK
Using Python 3.13.14 environment at: C:\QUALIFICACAO\runtime\brasileirao\venv
Resolved 1 package in 19ms
Prepared 1 package in 733ms
Installed 1 package in 316ms
 + brasileirao-predictor==0.3.0rc1 (from file:///C:/QUALIFICACAO/runtime/brasileirao/brasileirao_predictor-0.3.0rc1-py3-none-any.whl)
wheel exit=0
Using Python 3.13.14 environment at: C:\QUALIFICACAO\runtime\brasileirao\venv
Checked 60 packages in 12ms
All installed packages are compatible
check exit=0
Using Python 3.13.14 environment at: C:\QUALIFICACAO\runtime\brasileirao\venv
annotated-types==0.8.0
attrs==26.1.0
beautifulsoup4==4.15.0
brasileirao-predictor @ file:///C:/QUALIFICACAO/runtime/brasileirao/brasileirao_predictor-0.3.0rc1-py3-none-any.whl
build==1.6.1
certifi==2026.7.22
cffi==2.1.1
cfgv==3.5.0
charset-normalizer==3.5.1
colorama==0.4.6
coverage==7.15.4
curl-cffi==0.16.3
distlib==0.4.3
filelock==3.32.4
hiredis==3.4.1
html5lib==1.1
identify==2.6.19
idna==3.19
iniconfig==2.3.0
jsonschema==4.26.0
jsonschema-specifications==2025.9.1
llvmlite==0.49.0
lxml==6.1.3
nodeenv==1.10.0
numba==0.67.0
numpy==2.5.3
packaging==26.3
pandas==3.0.6
platformdirs==4.11.4
pluggy==1.6.0
pre-commit==4.6.2
predictor-core @ https://github.com/leonardosovienski/core-predictor/releases/download/v3.2.1/predictor_core-3.2.1-py3-none-any.whl
predictor-ops @ https://github.com/leonardosovienski/predictor-ops/releases/download/v4.2.2rc1/predictor_ops-4.2.2rc1-py3-none-any.whl
pycparser==3.0
pydantic==2.13.5
pydantic-core==2.46.5
pydantic-settings==2.15.0
pygments==2.21.0
pyproject-hooks==1.2.0
pyright==1.1.414
pytest==9.1.1
python-dateutil==2.9.0.post0
python-discovery==1.5.3
python-dotenv==1.2.3
pyyaml==6.0.3
redis==8.1.0
referencing==0.37.0
requests==2.34.2
rpds-py==2026.6.3
ruff==0.16.8
scipy==1.18.1
six==1.17.0
soupsieve==2.9.2
truststore==0.10.4
typing-extensions==4.16.0
typing-inspection==0.4.4
tzdata==2026.3
urllib3==2.7.0
virtualenv==21.7.5
webencodings==0.6.1
