{"effective_proposal": "/home/runner/work/_temp/work/failures/F05/proposals/1.json", "template": "fixtures/proposals/e2e/01-allow.json", "sha256": "304cf41090aca37d16c354e8dec94f6c4881dc6b5ec00c4a6cbccc9abf6346bf"}
{"n": 1, "label": "propose 1", "at": "2026-09-28T01:32:13Z", "seconds": 0.145, "argv": ["/home/runner/work/_temp/work/rt/cain-venv/bin/cain", "research", "propose", "--domain", "stocks", "--state", "/home/runner/work/_temp/work/failures/F05/cain-state", "--proposal", "/home/runner/work/_temp/work/failures/F05/proposals/1.json", "--as-of", "2026-09-28T01:32:13Z"], "fault_env": {"CAIN_ORCHESTRATION_FAULT": "after_decision_before_episode_commit"}, "exit": 86}
--- stdout
--- stderr
--- end
{"n": 2, "label": "episodes after death", "at": "2026-09-28T01:32:13Z", "seconds": 0.148, "argv": ["/home/runner/work/_temp/work/rt/cain-venv/bin/cain", "research", "episodes", "--domain", "stocks", "--state", "/home/runner/work/_temp/work/failures/F05/cain-state"], "fault_env": {}, "exit": 0}
--- stdout
{"domain": "stocks", "episodes": [], "inbox": [], "memory": {"broken_at": null, "entries": 0, "head": "cain-memory-log/1", "head_recorded_at": null, "projection": "consistent", "status": "intact"}, "rejections": []}
--- stderr
--- end
{"effective_proposal": "/home/runner/work/_temp/work/failures/F05/proposals/1.json", "template": "fixtures/proposals/e2e/01-allow.json", "sha256": "304cf41090aca37d16c354e8dec94f6c4881dc6b5ec00c4a6cbccc9abf6346bf"}
{"n": 3, "label": "propose 1", "at": "2026-09-28T01:32:14Z", "seconds": 0.148, "argv": ["/home/runner/work/_temp/work/rt/cain-venv/bin/cain", "research", "propose", "--domain", "stocks", "--state", "/home/runner/work/_temp/work/failures/F05/cain-state", "--proposal", "/home/runner/work/_temp/work/failures/F05/proposals/1.json", "--as-of", "2026-09-28T01:32:13Z"], "fault_env": {}, "exit": 0}
--- stdout
{"decision": "ALLOW", "episode_id": "stocks:episode-1", "reason_code": "ALLOWED", "receipt_sha256": "a94679fe78cab9f341b2d30a84c6304b294db5838e71bd1d860d8297c00533ef", "rule": "R14", "status": "RECORDED", "task": {"payload_sha256": "bd8b1da5365da81074b9b272659f2b944e0a7502d6f3139fb9a9b82d3e3ff6a9", "previous_task_id": null, "task_id": "stocks:TASK-8d38ce0e798a7844d742f7644d9eecb6"}}
--- stderr
--- end
{"n": 4, "label": "dispatch", "at": "2026-09-28T01:32:14Z", "seconds": 0.144, "argv": ["/home/runner/work/_temp/work/rt/cain-venv/bin/cain", "research", "dispatch", "--domain", "stocks", "--state", "/home/runner/work/_temp/work/failures/F05/cain-state", "--spool", "/home/runner/work/_temp/work/failures/F05/spool"], "fault_env": {}, "exit": 0}
--- stdout
{"action": "dispatched", "file": "stocks/tasks/TASK-8d38ce0e798a7844d742f7644d9eecb6.json", "spool": "WRITTEN", "task_id": "stocks:TASK-8d38ce0e798a7844d742f7644d9eecb6"}
--- stderr
--- end
{"n": 5, "label": "consumer", "at": "2026-09-28T01:32:25Z", "seconds": 10.78, "argv": ["/home/runner/work/_temp/work/rt/consumer-venv/bin/predictor-research-consumer", "--domain", "stocks", "--spool", "/home/runner/work/_temp/work/failures/F05/spool", "--ledger", "/home/runner/work/_temp/work/failures/F05/consumer/ledger.sqlite", "--state", "/home/runner/work/_temp/work/failures/F05/domain-state", "--policy", "/home/runner/work/_temp/work/rt/op/policy.json", "--objects", "/home/runner/work/_temp/work/rt/op/objects"], "fault_env": {}, "exit": 0}
--- stdout
{"action": "delivered", "attempt": 1, "class": "TERMINAL_RESULT", "episode_id": "stocks:episode-1", "result_file": "stocks/results/TASK-8d38ce0e798a7844d742f7644d9eecb6.3a8348f37cac950a.json", "result_write": "WRITTEN", "status": "RESULT", "task_id": "stocks:TASK-8d38ce0e798a7844d742f7644d9eecb6"}
--- stderr
{"duration_ms": 10442, "event": "job_finished", "job_id": "stocks-research-60ea63a2a15192c78f91e73f", "level": "INFO", "run_id": "4a84ec9220414d32940a33e6c7eb5cca", "run_status": "SUCCEEDED", "service": "predictor_ops", "timestamp": "2026-09-28T01:32:25.055310Z"}
--- end
{"n": 6, "label": "ingest", "at": "2026-09-28T01:32:25Z", "seconds": 0.156, "argv": ["/home/runner/work/_temp/work/rt/cain-venv/bin/cain", "research", "ingest", "--domain", "stocks", "--state", "/home/runner/work/_temp/work/failures/F05/cain-state", "--spool", "/home/runner/work/_temp/work/failures/F05/spool"], "fault_env": {}, "exit": 0}
--- stdout
{"action": "ingested", "class": "TERMINAL_RESULT", "fact": "fact:89567e6206ef411ea98177075750982a", "file": "TASK-8d38ce0e798a7844d742f7644d9eecb6.3a8348f37cac950a.json", "status": "RESULT", "task_id": "stocks:TASK-8d38ce0e798a7844d742f7644d9eecb6"}
--- stderr
--- end
{"n": 7, "label": "one episode, one task", "at": "2026-09-28T01:32:25Z", "seconds": 0.144, "argv": ["/home/runner/work/_temp/work/rt/cain-venv/bin/cain", "research", "episodes", "--domain", "stocks", "--state", "/home/runner/work/_temp/work/failures/F05/cain-state"], "fault_env": {}, "exit": 0}
--- stdout
{"domain": "stocks", "episodes": [{"as_of": "2026-09-28T01:32:13Z", "decision": "ALLOW", "number": 1, "outbox": {"dispatches": 1, "retries_requested": 0, "status": "PUBLISHED", "task_id": "stocks:TASK-8d38ce0e798a7844d742f7644d9eecb6"}, "proposal_id": "cain:FM-F05-1", "reason_code": "ALLOWED", "receipt_sha256": "a94679fe78cab9f341b2d30a84c6304b294db5838e71bd1d860d8297c00533ef", "source": "operator", "task_id": "stocks:TASK-8d38ce0e798a7844d742f7644d9eecb6"}], "inbox": [{"class": "TERMINAL_RESULT", "fact_id": "fact:89567e6206ef411ea98177075750982a", "payload_sha256": "2a5ece8d7d54f4d5a6de1abdb8015c4475da2a4857e374fef893920319ff87ff", "status": "RESULT", "task_id": "stocks:TASK-8d38ce0e798a7844d742f7644d9eecb6"}], "memory": {"broken_at": null, "entries": 1, "head": "0945537c0712b67e2b5f552f7db6af6708c9b4122721e017a0cdb363b2917ec2", "head_recorded_at": "2026-09-28T01:32:25.254272Z", "projection": "consistent", "status": "intact"}, "rejections": []}
--- stderr
--- end
