[?2026h[?25l[1Gpulling manifest ⠋ [K[?25h[?2026l[?2026h[?25l[1Gpulling manifest ⠹ [K[?25h[?2026l[?2026h[?25l[1Gpulling manifest ⠹ [K[?25h[?2026l[?2026h[?25l[1Gpulling manifest ⠸ [K[?25h[?2026l[?2026h[?25l[1Gpulling manifest ⠼ [K[?25h[?2026l[?2026h[?25l[1Gpulling manifest [K
pulling c5396e06af29:   4% ▕                  ▏  15 MB/397 MB                  [K[?25h[?2026l[?2026h[?25l[A[1Gpulling manifest [K
pulling c5396e06af29:  14% ▕██                ▏  53 MB/397 MB                  [K[?25h[?2026l[?2026h[?25l[A[1Gpulling manifest [K
pulling c5396e06af29:  18% ▕███               ▏  70 MB/397 MB                  [K[?25h[?2026l[?2026h[?25l[A[1Gpulling manifest [K
pulling c5396e06af29:  24% ▕████              ▏  95 MB/397 MB                  [K[?25h[?2026l[?2026h[?25l[A[1Gpulling manifest [K
pulling c5396e06af29:  31% ▕█████             ▏ 122 MB/397 MB                  [K[?25h[?2026l[?2026h[?25l[A[1Gpulling manifest [K
pulling c5396e06af29:  35% ▕██████            ▏ 139 MB/397 MB                  [K[?25h[?2026l[?2026h[?25l[A[1Gpulling manifest [K
pulling c5396e06af29:  44% ▕███████           ▏ 174 MB/397 MB                  [K[?25h[?2026l[?2026h[?25l[A[1Gpulling manifest [K
pulling c5396e06af29:  48% ▕████████          ▏ 189 MB/397 MB                  [K[?25h[?2026l[?2026h[?25l[A[1Gpulling manifest [K
pulling c5396e06af29:  51% ▕█████████         ▏ 204 MB/397 MB                  [K[?25h[?2026l[?2026h[?25l[A[1Gpulling manifest [K
pulling c5396e06af29:  60% ▕██████████        ▏ 237 MB/397 MB                  [K[?25h[?2026l[?2026h[?25l[A[1Gpulling manifest [K
pulling c5396e06af29:  64% ▕███████████       ▏ 256 MB/397 MB  241 MB/s      0s[K[?25h[?2026l[?2026h[?25l[A[1Gpulling manifest [K
pulling c5396e06af29:  70% ▕████████████      ▏ 276 MB/397 MB  241 MB/s      0s[K[?25h[?2026l[?2026h[?25l[A[1Gpulling manifest [K
pulling c5396e06af29:  77% ▕█████████████     ▏ 304 MB/397 MB  241 MB/s      0s[K[?25h[?2026l[?2026h[?25l[A[1Gpulling manifest [K
pulling c5396e06af29:  85% ▕███████████████   ▏ 338 MB/397 MB  241 MB/s      0s[K[?25h[?2026l[?2026h[?25l[A[1Gpulling manifest [K
pulling c5396e06af29:  88% ▕███████████████   ▏ 348 MB/397 MB  241 MB/s      0s[K[?25h[?2026l[?2026h[?25l[A[1Gpulling manifest [K
pulling c5396e06af29:  93% ▕████████████████  ▏ 370 MB/397 MB  241 MB/s      0s[K[?25h[?2026l[?2026h[?25l[A[1Gpulling manifest [K
pulling c5396e06af29:  96% ▕█████████████████ ▏ 380 MB/397 MB  241 MB/s      0s[K[?25h[?2026l[?2026h[?25l[A[1Gpulling manifest [K
pulling c5396e06af29:  97% ▕█████████████████ ▏ 384 MB/397 MB  241 MB/s      0s[K[?25h[?2026l[?2026h[?25l[A[1Gpulling manifest [K
pulling c5396e06af29:  99% ▕█████████████████ ▏ 391 MB/397 MB  241 MB/s      0s[K[?25h[?2026l[?2026h[?25l[A[1Gpulling manifest [K
pulling c5396e06af29: 100% ▕█████████████████ ▏ 396 MB/397 MB  241 MB/s      0s[K[?25h[?2026l[?2026h[?25l[A[1Gpulling manifest [K
pulling c5396e06af29: 100% ▕█████████████████ ▏ 396 MB/397 MB  241 MB/s      0s[K[?25h[?2026l[?2026h[?25l[A[1Gpulling manifest [K
pulling c5396e06af29: 100% ▕█████████████████ ▏ 396 MB/397 MB  241 MB/s      0s[K[?25h[?2026l[?2026h[?25l[A[1Gpulling manifest [K
pulling c5396e06af29: 100% ▕█████████████████ ▏ 396 MB/397 MB  241 MB/s      0s[K[?25h[?2026l[?2026h[?25l[A[1Gpulling manifest [K
pulling c5396e06af29: 100% ▕█████████████████ ▏ 396 MB/397 MB  241 MB/s      0s[K[?25h[?2026l[?2026h[?25l[A[1Gpulling manifest [K
pulling c5396e06af29: 100% ▕█████████████████ ▏ 396 MB/397 MB  241 MB/s      0s[K[?25h[?2026l[?2026h[?25l[A[1Gpulling manifest [K
pulling c5396e06af29: 100% ▕█████████████████ ▏ 396 MB/397 MB  241 MB/s      0s[K[?25h[?2026l[?2026h[?25l[A[1Gpulling manifest [K
pulling c5396e06af29: 100% ▕█████████████████ ▏ 396 MB/397 MB  241 MB/s      0s[K[?25h[?2026l[?2026h[?25l[A[1Gpulling manifest [K
pulling c5396e06af29: 100% ▕█████████████████ ▏ 396 MB/397 MB  241 MB/s      0s[K
verifying sha256 digest ⠋ [K[?25h[?2026l[?2026h[?25l[A[A[1Gpulling manifest [K
pulling c5396e06af29: 100% ▕█████████████████ ▏ 396 MB/397 MB  241 MB/s      0s[K
verifying sha256 digest ⠙ [K[?25h[?2026l[?2026h[?25l[A[A[1Gpulling manifest [K
pulling c5396e06af29: 100% ▕█████████████████ ▏ 396 MB/397 MB  241 MB/s      0s[K
verifying sha256 digest ⠹ [K[?25h[?2026l[?2026h[?25l[A[A[1Gpulling manifest [K
pulling c5396e06af29: 100% ▕█████████████████ ▏ 396 MB/397 MB  241 MB/s      0s[K
verifying sha256 digest [K
writing manifest [K
success [K[?25h[?2026l
