usage: cripto-research [-h] --state STATE
                       {process,run,show,reconcile,backup,restore,put-object} ...

`cripto-research`: composition root of the crypto research circuit (file
requests).

positional arguments:
  {process,run,show,reconcile,backup,restore,put-object}

options:
  -h, --help            show this help message and exit
  --state STATE

{
 "script": "cripto-research",
 "argv": [
  "--help"
 ],
 "exit": 0,
 "origins": {
  "predictor_core": "C:\\Cripto\\qualificacao\\runtime\\f0923T2201\\v\\Lib\\site-packages\\predictor_core\\__init__.py",
  "predictor_ops": "C:\\Cripto\\qualificacao\\runtime\\f0923T2201\\v\\Lib\\site-packages\\predictor_ops\\__init__.py",
  "GarimpoInvestimentos": "C:\\Cripto\\qualificacao\\runtime\\f0923T2201\\v\\Lib\\site-packages\\GarimpoInvestimentos\\__init__.py"
 },
 "research_components_loaded": [
  "GarimpoInvestimentos.research_admission",
  "GarimpoInvestimentos.research_contract",
  "GarimpoInvestimentos.research_execution",
  "GarimpoInvestimentos.research_faults",
  "GarimpoInvestimentos.research_results",
  "GarimpoInvestimentos.research_runner"
 ],
 "modules": [
  "GarimpoInvestimentos",
  "GarimpoInvestimentos.durable_io",
  "GarimpoInvestimentos.research_admission",
  "GarimpoInvestimentos.research_contract",
  "GarimpoInvestimentos.research_execution",
  "GarimpoInvestimentos.research_faults",
  "GarimpoInvestimentos.research_results",
  "GarimpoInvestimentos.research_runner",
  "predictor_core",
  "predictor_core.contracts",
  "predictor_core.contracts.trial_v2",
  "predictor_ops",
  "predictor_ops.models",
  "predictor_ops.observability",
  "predictor_ops.operations",
  "predictor_ops.provenance",
  "predictor_ops.redaction",
  "predictor_ops.runner",
  "predictor_ops.runtime"
 ]
}
