Using CPython 3.13.14
Creating virtual environment at: .venv
Resolved 24 packages in 503ms
   Building stocks-predictor @ file:///home/runner/work/_temp/src
Downloading pygments (1.2MiB)
Downloading pydantic-core (2.0MiB)
Downloading pyright (5.9MiB)
Downloading ruff (9.8MiB)
 Downloaded pydantic-core
 Downloaded ruff
 Downloaded pygments
      Built stocks-predictor @ file:///home/runner/work/_temp/src
 Downloaded pyright
Prepared 21 packages in 1.01s
Installed 23 packages in 118ms
 + annotated-types==0.8.0
 + build==1.6.0
 + coverage==7.16.0
 + iniconfig==2.3.0
 + nodeenv==1.10.0
 + packaging==26.3
 + pluggy==1.6.0
 + predictor-core==3.2.1 (from https://github.com/leonardosovienski/core-predictor/releases/download/v3.2.1/predictor_core-3.2.1-py3-none-any.whl)
 + predictor-ops==4.2.2rc1 (from https://github.com/leonardosovienski/predictor-ops/releases/download/v4.2.2rc1/predictor_ops-4.2.2rc1-py3-none-any.whl)
 + pydantic==2.13.5
 + pydantic-core==2.46.5
 + pydantic-settings==2.15.0
 + pygments==2.21.0
 + pyproject-hooks==1.2.0
 + pyright==1.1.411
 + pytest==9.1.1
 + python-dotenv==1.2.3
 + pyyaml==6.0.3
 + ruff==0.16.5
 + stocks-predictor==0.3.0rc2 (from file:///home/runner/work/_temp/src)
 + typing-extensions==4.16.0
 + typing-inspection==0.4.4
 + tzdata==2026.4
