run_at 2026-09-27T21:22:04Z
host DESKTOP-EJPA2MT (PC 2, WSL 6.18.33.2-microsoft-standard-WSL2)
ref origin/main 0276b9130a07c589f57009bdc9f035c0c2054777
python Python 3.13.15 /home/superleo13/predictors/tools/python/cpython-3.13.15-linux-x86_64-gnu/bin/python3.13
CHECK 4.1/C0.1-core-sha256 OK beaa5feed193356f554922439936ad401c8f177bfd18d8864ca329fae94216fc
--- sha256sum -c MANIFEST.sha256 (snapshot git archive)
qualification/COMMON_QUALIFICATION_CORE.md: OK
qualification/ATTESTATION_SCHEMA.json: OK
prompts/baseline_comum_rev8.md: OK
prompts/fase0_higiene_rev8.md: OK
prompts/prompt_etapa_a_brasileirao_rev8.md: OK
prompts/prompt_etapa_a_cripto_rev8.md: OK
prompts/prompt_etapa_a_stocks_rev8.md: OK
prompts/prompt_etapa_b_integracao_rev8.md: OK
prompts/prompt_preparacao_envelope_v2_rev8.md: OK
prompts/prompt_etapa_b_comum_rev9.md: OK
prompts/prompt_etapa_b_crypto_rev9.md: OK
prompts/prompt_etapa_b_stocks_rev9.md: OK
prompts/prompt_etapa_b_brasileirao_rev9.md: OK
CHECK 4.3/C0.2-manifest OK exit=0 linhas=13
--- cripto-predictor (clone /home/superleo13/predictors/repos/cripto-predictor, só leitura)
CHECK 4.6c/tag-v1.2.0rc2 OK local=341d270e4d709150c581c3cd93f4518d483009eb remoto=341d270e4d709150c581c3cd93f4518d483009eb
CHECK 4.6d/tree-igual OK 341d270e4d709150c581c3cd93f4518d483009eb=22dd6a860939424393bd232ad1c59ff18442cb85 174573df4884b5455f9b38ecc933bf48c67ff4df=22dd6a860939424393bd232ad1c59ff18442cb85
INFO 5.1/main be116eb4343bf4b01b42094ebe49fa59c27290a6 base_ancestral_do_main=nao squash_ancestral_do_main=sim
INFO 5.1/commits_squash..main 7
INFO 5.1/commit be116eb4343bf4b01b42094ebe49fa59c27290a6 revisão completa: evidências que faltavam, ferramentas do Prompt 4 integradas e prompts do cripto revisados (#134)
INFO 5.1/commit 220e312f4158e5837f22230b2d0a43642740fed9 research(cripto): Prompt 4 — reavaliação sem reabrir busca; nenhum status muda, 0 variantes, holdout futuro selado (#133)
INFO 5.1/commit cd9c3e675eaafea5a3ef1131087b25e564341811 governance(policy): dono aprova a política de decisão v1 como proposta (APPROVED, vigência 2026-09-25T15:56:09Z) (#132)
INFO 5.1/commit 9562cec00d3564c2a016fbd4b4bfbe365e4676c1 feat(research): Prompt 3c — Chronos zero-shot pré-registrado; resultado negativo (CANDIDATE_WORSE), NO_DECISION (#131)
INFO 5.1/commit 2ce361d22ebeab1ad8fbf3b8776d43fff0356683 feat(research): CPCV com purga e embargo, PSR/DSR/PBO e política de decisão versionada (Prompt 3b) (#130)
INFO 5.1/commit 46ff7d254b8951b8772150d10001ded61487ff03 fix(v3): anota o contador de baselines inobserváveis como dict[str, int] (pyright do CI) (#129)
INFO 5.1/commit 652cc63f8dd8915162cbf6f1bd6a96a08ee98d1f research(cripto): Prompts 1–3a — gate de segredos, auditoria, baselines/custos/walk-forward/manifesto [NÃO MERGEAR] (#128)
INFO 5.1/arquivos_em_adapters_mudados 0
INFO 5.1/arquivos_mudados_total 66
INFO 5.1/topo       1 .gitignore
INFO 5.1/topo      15 GarimpoInvestimentos
INFO 5.1/topo      45 docs
INFO 5.1/topo       1 pyproject.toml
INFO 5.1/topo       4 tests
INFO 5.1/pyproject_version_main version = "1.2.0rc2"
INFO 5.1/pyproject_version_base version = "1.2.0rc2"
--- ecosystem-predictor (clone /home/superleo13/predictors/repos/ecosystem-predictor, só leitura)
INFO 4.7/tag-protocol-v2.0.0rc2 49ffb16380d2e91eb7e4a2a936e63ba779c29033
CHECK 4.2/D-16 OK APPROVED
CHECK 4.2/D-22 OK APPROVED
INFO 4.2/D-23 presente=False
CHECK 4.4/ENVELOPE_V2_FREEZE.json OK 1ff635d39bd5b5a8f53bdbff13b542729b6747703b5a6955f529953515344c1f
CHECK 4.4/STACK_BASELINE_V2.0.json OK 293820ee6544876725f9bfe34bcabec45d5377360cfebd77b792719cd19038da
CHECK 4.5/C0.3-DECISIONS OK no ref
CHECK 4.5/C0.3-HYGIENE OK 13/13 DONE; pendentes=[]
CHECK 4.5/C0.3-baseline-comum OK STACK_BASELINE_V1.json
CHECK 4.5/etapaA-crypto OK result=QUALIFIED sha256=2b1491a03a6b757071d184128ebb13cc30eaaa0cb301427373ea7d4f678da406
CHECK 4.5/contrato-crypto OK prefixo=crypto sha256=0831fe3db2b7ca41a26ff7665f93c07b0edda3c937ac4ce83fe0e96720a9eb55
CHECK 4.5/etapaA-brasileirao OK result=QUALIFIED sha256=a4fa2fee25b65c39888d90cd947fc36ba63076eae536e5b676052470ed7521e4
CHECK 4.5/contrato-brasileirao OK prefixo=brasileirao sha256=1c75fc4507df8d48f1278e3c9475c627e8fce7cf25483395fe760e480cc752ec
CHECK 4.5/etapaA-stocks OK result=QUALIFIED sha256=e0f2e28ddd0c1887faaba3f409dacc3c49de9854eed38ba286ed3cc501f99c2e
CHECK 4.5/contrato-stocks OK prefixo=stocks sha256=76fa8227dd83eb9a9e74697caa73e4d61c68d207f1df5f94135c76508192d66c
INFO 4.5/SHARED-003 dep=predictor-ops wheel=da4fa5407038 status=VERDICT_ISSUED classificacao=test_only blocking=False afeta_wheel_usada=False
INFO 4.5/SHARED-004 dep=predictor-ops wheel=da4fa5407038 status=VERDICT_ISSUED classificacao=test_only blocking=False afeta_wheel_usada=False
INFO 4.5/SHARED-005 dep=predictor-ops wheel=da4fa5407038 status=RESOLVED_IN_4.2.2rc1 classificacao=flaky blocking=True afeta_wheel_usada=False
CHECK 4.5/SHARED_ISSUES-wheels-usadas OK bloqueantes=[] wheels_usadas=['0be70bfbb243', '10ef42f34ace', '6e62f67f0779']
INFO 4.5/diretorios-integration ['integration', 'integration-brasileirao']
CHECK 4.5/missao-sem-integracao-anterior OK attestations=[] parciais=[] integration-crypto_existe=False
CHECK 4.6a/runtime_target OK commit=341d270e4d709150c581c3cd93f4518d483009eb version=1.2.0rc2 wheel=6e62f67f0779aef7e913d34b4d3d3d6ed5f88ad882e8fa8372f54c4ab59bc8ee
CHECK 4.6b/STACK_BASELINE_V2.0 OK base=341d270e4d709150c581c3cd93f4518d483009eb wheel=['6e62f67f0779aef7e913d34b4d3d3d6ed5f88ad882e8fa8372f54c4ab59bc8ee'] versao=['1.2.0rc2']
CHECK 4.6c/asset-wheel OK baixado=6e62f67f0779aef7e913d34b4d3d3d6ed5f88ad882e8fa8372f54c4ab59bc8ee digest_api=6e62f67f0779aef7e913d34b4d3d3d6ed5f88ad882e8fa8372f54c4ab59bc8ee prerelease=True tag=341d270e4d709150c581c3cd93f4518d483009eb
CHECK 4.7/protocolo-V2 OK versao=2.0.0rc2 url=https://github.com/leonardosovienski/ecosystem-predictor/releases/download/predictor-research-protocol-v2.0.0rc2/predictor_research_protocol-2.0.0rc2-py3-none-any.whl baixado=34a1e4121e4085b901e3bd96552e2f5b4067c5e6af5e99dc1c26d6276fc7c820 esperado=34a1e4121e4085b901e3bd96552e2f5b4067c5e6af5e99dc1c26d6276fc7c820 digest_api=34a1e4121e4085b901e3bd96552e2f5b4067c5e6af5e99dc1c26d6276fc7c820 prerelease=True tag_commit=49ffb16380d2e91eb7e4a2a936e63ba779c29033
CHECK 4.7/freeze-aponta-baseline OK 293820ee6544876725f9bfe34bcabec45d5377360cfebd77b792719cd19038da
CHECK 4.7/freeze-contrato-crypto OK 0831fe3db2b7ca41a26ff7665f93c07b0edda3c937ac4ce83fe0e96720a9eb55
RESUMO checks=21 ok=21 falhas=[]
