{"n": 1, "label": "propose 1", "at": "2026-10-07T23:40:13Z", "seconds": 0.109, "argv": ["/home/runner/work/_temp/work/rt/cain-venv/bin/cain", "research", "propose", "--domain", "crypto", "--state", "/home/runner/work/_temp/work/failures/F06/cain-state", "--proposal", "/home/runner/work/_temp/work/failures/F06/proposals/1.json", "--as-of", "2026-10-07T23:40:13Z"], "fault_env": {}, "exit": 0}
--- stdout
{"decision": "ALLOW", "episode_id": "crypto:episode-1", "reason_code": "ALLOWED", "receipt_sha256": "d4546433fb12147ab89357651966ce8f994c2d05e0351d538a20a2380035bb24", "rule": "R14", "status": "RECORDED", "task": {"payload_sha256": "2f51590afc06135ee5862fd7ec0b61a299b2128cef40933dab31fba9a1abfcb9", "previous_task_id": null, "task_id": "crypto:TASK-3db86389a064ed50b5cf275e552e2f74"}}
--- stderr
--- end
{"n": 2, "label": "dispatch", "at": "2026-10-07T23:40:13Z", "seconds": 0.103, "argv": ["/home/runner/work/_temp/work/rt/cain-venv/bin/cain", "research", "dispatch", "--domain", "crypto", "--state", "/home/runner/work/_temp/work/failures/F06/cain-state", "--spool", "/home/runner/work/_temp/work/failures/F06/spool"], "fault_env": {}, "exit": 0}
--- stdout
{"action": "dispatched", "file": "crypto/tasks/TASK-3db86389a064ed50b5cf275e552e2f74.json", "spool": "WRITTEN", "task_id": "crypto:TASK-3db86389a064ed50b5cf275e552e2f74"}
--- stderr
--- end
{"n": 3, "label": "consumer while CAIN is stopped", "at": "2026-10-07T23:40:14Z", "seconds": 0.39, "argv": ["/home/runner/work/_temp/work/rt/consumer-venv/bin/predictor-research-consumer", "--domain", "crypto", "--spool", "/home/runner/work/_temp/work/failures/F06/spool", "--ledger", "/home/runner/work/_temp/work/failures/F06/consumer/ledger.sqlite", "--state", "/home/runner/work/_temp/work/failures/F06/domain-state", "--policy", "/home/runner/work/_temp/work/rt/op/policy.json", "--objects", "/home/runner/work/_temp/work/rt/op/objects"], "fault_env": {}, "exit": 0}
--- stdout
{"action": "delivered", "attempt": 1, "class": "TERMINAL_RESULT", "episode_id": "crypto:episode-1", "result_file": "crypto/results/TASK-3db86389a064ed50b5cf275e552e2f74.0847b3c45980d121.json", "result_write": "WRITTEN", "status": "RESULT", "task_id": "crypto:TASK-3db86389a064ed50b5cf275e552e2f74"}
--- stderr
{"duration_ms": 206, "event": "job_finished", "job_id": "crypto-research-de47966dd0587f245bf6911e", "level": "INFO", "run_id": "d94a53ff72d54eaabbb702b83994c9f6", "run_status": "SUCCEEDED", "service": "predictor_ops", "timestamp": "2026-10-07T23:40:14.287073Z"}
--- end
{"n": 4, "label": "CAIN back: ingest", "at": "2026-10-07T23:40:14Z", "seconds": 0.091, "argv": ["/home/runner/work/_temp/work/rt/cain-venv/bin/cain", "research", "ingest", "--domain", "crypto", "--state", "/home/runner/work/_temp/work/failures/F06/cain-state", "--spool", "/home/runner/work/_temp/work/failures/F06/spool"], "fault_env": {}, "exit": 0}
--- stdout
{"action": "ingested", "class": "TERMINAL_RESULT", "fact": "fact:a5234a85651a4908bedc6ceaeeaa9baa", "file": "TASK-3db86389a064ed50b5cf275e552e2f74.0847b3c45980d121.json", "status": "RESULT", "task_id": "crypto:TASK-3db86389a064ed50b5cf275e552e2f74"}
--- stderr
--- end
{"n": 5, "label": "nothing lost", "at": "2026-10-07T23:40:14Z", "seconds": 0.088, "argv": ["/home/runner/work/_temp/work/rt/cain-venv/bin/cain", "research", "episodes", "--domain", "crypto", "--state", "/home/runner/work/_temp/work/failures/F06/cain-state"], "fault_env": {}, "exit": 0}
--- stdout
{"domain": "crypto", "episodes": [{"as_of": "2026-10-07T23:40:13Z", "decision": "ALLOW", "number": 1, "outbox": {"dispatches": 1, "retries_requested": 0, "status": "PUBLISHED", "task_id": "crypto:TASK-3db86389a064ed50b5cf275e552e2f74"}, "proposal_id": "cain:FM-F06-1", "reason_code": "ALLOWED", "receipt_sha256": "d4546433fb12147ab89357651966ce8f994c2d05e0351d538a20a2380035bb24", "source": "operator", "task_id": "crypto:TASK-3db86389a064ed50b5cf275e552e2f74"}], "inbox": [{"class": "TERMINAL_RESULT", "fact_id": "fact:a5234a85651a4908bedc6ceaeeaa9baa", "payload_sha256": "192d77ab5bbf43987d8f8f3362101f64ba71d670a0601e7a29c6fcf7f7526fad", "status": "RESULT", "task_id": "crypto:TASK-3db86389a064ed50b5cf275e552e2f74"}], "memory": {"broken_at": null, "cube": "crypto", "facts": 1, "log": "shared across domains", "projection": "consistent", "status": "intact"}, "rejections": []}
--- stderr
--- end
