runtime_env run_at=2026-09-28T18:03:12Z host=DESKTOP-EJPA2MT where= os=linux uname=Linux 6.18.33.2-microsoft-standard-WSL2 x86_64
python=Python 3.13.15 uv=uv 0.12.18 (x86_64-unknown-linux-gnu) integrated=1 evidence_commit=8ace5f8c84014ebb5c6b1380cabb5ac9b6173b7a
cain 960fb25614709bd95ce607c8dfb80892d901d883
/home/superleo13/predictors/runtime/integration-stocks/race-c4/rt/cain_research-0.4.13rc13-py3-none-any.whl: OK
/home/superleo13/predictors/runtime/integration-stocks/race-c4/rt/cain_research-0.4.13rc13-py3-none-any.whl: OK
No broken requirements found.
stocks-predictor 6f857b232eaa63f3fccda6a16f92dbfc8983ab3b
/home/superleo13/predictors/runtime/integration-stocks/race-c4/rt/stocks_predictor-0.3.0rc3-py3-none-any.whl: OK
/home/superleo13/predictors/runtime/integration-stocks/race-c4/rt/stocks_predictor-0.3.0rc3-py3-none-any.whl: OK
/home/superleo13/predictors/runtime/integration-stocks/race-c4/rt/predictor_research_transport-0.1.0rc6-py3-none-any.whl: OK
/home/superleo13/predictors/runtime/integration-stocks/race-c4/rt/predictor_research_transport-0.1.0rc6-py3-none-any.whl: OK
/home/superleo13/predictors/runtime/integration-stocks/race-c4/rt/predictor_research_protocol-2.0.0rc2-py3-none-any.whl: OK
/home/superleo13/predictors/runtime/integration-stocks/race-c4/rt/predictor_research_protocol-2.0.0rc2-py3-none-any.whl: OK
No broken requirements found.
stocks 0.3.0rc3 /home/superleo13/predictors/runtime/integration-stocks/race-c4/rt/consumer-venv/lib/python3.13/site-packages/stocks_predictor/__init__.py
transport 0.1.0rc6 ['brasileirao', 'crypto', 'stocks']
adapter {'distribution': 'stocks-predictor', 'version': '0.3.0rc3', 'module': 'stocks_predictor.adapters.research_v2'}
cripto-predictor ee3d3d17de0b76cf731808243ffa838a0f5ee8cc
/home/superleo13/predictors/runtime/integration-stocks/race-c4/rt/cripto_predictor-1.2.0rc3-py3-none-any.whl: OK
/home/superleo13/predictors/runtime/integration-stocks/race-c4/rt/cripto_predictor-1.2.0rc3-py3-none-any.whl: OK
/home/superleo13/predictors/runtime/integration-stocks/race-c4/rt/predictor_research_transport-0.1.0rc6-py3-none-any.whl: OK
/home/superleo13/predictors/runtime/integration-stocks/race-c4/rt/predictor_research_protocol-2.0.0rc2-py3-none-any.whl: OK
No broken requirements found.
export CAIN_BIN="/home/superleo13/predictors/runtime/integration-stocks/race-c4/rt/cain-venv/bin/cain"
export CAIN_PY="/home/superleo13/predictors/runtime/integration-stocks/race-c4/rt/cain-venv/bin/python"
export CONSUMER_BIN="/home/superleo13/predictors/runtime/integration-stocks/race-c4/rt/consumer-venv/bin/predictor-research-consumer"
export CONSUMER_PY="/home/superleo13/predictors/runtime/integration-stocks/race-c4/rt/consumer-venv/bin/python"
export STOCKS_RESEARCH_BIN="/home/superleo13/predictors/runtime/integration-stocks/race-c4/rt/consumer-venv/bin/stocks-research"
export OP_POLICY="/home/superleo13/predictors/runtime/integration-stocks/race-c4/rt/op/policy.json"
export OP_OBJECTS="/home/superleo13/predictors/runtime/integration-stocks/race-c4/rt/op/objects"
export REAL_ENV="/home/superleo13/predictors/runtime/integration-stocks/race-c4/rt/op/REAL_ENV.json"
export STOCKS_TREE="/home/superleo13/predictors/runtime/integration-stocks/race-c4/rt/stocks-tree"
export CRYPTO_CONSUMER_BIN="/home/superleo13/predictors/runtime/integration-stocks/race-c4/rt/crypto-venv/bin/predictor-research-consumer"
export CRIPTO_RESEARCH_BIN="/home/superleo13/predictors/runtime/integration-stocks/race-c4/rt/crypto-venv/bin/cripto-research"
export CRYPTO_OP_POLICY="/home/superleo13/predictors/runtime/integration-stocks/race-c4/rt/crypto-op/policy.json"
export CRYPTO_OP_OBJECTS="/home/superleo13/predictors/runtime/integration-stocks/race-c4/rt/crypto-op/objects"
runtime_env done 2026-09-28T18:06:13Z
