{"effective_proposal": "/home/runner/work/_temp/work/failures/F10/proposals/1.json", "template": "fixtures/proposals/e2e/01-allow.json", "sha256": "a655df56116be1baddb578a36de6f53fbad9a6120342abbc3e3ffd6da1ccd309"}
{"n": 1, "label": "propose 1", "at": "2026-09-28T18:17:39Z", "seconds": 0.139, "argv": ["/home/runner/work/_temp/work/rt/cain-venv/bin/cain", "research", "propose", "--domain", "stocks", "--state", "/home/runner/work/_temp/work/failures/F10/cain-state", "--proposal", "/home/runner/work/_temp/work/failures/F10/proposals/1.json", "--as-of", "2026-09-28T18:17:39Z"], "fault_env": {}, "exit": 0}
--- stdout
{"decision": "ALLOW", "episode_id": "stocks:episode-1", "reason_code": "ALLOWED", "receipt_sha256": "4eccae0341f5725f3235b196d61ba168bd816d345c416d3913c378342cee8606", "rule": "R14", "status": "RECORDED", "task": {"payload_sha256": "38a538d1cc9ef4e87a4c1905aaa42d0fdb6da6f916a48a3306c5914eeff5e00c", "previous_task_id": null, "task_id": "stocks:TASK-81b8103b9cd7f1dfb62b8d024b45c1a1"}}
--- stderr
--- end
{"n": 2, "label": "dispatch 1", "at": "2026-09-28T18:17:39Z", "seconds": 0.12, "argv": ["/home/runner/work/_temp/work/rt/cain-venv/bin/cain", "research", "dispatch", "--domain", "stocks", "--state", "/home/runner/work/_temp/work/failures/F10/cain-state", "--spool", "/home/runner/work/_temp/work/failures/F10/spool"], "fault_env": {}, "exit": 0}
--- stdout
{"action": "dispatched", "file": "stocks/tasks/TASK-81b8103b9cd7f1dfb62b8d024b45c1a1.json", "spool": "WRITTEN", "task_id": "stocks:TASK-81b8103b9cd7f1dfb62b8d024b45c1a1"}
--- stderr
--- end
{"n": 3, "label": "consumer 1", "at": "2026-09-28T18:17:48Z", "seconds": 8.407, "argv": ["/home/runner/work/_temp/work/rt/consumer-venv/bin/predictor-research-consumer", "--domain", "stocks", "--spool", "/home/runner/work/_temp/work/failures/F10/spool", "--ledger", "/home/runner/work/_temp/work/failures/F10/consumer/ledger.sqlite", "--state", "/home/runner/work/_temp/work/failures/F10/domain-state", "--policy", "/home/runner/work/_temp/work/rt/op/policy.json", "--objects", "/home/runner/work/_temp/work/rt/op/objects"], "fault_env": {}, "exit": 0}
--- stdout
{"action": "delivered", "attempt": 1, "class": "TERMINAL_RESULT", "episode_id": "stocks:episode-1", "result_file": "stocks/results/TASK-81b8103b9cd7f1dfb62b8d024b45c1a1.29aa3614a61af8de.json", "result_write": "WRITTEN", "status": "RESULT", "task_id": "stocks:TASK-81b8103b9cd7f1dfb62b8d024b45c1a1"}
--- stderr
{"duration_ms": 8130, "event": "job_finished", "job_id": "stocks-research-3e51dfe03253465b810ba8b5", "level": "INFO", "run_id": "d4d933e63ada4e069230f891dda14797", "run_status": "SUCCEEDED", "service": "predictor_ops", "timestamp": "2026-09-28T18:17:48.321644Z"}
--- end
{"n": 4, "label": "ingest 1", "at": "2026-09-28T18:17:48Z", "seconds": 0.132, "argv": ["/home/runner/work/_temp/work/rt/cain-venv/bin/cain", "research", "ingest", "--domain", "stocks", "--state", "/home/runner/work/_temp/work/failures/F10/cain-state", "--spool", "/home/runner/work/_temp/work/failures/F10/spool"], "fault_env": {}, "exit": 0}
--- stdout
{"action": "ingested", "class": "TERMINAL_RESULT", "fact": "fact:9939962bb895463e89166437ce091645", "file": "TASK-81b8103b9cd7f1dfb62b8d024b45c1a1.29aa3614a61af8de.json", "status": "RESULT", "task_id": "stocks:TASK-81b8103b9cd7f1dfb62b8d024b45c1a1"}
--- stderr
--- end
{"effective_proposal": "/home/runner/work/_temp/work/failures/F10/proposals/2.json", "template": "fixtures/proposals/e2e/01-allow.json", "sha256": "064828bb7ad3ef8ef13461df59a6190e663fa0aed4bebd3a6cba046d5adc0dae"}
{"n": 5, "label": "propose 2", "at": "2026-09-28T18:17:48Z", "seconds": 0.123, "argv": ["/home/runner/work/_temp/work/rt/cain-venv/bin/cain", "research", "propose", "--domain", "stocks", "--state", "/home/runner/work/_temp/work/failures/F10/cain-state", "--proposal", "/home/runner/work/_temp/work/failures/F10/proposals/2.json", "--as-of", "2026-09-28T18:17:48Z"], "fault_env": {}, "exit": 0}
--- stdout
{"decision": "ALLOW", "episode_id": "stocks:episode-2", "reason_code": "ALLOWED", "receipt_sha256": "92a9f6cacfc2423386681c658d2be52eb626b1d16a321fdd83c859d3e02e35c8", "rule": "R14", "status": "RECORDED", "task": {"payload_sha256": "f8fc5f8345241c2196a560b06bb67d036b533176deb7d7cfde5c5270c9c2a3ef", "previous_task_id": "stocks:TASK-81b8103b9cd7f1dfb62b8d024b45c1a1", "task_id": "stocks:TASK-9a84f9040249622e08233f629d25254a"}}
--- stderr
--- end
{"n": 6, "label": "dispatch 2", "at": "2026-09-28T18:17:48Z", "seconds": 0.119, "argv": ["/home/runner/work/_temp/work/rt/cain-venv/bin/cain", "research", "dispatch", "--domain", "stocks", "--state", "/home/runner/work/_temp/work/failures/F10/cain-state", "--spool", "/home/runner/work/_temp/work/failures/F10/spool"], "fault_env": {}, "exit": 0}
--- stdout
{"action": "dispatched", "file": "stocks/tasks/TASK-9a84f9040249622e08233f629d25254a.json", "spool": "WRITTEN", "task_id": "stocks:TASK-9a84f9040249622e08233f629d25254a"}
--- stderr
--- end
{"n": 7, "label": "consumer 2", "at": "2026-09-28T18:17:57Z", "seconds": 8.496, "argv": ["/home/runner/work/_temp/work/rt/consumer-venv/bin/predictor-research-consumer", "--domain", "stocks", "--spool", "/home/runner/work/_temp/work/failures/F10/spool", "--ledger", "/home/runner/work/_temp/work/failures/F10/consumer/ledger.sqlite", "--state", "/home/runner/work/_temp/work/failures/F10/domain-state", "--policy", "/home/runner/work/_temp/work/rt/op/policy.json", "--objects", "/home/runner/work/_temp/work/rt/op/objects"], "fault_env": {}, "exit": 0}
--- stdout
{"action": "skipped", "episode_id": "stocks:episode-1", "state": "TERMINAL_RESULT", "status": "RESULT", "task_id": "stocks:TASK-81b8103b9cd7f1dfb62b8d024b45c1a1"}
{"action": "delivered", "attempt": 1, "class": "TERMINAL_RESULT", "episode_id": "stocks:episode-2", "result_file": "stocks/results/TASK-9a84f9040249622e08233f629d25254a.631fb0854c40c58f.json", "result_write": "WRITTEN", "status": "RESULT", "task_id": "stocks:TASK-9a84f9040249622e08233f629d25254a"}
--- stderr
{"duration_ms": 8230, "event": "job_finished", "job_id": "stocks-research-454f791f4677231f5596258f", "level": "INFO", "run_id": "7891ac2644cd4fd78abebc0bffaa8132", "run_status": "SUCCEEDED", "service": "predictor_ops", "timestamp": "2026-09-28T18:17:57.193390Z"}
--- end
{"n": 8, "label": "ingest out of order", "at": "2026-09-28T18:17:57Z", "seconds": 0.134, "argv": ["/home/runner/work/_temp/work/rt/cain-venv/bin/cain", "research", "ingest", "--domain", "stocks", "--state", "/home/runner/work/_temp/work/failures/F10/cain-state", "--spool", "/home/runner/work/_temp/work/failures/F10/spool"], "fault_env": {}, "exit": 0}
--- stdout
{"action": "duplicate", "file": "00-late-TASK-81b8103b9cd7f1dfb62b8d024b45c1a1.29aa3614a61af8de.json"}
{"action": "duplicate", "file": "TASK-81b8103b9cd7f1dfb62b8d024b45c1a1.29aa3614a61af8de.json"}
{"action": "ingested", "class": "TERMINAL_RESULT", "fact": "fact:46af16e2d2074dccb9535c6c9a38602b", "file": "TASK-9a84f9040249622e08233f629d25254a.631fb0854c40c58f.json", "status": "RESULT", "task_id": "stocks:TASK-9a84f9040249622e08233f629d25254a"}
--- stderr
--- end
{"n": 9, "label": "episodes", "at": "2026-09-28T18:17:57Z", "seconds": 0.119, "argv": ["/home/runner/work/_temp/work/rt/cain-venv/bin/cain", "research", "episodes", "--domain", "stocks", "--state", "/home/runner/work/_temp/work/failures/F10/cain-state"], "fault_env": {}, "exit": 0}
--- stdout
{"domain": "stocks", "episodes": [{"as_of": "2026-09-28T18:17:39Z", "decision": "ALLOW", "number": 1, "outbox": {"dispatches": 1, "retries_requested": 0, "status": "PUBLISHED", "task_id": "stocks:TASK-81b8103b9cd7f1dfb62b8d024b45c1a1"}, "proposal_id": "cain:FM-F10-1", "reason_code": "ALLOWED", "receipt_sha256": "4eccae0341f5725f3235b196d61ba168bd816d345c416d3913c378342cee8606", "source": "operator", "task_id": "stocks:TASK-81b8103b9cd7f1dfb62b8d024b45c1a1"}, {"as_of": "2026-09-28T18:17:48Z", "decision": "ALLOW", "number": 2, "outbox": {"dispatches": 1, "retries_requested": 0, "status": "PUBLISHED", "task_id": "stocks:TASK-9a84f9040249622e08233f629d25254a"}, "proposal_id": "cain:FM-F10-2", "reason_code": "ALLOWED", "receipt_sha256": "92a9f6cacfc2423386681c658d2be52eb626b1d16a321fdd83c859d3e02e35c8", "source": "operator", "task_id": "stocks:TASK-9a84f9040249622e08233f629d25254a"}], "inbox": [{"class": "TERMINAL_RESULT", "fact_id": "fact:9939962bb895463e89166437ce091645", "payload_sha256": "abc38ebb14a2733693c219ceff7a1994bd68ee759aeb7190736f923108ecc355", "status": "RESULT", "task_id": "stocks:TASK-81b8103b9cd7f1dfb62b8d024b45c1a1"}, {"class": "TERMINAL_RESULT", "fact_id": "fact:46af16e2d2074dccb9535c6c9a38602b", "payload_sha256": "294041bf01d532cd74508ce8804e2601f0d3e3ab2391b31d2ece3c60dd7f36fe", "status": "RESULT", "task_id": "stocks:TASK-9a84f9040249622e08233f629d25254a"}], "memory": {"broken_at": null, "entries": 2, "head": "8cef2ba263f8f8299f7cb6624dc3da3dbb304684e094b44d1ed039d377aac35a", "head_recorded_at": "2026-09-28T18:17:57.363566Z", "projection": "consistent", "status": "intact"}, "rejections": []}
--- stderr
--- end
{"n": 10, "label": "two tasks, two results", "at": "2026-09-28T18:17:57Z", "seconds": 0.12, "argv": ["/home/runner/work/_temp/work/rt/cain-venv/bin/cain", "research", "episodes", "--domain", "stocks", "--state", "/home/runner/work/_temp/work/failures/F10/cain-state"], "fault_env": {}, "exit": 0}
--- stdout
{"domain": "stocks", "episodes": [{"as_of": "2026-09-28T18:17:39Z", "decision": "ALLOW", "number": 1, "outbox": {"dispatches": 1, "retries_requested": 0, "status": "PUBLISHED", "task_id": "stocks:TASK-81b8103b9cd7f1dfb62b8d024b45c1a1"}, "proposal_id": "cain:FM-F10-1", "reason_code": "ALLOWED", "receipt_sha256": "4eccae0341f5725f3235b196d61ba168bd816d345c416d3913c378342cee8606", "source": "operator", "task_id": "stocks:TASK-81b8103b9cd7f1dfb62b8d024b45c1a1"}, {"as_of": "2026-09-28T18:17:48Z", "decision": "ALLOW", "number": 2, "outbox": {"dispatches": 1, "retries_requested": 0, "status": "PUBLISHED", "task_id": "stocks:TASK-9a84f9040249622e08233f629d25254a"}, "proposal_id": "cain:FM-F10-2", "reason_code": "ALLOWED", "receipt_sha256": "92a9f6cacfc2423386681c658d2be52eb626b1d16a321fdd83c859d3e02e35c8", "source": "operator", "task_id": "stocks:TASK-9a84f9040249622e08233f629d25254a"}], "inbox": [{"class": "TERMINAL_RESULT", "fact_id": "fact:9939962bb895463e89166437ce091645", "payload_sha256": "abc38ebb14a2733693c219ceff7a1994bd68ee759aeb7190736f923108ecc355", "status": "RESULT", "task_id": "stocks:TASK-81b8103b9cd7f1dfb62b8d024b45c1a1"}, {"class": "TERMINAL_RESULT", "fact_id": "fact:46af16e2d2074dccb9535c6c9a38602b", "payload_sha256": "294041bf01d532cd74508ce8804e2601f0d3e3ab2391b31d2ece3c60dd7f36fe", "status": "RESULT", "task_id": "stocks:TASK-9a84f9040249622e08233f629d25254a"}], "memory": {"broken_at": null, "entries": 2, "head": "8cef2ba263f8f8299f7cb6624dc3da3dbb304684e094b44d1ed039d377aac35a", "head_recorded_at": "2026-09-28T18:17:57.363566Z", "projection": "consistent", "status": "intact"}, "rejections": []}
--- stderr
--- end
