$ (cwd=/home/runner/work/_temp/cleanroom/cripto-predictor/full) /home/runner/work/_temp/tools/uv/uv build --wheel --python /home/runner/work/_temp/tools/python/cpython-3.13.15-linux-x86_64-gnu/bin/python3.13 --out-dir /home/runner/work/_temp/cleanroom/cripto-predictor/head_build packages/research-export
Building wheel...
running egg_info
creating src/crypto_research_export.egg-info
writing src/crypto_research_export.egg-info/PKG-INFO
writing dependency_links to src/crypto_research_export.egg-info/dependency_links.txt
writing entry points to src/crypto_research_export.egg-info/entry_points.txt
writing requirements to src/crypto_research_export.egg-info/requires.txt
writing top-level names to src/crypto_research_export.egg-info/top_level.txt
writing manifest file 'src/crypto_research_export.egg-info/SOURCES.txt'
reading manifest file 'src/crypto_research_export.egg-info/SOURCES.txt'
writing manifest file 'src/crypto_research_export.egg-info/SOURCES.txt'
running bdist_wheel
running build
running build_py
creating build/lib/crypto_research_export
copying src/crypto_research_export/__init__.py -> build/lib/crypto_research_export
copying src/crypto_research_export/bundle.py -> build/lib/crypto_research_export
copying src/crypto_research_export/external.py -> build/lib/crypto_research_export
running egg_info
writing src/crypto_research_export.egg-info/PKG-INFO
writing dependency_links to src/crypto_research_export.egg-info/dependency_links.txt
writing entry points to src/crypto_research_export.egg-info/entry_points.txt
writing requirements to src/crypto_research_export.egg-info/requires.txt
writing top-level names to src/crypto_research_export.egg-info/top_level.txt
reading manifest file 'src/crypto_research_export.egg-info/SOURCES.txt'
writing manifest file 'src/crypto_research_export.egg-info/SOURCES.txt'
installing to build/bdist.linux-x86_64/wheel
running install
running install_lib
creating build/bdist.linux-x86_64/wheel
creating build/bdist.linux-x86_64/wheel/crypto_research_export
copying build/lib/crypto_research_export/__init__.py -> build/bdist.linux-x86_64/wheel/./crypto_research_export
copying build/lib/crypto_research_export/bundle.py -> build/bdist.linux-x86_64/wheel/./crypto_research_export
copying build/lib/crypto_research_export/external.py -> build/bdist.linux-x86_64/wheel/./crypto_research_export
running install_egg_info
Copying src/crypto_research_export.egg-info to build/bdist.linux-x86_64/wheel/./crypto_research_export-1.0.1-py3.13.egg-info
running install_scripts
creating build/bdist.linux-x86_64/wheel/crypto_research_export-1.0.1.dist-info/WHEEL
creating '/home/runner/work/_temp/cleanroom/cripto-predictor/head_build/.tmp-rbiu3kqs/crypto_research_export-1.0.1-py3-none-any.whl' and adding 'build/bdist.linux-x86_64/wheel' to it
adding 'crypto_research_export/__init__.py'
adding 'crypto_research_export/bundle.py'
adding 'crypto_research_export/external.py'
adding 'crypto_research_export-1.0.1.dist-info/METADATA'
adding 'crypto_research_export-1.0.1.dist-info/WHEEL'
adding 'crypto_research_export-1.0.1.dist-info/entry_points.txt'
adding 'crypto_research_export-1.0.1.dist-info/top_level.txt'
adding 'crypto_research_export-1.0.1.dist-info/RECORD'
removing build/bdist.linux-x86_64/wheel
Successfully built /home/runner/work/_temp/cleanroom/cripto-predictor/head_build/crypto_research_export-1.0.1-py3-none-any.whl

[exit 0]
