Traceback (most recent call last):
  File "<EXEC_ROOT>/ecosystem-predictor/packages/research-protocol/tools/build_v2_domain_registry.py", line 155, in <module>
    sys.exit(main())
             ~~~~^^
  File "<EXEC_ROOT>/ecosystem-predictor/packages/research-protocol/tools/build_v2_domain_registry.py", line 133, in main
    problems = verify_installed(registry)
  File "<EXEC_ROOT>/ecosystem-predictor/packages/research-protocol/tools/build_v2_domain_registry.py", line 105, in verify_installed
    module = importlib.import_module(CONTRACT_MODULES[name])
  File "/usr/lib/python3.13/importlib/__init__.py", line 88, in import_module
    return _bootstrap._gcd_import(name[level:], package, level)
           ~~~~~~~~~~~~~~~~~~~~~~^^^^^^^^^^^^^^^^^^^^^^^^^^^^^^
  File "<frozen importlib._bootstrap>", line 1387, in _gcd_import
  File "<frozen importlib._bootstrap>", line 1360, in _find_and_load
  File "<frozen importlib._bootstrap>", line 1310, in _find_and_load_unlocked
  File "<frozen importlib._bootstrap>", line 488, in _call_with_frames_removed
  File "<frozen importlib._bootstrap>", line 1387, in _gcd_import
  File "<frozen importlib._bootstrap>", line 1360, in _find_and_load
  File "<frozen importlib._bootstrap>", line 1310, in _find_and_load_unlocked
  File "<frozen importlib._bootstrap>", line 488, in _call_with_frames_removed
  File "<frozen importlib._bootstrap>", line 1387, in _gcd_import
  File "<frozen importlib._bootstrap>", line 1360, in _find_and_load
  File "<frozen importlib._bootstrap>", line 1324, in _find_and_load_unlocked
ModuleNotFoundError: No module named 'brasileirao_predictor'
