{"effective_proposal": "/home/runner/work/_temp/work/failures/F05/proposals/1.json", "template": "fixtures/proposals/e2e/01-allow.json", "sha256": "304cf41090aca37d16c354e8dec94f6c4881dc6b5ec00c4a6cbccc9abf6346bf"}
{"n": 1, "label": "propose 1", "at": "2026-09-28T15:17:35Z", "seconds": 0.132, "argv": ["/home/runner/work/_temp/work/rt/cain-venv/bin/cain", "research", "propose", "--domain", "stocks", "--state", "/home/runner/work/_temp/work/failures/F05/cain-state", "--proposal", "/home/runner/work/_temp/work/failures/F05/proposals/1.json", "--as-of", "2026-09-28T15:17:35Z"], "fault_env": {"CAIN_ORCHESTRATION_FAULT": "after_decision_before_episode_commit"}, "exit": 86}
--- stdout
--- stderr
--- end
{"n": 2, "label": "episodes after death", "at": "2026-09-28T15:17:35Z", "seconds": 0.127, "argv": ["/home/runner/work/_temp/work/rt/cain-venv/bin/cain", "research", "episodes", "--domain", "stocks", "--state", "/home/runner/work/_temp/work/failures/F05/cain-state"], "fault_env": {}, "exit": 0}
--- stdout
{"domain": "stocks", "episodes": [], "inbox": [], "memory": {"broken_at": null, "entries": 0, "head": "cain-memory-log/1", "head_recorded_at": null, "projection": "consistent", "status": "intact"}, "rejections": []}
--- stderr
--- end
{"effective_proposal": "/home/runner/work/_temp/work/failures/F05/proposals/1.json", "template": "fixtures/proposals/e2e/01-allow.json", "sha256": "304cf41090aca37d16c354e8dec94f6c4881dc6b5ec00c4a6cbccc9abf6346bf"}
{"n": 3, "label": "propose 1", "at": "2026-09-28T15:17:35Z", "seconds": 0.135, "argv": ["/home/runner/work/_temp/work/rt/cain-venv/bin/cain", "research", "propose", "--domain", "stocks", "--state", "/home/runner/work/_temp/work/failures/F05/cain-state", "--proposal", "/home/runner/work/_temp/work/failures/F05/proposals/1.json", "--as-of", "2026-09-28T15:17:35Z"], "fault_env": {}, "exit": 0}
--- stdout
{"decision": "ALLOW", "episode_id": "stocks:episode-1", "reason_code": "ALLOWED", "receipt_sha256": "00981c617fac62a183cdb81ae187ea52eb0cf5de454d5eea54f53a7f130449bf", "rule": "R14", "status": "RECORDED", "task": {"payload_sha256": "bd8b1da5365da81074b9b272659f2b944e0a7502d6f3139fb9a9b82d3e3ff6a9", "previous_task_id": null, "task_id": "stocks:TASK-8d38ce0e798a7844d742f7644d9eecb6"}}
--- stderr
--- end
{"n": 4, "label": "dispatch", "at": "2026-09-28T15:17:35Z", "seconds": 0.13, "argv": ["/home/runner/work/_temp/work/rt/cain-venv/bin/cain", "research", "dispatch", "--domain", "stocks", "--state", "/home/runner/work/_temp/work/failures/F05/cain-state", "--spool", "/home/runner/work/_temp/work/failures/F05/spool"], "fault_env": {}, "exit": 0}
--- stdout
{"action": "dispatched", "file": "stocks/tasks/TASK-8d38ce0e798a7844d742f7644d9eecb6.json", "spool": "WRITTEN", "task_id": "stocks:TASK-8d38ce0e798a7844d742f7644d9eecb6"}
--- stderr
--- end
{"n": 5, "label": "consumer", "at": "2026-09-28T15:17:44Z", "seconds": 8.725, "argv": ["/home/runner/work/_temp/work/rt/consumer-venv/bin/predictor-research-consumer", "--domain", "stocks", "--spool", "/home/runner/work/_temp/work/failures/F05/spool", "--ledger", "/home/runner/work/_temp/work/failures/F05/consumer/ledger.sqlite", "--state", "/home/runner/work/_temp/work/failures/F05/domain-state", "--policy", "/home/runner/work/_temp/work/rt/op/policy.json", "--objects", "/home/runner/work/_temp/work/rt/op/objects"], "fault_env": {}, "exit": 0}
--- stdout
{"action": "delivered", "attempt": 1, "class": "TERMINAL_RESULT", "episode_id": "stocks:episode-1", "result_file": "stocks/results/TASK-8d38ce0e798a7844d742f7644d9eecb6.566607664ff5a87f.json", "result_write": "WRITTEN", "status": "RESULT", "task_id": "stocks:TASK-8d38ce0e798a7844d742f7644d9eecb6"}
--- stderr
{"duration_ms": 8433, "event": "job_finished", "job_id": "stocks-research-3d06345049940488cb25e74e", "level": "INFO", "run_id": "dd8a6ade02164992842c255ae1cc95b0", "run_status": "SUCCEEDED", "service": "predictor_ops", "timestamp": "2026-09-28T15:17:44.538397Z"}
--- end
{"n": 6, "label": "ingest", "at": "2026-09-28T15:17:44Z", "seconds": 0.143, "argv": ["/home/runner/work/_temp/work/rt/cain-venv/bin/cain", "research", "ingest", "--domain", "stocks", "--state", "/home/runner/work/_temp/work/failures/F05/cain-state", "--spool", "/home/runner/work/_temp/work/failures/F05/spool"], "fault_env": {}, "exit": 0}
--- stdout
{"action": "ingested", "class": "TERMINAL_RESULT", "fact": "fact:cd5090faad814537bd24dd3135c93e0d", "file": "TASK-8d38ce0e798a7844d742f7644d9eecb6.566607664ff5a87f.json", "status": "RESULT", "task_id": "stocks:TASK-8d38ce0e798a7844d742f7644d9eecb6"}
--- stderr
--- end
{"n": 7, "label": "one episode, one task", "at": "2026-09-28T15:17:44Z", "seconds": 0.134, "argv": ["/home/runner/work/_temp/work/rt/cain-venv/bin/cain", "research", "episodes", "--domain", "stocks", "--state", "/home/runner/work/_temp/work/failures/F05/cain-state"], "fault_env": {}, "exit": 0}
--- stdout
{"domain": "stocks", "episodes": [{"as_of": "2026-09-28T15:17:35Z", "decision": "ALLOW", "number": 1, "outbox": {"dispatches": 1, "retries_requested": 0, "status": "PUBLISHED", "task_id": "stocks:TASK-8d38ce0e798a7844d742f7644d9eecb6"}, "proposal_id": "cain:FM-F05-1", "reason_code": "ALLOWED", "receipt_sha256": "00981c617fac62a183cdb81ae187ea52eb0cf5de454d5eea54f53a7f130449bf", "source": "operator", "task_id": "stocks:TASK-8d38ce0e798a7844d742f7644d9eecb6"}], "inbox": [{"class": "TERMINAL_RESULT", "fact_id": "fact:cd5090faad814537bd24dd3135c93e0d", "payload_sha256": "6313b1e0276786c7d749222895611daf9c512a57cd23673720928498ec985377", "status": "RESULT", "task_id": "stocks:TASK-8d38ce0e798a7844d742f7644d9eecb6"}], "memory": {"broken_at": null, "entries": 1, "head": "34ae7bd016166220d1873a0cbcad487962d4e9c55e51378265c2988072f64cbf", "head_recorded_at": "2026-09-28T15:17:44.714103Z", "projection": "consistent", "status": "intact"}, "rejections": []}
--- stderr
--- end
