# 2026-09-24T09:03:11Z PC 2 (Ubuntu 24.04 WSL2), repo de evidência em ec250a4: python3 qualification/crypto/scripts/d16_crosscheck.py attestations
{
 "attestations": [
  {
   "file": "qualification/crypto/ATTESTATION_PARTIAL_baseline.json",
   "commit": "f4b22ee604c6d26b117fee15b2a646f8426dff40",
   "result": "IN_PROGRESS",
   "gates": {
    "NOT_RUN": 30,
    "PASS": 1
   },
   "counts": {
    "P0": 0,
    "P1": 0,
    "P2": 2
   },
   "checked": 8,
   "problems": [
    {
     "where": "findings_file",
     "file": "qualification/crypto/FINDINGS.json",
     "problem": "sha256 divergente",
     "expected": "26f5bb5183ee6a3b1027fe32f6775273049f93f9576393a37353b2ffd7c365af",
     "got": "f054281fe0653a45074a853bf9262dfe6b2a6ece10bb1733223c6efa00aa9081"
    }
   ]
  },
  {
   "file": "qualification/crypto/ATTESTATION_PARTIAL_cleanroom-baseline.json",
   "commit": "42cbef8a3e5826ff14301f66626d9028e8d8f002",
   "result": "IN_PROGRESS",
   "gates": {
    "NOT_RUN": 28,
    "PASS": 2,
    "FAIL": 1
   },
   "counts": {
    "P0": 0,
    "P1": 7,
    "P2": 4
   },
   "checked": 17,
   "problems": []
  },
  {
   "file": "qualification/crypto/ATTESTATION_PARTIAL_cleanroom-final.json",
   "commit": "cd7e71dddd1808341877670ff346cdf678b253c2",
   "result": "IN_PROGRESS",
   "gates": {
    "FAIL": 2,
    "PASS": 23,
    "NOT_RUN": 6
   },
   "counts": {
    "P0": 0,
    "P1": 1,
    "P2": 4
   },
   "checked": 102,
   "problems": [
    {
     "where": "gate E2E",
     "file": "qualification/crypto/E2E_EVIDENCE/windows-local-real/E2E_SUMMARY.json",
     "problem": "sha256 divergente",
     "expected": "daedb69ae6f118e9304993f5897e18ef30dd8eb2729c557551b3b744f5854172",
     "got": "7f7b4b1eff7afbd3a61faf5dd2cde88c9eff1e1b937aca5e477dd3b36cbb6d20"
    },
    {
     "where": "gate PROVENANCE",
     "file": "qualification/crypto/E2E_EVIDENCE/windows-local-real/E2E_SUMMARY.json",
     "problem": "sha256 divergente",
     "expected": "daedb69ae6f118e9304993f5897e18ef30dd8eb2729c557551b3b744f5854172",
     "got": "7f7b4b1eff7afbd3a61faf5dd2cde88c9eff1e1b937aca5e477dd3b36cbb6d20"
    },
    {
     "where": "gate CORE_PARTICIPATION",
     "file": "qualification/crypto/E2E_EVIDENCE/windows-local-real/E2E_SUMMARY.json",
     "problem": "sha256 divergente",
     "expected": "daedb69ae6f118e9304993f5897e18ef30dd8eb2729c557551b3b744f5854172",
     "got": "7f7b4b1eff7afbd3a61faf5dd2cde88c9eff1e1b937aca5e477dd3b36cbb6d20"
    }
   ]
  },
  {
   "file": "qualification/crypto/ATTESTATION_PARTIAL_contract-sign-off.json",
   "commit": "800d4d1211b439144d48138bed629a826ef21295",
   "result": "IN_PROGRESS",
   "gates": {
    "FAIL": 2,
    "PASS": 24,
    "NOT_RUN": 5
   },
   "counts": {
    "P0": 0,
    "P1": 1,
    "P2": 4
   },
   "checked": 104,
   "problems": []
  },
  {
   "file": "qualification/crypto/ATTESTATION_PARTIAL_contract-wiring.json",
   "commit": "cd7e71dddd1808341877670ff346cdf678b253c2",
   "result": "IN_PROGRESS",
   "gates": {
    "FAIL": 2,
    "PASS": 23,
    "NOT_RUN": 6
   },
   "counts": {
    "P0": 0,
    "P1": 1,
    "P2": 4
   },
   "checked": 102,
   "problems": [
    {
     "where": "gate E2E",
     "file": "qualification/crypto/E2E_EVIDENCE/windows-local-real/E2E_SUMMARY.json",
     "problem": "sha256 divergente",
     "expected": "daedb69ae6f118e9304993f5897e18ef30dd8eb2729c557551b3b744f5854172",
     "got": "7f7b4b1eff7afbd3a61faf5dd2cde88c9eff1e1b937aca5e477dd3b36cbb6d20"
    },
    {
     "where": "gate PROVENANCE",
     "file": "qualification/crypto/E2E_EVIDENCE/windows-local-real/E2E_SUMMARY.json",
     "problem": "sha256 divergente",
     "expected": "daedb69ae6f118e9304993f5897e18ef30dd8eb2729c557551b3b744f5854172",
     "got": "7f7b4b1eff7afbd3a61faf5dd2cde88c9eff1e1b937aca5e477dd3b36cbb6d20"
    },
    {
     "where": "gate CORE_PARTICIPATION",
     "file": "qualification/crypto/E2E_EVIDENCE/windows-local-real/E2E_SUMMARY.json",
     "problem": "sha256 divergente",
     "expected": "daedb69ae6f118e9304993f5897e18ef30dd8eb2729c557551b3b744f5854172",
     "got": "7f7b4b1eff7afbd3a61faf5dd2cde88c9eff1e1b937aca5e477dd3b36cbb6d20"
    }
   ]
  },
  {
   "file": "qualification/crypto/ATTESTATION_PARTIAL_e2e.json",
   "commit": "cd7e71dddd1808341877670ff346cdf678b253c2",
   "result": "IN_PROGRESS",
   "gates": {
    "FAIL": 2,
    "PASS": 23,
    "NOT_RUN": 6
   },
   "counts": {
    "P0": 0,
    "P1": 1,
    "P2": 4
   },
   "checked": 102,
   "problems": [
    {
     "where": "gate E2E",
     "file": "qualification/crypto/E2E_EVIDENCE/windows-local-real/E2E_SUMMARY.json",
     "problem": "sha256 divergente",
     "expected": "daedb69ae6f118e9304993f5897e18ef30dd8eb2729c557551b3b744f5854172",
     "got": "7f7b4b1eff7afbd3a61faf5dd2cde88c9eff1e1b937aca5e477dd3b36cbb6d20"
    },
    {
     "where": "gate PROVENANCE",
     "file": "qualification/crypto/E2E_EVIDENCE/windows-local-real/E2E_SUMMARY.json",
     "problem": "sha256 divergente",
     "expected": "daedb69ae6f118e9304993f5897e18ef30dd8eb2729c557551b3b744f5854172",
     "got": "7f7b4b1eff7afbd3a61faf5dd2cde88c9eff1e1b937aca5e477dd3b36cbb6d20"
    },
    {
     "where": "gate CORE_PARTICIPATION",
     "file": "qualification/crypto/E2E_EVIDENCE/windows-local-real/E2E_SUMMARY.json",
     "problem": "sha256 divergente",
     "expected": "daedb69ae6f118e9304993f5897e18ef30dd8eb2729c557551b3b744f5854172",
     "got": "7f7b4b1eff7afbd3a61faf5dd2cde88c9eff1e1b937aca5e477dd3b36cbb6d20"
    }
   ]
  },
  {
   "file": "qualification/crypto/ATTESTATION_PARTIAL_freeze-parameters.json",
   "commit": "dca05e92d7626830f28e9d3c38dab237f29adeec",
   "result": "IN_PROGRESS",
   "gates": {
    "NOT_RUN": 31
   },
   "counts": {
    "P0": 0,
    "P1": 0,
    "P2": 1
   },
   "checked": 4,
   "problems": []
  },
  {
   "file": "qualification/crypto/ATTESTATION_PARTIAL_hosted-ci.json",
   "commit": "cd7e71dddd1808341877670ff346cdf678b253c2",
   "result": "IN_PROGRESS",
   "gates": {
    "FAIL": 2,
    "PASS": 23,
    "NOT_RUN": 6
   },
   "counts": {
    "P0": 0,
    "P1": 1,
    "P2": 4
   },
   "checked": 102,
   "problems": [
    {
     "where": "gate E2E",
     "file": "qualification/crypto/E2E_EVIDENCE/windows-local-real/E2E_SUMMARY.json",
     "problem": "sha256 divergente",
     "expected": "daedb69ae6f118e9304993f5897e18ef30dd8eb2729c557551b3b744f5854172",
     "got": "7f7b4b1eff7afbd3a61faf5dd2cde88c9eff1e1b937aca5e477dd3b36cbb6d20"
    },
    {
     "where": "gate PROVENANCE",
     "file": "qualification/crypto/E2E_EVIDENCE/windows-local-real/E2E_SUMMARY.json",
     "problem": "sha256 divergente",
     "expected": "daedb69ae6f118e9304993f5897e18ef30dd8eb2729c557551b3b744f5854172",
     "got": "7f7b4b1eff7afbd3a61faf5dd2cde88c9eff1e1b937aca5e477dd3b36cbb6d20"
    },
    {
     "where": "gate CORE_PARTICIPATION",
     "file": "qualification/crypto/E2E_EVIDENCE/windows-local-real/E2E_SUMMARY.json",
     "problem": "sha256 divergente",
     "expected": "daedb69ae6f118e9304993f5897e18ef30dd8eb2729c557551b3b744f5854172",
     "got": "7f7b4b1eff7afbd3a61faf5dd2cde88c9eff1e1b937aca5e477dd3b36cbb6d20"
    }
   ]
  },
  {
   "file": "qualification/crypto/ATTESTATION_PARTIAL_idempotency-failure.json",
   "commit": "cd7e71dddd1808341877670ff346cdf678b253c2",
   "result": "IN_PROGRESS",
   "gates": {
    "FAIL": 2,
    "PASS": 23,
    "NOT_RUN": 6
   },
   "counts": {
    "P0": 0,
    "P1": 1,
    "P2": 4
   },
   "checked": 102,
   "problems": [
    {
     "where": "gate E2E",
     "file": "qualification/crypto/E2E_EVIDENCE/windows-local-real/E2E_SUMMARY.json",
     "problem": "sha256 divergente",
     "expected": "daedb69ae6f118e9304993f5897e18ef30dd8eb2729c557551b3b744f5854172",
     "got": "7f7b4b1eff7afbd3a61faf5dd2cde88c9eff1e1b937aca5e477dd3b36cbb6d20"
    },
    {
     "where": "gate PROVENANCE",
     "file": "qualification/crypto/E2E_EVIDENCE/windows-local-real/E2E_SUMMARY.json",
     "problem": "sha256 divergente",
     "expected": "daedb69ae6f118e9304993f5897e18ef30dd8eb2729c557551b3b744f5854172",
     "got": "7f7b4b1eff7afbd3a61faf5dd2cde88c9eff1e1b937aca5e477dd3b36cbb6d20"
    },
    {
     "where": "gate CORE_PARTICIPATION",
     "file": "qualification/crypto/E2E_EVIDENCE/windows-local-real/E2E_SUMMARY.json",
     "problem": "sha256 divergente",
     "expected": "daedb69ae6f118e9304993f5897e18ef30dd8eb2729c557551b3b744f5854172",
     "got": "7f7b4b1eff7afbd3a61faf5dd2cde88c9eff1e1b937aca5e477dd3b36cbb6d20"
    }
   ]
  },
  {
   "file": "qualification/crypto/ATTESTATION_PARTIAL_ops-failure.json",
   "commit": "42cbef8a3e5826ff14301f66626d9028e8d8f002",
   "result": "IN_PROGRESS",
   "gates": {
    "NOT_RUN": 28,
    "PASS": 2,
    "FAIL": 1
   },
   "counts": {
    "P0": 0,
    "P1": 7,
    "P2": 4
   },
   "checked": 17,
   "problems": []
  },
  {
   "file": "qualification/crypto/ATTESTATION_PARTIAL_publish-candidates.json",
   "commit": "cd7e71dddd1808341877670ff346cdf678b253c2",
   "result": "IN_PROGRESS",
   "gates": {
    "FAIL": 2,
    "PASS": 23,
    "NOT_RUN": 6
   },
   "counts": {
    "P0": 0,
    "P1": 1,
    "P2": 4
   },
   "checked": 102,
   "problems": [
    {
     "where": "gate E2E",
     "file": "qualification/crypto/E2E_EVIDENCE/windows-local-real/E2E_SUMMARY.json",
     "problem": "sha256 divergente",
     "expected": "daedb69ae6f118e9304993f5897e18ef30dd8eb2729c557551b3b744f5854172",
     "got": "7f7b4b1eff7afbd3a61faf5dd2cde88c9eff1e1b937aca5e477dd3b36cbb6d20"
    },
    {
     "where": "gate PROVENANCE",
     "file": "qualification/crypto/E2E_EVIDENCE/windows-local-real/E2E_SUMMARY.json",
     "problem": "sha256 divergente",
     "expected": "daedb69ae6f118e9304993f5897e18ef30dd8eb2729c557551b3b744f5854172",
     "got": "7f7b4b1eff7afbd3a61faf5dd2cde88c9eff1e1b937aca5e477dd3b36cbb6d20"
    },
    {
     "where": "gate CORE_PARTICIPATION",
     "file": "qualification/crypto/E2E_EVIDENCE/windows-local-real/E2E_SUMMARY.json",
     "problem": "sha256 divergente",
     "expected": "daedb69ae6f118e9304993f5897e18ef30dd8eb2729c557551b3b744f5854172",
     "got": "7f7b4b1eff7afbd3a61faf5dd2cde88c9eff1e1b937aca5e477dd3b36cbb6d20"
    }
   ]
  },
  {
   "file": "qualification/crypto/ATTESTATION_PARTIAL_science.json",
   "commit": "cd7e71dddd1808341877670ff346cdf678b253c2",
   "result": "IN_PROGRESS",
   "gates": {
    "FAIL": 2,
    "PASS": 23,
    "NOT_RUN": 6
   },
   "counts": {
    "P0": 0,
    "P1": 1,
    "P2": 4
   },
   "checked": 102,
   "problems": [
    {
     "where": "gate E2E",
     "file": "qualification/crypto/E2E_EVIDENCE/windows-local-real/E2E_SUMMARY.json",
     "problem": "sha256 divergente",
     "expected": "daedb69ae6f118e9304993f5897e18ef30dd8eb2729c557551b3b744f5854172",
     "got": "7f7b4b1eff7afbd3a61faf5dd2cde88c9eff1e1b937aca5e477dd3b36cbb6d20"
    },
    {
     "where": "gate PROVENANCE",
     "file": "qualification/crypto/E2E_EVIDENCE/windows-local-real/E2E_SUMMARY.json",
     "problem": "sha256 divergente",
     "expected": "daedb69ae6f118e9304993f5897e18ef30dd8eb2729c557551b3b744f5854172",
     "got": "7f7b4b1eff7afbd3a61faf5dd2cde88c9eff1e1b937aca5e477dd3b36cbb6d20"
    },
    {
     "where": "gate CORE_PARTICIPATION",
     "file": "qualification/crypto/E2E_EVIDENCE/windows-local-real/E2E_SUMMARY.json",
     "problem": "sha256 divergente",
     "expected": "daedb69ae6f118e9304993f5897e18ef30dd8eb2729c557551b3b744f5854172",
     "got": "7f7b4b1eff7afbd3a61faf5dd2cde88c9eff1e1b937aca5e477dd3b36cbb6d20"
    }
   ]
  },
  {
   "file": "qualification/crypto/ATTESTATION_PARTIAL_soak.json",
   "commit": "cd7e71dddd1808341877670ff346cdf678b253c2",
   "result": "IN_PROGRESS",
   "gates": {
    "FAIL": 2,
    "PASS": 23,
    "NOT_RUN": 6
   },
   "counts": {
    "P0": 0,
    "P1": 1,
    "P2": 4
   },
   "checked": 102,
   "problems": [
    {
     "where": "gate E2E",
     "file": "qualification/crypto/E2E_EVIDENCE/windows-local-real/E2E_SUMMARY.json",
     "problem": "sha256 divergente",
     "expected": "daedb69ae6f118e9304993f5897e18ef30dd8eb2729c557551b3b744f5854172",
     "got": "7f7b4b1eff7afbd3a61faf5dd2cde88c9eff1e1b937aca5e477dd3b36cbb6d20"
    },
    {
     "where": "gate PROVENANCE",
     "file": "qualification/crypto/E2E_EVIDENCE/windows-local-real/E2E_SUMMARY.json",
     "problem": "sha256 divergente",
     "expected": "daedb69ae6f118e9304993f5897e18ef30dd8eb2729c557551b3b744f5854172",
     "got": "7f7b4b1eff7afbd3a61faf5dd2cde88c9eff1e1b937aca5e477dd3b36cbb6d20"
    },
    {
     "where": "gate CORE_PARTICIPATION",
     "file": "qualification/crypto/E2E_EVIDENCE/windows-local-real/E2E_SUMMARY.json",
     "problem": "sha256 divergente",
     "expected": "daedb69ae6f118e9304993f5897e18ef30dd8eb2729c557551b3b744f5854172",
     "got": "7f7b4b1eff7afbd3a61faf5dd2cde88c9eff1e1b937aca5e477dd3b36cbb6d20"
    }
   ]
  },
  {
   "file": "qualification/crypto/ATTESTATION_PARTIAL_truth-map.json",
   "commit": "42cbef8a3e5826ff14301f66626d9028e8d8f002",
   "result": "IN_PROGRESS",
   "gates": {
    "NOT_RUN": 28,
    "PASS": 2,
    "FAIL": 1
   },
   "counts": {
    "P0": 0,
    "P1": 7,
    "P2": 4
   },
   "checked": 17,
   "problems": []
  },
  {
   "file": "qualification/crypto/ATTESTATION_PARTIAL_v1-1-attestation.json",
   "commit": "ed5375d57984cae44f052775d4a525d11c9704b1",
   "result": "IN_PROGRESS",
   "gates": {
    "PASS": 26,
    "NOT_RUN": 5
   },
   "counts": {
    "P0": 0,
    "P1": 0,
    "P2": 6
   },
   "checked": 109,
   "problems": []
  },
  {
   "file": "qualification/crypto/ATTESTATION_PARTIAL_v1-1-baseline.json",
   "commit": "ed5375d57984cae44f052775d4a525d11c9704b1",
   "result": "IN_PROGRESS",
   "gates": {
    "PASS": 26,
    "NOT_RUN": 5
   },
   "counts": {
    "P0": 0,
    "P1": 0,
    "P2": 6
   },
   "checked": 109,
   "problems": []
  },
  {
   "file": "qualification/crypto/ATTESTATION_PARTIAL_v1-1-cleanroom-final.json",
   "commit": "ed5375d57984cae44f052775d4a525d11c9704b1",
   "result": "IN_PROGRESS",
   "gates": {
    "PASS": 26,
    "NOT_RUN": 5
   },
   "counts": {
    "P0": 0,
    "P1": 0,
    "P2": 6
   },
   "checked": 109,
   "problems": []
  },
  {
   "file": "qualification/crypto/ATTESTATION_PARTIAL_v1-1-contract-wiring.json",
   "commit": "ed5375d57984cae44f052775d4a525d11c9704b1",
   "result": "IN_PROGRESS",
   "gates": {
    "PASS": 26,
    "NOT_RUN": 5
   },
   "counts": {
    "P0": 0,
    "P1": 0,
    "P2": 6
   },
   "checked": 109,
   "problems": []
  },
  {
   "file": "qualification/crypto/ATTESTATION_PARTIAL_v1-1-e2e.json",
   "commit": "ed5375d57984cae44f052775d4a525d11c9704b1",
   "result": "IN_PROGRESS",
   "gates": {
    "PASS": 26,
    "NOT_RUN": 5
   },
   "counts": {
    "P0": 0,
    "P1": 0,
    "P2": 6
   },
   "checked": 109,
   "problems": []
  },
  {
   "file": "qualification/crypto/ATTESTATION_PARTIAL_v1-1-hosted-ci.json",
   "commit": "ed5375d57984cae44f052775d4a525d11c9704b1",
   "result": "IN_PROGRESS",
   "gates": {
    "PASS": 26,
    "NOT_RUN": 5
   },
   "counts": {
    "P0": 0,
    "P1": 0,
    "P2": 6
   },
   "checked": 109,
   "problems": []
  },
  {
   "file": "qualification/crypto/ATTESTATION_PARTIAL_v1-1-idempotency-failure.json",
   "commit": "ed5375d57984cae44f052775d4a525d11c9704b1",
   "result": "IN_PROGRESS",
   "gates": {
    "PASS": 26,
    "NOT_RUN": 5
   },
   "counts": {
    "P0": 0,
    "P1": 0,
    "P2": 6
   },
   "checked": 109,
   "problems": []
  },
  {
   "file": "qualification/crypto/ATTESTATION_PARTIAL_v1-1-ops-failure.json",
   "commit": "ed5375d57984cae44f052775d4a525d11c9704b1",
   "result": "IN_PROGRESS",
   "gates": {
    "PASS": 26,
    "NOT_RUN": 5
   },
   "counts": {
    "P0": 0,
    "P1": 0,
    "P2": 6
   },
   "checked": 109,
   "problems": []
  },
  {
   "file": "qualification/crypto/ATTESTATION_PARTIAL_v1-1-publish-candidates.json",
   "commit": "ed5375d57984cae44f052775d4a525d11c9704b1",
   "result": "IN_PROGRESS",
   "gates": {
    "PASS": 26,
    "NOT_RUN": 5
   },
   "counts": {
    "P0": 0,
    "P1": 0,
    "P2": 6
   },
   "checked": 109,
   "problems": []
  },
  {
   "file": "qualification/crypto/ATTESTATION_PARTIAL_v1-1-science.json",
   "commit": "ed5375d57984cae44f052775d4a525d11c9704b1",
   "result": "IN_PROGRESS",
   "gates": {
    "PASS": 26,
    "NOT_RUN": 5
   },
   "counts": {
    "P0": 0,
    "P1": 0,
    "P2": 6
   },
   "checked": 109,
   "problems": []
  },
  {
   "file": "qualification/crypto/ATTESTATION_PARTIAL_v1-1-soak.json",
   "commit": "ed5375d57984cae44f052775d4a525d11c9704b1",
   "result": "IN_PROGRESS",
   "gates": {
    "PASS": 26,
    "NOT_RUN": 5
   },
   "counts": {
    "P0": 0,
    "P1": 0,
    "P2": 6
   },
   "checked": 109,
   "problems": []
  },
  {
   "file": "qualification/crypto/ATTESTATION_PARTIAL_v1-1-windows-smoke.json",
   "commit": "ed5375d57984cae44f052775d4a525d11c9704b1",
   "result": "IN_PROGRESS",
   "gates": {
    "PASS": 26,
    "NOT_RUN": 5
   },
   "counts": {
    "P0": 0,
    "P1": 0,
    "P2": 6
   },
   "checked": 109,
   "problems": []
  },
  {
   "file": "qualification/crypto/ATTESTATION_PARTIAL_windows-smoke.json",
   "commit": "cd7e71dddd1808341877670ff346cdf678b253c2",
   "result": "IN_PROGRESS",
   "gates": {
    "FAIL": 2,
    "PASS": 23,
    "NOT_RUN": 6
   },
   "counts": {
    "P0": 0,
    "P1": 1,
    "P2": 4
   },
   "checked": 102,
   "problems": [
    {
     "where": "gate E2E",
     "file": "qualification/crypto/E2E_EVIDENCE/windows-local-real/E2E_SUMMARY.json",
     "problem": "sha256 divergente",
     "expected": "daedb69ae6f118e9304993f5897e18ef30dd8eb2729c557551b3b744f5854172",
     "got": "7f7b4b1eff7afbd3a61faf5dd2cde88c9eff1e1b937aca5e477dd3b36cbb6d20"
    },
    {
     "where": "gate PROVENANCE",
     "file": "qualification/crypto/E2E_EVIDENCE/windows-local-real/E2E_SUMMARY.json",
     "problem": "sha256 divergente",
     "expected": "daedb69ae6f118e9304993f5897e18ef30dd8eb2729c557551b3b744f5854172",
     "got": "7f7b4b1eff7afbd3a61faf5dd2cde88c9eff1e1b937aca5e477dd3b36cbb6d20"
    },
    {
     "where": "gate CORE_PARTICIPATION",
     "file": "qualification/crypto/E2E_EVIDENCE/windows-local-real/E2E_SUMMARY.json",
     "problem": "sha256 divergente",
     "expected": "daedb69ae6f118e9304993f5897e18ef30dd8eb2729c557551b3b744f5854172",
     "got": "7f7b4b1eff7afbd3a61faf5dd2cde88c9eff1e1b937aca5e477dd3b36cbb6d20"
    }
   ]
  },
  {
   "file": "qualification/crypto/QUALIFICATION_ATTESTATION.json",
   "commit": "800d4d1211b439144d48138bed629a826ef21295",
   "result": "NOT_QUALIFIED",
   "gates": {
    "FAIL": 2,
    "PASS": 24,
    "NOT_RUN": 5
   },
   "counts": {
    "P0": 0,
    "P1": 1,
    "P2": 4
   },
   "checked": 104,
   "problems": []
  }
 ],
 "with_problems": [
  "qualification/crypto/ATTESTATION_PARTIAL_baseline.json",
  "qualification/crypto/ATTESTATION_PARTIAL_cleanroom-final.json",
  "qualification/crypto/ATTESTATION_PARTIAL_contract-wiring.json",
  "qualification/crypto/ATTESTATION_PARTIAL_e2e.json",
  "qualification/crypto/ATTESTATION_PARTIAL_hosted-ci.json",
  "qualification/crypto/ATTESTATION_PARTIAL_idempotency-failure.json",
  "qualification/crypto/ATTESTATION_PARTIAL_publish-candidates.json",
  "qualification/crypto/ATTESTATION_PARTIAL_science.json",
  "qualification/crypto/ATTESTATION_PARTIAL_soak.json",
  "qualification/crypto/ATTESTATION_PARTIAL_windows-smoke.json"
 ]
}
[exit 0]
