# 2026-09-24T09:03:16Z PC 2: data_MANIFEST do run 35978221282 × cópia do pendrive ~/predictors/data/d16/cripto/binance-um-btcusdt (SHA256SUMS 50/50 OK)
{
 "files": [
  {
   "file": "BTCUSDT-1d-2025-09.zip",
   "published": "a4f711e5efb64e87c66d945db3440d2161a6d68eeaee026732c085bf77c9784b",
   "run_copy": "a4f711e5efb64e87c66d945db3440d2161a6d68eeaee026732c085bf77c9784b",
   "local": "a4f711e5efb64e87c66d945db3440d2161a6d68eeaee026732c085bf77c9784b",
   "local_manifest_published": "a4f711e5efb64e87c66d945db3440d2161a6d68eeaee026732c085bf77c9784b",
   "ok": true
  },
  {
   "file": "BTCUSDT-fundingRate-2025-09.zip",
   "published": "21dc6570fc6bffad0e7b5f9e99211b82ad07c95ab4f18c3a2daa3b95ec98344c",
   "run_copy": "21dc6570fc6bffad0e7b5f9e99211b82ad07c95ab4f18c3a2daa3b95ec98344c",
   "local": "21dc6570fc6bffad0e7b5f9e99211b82ad07c95ab4f18c3a2daa3b95ec98344c",
   "local_manifest_published": "21dc6570fc6bffad0e7b5f9e99211b82ad07c95ab4f18c3a2daa3b95ec98344c",
   "ok": true
  },
  {
   "file": "BTCUSDT-1d-2025-10.zip",
   "published": "f3db8b3c74aa33a09f5a7af1521652039e031cdd52e2d9dae542911cb6ce8e68",
   "run_copy": "f3db8b3c74aa33a09f5a7af1521652039e031cdd52e2d9dae542911cb6ce8e68",
   "local": "f3db8b3c74aa33a09f5a7af1521652039e031cdd52e2d9dae542911cb6ce8e68",
   "local_manifest_published": "f3db8b3c74aa33a09f5a7af1521652039e031cdd52e2d9dae542911cb6ce8e68",
   "ok": true
  },
  {
   "file": "BTCUSDT-fundingRate-2025-10.zip",
   "published": "9ecdedab6344fc4cdb154763266b8e09627a71c3cc5574cf868158b541c259c2",
   "run_copy": "9ecdedab6344fc4cdb154763266b8e09627a71c3cc5574cf868158b541c259c2",
   "local": "9ecdedab6344fc4cdb154763266b8e09627a71c3cc5574cf868158b541c259c2",
   "local_manifest_published": "9ecdedab6344fc4cdb154763266b8e09627a71c3cc5574cf868158b541c259c2",
   "ok": true
  },
  {
   "file": "BTCUSDT-1d-2025-11.zip",
   "published": "606b497e9d4ad7b67d2c44482c4a8c136f528a82b4585b1f1a0ecc79a4989165",
   "run_copy": "606b497e9d4ad7b67d2c44482c4a8c136f528a82b4585b1f1a0ecc79a4989165",
   "local": "606b497e9d4ad7b67d2c44482c4a8c136f528a82b4585b1f1a0ecc79a4989165",
   "local_manifest_published": "606b497e9d4ad7b67d2c44482c4a8c136f528a82b4585b1f1a0ecc79a4989165",
   "ok": true
  },
  {
   "file": "BTCUSDT-fundingRate-2025-11.zip",
   "published": "23735400405627d610123e3a43db3e98ae7addb93459cd670e65a7659a5f081b",
   "run_copy": "23735400405627d610123e3a43db3e98ae7addb93459cd670e65a7659a5f081b",
   "local": "23735400405627d610123e3a43db3e98ae7addb93459cd670e65a7659a5f081b",
   "local_manifest_published": "23735400405627d610123e3a43db3e98ae7addb93459cd670e65a7659a5f081b",
   "ok": true
  },
  {
   "file": "BTCUSDT-1d-2025-12.zip",
   "published": "40484d66317a3c7c73e438f8243faf23e041863debdb9e4f523b00156f9dd8d2",
   "run_copy": "40484d66317a3c7c73e438f8243faf23e041863debdb9e4f523b00156f9dd8d2",
   "local": "40484d66317a3c7c73e438f8243faf23e041863debdb9e4f523b00156f9dd8d2",
   "local_manifest_published": "40484d66317a3c7c73e438f8243faf23e041863debdb9e4f523b00156f9dd8d2",
   "ok": true
  },
  {
   "file": "BTCUSDT-fundingRate-2025-12.zip",
   "published": "35318b789f020b0e04c9043112480743855554e52e1d188437cbdaa67246d51d",
   "run_copy": "35318b789f020b0e04c9043112480743855554e52e1d188437cbdaa67246d51d",
   "local": "35318b789f020b0e04c9043112480743855554e52e1d188437cbdaa67246d51d",
   "local_manifest_published": "35318b789f020b0e04c9043112480743855554e52e1d188437cbdaa67246d51d",
   "ok": true
  },
  {
   "file": "BTCUSDT-1d-2026-01.zip",
   "published": "6ea7e8767031806d4ecc17581af562e49f4f223b7db45cbb4e44c078f4f39635",
   "run_copy": "6ea7e8767031806d4ecc17581af562e49f4f223b7db45cbb4e44c078f4f39635",
   "local": "6ea7e8767031806d4ecc17581af562e49f4f223b7db45cbb4e44c078f4f39635",
   "local_manifest_published": "6ea7e8767031806d4ecc17581af562e49f4f223b7db45cbb4e44c078f4f39635",
   "ok": true
  },
  {
   "file": "BTCUSDT-fundingRate-2026-01.zip",
   "published": "fcdc796484f395830d418588a34a26baed8849dbef0ff2b56173247e493ff51f",
   "run_copy": "fcdc796484f395830d418588a34a26baed8849dbef0ff2b56173247e493ff51f",
   "local": "fcdc796484f395830d418588a34a26baed8849dbef0ff2b56173247e493ff51f",
   "local_manifest_published": "fcdc796484f395830d418588a34a26baed8849dbef0ff2b56173247e493ff51f",
   "ok": true
  },
  {
   "file": "BTCUSDT-1d-2026-02.zip",
   "published": "dc4ac6372ec3684e39887b4fd9f9b005da82b285badf56b28ebcc5455590fe37",
   "run_copy": "dc4ac6372ec3684e39887b4fd9f9b005da82b285badf56b28ebcc5455590fe37",
   "local": "dc4ac6372ec3684e39887b4fd9f9b005da82b285badf56b28ebcc5455590fe37",
   "local_manifest_published": "dc4ac6372ec3684e39887b4fd9f9b005da82b285badf56b28ebcc5455590fe37",
   "ok": true
  },
  {
   "file": "BTCUSDT-fundingRate-2026-02.zip",
   "published": "80df1dd669dc1e3afc360c9da8b9a949a127fce088eedbf5bf708bd37b0a1f58",
   "run_copy": "80df1dd669dc1e3afc360c9da8b9a949a127fce088eedbf5bf708bd37b0a1f58",
   "local": "80df1dd669dc1e3afc360c9da8b9a949a127fce088eedbf5bf708bd37b0a1f58",
   "local_manifest_published": "80df1dd669dc1e3afc360c9da8b9a949a127fce088eedbf5bf708bd37b0a1f58",
   "ok": true
  },
  {
   "file": "BTCUSDT-1d-2026-03.zip",
   "published": "6e6f14c60e723f9c9d1e87d00df0553e6f2e8813c67154101884e1d93e017e48",
   "run_copy": "6e6f14c60e723f9c9d1e87d00df0553e6f2e8813c67154101884e1d93e017e48",
   "local": "6e6f14c60e723f9c9d1e87d00df0553e6f2e8813c67154101884e1d93e017e48",
   "local_manifest_published": "6e6f14c60e723f9c9d1e87d00df0553e6f2e8813c67154101884e1d93e017e48",
   "ok": true
  },
  {
   "file": "BTCUSDT-fundingRate-2026-03.zip",
   "published": "5c069d5e9597a44fd0e213395082e59ff223fb99c9eab3a2a5a2a5622ba7867c",
   "run_copy": "5c069d5e9597a44fd0e213395082e59ff223fb99c9eab3a2a5a2a5622ba7867c",
   "local": "5c069d5e9597a44fd0e213395082e59ff223fb99c9eab3a2a5a2a5622ba7867c",
   "local_manifest_published": "5c069d5e9597a44fd0e213395082e59ff223fb99c9eab3a2a5a2a5622ba7867c",
   "ok": true
  },
  {
   "file": "BTCUSDT-1d-2026-04.zip",
   "published": "3860febfca089675b86fd50df54a2da0a7980de1331e5b42e1df0210240ae12d",
   "run_copy": "3860febfca089675b86fd50df54a2da0a7980de1331e5b42e1df0210240ae12d",
   "local": "3860febfca089675b86fd50df54a2da0a7980de1331e5b42e1df0210240ae12d",
   "local_manifest_published": "3860febfca089675b86fd50df54a2da0a7980de1331e5b42e1df0210240ae12d",
   "ok": true
  },
  {
   "file": "BTCUSDT-fundingRate-2026-04.zip",
   "published": "51cdeb4de7d5ef1d4eece80b6115e391bdf7a2d0803bf9ad8371ab23340b22d3",
   "run_copy": "51cdeb4de7d5ef1d4eece80b6115e391bdf7a2d0803bf9ad8371ab23340b22d3",
   "local": "51cdeb4de7d5ef1d4eece80b6115e391bdf7a2d0803bf9ad8371ab23340b22d3",
   "local_manifest_published": "51cdeb4de7d5ef1d4eece80b6115e391bdf7a2d0803bf9ad8371ab23340b22d3",
   "ok": true
  },
  {
   "file": "BTCUSDT-1d-2026-05.zip",
   "published": "91d2e45e3bb4994c849ac56a089da18575b4d01ba1a9f4cff5d3fbbc27b7e9cc",
   "run_copy": "91d2e45e3bb4994c849ac56a089da18575b4d01ba1a9f4cff5d3fbbc27b7e9cc",
   "local": "91d2e45e3bb4994c849ac56a089da18575b4d01ba1a9f4cff5d3fbbc27b7e9cc",
   "local_manifest_published": "91d2e45e3bb4994c849ac56a089da18575b4d01ba1a9f4cff5d3fbbc27b7e9cc",
   "ok": true
  },
  {
   "file": "BTCUSDT-fundingRate-2026-05.zip",
   "published": "445b65fd6b17bfcfb5e4d035db29fad34f729fa078f0449024db42621be84e6e",
   "run_copy": "445b65fd6b17bfcfb5e4d035db29fad34f729fa078f0449024db42621be84e6e",
   "local": "445b65fd6b17bfcfb5e4d035db29fad34f729fa078f0449024db42621be84e6e",
   "local_manifest_published": "445b65fd6b17bfcfb5e4d035db29fad34f729fa078f0449024db42621be84e6e",
   "ok": true
  },
  {
   "file": "BTCUSDT-1d-2026-06.zip",
   "published": "916bc1d543aceb81184584da93d202cccaab5e21eb4e789996af35e6846de668",
   "run_copy": "916bc1d543aceb81184584da93d202cccaab5e21eb4e789996af35e6846de668",
   "local": "916bc1d543aceb81184584da93d202cccaab5e21eb4e789996af35e6846de668",
   "local_manifest_published": "916bc1d543aceb81184584da93d202cccaab5e21eb4e789996af35e6846de668",
   "ok": true
  },
  {
   "file": "BTCUSDT-fundingRate-2026-06.zip",
   "published": "cff97ce688329592bccbbf5873b5c7021649e093f5f5806e332c5b4fb7fd6a00",
   "run_copy": "cff97ce688329592bccbbf5873b5c7021649e093f5f5806e332c5b4fb7fd6a00",
   "local": "cff97ce688329592bccbbf5873b5c7021649e093f5f5806e332c5b4fb7fd6a00",
   "local_manifest_published": "cff97ce688329592bccbbf5873b5c7021649e093f5f5806e332c5b4fb7fd6a00",
   "ok": true
  },
  {
   "file": "BTCUSDT-1d-2026-07.zip",
   "published": "c8aa635aee3c6fdc48347adc975b60c2342ef4253f4269494f9e08e85be61480",
   "run_copy": "c8aa635aee3c6fdc48347adc975b60c2342ef4253f4269494f9e08e85be61480",
   "local": "c8aa635aee3c6fdc48347adc975b60c2342ef4253f4269494f9e08e85be61480",
   "local_manifest_published": "c8aa635aee3c6fdc48347adc975b60c2342ef4253f4269494f9e08e85be61480",
   "ok": true
  },
  {
   "file": "BTCUSDT-fundingRate-2026-07.zip",
   "published": "e36fcc66f493d7d9ec348c852fc22e9f318c79cf7adae17398a3994ae0adc41e",
   "run_copy": "e36fcc66f493d7d9ec348c852fc22e9f318c79cf7adae17398a3994ae0adc41e",
   "local": "e36fcc66f493d7d9ec348c852fc22e9f318c79cf7adae17398a3994ae0adc41e",
   "local_manifest_published": "e36fcc66f493d7d9ec348c852fc22e9f318c79cf7adae17398a3994ae0adc41e",
   "ok": true
  },
  {
   "file": "BTCUSDT-1d-2026-08.zip",
   "published": "0c7a739c1eae50cb60a31cedb4cb59b14b3a806523f044e9e8abbdf5e2a4512b",
   "run_copy": "0c7a739c1eae50cb60a31cedb4cb59b14b3a806523f044e9e8abbdf5e2a4512b",
   "local": "0c7a739c1eae50cb60a31cedb4cb59b14b3a806523f044e9e8abbdf5e2a4512b",
   "local_manifest_published": "0c7a739c1eae50cb60a31cedb4cb59b14b3a806523f044e9e8abbdf5e2a4512b",
   "ok": true
  },
  {
   "file": "BTCUSDT-fundingRate-2026-08.zip",
   "published": "7c108b3a02bd6dc7345ca7323e3a49664edcea0afdcf780ffb3b44762c45a964",
   "run_copy": "7c108b3a02bd6dc7345ca7323e3a49664edcea0afdcf780ffb3b44762c45a964",
   "local": "7c108b3a02bd6dc7345ca7323e3a49664edcea0afdcf780ffb3b44762c45a964",
   "local_manifest_published": "7c108b3a02bd6dc7345ca7323e3a49664edcea0afdcf780ffb3b44762c45a964",
   "ok": true
  },
  {
   "file": "BTCUSDT-1d-2026-09-01.zip",
   "published": "8829f66753bf3bf19cd6eb13887e4b24cd29bec8086f3c549c4ac867ed422511",
   "run_copy": "8829f66753bf3bf19cd6eb13887e4b24cd29bec8086f3c549c4ac867ed422511",
   "local": "8829f66753bf3bf19cd6eb13887e4b24cd29bec8086f3c549c4ac867ed422511",
   "local_manifest_published": "8829f66753bf3bf19cd6eb13887e4b24cd29bec8086f3c549c4ac867ed422511",
   "ok": true
  },
  {
   "file": "BTCUSDT-1d-2026-09-02.zip",
   "published": "7a81f7cc6c1e993e0c8b700f513c45eadaa61ffa0b01b03e6f55af4f509fe7f8",
   "run_copy": "7a81f7cc6c1e993e0c8b700f513c45eadaa61ffa0b01b03e6f55af4f509fe7f8",
   "local": "7a81f7cc6c1e993e0c8b700f513c45eadaa61ffa0b01b03e6f55af4f509fe7f8",
   "local_manifest_published": "7a81f7cc6c1e993e0c8b700f513c45eadaa61ffa0b01b03e6f55af4f509fe7f8",
   "ok": true
  },
  {
   "file": "BTCUSDT-1d-2026-09-03.zip",
   "published": "137ac1c5b40a349921df9762499f3efd3b577953dd8cd84eb44f703d0a547ef8",
   "run_copy": "137ac1c5b40a349921df9762499f3efd3b577953dd8cd84eb44f703d0a547ef8",
   "local": "137ac1c5b40a349921df9762499f3efd3b577953dd8cd84eb44f703d0a547ef8",
   "local_manifest_published": "137ac1c5b40a349921df9762499f3efd3b577953dd8cd84eb44f703d0a547ef8",
   "ok": true
  },
  {
   "file": "BTCUSDT-1d-2026-09-04.zip",
   "published": "c806c62f354f863872296131814f44fa8998f5dcc6a8380deaaad0574496d777",
   "run_copy": "c806c62f354f863872296131814f44fa8998f5dcc6a8380deaaad0574496d777",
   "local": "c806c62f354f863872296131814f44fa8998f5dcc6a8380deaaad0574496d777",
   "local_manifest_published": "c806c62f354f863872296131814f44fa8998f5dcc6a8380deaaad0574496d777",
   "ok": true
  },
  {
   "file": "BTCUSDT-1d-2026-09-05.zip",
   "published": "2eab27c09550c49ed4cecb63a7acbec241f1f27c6fe0f620118a929bd5982b4a",
   "run_copy": "2eab27c09550c49ed4cecb63a7acbec241f1f27c6fe0f620118a929bd5982b4a",
   "local": "2eab27c09550c49ed4cecb63a7acbec241f1f27c6fe0f620118a929bd5982b4a",
   "local_manifest_published": "2eab27c09550c49ed4cecb63a7acbec241f1f27c6fe0f620118a929bd5982b4a",
   "ok": true
  },
  {
   "file": "BTCUSDT-1d-2026-09-06.zip",
   "published": "c63b1c94c83d475a82e461ed0f6f4f24b68948ca2d91d2e1941052d1792bd347",
   "run_copy": "c63b1c94c83d475a82e461ed0f6f4f24b68948ca2d91d2e1941052d1792bd347",
   "local": "c63b1c94c83d475a82e461ed0f6f4f24b68948ca2d91d2e1941052d1792bd347",
   "local_manifest_published": "c63b1c94c83d475a82e461ed0f6f4f24b68948ca2d91d2e1941052d1792bd347",
   "ok": true
  },
  {
   "file": "BTCUSDT-1d-2026-09-07.zip",
   "published": "46e35c4372c7c0b9b0a6937dc998d7eda35b0aac64aa54f66b921b8eabf84f37",
   "run_copy": "46e35c4372c7c0b9b0a6937dc998d7eda35b0aac64aa54f66b921b8eabf84f37",
   "local": "46e35c4372c7c0b9b0a6937dc998d7eda35b0aac64aa54f66b921b8eabf84f37",
   "local_manifest_published": "46e35c4372c7c0b9b0a6937dc998d7eda35b0aac64aa54f66b921b8eabf84f37",
   "ok": true
  },
  {
   "file": "BTCUSDT-1d-2026-09-08.zip",
   "published": "88d25e74a9e7442723721d8e2a3560655abca5693dbe939a9e2c9806fd2d6097",
   "run_copy": "88d25e74a9e7442723721d8e2a3560655abca5693dbe939a9e2c9806fd2d6097",
   "local": "88d25e74a9e7442723721d8e2a3560655abca5693dbe939a9e2c9806fd2d6097",
   "local_manifest_published": "88d25e74a9e7442723721d8e2a3560655abca5693dbe939a9e2c9806fd2d6097",
   "ok": true
  },
  {
   "file": "BTCUSDT-1d-2026-09-09.zip",
   "published": "a23c3edb0f0f2164eaa597ed43fafd769b5a0e485ac83491d6a51c084ea9a2c1",
   "run_copy": "a23c3edb0f0f2164eaa597ed43fafd769b5a0e485ac83491d6a51c084ea9a2c1",
   "local": "a23c3edb0f0f2164eaa597ed43fafd769b5a0e485ac83491d6a51c084ea9a2c1",
   "local_manifest_published": "a23c3edb0f0f2164eaa597ed43fafd769b5a0e485ac83491d6a51c084ea9a2c1",
   "ok": true
  },
  {
   "file": "BTCUSDT-1d-2026-09-10.zip",
   "published": "9ef6d7d1888ba2efdd28f08cd1abb968e8e4a8dfa7891e216c4fc435f4a3aa86",
   "run_copy": "9ef6d7d1888ba2efdd28f08cd1abb968e8e4a8dfa7891e216c4fc435f4a3aa86",
   "local": "9ef6d7d1888ba2efdd28f08cd1abb968e8e4a8dfa7891e216c4fc435f4a3aa86",
   "local_manifest_published": "9ef6d7d1888ba2efdd28f08cd1abb968e8e4a8dfa7891e216c4fc435f4a3aa86",
   "ok": true
  },
  {
   "file": "BTCUSDT-1d-2026-09-11.zip",
   "published": "10e2d8e5593207722c9ee7bfe772ef8e27fbc529ef4a15c84e46a8d9aa864103",
   "run_copy": "10e2d8e5593207722c9ee7bfe772ef8e27fbc529ef4a15c84e46a8d9aa864103",
   "local": "10e2d8e5593207722c9ee7bfe772ef8e27fbc529ef4a15c84e46a8d9aa864103",
   "local_manifest_published": "10e2d8e5593207722c9ee7bfe772ef8e27fbc529ef4a15c84e46a8d9aa864103",
   "ok": true
  },
  {
   "file": "BTCUSDT-1d-2026-09-12.zip",
   "published": "f00f267dad6338631f3e394664e968f22d869fd2065ec49b86f016d6efd8587a",
   "run_copy": "f00f267dad6338631f3e394664e968f22d869fd2065ec49b86f016d6efd8587a",
   "local": "f00f267dad6338631f3e394664e968f22d869fd2065ec49b86f016d6efd8587a",
   "local_manifest_published": "f00f267dad6338631f3e394664e968f22d869fd2065ec49b86f016d6efd8587a",
   "ok": true
  },
  {
   "file": "BTCUSDT-1d-2026-09-13.zip",
   "published": "23453e431faf9fe8ca98f3f7471529684aba676847672d9cf4bef02b118bd9e5",
   "run_copy": "23453e431faf9fe8ca98f3f7471529684aba676847672d9cf4bef02b118bd9e5",
   "local": "23453e431faf9fe8ca98f3f7471529684aba676847672d9cf4bef02b118bd9e5",
   "local_manifest_published": "23453e431faf9fe8ca98f3f7471529684aba676847672d9cf4bef02b118bd9e5",
   "ok": true
  },
  {
   "file": "BTCUSDT-1d-2026-09-14.zip",
   "published": "e807aa02cb9515a6085b63890905f34a878182a22955b178c42b76e18caf3a1c",
   "run_copy": "e807aa02cb9515a6085b63890905f34a878182a22955b178c42b76e18caf3a1c",
   "local": "e807aa02cb9515a6085b63890905f34a878182a22955b178c42b76e18caf3a1c",
   "local_manifest_published": "e807aa02cb9515a6085b63890905f34a878182a22955b178c42b76e18caf3a1c",
   "ok": true
  },
  {
   "file": "BTCUSDT-1d-2026-09-15.zip",
   "published": "01cfd78d8f361f0b4fd15edd88d5ff56c6572b25ad660e9e8561c7bf06ab6879",
   "run_copy": "01cfd78d8f361f0b4fd15edd88d5ff56c6572b25ad660e9e8561c7bf06ab6879",
   "local": "01cfd78d8f361f0b4fd15edd88d5ff56c6572b25ad660e9e8561c7bf06ab6879",
   "local_manifest_published": "01cfd78d8f361f0b4fd15edd88d5ff56c6572b25ad660e9e8561c7bf06ab6879",
   "ok": true
  },
  {
   "file": "BTCUSDT-1d-2026-09-16.zip",
   "published": "a3a7ce746b6b0275136bfe42fa9251381c4f9a9cc6cf76bd359194ac2ad74605",
   "run_copy": "a3a7ce746b6b0275136bfe42fa9251381c4f9a9cc6cf76bd359194ac2ad74605",
   "local": "a3a7ce746b6b0275136bfe42fa9251381c4f9a9cc6cf76bd359194ac2ad74605",
   "local_manifest_published": "a3a7ce746b6b0275136bfe42fa9251381c4f9a9cc6cf76bd359194ac2ad74605",
   "ok": true
  },
  {
   "file": "BTCUSDT-1d-2026-09-17.zip",
   "published": "be4411b6e550142e18f90f6717dfb4c3bc3faca92f9e48e9742b3bb25992deb3",
   "run_copy": "be4411b6e550142e18f90f6717dfb4c3bc3faca92f9e48e9742b3bb25992deb3",
   "local": "be4411b6e550142e18f90f6717dfb4c3bc3faca92f9e48e9742b3bb25992deb3",
   "local_manifest_published": "be4411b6e550142e18f90f6717dfb4c3bc3faca92f9e48e9742b3bb25992deb3",
   "ok": true
  },
  {
   "file": "BTCUSDT-1d-2026-09-18.zip",
   "published": "657aa0354c2e0f317da73e327e5fd52efd30462c80ccfac59645be5e0d6d80bf",
   "run_copy": "657aa0354c2e0f317da73e327e5fd52efd30462c80ccfac59645be5e0d6d80bf",
   "local": "657aa0354c2e0f317da73e327e5fd52efd30462c80ccfac59645be5e0d6d80bf",
   "local_manifest_published": "657aa0354c2e0f317da73e327e5fd52efd30462c80ccfac59645be5e0d6d80bf",
   "ok": true
  },
  {
   "file": "BTCUSDT-1d-2026-09-19.zip",
   "published": "e6c86d5dbab93e392d233fad6af49fd47dad71a4ad1a07d83bbfc7ca5d82abf4",
   "run_copy": "e6c86d5dbab93e392d233fad6af49fd47dad71a4ad1a07d83bbfc7ca5d82abf4",
   "local": "e6c86d5dbab93e392d233fad6af49fd47dad71a4ad1a07d83bbfc7ca5d82abf4",
   "local_manifest_published": "e6c86d5dbab93e392d233fad6af49fd47dad71a4ad1a07d83bbfc7ca5d82abf4",
   "ok": true
  },
  {
   "file": "BTCUSDT-1d-2026-09-20.zip",
   "published": "89d627759ace482a873188e846833602dd0a23f72dd14f11d15cf275892a7b10",
   "run_copy": "89d627759ace482a873188e846833602dd0a23f72dd14f11d15cf275892a7b10",
   "local": "89d627759ace482a873188e846833602dd0a23f72dd14f11d15cf275892a7b10",
   "local_manifest_published": "89d627759ace482a873188e846833602dd0a23f72dd14f11d15cf275892a7b10",
   "ok": true
  },
  {
   "file": "BTCUSDT-1d-2026-09-21.zip",
   "published": "fd1e013d3d81b3c0d7d215faa710a079f81bcb1c9864be09b387e142294f4155",
   "run_copy": "fd1e013d3d81b3c0d7d215faa710a079f81bcb1c9864be09b387e142294f4155",
   "local": "fd1e013d3d81b3c0d7d215faa710a079f81bcb1c9864be09b387e142294f4155",
   "local_manifest_published": "fd1e013d3d81b3c0d7d215faa710a079f81bcb1c9864be09b387e142294f4155",
   "ok": true
  },
  {
   "url": "https://data.binance.vision/data/futures/um/monthly/fundingRate/BTCUSDT/BTCUSDT-fundingRate-2026-09.zip",
   "unavailable_in_run": "HTTPError",
   "unavailable_locally": true
  }
 ],
 "objects": {
  "dataset-real-in-sample.json": {
   "run": "0d04cf7c11e8b27fd294a3c354dee3750c9de9d2b312f0044436e7a1751b9a33",
   "rows": 52,
   "local": "0d04cf7c11e8b27fd294a3c354dee3750c9de9d2b312f0044436e7a1751b9a33",
   "ok": true
  },
  "dataset-real-future-canary.json": {
   "run": "16469376049f22a98c878e35faece63dde3d1caf78873d020d6252746dc01a7a",
   "rows": 55,
   "local": "16469376049f22a98c878e35faece63dde3d1caf78873d020d6252746dc01a7a",
   "ok": true
  }
 },
 "files_ok": 45,
 "files_total": 45,
 "all_ok": true
}
[exit 0]
