# 2026-09-24T09:03:28Z cd ~/predictors/data/d16 && tr -d '\r' < SHA256SUMS.txt | grep ' cripto/' | sha256sum -c -  (SHA256SUMS.txt sha256 10f3fd1a34fad7a3d9c21a5b3a08cb024b067d2b5ca0595ebac08dd2986f5f87)
cripto/binance-um-btcusdt/dataset-real-future-canary.json: OK
cripto/binance-um-btcusdt/dataset-real-in-sample.json: OK
cripto/binance-um-btcusdt/MANIFEST.json: OK
cripto/binance-um-btcusdt/raw/BTCUSDT-1d-2025-09.zip: OK
cripto/binance-um-btcusdt/raw/BTCUSDT-1d-2025-10.zip: OK
cripto/binance-um-btcusdt/raw/BTCUSDT-1d-2025-11.zip: OK
cripto/binance-um-btcusdt/raw/BTCUSDT-1d-2025-12.zip: OK
cripto/binance-um-btcusdt/raw/BTCUSDT-1d-2026-01.zip: OK
cripto/binance-um-btcusdt/raw/BTCUSDT-1d-2026-02.zip: OK
cripto/binance-um-btcusdt/raw/BTCUSDT-1d-2026-03.zip: OK
cripto/binance-um-btcusdt/raw/BTCUSDT-1d-2026-04.zip: OK
cripto/binance-um-btcusdt/raw/BTCUSDT-1d-2026-05.zip: OK
cripto/binance-um-btcusdt/raw/BTCUSDT-1d-2026-06.zip: OK
cripto/binance-um-btcusdt/raw/BTCUSDT-1d-2026-07.zip: OK
cripto/binance-um-btcusdt/raw/BTCUSDT-1d-2026-08.zip: OK
cripto/binance-um-btcusdt/raw/BTCUSDT-1d-2026-09-01.zip: OK
cripto/binance-um-btcusdt/raw/BTCUSDT-1d-2026-09-02.zip: OK
cripto/binance-um-btcusdt/raw/BTCUSDT-1d-2026-09-03.zip: OK
cripto/binance-um-btcusdt/raw/BTCUSDT-1d-2026-09-04.zip: OK
cripto/binance-um-btcusdt/raw/BTCUSDT-1d-2026-09-05.zip: OK
cripto/binance-um-btcusdt/raw/BTCUSDT-1d-2026-09-06.zip: OK
cripto/binance-um-btcusdt/raw/BTCUSDT-1d-2026-09-07.zip: OK
cripto/binance-um-btcusdt/raw/BTCUSDT-1d-2026-09-08.zip: OK
cripto/binance-um-btcusdt/raw/BTCUSDT-1d-2026-09-09.zip: OK
cripto/binance-um-btcusdt/raw/BTCUSDT-1d-2026-09-10.zip: OK
cripto/binance-um-btcusdt/raw/BTCUSDT-1d-2026-09-11.zip: OK
cripto/binance-um-btcusdt/raw/BTCUSDT-1d-2026-09-12.zip: OK
cripto/binance-um-btcusdt/raw/BTCUSDT-1d-2026-09-13.zip: OK
cripto/binance-um-btcusdt/raw/BTCUSDT-1d-2026-09-14.zip: OK
cripto/binance-um-btcusdt/raw/BTCUSDT-1d-2026-09-15.zip: OK
cripto/binance-um-btcusdt/raw/BTCUSDT-1d-2026-09-16.zip: OK
cripto/binance-um-btcusdt/raw/BTCUSDT-1d-2026-09-17.zip: OK
cripto/binance-um-btcusdt/raw/BTCUSDT-1d-2026-09-18.zip: OK
cripto/binance-um-btcusdt/raw/BTCUSDT-1d-2026-09-19.zip: OK
cripto/binance-um-btcusdt/raw/BTCUSDT-1d-2026-09-20.zip: OK
cripto/binance-um-btcusdt/raw/BTCUSDT-1d-2026-09-21.zip: OK
cripto/binance-um-btcusdt/raw/BTCUSDT-fundingRate-2025-09.zip: OK
cripto/binance-um-btcusdt/raw/BTCUSDT-fundingRate-2025-10.zip: OK
cripto/binance-um-btcusdt/raw/BTCUSDT-fundingRate-2025-11.zip: OK
cripto/binance-um-btcusdt/raw/BTCUSDT-fundingRate-2025-12.zip: OK
cripto/binance-um-btcusdt/raw/BTCUSDT-fundingRate-2026-01.zip: OK
cripto/binance-um-btcusdt/raw/BTCUSDT-fundingRate-2026-02.zip: OK
cripto/binance-um-btcusdt/raw/BTCUSDT-fundingRate-2026-03.zip: OK
cripto/binance-um-btcusdt/raw/BTCUSDT-fundingRate-2026-04.zip: OK
cripto/binance-um-btcusdt/raw/BTCUSDT-fundingRate-2026-05.zip: OK
cripto/binance-um-btcusdt/raw/BTCUSDT-fundingRate-2026-06.zip: OK
cripto/binance-um-btcusdt/raw/BTCUSDT-fundingRate-2026-07.zip: OK
cripto/binance-um-btcusdt/raw/BTCUSDT-fundingRate-2026-08.zip: OK
[exit 0]
