# 2026-09-24T09:08:34Z D-16: scan_secrets.py (cripto-predictor 341d270) no repo de evidência (branch cripto/d16-fechamento-20260924 @ ec250a4 + árvore de trabalho)
{
  "finding_count": 10,
  "findings": [
    {
      "path": "qualification/brasileirao/FROZEN_PARAMETERS.json",
      "line": 193,
      "kind": "credential_assignment"
    },
    {
      "path": "qualification/crypto/FROZEN_PARAMETERS.json",
      "line": 157,
      "kind": "credential_assignment"
    },
    {
      "path": "qualification/crypto/RAW_LOGS/d16/35976569248/science/SCIENCE_REAL.json",
      "line": 63,
      "kind": "credential_assignment"
    },
    {
      "path": "qualification/crypto/RAW_LOGS/d16/35978221282/science/SCIENCE_REAL.json",
      "line": 63,
      "kind": "credential_assignment"
    },
    {
      "path": "qualification/crypto/RAW_LOGS/v1.1/secrets_scan_v1.1_diffs.log",
      "line": 4,
      "kind": "credential_assignment"
    },
    {
      "path": "qualification/crypto/RAW_LOGS/v1.1/secrets_scan_v1.1_diffs.log",
      "line": 5,
      "kind": "credential_assignment"
    },
    {
      "path": "qualification/crypto/RAW_LOGS/v1.1/secrets_scan_v1.1_diffs.log",
      "line": 6,
      "kind": "credential_assignment"
    },
    {
      "path": "qualification/crypto/RAW_LOGS/v1.1/windows-local/science/SCIENCE_REAL.json",
      "line": 63,
      "kind": "credential_assignment"
    },
    {
      "path": "qualification/crypto/RAW_LOGS/windows-smoke/local/science/SCIENCE_REAL.json",
      "line": 63,
      "kind": "credential_assignment"
    },
    {
      "path": "qualification/stocks/FROZEN_PARAMETERS.json",
      "line": 153,
      "kind": "credential_assignment"
    }
  ]
}
scan exit=1
--- revisão: linha de cada alerta em qualification/crypto/
qualification/crypto/FROZEN_PARAMETERS.json:157: "token": "FUTURE_CANARY_CRYPTO_001",
qualification/crypto/RAW_LOGS/d16/35976569248/science/SCIENCE_REAL.json:63: "token": "FUTURE_CANARY_CRYPTO_001",
qualification/crypto/RAW_LOGS/d16/35978221282/science/SCIENCE_REAL.json:63: "token": "FUTURE_CANARY_CRYPTO_001",
qualification/crypto/RAW_LOGS/v1.1/secrets_scan_v1.1_diffs.log:4: revisão: os 3 alertas do scan_secrets são o marcador público do canário ("token": "FUTURE_CANARY_CRYPTO_001"), não segredo
qualification/crypto/RAW_LOGS/v1.1/secrets_scan_v1.1_diffs.log:5: "token": "FUTURE_CANARY_CRYPTO_001",
qualification/crypto/RAW_LOGS/v1.1/secrets_scan_v1.1_diffs.log:6: "token": "FUTURE_CANARY_CRYPTO_001",
qualification/crypto/RAW_LOGS/v1.1/windows-local/science/SCIENCE_REAL.json:63: "token": "FUTURE_CANARY_CRYPTO_001",
qualification/crypto/RAW_LOGS/windows-smoke/local/science/SCIENCE_REAL.json:63: "token": "FUTURE_CANARY_CRYPTO_001",
--- padrões do COMUM (ghp_, gho_, github_pat_, -----BEGIN ... PRIVATE KEY, api_key/secret/password com atribuição)
arquivos alterados/novos desde origin/main examinados: 65
ocorrências: 0
