# 2026-09-24T09:03:15Z PC 2: wheels baixadas das releases (curl -sSfL das URLs de final_wheels + sdist) em ~/predictors/runtime/cripto/wheels; --src = git archive 341d270
{
 "files": {
  "cripto_predictor-1.2.0rc2-py3-none-any.whl": {
   "expected": "6e62f67f0779aef7e913d34b4d3d3d6ed5f88ad882e8fa8372f54c4ab59bc8ee",
   "got": "6e62f67f0779aef7e913d34b4d3d3d6ed5f88ad882e8fa8372f54c4ab59bc8ee",
   "ok": true
  },
  "predictor_core-3.2.1-py3-none-any.whl": {
   "expected": "10ef42f34ace8bb2df5f83ff7de2ceec79b035a25ea0a690e8942bd60d2fb4e3",
   "got": "10ef42f34ace8bb2df5f83ff7de2ceec79b035a25ea0a690e8942bd60d2fb4e3",
   "ok": true
  },
  "predictor_ops-4.2.2rc1-py3-none-any.whl": {
   "expected": "0be70bfbb2437dfb080baceb9af41043a09d03b15a358903b8bd7007f5f169b3",
   "got": "0be70bfbb2437dfb080baceb9af41043a09d03b15a358903b8bd7007f5f169b3",
   "ok": true
  },
  "cripto_predictor-1.2.0rc2.tar.gz": {
   "expected": "dadf3300de3bce18b84e8b434f15262d30fa36316b13dbfb7228cf82388dec31",
   "got": "dadf3300de3bce18b84e8b434f15262d30fa36316b13dbfb7228cf82388dec31",
   "ok": true
  }
 },
 "record": {
  "ok": 214,
  "bad": 0
 },
 "against_source": {
  "commit": "341d270e4d709150c581c3cd93f4518d483009eb",
  "identical": 211,
  "different": [],
  "without_source": []
 },
 "all_ok": true
}
[exit 0]
