{"n": 1, "label": "propose 1", "at": "2026-09-27T23:53:50Z", "seconds": 0.151, "argv": ["/home/runner/work/_temp/work/rt/cain-venv/bin/cain", "research", "propose", "--domain", "crypto", "--state", "/home/runner/work/_temp/work/failures/F10/cain-state", "--proposal", "/home/runner/work/_temp/work/failures/F10/proposals/1.json", "--as-of", "2026-09-27T23:53:49Z"], "fault_env": {}, "exit": 0}
--- stdout
{"decision": "ALLOW", "episode_id": "crypto:episode-1", "reason_code": "ALLOWED", "receipt_sha256": "93d23c6502fadad6c7fb3068e23bb30a0d990eec93675cff5fe13c7e2bd2c010", "rule": "R14", "status": "RECORDED", "task": {"payload_sha256": "ce064b16fa538de60597686adf880d881b14115b153843de12de0d6bd11ba0ed", "previous_task_id": null, "task_id": "crypto:TASK-1f666f0d35938548f5d439a6e3d46a98"}}
--- stderr
--- end
{"n": 2, "label": "dispatch 1", "at": "2026-09-27T23:53:50Z", "seconds": 0.118, "argv": ["/home/runner/work/_temp/work/rt/cain-venv/bin/cain", "research", "dispatch", "--domain", "crypto", "--state", "/home/runner/work/_temp/work/failures/F10/cain-state", "--spool", "/home/runner/work/_temp/work/failures/F10/spool"], "fault_env": {}, "exit": 0}
--- stdout
{"action": "dispatched", "file": "crypto/tasks/TASK-1f666f0d35938548f5d439a6e3d46a98.json", "spool": "WRITTEN", "task_id": "crypto:TASK-1f666f0d35938548f5d439a6e3d46a98"}
--- stderr
--- end
{"n": 3, "label": "consumer 1", "at": "2026-09-27T23:53:50Z", "seconds": 0.44, "argv": ["/home/runner/work/_temp/work/rt/consumer-venv/bin/predictor-research-consumer", "--domain", "crypto", "--spool", "/home/runner/work/_temp/work/failures/F10/spool", "--ledger", "/home/runner/work/_temp/work/failures/F10/consumer/ledger.sqlite", "--state", "/home/runner/work/_temp/work/failures/F10/domain-state", "--policy", "/home/runner/work/_temp/work/rt/op/policy.json", "--objects", "/home/runner/work/_temp/work/rt/op/objects"], "fault_env": {}, "exit": 0}
--- stdout
{"action": "delivered", "attempt": 1, "class": "TERMINAL_RESULT", "episode_id": "crypto:episode-1", "result_file": "crypto/results/TASK-1f666f0d35938548f5d439a6e3d46a98.b300ffbd7ed9a406.json", "result_write": "WRITTEN", "status": "RESULT", "task_id": "crypto:TASK-1f666f0d35938548f5d439a6e3d46a98"}
--- stderr
{"duration_ms": 207, "event": "job_finished", "job_id": "crypto-research-c8cfa6bb156a72f86909260b", "level": "INFO", "run_id": "0303e2620d78403693172b53b3eb394d", "run_status": "SUCCEEDED", "service": "predictor_ops", "timestamp": "2026-09-27T23:53:50.554363Z"}
--- end
{"n": 4, "label": "ingest 1", "at": "2026-09-27T23:53:50Z", "seconds": 0.123, "argv": ["/home/runner/work/_temp/work/rt/cain-venv/bin/cain", "research", "ingest", "--domain", "crypto", "--state", "/home/runner/work/_temp/work/failures/F10/cain-state", "--spool", "/home/runner/work/_temp/work/failures/F10/spool"], "fault_env": {}, "exit": 0}
--- stdout
{"action": "ingested", "class": "TERMINAL_RESULT", "fact": "fact:1130a21e658e4420b45aee50c61cb5ed", "file": "TASK-1f666f0d35938548f5d439a6e3d46a98.b300ffbd7ed9a406.json", "status": "RESULT", "task_id": "crypto:TASK-1f666f0d35938548f5d439a6e3d46a98"}
--- stderr
--- end
{"n": 5, "label": "propose 2", "at": "2026-09-27T23:53:50Z", "seconds": 0.12, "argv": ["/home/runner/work/_temp/work/rt/cain-venv/bin/cain", "research", "propose", "--domain", "crypto", "--state", "/home/runner/work/_temp/work/failures/F10/cain-state", "--proposal", "/home/runner/work/_temp/work/failures/F10/proposals/2.json", "--as-of", "2026-09-27T23:53:50Z"], "fault_env": {}, "exit": 0}
--- stdout
{"decision": "ALLOW", "episode_id": "crypto:episode-2", "reason_code": "ALLOWED", "receipt_sha256": "c83e2342180d8810ef8ba13b67917a8a617f00276b80174ca9774230976d2057", "rule": "R14", "status": "RECORDED", "task": {"payload_sha256": "a38c93f30d71d4c7310235f560be21527e7b8720629cfc79ba855184c44c4fd2", "previous_task_id": "crypto:TASK-1f666f0d35938548f5d439a6e3d46a98", "task_id": "crypto:TASK-fe0d545866305674f36a15ffb165643c"}}
--- stderr
--- end
{"n": 6, "label": "dispatch 2", "at": "2026-09-27T23:53:50Z", "seconds": 0.118, "argv": ["/home/runner/work/_temp/work/rt/cain-venv/bin/cain", "research", "dispatch", "--domain", "crypto", "--state", "/home/runner/work/_temp/work/failures/F10/cain-state", "--spool", "/home/runner/work/_temp/work/failures/F10/spool"], "fault_env": {}, "exit": 0}
--- stdout
{"action": "dispatched", "file": "crypto/tasks/TASK-fe0d545866305674f36a15ffb165643c.json", "spool": "WRITTEN", "task_id": "crypto:TASK-fe0d545866305674f36a15ffb165643c"}
--- stderr
--- end
{"n": 7, "label": "consumer 2", "at": "2026-09-27T23:53:51Z", "seconds": 0.433, "argv": ["/home/runner/work/_temp/work/rt/consumer-venv/bin/predictor-research-consumer", "--domain", "crypto", "--spool", "/home/runner/work/_temp/work/failures/F10/spool", "--ledger", "/home/runner/work/_temp/work/failures/F10/consumer/ledger.sqlite", "--state", "/home/runner/work/_temp/work/failures/F10/domain-state", "--policy", "/home/runner/work/_temp/work/rt/op/policy.json", "--objects", "/home/runner/work/_temp/work/rt/op/objects"], "fault_env": {}, "exit": 0}
--- stdout
{"action": "skipped", "episode_id": "crypto:episode-1", "state": "TERMINAL_RESULT", "status": "RESULT", "task_id": "crypto:TASK-1f666f0d35938548f5d439a6e3d46a98"}
{"action": "delivered", "attempt": 1, "class": "TERMINAL_RESULT", "episode_id": "crypto:episode-2", "result_file": "crypto/results/TASK-fe0d545866305674f36a15ffb165643c.4de1e36d313d99fe.json", "result_write": "WRITTEN", "status": "RESULT", "task_id": "crypto:TASK-fe0d545866305674f36a15ffb165643c"}
--- stderr
{"duration_ms": 207, "event": "job_finished", "job_id": "crypto-research-2740742cfd5818eaeb414576", "level": "INFO", "run_id": "0a87da75a043402481156100df864f62", "run_status": "SUCCEEDED", "service": "predictor_ops", "timestamp": "2026-09-27T23:53:51.349504Z"}
--- end
{"n": 8, "label": "ingest out of order", "at": "2026-09-27T23:53:51Z", "seconds": 0.123, "argv": ["/home/runner/work/_temp/work/rt/cain-venv/bin/cain", "research", "ingest", "--domain", "crypto", "--state", "/home/runner/work/_temp/work/failures/F10/cain-state", "--spool", "/home/runner/work/_temp/work/failures/F10/spool"], "fault_env": {}, "exit": 0}
--- stdout
{"action": "duplicate", "file": "00-late-TASK-1f666f0d35938548f5d439a6e3d46a98.b300ffbd7ed9a406.json"}
{"action": "duplicate", "file": "TASK-1f666f0d35938548f5d439a6e3d46a98.b300ffbd7ed9a406.json"}
{"action": "ingested", "class": "TERMINAL_RESULT", "fact": "fact:dbecf79fe2824d07a953833f2fdb393d", "file": "TASK-fe0d545866305674f36a15ffb165643c.4de1e36d313d99fe.json", "status": "RESULT", "task_id": "crypto:TASK-fe0d545866305674f36a15ffb165643c"}
--- stderr
--- end
{"n": 9, "label": "episodes", "at": "2026-09-27T23:53:51Z", "seconds": 0.117, "argv": ["/home/runner/work/_temp/work/rt/cain-venv/bin/cain", "research", "episodes", "--domain", "crypto", "--state", "/home/runner/work/_temp/work/failures/F10/cain-state"], "fault_env": {}, "exit": 0}
--- stdout
{"domain": "crypto", "episodes": [{"as_of": "2026-09-27T23:53:49Z", "decision": "ALLOW", "number": 1, "outbox": {"dispatches": 1, "retries_requested": 0, "status": "PUBLISHED", "task_id": "crypto:TASK-1f666f0d35938548f5d439a6e3d46a98"}, "proposal_id": "cain:FM-F10-1", "reason_code": "ALLOWED", "receipt_sha256": "93d23c6502fadad6c7fb3068e23bb30a0d990eec93675cff5fe13c7e2bd2c010", "source": "operator", "task_id": "crypto:TASK-1f666f0d35938548f5d439a6e3d46a98"}, {"as_of": "2026-09-27T23:53:50Z", "decision": "ALLOW", "number": 2, "outbox": {"dispatches": 1, "retries_requested": 0, "status": "PUBLISHED", "task_id": "crypto:TASK-fe0d545866305674f36a15ffb165643c"}, "proposal_id": "cain:FM-F10-2", "reason_code": "ALLOWED", "receipt_sha256": "c83e2342180d8810ef8ba13b67917a8a617f00276b80174ca9774230976d2057", "source": "operator", "task_id": "crypto:TASK-fe0d545866305674f36a15ffb165643c"}], "inbox": [{"class": "TERMINAL_RESULT", "fact_id": "fact:1130a21e658e4420b45aee50c61cb5ed", "payload_sha256": "72d32f85537b54cfc3e74017c50cb2371f0b8fccbbbf9996bed47610e4f4774c", "status": "RESULT", "task_id": "crypto:TASK-1f666f0d35938548f5d439a6e3d46a98"}, {"class": "TERMINAL_RESULT", "fact_id": "fact:dbecf79fe2824d07a953833f2fdb393d", "payload_sha256": "03c40db5923b9ce35e371073d2c82189aadc4b76a47aa2a92d8f4be2b2c00d39", "status": "RESULT", "task_id": "crypto:TASK-fe0d545866305674f36a15ffb165643c"}], "memory": {"broken_at": null, "entries": 2, "head": "121cf2968e0961e6038cc1c70eb10a7b65ea965165d92a98698f46a9419b8771", "head_recorded_at": "2026-09-27T23:53:51.498231Z", "projection": "consistent", "status": "intact"}, "rejections": []}
--- stderr
--- end
{"n": 10, "label": "two tasks, two results", "at": "2026-09-27T23:53:51Z", "seconds": 0.117, "argv": ["/home/runner/work/_temp/work/rt/cain-venv/bin/cain", "research", "episodes", "--domain", "crypto", "--state", "/home/runner/work/_temp/work/failures/F10/cain-state"], "fault_env": {}, "exit": 0}
--- stdout
{"domain": "crypto", "episodes": [{"as_of": "2026-09-27T23:53:49Z", "decision": "ALLOW", "number": 1, "outbox": {"dispatches": 1, "retries_requested": 0, "status": "PUBLISHED", "task_id": "crypto:TASK-1f666f0d35938548f5d439a6e3d46a98"}, "proposal_id": "cain:FM-F10-1", "reason_code": "ALLOWED", "receipt_sha256": "93d23c6502fadad6c7fb3068e23bb30a0d990eec93675cff5fe13c7e2bd2c010", "source": "operator", "task_id": "crypto:TASK-1f666f0d35938548f5d439a6e3d46a98"}, {"as_of": "2026-09-27T23:53:50Z", "decision": "ALLOW", "number": 2, "outbox": {"dispatches": 1, "retries_requested": 0, "status": "PUBLISHED", "task_id": "crypto:TASK-fe0d545866305674f36a15ffb165643c"}, "proposal_id": "cain:FM-F10-2", "reason_code": "ALLOWED", "receipt_sha256": "c83e2342180d8810ef8ba13b67917a8a617f00276b80174ca9774230976d2057", "source": "operator", "task_id": "crypto:TASK-fe0d545866305674f36a15ffb165643c"}], "inbox": [{"class": "TERMINAL_RESULT", "fact_id": "fact:1130a21e658e4420b45aee50c61cb5ed", "payload_sha256": "72d32f85537b54cfc3e74017c50cb2371f0b8fccbbbf9996bed47610e4f4774c", "status": "RESULT", "task_id": "crypto:TASK-1f666f0d35938548f5d439a6e3d46a98"}, {"class": "TERMINAL_RESULT", "fact_id": "fact:dbecf79fe2824d07a953833f2fdb393d", "payload_sha256": "03c40db5923b9ce35e371073d2c82189aadc4b76a47aa2a92d8f4be2b2c00d39", "status": "RESULT", "task_id": "crypto:TASK-fe0d545866305674f36a15ffb165643c"}], "memory": {"broken_at": null, "entries": 2, "head": "121cf2968e0961e6038cc1c70eb10a7b65ea965165d92a98698f46a9419b8771", "head_recorded_at": "2026-09-27T23:53:51.498231Z", "projection": "consistent", "status": "intact"}, "rejections": []}
--- stderr
--- end
