{"effective_proposal": "/home/runner/work/_temp/work/failures/F12/proposals/1.json", "template": "fixtures/proposals/e2e/01-allow.json", "sha256": "dceccae006433b0e8932679f28f8cdc898946829b2718da4f87a3383807d8f93"}
{"n": 1, "label": "propose 1", "at": "2026-09-28T15:18:51Z", "seconds": 0.145, "argv": ["/home/runner/work/_temp/work/rt/cain-venv/bin/cain", "research", "propose", "--domain", "stocks", "--state", "/home/runner/work/_temp/work/failures/F12/cain-state", "--proposal", "/home/runner/work/_temp/work/failures/F12/proposals/1.json", "--as-of", "2026-09-28T15:18:51Z"], "fault_env": {}, "exit": 0}
--- stdout
{"decision": "ALLOW", "episode_id": "stocks:episode-1", "reason_code": "ALLOWED", "receipt_sha256": "767858e20cc6f3f2e8c3a9bf5af480c651b9ba887f7f345bf5ef277352640895", "rule": "R14", "status": "RECORDED", "task": {"payload_sha256": "ea0b23fb5fb281ed9bc54d212cc474892f087db800e5fa126f8d306f58d48712", "previous_task_id": null, "task_id": "stocks:TASK-10c3e7186e83e5a5fa890788c06ea95a"}}
--- stderr
--- end
{"n": 2, "label": "dispatch 1", "at": "2026-09-28T15:18:51Z", "seconds": 0.131, "argv": ["/home/runner/work/_temp/work/rt/cain-venv/bin/cain", "research", "dispatch", "--domain", "stocks", "--state", "/home/runner/work/_temp/work/failures/F12/cain-state", "--spool", "/home/runner/work/_temp/work/failures/F12/spool"], "fault_env": {}, "exit": 0}
--- stdout
{"action": "dispatched", "file": "stocks/tasks/TASK-10c3e7186e83e5a5fa890788c06ea95a.json", "spool": "WRITTEN", "task_id": "stocks:TASK-10c3e7186e83e5a5fa890788c06ea95a"}
--- stderr
--- end
{"n": 3, "label": "consumer 1", "at": "2026-09-28T15:19:00Z", "seconds": 8.717, "argv": ["/home/runner/work/_temp/work/rt/consumer-venv/bin/predictor-research-consumer", "--domain", "stocks", "--spool", "/home/runner/work/_temp/work/failures/F12/spool", "--ledger", "/home/runner/work/_temp/work/failures/F12/consumer/ledger.sqlite", "--state", "/home/runner/work/_temp/work/failures/F12/domain-state", "--policy", "/home/runner/work/_temp/work/rt/op/policy.json", "--objects", "/home/runner/work/_temp/work/rt/op/objects"], "fault_env": {}, "exit": 0}
--- stdout
{"action": "delivered", "attempt": 1, "class": "TERMINAL_RESULT", "episode_id": "stocks:episode-1", "result_file": "stocks/results/TASK-10c3e7186e83e5a5fa890788c06ea95a.7abc049bac797a69.json", "result_write": "WRITTEN", "status": "RESULT", "task_id": "stocks:TASK-10c3e7186e83e5a5fa890788c06ea95a"}
--- stderr
{"duration_ms": 8432, "event": "job_finished", "job_id": "stocks-research-5e03d189c2575737cb4a88dd", "level": "INFO", "run_id": "3b309bb068ff4dbbae0c123f74316a89", "run_status": "SUCCEEDED", "service": "predictor_ops", "timestamp": "2026-09-28T15:18:59.957960Z"}
--- end
{"n": 4, "label": "ingest 1", "at": "2026-09-28T15:19:00Z", "seconds": 0.147, "argv": ["/home/runner/work/_temp/work/rt/cain-venv/bin/cain", "research", "ingest", "--domain", "stocks", "--state", "/home/runner/work/_temp/work/failures/F12/cain-state", "--spool", "/home/runner/work/_temp/work/failures/F12/spool"], "fault_env": {}, "exit": 0}
--- stdout
{"action": "ingested", "class": "TERMINAL_RESULT", "fact": "fact:fd30648c00d143efad11cc261585f3e9", "file": "TASK-10c3e7186e83e5a5fa890788c06ea95a.7abc049bac797a69.json", "status": "RESULT", "task_id": "stocks:TASK-10c3e7186e83e5a5fa890788c06ea95a"}
--- stderr
--- end
{"n": 5, "label": "tamper other-payload", "at": "2026-09-28T15:19:00Z", "seconds": 0.065, "argv": ["/home/runner/work/_temp/work/rt/cain-venv/bin/python", "-I", "/home/runner/work/_temp/work/failures/F12/tamper.py", "other-payload", "/home/runner/work/_temp/work/failures/F12/spool/stocks/tasks/TASK-10c3e7186e83e5a5fa890788c06ea95a.json", "/home/runner/work/_temp/work/failures/F12/spool/stocks/results/TASK-10c3e7186e83e5a5fa890788c06ea95a.7abc049bac797a69.json", "/home/runner/work/_temp/work/failures/F12/spool/stocks/results/other-payload.json"], "fault_env": {}, "exit": 0}
--- stdout
{"mode": "other-payload", "bytes": 96417}
--- stderr
--- end
{"n": 6, "label": "ingest other payload", "at": "2026-09-28T15:19:00Z", "seconds": 0.138, "argv": ["/home/runner/work/_temp/work/rt/cain-venv/bin/cain", "research", "ingest", "--domain", "stocks", "--state", "/home/runner/work/_temp/work/failures/F12/cain-state", "--spool", "/home/runner/work/_temp/work/failures/F12/spool"], "fault_env": {}, "exit": 2}
--- stdout
{"action": "duplicate", "file": "TASK-10c3e7186e83e5a5fa890788c06ea95a.7abc049bac797a69.json"}
{"action": "rejected", "code": "CONFLICT", "file": "other-payload.json", "reason": "another domain payload was already ingested for this task"}
--- stderr
--- end
{"n": 7, "label": "re-dispatch over tampered spool file", "at": "2026-09-28T15:19:00Z", "seconds": 0.132, "argv": ["/home/runner/work/_temp/work/rt/cain-venv/bin/cain", "research", "dispatch", "--domain", "stocks", "--state", "/home/runner/work/_temp/work/failures/F12/cain-state", "--spool", "/home/runner/work/_temp/work/failures/F12/spool", "--resend"], "fault_env": {}, "exit": 2}
--- stdout
{"detail": "CONFLICT: tasks/TASK-10c3e7186e83e5a5fa890788c06ea95a.json already has other bytes", "error": "CONFLICT"}
--- stderr
--- end
{"n": 8, "label": "original kept", "at": "2026-09-28T15:19:00Z", "seconds": 0.13, "argv": ["/home/runner/work/_temp/work/rt/cain-venv/bin/cain", "research", "episodes", "--domain", "stocks", "--state", "/home/runner/work/_temp/work/failures/F12/cain-state"], "fault_env": {}, "exit": 0}
--- stdout
{"domain": "stocks", "episodes": [{"as_of": "2026-09-28T15:18:51Z", "decision": "ALLOW", "number": 1, "outbox": {"dispatches": 1, "retries_requested": 0, "status": "PUBLISHED", "task_id": "stocks:TASK-10c3e7186e83e5a5fa890788c06ea95a"}, "proposal_id": "cain:FM-F12-1", "reason_code": "ALLOWED", "receipt_sha256": "767858e20cc6f3f2e8c3a9bf5af480c651b9ba887f7f345bf5ef277352640895", "source": "operator", "task_id": "stocks:TASK-10c3e7186e83e5a5fa890788c06ea95a"}], "inbox": [{"class": "TERMINAL_RESULT", "fact_id": "fact:fd30648c00d143efad11cc261585f3e9", "payload_sha256": "cfab4ee5bf4f4cbc7fdcda2f30d81b5a51dfb62d4e51bbc7af1dec1927c6642f", "status": "RESULT", "task_id": "stocks:TASK-10c3e7186e83e5a5fa890788c06ea95a"}], "memory": {"broken_at": null, "entries": 1, "head": "6b5438930aae5440aae657531076fa4a6583b39f0bd0496df154ff47360e478e", "head_recorded_at": "2026-09-28T15:19:00.138482Z", "projection": "consistent", "status": "intact"}, "rejections": [{"code": "CONFLICT", "file": "other-payload.json"}]}
--- stderr
--- end
