{"effective_proposal": "/home/runner/work/_temp/work/failures/F14/proposals/1.json", "template": "fixtures/proposals/e2e/01-allow.json", "sha256": "08625a8141692da6213504d71cf6da69fb13340a70dc50c5767343ad56e07dc8"}
{"n": 1, "label": "propose 1", "at": "2026-09-28T15:19:10Z", "seconds": 0.147, "argv": ["/home/runner/work/_temp/work/rt/cain-venv/bin/cain", "research", "propose", "--domain", "stocks", "--state", "/home/runner/work/_temp/work/failures/F14/cain-state", "--proposal", "/home/runner/work/_temp/work/failures/F14/proposals/1.json", "--as-of", "2026-09-28T15:19:10Z"], "fault_env": {}, "exit": 0}
--- stdout
{"decision": "ALLOW", "episode_id": "stocks:episode-1", "reason_code": "ALLOWED", "receipt_sha256": "1f1e9a3e2cc9421384f1cb639ae9276c939aa716912d6af9056068b3babb58bd", "rule": "R14", "status": "RECORDED", "task": {"payload_sha256": "a5246653d8262815bf8b0875cbc0410939d95593a07efed1c3332be78b911213", "previous_task_id": null, "task_id": "stocks:TASK-e125c48bc88dc08db145a24397096b95"}}
--- stderr
--- end
{"n": 2, "label": "dispatch", "at": "2026-09-28T15:19:10Z", "seconds": 0.13, "argv": ["/home/runner/work/_temp/work/rt/cain-venv/bin/cain", "research", "dispatch", "--domain", "stocks", "--state", "/home/runner/work/_temp/work/failures/F14/cain-state", "--spool", "/home/runner/work/_temp/work/failures/F14/spool"], "fault_env": {}, "exit": 0}
--- stdout
{"action": "dispatched", "file": "stocks/tasks/TASK-e125c48bc88dc08db145a24397096b95.json", "spool": "WRITTEN", "task_id": "stocks:TASK-e125c48bc88dc08db145a24397096b95"}
--- stderr
--- end
{"n": 3, "label": "consumer with Ops worker crash", "at": "2026-09-28T15:19:10Z", "seconds": 0.372, "argv": ["/home/runner/work/_temp/work/rt/consumer-venv/bin/predictor-research-consumer", "--domain", "stocks", "--spool", "/home/runner/work/_temp/work/failures/F14/spool", "--ledger", "/home/runner/work/_temp/work/failures/F14/consumer/ledger.sqlite", "--state", "/home/runner/work/_temp/work/failures/F14/domain-state", "--policy", "/home/runner/work/_temp/work/rt/op/policy.json", "--objects", "/home/runner/work/_temp/work/rt/op/objects"], "fault_env": {"STOCKS_RESEARCH_FAULT": "ops_worker_crash"}, "exit": 0}
--- stdout
{"action": "delivered", "attempt": 1, "class": "RETRYABLE", "episode_id": "stocks:episode-1", "result_file": "stocks/results/TASK-e125c48bc88dc08db145a24397096b95.ff700dd9c9bb7e8f.json", "result_write": "WRITTEN", "status": "OPS_FAILED_RETRYABLE", "task_id": "stocks:TASK-e125c48bc88dc08db145a24397096b95"}
--- stderr
{"duration_ms": 107, "event": "job_finished", "job_id": "stocks-research-7d15143d009673987a863571", "level": "INFO", "run_id": "cae4ff70f7e3460f8336397e841001ce", "run_status": "FAILED", "service": "predictor_ops", "timestamp": "2026-09-28T15:19:10.727895Z"}
--- end
{"n": 4, "label": "ingest retryable", "at": "2026-09-28T15:19:10Z", "seconds": 0.133, "argv": ["/home/runner/work/_temp/work/rt/cain-venv/bin/cain", "research", "ingest", "--domain", "stocks", "--state", "/home/runner/work/_temp/work/failures/F14/cain-state", "--spool", "/home/runner/work/_temp/work/failures/F14/spool"], "fault_env": {}, "exit": 0}
--- stdout
{"action": "ingested", "class": "RETRYABLE", "fact": null, "file": "TASK-e125c48bc88dc08db145a24397096b95.ff700dd9c9bb7e8f.json", "status": "OPS_FAILED_RETRYABLE", "task_id": "stocks:TASK-e125c48bc88dc08db145a24397096b95"}
--- stderr
--- end
{"effective_proposal": "/home/runner/work/_temp/work/failures/F14/proposals/2.json", "template": "fixtures/proposals/e2e/01-allow.json", "sha256": "4de797db58787b8c930400739e4b3e8fb05a756ff0184591595c608792393b25"}
{"n": 5, "label": "propose 2", "at": "2026-09-28T15:19:11Z", "seconds": 0.128, "argv": ["/home/runner/work/_temp/work/rt/cain-venv/bin/cain", "research", "propose", "--domain", "stocks", "--state", "/home/runner/work/_temp/work/failures/F14/cain-state", "--proposal", "/home/runner/work/_temp/work/failures/F14/proposals/2.json", "--as-of", "2026-09-28T15:19:10Z"], "fault_env": {}, "exit": 0}
--- stdout
{"decision": "ABSTAIN", "episode_id": "stocks:episode-2", "reason_code": "OPEN_TASK_PENDING", "receipt_sha256": "afe31cc1a80b21e29867392a867a9236f9a9ce199dfbcd5c014686f4253bc3be", "rule": "R12", "status": "RECORDED", "task": null}
--- stderr
--- end
{"n": 6, "label": "episodes", "at": "2026-09-28T15:19:11Z", "seconds": 0.127, "argv": ["/home/runner/work/_temp/work/rt/cain-venv/bin/cain", "research", "episodes", "--domain", "stocks", "--state", "/home/runner/work/_temp/work/failures/F14/cain-state"], "fault_env": {}, "exit": 0}
--- stdout
{"domain": "stocks", "episodes": [{"as_of": "2026-09-28T15:19:10Z", "decision": "ALLOW", "number": 1, "outbox": {"dispatches": 1, "retries_requested": 0, "status": "PUBLISHED", "task_id": "stocks:TASK-e125c48bc88dc08db145a24397096b95"}, "proposal_id": "cain:FM-F14-1", "reason_code": "ALLOWED", "receipt_sha256": "1f1e9a3e2cc9421384f1cb639ae9276c939aa716912d6af9056068b3babb58bd", "source": "operator", "task_id": "stocks:TASK-e125c48bc88dc08db145a24397096b95"}, {"as_of": "2026-09-28T15:19:10Z", "decision": "ABSTAIN", "number": 2, "outbox": null, "proposal_id": "cain:FM-F14-2", "reason_code": "OPEN_TASK_PENDING", "receipt_sha256": "afe31cc1a80b21e29867392a867a9236f9a9ce199dfbcd5c014686f4253bc3be", "source": "operator", "task_id": null}], "inbox": [{"class": "RETRYABLE", "fact_id": null, "payload_sha256": null, "status": "OPS_FAILED_RETRYABLE", "task_id": "stocks:TASK-e125c48bc88dc08db145a24397096b95"}], "memory": {"broken_at": null, "entries": 0, "head": "cain-memory-log/1", "head_recorded_at": null, "projection": "consistent", "status": "intact"}, "rejections": []}
--- stderr
--- end
{"n": 7, "label": "retry", "at": "2026-09-28T15:19:11Z", "seconds": 0.134, "argv": ["/home/runner/work/_temp/work/rt/cain-venv/bin/cain", "research", "retry", "--domain", "stocks", "--state", "/home/runner/work/_temp/work/failures/F14/cain-state", "--spool", "/home/runner/work/_temp/work/failures/F14/spool", "--task-id", "stocks:TASK-e125c48bc88dc08db145a24397096b95"], "fault_env": {}, "exit": 0}
--- stdout
{"action": "retry_requested", "attempt": 1, "file": "stocks/retries/TASK-e125c48bc88dc08db145a24397096b95.1.json", "task_id": "stocks:TASK-e125c48bc88dc08db145a24397096b95"}
--- stderr
--- end
{"n": 8, "label": "consumer after retry", "at": "2026-09-28T15:19:19Z", "seconds": 8.719, "argv": ["/home/runner/work/_temp/work/rt/consumer-venv/bin/predictor-research-consumer", "--domain", "stocks", "--spool", "/home/runner/work/_temp/work/failures/F14/spool", "--ledger", "/home/runner/work/_temp/work/failures/F14/consumer/ledger.sqlite", "--state", "/home/runner/work/_temp/work/failures/F14/domain-state", "--policy", "/home/runner/work/_temp/work/rt/op/policy.json", "--objects", "/home/runner/work/_temp/work/rt/op/objects"], "fault_env": {}, "exit": 0}
--- stdout
{"action": "delivered", "attempt": 2, "class": "TERMINAL_RESULT", "episode_id": "stocks:episode-1", "result_file": "stocks/results/TASK-e125c48bc88dc08db145a24397096b95.c3af70262f443ebe.json", "result_write": "WRITTEN", "status": "RESULT", "task_id": "stocks:TASK-e125c48bc88dc08db145a24397096b95"}
--- stderr
{"duration_ms": 8432, "event": "job_finished", "job_id": "stocks-research-7d15143d009673987a863571", "level": "INFO", "run_id": "68552d006c83489cba9149ab34c779c7", "run_status": "SUCCEEDED", "service": "predictor_ops", "timestamp": "2026-09-28T15:19:19.943487Z"}
--- end
{"n": 9, "label": "ingest after retry", "at": "2026-09-28T15:19:20Z", "seconds": 0.141, "argv": ["/home/runner/work/_temp/work/rt/cain-venv/bin/cain", "research", "ingest", "--domain", "stocks", "--state", "/home/runner/work/_temp/work/failures/F14/cain-state", "--spool", "/home/runner/work/_temp/work/failures/F14/spool"], "fault_env": {}, "exit": 0}
--- stdout
{"action": "ingested", "class": "TERMINAL_RESULT", "fact": "fact:dd657fbb949d44eaa61d81aca005870d", "file": "TASK-e125c48bc88dc08db145a24397096b95.c3af70262f443ebe.json", "status": "RESULT", "task_id": "stocks:TASK-e125c48bc88dc08db145a24397096b95"}
{"action": "duplicate", "file": "TASK-e125c48bc88dc08db145a24397096b95.ff700dd9c9bb7e8f.json"}
--- stderr
--- end
{"n": 10, "label": "one RESULT after the retry", "at": "2026-09-28T15:19:20Z", "seconds": 0.129, "argv": ["/home/runner/work/_temp/work/rt/cain-venv/bin/cain", "research", "episodes", "--domain", "stocks", "--state", "/home/runner/work/_temp/work/failures/F14/cain-state"], "fault_env": {}, "exit": 0}
--- stdout
{"domain": "stocks", "episodes": [{"as_of": "2026-09-28T15:19:10Z", "decision": "ALLOW", "number": 1, "outbox": {"dispatches": 1, "retries_requested": 1, "status": "PUBLISHED", "task_id": "stocks:TASK-e125c48bc88dc08db145a24397096b95"}, "proposal_id": "cain:FM-F14-1", "reason_code": "ALLOWED", "receipt_sha256": "1f1e9a3e2cc9421384f1cb639ae9276c939aa716912d6af9056068b3babb58bd", "source": "operator", "task_id": "stocks:TASK-e125c48bc88dc08db145a24397096b95"}, {"as_of": "2026-09-28T15:19:10Z", "decision": "ABSTAIN", "number": 2, "outbox": null, "proposal_id": "cain:FM-F14-2", "reason_code": "OPEN_TASK_PENDING", "receipt_sha256": "afe31cc1a80b21e29867392a867a9236f9a9ce199dfbcd5c014686f4253bc3be", "source": "operator", "task_id": null}], "inbox": [{"class": "TERMINAL_RESULT", "fact_id": "fact:dd657fbb949d44eaa61d81aca005870d", "payload_sha256": "9c24c1ba68df6cb925b19fc4d2f6807484d9ee8bf39a2615af12778595df91eb", "status": "RESULT", "task_id": "stocks:TASK-e125c48bc88dc08db145a24397096b95"}, {"class": "RETRYABLE", "fact_id": null, "payload_sha256": null, "status": "OPS_FAILED_RETRYABLE", "task_id": "stocks:TASK-e125c48bc88dc08db145a24397096b95"}], "memory": {"broken_at": null, "entries": 1, "head": "a5440226223328ce2641ca8c7eba8313fc7af852e764ded08f3bf1043aaa3605", "head_recorded_at": "2026-09-28T15:19:20.120533Z", "projection": "consistent", "status": "intact"}, "rejections": []}
--- stderr
--- end
