runtime_env run_at=2026-09-28T18:33:00Z host=DESKTOP-EJPA2MT where=owner_linux (PC 2) uname=Linux 6.18.33.2-microsoft-standard-WSL2 x86_64
os=Ubuntu 24.04.5 LTS wsl=yes
uv=uv 0.12.18 (x86_64-unknown-linux-gnu) integrated=1 evidence_commit=37a0e28d6d8d6953c9f3b1cc7ec9fc6cbb438f53
provision_receipt_sha256=ee2a75d1b7901561daab27f197e3860c3f42db0221b320804a3bcdab8babb1a0
dataset source=31f30a4dcf33867d1f3aa3d12337a9a66047e6bff10b9a3fa86aae9ef06c9e43 copy=31f30a4dcf33867d1f3aa3d12337a9a66047e6bff10b9a3fa86aae9ef06c9e43 (antes)
cain 960fb25614709bd95ce607c8dfb80892d901d883 (git archive)
/home/superleo13/predictors/runtime/integration-brasileirao/priv/run-20260928T183300Z-br13/wheels/cain_research-0.4.13rc13-py3-none-any.whl: OK
/home/superleo13/predictors/runtime/integration-brasileirao/priv/run-20260928T183300Z-br13/wheels/cain_research-0.4.13rc13-py3-none-any.whl: OK
Using Python 3.13.15 environment at: /home/superleo13/predictors/runtime/integration-brasileirao/priv/run-20260928T183300Z-br13/cain-venv
Checked 5 packages in 0.30ms
All installed packages are compatible
Using Python 3.13.15 environment at: /home/superleo13/predictors/runtime/integration-brasileirao/priv/run-20260928T183300Z-br13/cain-venv
brasileirao-predictor 1fc2e8842977d6ec680546a3af288dda7a5d91a6 (git archive)
/home/superleo13/predictors/runtime/integration-brasileirao/priv/run-20260928T183300Z-br13/wheels/brasileirao_predictor-0.3.0rc4-py3-none-any.whl: OK
/home/superleo13/predictors/runtime/integration-brasileirao/priv/run-20260928T183300Z-br13/wheels/brasileirao_predictor-0.3.0rc4-py3-none-any.whl: OK
/home/superleo13/predictors/runtime/integration-brasileirao/priv/run-20260928T183300Z-br13/wheels/predictor_research_transport-0.1.0rc6-py3-none-any.whl: OK
/home/superleo13/predictors/runtime/integration-brasileirao/priv/run-20260928T183300Z-br13/wheels/predictor_research_transport-0.1.0rc6-py3-none-any.whl: OK
/home/superleo13/predictors/runtime/integration-brasileirao/priv/run-20260928T183300Z-br13/wheels/predictor_research_protocol-2.0.0rc2-py3-none-any.whl: OK
/home/superleo13/predictors/runtime/integration-brasileirao/priv/run-20260928T183300Z-br13/wheels/predictor_research_protocol-2.0.0rc2-py3-none-any.whl: OK
Using Python 3.13.15 environment at: /home/superleo13/predictors/runtime/integration-brasileirao/priv/run-20260928T183300Z-br13/consumer-venv
Checked 29 packages in 0.43ms
All installed packages are compatible
Using Python 3.13.15 environment at: /home/superleo13/predictors/runtime/integration-brasileirao/priv/run-20260928T183300Z-br13/consumer-venv
CAIN venv sem pacote de domínio
brasileirao-predictor 1fc2e8842977d6ec680546a3af288dda7a5d91a6 (git archive)
brasileirao 0.3.0rc4 /home/superleo13/predictors/runtime/integration-brasileirao/priv/run-20260928T183300Z-br13/consumer-venv/lib/python3.13/site-packages/brasileirao_predictor/__init__.py
transport 0.1.0rc6 ['brasileirao', 'crypto', 'stocks']
adapter {'distribution': 'brasileirao-predictor', 'version': '0.3.0rc4', 'module': 'brasileirao_predictor.adapters.research_v2'}
cain 0.4.13rc13 /home/superleo13/predictors/runtime/integration-brasileirao/priv/run-20260928T183300Z-br13/cain-venv/lib/python3.13/site-packages/cain/__init__.py
configs ['brasileirao.json', 'crypto.json', 'stocks.json']
{"datasets": {"real-20260908": {"manifest_hash": "961b5d43f387ac7466753c412e1af5c159b0735cb16e47091d505bd3f0e4dadd", "source_sha256": "31f30a4dcf33867d1f3aa3d12337a9a66047e6bff10b9a3fa86aae9ef06c9e43"}, "real-canary-20260908": {"manifest_hash": "b15e45e6623e191d68846b22e2d8d1151eb6fff4136fc6d375703bf105e1132d", "source_sha256": "f6ce01057a8ad2bab126bd6515e15df4354d50b78ffab9fd4f442cde430ac9f0"}}, "policy": {"policy_id": "brasileirao-integration-qualification", "sha256": "84909cfa930a3b81b8240b36dd141212f6647fa312cb8a558142ff76d86d3c69"}, "canary_sha256": "f6ce01057a8ad2bab126bd6515e15df4354d50b78ffab9fd4f442cde430ac9f0", "registry": 8}
cripto-predictor ee3d3d17de0b76cf731808243ffa838a0f5ee8cc (git archive)
/home/superleo13/predictors/runtime/integration-brasileirao/priv/run-20260928T183300Z-br13/wheels/cripto_predictor-1.2.0rc3-py3-none-any.whl: OK
/home/superleo13/predictors/runtime/integration-brasileirao/priv/run-20260928T183300Z-br13/wheels/cripto_predictor-1.2.0rc3-py3-none-any.whl: OK
/home/superleo13/predictors/runtime/integration-brasileirao/priv/run-20260928T183300Z-br13/wheels/predictor_research_transport-0.1.0rc6-py3-none-any.whl: OK
/home/superleo13/predictors/runtime/integration-brasileirao/priv/run-20260928T183300Z-br13/wheels/predictor_research_protocol-2.0.0rc2-py3-none-any.whl: OK
Using Python 3.13.15 environment at: /home/superleo13/predictors/runtime/integration-brasileirao/priv/run-20260928T183300Z-br13/crypto-venv
Checked 79 packages in 0.82ms
All installed packages are compatible
Using Python 3.13.15 environment at: /home/superleo13/predictors/runtime/integration-brasileirao/priv/run-20260928T183300Z-br13/crypto-venv
stocks-predictor 6f857b232eaa63f3fccda6a16f92dbfc8983ab3b (git archive)
/home/superleo13/predictors/runtime/integration-brasileirao/priv/run-20260928T183300Z-br13/wheels/stocks_predictor-0.3.0rc3-py3-none-any.whl: OK
/home/superleo13/predictors/runtime/integration-brasileirao/priv/run-20260928T183300Z-br13/wheels/stocks_predictor-0.3.0rc3-py3-none-any.whl: OK
/home/superleo13/predictors/runtime/integration-brasileirao/priv/run-20260928T183300Z-br13/wheels/predictor_research_transport-0.1.0rc6-py3-none-any.whl: OK
/home/superleo13/predictors/runtime/integration-brasileirao/priv/run-20260928T183300Z-br13/wheels/predictor_research_protocol-2.0.0rc2-py3-none-any.whl: OK
Using Python 3.13.15 environment at: /home/superleo13/predictors/runtime/integration-brasileirao/priv/run-20260928T183300Z-br13/stocks-venv
Checked 25 packages in 0.44ms
All installed packages are compatible
Using Python 3.13.15 environment at: /home/superleo13/predictors/runtime/integration-brasileirao/priv/run-20260928T183300Z-br13/stocks-venv
dataset source=31f30a4dcf33867d1f3aa3d12337a9a66047e6bff10b9a3fa86aae9ef06c9e43 copy=31f30a4dcf33867d1f3aa3d12337a9a66047e6bff10b9a3fa86aae9ef06c9e43 (depois)
runtime_env done 2026-09-28T18:36:29Z
