[?2026h[?25l[1Gpulling manifest ⠋ [K[?25h[?2026l[?2026h[?25l[1Gpulling manifest ⠙ [K[?25h[?2026l[?2026h[?25l[1Gpulling manifest ⠹ [K[?25h[?2026l[?2026h[?25l[1Gpulling manifest ⠸ [K[?25h[?2026l[?2026h[?25l[1Gpulling manifest ⠼ [K[?25h[?2026l[?2026h[?25l[1Gpulling manifest ⠴ [K[?25h[?2026l[?2026h[?25l[1Gpulling manifest ⠦ [K[?25h[?2026l[?2026h[?25l[1Gpulling manifest ⠧ [K[?25h[?2026l[?2026h[?25l[1Gpulling manifest ⠇ [K[?25h[?2026l[?2026h[?25l[1Gpulling manifest [K
pulling c5396e06af29:   0% ▕                  ▏ 320 KB/397 MB                  [K[?25h[?2026l[?2026h[?25l[A[1Gpulling manifest [K
pulling c5396e06af29:   5% ▕                  ▏  21 MB/397 MB                  [K[?25h[?2026l[?2026h[?25l[A[1Gpulling manifest [K
pulling c5396e06af29:  13% ▕██                ▏  50 MB/397 MB                  [K[?25h[?2026l[?2026h[?25l[A[1Gpulling manifest [K
pulling c5396e06af29:  18% ▕███               ▏  72 MB/397 MB                  [K[?25h[?2026l[?2026h[?25l[A[1Gpulling manifest [K
pulling c5396e06af29:  26% ▕████              ▏ 102 MB/397 MB                  [K[?25h[?2026l[?2026h[?25l[A[1Gpulling manifest [K
pulling c5396e06af29:  31% ▕█████             ▏ 125 MB/397 MB                  [K[?25h[?2026l[?2026h[?25l[A[1Gpulling manifest [K
pulling c5396e06af29:  36% ▕██████            ▏ 142 MB/397 MB                  [K[?25h[?2026l[?2026h[?25l[A[1Gpulling manifest [K
pulling c5396e06af29:  45% ▕████████          ▏ 177 MB/397 MB                  [K[?25h[?2026l[?2026h[?25l[A[1Gpulling manifest [K
pulling c5396e06af29:  53% ▕█████████         ▏ 210 MB/397 MB                  [K[?25h[?2026l[?2026h[?25l[A[1Gpulling manifest [K
pulling c5396e06af29:  55% ▕█████████         ▏ 218 MB/397 MB                  [K[?25h[?2026l[?2026h[?25l[A[1Gpulling manifest [K
pulling c5396e06af29:  61% ▕██████████        ▏ 241 MB/397 MB  240 MB/s      0s[K[?25h[?2026l[?2026h[?25l[A[1Gpulling manifest [K
pulling c5396e06af29:  67% ▕████████████      ▏ 268 MB/397 MB  240 MB/s      0s[K[?25h[?2026l[?2026h[?25l[A[1Gpulling manifest [K
pulling c5396e06af29:  69% ▕████████████      ▏ 275 MB/397 MB  240 MB/s      0s[K[?25h[?2026l[?2026h[?25l[A[1Gpulling manifest [K
pulling c5396e06af29:  73% ▕█████████████     ▏ 289 MB/397 MB  240 MB/s      0s[K[?25h[?2026l[?2026h[?25l[A[1Gpulling manifest [K
pulling c5396e06af29:  77% ▕█████████████     ▏ 304 MB/397 MB  240 MB/s      0s[K[?25h[?2026l[?2026h[?25l[A[1Gpulling manifest [K
pulling c5396e06af29:  78% ▕██████████████    ▏ 309 MB/397 MB  240 MB/s      0s[K[?25h[?2026l[?2026h[?25l[A[1Gpulling manifest [K
pulling c5396e06af29:  80% ▕██████████████    ▏ 318 MB/397 MB  240 MB/s      0s[K[?25h[?2026l[?2026h[?25l[A[1Gpulling manifest [K
pulling c5396e06af29:  83% ▕██████████████    ▏ 330 MB/397 MB  240 MB/s      0s[K[?25h[?2026l[?2026h[?25l[A[1Gpulling manifest [K
pulling c5396e06af29:  84% ▕███████████████   ▏ 335 MB/397 MB  240 MB/s      0s[K[?25h[?2026l[?2026h[?25l[A[1Gpulling manifest [K
pulling c5396e06af29:  85% ▕███████████████   ▏ 339 MB/397 MB  240 MB/s      0s[K[?25h[?2026l[?2026h[?25l[A[1Gpulling manifest [K
pulling c5396e06af29:  90% ▕████████████████  ▏ 357 MB/397 MB  178 MB/s      0s[K[?25h[?2026l[?2026h[?25l[A[1Gpulling manifest [K
pulling c5396e06af29:  92% ▕████████████████  ▏ 364 MB/397 MB  178 MB/s      0s[K[?25h[?2026l[?2026h[?25l[A[1Gpulling manifest [K
pulling c5396e06af29:  93% ▕████████████████  ▏ 368 MB/397 MB  178 MB/s      0s[K[?25h[?2026l[?2026h[?25l[A[1Gpulling manifest [K
pulling c5396e06af29:  95% ▕█████████████████ ▏ 377 MB/397 MB  178 MB/s      0s[K[?25h[?2026l[?2026h[?25l[A[1Gpulling manifest [K
pulling c5396e06af29:  97% ▕█████████████████ ▏ 385 MB/397 MB  178 MB/s      0s[K[?25h[?2026l[?2026h[?25l[A[1Gpulling manifest [K
pulling c5396e06af29:  97% ▕█████████████████ ▏ 387 MB/397 MB  178 MB/s      0s[K[?25h[?2026l[?2026h[?25l[A[1Gpulling manifest [K
pulling c5396e06af29:  99% ▕█████████████████ ▏ 392 MB/397 MB  178 MB/s      0s[K[?25h[?2026l[?2026h[?25l[A[1Gpulling manifest [K
pulling c5396e06af29: 100% ▕█████████████████ ▏ 397 MB/397 MB  178 MB/s      0s[K[?25h[?2026l[?2026h[?25l[A[1Gpulling manifest [K
pulling c5396e06af29: 100% ▕█████████████████ ▏ 397 MB/397 MB  178 MB/s      0s[K[?25h[?2026l[?2026h[?25l[A[1Gpulling manifest [K
pulling c5396e06af29: 100% ▕█████████████████ ▏ 397 MB/397 MB  178 MB/s      0s[K[?25h[?2026l[?2026h[?25l[A[1Gpulling manifest [K
pulling c5396e06af29: 100% ▕█████████████████ ▏ 397 MB/397 MB  178 MB/s      0s[K[?25h[?2026l[?2026h[?25l[A[1Gpulling manifest [K
pulling c5396e06af29: 100% ▕█████████████████ ▏ 397 MB/397 MB  178 MB/s      0s[K[?25h[?2026l[?2026h[?25l[A[1Gpulling manifest [K
pulling c5396e06af29: 100% ▕█████████████████ ▏ 397 MB/397 MB  178 MB/s      0s[K[?25h[?2026l[?2026h[?25l[A[1Gpulling manifest [K
pulling c5396e06af29: 100% ▕█████████████████ ▏ 397 MB/397 MB  178 MB/s      0s[K[?25h[?2026l[?2026h[?25l[A[1Gpulling manifest [K
pulling c5396e06af29: 100% ▕█████████████████ ▏ 397 MB/397 MB  178 MB/s      0s[K[?25h[?2026l[?2026h[?25l[A[1Gpulling manifest [K
pulling c5396e06af29: 100% ▕█████████████████ ▏ 397 MB/397 MB  178 MB/s      0s[K[?25h[?2026l[?2026h[?25l[A[1Gpulling manifest [K
pulling c5396e06af29: 100% ▕█████████████████ ▏ 397 MB/397 MB  178 MB/s      0s[K[?25h[?2026l[?2026h[?25l[A[1Gpulling manifest [K
pulling c5396e06af29: 100% ▕█████████████████ ▏ 397 MB/397 MB  178 MB/s      0s[K
pulling 005f95c74751: 100% ▕██████████████████▏  490 B                         [K
verifying sha256 digest ⠋ [K[?25h[?2026l[?2026h[?25l[A[A[A[1Gpulling manifest [K
pulling c5396e06af29: 100% ▕█████████████████ ▏ 397 MB/397 MB  178 MB/s      0s[K
pulling 005f95c74751: 100% ▕██████████████████▏  490 B                         [K
verifying sha256 digest ⠙ [K[?25h[?2026l[?2026h[?25l[A[A[A[1Gpulling manifest [K
pulling c5396e06af29: 100% ▕█████████████████ ▏ 397 MB/397 MB  178 MB/s      0s[K
pulling 005f95c74751: 100% ▕██████████████████▏  490 B                         [K
verifying sha256 digest ⠹ [K[?25h[?2026l[?2026h[?25l[A[A[A[1Gpulling manifest [K
pulling c5396e06af29: 100% ▕█████████████████ ▏ 397 MB/397 MB  178 MB/s      0s[K
pulling 005f95c74751: 100% ▕██████████████████▏  490 B                         [K
verifying sha256 digest [K
writing manifest [K
success [K[?25h[?2026l
