{"mode": "synthetic", "checks_total": 26, "checks_ok": 26, "result_state": "NO_EDGE"}
Traceback (most recent call last):
  File "D:\a\_temp\uv-python-dir\cpython-3.13-windows-x86_64-none\Lib\shutil.py", line 625, in _rmtree_unsafe
    os.unlink(fullname)
    ~~~~~~~~~^^^^^^^^^^
PermissionError: [WinError 32] The process cannot access the file because it is being used by another process: 'C:\\q\\tmp.vMnm19qYz7\\cr\\t\\brq-v02ieowu\\s\\x\\journal.sqlite'

During handling of the above exception, another exception occurred:

Traceback (most recent call last):
  File "D:\a\predictor-qualification\predictor-qualification\qualification\brasileirao\scripts\e2e_runtime.py", line 139, in <module>
    raise SystemExit(main())
                     ~~~~^^
  File "D:\a\predictor-qualification\predictor-qualification\qualification\brasileirao\scripts\e2e_runtime.py", line 134, in main
    lab.cleanup()
    ~~~~~~~~~~~^^
  File "C:\q\tmp.vMnm19qYz7\tree\tests\conformance\harness.py", line 140, in cleanup
    shutil.rmtree(self.root, onexc=writable)
    ~~~~~~~~~~~~~^^^^^^^^^^^^^^^^^^^^^^^^^^^
  File "D:\a\_temp\uv-python-dir\cpython-3.13-windows-x86_64-none\Lib\shutil.py", line 790, in rmtree
    return _rmtree_unsafe(path, onexc)
  File "D:\a\_temp\uv-python-dir\cpython-3.13-windows-x86_64-none\Lib\shutil.py", line 629, in _rmtree_unsafe
    onexc(os.unlink, fullname, err)
    ~~~~~^^^^^^^^^^^^^^^^^^^^^^^^^^
  File "C:\q\tmp.vMnm19qYz7\tree\tests\conformance\harness.py", line 138, in writable
    function(path)
    ~~~~~~~~^^^^^^
PermissionError: [WinError 32] The process cannot access the file because it is being used by another process: 'C:\\q\\tmp.vMnm19qYz7\\cr\\t\\brq-v02ieowu\\s\\x\\journal.sqlite'
[exit 1]
