{"effective_proposal": "/home/runner/work/_temp/work/failures/F12/proposals/1.json", "template": "fixtures/proposals/e2e/01-allow.json", "sha256": "dceccae006433b0e8932679f28f8cdc898946829b2718da4f87a3383807d8f93"}
{"n": 1, "label": "propose 1", "at": "2026-09-28T01:33:47Z", "seconds": 0.153, "argv": ["/home/runner/work/_temp/work/rt/cain-venv/bin/cain", "research", "propose", "--domain", "stocks", "--state", "/home/runner/work/_temp/work/failures/F12/cain-state", "--proposal", "/home/runner/work/_temp/work/failures/F12/proposals/1.json", "--as-of", "2026-09-28T01:33:47Z"], "fault_env": {}, "exit": 0}
--- stdout
{"decision": "ALLOW", "episode_id": "stocks:episode-1", "reason_code": "ALLOWED", "receipt_sha256": "fc971f70dde7553ededee5969f6027fee0ec8cb85c229fa49ae23e83e98449a3", "rule": "R14", "status": "RECORDED", "task": {"payload_sha256": "ea0b23fb5fb281ed9bc54d212cc474892f087db800e5fa126f8d306f58d48712", "previous_task_id": null, "task_id": "stocks:TASK-10c3e7186e83e5a5fa890788c06ea95a"}}
--- stderr
--- end
{"n": 2, "label": "dispatch 1", "at": "2026-09-28T01:33:48Z", "seconds": 0.255, "argv": ["/home/runner/work/_temp/work/rt/cain-venv/bin/cain", "research", "dispatch", "--domain", "stocks", "--state", "/home/runner/work/_temp/work/failures/F12/cain-state", "--spool", "/home/runner/work/_temp/work/failures/F12/spool"], "fault_env": {}, "exit": 0}
--- stdout
{"action": "dispatched", "file": "stocks/tasks/TASK-10c3e7186e83e5a5fa890788c06ea95a.json", "spool": "WRITTEN", "task_id": "stocks:TASK-10c3e7186e83e5a5fa890788c06ea95a"}
--- stderr
--- end
{"n": 3, "label": "consumer 1", "at": "2026-09-28T01:33:58Z", "seconds": 10.766, "argv": ["/home/runner/work/_temp/work/rt/consumer-venv/bin/predictor-research-consumer", "--domain", "stocks", "--spool", "/home/runner/work/_temp/work/failures/F12/spool", "--ledger", "/home/runner/work/_temp/work/failures/F12/consumer/ledger.sqlite", "--state", "/home/runner/work/_temp/work/failures/F12/domain-state", "--policy", "/home/runner/work/_temp/work/rt/op/policy.json", "--objects", "/home/runner/work/_temp/work/rt/op/objects"], "fault_env": {}, "exit": 0}
--- stdout
{"action": "delivered", "attempt": 1, "class": "TERMINAL_RESULT", "episode_id": "stocks:episode-1", "result_file": "stocks/results/TASK-10c3e7186e83e5a5fa890788c06ea95a.d98afdd6cae4e516.json", "result_write": "WRITTEN", "status": "RESULT", "task_id": "stocks:TASK-10c3e7186e83e5a5fa890788c06ea95a"}
--- stderr
{"duration_ms": 10443, "event": "job_finished", "job_id": "stocks-research-71a94575374822518f5dbc14", "level": "INFO", "run_id": "74bb2588032145da8558fd5a7090576d", "run_status": "SUCCEEDED", "service": "predictor_ops", "timestamp": "2026-09-28T01:33:58.872122Z"}
--- end
{"n": 4, "label": "ingest 1", "at": "2026-09-28T01:33:59Z", "seconds": 0.152, "argv": ["/home/runner/work/_temp/work/rt/cain-venv/bin/cain", "research", "ingest", "--domain", "stocks", "--state", "/home/runner/work/_temp/work/failures/F12/cain-state", "--spool", "/home/runner/work/_temp/work/failures/F12/spool"], "fault_env": {}, "exit": 0}
--- stdout
{"action": "ingested", "class": "TERMINAL_RESULT", "fact": "fact:c2675e3d98bf44cdb110b76f8043fb40", "file": "TASK-10c3e7186e83e5a5fa890788c06ea95a.d98afdd6cae4e516.json", "status": "RESULT", "task_id": "stocks:TASK-10c3e7186e83e5a5fa890788c06ea95a"}
--- stderr
--- end
{"n": 5, "label": "tamper other-payload", "at": "2026-09-28T01:33:59Z", "seconds": 0.069, "argv": ["/home/runner/work/_temp/work/rt/cain-venv/bin/python", "-I", "/home/runner/work/_temp/work/failures/F12/tamper.py", "other-payload", "/home/runner/work/_temp/work/failures/F12/spool/stocks/tasks/TASK-10c3e7186e83e5a5fa890788c06ea95a.json", "/home/runner/work/_temp/work/failures/F12/spool/stocks/results/TASK-10c3e7186e83e5a5fa890788c06ea95a.d98afdd6cae4e516.json", "/home/runner/work/_temp/work/failures/F12/spool/stocks/results/other-payload.json"], "fault_env": {}, "exit": 0}
--- stdout
{"mode": "other-payload", "bytes": 96417}
--- stderr
--- end
{"n": 6, "label": "ingest other payload", "at": "2026-09-28T01:33:59Z", "seconds": 0.144, "argv": ["/home/runner/work/_temp/work/rt/cain-venv/bin/cain", "research", "ingest", "--domain", "stocks", "--state", "/home/runner/work/_temp/work/failures/F12/cain-state", "--spool", "/home/runner/work/_temp/work/failures/F12/spool"], "fault_env": {}, "exit": 2}
--- stdout
{"action": "duplicate", "file": "TASK-10c3e7186e83e5a5fa890788c06ea95a.d98afdd6cae4e516.json"}
{"action": "rejected", "code": "CONFLICT", "file": "other-payload.json", "reason": "another domain payload was already ingested for this task"}
--- stderr
--- end
{"n": 7, "label": "re-dispatch over tampered spool file", "at": "2026-09-28T01:33:59Z", "seconds": 0.138, "argv": ["/home/runner/work/_temp/work/rt/cain-venv/bin/cain", "research", "dispatch", "--domain", "stocks", "--state", "/home/runner/work/_temp/work/failures/F12/cain-state", "--spool", "/home/runner/work/_temp/work/failures/F12/spool", "--resend"], "fault_env": {}, "exit": 2}
--- stdout
{"detail": "CONFLICT: tasks/TASK-10c3e7186e83e5a5fa890788c06ea95a.json already has other bytes", "error": "CONFLICT"}
--- stderr
--- end
{"n": 8, "label": "original kept", "at": "2026-09-28T01:33:59Z", "seconds": 0.136, "argv": ["/home/runner/work/_temp/work/rt/cain-venv/bin/cain", "research", "episodes", "--domain", "stocks", "--state", "/home/runner/work/_temp/work/failures/F12/cain-state"], "fault_env": {}, "exit": 0}
--- stdout
{"domain": "stocks", "episodes": [{"as_of": "2026-09-28T01:33:47Z", "decision": "ALLOW", "number": 1, "outbox": {"dispatches": 1, "retries_requested": 0, "status": "PUBLISHED", "task_id": "stocks:TASK-10c3e7186e83e5a5fa890788c06ea95a"}, "proposal_id": "cain:FM-F12-1", "reason_code": "ALLOWED", "receipt_sha256": "fc971f70dde7553ededee5969f6027fee0ec8cb85c229fa49ae23e83e98449a3", "source": "operator", "task_id": "stocks:TASK-10c3e7186e83e5a5fa890788c06ea95a"}], "inbox": [{"class": "TERMINAL_RESULT", "fact_id": "fact:c2675e3d98bf44cdb110b76f8043fb40", "payload_sha256": "4f9b885ed198e0174de2a754c23b884ccd31e02c2adf76c00c4f2f478e816a7e", "status": "RESULT", "task_id": "stocks:TASK-10c3e7186e83e5a5fa890788c06ea95a"}], "memory": {"broken_at": null, "entries": 1, "head": "157119c6413d201cc950b441a07bc090003b9401fbaa2cb46998ee1dad959c04", "head_recorded_at": "2026-09-28T01:33:59.064074Z", "projection": "consistent", "status": "intact"}, "rejections": [{"code": "CONFLICT", "file": "other-payload.json"}]}
--- stderr
--- end
