{"n": 1, "label": "propose 1", "at": "2026-09-28T14:58:16Z", "seconds": 0.137, "argv": ["/home/runner/work/_temp/work/rt/cain-venv/bin/cain", "research", "propose", "--domain", "crypto", "--state", "/home/runner/work/_temp/work/failures/F03/cain-state", "--proposal", "/home/runner/work/_temp/work/failures/F03/proposals/1.json", "--as-of", "2026-09-28T14:58:15Z"], "fault_env": {}, "exit": 0}
--- stdout
{"decision": "ALLOW", "episode_id": "crypto:episode-1", "reason_code": "ALLOWED", "receipt_sha256": "9f44a6cbd1fefcc52bf5da9f928f9bef1a36c8c6023629a3655d402e26d33924", "rule": "R14", "status": "RECORDED", "task": {"payload_sha256": "7f878c1e0f76ce0149ec6ab87aadc4d4dbcfe39a984f1a82eafe7f1b698e0f7a", "previous_task_id": null, "task_id": "crypto:TASK-4a74cfac52092976e4d005e08bbcdc87"}}
--- stderr
--- end
{"n": 2, "label": "dispatch", "at": "2026-09-28T14:58:16Z", "seconds": 0.118, "argv": ["/home/runner/work/_temp/work/rt/cain-venv/bin/cain", "research", "dispatch", "--domain", "crypto", "--state", "/home/runner/work/_temp/work/failures/F03/cain-state", "--spool", "/home/runner/work/_temp/work/failures/F03/spool"], "fault_env": {}, "exit": 0}
--- stdout
{"action": "dispatched", "file": "crypto/tasks/TASK-4a74cfac52092976e4d005e08bbcdc87.json", "spool": "WRITTEN", "task_id": "crypto:TASK-4a74cfac52092976e4d005e08bbcdc87"}
--- stderr
--- end
{"n": 3, "label": "consumer", "at": "2026-09-28T14:58:16Z", "seconds": 0.441, "argv": ["/home/runner/work/_temp/work/rt/consumer-venv/bin/predictor-research-consumer", "--domain", "crypto", "--spool", "/home/runner/work/_temp/work/failures/F03/spool", "--ledger", "/home/runner/work/_temp/work/failures/F03/consumer/ledger.sqlite", "--state", "/home/runner/work/_temp/work/failures/F03/domain-state", "--policy", "/home/runner/work/_temp/work/rt/op/policy.json", "--objects", "/home/runner/work/_temp/work/rt/op/objects"], "fault_env": {}, "exit": 0}
--- stdout
{"action": "delivered", "attempt": 1, "class": "TERMINAL_RESULT", "episode_id": "crypto:episode-1", "result_file": "crypto/results/TASK-4a74cfac52092976e4d005e08bbcdc87.1f3d83e66eedf663.json", "result_write": "WRITTEN", "status": "RESULT", "task_id": "crypto:TASK-4a74cfac52092976e4d005e08bbcdc87"}
--- stderr
{"duration_ms": 207, "event": "job_finished", "job_id": "crypto-research-2ae7593a9ec025c99f67963e", "level": "INFO", "run_id": "f4b3c7f6296744a981f4d2aa452e70df", "run_status": "SUCCEEDED", "service": "predictor_ops", "timestamp": "2026-09-28T14:58:16.579311Z"}
--- end
{"n": 4, "label": "ingest (fault)", "at": "2026-09-28T14:58:16Z", "seconds": 0.109, "argv": ["/home/runner/work/_temp/work/rt/cain-venv/bin/cain", "research", "ingest", "--domain", "crypto", "--state", "/home/runner/work/_temp/work/failures/F03/cain-state", "--spool", "/home/runner/work/_temp/work/failures/F03/spool"], "fault_env": {"CAIN_ORCHESTRATION_FAULT": "after_inbox_commit_before_memory"}, "exit": 86}
--- stdout
--- stderr
--- end
{"n": 5, "label": "inbox without fact before recovery", "at": "2026-09-28T14:58:16Z", "seconds": 0.117, "argv": ["/home/runner/work/_temp/work/rt/cain-venv/bin/cain", "research", "episodes", "--domain", "crypto", "--state", "/home/runner/work/_temp/work/failures/F03/cain-state"], "fault_env": {}, "exit": 0}
--- stdout
{"domain": "crypto", "episodes": [{"as_of": "2026-09-28T14:58:15Z", "decision": "ALLOW", "number": 1, "outbox": {"dispatches": 1, "retries_requested": 0, "status": "PUBLISHED", "task_id": "crypto:TASK-4a74cfac52092976e4d005e08bbcdc87"}, "proposal_id": "cain:FM-F03-1", "reason_code": "ALLOWED", "receipt_sha256": "9f44a6cbd1fefcc52bf5da9f928f9bef1a36c8c6023629a3655d402e26d33924", "source": "operator", "task_id": "crypto:TASK-4a74cfac52092976e4d005e08bbcdc87"}], "inbox": [{"class": "TERMINAL_RESULT", "fact_id": null, "payload_sha256": "7225f5aaeac2d979b61ed187b26ad727d3e82503ed69d0f46d0582e00281e504", "status": "RESULT", "task_id": "crypto:TASK-4a74cfac52092976e4d005e08bbcdc87"}], "memory": {"broken_at": null, "entries": 0, "head": "cain-memory-log/1", "head_recorded_at": null, "projection": "consistent", "status": "intact"}, "rejections": []}
--- stderr
--- end
{"n": 6, "label": "ingest after restart", "at": "2026-09-28T14:58:16Z", "seconds": 0.121, "argv": ["/home/runner/work/_temp/work/rt/cain-venv/bin/cain", "research", "ingest", "--domain", "crypto", "--state", "/home/runner/work/_temp/work/failures/F03/cain-state", "--spool", "/home/runner/work/_temp/work/failures/F03/spool"], "fault_env": {}, "exit": 0}
--- stdout
{"action": "remembered", "fact_id": "fact:a2f37bec4b4b4ddc84d1f36b7b8086c7", "file": "TASK-4a74cfac52092976e4d005e08bbcdc87.1f3d83e66eedf663.json", "reused": false}
--- stderr
--- end
{"n": 7, "label": "memory completed once", "at": "2026-09-28T14:58:17Z", "seconds": 0.117, "argv": ["/home/runner/work/_temp/work/rt/cain-venv/bin/cain", "research", "episodes", "--domain", "crypto", "--state", "/home/runner/work/_temp/work/failures/F03/cain-state"], "fault_env": {}, "exit": 0}
--- stdout
{"domain": "crypto", "episodes": [{"as_of": "2026-09-28T14:58:15Z", "decision": "ALLOW", "number": 1, "outbox": {"dispatches": 1, "retries_requested": 0, "status": "PUBLISHED", "task_id": "crypto:TASK-4a74cfac52092976e4d005e08bbcdc87"}, "proposal_id": "cain:FM-F03-1", "reason_code": "ALLOWED", "receipt_sha256": "9f44a6cbd1fefcc52bf5da9f928f9bef1a36c8c6023629a3655d402e26d33924", "source": "operator", "task_id": "crypto:TASK-4a74cfac52092976e4d005e08bbcdc87"}], "inbox": [{"class": "TERMINAL_RESULT", "fact_id": "fact:a2f37bec4b4b4ddc84d1f36b7b8086c7", "payload_sha256": "7225f5aaeac2d979b61ed187b26ad727d3e82503ed69d0f46d0582e00281e504", "status": "RESULT", "task_id": "crypto:TASK-4a74cfac52092976e4d005e08bbcdc87"}], "memory": {"broken_at": null, "entries": 1, "head": "ce0d7123c9bd4627bdd47883ffb7a03dd173c78d7471a3e7060859fbe88773f4", "head_recorded_at": "2026-09-28T14:58:16.952795Z", "projection": "consistent", "status": "intact"}, "rejections": []}
--- stderr
--- end
