{"n": 1, "label": "propose 1", "at": "2026-09-28T14:58:28Z", "seconds": 0.137, "argv": ["/home/runner/work/_temp/work/rt/cain-venv/bin/cain", "research", "propose", "--domain", "crypto", "--state", "/home/runner/work/_temp/work/failures/F13/cain-state", "--proposal", "/home/runner/work/_temp/work/failures/F13/proposals/1.json", "--as-of", "2026-09-28T14:58:28Z"], "fault_env": {}, "exit": 0}
--- stdout
{"decision": "ALLOW", "episode_id": "crypto:episode-1", "reason_code": "ALLOWED", "receipt_sha256": "ac649c6605769b844af9affa10de0c2b06520fb5f5e560a7bd937a165390eb6c", "rule": "R14", "status": "RECORDED", "task": {"payload_sha256": "b75de0d034bd9c0c0b5eda8539a01c2d3792e68381467f06ed79a48d60d11502", "previous_task_id": null, "task_id": "crypto:TASK-8e96f32b5a612a048e939f19384c4c83"}}
--- stderr
--- end
{"n": 2, "label": "dispatch 1", "at": "2026-09-28T14:58:28Z", "seconds": 0.119, "argv": ["/home/runner/work/_temp/work/rt/cain-venv/bin/cain", "research", "dispatch", "--domain", "crypto", "--state", "/home/runner/work/_temp/work/failures/F13/cain-state", "--spool", "/home/runner/work/_temp/work/failures/F13/spool"], "fault_env": {}, "exit": 0}
--- stdout
{"action": "dispatched", "file": "crypto/tasks/TASK-8e96f32b5a612a048e939f19384c4c83.json", "spool": "WRITTEN", "task_id": "crypto:TASK-8e96f32b5a612a048e939f19384c4c83"}
--- stderr
--- end
{"n": 3, "label": "consumer 1", "at": "2026-09-28T14:58:29Z", "seconds": 0.443, "argv": ["/home/runner/work/_temp/work/rt/consumer-venv/bin/predictor-research-consumer", "--domain", "crypto", "--spool", "/home/runner/work/_temp/work/failures/F13/spool", "--ledger", "/home/runner/work/_temp/work/failures/F13/consumer/ledger.sqlite", "--state", "/home/runner/work/_temp/work/failures/F13/domain-state", "--policy", "/home/runner/work/_temp/work/rt/op/policy.json", "--objects", "/home/runner/work/_temp/work/rt/op/objects"], "fault_env": {}, "exit": 0}
--- stdout
{"action": "delivered", "attempt": 1, "class": "TERMINAL_RESULT", "episode_id": "crypto:episode-1", "result_file": "crypto/results/TASK-8e96f32b5a612a048e939f19384c4c83.695e9f2738e34d30.json", "result_write": "WRITTEN", "status": "RESULT", "task_id": "crypto:TASK-8e96f32b5a612a048e939f19384c4c83"}
--- stderr
{"duration_ms": 207, "event": "job_finished", "job_id": "crypto-research-8a0aed214c5675be87256e41", "level": "INFO", "run_id": "17f78063230e48ecb9664ce072734e2d", "run_status": "SUCCEEDED", "service": "predictor_ops", "timestamp": "2026-09-28T14:58:28.974962Z"}
--- end
{"n": 4, "label": "ingest 1", "at": "2026-09-28T14:58:29Z", "seconds": 0.124, "argv": ["/home/runner/work/_temp/work/rt/cain-venv/bin/cain", "research", "ingest", "--domain", "crypto", "--state", "/home/runner/work/_temp/work/failures/F13/cain-state", "--spool", "/home/runner/work/_temp/work/failures/F13/spool"], "fault_env": {}, "exit": 0}
--- stdout
{"action": "ingested", "class": "TERMINAL_RESULT", "fact": "fact:1d68a87c126b4370a75b8e89714e6660", "file": "TASK-8e96f32b5a612a048e939f19384c4c83.695e9f2738e34d30.json", "status": "RESULT", "task_id": "crypto:TASK-8e96f32b5a612a048e939f19384c4c83"}
--- stderr
--- end
{"n": 5, "label": "tamper other-episode", "at": "2026-09-28T14:58:29Z", "seconds": 0.052, "argv": ["/home/runner/work/_temp/work/rt/cain-venv/bin/python", "-I", "/home/runner/work/_temp/work/failures/F13/tamper.py", "other-episode", "/home/runner/work/_temp/work/failures/F13/spool/crypto/tasks/TASK-8e96f32b5a612a048e939f19384c4c83.json", "/home/runner/work/_temp/work/failures/F13/spool/crypto/results/TASK-8e96f32b5a612a048e939f19384c4c83.695e9f2738e34d30.json", "/home/runner/work/_temp/work/failures/F13/spool/crypto/results/other-episode.json"], "fault_env": {}, "exit": 0}
--- stdout
{"mode": "other-episode", "bytes": 6539}
--- stderr
--- end
{"n": 6, "label": "ingest wrong tasks", "at": "2026-09-28T14:58:29Z", "seconds": 0.124, "argv": ["/home/runner/work/_temp/work/rt/cain-venv/bin/cain", "research", "ingest", "--domain", "crypto", "--state", "/home/runner/work/_temp/work/failures/F13/cain-state", "--spool", "/home/runner/work/_temp/work/failures/F13/spool"], "fault_env": {}, "exit": 2}
--- stdout
{"action": "duplicate", "file": "TASK-8e96f32b5a612a048e939f19384c4c83.695e9f2738e34d30.json"}
{"action": "rejected", "code": "TASK_NOT_FOUND", "file": "crypto-h9.json", "reason": "crypto:TASK-45b3afb3f4c777ae5aa52020f98afc6a was not emitted by this CAIN"}
{"action": "rejected", "code": "CORRELATION_MISMATCH", "file": "other-episode.json", "reason": "CORRELATION_MISMATCH: episode_id differs from the task"}
{"action": "rejected", "code": "DOMAIN_MISMATCH", "file": "stocks.json", "reason": "result of domain stocks"}
--- stderr
--- end
{"n": 7, "label": "nothing ingested", "at": "2026-09-28T14:58:29Z", "seconds": 0.118, "argv": ["/home/runner/work/_temp/work/rt/cain-venv/bin/cain", "research", "episodes", "--domain", "crypto", "--state", "/home/runner/work/_temp/work/failures/F13/cain-state"], "fault_env": {}, "exit": 0}
--- stdout
{"domain": "crypto", "episodes": [{"as_of": "2026-09-28T14:58:28Z", "decision": "ALLOW", "number": 1, "outbox": {"dispatches": 1, "retries_requested": 0, "status": "PUBLISHED", "task_id": "crypto:TASK-8e96f32b5a612a048e939f19384c4c83"}, "proposal_id": "cain:FM-F13-1", "reason_code": "ALLOWED", "receipt_sha256": "ac649c6605769b844af9affa10de0c2b06520fb5f5e560a7bd937a165390eb6c", "source": "operator", "task_id": "crypto:TASK-8e96f32b5a612a048e939f19384c4c83"}], "inbox": [{"class": "TERMINAL_RESULT", "fact_id": "fact:1d68a87c126b4370a75b8e89714e6660", "payload_sha256": "5e24d36c238c604582d782edd83f16e12d387633916cdfc6c7bf0bbe6e03dc6a", "status": "RESULT", "task_id": "crypto:TASK-8e96f32b5a612a048e939f19384c4c83"}], "memory": {"broken_at": null, "entries": 1, "head": "8274f62c24a14e55b230a326ab8c681bec87594b03f394285c006a1cefa14d4e", "head_recorded_at": "2026-09-28T14:58:29.124601Z", "projection": "consistent", "status": "intact"}, "rejections": [{"code": "TASK_NOT_FOUND", "file": "crypto-h9.json"}, {"code": "CORRELATION_MISMATCH", "file": "other-episode.json"}, {"code": "DOMAIN_MISMATCH", "file": "stocks.json"}]}
--- stderr
--- end
