{"n": 1, "label": "propose 01-allow", "at": "2026-09-28T01:16:19Z", "seconds": 0.14, "argv": ["/home/runner/work/_temp/work/rt/cain-venv/bin/cain", "research", "propose", "--domain", "crypto", "--state", "/home/runner/work/_temp/work/e2e/cain-state", "--proposal", "/home/runner/work/predictor-qualification/predictor-qualification/qualification/integration-crypto/fixtures/proposals/e2e/01-allow.json", "--as-of", "2026-09-28T01:16:19Z"], "fault_env": {}, "exit": 0}
--- stdout
{"decision": "ALLOW", "episode_id": "crypto:episode-1", "reason_code": "ALLOWED", "receipt_sha256": "51a1deca4b06d1b0599e66a25875dc73f94e91ee19fd204b1eed1fee3624a28b", "rule": "R14", "status": "RECORDED", "task": {"payload_sha256": "5fe20eb7b93d743530485cae313699a24e6bde31926371024ff20b8d3ef89beb", "previous_task_id": null, "task_id": "crypto:TASK-02bf95b3940c9a226f8a9ae2a37a11a3"}}
--- stderr
--- end
{"n": 2, "label": "dispatch 01-allow", "at": "2026-09-28T01:16:19Z", "seconds": 0.119, "argv": ["/home/runner/work/_temp/work/rt/cain-venv/bin/cain", "research", "dispatch", "--domain", "crypto", "--state", "/home/runner/work/_temp/work/e2e/cain-state", "--spool", "/home/runner/work/_temp/work/e2e/spool"], "fault_env": {}, "exit": 0}
--- stdout
{"action": "dispatched", "file": "crypto/tasks/TASK-02bf95b3940c9a226f8a9ae2a37a11a3.json", "spool": "WRITTEN", "task_id": "crypto:TASK-02bf95b3940c9a226f8a9ae2a37a11a3"}
--- stderr
--- end
{"n": 3, "label": "consumer 01-allow", "at": "2026-09-28T01:16:20Z", "seconds": 0.445, "argv": ["/home/runner/work/_temp/work/rt/consumer-venv/bin/predictor-research-consumer", "--domain", "crypto", "--spool", "/home/runner/work/_temp/work/e2e/spool", "--ledger", "/home/runner/work/_temp/work/e2e/consumer/ledger.sqlite", "--state", "/home/runner/work/_temp/work/e2e/domain-state", "--policy", "/home/runner/work/_temp/work/rt/op/policy.json", "--objects", "/home/runner/work/_temp/work/rt/op/objects"], "fault_env": {}, "exit": 0}
--- stdout
{"action": "delivered", "attempt": 1, "class": "TERMINAL_RESULT", "episode_id": "crypto:episode-1", "result_file": "crypto/results/TASK-02bf95b3940c9a226f8a9ae2a37a11a3.dd6e6265ae0e8156.json", "result_write": "WRITTEN", "status": "RESULT", "task_id": "crypto:TASK-02bf95b3940c9a226f8a9ae2a37a11a3"}
--- stderr
{"duration_ms": 207, "event": "job_finished", "job_id": "crypto-research-159fdfb2ad2ccd8f8d612a36", "level": "INFO", "run_id": "6df8cb7516fe432c9165864516aaf307", "run_status": "SUCCEEDED", "service": "predictor_ops", "timestamp": "2026-09-28T01:16:20.387019Z"}
--- end
{"n": 4, "label": "ingest 01-allow", "at": "2026-09-28T01:16:20Z", "seconds": 0.125, "argv": ["/home/runner/work/_temp/work/rt/cain-venv/bin/cain", "research", "ingest", "--domain", "crypto", "--state", "/home/runner/work/_temp/work/e2e/cain-state", "--spool", "/home/runner/work/_temp/work/e2e/spool"], "fault_env": {}, "exit": 0}
--- stdout
{"action": "ingested", "class": "TERMINAL_RESULT", "fact": "fact:d5e47541167e45bbbd59c5555d769528", "file": "TASK-02bf95b3940c9a226f8a9ae2a37a11a3.dd6e6265ae0e8156.json", "status": "RESULT", "task_id": "crypto:TASK-02bf95b3940c9a226f8a9ae2a37a11a3"}
--- stderr
--- end
{"n": 5, "label": "propose 02-allow-restarts", "at": "2026-09-28T01:16:20Z", "seconds": 0.123, "argv": ["/home/runner/work/_temp/work/rt/cain-venv/bin/cain", "research", "propose", "--domain", "crypto", "--state", "/home/runner/work/_temp/work/e2e/cain-state", "--proposal", "/home/runner/work/predictor-qualification/predictor-qualification/qualification/integration-crypto/fixtures/proposals/e2e/02-allow-restarts.json", "--as-of", "2026-09-28T01:16:20Z"], "fault_env": {}, "exit": 0}
--- stdout
{"decision": "ALLOW", "episode_id": "crypto:episode-2", "reason_code": "ALLOWED", "receipt_sha256": "7f0b87cdc1a1b49d64e48ce13e1d3045912367fc7cb8ba037605ca27832fbb3f", "rule": "R14", "status": "RECORDED", "task": {"payload_sha256": "2f1a51cc878bbc2b90b9a06125dc4eb586e279b9f4b95229dff11a5f8596ce6c", "previous_task_id": "crypto:TASK-02bf95b3940c9a226f8a9ae2a37a11a3", "task_id": "crypto:TASK-9cb8ddb312aff3b4be933e167ae7e943"}}
--- stderr
--- end
{"n": 6, "label": "dispatch 02", "at": "2026-09-28T01:16:20Z", "seconds": 0.119, "argv": ["/home/runner/work/_temp/work/rt/cain-venv/bin/cain", "research", "dispatch", "--domain", "crypto", "--state", "/home/runner/work/_temp/work/e2e/cain-state", "--spool", "/home/runner/work/_temp/work/e2e/spool"], "fault_env": {}, "exit": 0}
--- stdout
{"action": "dispatched", "file": "crypto/tasks/TASK-9cb8ddb312aff3b4be933e167ae7e943.json", "spool": "WRITTEN", "task_id": "crypto:TASK-9cb8ddb312aff3b4be933e167ae7e943"}
--- stderr
--- end
{"n": 7, "label": "consumer 02 (fault)", "at": "2026-09-28T01:16:21Z", "seconds": 0.411, "argv": ["/home/runner/work/_temp/work/rt/consumer-venv/bin/predictor-research-consumer", "--domain", "crypto", "--spool", "/home/runner/work/_temp/work/e2e/spool", "--ledger", "/home/runner/work/_temp/work/e2e/consumer/ledger.sqlite", "--state", "/home/runner/work/_temp/work/e2e/domain-state", "--policy", "/home/runner/work/_temp/work/rt/op/policy.json", "--objects", "/home/runner/work/_temp/work/rt/op/objects"], "fault_env": {"PREDICTOR_RESEARCH_TRANSPORT_FAULT": "after_domain_before_result_write"}, "exit": 86}
--- stdout
--- stderr
{"duration_ms": 207, "event": "job_finished", "job_id": "crypto-research-5bcaf205a05986e27358fb68", "level": "INFO", "run_id": "98697b35e6ae4cb6882d6d59decdc23d", "run_status": "SUCCEEDED", "service": "predictor_ops", "timestamp": "2026-09-28T01:16:21.191393Z"}
--- end
{"n": 8, "label": "consumer 02 (restart)", "at": "2026-09-28T01:16:21Z", "seconds": 0.18, "argv": ["/home/runner/work/_temp/work/rt/consumer-venv/bin/predictor-research-consumer", "--domain", "crypto", "--spool", "/home/runner/work/_temp/work/e2e/spool", "--ledger", "/home/runner/work/_temp/work/e2e/consumer/ledger.sqlite", "--state", "/home/runner/work/_temp/work/e2e/domain-state", "--policy", "/home/runner/work/_temp/work/rt/op/policy.json", "--objects", "/home/runner/work/_temp/work/rt/op/objects"], "fault_env": {}, "exit": 0}
--- stdout
{"action": "skipped", "episode_id": "crypto:episode-1", "state": "TERMINAL_RESULT", "status": "RESULT", "task_id": "crypto:TASK-02bf95b3940c9a226f8a9ae2a37a11a3"}
{"action": "delivered", "attempt": 2, "class": "TERMINAL_RESULT", "episode_id": "crypto:episode-2", "result_file": "crypto/results/TASK-9cb8ddb312aff3b4be933e167ae7e943.42c3a4b15488fd98.json", "result_write": "WRITTEN", "status": "DUPLICATE", "task_id": "crypto:TASK-9cb8ddb312aff3b4be933e167ae7e943"}
--- stderr
--- end
{"n": 9, "label": "ingest 02 (fault)", "at": "2026-09-28T01:16:21Z", "seconds": 0.111, "argv": ["/home/runner/work/_temp/work/rt/cain-venv/bin/cain", "research", "ingest", "--domain", "crypto", "--state", "/home/runner/work/_temp/work/e2e/cain-state", "--spool", "/home/runner/work/_temp/work/e2e/spool"], "fault_env": {"CAIN_ORCHESTRATION_FAULT": "after_inbox_commit_before_memory"}, "exit": 86}
--- stdout
--- stderr
--- end
{"n": 10, "label": "ingest 02 (restart)", "at": "2026-09-28T01:16:21Z", "seconds": 0.125, "argv": ["/home/runner/work/_temp/work/rt/cain-venv/bin/cain", "research", "ingest", "--domain", "crypto", "--state", "/home/runner/work/_temp/work/e2e/cain-state", "--spool", "/home/runner/work/_temp/work/e2e/spool"], "fault_env": {}, "exit": 0}
--- stdout
{"action": "duplicate", "file": "TASK-02bf95b3940c9a226f8a9ae2a37a11a3.dd6e6265ae0e8156.json"}
{"action": "remembered", "fact_id": "fact:54058e4a55104a979a6fea951a3b8b42", "file": "TASK-9cb8ddb312aff3b4be933e167ae7e943.42c3a4b15488fd98.json", "reused": false}
--- stderr
--- end
{"n": 11, "label": "ingest interleaved other domains", "at": "2026-09-28T01:16:21Z", "seconds": 0.13, "argv": ["/home/runner/work/_temp/work/rt/cain-venv/bin/cain", "research", "ingest", "--domain", "crypto", "--state", "/home/runner/work/_temp/work/e2e/cain-state", "--spool", "/home/runner/work/_temp/work/e2e/spool"], "fault_env": {}, "exit": 2}
--- stdout
{"action": "duplicate", "file": "TASK-02bf95b3940c9a226f8a9ae2a37a11a3.dd6e6265ae0e8156.json"}
{"action": "duplicate", "file": "TASK-9cb8ddb312aff3b4be933e167ae7e943.42c3a4b15488fd98.json"}
{"action": "rejected", "code": "DOMAIN_MISMATCH", "file": "interleaved-fixtures-v2-brasileirao-result-h9.json", "reason": "result of domain brasileirao"}
{"action": "rejected", "code": "TASK_NOT_FOUND", "file": "interleaved-fixtures-v2-crypto-result-h9.json", "reason": "crypto:TASK-45b3afb3f4c777ae5aa52020f98afc6a was not emitted by this CAIN"}
{"action": "rejected", "code": "DOMAIN_MISMATCH", "file": "interleaved-fixtures-v2-stocks-result-h9.json", "reason": "result of domain stocks"}
--- stderr
--- end
{"n": 12, "label": "propose 03-canary", "at": "2026-09-28T01:16:21Z", "seconds": 0.12, "argv": ["/home/runner/work/_temp/work/rt/cain-venv/bin/cain", "research", "propose", "--domain", "crypto", "--state", "/home/runner/work/_temp/work/e2e/cain-state", "--proposal", "/home/runner/work/predictor-qualification/predictor-qualification/qualification/integration-crypto/fixtures/proposals/e2e/03-canary.json", "--as-of", "2026-09-28T01:16:21Z"], "fault_env": {}, "exit": 0}
--- stdout
{"decision": "ALLOW", "episode_id": "crypto:episode-3", "reason_code": "ALLOWED", "receipt_sha256": "da1ae59518c0435243a827ebf094be42ae110b1148242103ebff4b6d5677a06d", "rule": "R14", "status": "RECORDED", "task": {"payload_sha256": "1cfa943e5152e6695e47cf670549cea81f0f052ead927c9905b74498bc2892bf", "previous_task_id": "crypto:TASK-9cb8ddb312aff3b4be933e167ae7e943", "task_id": "crypto:TASK-6f9d23e232884c4e3d510523e881874a"}}
--- stderr
--- end
{"n": 13, "label": "dispatch 03-canary", "at": "2026-09-28T01:16:21Z", "seconds": 0.118, "argv": ["/home/runner/work/_temp/work/rt/cain-venv/bin/cain", "research", "dispatch", "--domain", "crypto", "--state", "/home/runner/work/_temp/work/e2e/cain-state", "--spool", "/home/runner/work/_temp/work/e2e/spool"], "fault_env": {}, "exit": 0}
--- stdout
{"action": "dispatched", "file": "crypto/tasks/TASK-6f9d23e232884c4e3d510523e881874a.json", "spool": "WRITTEN", "task_id": "crypto:TASK-6f9d23e232884c4e3d510523e881874a"}
--- stderr
--- end
{"n": 14, "label": "consumer 03-canary", "at": "2026-09-28T01:16:22Z", "seconds": 0.429, "argv": ["/home/runner/work/_temp/work/rt/consumer-venv/bin/predictor-research-consumer", "--domain", "crypto", "--spool", "/home/runner/work/_temp/work/e2e/spool", "--ledger", "/home/runner/work/_temp/work/e2e/consumer/ledger.sqlite", "--state", "/home/runner/work/_temp/work/e2e/domain-state", "--policy", "/home/runner/work/_temp/work/rt/op/policy.json", "--objects", "/home/runner/work/_temp/work/rt/op/objects"], "fault_env": {}, "exit": 0}
--- stdout
{"action": "skipped", "episode_id": "crypto:episode-1", "state": "TERMINAL_RESULT", "status": "RESULT", "task_id": "crypto:TASK-02bf95b3940c9a226f8a9ae2a37a11a3"}
{"action": "skipped", "episode_id": "crypto:episode-2", "state": "TERMINAL_RESULT", "status": "DUPLICATE", "task_id": "crypto:TASK-9cb8ddb312aff3b4be933e167ae7e943"}
{"action": "delivered", "attempt": 1, "class": "TERMINAL_REFUSAL", "episode_id": "crypto:episode-3", "result_file": "crypto/results/TASK-6f9d23e232884c4e3d510523e881874a.e1119d7a0363c573.json", "result_write": "WRITTEN", "status": "TEMPORAL_INTEGRITY_VIOLATION", "task_id": "crypto:TASK-6f9d23e232884c4e3d510523e881874a"}
--- stderr
{"duration_ms": 207, "event": "job_finished", "job_id": "crypto-research-ab932b7c3d1ebadc820a47f9", "level": "INFO", "run_id": "057013264bee4266a81e55c1f8910e11", "run_status": "FAILED", "service": "predictor_ops", "timestamp": "2026-09-28T01:16:22.390999Z"}
--- end
{"n": 15, "label": "ingest 03-canary", "at": "2026-09-28T01:16:22Z", "seconds": 0.126, "argv": ["/home/runner/work/_temp/work/rt/cain-venv/bin/cain", "research", "ingest", "--domain", "crypto", "--state", "/home/runner/work/_temp/work/e2e/cain-state", "--spool", "/home/runner/work/_temp/work/e2e/spool"], "fault_env": {}, "exit": 0}
--- stdout
{"action": "duplicate", "file": "TASK-02bf95b3940c9a226f8a9ae2a37a11a3.dd6e6265ae0e8156.json"}
{"action": "ingested", "class": "TERMINAL_REFUSAL", "fact": "fact:98817fadcb264c77b2014449f4acb3d3", "file": "TASK-6f9d23e232884c4e3d510523e881874a.e1119d7a0363c573.json", "status": "TEMPORAL_INTEGRITY_VIOLATION", "task_id": "crypto:TASK-6f9d23e232884c4e3d510523e881874a"}
{"action": "duplicate", "file": "TASK-9cb8ddb312aff3b4be933e167ae7e943.42c3a4b15488fd98.json"}
{"action": "skipped", "code": "DOMAIN_MISMATCH", "file": "interleaved-fixtures-v2-brasileirao-result-h9.json", "state": "REJECTED"}
{"action": "skipped", "code": "TASK_NOT_FOUND", "file": "interleaved-fixtures-v2-crypto-result-h9.json", "state": "REJECTED"}
{"action": "skipped", "code": "DOMAIN_MISMATCH", "file": "interleaved-fixtures-v2-stocks-result-h9.json", "state": "REJECTED"}
--- stderr
--- end
{"n": 16, "label": "propose 04-duplicate", "at": "2026-09-28T01:16:22Z", "seconds": 0.121, "argv": ["/home/runner/work/_temp/work/rt/cain-venv/bin/cain", "research", "propose", "--domain", "crypto", "--state", "/home/runner/work/_temp/work/e2e/cain-state", "--proposal", "/home/runner/work/predictor-qualification/predictor-qualification/qualification/integration-crypto/fixtures/proposals/e2e/04-duplicate.json", "--as-of", "2026-09-28T01:16:22Z"], "fault_env": {}, "exit": 0}
--- stdout
{"decision": "DUPLICATE", "episode_id": "crypto:episode-4", "reason_code": "DUPLICATE_REQUEST", "receipt_sha256": "73538eb17da5fbfec0209c22114bb7c175b4aa0e3c67838289659ababefc40e9", "rule": "R08", "status": "RECORDED", "task": null}
--- stderr
--- end
{"n": 17, "label": "propose 05-h9-closed", "at": "2026-09-28T01:16:22Z", "seconds": 0.122, "argv": ["/home/runner/work/_temp/work/rt/cain-venv/bin/cain", "research", "propose", "--domain", "crypto", "--state", "/home/runner/work/_temp/work/e2e/cain-state", "--proposal", "/home/runner/work/predictor-qualification/predictor-qualification/qualification/integration-crypto/fixtures/proposals/e2e/05-h9-closed.json", "--as-of", "2026-09-28T01:16:22Z"], "fault_env": {}, "exit": 0}
--- stdout
{"decision": "BLOCK", "episode_id": "crypto:episode-5", "reason_code": "HYPOTHESIS_CLOSED", "receipt_sha256": "fe4e1c812b73d3d1f0b0bc990b255f04502de8336a7fc8237c16c0844edea78e", "rule": "R05", "status": "RECORDED", "task": null}
--- stderr
--- end
{"n": 18, "label": "propose 06-stocks-h9", "at": "2026-09-28T01:16:22Z", "seconds": 0.119, "argv": ["/home/runner/work/_temp/work/rt/cain-venv/bin/cain", "research", "propose", "--domain", "crypto", "--state", "/home/runner/work/_temp/work/e2e/cain-state", "--proposal", "/home/runner/work/predictor-qualification/predictor-qualification/qualification/integration-crypto/fixtures/proposals/e2e/06-stocks-h9.json", "--as-of", "2026-09-28T01:16:22Z"], "fault_env": {}, "exit": 0}
--- stdout
{"decision": "BLOCK", "episode_id": "crypto:episode-6", "reason_code": "DOMAIN_MISMATCH", "receipt_sha256": "b843fa08aa1d58ed8ae65f742df3cf0fc195ff78a88b66112239a45d4ed168a2", "rule": "R01", "status": "RECORDED", "task": null}
--- stderr
--- end
{"n": 19, "label": "propose 07-next", "at": "2026-09-28T01:16:23Z", "seconds": 0.122, "argv": ["/home/runner/work/_temp/work/rt/cain-venv/bin/cain", "research", "propose", "--domain", "crypto", "--state", "/home/runner/work/_temp/work/e2e/cain-state", "--proposal", "/home/runner/work/predictor-qualification/predictor-qualification/qualification/integration-crypto/fixtures/proposals/e2e/07-next.json", "--as-of", "2026-09-28T01:16:22Z"], "fault_env": {}, "exit": 0}
--- stdout
{"decision": "ALLOW", "episode_id": "crypto:episode-7", "reason_code": "ALLOWED", "receipt_sha256": "57d03be977b7d677d49b00d035a7bf8591037c02f1fbf82bcb6b6ca6a798a2d9", "rule": "R14", "status": "RECORDED", "task": {"payload_sha256": "2adbe0ec65ffcf947ec57ee38c71047536a6f04e103382c11ad849ba74039d65", "previous_task_id": "crypto:TASK-6f9d23e232884c4e3d510523e881874a", "task_id": "crypto:TASK-4fd811d6e4fd160bfab2e5c2995cc0ce"}}
--- stderr
--- end
{"n": 20, "label": "dispatch 07-next", "at": "2026-09-28T01:16:23Z", "seconds": 0.119, "argv": ["/home/runner/work/_temp/work/rt/cain-venv/bin/cain", "research", "dispatch", "--domain", "crypto", "--state", "/home/runner/work/_temp/work/e2e/cain-state", "--spool", "/home/runner/work/_temp/work/e2e/spool"], "fault_env": {}, "exit": 0}
--- stdout
{"action": "dispatched", "file": "crypto/tasks/TASK-4fd811d6e4fd160bfab2e5c2995cc0ce.json", "spool": "WRITTEN", "task_id": "crypto:TASK-4fd811d6e4fd160bfab2e5c2995cc0ce"}
--- stderr
--- end
{"n": 21, "label": "consumer 07-next", "at": "2026-09-28T01:16:23Z", "seconds": 0.434, "argv": ["/home/runner/work/_temp/work/rt/consumer-venv/bin/predictor-research-consumer", "--domain", "crypto", "--spool", "/home/runner/work/_temp/work/e2e/spool", "--ledger", "/home/runner/work/_temp/work/e2e/consumer/ledger.sqlite", "--state", "/home/runner/work/_temp/work/e2e/domain-state", "--policy", "/home/runner/work/_temp/work/rt/op/policy.json", "--objects", "/home/runner/work/_temp/work/rt/op/objects"], "fault_env": {}, "exit": 0}
--- stdout
{"action": "skipped", "episode_id": "crypto:episode-1", "state": "TERMINAL_RESULT", "status": "RESULT", "task_id": "crypto:TASK-02bf95b3940c9a226f8a9ae2a37a11a3"}
{"action": "skipped", "episode_id": "crypto:episode-2", "state": "TERMINAL_RESULT", "status": "DUPLICATE", "task_id": "crypto:TASK-9cb8ddb312aff3b4be933e167ae7e943"}
{"action": "skipped", "episode_id": "crypto:episode-3", "state": "TERMINAL_REFUSAL", "status": "TEMPORAL_INTEGRITY_VIOLATION", "task_id": "crypto:TASK-6f9d23e232884c4e3d510523e881874a"}
{"action": "delivered", "attempt": 1, "class": "TERMINAL_RESULT", "episode_id": "crypto:episode-7", "result_file": "crypto/results/TASK-4fd811d6e4fd160bfab2e5c2995cc0ce.310ac2be6bbed6fe.json", "result_write": "WRITTEN", "status": "RESULT", "task_id": "crypto:TASK-4fd811d6e4fd160bfab2e5c2995cc0ce"}
--- stderr
{"duration_ms": 207, "event": "job_finished", "job_id": "crypto-research-645789279a2ea8a96756748e", "level": "INFO", "run_id": "36be7ddfdf9046f38af035aa845bccf8", "run_status": "SUCCEEDED", "service": "predictor_ops", "timestamp": "2026-09-28T01:16:23.547545Z"}
--- end
{"n": 22, "label": "ingest 07-next", "at": "2026-09-28T01:16:23Z", "seconds": 0.125, "argv": ["/home/runner/work/_temp/work/rt/cain-venv/bin/cain", "research", "ingest", "--domain", "crypto", "--state", "/home/runner/work/_temp/work/e2e/cain-state", "--spool", "/home/runner/work/_temp/work/e2e/spool"], "fault_env": {}, "exit": 0}
--- stdout
{"action": "duplicate", "file": "TASK-02bf95b3940c9a226f8a9ae2a37a11a3.dd6e6265ae0e8156.json"}
{"action": "ingested", "class": "TERMINAL_RESULT", "fact": "fact:abf53cdb4c3746559b04fea5b3896d1d", "file": "TASK-4fd811d6e4fd160bfab2e5c2995cc0ce.310ac2be6bbed6fe.json", "status": "RESULT", "task_id": "crypto:TASK-4fd811d6e4fd160bfab2e5c2995cc0ce"}
{"action": "duplicate", "file": "TASK-6f9d23e232884c4e3d510523e881874a.e1119d7a0363c573.json"}
{"action": "duplicate", "file": "TASK-9cb8ddb312aff3b4be933e167ae7e943.42c3a4b15488fd98.json"}
{"action": "skipped", "code": "DOMAIN_MISMATCH", "file": "interleaved-fixtures-v2-brasileirao-result-h9.json", "state": "REJECTED"}
{"action": "skipped", "code": "TASK_NOT_FOUND", "file": "interleaved-fixtures-v2-crypto-result-h9.json", "state": "REJECTED"}
{"action": "skipped", "code": "DOMAIN_MISMATCH", "file": "interleaved-fixtures-v2-stocks-result-h9.json", "state": "REJECTED"}
--- stderr
--- end
{"n": 23, "label": "show crypto:REQ-IC-E2E-001", "at": "2026-09-28T01:16:23Z", "seconds": 0.145, "argv": ["/home/runner/work/_temp/work/rt/consumer-venv/bin/cripto-research", "--state", "/home/runner/work/_temp/work/e2e/domain-state", "show", "crypto:REQ-IC-E2E-001"], "fault_env": {}, "exit": 0}
--- stdout
{"request_id": "crypto:REQ-IC-E2E-001", "result": {"admission_id": "crypto:ADM-100af211c3f0ea359667d6c13067c933", "capital_permission": false, "core_facts": {"dataset_fingerprint": "1e6356ed1c918f083af953f558a5d23fc6d777ec95bb6cdbde16ee34d257dddb", "identity": {"package": "predictor-core", "record_sha256": "eb8c5553379422a4317e5d6749a98912e95e873d52c80d7fa1fd87e6d96977c2", "version": "3.2.1"}, "scientific_state_source": "core_trial_registry", "statistics": {"gross_ci_high": 0.006996997357178977, "gross_ci_low": -0.0267681010718645, "mean_gross_return": -0.008918560462211353, "mean_net_return": -0.011837964885288278, "net_ci_high": 0.004154202549486669, "net_ci_low": -0.029805573956479887}, "temporal_validation": {"data_cutoff": "2026-08-31T00:00:00Z", "inequality": "available_at <= data_cutoff and observed_at monotonic and observed_at <= available_at", "max_available_at": "2026-08-31T00:00:00Z", "method": "predictor_core.measurement.replay", "rows": 52, "status": "PASS"}, "trial_ids": ["crypto:TRIAL-159fdfb2ad2ccd8f8d612a364c7c61ed"], "trial_registry": "predictor_core.contracts.trial_v2.TrialRegistryV2", "trial_row_hash": "52070a0d6658e22e5a7f8bdc2b6e4c866aecd65450cfc351b24f6ce2ce7be471"}, "domain_facts": {"baseline_comparison": {"baseline_id": "crypto:BASELINE-FLAT", "gross_delta_bps": -89, "net_delta_bps": -118, "outcome": "LOSES"}, "baseline_identity": {"content_hash": "4cfdb5417495d2ab5067d67ad9d199d59d330fa4600a8d451b32a7b62e6be136", "name": "flat", "revision_id": "baseline:flat:real-v1", "version": "v1"}, "cost_model_identity": {"content_hash": "6168c2abe0d77bcceffc084905a6a2ba54a8cbdf5a1a55f48fbc1e30f3e44e65", "name": "v3-frozen", "revision_id": "cost_model:v3-frozen:real-v1", "version": "v1"}, "costs": {"cost_aware_decision": "NO_TRADE", "mean_funding_pnl_bps": 1, "mean_total_cost_bps": 29, "model": "GarimpoInvestimentos.v3.costs.CostModel", "round_trip_friction_bps": 30, "slippage_bps_per_leg": 5, "taker_fee_bps_per_leg": 10}, "data_cutoff": "2026-08-31T00:00:00Z", "data_quality": {"ok": true}, "dataset_identity": {"content_hash": "0d04cf7c11e8b27fd294a3c354dee3750c9de9d2b312f0044436e7a1751b9a33", "name": "real-in-sample", "revision_id": "dataset:real-in-sample:v1", "version": "v1"}, "effect_sha256": "2a1ec127323dd8ec8225946f2e887cad505fb0720e98bb7ae243575f8edb7fbd", "evidence_identity": {"content_hash": "6f36df6bf689e20cc90c92fcd74baca040d4d6fa1a25368c71f35baf0fcf4bc9", "name": "none", "revision_id": "evidence:none:real-v1", "version": "v1"}, "handler": "crypto.handlers.backtest_existing_hypothesis.v1", "identity": {"package": "cripto-predictor", "record_sha256": "0cde203bc21746dc97498403c0d24fe62e4982340a720e8c7af049514462a262", "version": "1.2.0rc3"}, "metrics": {"ci": {"confidence": 0.95, "n_boot": 500, "scheme": "iid", "seed": 17}, "gross_ci_high_bps": 70, "gross_ci_low_bps": -268, "gross_return_bps": -89, "long_observations": 28, "max_drawdown_bps": -5497, "net_ci_high_bps": 42, "net_ci_low_bps": -298, "net_return_bps": -118, "sample_size": 52, "short_observations": 24, "turnover_round_trips": 52}, "model_identity": {"content_hash": "07225498b8d4834d762a198bc63ee650512fdf02e536d1b0a623bbe9a6fb3582", "name": "fixed-shadow", "revision_id": "protocol:fixed-shadow:real-v1", "version": "v1"}, "placebo_seed": 101}, "economic_state": "NO_EDGE", "experiment_id": "crypto:EXP-159fdfb2ad2ccd8f8d612a364c7c61ed", "hypothesis_id": "crypto:QUAL-SHADOW-REAL-001", "operational_state": "SUCCEEDED", "ops_facts": {"attempt_ids": ["crypto:ATTEMPT-65df47cae23c4580929dfba722e6c8c4"], "attempts": 1, "economic_lock_id": "economic-add5ab5689956f5960dad049b78a2692bafed5b5faa5ddeaf30d4af385b83c5f", "exit_code": 0, "finished_at": "2026-09-28T01:16:20.384Z", "heartbeat_at": "2026-09-28T01:16:20.182Z", "identity": {"package": "predictor-ops", "record_sha256": "1c7946e1d994f63bc3e732fe4666edfb42967f3a7b7b11664af63ca572f0018f", "version": "4.2.2rc1"}, "job_id": "crypto-research-159fdfb2ad2ccd8f8d612a36", "operational_state": "SUCCEEDED", "ops_record_hash": "704e4bdaad1ac0ef5a6869c0233750d3ed7c5b023642f1247c0a51dd78ca8709", "ops_run_id": "6df8cb7516fe432c9165864516aaf307", "ops_run_ids": ["6df8cb7516fe432c9165864516aaf307"], "retry_count": 0, "started_at": "2026-09-28T01:16:20.177Z"}, "produced_at": "2026-09-28T01:16:20.389074Z", "provenance": {"admission_policy_hash": "78e8b2d76c589c02254b299bcc633eaddfe82d6a93e7849a9b91d11f31563729", "admission_policy_id": "crypto-integration-qualification", "admission_policy_version": 1, "handler_identity": "crypto.handlers.backtest_existing_hypothesis.v1", "journal_identity": "3d830458100d22b08272200b26cdb8b1a7042cf5ebe1f28923fba846f524bfa1", "logical_experiment_hash": "159fdfb2ad2ccd8f8d612a364c7c61ed5a4812b54434fdc793613ca14e7b9244", "reference_materialization_receipt_hash": "fac8871eb85c9aeb6121810cb386142a5d419af3efd3465c12c2dd545066c5e5", "request_content_hash": "5fe20eb7b93d743530485cae313699a24e6bde31926371024ff20b8d3ef89beb", "resolved_references_hash": "257b00d8d257e56401219b8ae046e9e5a1d90efaba5ab7cc654a493d0f59ee64"}, "request_id": "crypto:REQ-IC-E2E-001", "research_id": "crypto:RESEARCH-INTEGRATION-QUALIFICATION", "result_id": "crypto:RESULT-159fdfb2ad2ccd8f8d612a364c7c61ed", "result_state": "INCONCLUSIVE", "schema_version": "crypto-research-result/1", "scientific_state": "INCONCLUSIVE"}, "result_sha256": "8a8e152ab50afa2c972163bba6ee2e2ddb38f05c643c0c9861ff39713801691b", "source": "authoritative_result_store", "status": "RESULT"}
--- stderr
--- end
{"n": 24, "label": "show crypto:REQ-IC-E2E-007", "at": "2026-09-28T01:16:24Z", "seconds": 0.147, "argv": ["/home/runner/work/_temp/work/rt/consumer-venv/bin/cripto-research", "--state", "/home/runner/work/_temp/work/e2e/domain-state", "show", "crypto:REQ-IC-E2E-007"], "fault_env": {}, "exit": 0}
--- stdout
{"request_id": "crypto:REQ-IC-E2E-007", "result": {"admission_id": "crypto:ADM-bdb7a97aa541747fc0c58fc078b08cc7", "capital_permission": false, "core_facts": {"dataset_fingerprint": "1e6356ed1c918f083af953f558a5d23fc6d777ec95bb6cdbde16ee34d257dddb", "identity": {"package": "predictor-core", "record_sha256": "eb8c5553379422a4317e5d6749a98912e95e873d52c80d7fa1fd87e6d96977c2", "version": "3.2.1"}, "scientific_state_source": "core_trial_registry", "statistics": {"gross_ci_high": 0.02549230760890503, "gross_ci_low": -0.007312083742153127, "mean_gross_return": 0.00956909474953309, "mean_net_return": 0.00645209648030232, "net_ci_high": 0.022429989535761308, "net_ci_low": -0.010557930824002516}, "temporal_validation": {"data_cutoff": "2026-08-31T00:00:00Z", "inequality": "available_at <= data_cutoff and observed_at monotonic and observed_at <= available_at", "max_available_at": "2026-08-31T00:00:00Z", "method": "predictor_core.measurement.replay", "rows": 52, "status": "PASS"}, "trial_ids": ["crypto:TRIAL-645789279a2ea8a96756748ea5e18d06"], "trial_registry": "predictor_core.contracts.trial_v2.TrialRegistryV2", "trial_row_hash": "6e290aa50acde7929ac2a4807d64df922aeb15baf30597e2a7a96bd4364f1382"}, "domain_facts": {"baseline_comparison": {"baseline_id": "crypto:BASELINE-FLAT", "gross_delta_bps": 96, "net_delta_bps": 65, "outcome": "BEATS"}, "baseline_identity": {"content_hash": "4cfdb5417495d2ab5067d67ad9d199d59d330fa4600a8d451b32a7b62e6be136", "name": "flat", "revision_id": "baseline:flat:real-v1", "version": "v1"}, "cost_model_identity": {"content_hash": "6168c2abe0d77bcceffc084905a6a2ba54a8cbdf5a1a55f48fbc1e30f3e44e65", "name": "v3-frozen", "revision_id": "cost_model:v3-frozen:real-v1", "version": "v1"}, "costs": {"cost_aware_decision": "NO_TRADE", "mean_funding_pnl_bps": -1, "mean_total_cost_bps": 31, "model": "GarimpoInvestimentos.v3.costs.CostModel", "round_trip_friction_bps": 30, "slippage_bps_per_leg": 5, "taker_fee_bps_per_leg": 10}, "data_cutoff": "2026-08-31T00:00:00Z", "data_quality": {"ok": true}, "dataset_identity": {"content_hash": "0d04cf7c11e8b27fd294a3c354dee3750c9de9d2b312f0044436e7a1751b9a33", "name": "real-in-sample", "revision_id": "dataset:real-in-sample:v1", "version": "v1"}, "effect_sha256": "0238a50949cb08b3dd4d3baadbc6ec88f86423d28cf2cad35979ad0afe0862a4", "evidence_identity": {"content_hash": "6f36df6bf689e20cc90c92fcd74baca040d4d6fa1a25368c71f35baf0fcf4bc9", "name": "none", "revision_id": "evidence:none:real-v1", "version": "v1"}, "handler": "crypto.handlers.backtest_existing_hypothesis.v1", "identity": {"package": "cripto-predictor", "record_sha256": "0cde203bc21746dc97498403c0d24fe62e4982340a720e8c7af049514462a262", "version": "1.2.0rc3"}, "metrics": {"ci": {"confidence": 0.95, "n_boot": 500, "scheme": "iid", "seed": 17}, "gross_ci_high_bps": 255, "gross_ci_low_bps": -73, "gross_return_bps": 96, "long_observations": 25, "max_drawdown_bps": -3460, "net_ci_high_bps": 224, "net_ci_low_bps": -106, "net_return_bps": 65, "sample_size": 52, "short_observations": 27, "turnover_round_trips": 52}, "model_identity": {"content_hash": "07225498b8d4834d762a198bc63ee650512fdf02e536d1b0a623bbe9a6fb3582", "name": "fixed-shadow", "revision_id": "protocol:fixed-shadow:real-v1", "version": "v1"}, "placebo_seed": 107}, "economic_state": "NO_EDGE", "experiment_id": "crypto:EXP-645789279a2ea8a96756748ea5e18d06", "hypothesis_id": "crypto:QUAL-SHADOW-REAL-003", "operational_state": "SUCCEEDED", "ops_facts": {"attempt_ids": ["crypto:ATTEMPT-c308f87d119d4d70aff19b5cb94be23b"], "attempts": 1, "economic_lock_id": "economic-9a27ed46a24d4b15168df07f939135cee648d929bfee7ae744a249e9c6494515", "exit_code": 0, "finished_at": "2026-09-28T01:16:23.544Z", "heartbeat_at": "2026-09-28T01:16:23.343Z", "identity": {"package": "predictor-ops", "record_sha256": "1c7946e1d994f63bc3e732fe4666edfb42967f3a7b7b11664af63ca572f0018f", "version": "4.2.2rc1"}, "job_id": "crypto-research-645789279a2ea8a96756748e", "operational_state": "SUCCEEDED", "ops_record_hash": "be3227068056c3dc557927da28a820625f1bb85ed46740f77a8d593b2b7ccc75", "ops_run_id": "36be7ddfdf9046f38af035aa845bccf8", "ops_run_ids": ["36be7ddfdf9046f38af035aa845bccf8"], "retry_count": 0, "started_at": "2026-09-28T01:16:23.337Z"}, "produced_at": "2026-09-28T01:16:23.549862Z", "provenance": {"admission_policy_hash": "78e8b2d76c589c02254b299bcc633eaddfe82d6a93e7849a9b91d11f31563729", "admission_policy_id": "crypto-integration-qualification", "admission_policy_version": 1, "handler_identity": "crypto.handlers.backtest_existing_hypothesis.v1", "journal_identity": "441da4a5f8c8b6831506cce3cfe0f0d1120b7c926eafb40d82795ed99b375f7d", "logical_experiment_hash": "645789279a2ea8a96756748ea5e18d06f23890cfccfc239d1bf2335d9dfb4bfa", "reference_materialization_receipt_hash": "5536ad76fe491507a020a0ce81c5a3867fffea9638c2d9aa6deb8ae16074ca13", "request_content_hash": "2adbe0ec65ffcf947ec57ee38c71047536a6f04e103382c11ad849ba74039d65", "resolved_references_hash": "257b00d8d257e56401219b8ae046e9e5a1d90efaba5ab7cc654a493d0f59ee64"}, "request_id": "crypto:REQ-IC-E2E-007", "research_id": "crypto:RESEARCH-INTEGRATION-QUALIFICATION", "result_id": "crypto:RESULT-645789279a2ea8a96756748ea5e18d06", "result_state": "INCONCLUSIVE", "schema_version": "crypto-research-result/1", "scientific_state": "INCONCLUSIVE"}, "result_sha256": "f65bf07ab71dfe296791330f315ce055df868dd1c143c61250cfe8442a5f4db7", "source": "authoritative_result_store", "status": "RESULT"}
--- stderr
--- end
{"n": 25, "label": "show crypto:REQ-IC-E2E-002", "at": "2026-09-28T01:16:24Z", "seconds": 0.148, "argv": ["/home/runner/work/_temp/work/rt/consumer-venv/bin/cripto-research", "--state", "/home/runner/work/_temp/work/e2e/domain-state", "show", "crypto:REQ-IC-E2E-002"], "fault_env": {}, "exit": 0}
--- stdout
{"request_id": "crypto:REQ-IC-E2E-002", "result": {"admission_id": "crypto:ADM-fa7fb4ebb9ff3525cf75d7fe91da7a13", "capital_permission": false, "core_facts": {"dataset_fingerprint": "1e6356ed1c918f083af953f558a5d23fc6d777ec95bb6cdbde16ee34d257dddb", "identity": {"package": "predictor-core", "record_sha256": "eb8c5553379422a4317e5d6749a98912e95e873d52c80d7fa1fd87e6d96977c2", "version": "3.2.1"}, "scientific_state_source": "core_trial_registry", "statistics": {"gross_ci_high": 0.01724139371241597, "gross_ci_low": -0.014975141675945583, "mean_gross_return": 0.0005936615531716641, "mean_net_return": -0.002306859023751414, "net_ci_high": 0.014394415058569816, "net_ci_low": -0.017987947637484045}, "temporal_validation": {"data_cutoff": "2026-08-31T00:00:00Z", "inequality": "available_at <= data_cutoff and observed_at monotonic and observed_at <= available_at", "max_available_at": "2026-08-31T00:00:00Z", "method": "predictor_core.measurement.replay", "rows": 52, "status": "PASS"}, "trial_ids": ["crypto:TRIAL-5bcaf205a05986e27358fb68064445d8"], "trial_registry": "predictor_core.contracts.trial_v2.TrialRegistryV2", "trial_row_hash": "a24f578ac57bb61c0d3750f968c19b6b0456a1301b466beb1727ebff78dd3312"}, "domain_facts": {"baseline_comparison": {"baseline_id": "crypto:BASELINE-FLAT", "gross_delta_bps": 6, "net_delta_bps": -23, "outcome": "LOSES"}, "baseline_identity": {"content_hash": "4cfdb5417495d2ab5067d67ad9d199d59d330fa4600a8d451b32a7b62e6be136", "name": "flat", "revision_id": "baseline:flat:real-v1", "version": "v1"}, "cost_model_identity": {"content_hash": "6168c2abe0d77bcceffc084905a6a2ba54a8cbdf5a1a55f48fbc1e30f3e44e65", "name": "v3-frozen", "revision_id": "cost_model:v3-frozen:real-v1", "version": "v1"}, "costs": {"cost_aware_decision": "NO_TRADE", "mean_funding_pnl_bps": 1, "mean_total_cost_bps": 29, "model": "GarimpoInvestimentos.v3.costs.CostModel", "round_trip_friction_bps": 30, "slippage_bps_per_leg": 5, "taker_fee_bps_per_leg": 10}, "data_cutoff": "2026-08-31T00:00:00Z", "data_quality": {"ok": true}, "dataset_identity": {"content_hash": "0d04cf7c11e8b27fd294a3c354dee3750c9de9d2b312f0044436e7a1751b9a33", "name": "real-in-sample", "revision_id": "dataset:real-in-sample:v1", "version": "v1"}, "effect_sha256": "78937eb4b63b89939ff75c356b025986a3564c3d51eec10ed8547cfc450e29b7", "evidence_identity": {"content_hash": "6f36df6bf689e20cc90c92fcd74baca040d4d6fa1a25368c71f35baf0fcf4bc9", "name": "none", "revision_id": "evidence:none:real-v1", "version": "v1"}, "handler": "crypto.handlers.backtest_existing_hypothesis.v1", "identity": {"package": "cripto-predictor", "record_sha256": "0cde203bc21746dc97498403c0d24fe62e4982340a720e8c7af049514462a262", "version": "1.2.0rc3"}, "metrics": {"ci": {"confidence": 0.95, "n_boot": 500, "scheme": "iid", "seed": 17}, "gross_ci_high_bps": 172, "gross_ci_low_bps": -150, "gross_return_bps": 6, "long_observations": 25, "max_drawdown_bps": -4988, "net_ci_high_bps": 144, "net_ci_low_bps": -180, "net_return_bps": -23, "sample_size": 52, "short_observations": 27, "turnover_round_trips": 52}, "model_identity": {"content_hash": "07225498b8d4834d762a198bc63ee650512fdf02e536d1b0a623bbe9a6fb3582", "name": "fixed-shadow", "revision_id": "protocol:fixed-shadow:real-v1", "version": "v1"}, "placebo_seed": 102}, "economic_state": "NO_EDGE", "experiment_id": "crypto:EXP-5bcaf205a05986e27358fb68064445d8", "hypothesis_id": "crypto:QUAL-SHADOW-REAL-002", "operational_state": "SUCCEEDED", "ops_facts": {"attempt_ids": ["crypto:ATTEMPT-d6fd1ab5149d4e04ab994d7077280dbf"], "attempts": 1, "economic_lock_id": "economic-4b9da2052ba4badf00e0babd39fdf80ef9511e4fb27691236e065ff9eba7bbe3", "exit_code": 0, "finished_at": "2026-09-28T01:16:21.188Z", "heartbeat_at": "2026-09-28T01:16:20.986Z", "identity": {"package": "predictor-ops", "record_sha256": "1c7946e1d994f63bc3e732fe4666edfb42967f3a7b7b11664af63ca572f0018f", "version": "4.2.2rc1"}, "job_id": "crypto-research-5bcaf205a05986e27358fb68", "operational_state": "SUCCEEDED", "ops_record_hash": "d2475af95e858d4cba53083bec2009e1d4a61867d04d46f1f965b3335c472e6a", "ops_run_id": "98697b35e6ae4cb6882d6d59decdc23d", "ops_run_ids": ["98697b35e6ae4cb6882d6d59decdc23d"], "retry_count": 0, "started_at": "2026-09-28T01:16:20.981Z"}, "produced_at": "2026-09-28T01:16:21.193340Z", "provenance": {"admission_policy_hash": "78e8b2d76c589c02254b299bcc633eaddfe82d6a93e7849a9b91d11f31563729", "admission_policy_id": "crypto-integration-qualification", "admission_policy_version": 1, "handler_identity": "crypto.handlers.backtest_existing_hypothesis.v1", "journal_identity": "b56a2bc117c3b8d42f8df5493bbf8d98f058e526a215f2690a6fd35632987b32", "logical_experiment_hash": "5bcaf205a05986e27358fb68064445d85b47a0f98a066f7e99e2edc97fe60584", "reference_materialization_receipt_hash": "22662733cef762aa90fbc75cd72df6de9355f2cc4dd42721106c83770d0a6ba8", "request_content_hash": "2f1a51cc878bbc2b90b9a06125dc4eb586e279b9f4b95229dff11a5f8596ce6c", "resolved_references_hash": "257b00d8d257e56401219b8ae046e9e5a1d90efaba5ab7cc654a493d0f59ee64"}, "request_id": "crypto:REQ-IC-E2E-002", "research_id": "crypto:RESEARCH-INTEGRATION-QUALIFICATION", "result_id": "crypto:RESULT-5bcaf205a05986e27358fb68064445d8", "result_state": "INCONCLUSIVE", "schema_version": "crypto-research-result/1", "scientific_state": "INCONCLUSIVE"}, "result_sha256": "9afff65517be89fd495d9c53abbcde005514e3a2912763f95d43d5811869aefc", "source": "authoritative_result_store", "status": "RESULT"}
--- stderr
--- end
{"n": 26, "label": "show canary", "at": "2026-09-28T01:16:24Z", "seconds": 0.146, "argv": ["/home/runner/work/_temp/work/rt/consumer-venv/bin/cripto-research", "--state", "/home/runner/work/_temp/work/e2e/domain-state", "show", "crypto:REQ-IC-E2E-003"], "fault_env": {}, "exit": 3}
--- stdout
{"request_id": "crypto:REQ-IC-E2E-003", "status": "NOT_FOUND"}
--- stderr
--- end
{"n": 27, "label": "episodes final", "at": "2026-09-28T01:16:24Z", "seconds": 0.119, "argv": ["/home/runner/work/_temp/work/rt/cain-venv/bin/cain", "research", "episodes", "--domain", "crypto", "--state", "/home/runner/work/_temp/work/e2e/cain-state"], "fault_env": {}, "exit": 0}
--- stdout
{"domain": "crypto", "episodes": [{"as_of": "2026-09-28T01:16:19Z", "decision": "ALLOW", "number": 1, "outbox": {"dispatches": 1, "retries_requested": 0, "status": "PUBLISHED", "task_id": "crypto:TASK-02bf95b3940c9a226f8a9ae2a37a11a3"}, "proposal_id": "cain:E2E-01", "reason_code": "ALLOWED", "receipt_sha256": "51a1deca4b06d1b0599e66a25875dc73f94e91ee19fd204b1eed1fee3624a28b", "source": "operator", "task_id": "crypto:TASK-02bf95b3940c9a226f8a9ae2a37a11a3"}, {"as_of": "2026-09-28T01:16:20Z", "decision": "ALLOW", "number": 2, "outbox": {"dispatches": 1, "retries_requested": 0, "status": "PUBLISHED", "task_id": "crypto:TASK-9cb8ddb312aff3b4be933e167ae7e943"}, "proposal_id": "cain:E2E-02", "reason_code": "ALLOWED", "receipt_sha256": "7f0b87cdc1a1b49d64e48ce13e1d3045912367fc7cb8ba037605ca27832fbb3f", "source": "operator", "task_id": "crypto:TASK-9cb8ddb312aff3b4be933e167ae7e943"}, {"as_of": "2026-09-28T01:16:21Z", "decision": "ALLOW", "number": 3, "outbox": {"dispatches": 1, "retries_requested": 0, "status": "PUBLISHED", "task_id": "crypto:TASK-6f9d23e232884c4e3d510523e881874a"}, "proposal_id": "cain:E2E-03", "reason_code": "ALLOWED", "receipt_sha256": "da1ae59518c0435243a827ebf094be42ae110b1148242103ebff4b6d5677a06d", "source": "operator", "task_id": "crypto:TASK-6f9d23e232884c4e3d510523e881874a"}, {"as_of": "2026-09-28T01:16:22Z", "decision": "DUPLICATE", "number": 4, "outbox": null, "proposal_id": "cain:E2E-04", "reason_code": "DUPLICATE_REQUEST", "receipt_sha256": "73538eb17da5fbfec0209c22114bb7c175b4aa0e3c67838289659ababefc40e9", "source": "operator", "task_id": null}, {"as_of": "2026-09-28T01:16:22Z", "decision": "BLOCK", "number": 5, "outbox": null, "proposal_id": "cain:E2E-05", "reason_code": "HYPOTHESIS_CLOSED", "receipt_sha256": "fe4e1c812b73d3d1f0b0bc990b255f04502de8336a7fc8237c16c0844edea78e", "source": "operator", "task_id": null}, {"as_of": "2026-09-28T01:16:22Z", "decision": "BLOCK", "number": 6, "outbox": null, "proposal_id": "cain:E2E-06", "reason_code": "DOMAIN_MISMATCH", "receipt_sha256": "b843fa08aa1d58ed8ae65f742df3cf0fc195ff78a88b66112239a45d4ed168a2", "source": "operator", "task_id": null}, {"as_of": "2026-09-28T01:16:22Z", "decision": "ALLOW", "number": 7, "outbox": {"dispatches": 1, "retries_requested": 0, "status": "PUBLISHED", "task_id": "crypto:TASK-4fd811d6e4fd160bfab2e5c2995cc0ce"}, "proposal_id": "cain:E2E-07", "reason_code": "ALLOWED", "receipt_sha256": "57d03be977b7d677d49b00d035a7bf8591037c02f1fbf82bcb6b6ca6a798a2d9", "source": "operator", "task_id": "crypto:TASK-4fd811d6e4fd160bfab2e5c2995cc0ce"}], "inbox": [{"class": "TERMINAL_RESULT", "fact_id": "fact:d5e47541167e45bbbd59c5555d769528", "payload_sha256": "8a8e152ab50afa2c972163bba6ee2e2ddb38f05c643c0c9861ff39713801691b", "status": "RESULT", "task_id": "crypto:TASK-02bf95b3940c9a226f8a9ae2a37a11a3"}, {"class": "TERMINAL_RESULT", "fact_id": "fact:54058e4a55104a979a6fea951a3b8b42", "payload_sha256": "9afff65517be89fd495d9c53abbcde005514e3a2912763f95d43d5811869aefc", "status": "DUPLICATE", "task_id": "crypto:TASK-9cb8ddb312aff3b4be933e167ae7e943"}, {"class": "TERMINAL_REFUSAL", "fact_id": "fact:98817fadcb264c77b2014449f4acb3d3", "payload_sha256": null, "status": "TEMPORAL_INTEGRITY_VIOLATION", "task_id": "crypto:TASK-6f9d23e232884c4e3d510523e881874a"}, {"class": "TERMINAL_RESULT", "fact_id": "fact:abf53cdb4c3746559b04fea5b3896d1d", "payload_sha256": "f65bf07ab71dfe296791330f315ce055df868dd1c143c61250cfe8442a5f4db7", "status": "RESULT", "task_id": "crypto:TASK-4fd811d6e4fd160bfab2e5c2995cc0ce"}], "memory": {"broken_at": null, "entries": 4, "head": "c4a7bb3e1a5283094066834c967bd39f511baf9a212f3a0d4a5b58cbc76283bb", "head_recorded_at": "2026-09-28T01:16:23.695424Z", "projection": "consistent", "status": "intact"}, "rejections": [{"code": "DOMAIN_MISMATCH", "file": "interleaved-fixtures-v2-brasileirao-result-h9.json"}, {"code": "TASK_NOT_FOUND", "file": "interleaved-fixtures-v2-crypto-result-h9.json"}, {"code": "DOMAIN_MISMATCH", "file": "interleaved-fixtures-v2-stocks-result-h9.json"}]}
--- stderr
--- end
