{"n": 1, "label": "propose 1", "at": "2026-09-27T23:01:07Z", "seconds": 0.13, "argv": ["/home/runner/work/_temp/work/rt/cain-venv/bin/cain", "research", "propose", "--domain", "crypto", "--state", "/home/runner/work/_temp/work/failures/F06/cain-state", "--proposal", "/home/runner/work/_temp/work/failures/F06/proposals/1.json", "--as-of", "2026-09-27T23:01:07Z"], "fault_env": {}, "exit": 0}
--- stdout
{"decision": "ALLOW", "episode_id": "crypto:episode-1", "reason_code": "ALLOWED", "receipt_sha256": "b93ce2ded3f76ad951b1ce52568a1ad960367f8f880f4b170bbaffcc77bb50ad", "rule": "R14", "status": "RECORDED", "task": {"payload_sha256": "2f51590afc06135ee5862fd7ec0b61a299b2128cef40933dab31fba9a1abfcb9", "previous_task_id": null, "task_id": "crypto:TASK-3db86389a064ed50b5cf275e552e2f74"}}
--- stderr
--- end
{"n": 2, "label": "dispatch", "at": "2026-09-27T23:01:07Z", "seconds": 0.114, "argv": ["/home/runner/work/_temp/work/rt/cain-venv/bin/cain", "research", "dispatch", "--domain", "crypto", "--state", "/home/runner/work/_temp/work/failures/F06/cain-state", "--spool", "/home/runner/work/_temp/work/failures/F06/spool"], "fault_env": {}, "exit": 0}
--- stdout
{"action": "dispatched", "file": "crypto/tasks/TASK-3db86389a064ed50b5cf275e552e2f74.json", "spool": "WRITTEN", "task_id": "crypto:TASK-3db86389a064ed50b5cf275e552e2f74"}
--- stderr
--- end
{"n": 3, "label": "consumer while CAIN is stopped", "at": "2026-09-27T23:01:08Z", "seconds": 0.429, "argv": ["/home/runner/work/_temp/work/rt/consumer-venv/bin/predictor-research-consumer", "--domain", "crypto", "--spool", "/home/runner/work/_temp/work/failures/F06/spool", "--ledger", "/home/runner/work/_temp/work/failures/F06/consumer/ledger.sqlite", "--state", "/home/runner/work/_temp/work/failures/F06/domain-state", "--policy", "/home/runner/work/_temp/work/rt/op/policy.json", "--objects", "/home/runner/work/_temp/work/rt/op/objects"], "fault_env": {}, "exit": 0}
--- stdout
{"action": "delivered", "attempt": 1, "class": "TERMINAL_RESULT", "episode_id": "crypto:episode-1", "result_file": "crypto/results/TASK-3db86389a064ed50b5cf275e552e2f74.456708e4da120a4b.json", "result_write": "WRITTEN", "status": "RESULT", "task_id": "crypto:TASK-3db86389a064ed50b5cf275e552e2f74"}
--- stderr
{"duration_ms": 206, "event": "job_finished", "job_id": "crypto-research-cb5c3d7f2f267e3c9136ddea", "level": "INFO", "run_id": "1eaba47546f14e6f98eef1fc10b92bc5", "run_status": "SUCCEEDED", "service": "predictor_ops", "timestamp": "2026-09-27T23:01:08.156738Z"}
--- end
{"n": 4, "label": "CAIN back: ingest", "at": "2026-09-27T23:01:08Z", "seconds": 0.12, "argv": ["/home/runner/work/_temp/work/rt/cain-venv/bin/cain", "research", "ingest", "--domain", "crypto", "--state", "/home/runner/work/_temp/work/failures/F06/cain-state", "--spool", "/home/runner/work/_temp/work/failures/F06/spool"], "fault_env": {}, "exit": 0}
--- stdout
{"action": "ingested", "class": "TERMINAL_RESULT", "fact": "fact:671a012a682a4a4480579a1403f81b60", "file": "TASK-3db86389a064ed50b5cf275e552e2f74.456708e4da120a4b.json", "status": "RESULT", "task_id": "crypto:TASK-3db86389a064ed50b5cf275e552e2f74"}
--- stderr
--- end
{"n": 5, "label": "nothing lost", "at": "2026-09-27T23:01:08Z", "seconds": 0.114, "argv": ["/home/runner/work/_temp/work/rt/cain-venv/bin/cain", "research", "episodes", "--domain", "crypto", "--state", "/home/runner/work/_temp/work/failures/F06/cain-state"], "fault_env": {}, "exit": 0}
--- stdout
{"domain": "crypto", "episodes": [{"as_of": "2026-09-27T23:01:07Z", "decision": "ALLOW", "number": 1, "outbox": {"dispatches": 1, "retries_requested": 0, "status": "PUBLISHED", "task_id": "crypto:TASK-3db86389a064ed50b5cf275e552e2f74"}, "proposal_id": "cain:FM-F06-1", "reason_code": "ALLOWED", "receipt_sha256": "b93ce2ded3f76ad951b1ce52568a1ad960367f8f880f4b170bbaffcc77bb50ad", "source": "operator", "task_id": "crypto:TASK-3db86389a064ed50b5cf275e552e2f74"}], "inbox": [{"class": "TERMINAL_RESULT", "fact_id": "fact:671a012a682a4a4480579a1403f81b60", "payload_sha256": "0f3346bbb2abf07e86cdd5e35502101e6a6782652da56dc38d315424c64e5d1e", "status": "RESULT", "task_id": "crypto:TASK-3db86389a064ed50b5cf275e552e2f74"}], "memory": {"broken_at": null, "entries": 1, "head": "598675940cd172cb89e8acfe4c6026c5288979f18175ff07e2666531f9dbb90d", "head_recorded_at": "2026-09-27T23:01:08.299624Z", "projection": "consistent", "status": "intact"}, "rejections": []}
--- stderr
--- end
