runtime_env run_at=2026-09-28T14:55:25Z host=DESKTOP-EJPA2MT where=owner_linux (PC 2) uname=Linux 6.18.33.2-microsoft-standard-WSL2 x86_64
os=Ubuntu 24.04.5 LTS wsl=yes
uv=uv 0.12.18 (x86_64-unknown-linux-gnu) integrated=1 evidence_commit=30c02c75c7d169bd3907ca0a075e837c8bd60d51
provision_receipt_sha256=ee2a75d1b7901561daab27f197e3860c3f42db0221b320804a3bcdab8babb1a0
dataset source=31f30a4dcf33867d1f3aa3d12337a9a66047e6bff10b9a3fa86aae9ef06c9e43 copy=31f30a4dcf33867d1f3aa3d12337a9a66047e6bff10b9a3fa86aae9ef06c9e43 (antes)
cain 302a5c8c4c24a884773e327e0f5855dd98f94d08 (git archive)
/home/superleo13/predictors/runtime/integration-brasileirao/priv/run-20260928T145525Z-br12/wheels/cain_research-0.4.13rc12-py3-none-any.whl: OK
/home/superleo13/predictors/runtime/integration-brasileirao/priv/run-20260928T145525Z-br12/wheels/cain_research-0.4.13rc12-py3-none-any.whl: OK
Using Python 3.13.15 environment at: /home/superleo13/predictors/runtime/integration-brasileirao/priv/run-20260928T145525Z-br12/cain-venv
Checked 5 packages in 0.34ms
All installed packages are compatible
Using Python 3.13.15 environment at: /home/superleo13/predictors/runtime/integration-brasileirao/priv/run-20260928T145525Z-br12/cain-venv
brasileirao-predictor 1fc2e8842977d6ec680546a3af288dda7a5d91a6 (git archive)
/home/superleo13/predictors/runtime/integration-brasileirao/priv/run-20260928T145525Z-br12/wheels/brasileirao_predictor-0.3.0rc4-py3-none-any.whl: OK
/home/superleo13/predictors/runtime/integration-brasileirao/priv/run-20260928T145525Z-br12/wheels/brasileirao_predictor-0.3.0rc4-py3-none-any.whl: OK
/home/superleo13/predictors/runtime/integration-brasileirao/priv/run-20260928T145525Z-br12/wheels/predictor_research_transport-0.1.0rc5-py3-none-any.whl: OK
/home/superleo13/predictors/runtime/integration-brasileirao/priv/run-20260928T145525Z-br12/wheels/predictor_research_transport-0.1.0rc5-py3-none-any.whl: OK
/home/superleo13/predictors/runtime/integration-brasileirao/priv/run-20260928T145525Z-br12/wheels/predictor_research_protocol-2.0.0rc2-py3-none-any.whl: OK
/home/superleo13/predictors/runtime/integration-brasileirao/priv/run-20260928T145525Z-br12/wheels/predictor_research_protocol-2.0.0rc2-py3-none-any.whl: OK
Using Python 3.13.15 environment at: /home/superleo13/predictors/runtime/integration-brasileirao/priv/run-20260928T145525Z-br12/consumer-venv
Checked 29 packages in 0.43ms
All installed packages are compatible
Using Python 3.13.15 environment at: /home/superleo13/predictors/runtime/integration-brasileirao/priv/run-20260928T145525Z-br12/consumer-venv
CAIN venv sem pacote de domínio
brasileirao-predictor 1fc2e8842977d6ec680546a3af288dda7a5d91a6 (git archive)
brasileirao 0.3.0rc4 /home/superleo13/predictors/runtime/integration-brasileirao/priv/run-20260928T145525Z-br12/consumer-venv/lib/python3.13/site-packages/brasileirao_predictor/__init__.py
transport 0.1.0rc5 ['brasileirao', 'crypto', 'stocks']
adapter {'distribution': 'brasileirao-predictor', 'version': '0.3.0rc4', 'module': 'brasileirao_predictor.adapters.research_v2'}
cain 0.4.13rc12 /home/superleo13/predictors/runtime/integration-brasileirao/priv/run-20260928T145525Z-br12/cain-venv/lib/python3.13/site-packages/cain/__init__.py
configs ['brasileirao.json', 'crypto.json', 'stocks.json']
{"datasets": {"real-20260908": {"manifest_hash": "27eafa29cc5792d8a6f9cba8482e9c84d6d2deea9e29d9e4c04b1c5f028c9ec4", "source_sha256": "31f30a4dcf33867d1f3aa3d12337a9a66047e6bff10b9a3fa86aae9ef06c9e43"}, "real-canary-20260908": {"manifest_hash": "9ea0f1bf8a12382b89dc9aff72e4cf0c4bf16d2ce8cd3d53024d83400839635b", "source_sha256": "4c07c70da6bcc36337301abb6f7595229987497d5b049f0a1158dc2134ca6042"}}, "policy": {"policy_id": "brasileirao-integration-qualification", "sha256": "52140d76b929dc31462ffd216eab10d5c6015c2d12cb31756ce4653766ef734d"}, "canary_sha256": "4c07c70da6bcc36337301abb6f7595229987497d5b049f0a1158dc2134ca6042", "registry": 8}
cripto-predictor ee3d3d17de0b76cf731808243ffa838a0f5ee8cc (git archive)
/home/superleo13/predictors/runtime/integration-brasileirao/priv/run-20260928T145525Z-br12/wheels/cripto_predictor-1.2.0rc3-py3-none-any.whl: OK
/home/superleo13/predictors/runtime/integration-brasileirao/priv/run-20260928T145525Z-br12/wheels/cripto_predictor-1.2.0rc3-py3-none-any.whl: OK
/home/superleo13/predictors/runtime/integration-brasileirao/priv/run-20260928T145525Z-br12/wheels/predictor_research_transport-0.1.0rc5-py3-none-any.whl: OK
/home/superleo13/predictors/runtime/integration-brasileirao/priv/run-20260928T145525Z-br12/wheels/predictor_research_protocol-2.0.0rc2-py3-none-any.whl: OK
Using Python 3.13.15 environment at: /home/superleo13/predictors/runtime/integration-brasileirao/priv/run-20260928T145525Z-br12/crypto-venv
Checked 79 packages in 0.91ms
All installed packages are compatible
Using Python 3.13.15 environment at: /home/superleo13/predictors/runtime/integration-brasileirao/priv/run-20260928T145525Z-br12/crypto-venv
stocks-predictor 6f857b232eaa63f3fccda6a16f92dbfc8983ab3b (git archive)
/home/superleo13/predictors/runtime/integration-brasileirao/priv/run-20260928T145525Z-br12/wheels/stocks_predictor-0.3.0rc3-py3-none-any.whl: OK
/home/superleo13/predictors/runtime/integration-brasileirao/priv/run-20260928T145525Z-br12/wheels/stocks_predictor-0.3.0rc3-py3-none-any.whl: OK
/home/superleo13/predictors/runtime/integration-brasileirao/priv/run-20260928T145525Z-br12/wheels/predictor_research_transport-0.1.0rc5-py3-none-any.whl: OK
/home/superleo13/predictors/runtime/integration-brasileirao/priv/run-20260928T145525Z-br12/wheels/predictor_research_protocol-2.0.0rc2-py3-none-any.whl: OK
Using Python 3.13.15 environment at: /home/superleo13/predictors/runtime/integration-brasileirao/priv/run-20260928T145525Z-br12/stocks-venv
Checked 25 packages in 0.43ms
All installed packages are compatible
Using Python 3.13.15 environment at: /home/superleo13/predictors/runtime/integration-brasileirao/priv/run-20260928T145525Z-br12/stocks-venv
dataset source=31f30a4dcf33867d1f3aa3d12337a9a66047e6bff10b9a3fa86aae9ef06c9e43 copy=31f30a4dcf33867d1f3aa3d12337a9a66047e6bff10b9a3fa86aae9ef06c9e43 (depois)
runtime_env done 2026-09-28T15:02:36Z
