{"effective_proposal": "/home/superleo13/predictors/runtime/integration-brasileirao/priv/run-20260928T145525Z-br12/failure-matrix/F12/proposals/1.json", "template": "fixtures/proposals/e2e/01-allow.json", "sha256": "421adca636b89e7d1632ef1341617b4cd492c80b717cb9041bb08059f6471693", "changes": ["events", "hypothesis_id", "request_id", "season"]}
{"n": 1, "domain": "brasileirao", "label": "propose 1", "at": "2026-09-28T15:08:47Z", "seconds": 0.142, "argv": ["/home/superleo13/predictors/runtime/integration-brasileirao/priv/run-20260928T145525Z-br12/cain-venv/bin/cain", "research", "propose", "--domain", "brasileirao", "--state", "/home/superleo13/predictors/runtime/integration-brasileirao/priv/run-20260928T145525Z-br12/failure-matrix/F12/cain-state", "--proposal", "/home/superleo13/predictors/runtime/integration-brasileirao/priv/run-20260928T145525Z-br12/failure-matrix/F12/proposals/1.json", "--as-of", "2026-09-28T15:08:47Z"], "fault_env": {}, "exit": 0, "stdout_sha256": "e7a66b1e776571a56bef20f4ac39413bb649c65cf756f09c72fb725ac6d2643a", "stdout_bytes": 396, "stderr_sha256": "e3b0c44298fc1c149afbf4c8996fb92427ae41e4649b934ca495991b7852b855", "stderr_bytes": 0}
--- stdout
{"decision": "ALLOW", "episode_id": "brasileirao:episode-1", "reason_code": "ALLOWED", "receipt_sha256": "61e65340eba8efbc9781ecb17744974ba8b59b360d57d04dec5382f30fef5423", "rule": "R14", "status": "RECORDED", "task": {"payload_sha256": "33aba468df8055760b931f9f9c54e1c60a725633e4760efedd38817493445276", "previous_task_id": null, "task_id": "brasileirao:TASK-fc174777a4b271ad4126fcf4ba9b607f"}}
--- end
{"n": 2, "domain": "brasileirao", "label": "dispatch 1", "at": "2026-09-28T15:08:48Z", "seconds": 0.097, "argv": ["/home/superleo13/predictors/runtime/integration-brasileirao/priv/run-20260928T145525Z-br12/cain-venv/bin/cain", "research", "dispatch", "--domain", "brasileirao", "--state", "/home/superleo13/predictors/runtime/integration-brasileirao/priv/run-20260928T145525Z-br12/failure-matrix/F12/cain-state", "--spool", "/home/superleo13/predictors/runtime/integration-brasileirao/priv/run-20260928T145525Z-br12/failure-matrix/F12/spool"], "fault_env": {}, "exit": 0, "stdout_sha256": "659b210e63f96fa18c68aaf67350582a448e053998c33b7567026fa3aed55f76", "stdout_bytes": 181, "stderr_sha256": "e3b0c44298fc1c149afbf4c8996fb92427ae41e4649b934ca495991b7852b855", "stderr_bytes": 0}
--- stdout
{"action": "dispatched", "file": "brasileirao/tasks/TASK-fc174777a4b271ad4126fcf4ba9b607f.json", "spool": "WRITTEN", "task_id": "brasileirao:TASK-fc174777a4b271ad4126fcf4ba9b607f"}
--- end
{"n": 3, "domain": "brasileirao", "label": "consumer 1", "at": "2026-09-28T15:08:50Z", "seconds": 2.98, "argv": ["/home/superleo13/predictors/runtime/integration-brasileirao/priv/run-20260928T145525Z-br12/consumer-venv/bin/predictor-research-consumer", "--domain", "brasileirao", "--spool", "/home/superleo13/predictors/runtime/integration-brasileirao/priv/run-20260928T145525Z-br12/failure-matrix/F12/spool", "--ledger", "/home/superleo13/predictors/runtime/integration-brasileirao/priv/run-20260928T145525Z-br12/failure-matrix/F12/consumer-brasileirao/ledger.sqlite", "--state", "/home/superleo13/predictors/runtime/integration-brasileirao/priv/run-20260928T145525Z-br12/failure-matrix/F12/domain-state-brasileirao", "--policy", "/home/superleo13/predictors/runtime/integration-brasileirao/priv/run-20260928T145525Z-br12/op/policy.json", "--objects", "/home/superleo13/predictors/runtime/integration-brasileirao/priv/run-20260928T145525Z-br12/op/obj"], "fault_env": {}, "exit": 0, "stdout_sha256": "765ca3d5c03b71cac43305325c343d649ceae7c47353bb634d5c5b701721be35", "stdout_bytes": 314, "stderr_sha256": "e3b0c44298fc1c149afbf4c8996fb92427ae41e4649b934ca495991b7852b855", "stderr_bytes": 0}
--- stdout
{"action": "delivered", "attempt": 1, "class": "TERMINAL_RESULT", "episode_id": "brasileirao:episode-1", "result_file": "brasileirao/results/TASK-fc174777a4b271ad4126fcf4ba9b607f.c40c91926eff10ad.json", "result_write": "WRITTEN", "status": "RESULT", "task_id": "brasileirao:TASK-fc174777a4b271ad4126fcf4ba9b607f"}
--- end
{"n": 4, "domain": "brasileirao", "label": "ingest 1", "at": "2026-09-28T15:08:51Z", "seconds": 0.113, "argv": ["/home/superleo13/predictors/runtime/integration-brasileirao/priv/run-20260928T145525Z-br12/cain-venv/bin/cain", "research", "ingest", "--domain", "brasileirao", "--state", "/home/superleo13/predictors/runtime/integration-brasileirao/priv/run-20260928T145525Z-br12/failure-matrix/F12/cain-state", "--spool", "/home/superleo13/predictors/runtime/integration-brasileirao/priv/run-20260928T145525Z-br12/failure-matrix/F12/spool"], "fault_env": {}, "exit": 0, "stdout_sha256": "e086cdb34cef10943e7c8a921b410d16f6f9f77587621b5d450a5413e1e3e197", "stdout_bytes": 255, "stderr_sha256": "e3b0c44298fc1c149afbf4c8996fb92427ae41e4649b934ca495991b7852b855", "stderr_bytes": 0}
--- stdout
{"action": "ingested", "class": "TERMINAL_RESULT", "fact": "fact:73d66b1a8f1b44829ebfbadf83a77054", "file": "TASK-fc174777a4b271ad4126fcf4ba9b607f.c40c91926eff10ad.json", "status": "RESULT", "task_id": "brasileirao:TASK-fc174777a4b271ad4126fcf4ba9b607f"}
--- end
{"n": 5, "domain": "brasileirao", "label": "tamper other-payload", "at": "2026-09-28T15:08:51Z", "seconds": 0.051, "argv": ["/home/superleo13/predictors/runtime/integration-brasileirao/priv/run-20260928T145525Z-br12/cain-venv/bin/python", "-I", "/home/superleo13/predictors/runtime/integration-brasileirao/priv/run-20260928T145525Z-br12/failure-matrix/F12/tamper.py", "other-payload", "/home/superleo13/predictors/runtime/integration-brasileirao/priv/run-20260928T145525Z-br12/failure-matrix/F12/spool/brasileirao/tasks/TASK-fc174777a4b271ad4126fcf4ba9b607f.json", "/home/superleo13/predictors/runtime/integration-brasileirao/priv/run-20260928T145525Z-br12/failure-matrix/F12/spool/brasileirao/results/TASK-fc174777a4b271ad4126fcf4ba9b607f.c40c91926eff10ad.json", "/home/superleo13/predictors/runtime/integration-brasileirao/priv/run-20260928T145525Z-br12/failure-matrix/F12/spool/brasileirao/results/other-payload.json"], "fault_env": {}, "exit": 0, "stdout_sha256": "9925eec00f45071f5c40284f93031d7fc4a7fcd4cd1f8ac3a09fbc66683516c3", "stdout_bytes": 43, "stderr_sha256": "e3b0c44298fc1c149afbf4c8996fb92427ae41e4649b934ca495991b7852b855", "stderr_bytes": 0}
--- stdout
{"mode": "other-payload", "bytes": 124499}
--- end
{"n": 6, "domain": "brasileirao", "label": "ingest other payload", "at": "2026-09-28T15:08:51Z", "seconds": 0.097, "argv": ["/home/superleo13/predictors/runtime/integration-brasileirao/priv/run-20260928T145525Z-br12/cain-venv/bin/cain", "research", "ingest", "--domain", "brasileirao", "--state", "/home/superleo13/predictors/runtime/integration-brasileirao/priv/run-20260928T145525Z-br12/failure-matrix/F12/cain-state", "--spool", "/home/superleo13/predictors/runtime/integration-brasileirao/priv/run-20260928T145525Z-br12/failure-matrix/F12/spool"], "fault_env": {}, "exit": 2, "stdout_sha256": "7ce16cfad8ca369e3984ca7b13047df2014f684d6730ff9dae095a3887648cd0", "stdout_bytes": 239, "stderr_sha256": "e3b0c44298fc1c149afbf4c8996fb92427ae41e4649b934ca495991b7852b855", "stderr_bytes": 0}
--- stdout
{"action": "duplicate", "file": "TASK-fc174777a4b271ad4126fcf4ba9b607f.c40c91926eff10ad.json"}
{"action": "rejected", "code": "CONFLICT", "file": "other-payload.json", "reason": "another domain payload was already ingested for this task"}
--- end
{"n": 7, "domain": "brasileirao", "label": "re-dispatch over tampered spool file", "at": "2026-09-28T15:08:51Z", "seconds": 0.086, "argv": ["/home/superleo13/predictors/runtime/integration-brasileirao/priv/run-20260928T145525Z-br12/cain-venv/bin/cain", "research", "dispatch", "--domain", "brasileirao", "--state", "/home/superleo13/predictors/runtime/integration-brasileirao/priv/run-20260928T145525Z-br12/failure-matrix/F12/cain-state", "--spool", "/home/superleo13/predictors/runtime/integration-brasileirao/priv/run-20260928T145525Z-br12/failure-matrix/F12/spool", "--resend"], "fault_env": {}, "exit": 2, "stdout_sha256": "fe4bef7a77bb983a93010e9df1f43f8960f55683f829a03d77b9870f7ab239e3", "stdout_bytes": 118, "stderr_sha256": "e3b0c44298fc1c149afbf4c8996fb92427ae41e4649b934ca495991b7852b855", "stderr_bytes": 0}
--- stdout
{"detail": "CONFLICT: tasks/TASK-fc174777a4b271ad4126fcf4ba9b607f.json already has other bytes", "error": "CONFLICT"}
--- end
{"n": 8, "domain": "brasileirao", "label": "original kept", "at": "2026-09-28T15:08:51Z", "seconds": 0.085, "argv": ["/home/superleo13/predictors/runtime/integration-brasileirao/priv/run-20260928T145525Z-br12/cain-venv/bin/cain", "research", "episodes", "--domain", "brasileirao", "--state", "/home/superleo13/predictors/runtime/integration-brasileirao/priv/run-20260928T145525Z-br12/failure-matrix/F12/cain-state"], "fault_env": {}, "exit": 0, "stdout_sha256": "83372f3198bc02f21364aacc0046e0ce2e6996a2bb43568266061eee9ebe044e", "stdout_bytes": 1033, "stderr_sha256": "e3b0c44298fc1c149afbf4c8996fb92427ae41e4649b934ca495991b7852b855", "stderr_bytes": 0}
--- stdout
{"domain": "brasileirao", "episodes": [{"as_of": "2026-09-28T15:08:47Z", "decision": "ALLOW", "number": 1, "outbox": {"dispatches": 1, "retries_requested": 0, "status": "PUBLISHED", "task_id": "brasileirao:TASK-fc174777a4b271ad4126fcf4ba9b607f"}, "proposal_id": "cain:IB-FM-F12-1", "reason_code": "ALLOWED", "receipt_sha256": "61e65340eba8efbc9781ecb17744974ba8b59b360d57d04dec5382f30fef5423", "source": "operator", "task_id": "brasileirao:TASK-fc174777a4b271ad4126fcf4ba9b607f"}], "inbox": [{"class": "TERMINAL_RESULT", "fact_id": "fact:73d66b1a8f1b44829ebfbadf83a77054", "payload_sha256": "f1b33e81fd3d2c19e2c9dce625e400c9b2d5b2273548618afbe329f5b7cfc866", "status": "RESULT", "task_id": "brasileirao:TASK-fc174777a4b271ad4126fcf4ba9b607f"}], "memory": {"broken_at": null, "entries": 1, "head": "1ebd2b1217bedb4d6568f7ef18da3ca3bb2b84e567eb2428239b03d0eb3452d0", "head_recorded_at": "2026-09-28T15:08:51.079692Z", "projection": "consistent", "status": "intact"}, "rejections": [{"code": "CONFLICT", "file": "other-payload.json"}]}
--- end
