harness renewal (IC-F004), PC 2, 2026-09-27T23:29:18Z
source=/home/superleo13/predictors/work/integration-crypto-cripto-harness commit=ee3d3d17de0b76cf731808243ffa838a0f5ee8cc porcelain=0
python=3.14.7 core=3.2.1 domain=1.2.0rc3
CRIPTO_TRIALS_PATH=/home/superleo13/predictors/runtime/integration-crypto/harness-20260927/trials.json (fora do repo; arquivos protegidos do cripto não são tocados)
--- dry-run
juiz Fase 1 (Spearman IC95): sensibilidade e especificidade OK
juiz V3 (PSR & IC_lower): sensibilidade e especificidade OK
controle positivo PASSOU (dry-run; atestados nao gravados)
exit=0
--- attest
juiz Fase 1 (Spearman IC95): sensibilidade e especificidade OK
juiz V3 (PSR & IC_lower): sensibilidade e especificidade OK
atestados emitidos: Fase 1 2026-09-27T23:29:28Z; V3 2026-09-27T23:29:34Z
exit=0
--- after: porcelain=0
total 16
drwxr-xr-x  2 superleo13 superleo13 4096 Sep 27 20:29 .
drwxr-xr-x 24 superleo13 superleo13 4096 Sep 27 20:29 ..
-rw-r--r--  1 superleo13 superleo13  513 Sep 27 20:29 trials.harness_attestation.json
-rw-r--r--  1 superleo13 superleo13  578 Sep 27 20:29 trials.phase1_harness_attestation.json
c57f5005b8771f9e8e193fa609079289762bd128c02102cf5e0527da30b3ff87  trials.harness_attestation.json
5c8bb71906ca0b74c67746df331156096e1c803bea0e55b8c2f316071da790ad  trials.phase1_harness_attestation.json
