{"effective_proposal": "/home/runner/work/_temp/work/failures/F10/proposals/1.json", "template": "fixtures/proposals/e2e/01-allow.json", "sha256": "5dfceff9515d5fcda226629f75b7c59caac6b9b227960e19013ceaecc3c4bf30"}
{"n": 1, "label": "propose 1", "at": "2026-10-07T23:07:06Z", "seconds": 0.142, "argv": ["/home/runner/work/_temp/work/rt/cain-venv/bin/cain", "research", "propose", "--domain", "stocks", "--state", "/home/runner/work/_temp/work/failures/F10/cain-state", "--proposal", "/home/runner/work/_temp/work/failures/F10/proposals/1.json", "--as-of", "2026-10-07T23:07:05Z"], "fault_env": {}, "exit": 0}
--- stdout
{"decision": "ALLOW", "episode_id": "stocks:episode-1", "reason_code": "ALLOWED", "receipt_sha256": "afa00bb306aa656a7060bbba89988e589d7b129978eadfd628d06b3bef8ff23e", "rule": "R14", "status": "RECORDED", "task": {"payload_sha256": "85d39cb747ff686d66b18131059fa81ae9bd788cff6bc1ba325dd15fe1d89330", "previous_task_id": null, "task_id": "stocks:TASK-847c84ba4131d5e6e8e7041d1cb92f11"}}
--- stderr
--- end
{"n": 2, "label": "dispatch 1", "at": "2026-10-07T23:07:06Z", "seconds": 0.124, "argv": ["/home/runner/work/_temp/work/rt/cain-venv/bin/cain", "research", "dispatch", "--domain", "stocks", "--state", "/home/runner/work/_temp/work/failures/F10/cain-state", "--spool", "/home/runner/work/_temp/work/failures/F10/spool"], "fault_env": {}, "exit": 0}
--- stdout
{"action": "dispatched", "file": "stocks/tasks/TASK-847c84ba4131d5e6e8e7041d1cb92f11.json", "spool": "WRITTEN", "task_id": "stocks:TASK-847c84ba4131d5e6e8e7041d1cb92f11"}
--- stderr
--- end
{"n": 3, "label": "consumer 1", "at": "2026-10-07T23:07:14Z", "seconds": 8.223, "argv": ["/home/runner/work/_temp/work/rt/consumer-venv/bin/predictor-research-consumer", "--domain", "stocks", "--spool", "/home/runner/work/_temp/work/failures/F10/spool", "--ledger", "/home/runner/work/_temp/work/failures/F10/consumer/ledger.sqlite", "--state", "/home/runner/work/_temp/work/failures/F10/domain-state", "--policy", "/home/runner/work/_temp/work/rt/op/policy.json", "--objects", "/home/runner/work/_temp/work/rt/op/objects"], "fault_env": {}, "exit": 0}
--- stdout
{"action": "delivered", "attempt": 1, "class": "TERMINAL_RESULT", "episode_id": "stocks:episode-1", "result_file": "stocks/results/TASK-847c84ba4131d5e6e8e7041d1cb92f11.2690d85e103170b3.json", "result_write": "WRITTEN", "status": "RESULT", "task_id": "stocks:TASK-847c84ba4131d5e6e8e7041d1cb92f11"}
--- stderr
{"duration_ms": 7929, "event": "job_finished", "job_id": "stocks-research-1be5f326baaf854b0624d6be", "level": "INFO", "run_id": "1898d07f3b4a418a89cb6ec37f2cb2c3", "run_status": "SUCCEEDED", "service": "predictor_ops", "timestamp": "2026-10-07T23:07:14.326862Z"}
--- end
{"n": 4, "label": "ingest 1", "at": "2026-10-07T23:07:14Z", "seconds": 0.131, "argv": ["/home/runner/work/_temp/work/rt/cain-venv/bin/cain", "research", "ingest", "--domain", "stocks", "--state", "/home/runner/work/_temp/work/failures/F10/cain-state", "--spool", "/home/runner/work/_temp/work/failures/F10/spool"], "fault_env": {}, "exit": 0}
--- stdout
{"action": "ingested", "class": "TERMINAL_RESULT", "fact": "fact:2f7e1e86686245a78bc3800090625a96", "file": "TASK-847c84ba4131d5e6e8e7041d1cb92f11.2690d85e103170b3.json", "status": "RESULT", "task_id": "stocks:TASK-847c84ba4131d5e6e8e7041d1cb92f11"}
--- stderr
--- end
{"effective_proposal": "/home/runner/work/_temp/work/failures/F10/proposals/2.json", "template": "fixtures/proposals/e2e/01-allow.json", "sha256": "db8417f3e21081ecf266204ae6fe25370a318f94ebf78a208acb8db79d3eaab2"}
{"n": 5, "label": "propose 2", "at": "2026-10-07T23:07:14Z", "seconds": 0.127, "argv": ["/home/runner/work/_temp/work/rt/cain-venv/bin/cain", "research", "propose", "--domain", "stocks", "--state", "/home/runner/work/_temp/work/failures/F10/cain-state", "--proposal", "/home/runner/work/_temp/work/failures/F10/proposals/2.json", "--as-of", "2026-10-07T23:07:14Z"], "fault_env": {}, "exit": 0}
--- stdout
{"decision": "ALLOW", "episode_id": "stocks:episode-2", "reason_code": "ALLOWED", "receipt_sha256": "8ddbad686324052e75c00c8a22e9723e87c73b94bc986cc5e7d58a0f352117c3", "rule": "R14", "status": "RECORDED", "task": {"payload_sha256": "d6902d76d3b7001c3a6c1d5c362d12a9df084f9d64afafd353ea4b439087770f", "previous_task_id": "stocks:TASK-847c84ba4131d5e6e8e7041d1cb92f11", "task_id": "stocks:TASK-1db9af04e077cdc0adb1b262a573f529"}}
--- stderr
--- end
{"n": 6, "label": "dispatch 2", "at": "2026-10-07T23:07:14Z", "seconds": 0.124, "argv": ["/home/runner/work/_temp/work/rt/cain-venv/bin/cain", "research", "dispatch", "--domain", "stocks", "--state", "/home/runner/work/_temp/work/failures/F10/cain-state", "--spool", "/home/runner/work/_temp/work/failures/F10/spool"], "fault_env": {}, "exit": 0}
--- stdout
{"action": "dispatched", "file": "stocks/tasks/TASK-1db9af04e077cdc0adb1b262a573f529.json", "spool": "WRITTEN", "task_id": "stocks:TASK-1db9af04e077cdc0adb1b262a573f529"}
--- stderr
--- end
{"n": 7, "label": "consumer 2", "at": "2026-10-07T23:07:22Z", "seconds": 8.204, "argv": ["/home/runner/work/_temp/work/rt/consumer-venv/bin/predictor-research-consumer", "--domain", "stocks", "--spool", "/home/runner/work/_temp/work/failures/F10/spool", "--ledger", "/home/runner/work/_temp/work/failures/F10/consumer/ledger.sqlite", "--state", "/home/runner/work/_temp/work/failures/F10/domain-state", "--policy", "/home/runner/work/_temp/work/rt/op/policy.json", "--objects", "/home/runner/work/_temp/work/rt/op/objects"], "fault_env": {}, "exit": 0}
--- stdout
{"action": "skipped", "episode_id": "stocks:episode-1", "state": "TERMINAL_RESULT", "status": "RESULT", "task_id": "stocks:TASK-847c84ba4131d5e6e8e7041d1cb92f11"}
{"action": "delivered", "attempt": 1, "class": "TERMINAL_RESULT", "episode_id": "stocks:episode-2", "result_file": "stocks/results/TASK-1db9af04e077cdc0adb1b262a573f529.2b0964ff158ef3ed.json", "result_write": "WRITTEN", "status": "RESULT", "task_id": "stocks:TASK-1db9af04e077cdc0adb1b262a573f529"}
--- stderr
{"duration_ms": 7927, "event": "job_finished", "job_id": "stocks-research-03c538160e82294a30ab26fa", "level": "INFO", "run_id": "ed9412c53b8141d5a764ba15c98dcd1b", "run_status": "SUCCEEDED", "service": "predictor_ops", "timestamp": "2026-10-07T23:07:22.914099Z"}
--- end
{"n": 8, "label": "ingest out of order", "at": "2026-10-07T23:07:23Z", "seconds": 0.131, "argv": ["/home/runner/work/_temp/work/rt/cain-venv/bin/cain", "research", "ingest", "--domain", "stocks", "--state", "/home/runner/work/_temp/work/failures/F10/cain-state", "--spool", "/home/runner/work/_temp/work/failures/F10/spool"], "fault_env": {}, "exit": 0}
--- stdout
{"action": "duplicate", "file": "00-late-TASK-847c84ba4131d5e6e8e7041d1cb92f11.2690d85e103170b3.json"}
{"action": "ingested", "class": "TERMINAL_RESULT", "fact": "fact:b5aac31f2f144bb29bfbe2cbaf1455f9", "file": "TASK-1db9af04e077cdc0adb1b262a573f529.2b0964ff158ef3ed.json", "status": "RESULT", "task_id": "stocks:TASK-1db9af04e077cdc0adb1b262a573f529"}
{"action": "duplicate", "file": "TASK-847c84ba4131d5e6e8e7041d1cb92f11.2690d85e103170b3.json"}
--- stderr
--- end
{"n": 9, "label": "episodes", "at": "2026-10-07T23:07:23Z", "seconds": 0.118, "argv": ["/home/runner/work/_temp/work/rt/cain-venv/bin/cain", "research", "episodes", "--domain", "stocks", "--state", "/home/runner/work/_temp/work/failures/F10/cain-state"], "fault_env": {}, "exit": 0}
--- stdout
{"domain": "stocks", "episodes": [{"as_of": "2026-10-07T23:07:05Z", "decision": "ALLOW", "number": 1, "outbox": {"dispatches": 1, "retries_requested": 0, "status": "PUBLISHED", "task_id": "stocks:TASK-847c84ba4131d5e6e8e7041d1cb92f11"}, "proposal_id": "cain:FM-F10-1", "reason_code": "ALLOWED", "receipt_sha256": "afa00bb306aa656a7060bbba89988e589d7b129978eadfd628d06b3bef8ff23e", "source": "operator", "task_id": "stocks:TASK-847c84ba4131d5e6e8e7041d1cb92f11"}, {"as_of": "2026-10-07T23:07:14Z", "decision": "ALLOW", "number": 2, "outbox": {"dispatches": 1, "retries_requested": 0, "status": "PUBLISHED", "task_id": "stocks:TASK-1db9af04e077cdc0adb1b262a573f529"}, "proposal_id": "cain:FM-F10-2", "reason_code": "ALLOWED", "receipt_sha256": "8ddbad686324052e75c00c8a22e9723e87c73b94bc986cc5e7d58a0f352117c3", "source": "operator", "task_id": "stocks:TASK-1db9af04e077cdc0adb1b262a573f529"}], "inbox": [{"class": "TERMINAL_RESULT", "fact_id": "fact:2f7e1e86686245a78bc3800090625a96", "payload_sha256": "e29feec4ef2b96e626437658d7dd7224048cd4ae445ba8d59528827aa11adb8a", "status": "RESULT", "task_id": "stocks:TASK-847c84ba4131d5e6e8e7041d1cb92f11"}, {"class": "TERMINAL_RESULT", "fact_id": "fact:b5aac31f2f144bb29bfbe2cbaf1455f9", "payload_sha256": "567b6d45cf30a183aaebe67e9bb63cdb8a7c9b687e9964b7e33b283cde7cbd69", "status": "RESULT", "task_id": "stocks:TASK-1db9af04e077cdc0adb1b262a573f529"}], "memory": {"broken_at": null, "cube": "stocks", "facts": 2, "log": "shared across domains", "projection": "consistent", "status": "intact"}, "rejections": []}
--- stderr
--- end
{"n": 10, "label": "two tasks, two results", "at": "2026-10-07T23:07:23Z", "seconds": 0.119, "argv": ["/home/runner/work/_temp/work/rt/cain-venv/bin/cain", "research", "episodes", "--domain", "stocks", "--state", "/home/runner/work/_temp/work/failures/F10/cain-state"], "fault_env": {}, "exit": 0}
--- stdout
{"domain": "stocks", "episodes": [{"as_of": "2026-10-07T23:07:05Z", "decision": "ALLOW", "number": 1, "outbox": {"dispatches": 1, "retries_requested": 0, "status": "PUBLISHED", "task_id": "stocks:TASK-847c84ba4131d5e6e8e7041d1cb92f11"}, "proposal_id": "cain:FM-F10-1", "reason_code": "ALLOWED", "receipt_sha256": "afa00bb306aa656a7060bbba89988e589d7b129978eadfd628d06b3bef8ff23e", "source": "operator", "task_id": "stocks:TASK-847c84ba4131d5e6e8e7041d1cb92f11"}, {"as_of": "2026-10-07T23:07:14Z", "decision": "ALLOW", "number": 2, "outbox": {"dispatches": 1, "retries_requested": 0, "status": "PUBLISHED", "task_id": "stocks:TASK-1db9af04e077cdc0adb1b262a573f529"}, "proposal_id": "cain:FM-F10-2", "reason_code": "ALLOWED", "receipt_sha256": "8ddbad686324052e75c00c8a22e9723e87c73b94bc986cc5e7d58a0f352117c3", "source": "operator", "task_id": "stocks:TASK-1db9af04e077cdc0adb1b262a573f529"}], "inbox": [{"class": "TERMINAL_RESULT", "fact_id": "fact:2f7e1e86686245a78bc3800090625a96", "payload_sha256": "e29feec4ef2b96e626437658d7dd7224048cd4ae445ba8d59528827aa11adb8a", "status": "RESULT", "task_id": "stocks:TASK-847c84ba4131d5e6e8e7041d1cb92f11"}, {"class": "TERMINAL_RESULT", "fact_id": "fact:b5aac31f2f144bb29bfbe2cbaf1455f9", "payload_sha256": "567b6d45cf30a183aaebe67e9bb63cdb8a7c9b687e9964b7e33b283cde7cbd69", "status": "RESULT", "task_id": "stocks:TASK-1db9af04e077cdc0adb1b262a573f529"}], "memory": {"broken_at": null, "cube": "stocks", "facts": 2, "log": "shared across domains", "projection": "consistent", "status": "intact"}, "rejections": []}
--- stderr
--- end
