{
 "crypto": {
  "etapa-a": {
   "task_id": "crypto:TASK-2d337c13188f5488344aa10f30a9c8f2",
   "episode_id": "crypto:episode-1",
   "request_id": "crypto:REQ-E2E-RUNTIME-001",
   "hypothesis_id": "crypto:QUAL-SHADOW-001",
   "payload_sha256": "8560021007c50c8a90abf08a811ce06da03b9ea9283f73d8bb4da42fccb381fb",
   "result_payload_sha256": "2b584e84488fd9b7eab23c3141c18c86f47e4cd2fe85fa5b6853212468dc6e34"
  },
  "h9": {
   "task_id": "crypto:TASK-45b3afb3f4c777ae5aa52020f98afc6a",
   "episode_id": "crypto:episode-2",
   "request_id": "crypto:REQ-ISO-H9-001",
   "hypothesis_id": "crypto:H9",
   "payload_sha256": "d55fd0d7197752be1209325400280e73d836ab773e5d2fb04aff6e5e7d873e3c",
   "result_payload_sha256": "f8168d44617529cb76ebec830d89d5efc07188e1e2ab7a07337923a67f8612fb"
  }
 },
 "stocks": {
  "etapa-a": {
   "task_id": "stocks:TASK-ed5b06148e74eb2014abe64dc7a59156",
   "episode_id": "stocks:episode-1",
   "request_id": "stocks:REQ-E2E-RUNTIME-001",
   "hypothesis_id": "stocks:QUAL-PIT-MOM-001",
   "payload_sha256": "ef6472aa058a1fbbf3ace8eab1db27af45c1ac1bfdfa14519e82be2f901aed4d",
   "result_payload_sha256": "1b7f7f9c16dfbeb661f566e47e848eb8b4b364bfc2aa736c5029e9747d01745a"
  },
  "h9": {
   "task_id": "stocks:TASK-09f813296679d4ab76c537177cd98368",
   "episode_id": "stocks:episode-2",
   "request_id": "stocks:REQ-ISO-H9-001",
   "hypothesis_id": "stocks:H9",
   "payload_sha256": "6e5202066010ef187a4cb3b707f5cc1c123fd054513e14326e4e36e69c25bda6",
   "result_payload_sha256": "92d2f5facf61fa1a36ecb6bda34e6b34a8ffaf7f5c1bb8369e4dbda6d7fd4014"
  }
 },
 "brasileirao": {
  "etapa-a": {
   "task_id": "brasileirao:TASK-d469f51a357006194fb38ef960b4f5eb",
   "episode_id": "brasileirao:episode-1",
   "request_id": "brasileirao:REQ-E2E-RUNTIME-001",
   "hypothesis_id": "brasileirao:HQ-SERVING-BASELINE",
   "payload_sha256": "123c981c59c645458e411d0b5c6dcf5f679d40280f9c73ae7e3d7bc3f48ca2e5",
   "result_payload_sha256": "82630fb89bc694aad7c7b05e2cccf9cee7f1de380c28efb0cca558dfef182a1c"
  },
  "h9": {
   "task_id": "brasileirao:TASK-a217b64758a0bb915918e79a09d87ac7",
   "episode_id": "brasileirao:episode-2",
   "request_id": "brasileirao:REQ-ISO-H9-001",
   "hypothesis_id": "brasileirao:H9",
   "payload_sha256": "430de2ec05aa3591e44e1a8c9a2920248e48157548a300e6adbf45e592128636",
   "result_payload_sha256": "7792d31cc3b111b9b3d97b259c839f2f0de81676cd2ee407d93ad7b3898028c5"
  }
 }
}
manifest_sha256 064673a1ffac074b09596369c28e63b2b0ab1f93a15ec56f7e1c6abc92650721
