# 2026-09-25T16:04:42Z other_optimizers_sensitivity.py (versionado, sha256 f0ff54cae48f9679…) pela wheel 0.3.0rc3 — dado real: cópia sha256 31f30a4dcf33867d1f3aa3d12337a9a66047e6bff10b9a3fa86aae9ef06c9e43 (antes)
/home/superleo13/predictors/work/brasileirao2-pista/qualification/brasileirao/scripts/other_optimizers_sensitivity.py:81: RuntimeWarning: fit_event_model: parâmetro alpha=0.0000 cravado no bound [1e-06, 5.0] — resultado suspeito, confira o histórico de entrada
  fit = lambda h: event_models.fit_event_model(h, "diag", distribution=distribution)
{
 "schema": "brasileirao/OTHER_OPTIMIZERS_SENSITIVITY/1",
 "label": "DIAGNÓSTICO: pela wheel instalada; não fecha gate",
 "synthetic": {
  "seed": 20260925,
  "teams": 12,
  "games": 132,
  "control_model.fit_goal_model": {
   "ulp_max_abs_param_diff": 1.8457457784393227e-15
  },
  "event_models.fit_event_model(poisson)": {
   "fit_status": [
    "CONVERGED",
    "CONVERGED"
   ],
   "repeat_identical": true,
   "ulp_max_abs_param_diff": 2.608487713884333e-07,
   "ulp_max_abs_prob_diff": 1.0023674779091607e-07
  },
  "event_models.fit_event_model(nbinom)": {
   "fit_status": [
    "CONVERGED",
    "CONVERGED"
   ],
   "repeat_identical": true,
   "ulp_max_abs_param_diff": 0.00019634622575467886,
   "ulp_max_abs_prob_diff": 0.0002258785865523194
  },
  "dixon_coles.fit_dixon_coles_parameters": {
   "converged": [
    true,
    true
   ],
   "repeat_identical": true,
   "ulp_max_abs_param_diff": 4.098078757897028e-06
  },
  "xg_model.fit": {
   "repeat_identical": true,
   "ulp_max_abs_param_diff": 1.2012905726041523e-05
  }
 },
 "real_event_model_as_display": {
  "Corner kicks": {
   "n": 2155,
   "fit_status": [
    "CONVERGED",
    "CONVERGED"
   ],
   "repeat_identical": true,
   "ulp_max_abs_param_diff": 5.529869057108172e-08,
   "ulp_max_abs_prob_diff": 4.0615061358550975e-07
  },
  "Yellow cards": {
   "n": 2129,
   "fit_status": [
    "CONVERGED",
    "CONVERGED"
   ],
   "repeat_identical": true,
   "ulp_max_abs_param_diff": 1.8909206755957086e-08,
   "ulp_max_abs_prob_diff": 8.754966795976316e-08
  }
 }
}
[exit 0]
# dataset sha256 depois: 31f30a4dcf33867d1f3aa3d12337a9a66047e6bff10b9a3fa86aae9ef06c9e43
