# 2026-09-24T18:09:03Z strict_audit.py (versionado) — rc3 Linux PC 2 x rc3 Windows PC 2; só nomes de campo e contagens
# a = linux-rc3-real/private/real (Linux PC 2) ; b = windows-archive/rc3/priv/real (saída original do Windows PC 2, movida para o PC 2; igual à cópia windows-rc3 usada no compare_real_tolerance: diff -rq vazio)
# python: 3.13.15 brasileirao-predictor 0.3.0rc3
# diff -rq windows-rc3 windows-archive/rc3: vazio
pedidos: 20 | em b: 20
chaves de result: ['admission_id', 'capital_permission', 'core_facts', 'domain_facts', 'economic_state', 'experiment_id', 'hypothesis_id', 'operational_state', 'ops_facts', 'produced_at', 'provenance', 'request_id', 'research_id', 'result_id', 'result_state', 'schema_version', 'scientific_state']
chaves de domain_facts: ['data_cutoff', 'data_quality', 'dataset_as_of', 'economics', 'effect_sha256', 'evaluation', 'handler', 'identity', 'predictions', 'references', 'target']
campos não finitos (NaN/inf): nenhum
campos com QUALQUER diferença (comparação exata, sem tolerância): 24
   /admission_id
   /core_facts/trial_ids[]
   /core_facts/trial_row_hash
   /domain_facts/effect_sha256
   /domain_facts/identity/record_sha256
   /domain_facts/references/dataset/content_hash
   /experiment_id
   /ops_facts/attempt_ids[]
   /ops_facts/economic_lock_id
   /ops_facts/finished_at
   /ops_facts/heartbeat_at
   /ops_facts/identity/record_sha256
   /ops_facts/job_id
   /ops_facts/ops_record_hash
   /ops_facts/ops_run_id
   /ops_facts/ops_run_ids[]
   /ops_facts/started_at
   /produced_at
   /provenance/admission_policy_hash
   /provenance/journal_identity
   /provenance/logical_experiment_hash
   /provenance/reference_materialization_receipt_hash
   /provenance/resolved_references_hash
   /result_id
[exit 0]

# determinismo: a = linux-rc3-real/private/real ; b = d16-pc2-rc3/private/real (execução do fechamento)
pedidos: 20 | em b: 20
chaves de result: ['admission_id', 'capital_permission', 'core_facts', 'domain_facts', 'economic_state', 'experiment_id', 'hypothesis_id', 'operational_state', 'ops_facts', 'produced_at', 'provenance', 'request_id', 'research_id', 'result_id', 'result_state', 'schema_version', 'scientific_state']
chaves de domain_facts: ['data_cutoff', 'data_quality', 'dataset_as_of', 'economics', 'effect_sha256', 'evaluation', 'handler', 'identity', 'predictions', 'references', 'target']
campos não finitos (NaN/inf): nenhum
campos com QUALQUER diferença (comparação exata, sem tolerância): 24
   /admission_id
   /core_facts/trial_ids[]
   /core_facts/trial_row_hash
   /domain_facts/effect_sha256
   /domain_facts/identity/record_sha256
   /domain_facts/references/dataset/content_hash
   /experiment_id
   /ops_facts/attempt_ids[]
   /ops_facts/economic_lock_id
   /ops_facts/finished_at
   /ops_facts/heartbeat_at
   /ops_facts/identity/record_sha256
   /ops_facts/job_id
   /ops_facts/ops_record_hash
   /ops_facts/ops_run_id
   /ops_facts/ops_run_ids[]
   /ops_facts/started_at
   /produced_at
   /provenance/admission_policy_hash
   /provenance/journal_identity
   /provenance/logical_experiment_hash
   /provenance/reference_materialization_receipt_hash
   /provenance/resolved_references_hash
   /result_id
[exit 0]
