{"n": 1, "label": "propose 1", "at": "2026-09-28T13:14:59Z", "seconds": 0.15, "argv": ["/home/runner/work/_temp/work/rt/cain-venv/bin/cain", "research", "propose", "--domain", "crypto", "--state", "/home/runner/work/_temp/work/failures/F13/cain-state", "--proposal", "/home/runner/work/_temp/work/failures/F13/proposals/1.json", "--as-of", "2026-09-28T13:14:59Z"], "fault_env": {}, "exit": 0}
--- stdout
{"decision": "ALLOW", "episode_id": "crypto:episode-1", "reason_code": "ALLOWED", "receipt_sha256": "51e13ef3ee90afb699975e3bd4c4c8671566d61ee3fffd58042e4ab4f5375cc7", "rule": "R14", "status": "RECORDED", "task": {"payload_sha256": "b75de0d034bd9c0c0b5eda8539a01c2d3792e68381467f06ed79a48d60d11502", "previous_task_id": null, "task_id": "crypto:TASK-8e96f32b5a612a048e939f19384c4c83"}}
--- stderr
--- end
{"n": 2, "label": "dispatch 1", "at": "2026-09-28T13:15:00Z", "seconds": 0.129, "argv": ["/home/runner/work/_temp/work/rt/cain-venv/bin/cain", "research", "dispatch", "--domain", "crypto", "--state", "/home/runner/work/_temp/work/failures/F13/cain-state", "--spool", "/home/runner/work/_temp/work/failures/F13/spool"], "fault_env": {}, "exit": 0}
--- stdout
{"action": "dispatched", "file": "crypto/tasks/TASK-8e96f32b5a612a048e939f19384c4c83.json", "spool": "WRITTEN", "task_id": "crypto:TASK-8e96f32b5a612a048e939f19384c4c83"}
--- stderr
--- end
{"n": 3, "label": "consumer 1", "at": "2026-09-28T13:15:00Z", "seconds": 0.455, "argv": ["/home/runner/work/_temp/work/rt/consumer-venv/bin/predictor-research-consumer", "--domain", "crypto", "--spool", "/home/runner/work/_temp/work/failures/F13/spool", "--ledger", "/home/runner/work/_temp/work/failures/F13/consumer/ledger.sqlite", "--state", "/home/runner/work/_temp/work/failures/F13/domain-state", "--policy", "/home/runner/work/_temp/work/rt/op/policy.json", "--objects", "/home/runner/work/_temp/work/rt/op/objects"], "fault_env": {}, "exit": 0}
--- stdout
{"action": "delivered", "attempt": 1, "class": "TERMINAL_RESULT", "episode_id": "crypto:episode-1", "result_file": "crypto/results/TASK-8e96f32b5a612a048e939f19384c4c83.f8e69e4f70394813.json", "result_write": "WRITTEN", "status": "RESULT", "task_id": "crypto:TASK-8e96f32b5a612a048e939f19384c4c83"}
--- stderr
{"duration_ms": 208, "event": "job_finished", "job_id": "crypto-research-8a0aed214c5675be87256e41", "level": "INFO", "run_id": "cb42eaf490d549efa6e0720c9c253fc5", "run_status": "SUCCEEDED", "service": "predictor_ops", "timestamp": "2026-09-28T13:15:00.422540Z"}
--- end
{"n": 4, "label": "ingest 1", "at": "2026-09-28T13:15:00Z", "seconds": 0.133, "argv": ["/home/runner/work/_temp/work/rt/cain-venv/bin/cain", "research", "ingest", "--domain", "crypto", "--state", "/home/runner/work/_temp/work/failures/F13/cain-state", "--spool", "/home/runner/work/_temp/work/failures/F13/spool"], "fault_env": {}, "exit": 0}
--- stdout
{"action": "ingested", "class": "TERMINAL_RESULT", "fact": "fact:e67b031374f34e7db396a1aee4bfb22b", "file": "TASK-8e96f32b5a612a048e939f19384c4c83.f8e69e4f70394813.json", "status": "RESULT", "task_id": "crypto:TASK-8e96f32b5a612a048e939f19384c4c83"}
--- stderr
--- end
{"n": 5, "label": "tamper other-episode", "at": "2026-09-28T13:15:00Z", "seconds": 0.055, "argv": ["/home/runner/work/_temp/work/rt/cain-venv/bin/python", "-I", "/home/runner/work/_temp/work/failures/F13/tamper.py", "other-episode", "/home/runner/work/_temp/work/failures/F13/spool/crypto/tasks/TASK-8e96f32b5a612a048e939f19384c4c83.json", "/home/runner/work/_temp/work/failures/F13/spool/crypto/results/TASK-8e96f32b5a612a048e939f19384c4c83.f8e69e4f70394813.json", "/home/runner/work/_temp/work/failures/F13/spool/crypto/results/other-episode.json"], "fault_env": {}, "exit": 0}
--- stdout
{"mode": "other-episode", "bytes": 6539}
--- stderr
--- end
{"n": 6, "label": "ingest wrong tasks", "at": "2026-09-28T13:15:00Z", "seconds": 0.132, "argv": ["/home/runner/work/_temp/work/rt/cain-venv/bin/cain", "research", "ingest", "--domain", "crypto", "--state", "/home/runner/work/_temp/work/failures/F13/cain-state", "--spool", "/home/runner/work/_temp/work/failures/F13/spool"], "fault_env": {}, "exit": 2}
--- stdout
{"action": "duplicate", "file": "TASK-8e96f32b5a612a048e939f19384c4c83.f8e69e4f70394813.json"}
{"action": "rejected", "code": "TASK_NOT_FOUND", "file": "crypto-h9.json", "reason": "crypto:TASK-45b3afb3f4c777ae5aa52020f98afc6a was not emitted by this CAIN"}
{"action": "rejected", "code": "CORRELATION_MISMATCH", "file": "other-episode.json", "reason": "CORRELATION_MISMATCH: episode_id differs from the task"}
{"action": "rejected", "code": "DOMAIN_MISMATCH", "file": "stocks.json", "reason": "result of domain stocks"}
--- stderr
--- end
{"n": 7, "label": "nothing ingested", "at": "2026-09-28T13:15:00Z", "seconds": 0.127, "argv": ["/home/runner/work/_temp/work/rt/cain-venv/bin/cain", "research", "episodes", "--domain", "crypto", "--state", "/home/runner/work/_temp/work/failures/F13/cain-state"], "fault_env": {}, "exit": 0}
--- stdout
{"domain": "crypto", "episodes": [{"as_of": "2026-09-28T13:14:59Z", "decision": "ALLOW", "number": 1, "outbox": {"dispatches": 1, "retries_requested": 0, "status": "PUBLISHED", "task_id": "crypto:TASK-8e96f32b5a612a048e939f19384c4c83"}, "proposal_id": "cain:FM-F13-1", "reason_code": "ALLOWED", "receipt_sha256": "51e13ef3ee90afb699975e3bd4c4c8671566d61ee3fffd58042e4ab4f5375cc7", "source": "operator", "task_id": "crypto:TASK-8e96f32b5a612a048e939f19384c4c83"}], "inbox": [{"class": "TERMINAL_RESULT", "fact_id": "fact:e67b031374f34e7db396a1aee4bfb22b", "payload_sha256": "5352171e79c4a9a7e03984847c118b124687837b11164629fa940f7410be73d3", "status": "RESULT", "task_id": "crypto:TASK-8e96f32b5a612a048e939f19384c4c83"}], "memory": {"broken_at": null, "entries": 1, "head": "6628c1027907771684817541585e4db60da68584f77671d8702fe09ac921b003", "head_recorded_at": "2026-09-28T13:15:00.576710Z", "projection": "consistent", "status": "intact"}, "rejections": [{"code": "TASK_NOT_FOUND", "file": "crypto-h9.json"}, {"code": "CORRELATION_MISMATCH", "file": "other-episode.json"}, {"code": "DOMAIN_MISMATCH", "file": "stocks.json"}]}
--- stderr
--- end
