run_at=2026-09-27T23:49:18Z host=DESKTOP-EJPA2MT (PC 2, WSL) repo=leonardosovienski/cain commit=10744a9f149610d7741431c28c1e78c681c41165 subdir=. tag=v0.4.13rc6
fatal: path '.' exists on disk, but not in '10744a9f149610d7741431c28c1e78c681c41165'
tree=10744a9f149610d7741431c28c1e78c681c41165:. uv=uv 0.12.18 (x86_64-unknown-linux-gnu) SOURCE_DATE_EPOCH=1758240000
Successfully built /home/superleo13/predictors/runtime/integration-crypto/publish/cain-0.4.13rc6/dist-a/cain_research-0.4.13rc6-py3-none-any.whl
Successfully built /home/superleo13/predictors/runtime/integration-crypto/publish/cain-0.4.13rc6/dist-b/cain_research-0.4.13rc6-py3-none-any.whl
16510acdafb0141f7452c9f4ff372d7bfa2b0086b5354710c300e008f3f92aa4  cain_research-0.4.13rc6-py3-none-any.whl
16510acdafb0141f7452c9f4ff372d7bfa2b0086b5354710c300e008f3f92aa4  cain_research-0.4.13rc6-py3-none-any.whl
Wheel-Version: 1.0
Generator: setuptools (84.0.0)
Root-Is-Purelib: true
Tag: py3-none-any

REPRODUCIBLE=YES
$ gh release create v0.4.13rc6 -R leonardosovienski/cain --target 10744a9f149610d7741431c28c1e78c681c41165 --prerelease --title 'v0.4.13rc6' --notes-file cain-0.4.13rc6.md cain_research-0.4.13rc6-py3-none-any.whl
https://github.com/leonardosovienski/cain/releases/tag/v0.4.13rc6
release_exit=0
$ curl -sSfL (anônimo) https://github.com/leonardosovienski/cain/releases/download/v0.4.13rc6/cain_research-0.4.13rc6-py3-none-any.whl
downloaded_sha256=16510acdafb0141f7452c9f4ff372d7bfa2b0086b5354710c300e008f3f92aa4 expected=16510acdafb0141f7452c9f4ff372d7bfa2b0086b5354710c300e008f3f92aa4
api: true	cain_research-0.4.13rc6-py3-none-any.whl sha256:16510acdafb0141f7452c9f4ff372d7bfa2b0086b5354710c300e008f3f92aa4 407246
tag -> 10744a9f149610d7741431c28c1e78c681c41165
RELEASE_VERIFIED=YES url=https://github.com/leonardosovienski/cain/releases/download/v0.4.13rc6/cain_research-0.4.13rc6-py3-none-any.whl sha256=16510acdafb0141f7452c9f4ff372d7bfa2b0086b5354710c300e008f3f92aa4
