run_at=2026-09-28T14:54:28Z host=DESKTOP-EJPA2MT (PC 2, WSL) repo=leonardosovienski/cain commit=302a5c8c4c24a884773e327e0f5855dd98f94d08 subdir=. tag=v0.4.13rc12
fatal: path '.' exists on disk, but not in '302a5c8c4c24a884773e327e0f5855dd98f94d08'
tree=302a5c8c4c24a884773e327e0f5855dd98f94d08:. uv=uv 0.12.18 (x86_64-unknown-linux-gnu) SOURCE_DATE_EPOCH=1758240000
Successfully built /home/superleo13/predictors/runtime/integration-crypto/publish/cain-0.4.13rc12/dist-a/cain_research-0.4.13rc12-py3-none-any.whl
Successfully built /home/superleo13/predictors/runtime/integration-crypto/publish/cain-0.4.13rc12/dist-b/cain_research-0.4.13rc12-py3-none-any.whl
988a0fb9b5e9b00be95cbf48dbe8fdda2eec53dff86e384192a619888ef49394  cain_research-0.4.13rc12-py3-none-any.whl
988a0fb9b5e9b00be95cbf48dbe8fdda2eec53dff86e384192a619888ef49394  cain_research-0.4.13rc12-py3-none-any.whl
Wheel-Version: 1.0
Generator: setuptools (84.0.0)
Root-Is-Purelib: true
Tag: py3-none-any

REPRODUCIBLE=YES
$ gh release create v0.4.13rc12 -R leonardosovienski/cain --target 302a5c8c4c24a884773e327e0f5855dd98f94d08 --prerelease --title 'v0.4.13rc12 (Etapa B — correção do orçamento de contexto do modo de proposta)' --notes-file cain-0.4.13rc12.md cain_research-0.4.13rc12-py3-none-any.whl
https://github.com/leonardosovienski/cain/releases/tag/v0.4.13rc12
release_exit=0
$ curl -sSfL (anônimo) https://github.com/leonardosovienski/cain/releases/download/v0.4.13rc12/cain_research-0.4.13rc12-py3-none-any.whl
downloaded_sha256=988a0fb9b5e9b00be95cbf48dbe8fdda2eec53dff86e384192a619888ef49394 expected=988a0fb9b5e9b00be95cbf48dbe8fdda2eec53dff86e384192a619888ef49394
api: true	cain_research-0.4.13rc12-py3-none-any.whl sha256:988a0fb9b5e9b00be95cbf48dbe8fdda2eec53dff86e384192a619888ef49394 419789
tag -> 302a5c8c4c24a884773e327e0f5855dd98f94d08
RELEASE_VERIFIED=YES url=https://github.com/leonardosovienski/cain/releases/download/v0.4.13rc12/cain_research-0.4.13rc12-py3-none-any.whl sha256=988a0fb9b5e9b00be95cbf48dbe8fdda2eec53dff86e384192a619888ef49394
