run_at=2026-09-28T13:08:29Z host=DESKTOP-EJPA2MT (PC 2, WSL) repo=leonardosovienski/cain commit=fb0e1dcb9003130c0b5d50ecd95f7d8d0829cf0c subdir=. tag=v0.4.13rc10
fatal: path '.' exists on disk, but not in 'fb0e1dcb9003130c0b5d50ecd95f7d8d0829cf0c'
tree=fb0e1dcb9003130c0b5d50ecd95f7d8d0829cf0c:. uv=uv 0.12.18 (x86_64-unknown-linux-gnu) SOURCE_DATE_EPOCH=1758240000
Successfully built /home/superleo13/predictors/runtime/integration-crypto/publish/cain-0.4.13rc10/dist-a/cain_research-0.4.13rc10-py3-none-any.whl
Successfully built /home/superleo13/predictors/runtime/integration-crypto/publish/cain-0.4.13rc10/dist-b/cain_research-0.4.13rc10-py3-none-any.whl
752de98d385528b0bd90c950d117c46af0522125a2274ea9a7064461786b85e5  cain_research-0.4.13rc10-py3-none-any.whl
752de98d385528b0bd90c950d117c46af0522125a2274ea9a7064461786b85e5  cain_research-0.4.13rc10-py3-none-any.whl
Wheel-Version: 1.0
Generator: setuptools (84.0.0)
Root-Is-Purelib: true
Tag: py3-none-any

REPRODUCIBLE=YES
$ gh release create v0.4.13rc10 -R leonardosovienski/cain --target fb0e1dcb9003130c0b5d50ecd95f7d8d0829cf0c --prerelease --title 'v0.4.13rc10 (Etapa B — release única: política v2, R16, R17 e configurações das três integrações)' --notes-file cain-0.4.13rc10.md cain_research-0.4.13rc10-py3-none-any.whl
https://github.com/leonardosovienski/cain/releases/tag/v0.4.13rc10
release_exit=0
$ curl -sSfL (anônimo) https://github.com/leonardosovienski/cain/releases/download/v0.4.13rc10/cain_research-0.4.13rc10-py3-none-any.whl
downloaded_sha256=752de98d385528b0bd90c950d117c46af0522125a2274ea9a7064461786b85e5 expected=752de98d385528b0bd90c950d117c46af0522125a2274ea9a7064461786b85e5
api: true	cain_research-0.4.13rc10-py3-none-any.whl sha256:752de98d385528b0bd90c950d117c46af0522125a2274ea9a7064461786b85e5 417147
tag -> fb0e1dcb9003130c0b5d50ecd95f7d8d0829cf0c
RELEASE_VERIFIED=YES url=https://github.com/leonardosovienski/cain/releases/download/v0.4.13rc10/cain_research-0.4.13rc10-py3-none-any.whl sha256=752de98d385528b0bd90c950d117c46af0522125a2274ea9a7064461786b85e5
