run_at=2026-09-27T22:57:52Z host=DESKTOP-EJPA2MT (PC 2, WSL) repo=leonardosovienski/cain commit=6b460afd5f19e8a1739a09a9eaabab1dbe98084f subdir=. tag=v0.4.13rc5
fatal: path '.' exists on disk, but not in '6b460afd5f19e8a1739a09a9eaabab1dbe98084f'
tree=6b460afd5f19e8a1739a09a9eaabab1dbe98084f:. uv=uv 0.12.18 (x86_64-unknown-linux-gnu) SOURCE_DATE_EPOCH=1758240000
Successfully built /home/superleo13/predictors/runtime/integration-crypto/publish/cain-0.4.13rc5/dist-a/cain_research-0.4.13rc5-py3-none-any.whl
Successfully built /home/superleo13/predictors/runtime/integration-crypto/publish/cain-0.4.13rc5/dist-b/cain_research-0.4.13rc5-py3-none-any.whl
eb707edf9fb7379f9c05eb2d3f355d963a273dde387d3ab26a0cd87119ec7ce6  cain_research-0.4.13rc5-py3-none-any.whl
eb707edf9fb7379f9c05eb2d3f355d963a273dde387d3ab26a0cd87119ec7ce6  cain_research-0.4.13rc5-py3-none-any.whl
Wheel-Version: 1.0
Generator: setuptools (84.0.0)
Root-Is-Purelib: true
Tag: py3-none-any

REPRODUCIBLE=YES
$ gh release create v0.4.13rc5 -R leonardosovienski/cain --target 6b460afd5f19e8a1739a09a9eaabab1dbe98084f --prerelease --title 'v0.4.13rc5' --notes-file cain-0.4.13rc5.md cain_research-0.4.13rc5-py3-none-any.whl
https://github.com/leonardosovienski/cain/releases/tag/v0.4.13rc5
release_exit=0
$ curl -sSfL (anônimo) https://github.com/leonardosovienski/cain/releases/download/v0.4.13rc5/cain_research-0.4.13rc5-py3-none-any.whl
downloaded_sha256=eb707edf9fb7379f9c05eb2d3f355d963a273dde387d3ab26a0cd87119ec7ce6 expected=eb707edf9fb7379f9c05eb2d3f355d963a273dde387d3ab26a0cd87119ec7ce6
api: true	cain_research-0.4.13rc5-py3-none-any.whl sha256:eb707edf9fb7379f9c05eb2d3f355d963a273dde387d3ab26a0cd87119ec7ce6 407245
tag -> 6b460afd5f19e8a1739a09a9eaabab1dbe98084f
RELEASE_VERIFIED=YES url=https://github.com/leonardosovienski/cain/releases/download/v0.4.13rc5/cain_research-0.4.13rc5-py3-none-any.whl sha256=eb707edf9fb7379f9c05eb2d3f355d963a273dde387d3ab26a0cd87119ec7ce6
