run_at=2026-09-27T22:38:31Z host=DESKTOP-EJPA2MT (PC 2, WSL) repo=leonardosovienski/cripto-predictor commit=ee3d3d17de0b76cf731808243ffa838a0f5ee8cc subdir=. tag=v1.2.0rc3
fatal: path '.' exists on disk, but not in 'ee3d3d17de0b76cf731808243ffa838a0f5ee8cc'
tree=ee3d3d17de0b76cf731808243ffa838a0f5ee8cc:. uv=uv 0.12.18 (x86_64-unknown-linux-gnu) SOURCE_DATE_EPOCH=1758240000
Successfully built /home/superleo13/predictors/runtime/integration-crypto/publish/cripto-1.2.0rc3/dist-a/cripto_predictor-1.2.0rc3-py3-none-any.whl
Successfully built /home/superleo13/predictors/runtime/integration-crypto/publish/cripto-1.2.0rc3/dist-b/cripto_predictor-1.2.0rc3-py3-none-any.whl
02b5e5dbbc60cfb5ed6bb6458331047d7d6de9d55914fb9b1644d78fd0d2b82d  cripto_predictor-1.2.0rc3-py3-none-any.whl
2493b23f0f39fd1849f1e57e9efa223a18801721b41bda580e38b9844d2beecf  cripto_predictor-1.2.0rc3.tar.gz
02b5e5dbbc60cfb5ed6bb6458331047d7d6de9d55914fb9b1644d78fd0d2b82d  cripto_predictor-1.2.0rc3-py3-none-any.whl
2493b23f0f39fd1849f1e57e9efa223a18801721b41bda580e38b9844d2beecf  cripto_predictor-1.2.0rc3.tar.gz
Wheel-Version: 1.0
Generator: hatchling 1.32.4
Root-Is-Purelib: true
Tag: py3-none-any
REPRODUCIBLE=YES
$ gh release create v1.2.0rc3 -R leonardosovienski/cripto-predictor --target ee3d3d17de0b76cf731808243ffa838a0f5ee8cc --prerelease --title 'v1.2.0rc3' --notes-file cripto-predictor-1.2.0rc3.md cripto_predictor-1.2.0rc3-py3-none-any.whl
https://github.com/leonardosovienski/cripto-predictor/releases/tag/v1.2.0rc3
release_exit=0
$ curl -sSfL (anônimo) https://github.com/leonardosovienski/cripto-predictor/releases/download/v1.2.0rc3/cripto_predictor-1.2.0rc3-py3-none-any.whl
downloaded_sha256=02b5e5dbbc60cfb5ed6bb6458331047d7d6de9d55914fb9b1644d78fd0d2b82d expected=02b5e5dbbc60cfb5ed6bb6458331047d7d6de9d55914fb9b1644d78fd0d2b82d
api: true	cripto_predictor-1.2.0rc3-py3-none-any.whl sha256:02b5e5dbbc60cfb5ed6bb6458331047d7d6de9d55914fb9b1644d78fd0d2b82d 478923	cripto_predictor-1.2.0rc3.tar.gz sha256:2493b23f0f39fd1849f1e57e9efa223a18801721b41bda580e38b9844d2beecf 365778
tag -> ee3d3d17de0b76cf731808243ffa838a0f5ee8cc
RELEASE_VERIFIED=YES url=https://github.com/leonardosovienski/cripto-predictor/releases/download/v1.2.0rc3/cripto_predictor-1.2.0rc3-py3-none-any.whl sha256=02b5e5dbbc60cfb5ed6bb6458331047d7d6de9d55914fb9b1644d78fd0d2b82d
