# 2026-09-24T02:57:19Z commit 5344b5f23a9d2bd88e416a45afddc904a94eb301 dirty_entries=0 RUNROOT=C:/QUALIFICACAO/runtime/brasileirao/w/0924T025719
uv 0.12.18 (01cb90c1a 2026-09-22 x86_64-pc-windows-msvc)
Resolved 60 packages in 2.44s
   Building brasileirao-predictor @ file:///C:/QUALIFICACAO/repos/brasileirao-predictor
      Built brasileirao-predictor @ file:///C:/QUALIFICACAO/repos/brasileirao-predictor
Prepared 1 package in 3.27s
Uninstalled 2 packages in 47ms
Installed 2 packages in 56ms
 ~ brasileirao-predictor==0.2.0 (from file:///C:/QUALIFICACAO/repos/brasileirao-predictor)
 - predictor-ops==4.2.1 (from https://github.com/leonardosovienski/predictor-ops/releases/download/v4.2.1/predictor_ops-4.2.1-py3-none-any.whl)
 + predictor-ops==4.2.2rc1 (from https://github.com/leonardosovienski/predictor-ops/releases/download/v4.2.2rc1/predictor_ops-4.2.2rc1-py3-none-any.whl)
uv sync exit=0
3.13.14 (main, Aug  5 2026, 16:10:10) [MSC v.1944 64 bit (AMD64)] Windows-11-10.0.26200-SP0
core 3.2.1 C:\QUALIFICACAO\repos\brasileirao-predictor\.venv\Lib\site-packages\predictor_core\__init__.py
ops 4.2.2rc1 C:\QUALIFICACAO\repos\brasileirao-predictor\.venv\Lib\site-packages\predictor_ops\__init__.py
validate_env_example exit=0
preservado (já existe): data\matches.db
seed_test_fixtures exit=0
All checks passed!
ruff check exit=0
443 files already formatted
ruff format exit=0
0 errors, 0 warnings, 0 informations
pyright exit=0
........................................................................ [  3%]
........................................................................ [  6%]
.................................................................................................................. [ 11%]
........................................................................ [ 14%]
........................................................................ [ 18%]
........................................................................ [ 21%]
........................................................................ [ 24%]
........................................................................ [ 27%]
........................................................................ [ 31%]
........................................................................ [ 34%]
........................................................................ [ 37%]
........................................................................ [ 41%]
........................................................................ [ 44%]
........................................................................ [ 47%]
........................................................................ [ 50%]
.......................................................s................ [ 54%]
........................................................................ [ 57%]
........................................................................ [ 60%]
........................................................................ [ 63%]
........................................................................ [ 67%]
........................................................................ [ 70%]
........................................................................ [ 73%]
........................................................................ [ 76%]
........................................................................ [ 80%]
........................................................................ [ 83%]
........................................................................ [ 86%]
........................................................................ [ 89%]
........................................................................ [ 93%]
........................................................................ [ 96%]
........................................................................ [ 99%]
......                                                                   [100%]
2207 passed, 1 skipped, 30 deselected, 30 subtests passed in 161.26s (0:02:41)
pytest exit=0
# git status after: 0 entries
