$ (cwd=/home/runner/work/_temp/cleanroom/ecosystem-predictor/full) /home/runner/work/_temp/tools/uv/uv build --wheel --python /home/runner/work/_temp/tools/python/cpython-3.13.15-linux-x86_64-gnu/bin/python3.13 --out-dir /home/runner/work/_temp/cleanroom/ecosystem-predictor/head_build packages/research-protocol
Building wheel...
running egg_info
creating src/predictor_research_protocol.egg-info
writing src/predictor_research_protocol.egg-info/PKG-INFO
writing dependency_links to src/predictor_research_protocol.egg-info/dependency_links.txt
writing top-level names to src/predictor_research_protocol.egg-info/top_level.txt
writing manifest file 'src/predictor_research_protocol.egg-info/SOURCES.txt'
reading manifest file 'src/predictor_research_protocol.egg-info/SOURCES.txt'
writing manifest file 'src/predictor_research_protocol.egg-info/SOURCES.txt'
running bdist_wheel
running build
running build_py
creating build/lib/research_protocol
copying src/research_protocol/__init__.py -> build/lib/research_protocol
copying src/research_protocol/key_store.py -> build/lib/research_protocol
running egg_info
writing src/predictor_research_protocol.egg-info/PKG-INFO
writing dependency_links to src/predictor_research_protocol.egg-info/dependency_links.txt
writing top-level names to src/predictor_research_protocol.egg-info/top_level.txt
reading manifest file 'src/predictor_research_protocol.egg-info/SOURCES.txt'
writing manifest file 'src/predictor_research_protocol.egg-info/SOURCES.txt'
installing to build/bdist.linux-x86_64/wheel
running install
running install_lib
creating build/bdist.linux-x86_64/wheel
creating build/bdist.linux-x86_64/wheel/research_protocol
copying build/lib/research_protocol/__init__.py -> build/bdist.linux-x86_64/wheel/./research_protocol
copying build/lib/research_protocol/key_store.py -> build/bdist.linux-x86_64/wheel/./research_protocol
running install_egg_info
Copying src/predictor_research_protocol.egg-info to build/bdist.linux-x86_64/wheel/./predictor_research_protocol-1.0.3rc1-py3.13.egg-info
running install_scripts
creating build/bdist.linux-x86_64/wheel/predictor_research_protocol-1.0.3rc1.dist-info/WHEEL
creating '/home/runner/work/_temp/cleanroom/ecosystem-predictor/head_build/.tmp-469d_sn0/predictor_research_protocol-1.0.3rc1-py3-none-any.whl' and adding 'build/bdist.linux-x86_64/wheel' to it
adding 'research_protocol/__init__.py'
adding 'research_protocol/key_store.py'
adding 'predictor_research_protocol-1.0.3rc1.dist-info/METADATA'
adding 'predictor_research_protocol-1.0.3rc1.dist-info/WHEEL'
adding 'predictor_research_protocol-1.0.3rc1.dist-info/top_level.txt'
adding 'predictor_research_protocol-1.0.3rc1.dist-info/RECORD'
removing build/bdist.linux-x86_64/wheel
Successfully built /home/runner/work/_temp/cleanroom/ecosystem-predictor/head_build/predictor_research_protocol-1.0.3rc1-py3-none-any.whl

[exit 0]
