$ (cwd=None) /home/runner/work/_temp/tools/uv/uv pip install --python /home/runner/work/_temp/cleanroom/ecosystem-predictor/venv-head_build/bin/python --require-hashes --no-deps -r /home/runner/work/_temp/cleanroom/ecosystem-predictor/lock-requirements.filtered.txt
Using Python 3.13.15 environment at: /home/runner/work/_temp/cleanroom/ecosystem-predictor/venv-head_build
Resolved 26 packages in 5ms
Installed 26 packages in 120ms
 + annotated-types==0.8.0
 + build==1.5.0
 + cfgv==3.5.0
 + coverage==7.15.2
 + distlib==0.4.3
 + filelock==3.32.2
 + identify==2.6.19
 + iniconfig==2.3.0
 + nodeenv==1.10.0
 + packaging==26.2
 + platformdirs==4.11.0
 + pluggy==1.6.0
 + pre-commit==4.6.1
 + pydantic==2.13.4
 + pydantic-core==2.46.4
 + pygments==2.20.0
 + pyproject-hooks==1.2.0
 + pyright==1.1.411
 + pytest==8.4.2
 + pytest-cov==7.1.0
 + python-discovery==1.5.1
 + pyyaml==6.0.3
 + ruff==0.16.1
 + typing-extensions==4.16.0
 + typing-inspection==0.4.2
 + virtualenv==21.7.1

[exit 0]
