$ (cwd=None) /home/runner/work/_temp/tools/uv/uv pip freeze --python /home/runner/work/_temp/cleanroom/ecosystem-predictor/venv-head_build/bin/python
Using Python 3.13.15 environment at: /home/runner/work/_temp/cleanroom/ecosystem-predictor/venv-head_build
annotated-types==0.8.0
build==1.5.0
cfgv==3.5.0
coverage==7.15.2
distlib==0.4.3
ecosystem-predictor @ file:///home/runner/work/_temp/cleanroom/ecosystem-predictor/head_build/ecosystem_predictor-0.2.0-py3-none-any.whl
filelock==3.32.2
identify==2.6.19
iniconfig==2.3.0
nodeenv==1.10.0
packaging==26.2
platformdirs==4.11.0
pluggy==1.6.0
pre-commit==4.6.1
predictor-research-bundle @ file:///home/runner/work/_temp/cleanroom/ecosystem-predictor/head_build/predictor_research_bundle-1.0.1rc1-py3-none-any.whl
predictor-research-protocol @ file:///home/runner/work/_temp/cleanroom/ecosystem-predictor/head_build/predictor_research_protocol-1.0.3rc1-py3-none-any.whl
predictor-research-snapshot @ file:///home/runner/work/_temp/cleanroom/ecosystem-predictor/head_build/predictor_research_snapshot-1.0.2rc1-py3-none-any.whl
pydantic==2.13.4
pydantic-core==2.46.4
pygments==2.20.0
pyproject-hooks==1.2.0
pyright==1.1.411
pytest==8.4.2
pytest-cov==7.1.0
python-discovery==1.5.1
pyyaml==6.0.3
ruff==0.16.1
typing-extensions==4.16.0
typing-inspection==0.4.2
virtualenv==21.7.1

[exit 0]
