{"effective_proposal": "/home/runner/work/_temp/work/failures/F13/proposals/1.json", "template": "fixtures/proposals/e2e/01-allow.json", "sha256": "376c3cbc6cdd74c3bbe47eee3f08ce130524d3f1125edb31820afb6fe0118f83"}
{"n": 1, "label": "propose 1", "at": "2026-09-30T00:38:17Z", "seconds": 0.146, "argv": ["/home/runner/work/_temp/work/rt/cain-venv/bin/cain", "research", "propose", "--domain", "stocks", "--state", "/home/runner/work/_temp/work/failures/F13/cain-state", "--proposal", "/home/runner/work/_temp/work/failures/F13/proposals/1.json", "--as-of", "2026-09-30T00:38:16Z"], "fault_env": {}, "exit": 0}
--- stdout
{"decision": "ALLOW", "episode_id": "stocks:episode-1", "reason_code": "ALLOWED", "receipt_sha256": "515cead82a1c05f4625014cd6e63312ad8186b9a416dc2f5c47a47e0462748cb", "rule": "R14", "status": "RECORDED", "task": {"payload_sha256": "558854b2d8510e0f6471359d1b2d41f494379942dbf67e47b5a019d17c02328d", "previous_task_id": null, "task_id": "stocks:TASK-64d7185aa82ef69e9e991dce7e658fbb"}}
--- stderr
--- end
{"n": 2, "label": "dispatch 1", "at": "2026-09-30T00:38:17Z", "seconds": 0.12, "argv": ["/home/runner/work/_temp/work/rt/cain-venv/bin/cain", "research", "dispatch", "--domain", "stocks", "--state", "/home/runner/work/_temp/work/failures/F13/cain-state", "--spool", "/home/runner/work/_temp/work/failures/F13/spool"], "fault_env": {}, "exit": 0}
--- stdout
{"action": "dispatched", "file": "stocks/tasks/TASK-64d7185aa82ef69e9e991dce7e658fbb.json", "spool": "WRITTEN", "task_id": "stocks:TASK-64d7185aa82ef69e9e991dce7e658fbb"}
--- stderr
--- end
{"n": 3, "label": "consumer 1", "at": "2026-09-30T00:38:25Z", "seconds": 8.506, "argv": ["/home/runner/work/_temp/work/rt/consumer-venv/bin/predictor-research-consumer", "--domain", "stocks", "--spool", "/home/runner/work/_temp/work/failures/F13/spool", "--ledger", "/home/runner/work/_temp/work/failures/F13/consumer/ledger.sqlite", "--state", "/home/runner/work/_temp/work/failures/F13/domain-state", "--policy", "/home/runner/work/_temp/work/rt/op/policy.json", "--objects", "/home/runner/work/_temp/work/rt/op/objects"], "fault_env": {}, "exit": 0}
--- stdout
{"action": "delivered", "attempt": 1, "class": "TERMINAL_RESULT", "episode_id": "stocks:episode-1", "result_file": "stocks/results/TASK-64d7185aa82ef69e9e991dce7e658fbb.767280c70102881c.json", "result_write": "WRITTEN", "status": "RESULT", "task_id": "stocks:TASK-64d7185aa82ef69e9e991dce7e658fbb"}
--- stderr
{"duration_ms": 8228, "event": "job_finished", "job_id": "stocks-research-46728ef2f326f5763284b911", "level": "INFO", "run_id": "c8ce1720ec5d4970a31177367ac6d560", "run_status": "SUCCEEDED", "service": "predictor_ops", "timestamp": "2026-09-30T00:38:25.659492Z"}
--- end
{"n": 4, "label": "ingest 1", "at": "2026-09-30T00:38:25Z", "seconds": 0.134, "argv": ["/home/runner/work/_temp/work/rt/cain-venv/bin/cain", "research", "ingest", "--domain", "stocks", "--state", "/home/runner/work/_temp/work/failures/F13/cain-state", "--spool", "/home/runner/work/_temp/work/failures/F13/spool"], "fault_env": {}, "exit": 0}
--- stdout
{"action": "ingested", "class": "TERMINAL_RESULT", "fact": "fact:d5dc7d06bf7d45478c7ceae53b4cb1ef", "file": "TASK-64d7185aa82ef69e9e991dce7e658fbb.767280c70102881c.json", "status": "RESULT", "task_id": "stocks:TASK-64d7185aa82ef69e9e991dce7e658fbb"}
--- stderr
--- end
{"n": 5, "label": "tamper other-episode", "at": "2026-09-30T00:38:25Z", "seconds": 0.054, "argv": ["/home/runner/work/_temp/work/rt/cain-venv/bin/python", "-I", "/home/runner/work/_temp/work/failures/F13/tamper.py", "other-episode", "/home/runner/work/_temp/work/failures/F13/spool/stocks/tasks/TASK-64d7185aa82ef69e9e991dce7e658fbb.json", "/home/runner/work/_temp/work/failures/F13/spool/stocks/results/TASK-64d7185aa82ef69e9e991dce7e658fbb.767280c70102881c.json", "/home/runner/work/_temp/work/failures/F13/spool/stocks/results/other-episode.json"], "fault_env": {}, "exit": 0}
--- stdout
{"mode": "other-episode", "bytes": 96403}
--- stderr
--- end
{"n": 6, "label": "ingest wrong tasks", "at": "2026-09-30T00:38:26Z", "seconds": 0.127, "argv": ["/home/runner/work/_temp/work/rt/cain-venv/bin/cain", "research", "ingest", "--domain", "stocks", "--state", "/home/runner/work/_temp/work/failures/F13/cain-state", "--spool", "/home/runner/work/_temp/work/failures/F13/spool"], "fault_env": {}, "exit": 2}
--- stdout
{"action": "duplicate", "file": "TASK-64d7185aa82ef69e9e991dce7e658fbb.767280c70102881c.json"}
{"action": "rejected", "code": "DOMAIN_MISMATCH", "file": "crypto.json", "reason": "result of domain crypto"}
{"action": "rejected", "code": "CORRELATION_MISMATCH", "file": "other-episode.json", "reason": "CORRELATION_MISMATCH: episode_id differs from the task"}
{"action": "rejected", "code": "TASK_NOT_FOUND", "file": "stocks-h9.json", "reason": "stocks:TASK-09f813296679d4ab76c537177cd98368 was not emitted by this CAIN"}
--- stderr
--- end
{"n": 7, "label": "nothing ingested", "at": "2026-09-30T00:38:26Z", "seconds": 0.12, "argv": ["/home/runner/work/_temp/work/rt/cain-venv/bin/cain", "research", "episodes", "--domain", "stocks", "--state", "/home/runner/work/_temp/work/failures/F13/cain-state"], "fault_env": {}, "exit": 0}
--- stdout
{"domain": "stocks", "episodes": [{"as_of": "2026-09-30T00:38:16Z", "decision": "ALLOW", "number": 1, "outbox": {"dispatches": 1, "retries_requested": 0, "status": "PUBLISHED", "task_id": "stocks:TASK-64d7185aa82ef69e9e991dce7e658fbb"}, "proposal_id": "cain:FM-F13-1", "reason_code": "ALLOWED", "receipt_sha256": "515cead82a1c05f4625014cd6e63312ad8186b9a416dc2f5c47a47e0462748cb", "source": "operator", "task_id": "stocks:TASK-64d7185aa82ef69e9e991dce7e658fbb"}], "inbox": [{"class": "TERMINAL_RESULT", "fact_id": "fact:d5dc7d06bf7d45478c7ceae53b4cb1ef", "payload_sha256": "fa88b9d06af0355c62fa73c5dc85255f0be1b0c463a5653ab7213d6071b429f0", "status": "RESULT", "task_id": "stocks:TASK-64d7185aa82ef69e9e991dce7e658fbb"}], "memory": {"broken_at": null, "cube": "stocks", "facts": 1, "log": "shared across domains", "projection": "consistent", "status": "intact"}, "rejections": [{"code": "DOMAIN_MISMATCH", "file": "crypto.json"}, {"code": "CORRELATION_MISMATCH", "file": "other-episode.json"}, {"code": "TASK_NOT_FOUND", "file": "stocks-h9.json"}]}
--- stderr
--- end
