Using CPython 3.13.14
Creating virtual environment at: .venv
Resolved 16 packages in 2ms
   Building stocks-predictor @ file:///C:/Users/runneradmin/AppData/Local/Temp/tmp.cFhLXDya0U/src
Downloading pyright (5.9MiB)
Downloading pygments (1.2MiB)
Downloading ruff (10.0MiB)
 Downloaded ruff
 Downloaded pygments
      Built stocks-predictor @ file:///C:/Users/runneradmin/AppData/Local/Temp/tmp.cFhLXDya0U/src
 Downloaded pyright
Prepared 15 packages in 2.34s
warning: Failed to hardlink files; falling back to full copy. This may lead to degraded performance.
         If the cache and target directories are on different filesystems, hardlinking may not be supported.
         If this is intentional, set `export UV_LINK_MODE=copy` or use `--link-mode=copy` to suppress this warning.
Installed 16 packages in 20.78s
 + build==1.6.0
 + colorama==0.4.6
 + coverage==7.16.0
 + iniconfig==2.3.0
 + nodeenv==1.10.0
 + packaging==26.3
 + pluggy==1.6.0
 + predictor-core==3.2.1 (from https://github.com/leonardosovienski/core-predictor/releases/download/v3.2.1/predictor_core-3.2.1-py3-none-any.whl)
 + pygments==2.21.0
 + pyproject-hooks==1.2.0
 + pyright==1.1.411
 + pytest==9.1.1
 + pyyaml==6.0.3
 + ruff==0.16.5
 + stocks-predictor==0.2.0 (from file:///C:/Users/runneradmin/AppData/Local/Temp/tmp.cFhLXDya0U/src)
 + typing-extensions==4.16.0
[exit 0]
