{"n": 1, "label": "propose 1", "at": "2026-10-07T23:40:16Z", "seconds": 0.104, "argv": ["/home/runner/work/_temp/work/rt/cain-venv/bin/cain", "research", "propose", "--domain", "crypto", "--state", "/home/runner/work/_temp/work/failures/F09/cain-state", "--proposal", "/home/runner/work/_temp/work/failures/F09/proposals/1.json", "--as-of", "2026-10-07T23:40:16Z"], "fault_env": {}, "exit": 0}
--- stdout
{"decision": "ALLOW", "episode_id": "crypto:episode-1", "reason_code": "ALLOWED", "receipt_sha256": "4b7f1417459fe6bd8b461b8eb7ec4f53c20896ac93127f4f3d6b6aa54281bfd5", "rule": "R14", "status": "RECORDED", "task": {"payload_sha256": "49c7bf319ce5a4c59dafd2f901cf00be1f25034932008759282bb33dc42170e0", "previous_task_id": null, "task_id": "crypto:TASK-05213f01349684f598901bc4788dadf5"}}
--- stderr
--- end
{"n": 2, "label": "dispatch 1", "at": "2026-10-07T23:40:16Z", "seconds": 0.084, "argv": ["/home/runner/work/_temp/work/rt/cain-venv/bin/cain", "research", "dispatch", "--domain", "crypto", "--state", "/home/runner/work/_temp/work/failures/F09/cain-state", "--spool", "/home/runner/work/_temp/work/failures/F09/spool"], "fault_env": {}, "exit": 0}
--- stdout
{"action": "dispatched", "file": "crypto/tasks/TASK-05213f01349684f598901bc4788dadf5.json", "spool": "WRITTEN", "task_id": "crypto:TASK-05213f01349684f598901bc4788dadf5"}
--- stderr
--- end
{"n": 3, "label": "consumer 1", "at": "2026-10-07T23:40:16Z", "seconds": 0.387, "argv": ["/home/runner/work/_temp/work/rt/consumer-venv/bin/predictor-research-consumer", "--domain", "crypto", "--spool", "/home/runner/work/_temp/work/failures/F09/spool", "--ledger", "/home/runner/work/_temp/work/failures/F09/consumer/ledger.sqlite", "--state", "/home/runner/work/_temp/work/failures/F09/domain-state", "--policy", "/home/runner/work/_temp/work/rt/op/policy.json", "--objects", "/home/runner/work/_temp/work/rt/op/objects"], "fault_env": {}, "exit": 0}
--- stdout
{"action": "delivered", "attempt": 1, "class": "TERMINAL_RESULT", "episode_id": "crypto:episode-1", "result_file": "crypto/results/TASK-05213f01349684f598901bc4788dadf5.8723738b20c0cccb.json", "result_write": "WRITTEN", "status": "RESULT", "task_id": "crypto:TASK-05213f01349684f598901bc4788dadf5"}
--- stderr
{"duration_ms": 205, "event": "job_finished", "job_id": "crypto-research-32af0aeca245d08bfc462923", "level": "INFO", "run_id": "fefb34295858494da3e653c49b0463dc", "run_status": "SUCCEEDED", "service": "predictor_ops", "timestamp": "2026-10-07T23:40:16.908063Z"}
--- end
{"n": 4, "label": "ingest 1", "at": "2026-10-07T23:40:17Z", "seconds": 0.086, "argv": ["/home/runner/work/_temp/work/rt/cain-venv/bin/cain", "research", "ingest", "--domain", "crypto", "--state", "/home/runner/work/_temp/work/failures/F09/cain-state", "--spool", "/home/runner/work/_temp/work/failures/F09/spool"], "fault_env": {}, "exit": 0}
--- stdout
{"action": "ingested", "class": "TERMINAL_RESULT", "fact": "fact:6df7cf35e52b4f39ac69f5dec03b12d0", "file": "TASK-05213f01349684f598901bc4788dadf5.8723738b20c0cccb.json", "status": "RESULT", "task_id": "crypto:TASK-05213f01349684f598901bc4788dadf5"}
--- stderr
--- end
{"n": 5, "label": "ingest redelivery", "at": "2026-10-07T23:40:17Z", "seconds": 0.078, "argv": ["/home/runner/work/_temp/work/rt/cain-venv/bin/cain", "research", "ingest", "--domain", "crypto", "--state", "/home/runner/work/_temp/work/failures/F09/cain-state", "--spool", "/home/runner/work/_temp/work/failures/F09/spool"], "fault_env": {}, "exit": 0}
--- stdout
{"action": "duplicate", "file": "TASK-05213f01349684f598901bc4788dadf5.8723738b20c0cccb.json"}
{"action": "duplicate", "file": "redelivered-TASK-05213f01349684f598901bc4788dadf5.8723738b20c0cccb.json"}
--- stderr
--- end
{"n": 6, "label": "no second fact", "at": "2026-10-07T23:40:17Z", "seconds": 0.078, "argv": ["/home/runner/work/_temp/work/rt/cain-venv/bin/cain", "research", "episodes", "--domain", "crypto", "--state", "/home/runner/work/_temp/work/failures/F09/cain-state"], "fault_env": {}, "exit": 0}
--- stdout
{"domain": "crypto", "episodes": [{"as_of": "2026-10-07T23:40:16Z", "decision": "ALLOW", "number": 1, "outbox": {"dispatches": 1, "retries_requested": 0, "status": "PUBLISHED", "task_id": "crypto:TASK-05213f01349684f598901bc4788dadf5"}, "proposal_id": "cain:FM-F09-1", "reason_code": "ALLOWED", "receipt_sha256": "4b7f1417459fe6bd8b461b8eb7ec4f53c20896ac93127f4f3d6b6aa54281bfd5", "source": "operator", "task_id": "crypto:TASK-05213f01349684f598901bc4788dadf5"}], "inbox": [{"class": "TERMINAL_RESULT", "fact_id": "fact:6df7cf35e52b4f39ac69f5dec03b12d0", "payload_sha256": "2cf7bd16b1d1ce640b94eaa5847083dbd9cbd529cd1a6f66cf2ea5ef0573d2af", "status": "RESULT", "task_id": "crypto:TASK-05213f01349684f598901bc4788dadf5"}], "memory": {"broken_at": null, "cube": "crypto", "facts": 1, "log": "shared across domains", "projection": "consistent", "status": "intact"}, "rejections": []}
--- stderr
--- end
