{"n": 1, "label": "propose 01-supported", "at": "2026-09-28T01:31:25Z", "seconds": 0.165, "argv": ["/home/runner/work/_temp/work/rt/cain-venv/bin/cain", "research", "propose", "--domain", "stocks", "--state", "/home/runner/work/_temp/work/isolation/contradiction/cain-state", "--proposal", "/home/runner/work/predictor-qualification/predictor-qualification/qualification/integration-stocks/fixtures/proposals/contradiction/01-supported.json", "--as-of", "2026-09-27T00:00:00Z"], "fault_env": {}, "exit": 0}
--- stdout
{"decision": "ALLOW", "episode_id": "stocks:episode-1", "reason_code": "ALLOWED", "receipt_sha256": "06438cc70afcb22b849cff2da66c79b944a87386195d3ad756b71dac6f9f14e7", "rule": "R14", "status": "RECORDED", "task": {"payload_sha256": "402db2ef030e0edaf4433d319f97c60ef85bfe47d729e4440688278979ca53c9", "previous_task_id": null, "task_id": "stocks:TASK-430e98ec9aa29b58665f25f693fbde21"}}
--- stderr
--- end
{"n": 2, "label": "dispatch 01-supported", "at": "2026-09-28T01:31:25Z", "seconds": 0.144, "argv": ["/home/runner/work/_temp/work/rt/cain-venv/bin/cain", "research", "dispatch", "--domain", "stocks", "--state", "/home/runner/work/_temp/work/isolation/contradiction/cain-state", "--spool", "/home/runner/work/_temp/work/isolation/contradiction/spool"], "fault_env": {}, "exit": 0}
--- stdout
{"action": "dispatched", "file": "stocks/tasks/TASK-430e98ec9aa29b58665f25f693fbde21.json", "spool": "WRITTEN", "task_id": "stocks:TASK-430e98ec9aa29b58665f25f693fbde21"}
--- stderr
--- end
{"n": 3, "label": "ingest 01-supported", "at": "2026-09-28T01:31:26Z", "seconds": 0.151, "argv": ["/home/runner/work/_temp/work/rt/cain-venv/bin/cain", "research", "ingest", "--domain", "stocks", "--state", "/home/runner/work/_temp/work/isolation/contradiction/cain-state", "--spool", "/home/runner/work/_temp/work/isolation/contradiction/spool"], "fault_env": {}, "exit": 0}
--- stdout
{"action": "ingested", "class": "TERMINAL_RESULT", "fact": "fact:e40e5b1ac9fc4a9cbe814596fbf24648", "file": "contradiction-supported-result.json", "status": "RESULT", "task_id": "stocks:TASK-430e98ec9aa29b58665f25f693fbde21"}
--- stderr
--- end
{"n": 4, "label": "propose 02-refuted", "at": "2026-09-28T01:31:26Z", "seconds": 0.145, "argv": ["/home/runner/work/_temp/work/rt/cain-venv/bin/cain", "research", "propose", "--domain", "stocks", "--state", "/home/runner/work/_temp/work/isolation/contradiction/cain-state", "--proposal", "/home/runner/work/predictor-qualification/predictor-qualification/qualification/integration-stocks/fixtures/proposals/contradiction/02-refuted.json", "--as-of", "2026-09-27T00:00:00Z"], "fault_env": {}, "exit": 0}
--- stdout
{"decision": "ALLOW", "episode_id": "stocks:episode-2", "reason_code": "ALLOWED", "receipt_sha256": "a7156add3e1d099792dc580237827fbbef4613cff3fac6aef8cb4b0a2a80bb3e", "rule": "R14", "status": "RECORDED", "task": {"payload_sha256": "8ae17e4a27d2eb2b7daa503e641148795312ad2a893fd58b46b6392f42cdb401", "previous_task_id": "stocks:TASK-430e98ec9aa29b58665f25f693fbde21", "task_id": "stocks:TASK-3eaeea0689651ba1be1cd9e207aed9ea"}}
--- stderr
--- end
{"n": 5, "label": "dispatch 02-refuted", "at": "2026-09-28T01:31:26Z", "seconds": 0.142, "argv": ["/home/runner/work/_temp/work/rt/cain-venv/bin/cain", "research", "dispatch", "--domain", "stocks", "--state", "/home/runner/work/_temp/work/isolation/contradiction/cain-state", "--spool", "/home/runner/work/_temp/work/isolation/contradiction/spool"], "fault_env": {}, "exit": 0}
--- stdout
{"action": "dispatched", "file": "stocks/tasks/TASK-3eaeea0689651ba1be1cd9e207aed9ea.json", "spool": "WRITTEN", "task_id": "stocks:TASK-3eaeea0689651ba1be1cd9e207aed9ea"}
--- stderr
--- end
{"n": 6, "label": "ingest 02-refuted", "at": "2026-09-28T01:31:26Z", "seconds": 0.148, "argv": ["/home/runner/work/_temp/work/rt/cain-venv/bin/cain", "research", "ingest", "--domain", "stocks", "--state", "/home/runner/work/_temp/work/isolation/contradiction/cain-state", "--spool", "/home/runner/work/_temp/work/isolation/contradiction/spool"], "fault_env": {}, "exit": 0}
--- stdout
{"action": "ingested", "class": "TERMINAL_RESULT", "fact": "fact:03898e830c874c0bae99ac1f51f0f367", "file": "contradiction-refuted-result.json", "status": "RESULT", "task_id": "stocks:TASK-3eaeea0689651ba1be1cd9e207aed9ea"}
{"action": "duplicate", "file": "contradiction-supported-result.json"}
--- stderr
--- end
{"n": 7, "label": "propose 03-refuted-again", "at": "2026-09-28T01:31:26Z", "seconds": 0.148, "argv": ["/home/runner/work/_temp/work/rt/cain-venv/bin/cain", "research", "propose", "--domain", "stocks", "--state", "/home/runner/work/_temp/work/isolation/contradiction/cain-state", "--proposal", "/home/runner/work/predictor-qualification/predictor-qualification/qualification/integration-stocks/fixtures/proposals/contradiction/03-refuted-again.json", "--as-of", "2026-09-27T00:00:00Z"], "fault_env": {}, "exit": 0}
--- stdout
{"decision": "REQUIRE_HUMAN", "episode_id": "stocks:episode-3", "reason_code": "CONTRADICTION_UNRESOLVED", "receipt_sha256": "9f05ccb74b88949815fb06046e8aef10ed69a1d419ea8be72ebd17b770c69e0c", "rule": "R10", "status": "RECORDED", "task": null}
--- stderr
--- end
{"n": 8, "label": "ingest 03-refuted-again", "at": "2026-09-28T01:31:26Z", "seconds": 0.148, "argv": ["/home/runner/work/_temp/work/rt/cain-venv/bin/cain", "research", "ingest", "--domain", "stocks", "--state", "/home/runner/work/_temp/work/isolation/contradiction/cain-state", "--spool", "/home/runner/work/_temp/work/isolation/contradiction/spool"], "fault_env": {}, "exit": 2}
--- stdout
{"action": "rejected", "code": "TASK_NOT_FOUND", "file": "contradiction-refuted-again-result.json", "reason": "stocks:TASK-5214a6e968e86112113146a1818e1bd6 was not emitted by this CAIN"}
{"action": "duplicate", "file": "contradiction-refuted-result.json"}
{"action": "duplicate", "file": "contradiction-supported-result.json"}
--- stderr
--- end
{"n": 9, "label": "propose 04-after", "at": "2026-09-28T01:31:26Z", "seconds": 0.148, "argv": ["/home/runner/work/_temp/work/rt/cain-venv/bin/cain", "research", "propose", "--domain", "stocks", "--state", "/home/runner/work/_temp/work/isolation/contradiction/cain-state", "--proposal", "/home/runner/work/predictor-qualification/predictor-qualification/qualification/integration-stocks/fixtures/proposals/contradiction/04-after.json", "--as-of", "2026-09-27T00:00:00Z"], "fault_env": {}, "exit": 0}
--- stdout
{"decision": "REQUIRE_HUMAN", "episode_id": "stocks:episode-4", "reason_code": "CONTRADICTION_UNRESOLVED", "receipt_sha256": "0be05746d0027b655b832d6a2913bf4f5ebd4b2f4059f4c4cab3504c8b29026c", "rule": "R10", "status": "RECORDED", "task": null}
--- stderr
--- end
{"n": 10, "label": "episodes contradiction", "at": "2026-09-28T01:31:27Z", "seconds": 0.148, "argv": ["/home/runner/work/_temp/work/rt/cain-venv/bin/cain", "research", "episodes", "--domain", "stocks", "--state", "/home/runner/work/_temp/work/isolation/contradiction/cain-state"], "fault_env": {}, "exit": 0}
--- stdout
{"domain": "stocks", "episodes": [{"as_of": "2026-09-27T00:00:00Z", "decision": "ALLOW", "number": 1, "outbox": {"dispatches": 1, "retries_requested": 0, "status": "PUBLISHED", "task_id": "stocks:TASK-430e98ec9aa29b58665f25f693fbde21"}, "proposal_id": "cain:IS-CONTRA-1", "reason_code": "ALLOWED", "receipt_sha256": "06438cc70afcb22b849cff2da66c79b944a87386195d3ad756b71dac6f9f14e7", "source": "operator", "task_id": "stocks:TASK-430e98ec9aa29b58665f25f693fbde21"}, {"as_of": "2026-09-27T00:00:00Z", "decision": "ALLOW", "number": 2, "outbox": {"dispatches": 1, "retries_requested": 0, "status": "PUBLISHED", "task_id": "stocks:TASK-3eaeea0689651ba1be1cd9e207aed9ea"}, "proposal_id": "cain:IS-CONTRA-2", "reason_code": "ALLOWED", "receipt_sha256": "a7156add3e1d099792dc580237827fbbef4613cff3fac6aef8cb4b0a2a80bb3e", "source": "operator", "task_id": "stocks:TASK-3eaeea0689651ba1be1cd9e207aed9ea"}, {"as_of": "2026-09-27T00:00:00Z", "decision": "REQUIRE_HUMAN", "number": 3, "outbox": null, "proposal_id": "cain:IS-CONTRA-3", "reason_code": "CONTRADICTION_UNRESOLVED", "receipt_sha256": "9f05ccb74b88949815fb06046e8aef10ed69a1d419ea8be72ebd17b770c69e0c", "source": "operator", "task_id": null}, {"as_of": "2026-09-27T00:00:00Z", "decision": "REQUIRE_HUMAN", "number": 4, "outbox": null, "proposal_id": "cain:IS-CONTRA-4", "reason_code": "CONTRADICTION_UNRESOLVED", "receipt_sha256": "0be05746d0027b655b832d6a2913bf4f5ebd4b2f4059f4c4cab3504c8b29026c", "source": "operator", "task_id": null}], "inbox": [{"class": "TERMINAL_RESULT", "fact_id": "fact:e40e5b1ac9fc4a9cbe814596fbf24648", "payload_sha256": "d702651c7ac9abf50d2c8ee5326714efc34388581a704034c5cb615a92520a25", "status": "RESULT", "task_id": "stocks:TASK-430e98ec9aa29b58665f25f693fbde21"}, {"class": "TERMINAL_RESULT", "fact_id": "fact:03898e830c874c0bae99ac1f51f0f367", "payload_sha256": "5f3079a0feb2332201aa65d139b60c75dd4ede1146ec49ec90f1285bd68113a4", "status": "RESULT", "task_id": "stocks:TASK-3eaeea0689651ba1be1cd9e207aed9ea"}], "memory": {"broken_at": null, "entries": 2, "head": "9f7f3287fd797b72903ff0ee93694cd558eaf6ee9671413519338aa5b2e1d1bd", "head_recorded_at": "2026-09-28T01:31:26.482317Z", "projection": "consistent", "status": "intact"}, "rejections": [{"code": "TASK_NOT_FOUND", "file": "contradiction-refuted-again-result.json"}]}
--- stderr
--- end
