{"n": 1, "label": "propose 1", "at": "2026-09-28T13:15:01Z", "seconds": 0.148, "argv": ["/home/runner/work/_temp/work/rt/cain-venv/bin/cain", "research", "propose", "--domain", "crypto", "--state", "/home/runner/work/_temp/work/failures/F14/cain-state", "--proposal", "/home/runner/work/_temp/work/failures/F14/proposals/1.json", "--as-of", "2026-09-28T13:15:00Z"], "fault_env": {}, "exit": 0}
--- stdout
{"decision": "ALLOW", "episode_id": "crypto:episode-1", "reason_code": "ALLOWED", "receipt_sha256": "c0bdb557771f9440ac31cc2633b8113685a38d1ca2c0378493e498fac21807e4", "rule": "R14", "status": "RECORDED", "task": {"payload_sha256": "e9264719e60e131e7f1ba6e1eeccd8c56e211a33f7cdad5c51ed02d44daea2f5", "previous_task_id": null, "task_id": "crypto:TASK-8cc185dd248b575b73d47e1edd7f7c18"}}
--- stderr
--- end
{"n": 2, "label": "dispatch", "at": "2026-09-28T13:15:01Z", "seconds": 0.126, "argv": ["/home/runner/work/_temp/work/rt/cain-venv/bin/cain", "research", "dispatch", "--domain", "crypto", "--state", "/home/runner/work/_temp/work/failures/F14/cain-state", "--spool", "/home/runner/work/_temp/work/failures/F14/spool"], "fault_env": {}, "exit": 0}
--- stdout
{"action": "dispatched", "file": "crypto/tasks/TASK-8cc185dd248b575b73d47e1edd7f7c18.json", "spool": "WRITTEN", "task_id": "crypto:TASK-8cc185dd248b575b73d47e1edd7f7c18"}
--- stderr
--- end
{"n": 3, "label": "consumer with Ops worker crash", "at": "2026-09-28T13:15:01Z", "seconds": 0.348, "argv": ["/home/runner/work/_temp/work/rt/consumer-venv/bin/predictor-research-consumer", "--domain", "crypto", "--spool", "/home/runner/work/_temp/work/failures/F14/spool", "--ledger", "/home/runner/work/_temp/work/failures/F14/consumer/ledger.sqlite", "--state", "/home/runner/work/_temp/work/failures/F14/domain-state", "--policy", "/home/runner/work/_temp/work/rt/op/policy.json", "--objects", "/home/runner/work/_temp/work/rt/op/objects"], "fault_env": {"CRIPTO_RESEARCH_FAULT": "ops_worker_crash"}, "exit": 0}
--- stdout
{"action": "delivered", "attempt": 1, "class": "RETRYABLE", "episode_id": "crypto:episode-1", "result_file": "crypto/results/TASK-8cc185dd248b575b73d47e1edd7f7c18.ff386e8cdb03d2da.json", "result_write": "WRITTEN", "status": "OPS_FAILED_RETRYABLE", "task_id": "crypto:TASK-8cc185dd248b575b73d47e1edd7f7c18"}
--- stderr
{"duration_ms": 108, "event": "job_finished", "job_id": "crypto-research-f806680cf9de3c4b5c101d00", "level": "INFO", "run_id": "cc4989a8109e413eb8d9eaacb2bc6022", "run_status": "FAILED", "service": "predictor_ops", "timestamp": "2026-09-28T13:15:01.505530Z"}
--- end
{"n": 4, "label": "ingest retryable", "at": "2026-09-28T13:15:01Z", "seconds": 0.127, "argv": ["/home/runner/work/_temp/work/rt/cain-venv/bin/cain", "research", "ingest", "--domain", "crypto", "--state", "/home/runner/work/_temp/work/failures/F14/cain-state", "--spool", "/home/runner/work/_temp/work/failures/F14/spool"], "fault_env": {}, "exit": 0}
--- stdout
{"action": "ingested", "class": "RETRYABLE", "fact": null, "file": "TASK-8cc185dd248b575b73d47e1edd7f7c18.ff386e8cdb03d2da.json", "status": "OPS_FAILED_RETRYABLE", "task_id": "crypto:TASK-8cc185dd248b575b73d47e1edd7f7c18"}
--- stderr
--- end
{"n": 5, "label": "propose 2", "at": "2026-09-28T13:15:01Z", "seconds": 0.126, "argv": ["/home/runner/work/_temp/work/rt/cain-venv/bin/cain", "research", "propose", "--domain", "crypto", "--state", "/home/runner/work/_temp/work/failures/F14/cain-state", "--proposal", "/home/runner/work/_temp/work/failures/F14/proposals/2.json", "--as-of", "2026-09-28T13:15:01Z"], "fault_env": {}, "exit": 0}
--- stdout
{"decision": "ABSTAIN", "episode_id": "crypto:episode-2", "reason_code": "OPEN_TASK_PENDING", "receipt_sha256": "328b0eb8f38eda620c5a356804afea3ecfeea06056209b53d7ce3834fdc4b896", "rule": "R12", "status": "RECORDED", "task": null}
--- stderr
--- end
{"n": 6, "label": "episodes", "at": "2026-09-28T13:15:01Z", "seconds": 0.123, "argv": ["/home/runner/work/_temp/work/rt/cain-venv/bin/cain", "research", "episodes", "--domain", "crypto", "--state", "/home/runner/work/_temp/work/failures/F14/cain-state"], "fault_env": {}, "exit": 0}
--- stdout
{"domain": "crypto", "episodes": [{"as_of": "2026-09-28T13:15:00Z", "decision": "ALLOW", "number": 1, "outbox": {"dispatches": 1, "retries_requested": 0, "status": "PUBLISHED", "task_id": "crypto:TASK-8cc185dd248b575b73d47e1edd7f7c18"}, "proposal_id": "cain:FM-F14-1", "reason_code": "ALLOWED", "receipt_sha256": "c0bdb557771f9440ac31cc2633b8113685a38d1ca2c0378493e498fac21807e4", "source": "operator", "task_id": "crypto:TASK-8cc185dd248b575b73d47e1edd7f7c18"}, {"as_of": "2026-09-28T13:15:01Z", "decision": "ABSTAIN", "number": 2, "outbox": null, "proposal_id": "cain:FM-F14-2", "reason_code": "OPEN_TASK_PENDING", "receipt_sha256": "328b0eb8f38eda620c5a356804afea3ecfeea06056209b53d7ce3834fdc4b896", "source": "operator", "task_id": null}], "inbox": [{"class": "RETRYABLE", "fact_id": null, "payload_sha256": null, "status": "OPS_FAILED_RETRYABLE", "task_id": "crypto:TASK-8cc185dd248b575b73d47e1edd7f7c18"}], "memory": {"broken_at": null, "entries": 0, "head": "cain-memory-log/1", "head_recorded_at": null, "projection": "consistent", "status": "intact"}, "rejections": []}
--- stderr
--- end
{"n": 7, "label": "retry", "at": "2026-09-28T13:15:02Z", "seconds": 0.124, "argv": ["/home/runner/work/_temp/work/rt/cain-venv/bin/cain", "research", "retry", "--domain", "crypto", "--state", "/home/runner/work/_temp/work/failures/F14/cain-state", "--spool", "/home/runner/work/_temp/work/failures/F14/spool", "--task-id", "crypto:TASK-8cc185dd248b575b73d47e1edd7f7c18"], "fault_env": {}, "exit": 0}
--- stdout
{"action": "retry_requested", "attempt": 1, "file": "crypto/retries/TASK-8cc185dd248b575b73d47e1edd7f7c18.1.json", "task_id": "crypto:TASK-8cc185dd248b575b73d47e1edd7f7c18"}
--- stderr
--- end
{"n": 8, "label": "consumer after retry", "at": "2026-09-28T13:15:02Z", "seconds": 0.438, "argv": ["/home/runner/work/_temp/work/rt/consumer-venv/bin/predictor-research-consumer", "--domain", "crypto", "--spool", "/home/runner/work/_temp/work/failures/F14/spool", "--ledger", "/home/runner/work/_temp/work/failures/F14/consumer/ledger.sqlite", "--state", "/home/runner/work/_temp/work/failures/F14/domain-state", "--policy", "/home/runner/work/_temp/work/rt/op/policy.json", "--objects", "/home/runner/work/_temp/work/rt/op/objects"], "fault_env": {}, "exit": 0}
--- stdout
{"action": "delivered", "attempt": 2, "class": "TERMINAL_RESULT", "episode_id": "crypto:episode-1", "result_file": "crypto/results/TASK-8cc185dd248b575b73d47e1edd7f7c18.88e5bf85babc96f4.json", "result_write": "WRITTEN", "status": "RESULT", "task_id": "crypto:TASK-8cc185dd248b575b73d47e1edd7f7c18"}
--- stderr
{"duration_ms": 207, "event": "job_finished", "job_id": "crypto-research-f806680cf9de3c4b5c101d00", "level": "INFO", "run_id": "56956cfee9134878b5450a02a6d7ebd9", "run_status": "SUCCEEDED", "service": "predictor_ops", "timestamp": "2026-09-28T13:15:02.431914Z"}
--- end
{"n": 9, "label": "ingest after retry", "at": "2026-09-28T13:15:02Z", "seconds": 0.134, "argv": ["/home/runner/work/_temp/work/rt/cain-venv/bin/cain", "research", "ingest", "--domain", "crypto", "--state", "/home/runner/work/_temp/work/failures/F14/cain-state", "--spool", "/home/runner/work/_temp/work/failures/F14/spool"], "fault_env": {}, "exit": 0}
--- stdout
{"action": "ingested", "class": "TERMINAL_RESULT", "fact": "fact:b0a6aee9fcfc4f06a047f4fa2fd3af60", "file": "TASK-8cc185dd248b575b73d47e1edd7f7c18.88e5bf85babc96f4.json", "status": "RESULT", "task_id": "crypto:TASK-8cc185dd248b575b73d47e1edd7f7c18"}
{"action": "duplicate", "file": "TASK-8cc185dd248b575b73d47e1edd7f7c18.ff386e8cdb03d2da.json"}
--- stderr
--- end
{"n": 10, "label": "one RESULT after the retry", "at": "2026-09-28T13:15:02Z", "seconds": 0.125, "argv": ["/home/runner/work/_temp/work/rt/cain-venv/bin/cain", "research", "episodes", "--domain", "crypto", "--state", "/home/runner/work/_temp/work/failures/F14/cain-state"], "fault_env": {}, "exit": 0}
--- stdout
{"domain": "crypto", "episodes": [{"as_of": "2026-09-28T13:15:00Z", "decision": "ALLOW", "number": 1, "outbox": {"dispatches": 1, "retries_requested": 1, "status": "PUBLISHED", "task_id": "crypto:TASK-8cc185dd248b575b73d47e1edd7f7c18"}, "proposal_id": "cain:FM-F14-1", "reason_code": "ALLOWED", "receipt_sha256": "c0bdb557771f9440ac31cc2633b8113685a38d1ca2c0378493e498fac21807e4", "source": "operator", "task_id": "crypto:TASK-8cc185dd248b575b73d47e1edd7f7c18"}, {"as_of": "2026-09-28T13:15:01Z", "decision": "ABSTAIN", "number": 2, "outbox": null, "proposal_id": "cain:FM-F14-2", "reason_code": "OPEN_TASK_PENDING", "receipt_sha256": "328b0eb8f38eda620c5a356804afea3ecfeea06056209b53d7ce3834fdc4b896", "source": "operator", "task_id": null}], "inbox": [{"class": "TERMINAL_RESULT", "fact_id": "fact:b0a6aee9fcfc4f06a047f4fa2fd3af60", "payload_sha256": "079e87065852704a9e923d01c87d43e7710b9f76a37ff5845a976401234e43f4", "status": "RESULT", "task_id": "crypto:TASK-8cc185dd248b575b73d47e1edd7f7c18"}, {"class": "RETRYABLE", "fact_id": null, "payload_sha256": null, "status": "OPS_FAILED_RETRYABLE", "task_id": "crypto:TASK-8cc185dd248b575b73d47e1edd7f7c18"}], "memory": {"broken_at": null, "entries": 1, "head": "9f10fcaf9d1cd31aec69db6266c8de7226261f56509e8dbe7d80c7c6df4b030a", "head_recorded_at": "2026-09-28T13:15:02.589342Z", "projection": "consistent", "status": "intact"}, "rejections": []}
--- stderr
--- end
