Using CPython 3.13.14
Creating virtual environment at: .venv
Resolved 24 packages in 119ms
   Building stocks-predictor @ file:///C:/Users/runneradmin/AppData/Local/Temp/tmp.H3bzDnAgDF/src
Downloading pygments (1.2MiB)
Downloading pyright (5.9MiB)
Downloading pydantic-core (1.9MiB)
Downloading ruff (10.0MiB)
 Downloaded pydantic-core
 Downloaded ruff
 Downloaded pygments
      Built stocks-predictor @ file:///C:/Users/runneradmin/AppData/Local/Temp/tmp.H3bzDnAgDF/src
 Downloaded pyright
Prepared 22 packages in 2.57s
warning: Failed to hardlink files; falling back to full copy. This may lead to degraded performance.
         If the cache and target directories are on different filesystems, hardlinking may not be supported.
         If this is intentional, set `export UV_LINK_MODE=copy` or use `--link-mode=copy` to suppress this warning.
Installed 24 packages in 18.95s
 + annotated-types==0.8.0
 + build==1.6.0
 + colorama==0.4.6
 + coverage==7.16.0
 + iniconfig==2.3.0
 + nodeenv==1.10.0
 + packaging==26.3
 + pluggy==1.6.0
 + predictor-core==3.2.1 (from https://github.com/leonardosovienski/core-predictor/releases/download/v3.2.1/predictor_core-3.2.1-py3-none-any.whl)
 + predictor-ops==4.2.2rc1 (from https://github.com/leonardosovienski/predictor-ops/releases/download/v4.2.2rc1/predictor_ops-4.2.2rc1-py3-none-any.whl)
 + pydantic==2.13.5
 + pydantic-core==2.46.5
 + pydantic-settings==2.15.0
 + pygments==2.21.0
 + pyproject-hooks==1.2.0
 + pyright==1.1.411
 + pytest==9.1.1
 + python-dotenv==1.2.3
 + pyyaml==6.0.3
 + ruff==0.16.5
 + stocks-predictor==0.3.0rc1 (from file:///C:/Users/runneradmin/AppData/Local/Temp/tmp.H3bzDnAgDF/src)
 + typing-extensions==4.16.0
 + typing-inspection==0.4.4
 + tzdata==2026.4
[exit 0]
