$ (cwd=None) /home/runner/work/_temp/tools/uv/uv pip install --python /home/runner/work/_temp/cleanroom/core-predictor/venv-published/bin/python --require-hashes --no-deps -r /home/runner/work/_temp/cleanroom/core-predictor/lock-requirements.filtered.txt
Using Python 3.13.15 environment at: /home/runner/work/_temp/cleanroom/core-predictor/venv-published
Resolved 35 packages in 209ms
Downloading pygments (1.2MiB)
Downloading pyright (5.9MiB)
Downloading pydantic-core (2.0MiB)
Downloading virtualenv (5.2MiB)
Downloading ruff (10.9MiB)
Downloading curl-cffi (12.8MiB)
 Downloaded pydantic-core
 Downloaded pygments
 Downloaded virtualenv
 Downloaded ruff
 Downloaded curl-cffi
 Downloaded pyright
Prepared 34 packages in 364ms
Installed 35 packages in 123ms
 + annotated-types==0.8.0
 + anyio==4.14.2
 + build==1.5.0
 + certifi==2026.7.22
 + cffi==2.1.0
 + cfgv==3.5.0
 + coverage==7.15.2
 + curl-cffi==0.16.0
 + distlib==0.4.3
 + filelock==3.32.2
 + h11==0.16.0
 + httpcore==1.0.9
 + httpx==0.28.1
 + identify==2.6.19
 + idna==3.18
 + iniconfig==2.3.0
 + nodeenv==1.10.0
 + packaging==26.2
 + platformdirs==4.11.0
 + pluggy==1.6.0
 + pre-commit==4.6.1
 + pycparser==3.0
 + pydantic==2.13.4
 + pydantic-core==2.46.4
 + pygments==2.20.0
 + pyproject-hooks==1.2.0
 + pyright==1.1.411
 + pytest==9.0.3
 + pytest-cov==6.3.0
 + python-discovery==1.5.1
 + pyyaml==6.0.3
 + ruff==0.16.1
 + typing-extensions==4.16.0
 + typing-inspection==0.4.2
 + virtualenv==21.7.1

[exit 0]
