{"n": 1, "label": "crypto propose", "at": "2026-09-30T00:35:56Z", "seconds": 0.139, "argv": ["/home/runner/work/_temp/work/rt/cain-venv/bin/cain", "research", "propose", "--domain", "crypto", "--state", "/home/runner/work/_temp/work/n1/crypto-cycle/cain-state", "--proposal", "/home/runner/work/predictor-qualification/predictor-qualification/qualification/integration-crypto/fixtures/proposals/e2e/01-allow.json", "--as-of", "2026-09-30T00:35:56Z"], "fault_env": {}, "exit": 0}
--- stdout
{"decision": "ALLOW", "episode_id": "crypto:episode-1", "reason_code": "ALLOWED", "receipt_sha256": "21357f761395d5cb1e50ce3e4efd172963c34f8579c18f9c979965b4b7e60ec2", "rule": "R14", "status": "RECORDED", "task": {"payload_sha256": "5fe20eb7b93d743530485cae313699a24e6bde31926371024ff20b8d3ef89beb", "previous_task_id": null, "task_id": "crypto:TASK-02bf95b3940c9a226f8a9ae2a37a11a3"}}
--- stderr
--- end
{"n": 2, "label": "crypto dispatch", "at": "2026-09-30T00:35:56Z", "seconds": 0.12, "argv": ["/home/runner/work/_temp/work/rt/cain-venv/bin/cain", "research", "dispatch", "--domain", "crypto", "--state", "/home/runner/work/_temp/work/n1/crypto-cycle/cain-state", "--spool", "/home/runner/work/_temp/work/n1/crypto-cycle/spool"], "fault_env": {}, "exit": 0}
--- stdout
{"action": "dispatched", "file": "crypto/tasks/TASK-02bf95b3940c9a226f8a9ae2a37a11a3.json", "spool": "WRITTEN", "task_id": "crypto:TASK-02bf95b3940c9a226f8a9ae2a37a11a3"}
--- stderr
--- end
{"n": 3, "label": "crypto consumer", "at": "2026-09-30T00:35:57Z", "seconds": 0.443, "argv": ["/home/runner/work/_temp/work/rt/crypto-venv/bin/predictor-research-consumer", "--domain", "crypto", "--spool", "/home/runner/work/_temp/work/n1/crypto-cycle/spool", "--ledger", "/home/runner/work/_temp/work/n1/crypto-cycle/consumer/ledger.sqlite", "--state", "/home/runner/work/_temp/work/n1/crypto-cycle/domain-state", "--policy", "/home/runner/work/_temp/work/rt/crypto-op/policy.json", "--objects", "/home/runner/work/_temp/work/rt/crypto-op/objects"], "fault_env": {}, "exit": 0}
--- stdout
{"action": "delivered", "attempt": 1, "class": "TERMINAL_RESULT", "episode_id": "crypto:episode-1", "result_file": "crypto/results/TASK-02bf95b3940c9a226f8a9ae2a37a11a3.6573d336a023df96.json", "result_write": "WRITTEN", "status": "RESULT", "task_id": "crypto:TASK-02bf95b3940c9a226f8a9ae2a37a11a3"}
--- stderr
{"duration_ms": 206, "event": "job_finished", "job_id": "crypto-research-159fdfb2ad2ccd8f8d612a36", "level": "INFO", "run_id": "b02a7586c09241bd8fb85c95079c7982", "run_status": "SUCCEEDED", "service": "predictor_ops", "timestamp": "2026-09-30T00:35:57.099870Z"}
--- end
{"n": 4, "label": "crypto ingest", "at": "2026-09-30T00:35:57Z", "seconds": 0.127, "argv": ["/home/runner/work/_temp/work/rt/cain-venv/bin/cain", "research", "ingest", "--domain", "crypto", "--state", "/home/runner/work/_temp/work/n1/crypto-cycle/cain-state", "--spool", "/home/runner/work/_temp/work/n1/crypto-cycle/spool"], "fault_env": {}, "exit": 0}
--- stdout
{"action": "ingested", "class": "TERMINAL_RESULT", "fact": "fact:cc8a52449e014810a11cc15da64dcf05", "file": "TASK-02bf95b3940c9a226f8a9ae2a37a11a3.6573d336a023df96.json", "status": "RESULT", "task_id": "crypto:TASK-02bf95b3940c9a226f8a9ae2a37a11a3"}
--- stderr
--- end
