{"n": 1, "label": "propose 1", "at": "2026-10-07T22:35:23Z", "seconds": 0.146, "argv": ["/home/runner/work/_temp/work/rt/cain-venv/bin/cain", "research", "propose", "--domain", "crypto", "--state", "/home/runner/work/_temp/work/failures/F10/cain-state", "--proposal", "/home/runner/work/_temp/work/failures/F10/proposals/1.json", "--as-of", "2026-10-07T22:35:23Z"], "fault_env": {}, "exit": 0}
--- stdout
{"decision": "ALLOW", "episode_id": "crypto:episode-1", "reason_code": "ALLOWED", "receipt_sha256": "4715090f6900ef5bb1f7a2b526409d192b2e4f7ba5be0ff510bd930f37473f04", "rule": "R14", "status": "RECORDED", "task": {"payload_sha256": "ce064b16fa538de60597686adf880d881b14115b153843de12de0d6bd11ba0ed", "previous_task_id": null, "task_id": "crypto:TASK-1f666f0d35938548f5d439a6e3d46a98"}}
--- stderr
--- end
{"n": 2, "label": "dispatch 1", "at": "2026-10-07T22:35:23Z", "seconds": 0.118, "argv": ["/home/runner/work/_temp/work/rt/cain-venv/bin/cain", "research", "dispatch", "--domain", "crypto", "--state", "/home/runner/work/_temp/work/failures/F10/cain-state", "--spool", "/home/runner/work/_temp/work/failures/F10/spool"], "fault_env": {}, "exit": 0}
--- stdout
{"action": "dispatched", "file": "crypto/tasks/TASK-1f666f0d35938548f5d439a6e3d46a98.json", "spool": "WRITTEN", "task_id": "crypto:TASK-1f666f0d35938548f5d439a6e3d46a98"}
--- stderr
--- end
{"n": 3, "label": "consumer 1", "at": "2026-10-07T22:35:23Z", "seconds": 0.452, "argv": ["/home/runner/work/_temp/work/rt/consumer-venv/bin/predictor-research-consumer", "--domain", "crypto", "--spool", "/home/runner/work/_temp/work/failures/F10/spool", "--ledger", "/home/runner/work/_temp/work/failures/F10/consumer/ledger.sqlite", "--state", "/home/runner/work/_temp/work/failures/F10/domain-state", "--policy", "/home/runner/work/_temp/work/rt/op/policy.json", "--objects", "/home/runner/work/_temp/work/rt/op/objects"], "fault_env": {}, "exit": 0}
--- stdout
{"action": "delivered", "attempt": 1, "class": "TERMINAL_RESULT", "episode_id": "crypto:episode-1", "result_file": "crypto/results/TASK-1f666f0d35938548f5d439a6e3d46a98.53e26f0e4fde54ee.json", "result_write": "WRITTEN", "status": "RESULT", "task_id": "crypto:TASK-1f666f0d35938548f5d439a6e3d46a98"}
--- stderr
{"duration_ms": 207, "event": "job_finished", "job_id": "crypto-research-bca9359f740d7b5bfec01948", "level": "INFO", "run_id": "e62053e6dcc54b60a6aeb35b4f2851bf", "run_status": "SUCCEEDED", "service": "predictor_ops", "timestamp": "2026-10-07T22:35:23.771258Z"}
--- end
{"n": 4, "label": "ingest 1", "at": "2026-10-07T22:35:23Z", "seconds": 0.122, "argv": ["/home/runner/work/_temp/work/rt/cain-venv/bin/cain", "research", "ingest", "--domain", "crypto", "--state", "/home/runner/work/_temp/work/failures/F10/cain-state", "--spool", "/home/runner/work/_temp/work/failures/F10/spool"], "fault_env": {}, "exit": 0}
--- stdout
{"action": "ingested", "class": "TERMINAL_RESULT", "fact": "fact:f62735686e454d9d997df5e345a7c526", "file": "TASK-1f666f0d35938548f5d439a6e3d46a98.53e26f0e4fde54ee.json", "status": "RESULT", "task_id": "crypto:TASK-1f666f0d35938548f5d439a6e3d46a98"}
--- stderr
--- end
{"n": 5, "label": "propose 2", "at": "2026-10-07T22:35:24Z", "seconds": 0.124, "argv": ["/home/runner/work/_temp/work/rt/cain-venv/bin/cain", "research", "propose", "--domain", "crypto", "--state", "/home/runner/work/_temp/work/failures/F10/cain-state", "--proposal", "/home/runner/work/_temp/work/failures/F10/proposals/2.json", "--as-of", "2026-10-07T22:35:23Z"], "fault_env": {}, "exit": 0}
--- stdout
{"decision": "ALLOW", "episode_id": "crypto:episode-2", "reason_code": "ALLOWED", "receipt_sha256": "f11f423e5ea190c4055083857f7ac3563c21db4382dd39aabd3b2dff0adacb15", "rule": "R14", "status": "RECORDED", "task": {"payload_sha256": "a38c93f30d71d4c7310235f560be21527e7b8720629cfc79ba855184c44c4fd2", "previous_task_id": "crypto:TASK-1f666f0d35938548f5d439a6e3d46a98", "task_id": "crypto:TASK-fe0d545866305674f36a15ffb165643c"}}
--- stderr
--- end
{"n": 6, "label": "dispatch 2", "at": "2026-10-07T22:35:24Z", "seconds": 0.117, "argv": ["/home/runner/work/_temp/work/rt/cain-venv/bin/cain", "research", "dispatch", "--domain", "crypto", "--state", "/home/runner/work/_temp/work/failures/F10/cain-state", "--spool", "/home/runner/work/_temp/work/failures/F10/spool"], "fault_env": {}, "exit": 0}
--- stdout
{"action": "dispatched", "file": "crypto/tasks/TASK-fe0d545866305674f36a15ffb165643c.json", "spool": "WRITTEN", "task_id": "crypto:TASK-fe0d545866305674f36a15ffb165643c"}
--- stderr
--- end
{"n": 7, "label": "consumer 2", "at": "2026-10-07T22:35:24Z", "seconds": 0.437, "argv": ["/home/runner/work/_temp/work/rt/consumer-venv/bin/predictor-research-consumer", "--domain", "crypto", "--spool", "/home/runner/work/_temp/work/failures/F10/spool", "--ledger", "/home/runner/work/_temp/work/failures/F10/consumer/ledger.sqlite", "--state", "/home/runner/work/_temp/work/failures/F10/domain-state", "--policy", "/home/runner/work/_temp/work/rt/op/policy.json", "--objects", "/home/runner/work/_temp/work/rt/op/objects"], "fault_env": {}, "exit": 0}
--- stdout
{"action": "skipped", "episode_id": "crypto:episode-1", "state": "TERMINAL_RESULT", "status": "RESULT", "task_id": "crypto:TASK-1f666f0d35938548f5d439a6e3d46a98"}
{"action": "delivered", "attempt": 1, "class": "TERMINAL_RESULT", "episode_id": "crypto:episode-2", "result_file": "crypto/results/TASK-fe0d545866305674f36a15ffb165643c.5ce82a572ffc22fe.json", "result_write": "WRITTEN", "status": "RESULT", "task_id": "crypto:TASK-fe0d545866305674f36a15ffb165643c"}
--- stderr
{"duration_ms": 207, "event": "job_finished", "job_id": "crypto-research-1ebff4745edc7c3fda22c3a0", "level": "INFO", "run_id": "89aff8d3e8d145958806e03ce6e43b9e", "run_status": "SUCCEEDED", "service": "predictor_ops", "timestamp": "2026-10-07T22:35:24.572943Z"}
--- end
{"n": 8, "label": "ingest out of order", "at": "2026-10-07T22:35:24Z", "seconds": 0.126, "argv": ["/home/runner/work/_temp/work/rt/cain-venv/bin/cain", "research", "ingest", "--domain", "crypto", "--state", "/home/runner/work/_temp/work/failures/F10/cain-state", "--spool", "/home/runner/work/_temp/work/failures/F10/spool"], "fault_env": {}, "exit": 0}
--- stdout
{"action": "duplicate", "file": "00-late-TASK-1f666f0d35938548f5d439a6e3d46a98.53e26f0e4fde54ee.json"}
{"action": "duplicate", "file": "TASK-1f666f0d35938548f5d439a6e3d46a98.53e26f0e4fde54ee.json"}
{"action": "ingested", "class": "TERMINAL_RESULT", "fact": "fact:5ff2ae2c3e3542ec8ea16f18027d2d50", "file": "TASK-fe0d545866305674f36a15ffb165643c.5ce82a572ffc22fe.json", "status": "RESULT", "task_id": "crypto:TASK-fe0d545866305674f36a15ffb165643c"}
--- stderr
--- end
{"n": 9, "label": "episodes", "at": "2026-10-07T22:35:24Z", "seconds": 0.116, "argv": ["/home/runner/work/_temp/work/rt/cain-venv/bin/cain", "research", "episodes", "--domain", "crypto", "--state", "/home/runner/work/_temp/work/failures/F10/cain-state"], "fault_env": {}, "exit": 0}
--- stdout
{"domain": "crypto", "episodes": [{"as_of": "2026-10-07T22:35:23Z", "decision": "ALLOW", "number": 1, "outbox": {"dispatches": 1, "retries_requested": 0, "status": "PUBLISHED", "task_id": "crypto:TASK-1f666f0d35938548f5d439a6e3d46a98"}, "proposal_id": "cain:FM-F10-1", "reason_code": "ALLOWED", "receipt_sha256": "4715090f6900ef5bb1f7a2b526409d192b2e4f7ba5be0ff510bd930f37473f04", "source": "operator", "task_id": "crypto:TASK-1f666f0d35938548f5d439a6e3d46a98"}, {"as_of": "2026-10-07T22:35:23Z", "decision": "ALLOW", "number": 2, "outbox": {"dispatches": 1, "retries_requested": 0, "status": "PUBLISHED", "task_id": "crypto:TASK-fe0d545866305674f36a15ffb165643c"}, "proposal_id": "cain:FM-F10-2", "reason_code": "ALLOWED", "receipt_sha256": "f11f423e5ea190c4055083857f7ac3563c21db4382dd39aabd3b2dff0adacb15", "source": "operator", "task_id": "crypto:TASK-fe0d545866305674f36a15ffb165643c"}], "inbox": [{"class": "TERMINAL_RESULT", "fact_id": "fact:f62735686e454d9d997df5e345a7c526", "payload_sha256": "25b4c83c412d708e27c972d39ba8c2ec3d0169f783aa712143e51655efc739d0", "status": "RESULT", "task_id": "crypto:TASK-1f666f0d35938548f5d439a6e3d46a98"}, {"class": "TERMINAL_RESULT", "fact_id": "fact:5ff2ae2c3e3542ec8ea16f18027d2d50", "payload_sha256": "3b593d95e3d535fc19a879adbb9cc1cc77f8d8c5a91c676105a035be4ef05b68", "status": "RESULT", "task_id": "crypto:TASK-fe0d545866305674f36a15ffb165643c"}], "memory": {"broken_at": null, "cube": "crypto", "facts": 2, "log": "shared across domains", "projection": "consistent", "status": "intact"}, "rejections": []}
--- stderr
--- end
{"n": 10, "label": "two tasks, two results", "at": "2026-10-07T22:35:24Z", "seconds": 0.117, "argv": ["/home/runner/work/_temp/work/rt/cain-venv/bin/cain", "research", "episodes", "--domain", "crypto", "--state", "/home/runner/work/_temp/work/failures/F10/cain-state"], "fault_env": {}, "exit": 0}
--- stdout
{"domain": "crypto", "episodes": [{"as_of": "2026-10-07T22:35:23Z", "decision": "ALLOW", "number": 1, "outbox": {"dispatches": 1, "retries_requested": 0, "status": "PUBLISHED", "task_id": "crypto:TASK-1f666f0d35938548f5d439a6e3d46a98"}, "proposal_id": "cain:FM-F10-1", "reason_code": "ALLOWED", "receipt_sha256": "4715090f6900ef5bb1f7a2b526409d192b2e4f7ba5be0ff510bd930f37473f04", "source": "operator", "task_id": "crypto:TASK-1f666f0d35938548f5d439a6e3d46a98"}, {"as_of": "2026-10-07T22:35:23Z", "decision": "ALLOW", "number": 2, "outbox": {"dispatches": 1, "retries_requested": 0, "status": "PUBLISHED", "task_id": "crypto:TASK-fe0d545866305674f36a15ffb165643c"}, "proposal_id": "cain:FM-F10-2", "reason_code": "ALLOWED", "receipt_sha256": "f11f423e5ea190c4055083857f7ac3563c21db4382dd39aabd3b2dff0adacb15", "source": "operator", "task_id": "crypto:TASK-fe0d545866305674f36a15ffb165643c"}], "inbox": [{"class": "TERMINAL_RESULT", "fact_id": "fact:f62735686e454d9d997df5e345a7c526", "payload_sha256": "25b4c83c412d708e27c972d39ba8c2ec3d0169f783aa712143e51655efc739d0", "status": "RESULT", "task_id": "crypto:TASK-1f666f0d35938548f5d439a6e3d46a98"}, {"class": "TERMINAL_RESULT", "fact_id": "fact:5ff2ae2c3e3542ec8ea16f18027d2d50", "payload_sha256": "3b593d95e3d535fc19a879adbb9cc1cc77f8d8c5a91c676105a035be4ef05b68", "status": "RESULT", "task_id": "crypto:TASK-fe0d545866305674f36a15ffb165643c"}], "memory": {"broken_at": null, "cube": "crypto", "facts": 2, "log": "shared across domains", "projection": "consistent", "status": "intact"}, "rejections": []}
--- stderr
--- end
