# 2026-09-24T14:15:36Z prova do revert (BR_KICKOFF_ORDERING): só o trecho de ordenação do a51a68d
diff --git a/brasileirao_scripts/backtest_walkforward.py b/brasileirao_scripts/backtest_walkforward.py
index d3ecc84..dc62087 100644
--- a/brasileirao_scripts/backtest_walkforward.py
+++ b/brasileirao_scripts/backtest_walkforward.py
@@ -108,6 +108,8 @@ def run_walkforward(cfg, conn):
     cal_years = cfg["model"].get("calibration_window_years", 4)
 
     rows = db.completed_matches_with_kickoff(conn)
+    # Keep outcomes aligned with the temporal order used by compute_ratings.
+    rows = [row for _key, row in sorted(zip(ratings.temporal_keys(rows), rows), key=lambda item: item[0])]
     if len(rows) < 2 * block_games:
         sys.exit(f"base insuficiente: {len(rows)} jogos < 2 blocos de {block_games}")
 
HEAD is now at 25cdf4d ci(BR-F018): core.longpaths no windows-latest antes do checkout
worktree HEAD 25cdf4d9bb309d33f066fbc6a379f5d98c69f08a
Checking patch brasileirao_scripts/backtest_walkforward.py...
Hunk #1 succeeded at 130 (offset -22 lines).
Applied patch brasileirao_scripts/backtest_walkforward.py cleanly.
revert apply exit=0
diff --git a/brasileirao_scripts/backtest_walkforward.py b/brasileirao_scripts/backtest_walkforward.py
index d6b37fa..1339d13 100644
--- a/brasileirao_scripts/backtest_walkforward.py
+++ b/brasileirao_scripts/backtest_walkforward.py
@@ -130,8 +130,6 @@ def run_walkforward(cfg, conn):
     cal_years = cfg["model"].get("calibration_window_years", 4)
 
     rows = db.completed_matches_with_kickoff(conn)
-    # Keep outcomes aligned with the temporal order used by compute_ratings.
-    rows = [row for _key, row in sorted(zip(ratings.temporal_keys(rows), rows), key=lambda item: item[0])]
     if len(rows) < 2 * block_games:
         sys.exit(f"base insuficiente: {len(rows)} jogos < 2 blocos de {block_games}")
 
== teste com o revert (deve FALHAR)
E         
E         At index 0 diff: '2021-01-01T19:00:00+00:00|kickoff' != '2021-01-01T17:00:00+00:00|kickoff'
E         Use -v to get more diff

tests/test_walkforward_row_contract.py:24: AssertionError
=========================== short test summary info ============================
FAILED tests/test_walkforward_row_contract.py::test_walkforward_preserves_kickoff_and_aligns_ratings
1 failed in 0.93s
== restaurado
status: []
.                                                                        [100%]
1 passed in 0.66s
worktree removido: sim
/home/superleo13/predictors/repos/brasileirao-predictor              e540f97 [main]
/home/superleo13/predictors/work/brasileirao-brasileirao-predictor   04b42c9 (detached HEAD)
/home/superleo13/predictors/work/brasileirao2-brasileirao-predictor  25cdf4d [brasileirao2/br-f018-20260924]
/home/superleo13/predictors/work/teste-brasileirao-predictor         e540f97 (detached HEAD)
== wheel publicada:
403e6a022b10e2b6d05ef1828894bf3ad0b1d049301e3dfce9cf79dc262000ea (= sha256 registrado)
[exit 0]
