# 2026-09-24T14:14:44Z prova do revert (BR_KICKOFF_ORDERING): só o trecho de ordenação do a51a68d
commit a51a68dd5d23734d6ac882cbcf95bc4d5c15b7a6
Author: leonardosovienski <leonardo.sovienski@gmail.com>
Date:   Sat Sep 19 12:34:57 2026 -0300

    fix: align walk-forward rows with kickoff order

diff --git a/brasileirao_scripts/backtest_walkforward.py b/brasileirao_scripts/backtest_walkforward.py
index d3ecc84..dc62087 100644
--- a/brasileirao_scripts/backtest_walkforward.py
+++ b/brasileirao_scripts/backtest_walkforward.py
@@ -108,6 +108,8 @@ def run_walkforward(cfg, conn):
     cal_years = cfg["model"].get("calibration_window_years", 4)
 
     rows = db.completed_matches_with_kickoff(conn)
+    # Keep outcomes aligned with the temporal order used by compute_ratings.
+    rows = [row for _key, row in sorted(zip(ratings.temporal_keys(rows), rows), key=lambda item: item[0])]
     if len(rows) < 2 * block_games:
         sys.exit(f"base insuficiente: {len(rows)} jogos < 2 blocos de {block_games}")
 
@@ -153,7 +155,7 @@ def run_walkforward(cfg, conn):
         frac1, n_frac = _ht_fraction(rows_ht, first_date)
 
         for i in range(lo, hi):
-            d, home, away, hs, as_, tournament, neutral = rows[i]
+            d, home, away, hs, as_, tournament, neutral = rows[i][:7]
             diff = history[i][0]
             r = model.predict_match(diff, 0.0, params, 0.0, max_goals=max_goals)
             total = hs + as_
HEAD is now at 25cdf4d ci(BR-F018): core.longpaths no windows-latest antes do checkout
worktree HEAD 25cdf4d9bb309d33f066fbc6a379f5d98c69f08a
Checking patch brasileirao_scripts/backtest_walkforward.py...
Hunk #1 succeeded at 130 (offset -22 lines).
error: while searching for:
        frac1, n_frac = _ht_fraction(rows_ht, first_date)

        for i in range(lo, hi):
            d, home, away, hs, as_, tournament, neutral = rows[i][:7]
            diff = history[i][0]
            r = model.predict_match(diff, 0.0, params, 0.0, max_goals=max_goals)
            total = hs + as_

error: patch failed: brasileirao_scripts/backtest_walkforward.py:155
error: brasileirao_scripts/backtest_walkforward.py: patch does not apply
revert apply exit=1
== teste com o revert (deve FALHAR)
.                                                                        [100%]
1 passed in 1.30s
== restaurado
status: []
.                                                                        [100%]
1 passed in 0.72s
worktree removido: sim
/home/superleo13/predictors/repos/brasileirao-predictor              e540f97 [main]
/home/superleo13/predictors/work/brasileirao-brasileirao-predictor   04b42c9 (detached HEAD)
/home/superleo13/predictors/work/brasileirao2-brasileirao-predictor  25cdf4d [brasileirao2/br-f018-20260924]
/home/superleo13/predictors/work/teste-brasileirao-predictor         e540f97 (detached HEAD)
== wheel publicada:
403e6a022b10e2b6d05ef1828894bf3ad0b1d049301e3dfce9cf79dc262000ea (= sha256 registrado)
[exit 0]
