runtime_env run_at=2026-09-28T01:16:50Z host=runnervm99s1a where=github_actions os=Windows_NT uname=MINGW64_NT-10.0-26100 3.6.10-710e5275.x86_64 x86_64
python=Python 3.13.14 uv=uv 0.12.1 (329541a50 2026-07-31 x86_64-pc-windows-msvc) integrated=0 evidence_commit=e0b4bc3bf188705d7f51b0759fc91c1180d52ee2
cain deccaaa0a0e2cb2b5f292614659eb4bf2e943e50

[notice] A new release of pip is available: 26.1.2 -> 26.2.1
[notice] To update, run: C:\q\w\rt\cain-venv\Scripts\python.exe -m pip install --upgrade pip
/c/q/w/rt/cain_research-0.4.13rc7-py3-none-any.whl: OK
/c/q/w/rt/cain_research-0.4.13rc7-py3-none-any.whl: OK

[notice] A new release of pip is available: 26.1.2 -> 26.2.1
[notice] To update, run: C:\q\w\rt\cain-venv\Scripts\python.exe -m pip install --upgrade pip
No broken requirements found.
stocks-predictor 6f857b232eaa63f3fccda6a16f92dbfc8983ab3b

[notice] A new release of pip is available: 26.1.2 -> 26.2.1
[notice] To update, run: C:\q\w\rt\consumer-venv\Scripts\python.exe -m pip install --upgrade pip
/c/q/w/rt/stocks_predictor-0.3.0rc3-py3-none-any.whl: OK
/c/q/w/rt/stocks_predictor-0.3.0rc3-py3-none-any.whl: OK

[notice] A new release of pip is available: 26.1.2 -> 26.2.1
[notice] To update, run: C:\q\w\rt\consumer-venv\Scripts\python.exe -m pip install --upgrade pip
/c/q/w/rt/predictor_research_transport-0.1.0rc4-py3-none-any.whl: OK
/c/q/w/rt/predictor_research_transport-0.1.0rc4-py3-none-any.whl: OK

[notice] A new release of pip is available: 26.1.2 -> 26.2.1
[notice] To update, run: C:\q\w\rt\consumer-venv\Scripts\python.exe -m pip install --upgrade pip
/c/q/w/rt/predictor_research_protocol-2.0.0rc2-py3-none-any.whl: OK
/c/q/w/rt/predictor_research_protocol-2.0.0rc2-py3-none-any.whl: OK

[notice] A new release of pip is available: 26.1.2 -> 26.2.1
[notice] To update, run: C:\q\w\rt\consumer-venv\Scripts\python.exe -m pip install --upgrade pip
No broken requirements found.
stocks 0.3.0rc3 C:\q\w\rt\consumer-venv\Lib\site-packages\stocks_predictor\__init__.py
transport 0.1.0rc4 ['crypto', 'stocks']
adapter {'distribution': 'stocks-predictor', 'version': '0.3.0rc3', 'module': 'stocks_predictor.adapters.research_v2'}
export CAIN_BIN="C:/q/w/rt/cain-venv/Scripts/cain.exe"
export CAIN_PY="C:/q/w/rt/cain-venv/Scripts/python.exe"
export CONSUMER_BIN="C:/q/w/rt/consumer-venv/Scripts/predictor-research-consumer.exe"
export CONSUMER_PY="C:/q/w/rt/consumer-venv/Scripts/python.exe"
export STOCKS_RESEARCH_BIN="C:/q/w/rt/consumer-venv/Scripts/stocks-research.exe"
export OP_POLICY="C:/q/w/rt/op/policy.json"
export OP_OBJECTS="C:/q/w/rt/op/objects"
export REAL_ENV="C:/q/w/rt/op/REAL_ENV.json"
export STOCKS_TREE="C:/q/w/rt/stocks-tree"
runtime_env done 2026-09-28T01:27:28Z
