commit=ef90106a96c7fbbd59af5492093b045be90c7dda tree=557e5bc5f26a2572396053e30e0b96afac09f377 uv=uv 0.12.18 (x86_64-unknown-linux-gnu) SOURCE_DATE_EPOCH=1758240000
Building wheel...
running egg_info
creating src/predictor_research_protocol.egg-info
writing src/predictor_research_protocol.egg-info/PKG-INFO
writing dependency_links to src/predictor_research_protocol.egg-info/dependency_links.txt
writing top-level names to src/predictor_research_protocol.egg-info/top_level.txt
writing manifest file 'src/predictor_research_protocol.egg-info/SOURCES.txt'
reading manifest file 'src/predictor_research_protocol.egg-info/SOURCES.txt'
writing manifest file 'src/predictor_research_protocol.egg-info/SOURCES.txt'
running bdist_wheel
running build
running build_py
creating build/lib/research_protocol
copying src/research_protocol/key_store.py -> build/lib/research_protocol
copying src/research_protocol/__init__.py -> build/lib/research_protocol
creating build/lib/research_protocol/v2
copying src/research_protocol/v2/_schema.py -> build/lib/research_protocol/v2
copying src/research_protocol/v2/__init__.py -> build/lib/research_protocol/v2
running egg_info
writing src/predictor_research_protocol.egg-info/PKG-INFO
writing dependency_links to src/predictor_research_protocol.egg-info/dependency_links.txt
writing top-level names to src/predictor_research_protocol.egg-info/top_level.txt
reading manifest file 'src/predictor_research_protocol.egg-info/SOURCES.txt'
writing manifest file 'src/predictor_research_protocol.egg-info/SOURCES.txt'
creating build/lib/research_protocol/v2/data
copying src/research_protocol/v2/data/research-task-2.schema.json -> build/lib/research_protocol/v2/data
copying src/research_protocol/v2/data/domains.json -> build/lib/research_protocol/v2/data
copying src/research_protocol/v2/data/research-result-2.schema.json -> build/lib/research_protocol/v2/data
installing to build/bdist.linux-x86_64/wheel
running install
running install_lib
creating build/bdist.linux-x86_64/wheel
creating build/bdist.linux-x86_64/wheel/research_protocol
copying build/lib/research_protocol/key_store.py -> build/bdist.linux-x86_64/wheel/./research_protocol
creating build/bdist.linux-x86_64/wheel/research_protocol/v2
copying build/lib/research_protocol/v2/_schema.py -> build/bdist.linux-x86_64/wheel/./research_protocol/v2
copying build/lib/research_protocol/v2/__init__.py -> build/bdist.linux-x86_64/wheel/./research_protocol/v2
creating build/bdist.linux-x86_64/wheel/research_protocol/v2/data
copying build/lib/research_protocol/v2/data/research-task-2.schema.json -> build/bdist.linux-x86_64/wheel/./research_protocol/v2/data
copying build/lib/research_protocol/v2/data/domains.json -> build/bdist.linux-x86_64/wheel/./research_protocol/v2/data
copying build/lib/research_protocol/v2/data/research-result-2.schema.json -> build/bdist.linux-x86_64/wheel/./research_protocol/v2/data
copying build/lib/research_protocol/__init__.py -> build/bdist.linux-x86_64/wheel/./research_protocol
running install_egg_info
Copying src/predictor_research_protocol.egg-info to build/bdist.linux-x86_64/wheel/./predictor_research_protocol-2.0.0rc2-py3.13.egg-info
running install_scripts
creating build/bdist.linux-x86_64/wheel/predictor_research_protocol-2.0.0rc2.dist-info/WHEEL
creating '/home/superleo13/predictors/runtime/envelope-v2/build-rc2-ef90106/dist-a/.tmp-fg2wf8ph/predictor_research_protocol-2.0.0rc2-py3-none-any.whl' and adding 'build/bdist.linux-x86_64/wheel' to it
adding 'research_protocol/__init__.py'
adding 'research_protocol/key_store.py'
adding 'research_protocol/v2/__init__.py'
adding 'research_protocol/v2/_schema.py'
adding 'research_protocol/v2/data/domains.json'
adding 'research_protocol/v2/data/research-result-2.schema.json'
adding 'research_protocol/v2/data/research-task-2.schema.json'
adding 'predictor_research_protocol-2.0.0rc2.dist-info/METADATA'
adding 'predictor_research_protocol-2.0.0rc2.dist-info/WHEEL'
adding 'predictor_research_protocol-2.0.0rc2.dist-info/top_level.txt'
adding 'predictor_research_protocol-2.0.0rc2.dist-info/RECORD'
removing build/bdist.linux-x86_64/wheel
Successfully built /home/superleo13/predictors/runtime/envelope-v2/build-rc2-ef90106/dist-a/predictor_research_protocol-2.0.0rc2-py3-none-any.whl
Building wheel...
running egg_info
creating src/predictor_research_protocol.egg-info
writing src/predictor_research_protocol.egg-info/PKG-INFO
writing dependency_links to src/predictor_research_protocol.egg-info/dependency_links.txt
writing top-level names to src/predictor_research_protocol.egg-info/top_level.txt
writing manifest file 'src/predictor_research_protocol.egg-info/SOURCES.txt'
reading manifest file 'src/predictor_research_protocol.egg-info/SOURCES.txt'
writing manifest file 'src/predictor_research_protocol.egg-info/SOURCES.txt'
running bdist_wheel
running build
running build_py
creating build/lib/research_protocol
copying src/research_protocol/key_store.py -> build/lib/research_protocol
copying src/research_protocol/__init__.py -> build/lib/research_protocol
creating build/lib/research_protocol/v2
copying src/research_protocol/v2/_schema.py -> build/lib/research_protocol/v2
copying src/research_protocol/v2/__init__.py -> build/lib/research_protocol/v2
running egg_info
writing src/predictor_research_protocol.egg-info/PKG-INFO
writing dependency_links to src/predictor_research_protocol.egg-info/dependency_links.txt
writing top-level names to src/predictor_research_protocol.egg-info/top_level.txt
reading manifest file 'src/predictor_research_protocol.egg-info/SOURCES.txt'
writing manifest file 'src/predictor_research_protocol.egg-info/SOURCES.txt'
creating build/lib/research_protocol/v2/data
copying src/research_protocol/v2/data/research-task-2.schema.json -> build/lib/research_protocol/v2/data
copying src/research_protocol/v2/data/domains.json -> build/lib/research_protocol/v2/data
copying src/research_protocol/v2/data/research-result-2.schema.json -> build/lib/research_protocol/v2/data
installing to build/bdist.linux-x86_64/wheel
running install
running install_lib
creating build/bdist.linux-x86_64/wheel
creating build/bdist.linux-x86_64/wheel/research_protocol
copying build/lib/research_protocol/key_store.py -> build/bdist.linux-x86_64/wheel/./research_protocol
creating build/bdist.linux-x86_64/wheel/research_protocol/v2
copying build/lib/research_protocol/v2/_schema.py -> build/bdist.linux-x86_64/wheel/./research_protocol/v2
copying build/lib/research_protocol/v2/__init__.py -> build/bdist.linux-x86_64/wheel/./research_protocol/v2
creating build/bdist.linux-x86_64/wheel/research_protocol/v2/data
copying build/lib/research_protocol/v2/data/research-task-2.schema.json -> build/bdist.linux-x86_64/wheel/./research_protocol/v2/data
copying build/lib/research_protocol/v2/data/domains.json -> build/bdist.linux-x86_64/wheel/./research_protocol/v2/data
copying build/lib/research_protocol/v2/data/research-result-2.schema.json -> build/bdist.linux-x86_64/wheel/./research_protocol/v2/data
copying build/lib/research_protocol/__init__.py -> build/bdist.linux-x86_64/wheel/./research_protocol
running install_egg_info
Copying src/predictor_research_protocol.egg-info to build/bdist.linux-x86_64/wheel/./predictor_research_protocol-2.0.0rc2-py3.13.egg-info
running install_scripts
creating build/bdist.linux-x86_64/wheel/predictor_research_protocol-2.0.0rc2.dist-info/WHEEL
creating '/home/superleo13/predictors/runtime/envelope-v2/build-rc2-ef90106/dist-b/.tmp-mabtwr0p/predictor_research_protocol-2.0.0rc2-py3-none-any.whl' and adding 'build/bdist.linux-x86_64/wheel' to it
adding 'research_protocol/__init__.py'
adding 'research_protocol/key_store.py'
adding 'research_protocol/v2/__init__.py'
adding 'research_protocol/v2/_schema.py'
adding 'research_protocol/v2/data/domains.json'
adding 'research_protocol/v2/data/research-result-2.schema.json'
adding 'research_protocol/v2/data/research-task-2.schema.json'
adding 'predictor_research_protocol-2.0.0rc2.dist-info/METADATA'
adding 'predictor_research_protocol-2.0.0rc2.dist-info/WHEEL'
adding 'predictor_research_protocol-2.0.0rc2.dist-info/top_level.txt'
adding 'predictor_research_protocol-2.0.0rc2.dist-info/RECORD'
removing build/bdist.linux-x86_64/wheel
Successfully built /home/superleo13/predictors/runtime/envelope-v2/build-rc2-ef90106/dist-b/predictor_research_protocol-2.0.0rc2-py3-none-any.whl
34a1e4121e4085b901e3bd96552e2f5b4067c5e6af5e99dc1c26d6276fc7c820  predictor_research_protocol-2.0.0rc2-py3-none-any.whl
34a1e4121e4085b901e3bd96552e2f5b4067c5e6af5e99dc1c26d6276fc7c820  predictor_research_protocol-2.0.0rc2-py3-none-any.whl
dist-a WHEEL:
Wheel-Version: 1.0
Generator: setuptools (84.0.0)
Root-Is-Purelib: true
Tag: py3-none-any

dist-a RECORD:
research_protocol/__init__.py,sha256=Sj8fqCZ3rbQlvd5wfGe43ekcQ2GAkrgBYWYyK7Av6MI,24730
research_protocol/key_store.py,sha256=IvnDqK2e2e1b_-_1s0d7lbkAZauSxG0j3a_fO9-z0JM,17821
research_protocol/v2/__init__.py,sha256=XWi09x5O-r4FzLiv3iIW7ro3vLGYGwKjJgeVNqUwx_0,27202
research_protocol/v2/_schema.py,sha256=zLxfyTkBQYkCnc86Bi2BDXjIZMpBS5EX7I8lK0FbFkU,9064
research_protocol/v2/data/domains.json,sha256=rEIXSBh_FJv7xjppOIcFxMVZboC1w5nVd75WK1WtIOc,25885
research_protocol/v2/data/research-result-2.schema.json,sha256=j_av3oYd5CsDVeY-U8xD_l5uwNNAepJaU_Y7Kspe2kg,4331
research_protocol/v2/data/research-task-2.schema.json,sha256=Cnb_Spw_mP7b5kqRNR01v5KgH5_YVxsMq54eKrb6-74,2806
predictor_research_protocol-2.0.0rc2.dist-info/METADATA,sha256=ChEUGZsDcTNHVPIH2IHUiosWpGC9ie0owlgjHJhTRSE,208
predictor_research_protocol-2.0.0rc2.dist-info/WHEEL,sha256=YVMoNqKzERt-wjUZwJ33xBGAwnFl-4cqbYkTtWa4itE,91
predictor_research_protocol-2.0.0rc2.dist-info/top_level.txt,sha256=aEvt9qLnulgn9p9DX0ivrCK9souQ6bJgj4eJdeDJ-So,18
predictor_research_protocol-2.0.0rc2.dist-info/RECORD,,
dist-b WHEEL:
Wheel-Version: 1.0
Generator: setuptools (84.0.0)
Root-Is-Purelib: true
Tag: py3-none-any

dist-b RECORD:
research_protocol/__init__.py,sha256=Sj8fqCZ3rbQlvd5wfGe43ekcQ2GAkrgBYWYyK7Av6MI,24730
research_protocol/key_store.py,sha256=IvnDqK2e2e1b_-_1s0d7lbkAZauSxG0j3a_fO9-z0JM,17821
research_protocol/v2/__init__.py,sha256=XWi09x5O-r4FzLiv3iIW7ro3vLGYGwKjJgeVNqUwx_0,27202
research_protocol/v2/_schema.py,sha256=zLxfyTkBQYkCnc86Bi2BDXjIZMpBS5EX7I8lK0FbFkU,9064
research_protocol/v2/data/domains.json,sha256=rEIXSBh_FJv7xjppOIcFxMVZboC1w5nVd75WK1WtIOc,25885
research_protocol/v2/data/research-result-2.schema.json,sha256=j_av3oYd5CsDVeY-U8xD_l5uwNNAepJaU_Y7Kspe2kg,4331
research_protocol/v2/data/research-task-2.schema.json,sha256=Cnb_Spw_mP7b5kqRNR01v5KgH5_YVxsMq54eKrb6-74,2806
predictor_research_protocol-2.0.0rc2.dist-info/METADATA,sha256=ChEUGZsDcTNHVPIH2IHUiosWpGC9ie0owlgjHJhTRSE,208
predictor_research_protocol-2.0.0rc2.dist-info/WHEEL,sha256=YVMoNqKzERt-wjUZwJ33xBGAwnFl-4cqbYkTtWa4itE,91
predictor_research_protocol-2.0.0rc2.dist-info/top_level.txt,sha256=aEvt9qLnulgn9p9DX0ivrCK9souQ6bJgj4eJdeDJ-So,18
predictor_research_protocol-2.0.0rc2.dist-info/RECORD,,
REPRODUCIBLE=YES
