predictor-qualification HEAD=1c260287f706eb9663205094a3d89b2bb374ed27 em 2026-09-26T05:44:51Z
== C0.1 núcleo
beaa5feed193356f554922439936ad401c8f177bfd18d8864ca329fae94216fc  qualification/COMMON_QUALIFICATION_CORE.md
esperado beaa5feed193356f554922439936ad401c8f177bfd18d8864ca329fae94216fc (v2.3)
== C0.2 MANIFEST
qualification/COMMON_QUALIFICATION_CORE.md: OK
qualification/ATTESTATION_SCHEMA.json: OK
prompts/baseline_comum_rev8.md: OK
prompts/fase0_higiene_rev8.md: OK
prompts/prompt_etapa_a_brasileirao_rev8.md: OK
prompts/prompt_etapa_a_cripto_rev8.md: OK
prompts/prompt_etapa_a_stocks_rev8.md: OK
prompts/prompt_etapa_b_integracao_rev8.md: OK
prompts/prompt_preparacao_envelope_v2_rev8.md: OK
prompts/prompt_etapa_b_comum_rev9.md: OK
prompts/prompt_etapa_b_crypto_rev9.md: OK
prompts/prompt_etapa_b_stocks_rev9.md: OK
prompts/prompt_etapa_b_brasileirao_rev9.md: OK
manifest_rc=0
== C0.3 arquivos
D-22: APPROVED
HYGIENE: 13 itens; ['DONE']
== C0.4 pré-condições do prompt
crypto result=QUALIFIED attestation=2b1491a03a6b757071d184128ebb13cc30eaaa0cb301427373ea7d4f678da406 contract=0831fe3db2b7ca41a26ff7665f93c07b0edda3c937ac4ce83fe0e96720a9eb55 domain_contract_sha256_ok=True ops=0be70bfbb2437dfb080baceb9af41043a09d03b15a358903b8bd7007f5f169b3
brasileirao result=QUALIFIED attestation=a4fa2fee25b65c39888d90cd947fc36ba63076eae536e5b676052470ed7521e4 contract=1c75fc4507df8d48f1278e3c9475c627e8fce7cf25483395fe760e480cc752ec domain_contract_sha256_ok=True ops=0be70bfbb2437dfb080baceb9af41043a09d03b15a358903b8bd7007f5f169b3
stocks result=QUALIFIED attestation=e0f2e28ddd0c1887faaba3f409dacc3c49de9854eed38ba286ed3cc501f99c2e contract=76fa8227dd83eb9a9e74697caa73e4d61c68d207f1df5f94135c76508192d66c domain_contract_sha256_ok=True ops=0be70bfbb2437dfb080baceb9af41043a09d03b15a358903b8bd7007f5f169b3
SHARED-003 VERDICT_ISSUED wheel=da4fa540703879669caba919521ec7d3c33734b5d57781122823df8817346f0e blocking=False resolution=null still_blocking_for=null
SHARED-004 VERDICT_ISSUED wheel=da4fa540703879669caba919521ec7d3c33734b5d57781122823df8817346f0e blocking=False resolution=null still_blocking_for=null
SHARED-005 RESOLVED_IN_4.2.2rc1 wheel=da4fa540703879669caba919521ec7d3c33734b5d57781122823df8817346f0e blocking=True resolution="0be70bfbb2437dfb080baceb9af41043a09d03b15a358903b8bd7007f5f169b3" still_blocking_for="consumidores da 4.2.1 (da4fa540\u2026)"
