=== crypto cripto-predictor@341d270e4d709150c581c3cd93f4518d483009eb
requirements: 18 pacotes; sha256 697a0b803d92df79
wheel https://github.com/leonardosovienski/cripto-predictor/releases/download/v1.2.0rc2/cripto_predictor-1.2.0rc2-py3-none-any.whl sha256 6e62f67f0779aef7e913d34b4d3d3d6ed5f88ad882e8fa8372f54c4ab59bc8ee
cripto-predictor            1.2.0rc2
predictor-core              3.2.1
predictor-ops               4.2.2rc1
predictor-research-protocol 2.0.0rc2
=== stocks stocks-predictor@61fc017256ffea815ae96bbe02b847dccdb395cc
requirements: 11 pacotes; sha256 29e07d7bee13ae28
wheel https://github.com/leonardosovienski/stocks-predictor/releases/download/v0.3.0rc2/stocks_predictor-0.3.0rc2-py3-none-any.whl sha256 92cb1131b4f0ba0b4572d26cb03a1647e239a17f37514c0db1598797119366a8
predictor-core              3.2.1
predictor-ops               4.2.2rc1
predictor-research-protocol 2.0.0rc2
stocks-predictor            0.3.0rc2
=== brasileirao brasileirao-predictor@25cdf4d9bb309d33f066fbc6a379f5d98c69f08a
requirements: 27 pacotes; sha256 0b298e5136e4ca37
wheel https://github.com/leonardosovienski/brasileirao-predictor/releases/download/v0.3.0rc3/brasileirao_predictor-0.3.0rc3-py3-none-any.whl sha256 403e6a022b10e2b6d05ef1828894bf3ad0b1d049301e3dfce9cf79dc262000ea
brasileirao-predictor       0.3.0rc3
predictor-core              3.2.1
predictor-ops               4.2.2rc1
predictor-research-protocol 2.0.0rc2
DIAG_VENVS=OK
