merge_commit=49ffb16380d2e91eb7e4a2a936e63ba779c29033 origin_main=49ffb16380d2e91eb7e4a2a936e63ba779c29033
package_tree_at_merge=4a7c66e75597fb9c65c4c9a297ae164addce78ea package_tree_pr=4a7c66e75597fb9c65c4c9a297ae164addce78ea
REPRODUCIBLE=YES
233 passed in 0.92s
233 passed in 0.86s
233 passed in 0.92s
233 passed in 0.82s
SUITE_EXIT=0
$ gh release create predictor-research-protocol-v2.0.0rc2 -R leonardosovienski/ecosystem-predictor --target 49ffb16380d2e91eb7e4a2a936e63ba779c29033 --prerelease --title 'predictor-research-protocol 2.0.0rc2' --notes-file release_notes_rc2.md predictor_research_protocol-2.0.0rc2-py3-none-any.whl
https://github.com/leonardosovienski/ecosystem-predictor/releases/tag/predictor-research-protocol-v2.0.0rc2
exit=0
$ curl -sSfL (anônimo) https://github.com/leonardosovienski/ecosystem-predictor/releases/download/predictor-research-protocol-v2.0.0rc2/predictor_research_protocol-2.0.0rc2-py3-none-any.whl
exit=0
34a1e4121e4085b901e3bd96552e2f5b4067c5e6af5e99dc1c26d6276fc7c820  /home/superleo13/predictors/runtime/envelope-v2/download-verify/predictor_research_protocol-2.0.0rc2-py3-none-any.whl
digest, tamanho e pré-release pela API:
true
predictor_research_protocol-2.0.0rc2-py3-none-any.whl sha256:34a1e4121e4085b901e3bd96552e2f5b4067c5e6af5e99dc1c26d6276fc7c820 28722
tag -> commit:
49ffb16380d2e91eb7e4a2a936e63ba779c29033	refs/tags/predictor-research-protocol-v2.0.0rc2
RELEASE_VERIFIED=YES merge=49ffb16380d2e91eb7e4a2a936e63ba779c29033
