commit=49ffb16380d2e91eb7e4a2a936e63ba779c29033 tree=4a7c66e75597fb9c65c4c9a297ae164addce78ea uv=uv 0.12.18 (x86_64-unknown-linux-gnu)
== python 3.11
Using CPython 3.11.16
Resolved 13 packages in 0.51ms
3.11.16 2.0.0rc2
233 passed in 0.92s
== python 3.12
Using CPython 3.12.14
Resolved 13 packages in 0.51ms
3.12.14 2.0.0rc2
233 passed in 0.86s
== python 3.13
Using CPython 3.13.15
Resolved 13 packages in 1ms
3.13.15 2.0.0rc2
233 passed in 0.92s
== python 3.14
Using CPython 3.14.7
Resolved 13 packages in 0.47ms
3.14.7 2.0.0rc2
233 passed in 0.82s
SUITE_EXIT=0
