cleanroom-final run_at=2026-09-30T00:32:55Z where=github_actions python=Python 3.13.14
stocks 0.3.0rc3 /home/runner/work/_temp/work/rt/consumer-venv/lib/python3.13/site-packages/stocks_predictor/__init__.py
adapter /home/runner/work/_temp/work/rt/consumer-venv/lib/python3.13/site-packages/stocks_predictor/adapters/research_v2.py
transport 0.1.0rc7 /home/runner/work/_temp/work/rt/consumer-venv/lib/python3.13/site-packages/research_transport/__init__.py
protocol 2.0.0rc2
........................................................................ [ 82%]
...............                                                          [100%]
==================================== PASSES ====================================
=========================== short test summary info ============================
PASSED tests/conformance/test_contract_conformance.py::test_e2e_result_is_reread_identically_after_restart
PASSED tests/conformance/test_contract_conformance.py::test_idempotency_duplicate_retry_and_conflict
PASSED tests/conformance/test_contract_conformance.py::test_future_canary_fails_closed_and_never_leaks
PASSED tests/conformance/test_contract_conformance.py::test_temporal_integrity_as_of_mismatch_fails_closed
PASSED tests/conformance/test_contract_conformance.py::test_authority_states_stay_separate[case_a-INCONCLUSIVE-INCONCLUSIVE-NO_EDGE]
PASSED tests/conformance/test_contract_conformance.py::test_authority_states_stay_separate[case_b-NO_EDGE-SUPPORTED-NO_EDGE]
PASSED tests/conformance/test_contract_conformance.py::test_authority_states_stay_separate[insufficient-CLOSED_INSUFFICIENT_SAMPLE-INSUFFICIENT_SAMPLE-NOT_EVALUATED]
PASSED tests/conformance/test_contract_conformance.py::test_admission_rejects_before_any_execution[<lambda>-SCHEMA_INVALID0]
PASSED tests/conformance/test_contract_conformance.py::test_admission_rejects_before_any_execution[<lambda>-SCHEMA_INVALID1]
PASSED tests/conformance/test_contract_conformance.py::test_admission_rejects_before_any_execution[<lambda>-SCHEMA_INVALID2]
PASSED tests/conformance/test_contract_conformance.py::test_admission_rejects_before_any_execution[<lambda>-SCHEMA_INVALID3]
PASSED tests/conformance/test_contract_conformance.py::test_admission_rejects_before_any_execution[<lambda>-SCHEMA_INVALID4]
PASSED tests/conformance/test_contract_conformance.py::test_admission_rejects_before_any_execution[<lambda>-SCHEMA_INVALID5]
PASSED tests/conformance/test_contract_conformance.py::test_admission_rejects_before_any_execution[<lambda>-SCHEMA_INVALID6]
PASSED tests/conformance/test_contract_conformance.py::test_admission_rejects_before_any_execution[<lambda>-SCHEMA_INVALID7]
PASSED tests/conformance/test_contract_conformance.py::test_admission_rejects_before_any_execution[<lambda>-SCHEMA_INVALID8]
PASSED tests/conformance/test_contract_conformance.py::test_admission_rejects_before_any_execution[<lambda>-REQUEST_TYPE_NOT_ALLOWED]
PASSED tests/conformance/test_contract_conformance.py::test_admission_rejects_before_any_execution[<lambda>-SCHEMA_INVALID9]
PASSED tests/conformance/test_contract_conformance.py::test_admission_rejects_before_any_execution[<lambda>-SCHEMA_INVALID10]
PASSED tests/conformance/test_contract_conformance.py::test_admission_rejects_before_any_execution[<lambda>-HYPOTHESIS_CLOSED0]
PASSED tests/conformance/test_contract_conformance.py::test_admission_rejects_before_any_execution[<lambda>-HYPOTHESIS_CLOSED1]
PASSED tests/conformance/test_contract_conformance.py::test_admission_rejects_before_any_execution[<lambda>-HYPOTHESIS_NOT_ACTIVE0]
PASSED tests/conformance/test_contract_conformance.py::test_admission_rejects_before_any_execution[<lambda>-HYPOTHESIS_NOT_ACTIVE1]
PASSED tests/conformance/test_contract_conformance.py::test_admission_rejects_before_any_execution[<lambda>-HYPOTHESIS_NOT_ADMITTED]
PASSED tests/conformance/test_contract_conformance.py::test_admission_rejects_before_any_execution[<lambda>-REFERENCE_UNAUTHORIZED_OR_UNKNOWN]
PASSED tests/conformance/test_contract_conformance.py::test_admission_rejects_before_any_execution[<lambda>-PARAMETER_OUT_OF_BOUNDS]
PASSED tests/conformance/test_contract_conformance.py::test_admission_rejects_before_any_execution[<lambda>-SCHEMA_INVALID11]
PASSED tests/conformance/test_contract_conformance.py::test_admission_rejects_before_any_execution[<lambda>-SCHEMA_INVALID12]
PASSED tests/conformance/test_contract_conformance.py::test_collector_outside_policy_is_rejected
PASSED tests/conformance/test_contract_conformance.py::test_invalid_json_and_duplicate_keys_are_rejected
PASSED tests/conformance/test_contract_conformance.py::test_hypothesis_constant_is_frozen
PASSED tests/conformance/test_contract_conformance.py::test_duplicate_after_policy_change_returns_the_stored_result
PASSED tests/conformance/test_contract_conformance.py::test_external_intelligence_not_ready_never_becomes_a_signal[matrix-20260921]
PASSED tests/conformance/test_contract_conformance.py::test_external_intelligence_not_ready_never_becomes_a_signal[counterfactual-vlmo-ready]
PASSED tests/conformance/test_contract_conformance.py::test_collection_only_collects_persists_and_never_feeds_a_trial
PASSED tests/conformance/test_failure_extra.py::test_worker_dies_mid_effect_write_leaves_no_effect_and_retry_produces_one
PASSED tests/conformance/test_failure_extra.py::test_disk_full_on_result_write_stores_nothing_and_retry_stores_once
PASSED tests/conformance/test_failure_extra.py::test_db_lock_shorter_than_busy_timeout_waits_and_succeeds
PASSED tests/conformance/test_failure_extra.py::test_db_lock_longer_than_busy_timeout_is_retryable_and_leaves_no_partial_state
PASSED tests/conformance/test_failure_extra.py::test_out_of_order_redelivery_never_changes_the_newer_result
PASSED tests/conformance/test_failure_recovery.py::test_process_death_at_each_point_recovers_exactly_once[before_admission_commit]
PASSED tests/conformance/test_failure_recovery.py::test_process_death_at_each_point_recovers_exactly_once[after_admission]
PASSED tests/conformance/test_failure_recovery.py::test_process_death_at_each_point_recovers_exactly_once[during_materialization]
PASSED tests/conformance/test_failure_recovery.py::test_process_death_at_each_point_recovers_exactly_once[before_ops]
PASSED tests/conformance/test_failure_recovery.py::test_process_death_at_each_point_recovers_exactly_once[after_ops]
PASSED tests/conformance/test_failure_recovery.py::test_process_death_at_each_point_recovers_exactly_once[after_domain_effect]
PASSED tests/conformance/test_failure_recovery.py::test_process_death_at_each_point_recovers_exactly_once[during_result_write]
PASSED tests/conformance/test_failure_recovery.py::test_process_death_at_each_point_recovers_exactly_once[after_result_write]
PASSED tests/conformance/test_failure_recovery.py::test_process_death_at_each_point_recovers_exactly_once[after_result_store]
PASSED tests/conformance/test_failure_recovery.py::test_ops_worker_crash_is_not_a_result_and_retry_succeeds
PASSED tests/conformance/test_failure_recovery.py::test_ops_timeout_kills_worker_and_is_not_a_result
PASSED tests/conformance/test_failure_recovery.py::test_retry_budget_exhaustion_is_a_terminal_operational_failure
PASSED tests/conformance/test_failure_recovery.py::test_db_says_result_exists_but_file_is_gone
PASSED tests/conformance/test_failure_recovery.py::test_file_exists_but_index_lost_the_result
PASSED tests/conformance/test_failure_recovery.py::test_modified_result_and_modified_effect_fail_closed
PASSED tests/conformance/test_failure_recovery.py::test_wrong_hash_of_referenced_object_fails_before_ops
PASSED tests/conformance/test_failure_recovery.py::test_reference_changed_after_materialization_fails_closed
PASSED tests/conformance/test_failure_recovery.py::test_reference_receipt_from_another_request_fails_closed
PASSED tests/conformance/test_failure_recovery.py::test_result_metadata_inconsistent_with_index_fails_closed
PASSED tests/conformance/test_failure_recovery.py::test_fault_points_are_the_frozen_matrix
PASSED tests/conformance/test_failure_recovery.py::test_host_process_killed_during_ops_job_recovers_exactly_once
PASSED tests/conformance/test_import_closure.py::test_entrypoints_include_the_research_circuit
PASSED tests/conformance/test_import_closure.py::test_no_entrypoint_reaches_envelope_cain_or_adapter_paths
PASSED tests/conformance/test_import_closure.py::test_research_circuit_components_are_reachable_from_the_entrypoint
PASSED tests/conformance/test_import_closure.py::test_nothing_outside_adapter_paths_imports_them
PASSED tests/conformance/test_import_closure.py::test_runtime_import_of_the_circuit_loads_no_forbidden_module
PASSED tests/conformance/test_pit_adversarial.py::test_pit01_future_constituent_is_absent_until_its_listing_is_known
PASSED tests/conformance/test_pit_adversarial.py::test_pit02_future_ticker_does_not_relabel_before_it_is_known
PASSED tests/conformance/test_pit_adversarial.py::test_pit03_delisted_security_is_present_while_it_existed
PASSED tests/conformance/test_pit_adversarial.py::test_pit04_bars_before_the_listing_are_ignored
PASSED tests/conformance/test_pit_adversarial.py::test_pit05_pit06_future_cnpj_document_is_ignored_until_available
PASSED tests/conformance/test_pit_adversarial.py::test_pit07_pit08_late_delivery_and_backfill_are_invisible_before_they_arrive
PASSED tests/conformance/test_pit_adversarial.py::test_pit09_pit10_republication_uses_the_revision_known_at_decision
PASSED tests/conformance/test_pit_adversarial.py::test_pit11_corrupted_availability_is_a_temporal_violation[<lambda>0]
PASSED tests/conformance/test_pit_adversarial.py::test_pit11_corrupted_availability_is_a_temporal_violation[<lambda>1]
PASSED tests/conformance/test_pit_adversarial.py::test_pit11_corrupted_availability_is_a_temporal_violation[<lambda>2]
PASSED tests/conformance/test_pit_adversarial.py::test_pit11_corrupted_availability_is_a_temporal_violation[<lambda>3]
PASSED tests/conformance/test_pit_adversarial.py::test_pit12_pit15_declared_strict_but_effective_historical_is_never_consumed
PASSED tests/conformance/test_pit_adversarial.py::test_pit13_duplicate_official_record_identical_collapses_divergent_fails
PASSED tests/conformance/test_pit_adversarial.py::test_pit14_identity_conflicts_are_data_quality_problems[two_issuers_same_instant]
PASSED tests/conformance/test_pit_adversarial.py::test_pit14_identity_conflicts_are_data_quality_problems[one_ticker_two_securities]
PASSED tests/conformance/test_pit_adversarial.py::test_pit14_identity_conflicts_are_data_quality_problems[unknown_security]
PASSED tests/conformance/test_pit_adversarial.py::test_data_quality_problem_is_an_inconclusive_result_through_the_entrypoint
PASSED tests/conformance/test_pit_adversarial.py::test_decision_never_uses_data_available_after_it
PASSED tests/conformance/test_pit_adversarial.py::test_universe_is_deterministic_across_three_fresh_processes
PASSED tests/conformance/test_pit_adversarial.py::test_universe_changes_only_through_events_available_at_decision
PASSED tests/conformance/test_pit_adversarial.py::test_ticker_and_cnpj_changes_preserve_security_identity
87 passed in 116.12s (0:01:56)
[conformance exit 0]
...........                                                              [100%]
==================================== PASSES ====================================
_ test_submit_task_goes_through_the_adapter_api_and_the_reread_is_byte_identical _
----------------------------- Captured stdout call -----------------------------
{"duration_ms": 507, "event": "job_finished", "job_id": "stocks-research-de973f468f61bfe856829120", "level": "INFO", "run_id": "09175270fb0a49fb8af26f92497dc026", "run_status": "SUCCEEDED", "service": "predictor_ops", "timestamp": "2026-09-30T00:34:53.003911Z"}
_ test_resubmitting_the_same_task_is_a_duplicate_with_the_same_authoritative_result _
----------------------------- Captured stdout call -----------------------------
{"duration_ms": 507, "event": "job_finished", "job_id": "stocks-research-716e952fbe653c7c29d0c179", "level": "INFO", "run_id": "1016ffe1bbc747b4a59ddbd0bf46d1db", "run_status": "SUCCEEDED", "service": "predictor_ops", "timestamp": "2026-09-30T00:34:53.843566Z"}
------------------------------ Captured log call -------------------------------
INFO     predictor_ops:runner.py:345 job_finished
=========================== short test summary info ============================
PASSED tests/adapters/test_research_v2.py::test_identity_names_the_installed_distribution_and_module
PASSED tests/adapters/test_research_v2.py::test_request_bytes_are_the_canonical_payload_with_the_envelope_client_ref
PASSED tests/adapters/test_research_v2.py::test_malformed_tasks_are_refused_before_the_domain[<lambda>0]
PASSED tests/adapters/test_research_v2.py::test_malformed_tasks_are_refused_before_the_domain[<lambda>1]
PASSED tests/adapters/test_research_v2.py::test_malformed_tasks_are_refused_before_the_domain[<lambda>2]
PASSED tests/adapters/test_research_v2.py::test_malformed_tasks_are_refused_before_the_domain[<lambda>3]
PASSED tests/adapters/test_research_v2.py::test_malformed_tasks_are_refused_before_the_domain[<lambda>4]
PASSED tests/adapters/test_research_v2.py::test_malformed_tasks_are_refused_before_the_domain[<lambda>5]
PASSED tests/adapters/test_research_v2.py::test_submit_task_goes_through_the_adapter_api_and_the_reread_is_byte_identical
PASSED tests/adapters/test_research_v2.py::test_resubmitting_the_same_task_is_a_duplicate_with_the_same_authoritative_result
PASSED tests/adapters/test_research_v2.py::test_a_request_the_domain_refuses_comes_back_unchanged
11 passed in 2.24s
[adapters exit 0]

[notice] A new release of pip is available: 26.1.2 -> 26.2.1
[notice] To update, run: /home/runner/work/_temp/work/rt/transport-venv/bin/python -m pip install --upgrade pip

[notice] A new release of pip is available: 26.1.2 -> 26.2.1
[notice] To update, run: /home/runner/work/_temp/work/rt/transport-venv/bin/python -m pip install --upgrade pip

[notice] A new release of pip is available: 26.1.2 -> 26.2.1
[notice] To update, run: /home/runner/work/_temp/work/rt/transport-venv/bin/python -m pip install --upgrade pip
No broken requirements found.
....................                                                     [100%]
==================================== PASSES ====================================
_________________ test_cli_reports_busy_and_publishes_nothing __________________
----------------------------- Captured stdout call -----------------------------
{"action": "delivered", "attempt": 1, "class": "TERMINAL_RESULT", "episode_id": "crypto:episode-1", "result_file": "crypto/results/TASK-26dc4901ed3cd0ad03b70e42297cf1ff.6a1f8b2f1c77c2b9.json", "result_write": "WRITTEN", "status": "RESULT", "task_id": "crypto:TASK-26dc4901ed3cd0ad03b70e42297cf1ff"}
________________ test_cli_stdout_carries_only_the_report_lines _________________
------------------------------ Captured log call -------------------------------
WARNING  noisy-domain:test_transport.py:441 {"event": "job_finished"}
=========================== short test summary info ============================
PASSED test_transport.py::test_put_task_is_write_once_and_idempotent
PASSED test_transport.py::test_put_task_refuses_other_domain_and_non_canonical
PASSED test_transport.py::test_task_is_delivered_once_and_result_is_byte_identical
PASSED test_transport.py::test_interrupted_delivery_is_resent_and_the_domain_answers_duplicate
PASSED test_transport.py::test_retryable_waits_for_a_resend_requested_by_the_cain
PASSED test_transport.py::test_invalid_foreign_or_misnamed_task_files_are_rejected_without_calling_the_domain
PASSED test_transport.py::test_a_task_file_nested_too_deep_is_rejected_and_the_pass_goes_on
PASSED test_transport.py::test_domain_that_did_not_receive_request_bytes_is_held
PASSED test_transport.py::test_payload_not_identical_to_authoritative_reread_is_held
PASSED test_transport.py::test_tasks_are_delivered_in_episode_order
PASSED test_transport.py::test_one_consumer_per_domain_at_a_time
PASSED test_transport.py::test_cli_reports_busy_and_publishes_nothing
PASSED test_transport.py::test_two_consumer_processes_on_the_same_task_deliver_once
PASSED test_transport.py::test_the_lock_of_a_consumer_that_died_is_released_and_its_task_resumed
PASSED test_transport.py::test_fault_point_kills_the_process_with_86
PASSED test_transport.py::test_only_allowlisted_adapters_load
PASSED test_transport.py::test_stocks_adapter_is_registered_by_module_name_only
PASSED test_transport.py::test_brasileirao_adapter_is_registered_by_module_name_only
PASSED test_transport.py::test_cli_refuses_a_domain_without_adapter
PASSED test_transport.py::test_cli_stdout_carries_only_the_report_lines
20 passed in 2.06s
[transport exit 0]

[notice] A new release of pip is available: 26.1.2 -> 26.2.1
[notice] To update, run: /home/runner/work/_temp/work/rt/cain-test-venv/bin/python -m pip install --upgrade pip

[notice] A new release of pip is available: 26.1.2 -> 26.2.1
[notice] To update, run: /home/runner/work/_temp/work/rt/cain-test-venv/bin/python -m pip install --upgrade pip
No broken requirements found.
cain 0.4.13rc15 /home/runner/work/_temp/work/rt/cain-test-venv/lib/python3.13/site-packages/cain/__init__.py ['brasileirao', 'crypto', 'stocks']
........................................................................ [ 85%]
............                                                             [100%]
==================================== PASSES ====================================
____________ test_cli_in_process_covers_every_orchestration_command ____________
----------------------------- Captured stdout call -----------------------------
{"action": "duplicate", "file": "TASK-5d60fe842c623cb55c113d3b5507302c.daa68f1f9a1f5a1f.json"}
{"action": "rejected", "code": "SCHEMA_INVALID", "file": "junk.json", "reason": "SCHEMA_INVALID: invalid JSON"}
=========================== short test summary info ============================
PASSED tests/integration/test_orchestration.py::test_full_cycle_remembers_the_result_in_the_domain_cube_only
PASSED tests/integration/test_orchestration.py::test_duplicate_deliveries_never_create_a_second_effect
PASSED tests/integration/test_orchestration.py::test_same_proposal_returns_the_recorded_episode_and_conflicting_id_is_refused
PASSED tests/integration/test_orchestration.py::test_foreign_unknown_and_tampered_results_are_rejected
PASSED tests/integration/test_orchestration.py::test_retryable_then_retry_then_result
PASSED tests/integration/test_orchestration.py::test_refusal_is_remembered_and_requires_human_stops_the_domain
PASSED tests/integration/test_orchestration.py::test_contradiction_is_preserved_not_decided_by_majority
PASSED tests/integration/test_orchestration.py::test_decision_receipt_is_byte_identical_in_three_new_processes
PASSED tests/integration/test_orchestration.py::test_process_death_during_proposal_recovers_with_the_same_receipt[after_decision_before_episode_commit]
PASSED tests/integration/test_orchestration.py::test_process_death_during_proposal_recovers_with_the_same_receipt[after_outbox_commit]
PASSED tests/integration/test_orchestration.py::test_process_death_in_dispatch_or_ingest_recovers_exactly_once[after_spool_write_before_ack]
PASSED tests/integration/test_orchestration.py::test_process_death_in_dispatch_or_ingest_recovers_exactly_once[after_inbox_commit_before_memory]
PASSED tests/integration/test_orchestration.py::test_process_death_in_dispatch_or_ingest_recovers_exactly_once[after_memory_commit]
PASSED tests/integration/test_orchestration.py::test_cli_refuses_unknown_domain_configuration
PASSED tests/integration/test_orchestration.py::test_no_capital_anywhere
PASSED tests/integration/test_orchestration.py::test_cli_in_process_covers_every_orchestration_command
PASSED tests/integration/test_orchestration.py::test_memory_never_keeps_the_domain_free_text_reason
PASSED tests/integration/test_orchestration.py::test_llm_proposal_is_audited_and_still_goes_through_the_policy
PASSED tests/integration/test_orchestration.py::test_llm_never_reproposes_a_request_the_domain_refused
PASSED tests/integration/test_orchestration.py::test_llm_proposal_cli_requires_state_and_output
PASSED tests/integration/test_orchestration.py::test_domain_refusal_code_is_remembered_and_the_hypothesis_is_not_proposed_again
PASSED tests/integration/test_orchestration.py::test_the_same_experiment_under_another_request_id_is_not_run_again
PASSED tests/integration/test_orchestration.py::test_free_text_refusal_reason_never_becomes_a_reason_code
PASSED tests/integration/test_orchestration.py::test_llm_only_chooses_among_hypotheses_the_policy_would_accept_now
PASSED tests/integration/test_orchestration.py::test_the_cain_assigns_an_unused_deterministic_placebo_seed
PASSED tests/integration/test_orchestration.py::test_llm_is_not_asked_when_no_hypothesis_is_eligible
PASSED tests/integration/test_orchestration.py::test_result_metrics_reach_the_memory_the_view_and_the_model_as_numbers_only
PASSED tests/integration/test_orchestration.py::test_without_declared_numbers_the_fact_the_view_and_the_prompt_stay_as_before
PASSED tests/integration/test_orchestration.py::test_the_model_context_fits_the_provider_budget_dropping_the_oldest_results
PASSED tests/unit/test_findings_pinned_sha.py::test_crypto_ingestion_refuses_a_moving_or_short_ref[origin/main]
PASSED tests/unit/test_findings_pinned_sha.py::test_crypto_ingestion_refuses_a_moving_or_short_ref[HEAD]
PASSED tests/unit/test_findings_pinned_sha.py::test_crypto_ingestion_refuses_a_moving_or_short_ref[341d270]
PASSED tests/unit/test_findings_pinned_sha.py::test_crypto_ingestion_refuses_a_moving_or_short_ref[341d270e4d709150c581c3cd93f4518d483009eb^]
PASSED tests/unit/test_loop_fenced.py::test_no_console_script_reaches_the_direct_evaluator_or_a_domain_package
PASSED tests/unit/test_loop_fenced.py::test_orchestration_is_reachable_from_the_cain_console_script
PASSED tests/unit/test_loop_fenced.py::test_cain_loop_is_not_a_command_and_the_lab_tool_still_runs
PASSED tests/unit/test_orchestration_policy.py::test_packaged_crypto_configuration_comes_from_the_pinned_base
PASSED tests/unit/test_orchestration_policy.py::test_allow_when_nothing_blocks
PASSED tests/unit/test_orchestration_policy.py::test_block_rules[value0-DOMAIN_MISMATCH]
PASSED tests/unit/test_orchestration_policy.py::test_block_rules[value1-DOMAIN_MISMATCH]
PASSED tests/unit/test_orchestration_policy.py::test_block_rules[value2-DOMAIN_MISMATCH]
PASSED tests/unit/test_orchestration_policy.py::test_block_rules[value3-DOMAIN_MISMATCH]
PASSED tests/unit/test_orchestration_policy.py::test_block_rules[value4-DOMAIN_MISMATCH]
PASSED tests/unit/test_orchestration_policy.py::test_block_rules[value5-SCHEMA_INVALID]
PASSED tests/unit/test_orchestration_policy.py::test_block_rules[value6-SCHEMA_INVALID]
PASSED tests/unit/test_orchestration_policy.py::test_block_rules[value7-FORBIDDEN_FIELD]
PASSED tests/unit/test_orchestration_policy.py::test_block_rules[value8-FORBIDDEN_FIELD]
PASSED tests/unit/test_orchestration_policy.py::test_block_rules[value9-FORBIDDEN_FIELD]
PASSED tests/unit/test_orchestration_policy.py::test_block_rules[value10-HYPOTHESIS_CLOSED]
PASSED tests/unit/test_orchestration_policy.py::test_block_rules[value11-HYPOTHESIS_CLOSED]
PASSED tests/unit/test_orchestration_policy.py::test_block_rules[value12-HYPOTHESIS_CLOSED]
PASSED tests/unit/test_orchestration_policy.py::test_block_rules[value13-COST_MODEL_MISMATCH]
PASSED tests/unit/test_orchestration_policy.py::test_block_rules[value14-SYMBOL_NOT_ALLOWED]
PASSED tests/unit/test_orchestration_policy.py::test_block_rules[value15-REFERENCE_NOT_ALLOWED]
PASSED tests/unit/test_orchestration_policy.py::test_block_rules[value16-PRIORITY_ABOVE_CAP]
PASSED tests/unit/test_orchestration_policy.py::test_same_h9_in_three_domains_never_mixes
PASSED tests/unit/test_orchestration_policy.py::test_duplicate_and_request_id_conflict
PASSED tests/unit/test_orchestration_policy.py::test_require_human_contradiction_new_hypothesis_and_reconciliation
PASSED tests/unit/test_orchestration_policy.py::test_require_human_when_the_domain_refused_the_hypothesis_as_not_admitted
PASSED tests/unit/test_orchestration_policy.py::test_abstain_on_open_task_and_budget
PASSED tests/unit/test_orchestration_policy.py::test_cooldown_after_negative_streak_then_allowed_again
PASSED tests/unit/test_orchestration_policy.py::test_negative_results_never_widen_what_is_allowed
PASSED tests/unit/test_orchestration_policy.py::test_economic_watch_is_not_a_signal
PASSED tests/unit/test_orchestration_policy.py::test_receipt_is_canonical_deterministic_and_names_policy_and_config
PASSED tests/unit/test_orchestration_policy.py::test_configuration_rejects_closed_hypothesis_made_proposable
PASSED tests/unit/test_orchestration_stocks_config.py::test_packaged_stocks_configuration_comes_from_the_pinned_base_and_the_contract
PASSED tests/unit/test_orchestration_stocks_config.py::test_allow_a_qualification_probe_when_nothing_blocks
PASSED tests/unit/test_orchestration_stocks_config.py::test_closed_hypotheses_and_frozen_families_are_never_reopened
PASSED tests/unit/test_orchestration_stocks_config.py::test_costs_references_priority_and_domain_are_enforced
PASSED tests/unit/test_orchestration_stocks_config.py::test_costs_are_compared_only_where_the_contract_declares_them
PASSED tests/unit/test_orchestration_stocks_config.py::test_llm_requests_carry_the_placebo_seed_only_where_the_contract_declares_it
PASSED tests/unit/test_orchestration_stocks_config.py::test_each_proposable_hypothesis_has_one_request_type_from_the_frozen_fixtures
PASSED tests/unit/test_orchestration_stocks_config.py::test_a_collection_hypothesis_is_never_sent_as_a_backtest
PASSED tests/unit/test_orchestration_stocks_config.py::test_the_same_experiment_under_another_id_adds_no_information
PASSED tests/unit/test_orchestration_stocks_config.py::test_rationale_counts_and_eligibility_are_checked_against_the_view
PASSED tests/unit/test_orchestration_stocks_config.py::test_overlaid_hypotheses_ask_for_their_own_experiment
PASSED tests/unit/test_orchestration_stocks_config.py::test_packaged_llm_only_hypotheses_are_negative_controls_with_their_own_seeds
PASSED tests/unit/test_orchestration_stocks_config.py::test_a_refused_task_is_never_a_request_template
PASSED tests/unit/test_orchestration_stocks_config.py::test_the_model_sees_what_each_allowed_hypothesis_would_request_never_costs
PASSED tests/unit/test_orchestration_stocks_config.py::test_a_false_refusal_claim_in_the_rationale_is_reported
PASSED tests/unit/test_orchestration_stocks_config.py::test_economic_watch_never_raises_priority_or_budget
PASSED tests/unit/test_orchestration_stocks_config.py::test_same_h9_in_three_domains_never_mixes_in_the_stocks_orchestration
PASSED tests/unit/test_orchestration_stocks_config.py::test_stocks_and_crypto_configurations_are_distinct_and_hashed
PASSED tests/unit/test_orchestration_stocks_config.py::test_the_families_of_the_stocks_main_are_frozen_too_d26
84 passed in 5.15s
[cain exit 0]
cleanroom-final status=0 done 2026-09-30T00:35:13Z
