run_at 2026-09-28T03:18:11Z
CHECK 1/version OK installed=2.0.0rc2 package=/home/superleo13/predictors/runtime/integration-brasileirao/tools-venv/lib/python3.13/site-packages/research_protocol/__init__.py
CHECK 1/wheel-sha256 OK predictor_research_protocol-2.0.0rc2-py3-none-any.whl sha256=34a1e4121e4085b901e3bd96552e2f5b4067c5e6af5e99dc1c26d6276fc7c820
CHECK 2/schema/research-task-2.schema.json OK sha256=0a76ff4a9c3f98fedbe64a91351d35bf92a01f9fd8571b0cab9e1e2ab6fafbbe
CHECK 2/schema/research-result-2.schema.json OK sha256=8ff6afde861de42b0355e63e53cc43fe5e6ec0d3407a925a53f63b2aca5eda48
CHECK 2/schema/domains.json OK sha256=ac421748187f149bfbc63a69388705c4c5596e80b5c399d577be562b55ad20e7
CHECK 2/registry-sha256 OK REGISTRY_SHA256=ac421748187f149bfbc63a69388705c4c5596e80b5c399d577be562b55ad20e7
CHECK 3/contract-sha256 OK registry=1c75fc4507df8d48f1278e3c9475c627e8fce7cf25483395fe760e480cc752ec
CHECK 3/request_schema OK $id=brasileirao-research-request/1
CHECK 3/adapter_paths OK ['brasileirao_predictor/adapters/']
CHECK 3/adapter_api OK função, reread e same_path_as_entrypoint
CHECK 4/etapa-a/task-bytes OK task_id=brasileirao:TASK-d469f51a357006194fb38ef960b4f5eb
CHECK 4/etapa-a/result-bytes OK status=RESULT
CHECK 4/etapa-a/payload OK payload_sha256=82630fb89bc694aa
CHECK 4/etapa-a/content-hash-ignores-client_ref OK request_content_hash igual com e sem client_ref
CHECK 5/etapa-a/qualified-ids OK brasileirao:TASK-d469f51a357006194fb38ef960b4f5eb, brasileirao:episode-1, brasileirao:REQ-E2E-RUNTIME-001, brasileirao:HQ-SERVING-BASELINE
CHECK 4/h9/task-bytes OK task_id=brasileirao:TASK-a217b64758a0bb915918e79a09d87ac7
CHECK 4/h9/result-bytes OK status=RESULT
CHECK 4/h9/payload OK payload_sha256=7792d31cc3b111b9
CHECK 4/h9/content-hash-ignores-client_ref OK request_content_hash igual com e sem client_ref
CHECK 5/h9/qualified-ids OK brasileirao:TASK-a217b64758a0bb915918e79a09d87ac7, brasileirao:episode-2, brasileirao:REQ-ISO-H9-001, brasileirao:H9
{"schema": "integration-brasileirao/ENVELOPE_V2_CHECK/1", "protocol_version": "2.0.0rc2", "registry_sha256": "ac421748187f149bfbc63a69388705c4c5596e80b5c399d577be562b55ad20e7", "checks": 20, "ok": 20, "failed": []}
exit=0
