{"n": 1, "label": "propose 1", "at": "2026-09-28T01:16:44Z", "seconds": 0.142, "argv": ["/home/runner/work/_temp/work/rt/cain-venv/bin/cain", "research", "propose", "--domain", "crypto", "--state", "/home/runner/work/_temp/work/failures/F14/cain-state", "--proposal", "/home/runner/work/_temp/work/failures/F14/proposals/1.json", "--as-of", "2026-09-28T01:16:44Z"], "fault_env": {}, "exit": 0}
--- stdout
{"decision": "ALLOW", "episode_id": "crypto:episode-1", "reason_code": "ALLOWED", "receipt_sha256": "25b156074a8eabcf3e86ce8ce863ff60d72e3023c455043e7780c02035bfe5dd", "rule": "R14", "status": "RECORDED", "task": {"payload_sha256": "e9264719e60e131e7f1ba6e1eeccd8c56e211a33f7cdad5c51ed02d44daea2f5", "previous_task_id": null, "task_id": "crypto:TASK-8cc185dd248b575b73d47e1edd7f7c18"}}
--- stderr
--- end
{"n": 2, "label": "dispatch", "at": "2026-09-28T01:16:44Z", "seconds": 0.119, "argv": ["/home/runner/work/_temp/work/rt/cain-venv/bin/cain", "research", "dispatch", "--domain", "crypto", "--state", "/home/runner/work/_temp/work/failures/F14/cain-state", "--spool", "/home/runner/work/_temp/work/failures/F14/spool"], "fault_env": {}, "exit": 0}
--- stdout
{"action": "dispatched", "file": "crypto/tasks/TASK-8cc185dd248b575b73d47e1edd7f7c18.json", "spool": "WRITTEN", "task_id": "crypto:TASK-8cc185dd248b575b73d47e1edd7f7c18"}
--- stderr
--- end
{"n": 3, "label": "consumer with Ops worker crash", "at": "2026-09-28T01:16:44Z", "seconds": 0.337, "argv": ["/home/runner/work/_temp/work/rt/consumer-venv/bin/predictor-research-consumer", "--domain", "crypto", "--spool", "/home/runner/work/_temp/work/failures/F14/spool", "--ledger", "/home/runner/work/_temp/work/failures/F14/consumer/ledger.sqlite", "--state", "/home/runner/work/_temp/work/failures/F14/domain-state", "--policy", "/home/runner/work/_temp/work/rt/op/policy.json", "--objects", "/home/runner/work/_temp/work/rt/op/objects"], "fault_env": {"CRIPTO_RESEARCH_FAULT": "ops_worker_crash"}, "exit": 0}
--- stdout
{"action": "delivered", "attempt": 1, "class": "RETRYABLE", "episode_id": "crypto:episode-1", "result_file": "crypto/results/TASK-8cc185dd248b575b73d47e1edd7f7c18.7ee4a92cdb84d580.json", "result_write": "WRITTEN", "status": "OPS_FAILED_RETRYABLE", "task_id": "crypto:TASK-8cc185dd248b575b73d47e1edd7f7c18"}
--- stderr
{"duration_ms": 107, "event": "job_finished", "job_id": "crypto-research-f806680cf9de3c4b5c101d00", "level": "INFO", "run_id": "9bd3bad935314ceaa505f2f116ea41d8", "run_status": "FAILED", "service": "predictor_ops", "timestamp": "2026-09-28T01:16:44.695058Z"}
--- end
{"n": 4, "label": "ingest retryable", "at": "2026-09-28T01:16:44Z", "seconds": 0.12, "argv": ["/home/runner/work/_temp/work/rt/cain-venv/bin/cain", "research", "ingest", "--domain", "crypto", "--state", "/home/runner/work/_temp/work/failures/F14/cain-state", "--spool", "/home/runner/work/_temp/work/failures/F14/spool"], "fault_env": {}, "exit": 0}
--- stdout
{"action": "ingested", "class": "RETRYABLE", "fact": null, "file": "TASK-8cc185dd248b575b73d47e1edd7f7c18.7ee4a92cdb84d580.json", "status": "OPS_FAILED_RETRYABLE", "task_id": "crypto:TASK-8cc185dd248b575b73d47e1edd7f7c18"}
--- stderr
--- end
{"n": 5, "label": "propose 2", "at": "2026-09-28T01:16:44Z", "seconds": 0.119, "argv": ["/home/runner/work/_temp/work/rt/cain-venv/bin/cain", "research", "propose", "--domain", "crypto", "--state", "/home/runner/work/_temp/work/failures/F14/cain-state", "--proposal", "/home/runner/work/_temp/work/failures/F14/proposals/2.json", "--as-of", "2026-09-28T01:16:44Z"], "fault_env": {}, "exit": 0}
--- stdout
{"decision": "ABSTAIN", "episode_id": "crypto:episode-2", "reason_code": "OPEN_TASK_PENDING", "receipt_sha256": "2bdf713e603a644e1168508cb8dafd39bc3a6b88047ec4afc05e2a1b8a127177", "rule": "R12", "status": "RECORDED", "task": null}
--- stderr
--- end
{"n": 6, "label": "episodes", "at": "2026-09-28T01:16:45Z", "seconds": 0.118, "argv": ["/home/runner/work/_temp/work/rt/cain-venv/bin/cain", "research", "episodes", "--domain", "crypto", "--state", "/home/runner/work/_temp/work/failures/F14/cain-state"], "fault_env": {}, "exit": 0}
--- stdout
{"domain": "crypto", "episodes": [{"as_of": "2026-09-28T01:16:44Z", "decision": "ALLOW", "number": 1, "outbox": {"dispatches": 1, "retries_requested": 0, "status": "PUBLISHED", "task_id": "crypto:TASK-8cc185dd248b575b73d47e1edd7f7c18"}, "proposal_id": "cain:FM-F14-1", "reason_code": "ALLOWED", "receipt_sha256": "25b156074a8eabcf3e86ce8ce863ff60d72e3023c455043e7780c02035bfe5dd", "source": "operator", "task_id": "crypto:TASK-8cc185dd248b575b73d47e1edd7f7c18"}, {"as_of": "2026-09-28T01:16:44Z", "decision": "ABSTAIN", "number": 2, "outbox": null, "proposal_id": "cain:FM-F14-2", "reason_code": "OPEN_TASK_PENDING", "receipt_sha256": "2bdf713e603a644e1168508cb8dafd39bc3a6b88047ec4afc05e2a1b8a127177", "source": "operator", "task_id": null}], "inbox": [{"class": "RETRYABLE", "fact_id": null, "payload_sha256": null, "status": "OPS_FAILED_RETRYABLE", "task_id": "crypto:TASK-8cc185dd248b575b73d47e1edd7f7c18"}], "memory": {"broken_at": null, "entries": 0, "head": "cain-memory-log/1", "head_recorded_at": null, "projection": "consistent", "status": "intact"}, "rejections": []}
--- stderr
--- end
{"n": 7, "label": "retry", "at": "2026-09-28T01:16:45Z", "seconds": 0.119, "argv": ["/home/runner/work/_temp/work/rt/cain-venv/bin/cain", "research", "retry", "--domain", "crypto", "--state", "/home/runner/work/_temp/work/failures/F14/cain-state", "--spool", "/home/runner/work/_temp/work/failures/F14/spool", "--task-id", "crypto:TASK-8cc185dd248b575b73d47e1edd7f7c18"], "fault_env": {}, "exit": 0}
--- stdout
{"action": "retry_requested", "attempt": 1, "file": "crypto/retries/TASK-8cc185dd248b575b73d47e1edd7f7c18.1.json", "task_id": "crypto:TASK-8cc185dd248b575b73d47e1edd7f7c18"}
--- stderr
--- end
{"n": 8, "label": "consumer after retry", "at": "2026-09-28T01:16:45Z", "seconds": 0.432, "argv": ["/home/runner/work/_temp/work/rt/consumer-venv/bin/predictor-research-consumer", "--domain", "crypto", "--spool", "/home/runner/work/_temp/work/failures/F14/spool", "--ledger", "/home/runner/work/_temp/work/failures/F14/consumer/ledger.sqlite", "--state", "/home/runner/work/_temp/work/failures/F14/domain-state", "--policy", "/home/runner/work/_temp/work/rt/op/policy.json", "--objects", "/home/runner/work/_temp/work/rt/op/objects"], "fault_env": {}, "exit": 0}
--- stdout
{"action": "delivered", "attempt": 2, "class": "TERMINAL_RESULT", "episode_id": "crypto:episode-1", "result_file": "crypto/results/TASK-8cc185dd248b575b73d47e1edd7f7c18.2da73569b1fc906b.json", "result_write": "WRITTEN", "status": "RESULT", "task_id": "crypto:TASK-8cc185dd248b575b73d47e1edd7f7c18"}
--- stderr
{"duration_ms": 207, "event": "job_finished", "job_id": "crypto-research-f806680cf9de3c4b5c101d00", "level": "INFO", "run_id": "81a7e2cfb9834179a001feeb9a5e6e30", "run_status": "SUCCEEDED", "service": "predictor_ops", "timestamp": "2026-09-28T01:16:45.590597Z"}
--- end
{"n": 9, "label": "ingest after retry", "at": "2026-09-28T01:16:45Z", "seconds": 0.125, "argv": ["/home/runner/work/_temp/work/rt/cain-venv/bin/cain", "research", "ingest", "--domain", "crypto", "--state", "/home/runner/work/_temp/work/failures/F14/cain-state", "--spool", "/home/runner/work/_temp/work/failures/F14/spool"], "fault_env": {}, "exit": 0}
--- stdout
{"action": "ingested", "class": "TERMINAL_RESULT", "fact": "fact:d479d5d07f1a48d2977b30aa318fc429", "file": "TASK-8cc185dd248b575b73d47e1edd7f7c18.2da73569b1fc906b.json", "status": "RESULT", "task_id": "crypto:TASK-8cc185dd248b575b73d47e1edd7f7c18"}
{"action": "duplicate", "file": "TASK-8cc185dd248b575b73d47e1edd7f7c18.7ee4a92cdb84d580.json"}
--- stderr
--- end
{"n": 10, "label": "one RESULT after the retry", "at": "2026-09-28T01:16:45Z", "seconds": 0.118, "argv": ["/home/runner/work/_temp/work/rt/cain-venv/bin/cain", "research", "episodes", "--domain", "crypto", "--state", "/home/runner/work/_temp/work/failures/F14/cain-state"], "fault_env": {}, "exit": 0}
--- stdout
{"domain": "crypto", "episodes": [{"as_of": "2026-09-28T01:16:44Z", "decision": "ALLOW", "number": 1, "outbox": {"dispatches": 1, "retries_requested": 1, "status": "PUBLISHED", "task_id": "crypto:TASK-8cc185dd248b575b73d47e1edd7f7c18"}, "proposal_id": "cain:FM-F14-1", "reason_code": "ALLOWED", "receipt_sha256": "25b156074a8eabcf3e86ce8ce863ff60d72e3023c455043e7780c02035bfe5dd", "source": "operator", "task_id": "crypto:TASK-8cc185dd248b575b73d47e1edd7f7c18"}, {"as_of": "2026-09-28T01:16:44Z", "decision": "ABSTAIN", "number": 2, "outbox": null, "proposal_id": "cain:FM-F14-2", "reason_code": "OPEN_TASK_PENDING", "receipt_sha256": "2bdf713e603a644e1168508cb8dafd39bc3a6b88047ec4afc05e2a1b8a127177", "source": "operator", "task_id": null}], "inbox": [{"class": "TERMINAL_RESULT", "fact_id": "fact:d479d5d07f1a48d2977b30aa318fc429", "payload_sha256": "cc43f967d87dad83fca7552dec4d458796efbaf24dee5d0d97a15a0aa221ceeb", "status": "RESULT", "task_id": "crypto:TASK-8cc185dd248b575b73d47e1edd7f7c18"}, {"class": "RETRYABLE", "fact_id": null, "payload_sha256": null, "status": "OPS_FAILED_RETRYABLE", "task_id": "crypto:TASK-8cc185dd248b575b73d47e1edd7f7c18"}], "memory": {"broken_at": null, "entries": 1, "head": "050872e6aded88d12b7f5ec37284b7e88d324646d92fb1599a207034074bebf5", "head_recorded_at": "2026-09-28T01:16:45.741400Z", "projection": "consistent", "status": "intact"}, "rejections": []}
--- stderr
--- end
