run_at=2026-09-28T18:00:53Z host=DESKTOP-EJPA2MT (PC 2, WSL) repo=leonardosovienski/cain commit=960fb25614709bd95ce607c8dfb80892d901d883 subdir=. tag=v0.4.13rc13
fatal: path '.' exists on disk, but not in '960fb25614709bd95ce607c8dfb80892d901d883'
tree=960fb25614709bd95ce607c8dfb80892d901d883:. uv=uv 0.12.18 (x86_64-unknown-linux-gnu) SOURCE_DATE_EPOCH=1758240000
Successfully built /home/superleo13/predictors/runtime/integration-stocks/publish/cain-rc13/dist-a/cain_research-0.4.13rc13-py3-none-any.whl
Successfully built /home/superleo13/predictors/runtime/integration-stocks/publish/cain-rc13/dist-b/cain_research-0.4.13rc13-py3-none-any.whl
a1d94fd52762d6f8a9587f88064f53996aa46fcddad6be893272cb8079676854  cain_research-0.4.13rc13-py3-none-any.whl
a1d94fd52762d6f8a9587f88064f53996aa46fcddad6be893272cb8079676854  cain_research-0.4.13rc13-py3-none-any.whl
Wheel-Version: 1.0
Generator: setuptools (84.0.0)
Root-Is-Purelib: true
Tag: py3-none-any

REPRODUCIBLE=YES
$ gh release create v0.4.13rc13 -R leonardosovienski/cain --target 960fb25614709bd95ce607c8dfb80892d901d883 --prerelease --title 'cain-research 0.4.13rc13 (Etapa B, integration-stocks ciclo 4)' --notes-file cain-0.4.13rc13.md cain_research-0.4.13rc13-py3-none-any.whl
https://github.com/leonardosovienski/cain/releases/tag/v0.4.13rc13
release_exit=0
$ curl -sSfL (anônimo) https://github.com/leonardosovienski/cain/releases/download/v0.4.13rc13/cain_research-0.4.13rc13-py3-none-any.whl
downloaded_sha256=a1d94fd52762d6f8a9587f88064f53996aa46fcddad6be893272cb8079676854 expected=a1d94fd52762d6f8a9587f88064f53996aa46fcddad6be893272cb8079676854
api: true	cain_research-0.4.13rc13-py3-none-any.whl sha256:a1d94fd52762d6f8a9587f88064f53996aa46fcddad6be893272cb8079676854 425080
tag -> 960fb25614709bd95ce607c8dfb80892d901d883
RELEASE_VERIFIED=YES url=https://github.com/leonardosovienski/cain/releases/download/v0.4.13rc13/cain_research-0.4.13rc13-py3-none-any.whl sha256=a1d94fd52762d6f8a9587f88064f53996aa46fcddad6be893272cb8079676854
