run_at=2026-09-28T00:52:24Z host=DESKTOP-EJPA2MT (PC 2, WSL) repo=leonardosovienski/stocks-predictor commit=6f857b232eaa63f3fccda6a16f92dbfc8983ab3b tag=v0.3.0rc3 uv=uv 0.12.18 (x86_64-unknown-linux-gnu)
head=6f857b232eaa63f3fccda6a16f92dbfc8983ab3b tree=dc3115fd286e139ab75686bb5affd86ea90a9cd0 clean=0
Building source distribution...
Building wheel from source distribution...
Successfully built dist/stocks_predictor-0.3.0rc3.tar.gz
Successfully built dist/stocks_predictor-0.3.0rc3-py3-none-any.whl
Building source distribution...
Building wheel from source distribution...
Successfully built /tmp/stocks-build-2li56mk2/dist/stocks_predictor-0.3.0rc3.tar.gz
Successfully built /tmp/stocks-build-2li56mk2/dist/stocks_predictor-0.3.0rc3-py3-none-any.whl
{
  "status": "PASS",
  "head": "6f857b232eaa63f3fccda6a16f92dbfc8983ab3b",
  "source_date_epoch": "1790555773",
  "python": "3.13.15 (main, Sep  1 2026, 14:18:08) [Clang 22.1.3 ]",
  "distributions": {
    "stocks_predictor-0.3.0rc3-py3-none-any.whl": "902f0d34efe7aef02c084e7886ef997c9b3f9bfe28e0e923c9c178361131ea00",
    "stocks_predictor-0.3.0rc3.tar.gz": "a902a9ee8e3ec389fdd8ead5e15e32b4918cc7dea89f09c0a78e732760da2833"
  },
  "scope": "Two isolated output directories, same controlled environment; not a cross-OS identity claim."
}
902f0d34efe7aef02c084e7886ef997c9b3f9bfe28e0e923c9c178361131ea00  dist/stocks_predictor-0.3.0rc3-py3-none-any.whl
a902a9ee8e3ec389fdd8ead5e15e32b4918cc7dea89f09c0a78e732760da2833  dist/stocks_predictor-0.3.0rc3.tar.gz
56dd68bffb4908fe018769aeb3afd980dcd50b4266483876c643aa75ae1f046a  build-receipt.json
$ gh release create v0.3.0rc3 -R leonardosovienski/stocks-predictor --target 6f857b232eaa63f3fccda6a16f92dbfc8983ab3b --prerelease --title 'v0.3.0rc3 (qualificação Etapa B integration-stocks — pré-release)' --notes-file stocks-predictor-0.3.0rc3.md stocks_predictor-0.3.0rc3-py3-none-any.whl stocks_predictor-0.3.0rc3.tar.gz build-receipt.json
https://github.com/leonardosovienski/stocks-predictor/releases/tag/v0.3.0rc3
release_exit=0
$ curl -sSfL (anônimo) https://github.com/leonardosovienski/stocks-predictor/releases/download/v0.3.0rc3/stocks_predictor-0.3.0rc3-py3-none-any.whl
downloaded_sha256=902f0d34efe7aef02c084e7886ef997c9b3f9bfe28e0e923c9c178361131ea00 expected=902f0d34efe7aef02c084e7886ef997c9b3f9bfe28e0e923c9c178361131ea00
api: true	build-receipt.json sha256:56dd68bffb4908fe018769aeb3afd980dcd50b4266483876c643aa75ae1f046a 541	stocks_predictor-0.3.0rc3-py3-none-any.whl sha256:902f0d34efe7aef02c084e7886ef997c9b3f9bfe28e0e923c9c178361131ea00 324011	stocks_predictor-0.3.0rc3.tar.gz sha256:a902a9ee8e3ec389fdd8ead5e15e32b4918cc7dea89f09c0a78e732760da2833 26438452
tag -> 6f857b232eaa63f3fccda6a16f92dbfc8983ab3b
RELEASE_VERIFIED=YES url=https://github.com/leonardosovienski/stocks-predictor/releases/download/v0.3.0rc3/stocks_predictor-0.3.0rc3-py3-none-any.whl sha256=902f0d34efe7aef02c084e7886ef997c9b3f9bfe28e0e923c9c178361131ea00
