run_at=2026-09-28T14:20:19Z host=DESKTOP-EJPA2MT (PC 2, WSL) repo=leonardosovienski/cain commit=3b65ffeae6f6096be91b15e4d5e2d6a1eedb6088 subdir=. tag=v0.4.13rc11
fatal: path '.' exists on disk, but not in '3b65ffeae6f6096be91b15e4d5e2d6a1eedb6088'
tree=3b65ffeae6f6096be91b15e4d5e2d6a1eedb6088:. uv=uv 0.12.18 (x86_64-unknown-linux-gnu) SOURCE_DATE_EPOCH=1758240000
Successfully built /home/superleo13/predictors/runtime/integration-stocks/publish/cain-0.4.13rc11/dist-a/cain_research-0.4.13rc11-py3-none-any.whl
Successfully built /home/superleo13/predictors/runtime/integration-stocks/publish/cain-0.4.13rc11/dist-b/cain_research-0.4.13rc11-py3-none-any.whl
297b806d49d3d2d502e8e31311a12dca3c5d51d3cb0d8274145ee4bff982e0ca  cain_research-0.4.13rc11-py3-none-any.whl
297b806d49d3d2d502e8e31311a12dca3c5d51d3cb0d8274145ee4bff982e0ca  cain_research-0.4.13rc11-py3-none-any.whl
Wheel-Version: 1.0
Generator: setuptools (84.0.0)
Root-Is-Purelib: true
Tag: py3-none-any

REPRODUCIBLE=YES
$ gh release create v0.4.13rc11 -R leonardosovienski/cain --target 3b65ffeae6f6096be91b15e4d5e2d6a1eedb6088 --prerelease --title 'cain 0.4.13rc11 (release única da Etapa B, C14)' --notes-file cain-0.4.13rc11.md cain_research-0.4.13rc11-py3-none-any.whl
https://github.com/leonardosovienski/cain/releases/tag/v0.4.13rc11
release_exit=0
$ curl -sSfL (anônimo) https://github.com/leonardosovienski/cain/releases/download/v0.4.13rc11/cain_research-0.4.13rc11-py3-none-any.whl
downloaded_sha256=297b806d49d3d2d502e8e31311a12dca3c5d51d3cb0d8274145ee4bff982e0ca expected=297b806d49d3d2d502e8e31311a12dca3c5d51d3cb0d8274145ee4bff982e0ca
api: true	cain_research-0.4.13rc11-py3-none-any.whl sha256:297b806d49d3d2d502e8e31311a12dca3c5d51d3cb0d8274145ee4bff982e0ca 419357
tag -> 3b65ffeae6f6096be91b15e4d5e2d6a1eedb6088
RELEASE_VERIFIED=YES url=https://github.com/leonardosovienski/cain/releases/download/v0.4.13rc11/cain_research-0.4.13rc11-py3-none-any.whl sha256=297b806d49d3d2d502e8e31311a12dca3c5d51d3cb0d8274145ee4bff982e0ca
