run_at=2026-09-28T00:51:55Z host=DESKTOP-EJPA2MT (PC 2, WSL) repo=leonardosovienski/cain commit=deccaaa0a0e2cb2b5f292614659eb4bf2e943e50 subdir=. tag=v0.4.13rc7
fatal: path '.' exists on disk, but not in 'deccaaa0a0e2cb2b5f292614659eb4bf2e943e50'
tree=deccaaa0a0e2cb2b5f292614659eb4bf2e943e50:. uv=uv 0.12.18 (x86_64-unknown-linux-gnu) SOURCE_DATE_EPOCH=1758240000
Successfully built /home/superleo13/predictors/runtime/integration-stocks/publish/cain-rc7/dist-a/cain_research-0.4.13rc7-py3-none-any.whl
Successfully built /home/superleo13/predictors/runtime/integration-stocks/publish/cain-rc7/dist-b/cain_research-0.4.13rc7-py3-none-any.whl
5560bc813189b6087e197c606502ebc7a1b920d4a6efbcc1b33cd3975a03e98d  cain_research-0.4.13rc7-py3-none-any.whl
5560bc813189b6087e197c606502ebc7a1b920d4a6efbcc1b33cd3975a03e98d  cain_research-0.4.13rc7-py3-none-any.whl
Wheel-Version: 1.0
Generator: setuptools (84.0.0)
Root-Is-Purelib: true
Tag: py3-none-any

REPRODUCIBLE=YES
$ gh release create v0.4.13rc7 -R leonardosovienski/cain --target deccaaa0a0e2cb2b5f292614659eb4bf2e943e50 --prerelease --title 'v0.4.13rc7' --notes-file cain-0.4.13rc7.md cain_research-0.4.13rc7-py3-none-any.whl
https://github.com/leonardosovienski/cain/releases/tag/v0.4.13rc7
release_exit=0
$ curl -sSfL (anônimo) https://github.com/leonardosovienski/cain/releases/download/v0.4.13rc7/cain_research-0.4.13rc7-py3-none-any.whl
downloaded_sha256=5560bc813189b6087e197c606502ebc7a1b920d4a6efbcc1b33cd3975a03e98d expected=5560bc813189b6087e197c606502ebc7a1b920d4a6efbcc1b33cd3975a03e98d
api: true	cain_research-0.4.13rc7-py3-none-any.whl sha256:5560bc813189b6087e197c606502ebc7a1b920d4a6efbcc1b33cd3975a03e98d 409190
tag -> deccaaa0a0e2cb2b5f292614659eb4bf2e943e50
RELEASE_VERIFIED=YES url=https://github.com/leonardosovienski/cain/releases/download/v0.4.13rc7/cain_research-0.4.13rc7-py3-none-any.whl sha256=5560bc813189b6087e197c606502ebc7a1b920d4a6efbcc1b33cd3975a03e98d
