{"n": 1, "label": "propose 1", "at": "2026-09-28T14:24:37Z", "seconds": 0.161, "argv": ["/home/runner/work/_temp/work/rt/cain-venv/bin/cain", "research", "propose", "--domain", "crypto", "--state", "/home/runner/work/_temp/work/failures/F14/cain-state", "--proposal", "/home/runner/work/_temp/work/failures/F14/proposals/1.json", "--as-of", "2026-09-28T14:24:37Z"], "fault_env": {}, "exit": 0}
--- stdout
{"decision": "ALLOW", "episode_id": "crypto:episode-1", "reason_code": "ALLOWED", "receipt_sha256": "49878ed8a2eb0991d4e2e333dbce00139f72b5147d6d7f3c1f16d484554c44f6", "rule": "R14", "status": "RECORDED", "task": {"payload_sha256": "e9264719e60e131e7f1ba6e1eeccd8c56e211a33f7cdad5c51ed02d44daea2f5", "previous_task_id": null, "task_id": "crypto:TASK-8cc185dd248b575b73d47e1edd7f7c18"}}
--- stderr
--- end
{"n": 2, "label": "dispatch", "at": "2026-09-28T14:24:37Z", "seconds": 0.13, "argv": ["/home/runner/work/_temp/work/rt/cain-venv/bin/cain", "research", "dispatch", "--domain", "crypto", "--state", "/home/runner/work/_temp/work/failures/F14/cain-state", "--spool", "/home/runner/work/_temp/work/failures/F14/spool"], "fault_env": {}, "exit": 0}
--- stdout
{"action": "dispatched", "file": "crypto/tasks/TASK-8cc185dd248b575b73d47e1edd7f7c18.json", "spool": "WRITTEN", "task_id": "crypto:TASK-8cc185dd248b575b73d47e1edd7f7c18"}
--- stderr
--- end
{"n": 3, "label": "consumer with Ops worker crash", "at": "2026-09-28T14:24:37Z", "seconds": 0.353, "argv": ["/home/runner/work/_temp/work/rt/consumer-venv/bin/predictor-research-consumer", "--domain", "crypto", "--spool", "/home/runner/work/_temp/work/failures/F14/spool", "--ledger", "/home/runner/work/_temp/work/failures/F14/consumer/ledger.sqlite", "--state", "/home/runner/work/_temp/work/failures/F14/domain-state", "--policy", "/home/runner/work/_temp/work/rt/op/policy.json", "--objects", "/home/runner/work/_temp/work/rt/op/objects"], "fault_env": {"CRIPTO_RESEARCH_FAULT": "ops_worker_crash"}, "exit": 0}
--- stdout
{"action": "delivered", "attempt": 1, "class": "RETRYABLE", "episode_id": "crypto:episode-1", "result_file": "crypto/results/TASK-8cc185dd248b575b73d47e1edd7f7c18.243823361ad0152e.json", "result_write": "WRITTEN", "status": "OPS_FAILED_RETRYABLE", "task_id": "crypto:TASK-8cc185dd248b575b73d47e1edd7f7c18"}
--- stderr
{"duration_ms": 108, "event": "job_finished", "job_id": "crypto-research-f806680cf9de3c4b5c101d00", "level": "INFO", "run_id": "efd82a91179941d290ec18747f1afd26", "run_status": "FAILED", "service": "predictor_ops", "timestamp": "2026-09-28T14:24:37.928356Z"}
--- end
{"n": 4, "label": "ingest retryable", "at": "2026-09-28T14:24:38Z", "seconds": 0.132, "argv": ["/home/runner/work/_temp/work/rt/cain-venv/bin/cain", "research", "ingest", "--domain", "crypto", "--state", "/home/runner/work/_temp/work/failures/F14/cain-state", "--spool", "/home/runner/work/_temp/work/failures/F14/spool"], "fault_env": {}, "exit": 0}
--- stdout
{"action": "ingested", "class": "RETRYABLE", "fact": null, "file": "TASK-8cc185dd248b575b73d47e1edd7f7c18.243823361ad0152e.json", "status": "OPS_FAILED_RETRYABLE", "task_id": "crypto:TASK-8cc185dd248b575b73d47e1edd7f7c18"}
--- stderr
--- end
{"n": 5, "label": "propose 2", "at": "2026-09-28T14:24:38Z", "seconds": 0.133, "argv": ["/home/runner/work/_temp/work/rt/cain-venv/bin/cain", "research", "propose", "--domain", "crypto", "--state", "/home/runner/work/_temp/work/failures/F14/cain-state", "--proposal", "/home/runner/work/_temp/work/failures/F14/proposals/2.json", "--as-of", "2026-09-28T14:24:38Z"], "fault_env": {}, "exit": 0}
--- stdout
{"decision": "ABSTAIN", "episode_id": "crypto:episode-2", "reason_code": "OPEN_TASK_PENDING", "receipt_sha256": "2204e84945176ed443f3b36fe92a8576682992086a552d01a04c65e3d432206b", "rule": "R12", "status": "RECORDED", "task": null}
--- stderr
--- end
{"n": 6, "label": "episodes", "at": "2026-09-28T14:24:38Z", "seconds": 0.125, "argv": ["/home/runner/work/_temp/work/rt/cain-venv/bin/cain", "research", "episodes", "--domain", "crypto", "--state", "/home/runner/work/_temp/work/failures/F14/cain-state"], "fault_env": {}, "exit": 0}
--- stdout
{"domain": "crypto", "episodes": [{"as_of": "2026-09-28T14:24:37Z", "decision": "ALLOW", "number": 1, "outbox": {"dispatches": 1, "retries_requested": 0, "status": "PUBLISHED", "task_id": "crypto:TASK-8cc185dd248b575b73d47e1edd7f7c18"}, "proposal_id": "cain:FM-F14-1", "reason_code": "ALLOWED", "receipt_sha256": "49878ed8a2eb0991d4e2e333dbce00139f72b5147d6d7f3c1f16d484554c44f6", "source": "operator", "task_id": "crypto:TASK-8cc185dd248b575b73d47e1edd7f7c18"}, {"as_of": "2026-09-28T14:24:38Z", "decision": "ABSTAIN", "number": 2, "outbox": null, "proposal_id": "cain:FM-F14-2", "reason_code": "OPEN_TASK_PENDING", "receipt_sha256": "2204e84945176ed443f3b36fe92a8576682992086a552d01a04c65e3d432206b", "source": "operator", "task_id": null}], "inbox": [{"class": "RETRYABLE", "fact_id": null, "payload_sha256": null, "status": "OPS_FAILED_RETRYABLE", "task_id": "crypto:TASK-8cc185dd248b575b73d47e1edd7f7c18"}], "memory": {"broken_at": null, "entries": 0, "head": "cain-memory-log/1", "head_recorded_at": null, "projection": "consistent", "status": "intact"}, "rejections": []}
--- stderr
--- end
{"n": 7, "label": "retry", "at": "2026-09-28T14:24:38Z", "seconds": 0.123, "argv": ["/home/runner/work/_temp/work/rt/cain-venv/bin/cain", "research", "retry", "--domain", "crypto", "--state", "/home/runner/work/_temp/work/failures/F14/cain-state", "--spool", "/home/runner/work/_temp/work/failures/F14/spool", "--task-id", "crypto:TASK-8cc185dd248b575b73d47e1edd7f7c18"], "fault_env": {}, "exit": 0}
--- stdout
{"action": "retry_requested", "attempt": 1, "file": "crypto/retries/TASK-8cc185dd248b575b73d47e1edd7f7c18.1.json", "task_id": "crypto:TASK-8cc185dd248b575b73d47e1edd7f7c18"}
--- stderr
--- end
{"n": 8, "label": "consumer after retry", "at": "2026-09-28T14:24:38Z", "seconds": 0.452, "argv": ["/home/runner/work/_temp/work/rt/consumer-venv/bin/predictor-research-consumer", "--domain", "crypto", "--spool", "/home/runner/work/_temp/work/failures/F14/spool", "--ledger", "/home/runner/work/_temp/work/failures/F14/consumer/ledger.sqlite", "--state", "/home/runner/work/_temp/work/failures/F14/domain-state", "--policy", "/home/runner/work/_temp/work/rt/op/policy.json", "--objects", "/home/runner/work/_temp/work/rt/op/objects"], "fault_env": {}, "exit": 0}
--- stdout
{"action": "delivered", "attempt": 2, "class": "TERMINAL_RESULT", "episode_id": "crypto:episode-1", "result_file": "crypto/results/TASK-8cc185dd248b575b73d47e1edd7f7c18.ad2c4e7d29a78b7f.json", "result_write": "WRITTEN", "status": "RESULT", "task_id": "crypto:TASK-8cc185dd248b575b73d47e1edd7f7c18"}
--- stderr
{"duration_ms": 214, "event": "job_finished", "job_id": "crypto-research-f806680cf9de3c4b5c101d00", "level": "INFO", "run_id": "5481fdda4ea847e3a4ffc77f3d5ec955", "run_status": "SUCCEEDED", "service": "predictor_ops", "timestamp": "2026-09-28T14:24:38.875779Z"}
--- end
{"n": 9, "label": "ingest after retry", "at": "2026-09-28T14:24:39Z", "seconds": 0.129, "argv": ["/home/runner/work/_temp/work/rt/cain-venv/bin/cain", "research", "ingest", "--domain", "crypto", "--state", "/home/runner/work/_temp/work/failures/F14/cain-state", "--spool", "/home/runner/work/_temp/work/failures/F14/spool"], "fault_env": {}, "exit": 0}
--- stdout
{"action": "duplicate", "file": "TASK-8cc185dd248b575b73d47e1edd7f7c18.243823361ad0152e.json"}
{"action": "ingested", "class": "TERMINAL_RESULT", "fact": "fact:7a84929a93a043f2a70bf2f94e67ba5f", "file": "TASK-8cc185dd248b575b73d47e1edd7f7c18.ad2c4e7d29a78b7f.json", "status": "RESULT", "task_id": "crypto:TASK-8cc185dd248b575b73d47e1edd7f7c18"}
--- stderr
--- end
{"n": 10, "label": "one RESULT after the retry", "at": "2026-09-28T14:24:39Z", "seconds": 0.128, "argv": ["/home/runner/work/_temp/work/rt/cain-venv/bin/cain", "research", "episodes", "--domain", "crypto", "--state", "/home/runner/work/_temp/work/failures/F14/cain-state"], "fault_env": {}, "exit": 0}
--- stdout
{"domain": "crypto", "episodes": [{"as_of": "2026-09-28T14:24:37Z", "decision": "ALLOW", "number": 1, "outbox": {"dispatches": 1, "retries_requested": 1, "status": "PUBLISHED", "task_id": "crypto:TASK-8cc185dd248b575b73d47e1edd7f7c18"}, "proposal_id": "cain:FM-F14-1", "reason_code": "ALLOWED", "receipt_sha256": "49878ed8a2eb0991d4e2e333dbce00139f72b5147d6d7f3c1f16d484554c44f6", "source": "operator", "task_id": "crypto:TASK-8cc185dd248b575b73d47e1edd7f7c18"}, {"as_of": "2026-09-28T14:24:38Z", "decision": "ABSTAIN", "number": 2, "outbox": null, "proposal_id": "cain:FM-F14-2", "reason_code": "OPEN_TASK_PENDING", "receipt_sha256": "2204e84945176ed443f3b36fe92a8576682992086a552d01a04c65e3d432206b", "source": "operator", "task_id": null}], "inbox": [{"class": "RETRYABLE", "fact_id": null, "payload_sha256": null, "status": "OPS_FAILED_RETRYABLE", "task_id": "crypto:TASK-8cc185dd248b575b73d47e1edd7f7c18"}, {"class": "TERMINAL_RESULT", "fact_id": "fact:7a84929a93a043f2a70bf2f94e67ba5f", "payload_sha256": "f59e0d7600fc4fa0ed01aa1c18f95878bb98b97ea2bb79e61c97b6c9120e23db", "status": "RESULT", "task_id": "crypto:TASK-8cc185dd248b575b73d47e1edd7f7c18"}], "memory": {"broken_at": null, "entries": 1, "head": "a4512336f09ebef391993f11475c6e99bfe3346faad53a0e825d5c8756dab9fe", "head_recorded_at": "2026-09-28T14:24:39.036642Z", "projection": "consistent", "status": "intact"}, "rejections": []}
--- stderr
--- end
