{"n": 1, "label": "propose 1", "at": "2026-09-28T14:58:24Z", "seconds": 0.137, "argv": ["/home/runner/work/_temp/work/rt/cain-venv/bin/cain", "research", "propose", "--domain", "crypto", "--state", "/home/runner/work/_temp/work/failures/F10/cain-state", "--proposal", "/home/runner/work/_temp/work/failures/F10/proposals/1.json", "--as-of", "2026-09-28T14:58:23Z"], "fault_env": {}, "exit": 0}
--- stdout
{"decision": "ALLOW", "episode_id": "crypto:episode-1", "reason_code": "ALLOWED", "receipt_sha256": "1d3fd51bfbdfc33c8b5f2d1f7c515edd4947d094578884c0030c4d07cf42dc0a", "rule": "R14", "status": "RECORDED", "task": {"payload_sha256": "ce064b16fa538de60597686adf880d881b14115b153843de12de0d6bd11ba0ed", "previous_task_id": null, "task_id": "crypto:TASK-1f666f0d35938548f5d439a6e3d46a98"}}
--- stderr
--- end
{"n": 2, "label": "dispatch 1", "at": "2026-09-28T14:58:24Z", "seconds": 0.119, "argv": ["/home/runner/work/_temp/work/rt/cain-venv/bin/cain", "research", "dispatch", "--domain", "crypto", "--state", "/home/runner/work/_temp/work/failures/F10/cain-state", "--spool", "/home/runner/work/_temp/work/failures/F10/spool"], "fault_env": {}, "exit": 0}
--- stdout
{"action": "dispatched", "file": "crypto/tasks/TASK-1f666f0d35938548f5d439a6e3d46a98.json", "spool": "WRITTEN", "task_id": "crypto:TASK-1f666f0d35938548f5d439a6e3d46a98"}
--- stderr
--- end
{"n": 3, "label": "consumer 1", "at": "2026-09-28T14:58:24Z", "seconds": 0.443, "argv": ["/home/runner/work/_temp/work/rt/consumer-venv/bin/predictor-research-consumer", "--domain", "crypto", "--spool", "/home/runner/work/_temp/work/failures/F10/spool", "--ledger", "/home/runner/work/_temp/work/failures/F10/consumer/ledger.sqlite", "--state", "/home/runner/work/_temp/work/failures/F10/domain-state", "--policy", "/home/runner/work/_temp/work/rt/op/policy.json", "--objects", "/home/runner/work/_temp/work/rt/op/objects"], "fault_env": {}, "exit": 0}
--- stdout
{"action": "delivered", "attempt": 1, "class": "TERMINAL_RESULT", "episode_id": "crypto:episode-1", "result_file": "crypto/results/TASK-1f666f0d35938548f5d439a6e3d46a98.b91e456e545cac5c.json", "result_write": "WRITTEN", "status": "RESULT", "task_id": "crypto:TASK-1f666f0d35938548f5d439a6e3d46a98"}
--- stderr
{"duration_ms": 207, "event": "job_finished", "job_id": "crypto-research-c8cfa6bb156a72f86909260b", "level": "INFO", "run_id": "c8ec363343bf4c85892bdb7f455e2845", "run_status": "SUCCEEDED", "service": "predictor_ops", "timestamp": "2026-09-28T14:58:24.529557Z"}
--- end
{"n": 4, "label": "ingest 1", "at": "2026-09-28T14:58:24Z", "seconds": 0.124, "argv": ["/home/runner/work/_temp/work/rt/cain-venv/bin/cain", "research", "ingest", "--domain", "crypto", "--state", "/home/runner/work/_temp/work/failures/F10/cain-state", "--spool", "/home/runner/work/_temp/work/failures/F10/spool"], "fault_env": {}, "exit": 0}
--- stdout
{"action": "ingested", "class": "TERMINAL_RESULT", "fact": "fact:345813562f4b4e72a4308378a76dc31d", "file": "TASK-1f666f0d35938548f5d439a6e3d46a98.b91e456e545cac5c.json", "status": "RESULT", "task_id": "crypto:TASK-1f666f0d35938548f5d439a6e3d46a98"}
--- stderr
--- end
{"n": 5, "label": "propose 2", "at": "2026-09-28T14:58:24Z", "seconds": 0.122, "argv": ["/home/runner/work/_temp/work/rt/cain-venv/bin/cain", "research", "propose", "--domain", "crypto", "--state", "/home/runner/work/_temp/work/failures/F10/cain-state", "--proposal", "/home/runner/work/_temp/work/failures/F10/proposals/2.json", "--as-of", "2026-09-28T14:58:24Z"], "fault_env": {}, "exit": 0}
--- stdout
{"decision": "ALLOW", "episode_id": "crypto:episode-2", "reason_code": "ALLOWED", "receipt_sha256": "5e6ea355716c3ca0e59d681e6c098d8082e931802f4c5d1caf131d2a8b6d7347", "rule": "R14", "status": "RECORDED", "task": {"payload_sha256": "a38c93f30d71d4c7310235f560be21527e7b8720629cfc79ba855184c44c4fd2", "previous_task_id": "crypto:TASK-1f666f0d35938548f5d439a6e3d46a98", "task_id": "crypto:TASK-fe0d545866305674f36a15ffb165643c"}}
--- stderr
--- end
{"n": 6, "label": "dispatch 2", "at": "2026-09-28T14:58:24Z", "seconds": 0.118, "argv": ["/home/runner/work/_temp/work/rt/cain-venv/bin/cain", "research", "dispatch", "--domain", "crypto", "--state", "/home/runner/work/_temp/work/failures/F10/cain-state", "--spool", "/home/runner/work/_temp/work/failures/F10/spool"], "fault_env": {}, "exit": 0}
--- stdout
{"action": "dispatched", "file": "crypto/tasks/TASK-fe0d545866305674f36a15ffb165643c.json", "spool": "WRITTEN", "task_id": "crypto:TASK-fe0d545866305674f36a15ffb165643c"}
--- stderr
--- end
{"n": 7, "label": "consumer 2", "at": "2026-09-28T14:58:25Z", "seconds": 0.432, "argv": ["/home/runner/work/_temp/work/rt/consumer-venv/bin/predictor-research-consumer", "--domain", "crypto", "--spool", "/home/runner/work/_temp/work/failures/F10/spool", "--ledger", "/home/runner/work/_temp/work/failures/F10/consumer/ledger.sqlite", "--state", "/home/runner/work/_temp/work/failures/F10/domain-state", "--policy", "/home/runner/work/_temp/work/rt/op/policy.json", "--objects", "/home/runner/work/_temp/work/rt/op/objects"], "fault_env": {}, "exit": 0}
--- stdout
{"action": "skipped", "episode_id": "crypto:episode-1", "state": "TERMINAL_RESULT", "status": "RESULT", "task_id": "crypto:TASK-1f666f0d35938548f5d439a6e3d46a98"}
{"action": "delivered", "attempt": 1, "class": "TERMINAL_RESULT", "episode_id": "crypto:episode-2", "result_file": "crypto/results/TASK-fe0d545866305674f36a15ffb165643c.5b4bddab9c06df0b.json", "result_write": "WRITTEN", "status": "RESULT", "task_id": "crypto:TASK-fe0d545866305674f36a15ffb165643c"}
--- stderr
{"duration_ms": 206, "event": "job_finished", "job_id": "crypto-research-2740742cfd5818eaeb414576", "level": "INFO", "run_id": "28565d81572e49198ce164d3f37a7d96", "run_status": "SUCCEEDED", "service": "predictor_ops", "timestamp": "2026-09-28T14:58:25.329175Z"}
--- end
{"n": 8, "label": "ingest out of order", "at": "2026-09-28T14:58:25Z", "seconds": 0.127, "argv": ["/home/runner/work/_temp/work/rt/cain-venv/bin/cain", "research", "ingest", "--domain", "crypto", "--state", "/home/runner/work/_temp/work/failures/F10/cain-state", "--spool", "/home/runner/work/_temp/work/failures/F10/spool"], "fault_env": {}, "exit": 0}
--- stdout
{"action": "duplicate", "file": "00-late-TASK-1f666f0d35938548f5d439a6e3d46a98.b91e456e545cac5c.json"}
{"action": "duplicate", "file": "TASK-1f666f0d35938548f5d439a6e3d46a98.b91e456e545cac5c.json"}
{"action": "ingested", "class": "TERMINAL_RESULT", "fact": "fact:bb151daa024440fcbd6de8697c18afcd", "file": "TASK-fe0d545866305674f36a15ffb165643c.5b4bddab9c06df0b.json", "status": "RESULT", "task_id": "crypto:TASK-fe0d545866305674f36a15ffb165643c"}
--- stderr
--- end
{"n": 9, "label": "episodes", "at": "2026-09-28T14:58:25Z", "seconds": 0.118, "argv": ["/home/runner/work/_temp/work/rt/cain-venv/bin/cain", "research", "episodes", "--domain", "crypto", "--state", "/home/runner/work/_temp/work/failures/F10/cain-state"], "fault_env": {}, "exit": 0}
--- stdout
{"domain": "crypto", "episodes": [{"as_of": "2026-09-28T14:58:23Z", "decision": "ALLOW", "number": 1, "outbox": {"dispatches": 1, "retries_requested": 0, "status": "PUBLISHED", "task_id": "crypto:TASK-1f666f0d35938548f5d439a6e3d46a98"}, "proposal_id": "cain:FM-F10-1", "reason_code": "ALLOWED", "receipt_sha256": "1d3fd51bfbdfc33c8b5f2d1f7c515edd4947d094578884c0030c4d07cf42dc0a", "source": "operator", "task_id": "crypto:TASK-1f666f0d35938548f5d439a6e3d46a98"}, {"as_of": "2026-09-28T14:58:24Z", "decision": "ALLOW", "number": 2, "outbox": {"dispatches": 1, "retries_requested": 0, "status": "PUBLISHED", "task_id": "crypto:TASK-fe0d545866305674f36a15ffb165643c"}, "proposal_id": "cain:FM-F10-2", "reason_code": "ALLOWED", "receipt_sha256": "5e6ea355716c3ca0e59d681e6c098d8082e931802f4c5d1caf131d2a8b6d7347", "source": "operator", "task_id": "crypto:TASK-fe0d545866305674f36a15ffb165643c"}], "inbox": [{"class": "TERMINAL_RESULT", "fact_id": "fact:345813562f4b4e72a4308378a76dc31d", "payload_sha256": "b07758dd93dcbfcb334eb7a065259dc15ad97a59390a98d93b46f4f727786df0", "status": "RESULT", "task_id": "crypto:TASK-1f666f0d35938548f5d439a6e3d46a98"}, {"class": "TERMINAL_RESULT", "fact_id": "fact:bb151daa024440fcbd6de8697c18afcd", "payload_sha256": "839cb90f68d300a71bc16e8783d07951b35a6e59e720f60cd959593e000fd08c", "status": "RESULT", "task_id": "crypto:TASK-fe0d545866305674f36a15ffb165643c"}], "memory": {"broken_at": null, "entries": 2, "head": "9e67574bdfcaf7c2a95018116021e5a56707a4cebf97590ce762f55b0d4d3ae2", "head_recorded_at": "2026-09-28T14:58:25.478421Z", "projection": "consistent", "status": "intact"}, "rejections": []}
--- stderr
--- end
{"n": 10, "label": "two tasks, two results", "at": "2026-09-28T14:58:25Z", "seconds": 0.118, "argv": ["/home/runner/work/_temp/work/rt/cain-venv/bin/cain", "research", "episodes", "--domain", "crypto", "--state", "/home/runner/work/_temp/work/failures/F10/cain-state"], "fault_env": {}, "exit": 0}
--- stdout
{"domain": "crypto", "episodes": [{"as_of": "2026-09-28T14:58:23Z", "decision": "ALLOW", "number": 1, "outbox": {"dispatches": 1, "retries_requested": 0, "status": "PUBLISHED", "task_id": "crypto:TASK-1f666f0d35938548f5d439a6e3d46a98"}, "proposal_id": "cain:FM-F10-1", "reason_code": "ALLOWED", "receipt_sha256": "1d3fd51bfbdfc33c8b5f2d1f7c515edd4947d094578884c0030c4d07cf42dc0a", "source": "operator", "task_id": "crypto:TASK-1f666f0d35938548f5d439a6e3d46a98"}, {"as_of": "2026-09-28T14:58:24Z", "decision": "ALLOW", "number": 2, "outbox": {"dispatches": 1, "retries_requested": 0, "status": "PUBLISHED", "task_id": "crypto:TASK-fe0d545866305674f36a15ffb165643c"}, "proposal_id": "cain:FM-F10-2", "reason_code": "ALLOWED", "receipt_sha256": "5e6ea355716c3ca0e59d681e6c098d8082e931802f4c5d1caf131d2a8b6d7347", "source": "operator", "task_id": "crypto:TASK-fe0d545866305674f36a15ffb165643c"}], "inbox": [{"class": "TERMINAL_RESULT", "fact_id": "fact:345813562f4b4e72a4308378a76dc31d", "payload_sha256": "b07758dd93dcbfcb334eb7a065259dc15ad97a59390a98d93b46f4f727786df0", "status": "RESULT", "task_id": "crypto:TASK-1f666f0d35938548f5d439a6e3d46a98"}, {"class": "TERMINAL_RESULT", "fact_id": "fact:bb151daa024440fcbd6de8697c18afcd", "payload_sha256": "839cb90f68d300a71bc16e8783d07951b35a6e59e720f60cd959593e000fd08c", "status": "RESULT", "task_id": "crypto:TASK-fe0d545866305674f36a15ffb165643c"}], "memory": {"broken_at": null, "entries": 2, "head": "9e67574bdfcaf7c2a95018116021e5a56707a4cebf97590ce762f55b0d4d3ae2", "head_recorded_at": "2026-09-28T14:58:25.478421Z", "projection": "consistent", "status": "intact"}, "rejections": []}
--- stderr
--- end
