
=================================== ERRORS ====================================
______________ ERROR collecting tests/test_absolute_research.py _______________
ImportError while importing test module 'C:\Users\runneradmin\AppData\Local\Temp\tmp.04T1u7Bs7N\tree\tests\test_absolute_research.py'.
Hint: make sure your test modules/packages have valid Python names.
Traceback:
D:\a\_temp\uv-python-dir\cpython-3.13-windows-x86_64-none\Lib\importlib\__init__.py:88: in import_module
    return _bootstrap._gcd_import(name[level:], package, level)
           ^^^^^^^^^^^^^^^^^^^^^^^^^^^^^^^^^^^^^^^^^^^^^^^^^^^^
tests\test_absolute_research.py:11: in <module>
    from scripts.backtest_absolute_carry import (
E   ModuleNotFoundError: No module named 'scripts'
_______________ ERROR collecting tests/test_altcoin_analogs.py ________________
ImportError while importing test module 'C:\Users\runneradmin\AppData\Local\Temp\tmp.04T1u7Bs7N\tree\tests\test_altcoin_analogs.py'.
Hint: make sure your test modules/packages have valid Python names.
Traceback:
D:\a\_temp\uv-python-dir\cpython-3.13-windows-x86_64-none\Lib\importlib\__init__.py:88: in import_module
    return _bootstrap._gcd_import(name[level:], package, level)
           ^^^^^^^^^^^^^^^^^^^^^^^^^^^^^^^^^^^^^^^^^^^^^^^^^^^^
tests\test_altcoin_analogs.py:8: in <module>
    from scripts.collect_altcoin_analogs import select_symbols, time_ms
E   ModuleNotFoundError: No module named 'scripts'
_______________ ERROR collecting tests/test_altcoin_forward.py ________________
ImportError while importing test module 'C:\Users\runneradmin\AppData\Local\Temp\tmp.04T1u7Bs7N\tree\tests\test_altcoin_forward.py'.
Hint: make sure your test modules/packages have valid Python names.
Traceback:
D:\a\_temp\uv-python-dir\cpython-3.13-windows-x86_64-none\Lib\importlib\__init__.py:88: in import_module
    return _bootstrap._gcd_import(name[level:], package, level)
           ^^^^^^^^^^^^^^^^^^^^^^^^^^^^^^^^^^^^^^^^^^^^^^^^^^^^
tests\test_altcoin_forward.py:11: in <module>
    from scripts import observe_altcoin_forward as f
E   ModuleNotFoundError: No module named 'scripts'
___________ ERROR collecting tests/test_altcoin_observer_review.py ____________
ImportError while importing test module 'C:\Users\runneradmin\AppData\Local\Temp\tmp.04T1u7Bs7N\tree\tests\test_altcoin_observer_review.py'.
Hint: make sure your test modules/packages have valid Python names.
Traceback:
D:\a\_temp\uv-python-dir\cpython-3.13-windows-x86_64-none\Lib\importlib\__init__.py:88: in import_module
    return _bootstrap._gcd_import(name[level:], package, level)
           ^^^^^^^^^^^^^^^^^^^^^^^^^^^^^^^^^^^^^^^^^^^^^^^^^^^^
tests\test_altcoin_observer_review.py:9: in <module>
    from scripts import observe_altcoin_forward as f
E   ModuleNotFoundError: No module named 'scripts'
________________ ERROR collecting tests/test_altcoin_payoff.py ________________
ImportError while importing test module 'C:\Users\runneradmin\AppData\Local\Temp\tmp.04T1u7Bs7N\tree\tests\test_altcoin_payoff.py'.
Hint: make sure your test modules/packages have valid Python names.
Traceback:
D:\a\_temp\uv-python-dir\cpython-3.13-windows-x86_64-none\Lib\importlib\__init__.py:88: in import_module
    return _bootstrap._gcd_import(name[level:], package, level)
           ^^^^^^^^^^^^^^^^^^^^^^^^^^^^^^^^^^^^^^^^^^^^^^^^^^^^
tests\test_altcoin_payoff.py:7: in <module>
    from scripts.prepare_altcoin_payoff import (
E   ModuleNotFoundError: No module named 'scripts'
________________ ERROR collecting tests/test_altcoin_retro.py _________________
ImportError while importing test module 'C:\Users\runneradmin\AppData\Local\Temp\tmp.04T1u7Bs7N\tree\tests\test_altcoin_retro.py'.
Hint: make sure your test modules/packages have valid Python names.
Traceback:
D:\a\_temp\uv-python-dir\cpython-3.13-windows-x86_64-none\Lib\importlib\__init__.py:88: in import_module
    return _bootstrap._gcd_import(name[level:], package, level)
           ^^^^^^^^^^^^^^^^^^^^^^^^^^^^^^^^^^^^^^^^^^^^^^^^^^^^
tests\test_altcoin_retro.py:12: in <module>
    from scripts import backtest_altcoin_payoff as b
E   ModuleNotFoundError: No module named 'scripts'
__________________ ERROR collecting tests/test_btc_basis.py ___________________
ImportError while importing test module 'C:\Users\runneradmin\AppData\Local\Temp\tmp.04T1u7Bs7N\tree\tests\test_btc_basis.py'.
Hint: make sure your test modules/packages have valid Python names.
Traceback:
D:\a\_temp\uv-python-dir\cpython-3.13-windows-x86_64-none\Lib\importlib\__init__.py:88: in import_module
    return _bootstrap._gcd_import(name[level:], package, level)
           ^^^^^^^^^^^^^^^^^^^^^^^^^^^^^^^^^^^^^^^^^^^^^^^^^^^^
tests\test_btc_basis.py:7: in <module>
    from scripts.backtest_btc_basis import (
E   ModuleNotFoundError: No module named 'scripts'
______________ ERROR collecting tests/test_btc_execution_plan.py ______________
ImportError while importing test module 'C:\Users\runneradmin\AppData\Local\Temp\tmp.04T1u7Bs7N\tree\tests\test_btc_execution_plan.py'.
Hint: make sure your test modules/packages have valid Python names.
Traceback:
D:\a\_temp\uv-python-dir\cpython-3.13-windows-x86_64-none\Lib\importlib\__init__.py:88: in import_module
    return _bootstrap._gcd_import(name[level:], package, level)
           ^^^^^^^^^^^^^^^^^^^^^^^^^^^^^^^^^^^^^^^^^^^^^^^^^^^^
tests\test_btc_execution_plan.py:5: in <module>
    from scripts.plan_btc_hedge import net_hedge_plan
E   ModuleNotFoundError: No module named 'scripts'
___________ ERROR collecting tests/test_btc_execution_validation.py ___________
ImportError while importing test module 'C:\Users\runneradmin\AppData\Local\Temp\tmp.04T1u7Bs7N\tree\tests\test_btc_execution_validation.py'.
Hint: make sure your test modules/packages have valid Python names.
Traceback:
D:\a\_temp\uv-python-dir\cpython-3.13-windows-x86_64-none\Lib\importlib\__init__.py:88: in import_module
    return _bootstrap._gcd_import(name[level:], package, level)
           ^^^^^^^^^^^^^^^^^^^^^^^^^^^^^^^^^^^^^^^^^^^^^^^^^^^^
tests\test_btc_execution_validation.py:5: in <module>
    from scripts.plan_btc_hedge import net_hedge_plan as legacy_plan
E   ModuleNotFoundError: No module named 'scripts'
________________ ERROR collecting tests/test_carry_forward.py _________________
ImportError while importing test module 'C:\Users\runneradmin\AppData\Local\Temp\tmp.04T1u7Bs7N\tree\tests\test_carry_forward.py'.
Hint: make sure your test modules/packages have valid Python names.
Traceback:
D:\a\_temp\uv-python-dir\cpython-3.13-windows-x86_64-none\Lib\importlib\__init__.py:88: in import_module
    return _bootstrap._gcd_import(name[level:], package, level)
           ^^^^^^^^^^^^^^^^^^^^^^^^^^^^^^^^^^^^^^^^^^^^^^^^^^^^
tests\test_carry_forward.py:7: in <module>
    from scripts import observe_carry_forward as observer
E   ModuleNotFoundError: No module named 'scripts'
_________________ ERROR collecting tests/test_carry_public.py _________________
ImportError while importing test module 'C:\Users\runneradmin\AppData\Local\Temp\tmp.04T1u7Bs7N\tree\tests\test_carry_public.py'.
Hint: make sure your test modules/packages have valid Python names.
Traceback:
D:\a\_temp\uv-python-dir\cpython-3.13-windows-x86_64-none\Lib\importlib\__init__.py:88: in import_module
    return _bootstrap._gcd_import(name[level:], package, level)
           ^^^^^^^^^^^^^^^^^^^^^^^^^^^^^^^^^^^^^^^^^^^^^^^^^^^^
tests\test_carry_public.py:6: in <module>
    from scripts.carry_public import PublicSource, verify_sources
E   ModuleNotFoundError: No module named 'scripts'
_____________ ERROR collecting tests/test_check_reopen_dossier.py _____________
ImportError while importing test module 'C:\Users\runneradmin\AppData\Local\Temp\tmp.04T1u7Bs7N\tree\tests\test_check_reopen_dossier.py'.
Hint: make sure your test modules/packages have valid Python names.
Traceback:
D:\a\_temp\uv-python-dir\cpython-3.13-windows-x86_64-none\Lib\importlib\__init__.py:88: in import_module
    return _bootstrap._gcd_import(name[level:], package, level)
           ^^^^^^^^^^^^^^^^^^^^^^^^^^^^^^^^^^^^^^^^^^^^^^^^^^^^
tests\test_check_reopen_dossier.py:5: in <module>
    from scripts.check_reopen_dossier import (
E   ModuleNotFoundError: No module named 'scripts'
_____________ ERROR collecting tests/test_continuity_recovery.py ______________
tests\test_continuity_recovery.py:12: in <module>
    spec.loader.exec_module(restore)
<frozen importlib._bootstrap_external>:1019: in exec_module
    ???
<frozen importlib._bootstrap_external>:1156: in get_code
    ???
<frozen importlib._bootstrap_external>:1214: in get_data
    ???
E   FileNotFoundError: [Errno 2] No such file or directory: 'C:\\Users\\runneradmin\\AppData\\Local\\Temp\\tmp.04T1u7Bs7N\\tree\\docs\\continuity_20260909\\restore_archives.py'
__________ ERROR collecting tests/test_diagnose_h6_mechanism_pit.py ___________
ImportError while importing test module 'C:\Users\runneradmin\AppData\Local\Temp\tmp.04T1u7Bs7N\tree\tests\test_diagnose_h6_mechanism_pit.py'.
Hint: make sure your test modules/packages have valid Python names.
Traceback:
D:\a\_temp\uv-python-dir\cpython-3.13-windows-x86_64-none\Lib\importlib\__init__.py:88: in import_module
    return _bootstrap._gcd_import(name[level:], package, level)
           ^^^^^^^^^^^^^^^^^^^^^^^^^^^^^^^^^^^^^^^^^^^^^^^^^^^^
tests\test_diagnose_h6_mechanism_pit.py:9: in <module>
    from scripts.diagnose_h6_mechanism import load_mechanism_rows
E   ModuleNotFoundError: No module named 'scripts'
________________ ERROR collecting tests/test_failure_replay.py ________________
ImportError while importing test module 'C:\Users\runneradmin\AppData\Local\Temp\tmp.04T1u7Bs7N\tree\tests\test_failure_replay.py'.
Hint: make sure your test modules/packages have valid Python names.
Traceback:
D:\a\_temp\uv-python-dir\cpython-3.13-windows-x86_64-none\Lib\importlib\__init__.py:88: in import_module
    return _bootstrap._gcd_import(name[level:], package, level)
           ^^^^^^^^^^^^^^^^^^^^^^^^^^^^^^^^^^^^^^^^^^^^^^^^^^^^
tests\test_failure_replay.py:25: in <module>
    from scripts.feature_store_backup import create_backup, verify_backup
E   ModuleNotFoundError: No module named 'scripts'
_____________ ERROR collecting tests/test_feature_store_backup.py _____________
ImportError while importing test module 'C:\Users\runneradmin\AppData\Local\Temp\tmp.04T1u7Bs7N\tree\tests\test_feature_store_backup.py'.
Hint: make sure your test modules/packages have valid Python names.
Traceback:
D:\a\_temp\uv-python-dir\cpython-3.13-windows-x86_64-none\Lib\importlib\__init__.py:88: in import_module
    return _bootstrap._gcd_import(name[level:], package, level)
           ^^^^^^^^^^^^^^^^^^^^^^^^^^^^^^^^^^^^^^^^^^^^^^^^^^^^
tests\test_feature_store_backup.py:8: in <module>
    from scripts.feature_store_backup import (
E   ModuleNotFoundError: No module named 'scripts'
________ ERROR collecting tests/test_feature_store_backup_agendado.py _________
ImportError while importing test module 'C:\Users\runneradmin\AppData\Local\Temp\tmp.04T1u7Bs7N\tree\tests\test_feature_store_backup_agendado.py'.
Hint: make sure your test modules/packages have valid Python names.
Traceback:
D:\a\_temp\uv-python-dir\cpython-3.13-windows-x86_64-none\Lib\importlib\__init__.py:88: in import_module
    return _bootstrap._gcd_import(name[level:], package, level)
           ^^^^^^^^^^^^^^^^^^^^^^^^^^^^^^^^^^^^^^^^^^^^^^^^^^^^
tests\test_feature_store_backup_agendado.py:12: in <module>
    from scripts.feature_store_backup import (
E   ModuleNotFoundError: No module named 'scripts'
_____________ ERROR collecting tests/test_freeze_h6_definition.py _____________
ImportError while importing test module 'C:\Users\runneradmin\AppData\Local\Temp\tmp.04T1u7Bs7N\tree\tests\test_freeze_h6_definition.py'.
Hint: make sure your test modules/packages have valid Python names.
Traceback:
D:\a\_temp\uv-python-dir\cpython-3.13-windows-x86_64-none\Lib\importlib\__init__.py:88: in import_module
    return _bootstrap._gcd_import(name[level:], package, level)
           ^^^^^^^^^^^^^^^^^^^^^^^^^^^^^^^^^^^^^^^^^^^^^^^^^^^^
tests\test_freeze_h6_definition.py:7: in <module>
    from scripts.freeze_h6_definition import build_snapshot
E   ModuleNotFoundError: No module named 'scripts'
_______________ ERROR collecting tests/test_immediate_audit.py ________________
ImportError while importing test module 'C:\Users\runneradmin\AppData\Local\Temp\tmp.04T1u7Bs7N\tree\tests\test_immediate_audit.py'.
Hint: make sure your test modules/packages have valid Python names.
Traceback:
D:\a\_temp\uv-python-dir\cpython-3.13-windows-x86_64-none\Lib\importlib\__init__.py:88: in import_module
    return _bootstrap._gcd_import(name[level:], package, level)
           ^^^^^^^^^^^^^^^^^^^^^^^^^^^^^^^^^^^^^^^^^^^^^^^^^^^^
tests\test_immediate_audit.py:7: in <module>
    from scripts.audit_immediate_decimal import rebuild
E   ModuleNotFoundError: No module named 'scripts'
__________ ERROR collecting tests/test_integration_audit_receipt.py ___________
tests\test_integration_audit_receipt.py:13: in <module>
    summarize = runpy.run_path(str(SCRIPT))["summarize"]
                ^^^^^^^^^^^^^^^^^^^^^^^^^^^
<frozen runpy>:293: in run_path
    ???
<frozen runpy>:261: in _get_code_from_file
    ???
E   FileNotFoundError: [Errno 2] No such file or directory: 'C:\\Users\\runneradmin\\AppData\\Local\\Temp\\tmp.04T1u7Bs7N\\tree\\scripts\\integration_audit_receipt.py'
_____________ ERROR collecting tests/test_manual_dependencies.py ______________
ImportError while importing test module 'C:\Users\runneradmin\AppData\Local\Temp\tmp.04T1u7Bs7N\tree\tests\test_manual_dependencies.py'.
Hint: make sure your test modules/packages have valid Python names.
Traceback:
D:\a\_temp\uv-python-dir\cpython-3.13-windows-x86_64-none\Lib\importlib\__init__.py:88: in import_module
    return _bootstrap._gcd_import(name[level:], package, level)
           ^^^^^^^^^^^^^^^^^^^^^^^^^^^^^^^^^^^^^^^^^^^^^^^^^^^^
tests\test_manual_dependencies.py:6: in <module>
    from scripts import carry_forward_registration as registration
E   ModuleNotFoundError: No module named 'scripts'
__________________ ERROR collecting tests/test_paired_llm.py __________________
ImportError while importing test module 'C:\Users\runneradmin\AppData\Local\Temp\tmp.04T1u7Bs7N\tree\tests\test_paired_llm.py'.
Hint: make sure your test modules/packages have valid Python names.
Traceback:
D:\a\_temp\uv-python-dir\cpython-3.13-windows-x86_64-none\Lib\importlib\__init__.py:88: in import_module
    return _bootstrap._gcd_import(name[level:], package, level)
           ^^^^^^^^^^^^^^^^^^^^^^^^^^^^^^^^^^^^^^^^^^^^^^^^^^^^
tests\test_paired_llm.py:6: in <module>
    from scripts import paired_llm as paired
E   ModuleNotFoundError: No module named 'scripts'
_____________ ERROR collecting tests/test_recover_aave_history.py _____________
ImportError while importing test module 'C:\Users\runneradmin\AppData\Local\Temp\tmp.04T1u7Bs7N\tree\tests\test_recover_aave_history.py'.
Hint: make sure your test modules/packages have valid Python names.
Traceback:
D:\a\_temp\uv-python-dir\cpython-3.13-windows-x86_64-none\Lib\importlib\__init__.py:88: in import_module
    return _bootstrap._gcd_import(name[level:], package, level)
           ^^^^^^^^^^^^^^^^^^^^^^^^^^^^^^^^^^^^^^^^^^^^^^^^^^^^
tests\test_recover_aave_history.py:6: in <module>
    from scripts import recover_aave_history as aave
E   ModuleNotFoundError: No module named 'scripts'
_____________ ERROR collecting tests/test_research_corrections.py _____________
ImportError while importing test module 'C:\Users\runneradmin\AppData\Local\Temp\tmp.04T1u7Bs7N\tree\tests\test_research_corrections.py'.
Hint: make sure your test modules/packages have valid Python names.
Traceback:
D:\a\_temp\uv-python-dir\cpython-3.13-windows-x86_64-none\Lib\importlib\__init__.py:88: in import_module
    return _bootstrap._gcd_import(name[level:], package, level)
           ^^^^^^^^^^^^^^^^^^^^^^^^^^^^^^^^^^^^^^^^^^^^^^^^^^^^
tests\test_research_corrections.py:9: in <module>
    from scripts.audit_basis_sources import END, HOUR, START, rebuild
E   ModuleNotFoundError: No module named 'scripts'
______________ ERROR collecting tests/test_research_migration.py ______________
ImportError while importing test module 'C:\Users\runneradmin\AppData\Local\Temp\tmp.04T1u7Bs7N\tree\tests\test_research_migration.py'.
Hint: make sure your test modules/packages have valid Python names.
Traceback:
D:\a\_temp\uv-python-dir\cpython-3.13-windows-x86_64-none\Lib\importlib\__init__.py:88: in import_module
    return _bootstrap._gcd_import(name[level:], package, level)
           ^^^^^^^^^^^^^^^^^^^^^^^^^^^^^^^^^^^^^^^^^^^^^^^^^^^^
tests\test_research_migration.py:11: in <module>
    from scripts.research_migration import export, restore, safe_path, validate
E   ModuleNotFoundError: No module named 'scripts'
_________________ ERROR collecting tests/test_rolling_flip.py _________________
ImportError while importing test module 'C:\Users\runneradmin\AppData\Local\Temp\tmp.04T1u7Bs7N\tree\tests\test_rolling_flip.py'.
Hint: make sure your test modules/packages have valid Python names.
Traceback:
D:\a\_temp\uv-python-dir\cpython-3.13-windows-x86_64-none\Lib\importlib\__init__.py:88: in import_module
    return _bootstrap._gcd_import(name[level:], package, level)
           ^^^^^^^^^^^^^^^^^^^^^^^^^^^^^^^^^^^^^^^^^^^^^^^^^^^^
tests\test_rolling_flip.py:12: in <module>
    from scripts.diagnose_h6_mechanism import compute_mechanism, interpret
E   ModuleNotFoundError: No module named 'scripts'
_________ ERROR collecting tests/test_secret_assignment_boundaries.py _________
ImportError while importing test module 'C:\Users\runneradmin\AppData\Local\Temp\tmp.04T1u7Bs7N\tree\tests\test_secret_assignment_boundaries.py'.
Hint: make sure your test modules/packages have valid Python names.
Traceback:
D:\a\_temp\uv-python-dir\cpython-3.13-windows-x86_64-none\Lib\importlib\__init__.py:88: in import_module
    return _bootstrap._gcd_import(name[level:], package, level)
           ^^^^^^^^^^^^^^^^^^^^^^^^^^^^^^^^^^^^^^^^^^^^^^^^^^^^
tests\test_secret_assignment_boundaries.py:1: in <module>
    from scripts.scan_secrets import scan
E   ModuleNotFoundError: No module named 'scripts'
--- generated xml file: D:\a\_temp\out\windows-latest\full_suite.junit.xml ----
=========================== short test summary info ===========================
ERROR tests/test_absolute_research.py
ERROR tests/test_altcoin_analogs.py
ERROR tests/test_altcoin_forward.py
ERROR tests/test_altcoin_observer_review.py
ERROR tests/test_altcoin_payoff.py
ERROR tests/test_altcoin_retro.py
ERROR tests/test_btc_basis.py
ERROR tests/test_btc_execution_plan.py
ERROR tests/test_btc_execution_validation.py
ERROR tests/test_carry_forward.py
ERROR tests/test_carry_public.py
ERROR tests/test_check_reopen_dossier.py
ERROR tests/test_continuity_recovery.py - FileNotFoundError: [Errno 2] No such file or directory: 'C:\\Users\\runneradmin\\AppData\\Local\\Temp\\tmp.04T1u7Bs7N\\tree\\docs\\continuity_20260909\\restore_archives.py'
ERROR tests/test_diagnose_h6_mechanism_pit.py
ERROR tests/test_failure_replay.py
ERROR tests/test_feature_store_backup.py
ERROR tests/test_feature_store_backup_agendado.py
ERROR tests/test_freeze_h6_definition.py
ERROR tests/test_immediate_audit.py
ERROR tests/test_integration_audit_receipt.py - FileNotFoundError: [Errno 2] No such file or directory: 'C:\\Users\\runneradmin\\AppData\\Local\\Temp\\tmp.04T1u7Bs7N\\tree\\scripts\\integration_audit_receipt.py'
ERROR tests/test_manual_dependencies.py
ERROR tests/test_paired_llm.py
ERROR tests/test_recover_aave_history.py
ERROR tests/test_research_corrections.py
ERROR tests/test_research_migration.py
ERROR tests/test_rolling_flip.py
ERROR tests/test_secret_assignment_boundaries.py
!!!!!!!!!!!!!!!!!! Interrupted: 27 errors during collection !!!!!!!!!!!!!!!!!!!
27 errors in 3.96s
[exit 2]
