# 2026-09-23T21:18:46Z eventos Kernel-Power (506 = entra em Modern Standby, 507 = sai) na janela da su√≠te windows_pytest_341d270 (in√≠cio 2026-09-23T15:58:31-03:00)


TimeCreated  : 23/09/2026 18:07:39
Id           : 507
ProviderName : Microsoft-Windows-Kernel-Power
Message      : O sistema est† saindo do motivo de 
               
               em espera moderna: Lid. 

TimeCreated  : 23/09/2026 16:49:03
Id           : 506
ProviderName : Microsoft-Windows-Kernel-Power
Message      : O sistema est† entrando em modo de espera 
               
               moderno: Austerity Battery Drain Budget Exceeded. 

TimeCreated  : 23/09/2026 16:49:03
Id           : 507
ProviderName : Microsoft-Windows-Kernel-Power
Message      : O sistema est† saindo do motivo de 
               
               em espera moderna: Austerity Battery Drain Budget Exceeded. 

TimeCreated  : 23/09/2026 16:02:03
Id           : 506
ProviderName : Microsoft-Windows-Kernel-Power
Message      : O sistema est† entrando em modo de espera 
               
               moderno: Lid. 

TimeCreated  : 23/09/2026 15:50:42
Id           : 507
ProviderName : Microsoft-Windows-Kernel-Power
Message      : O sistema est† saindo do motivo de 
               
               em espera moderna: Input Keyboard. 




