runtime_env run_at=2026-09-28T14:22:58Z host=DESKTOP-EJPA2MT where=owner_linux (PC 2) uname=Linux 6.18.33.2-microsoft-standard-WSL2 x86_64
os=Ubuntu 24.04.5 LTS wsl=yes
uv=uv 0.12.18 (x86_64-unknown-linux-gnu) integrated=1 evidence_commit=30c02c75c7d169bd3907ca0a075e837c8bd60d51
provision_receipt_sha256=ee2a75d1b7901561daab27f197e3860c3f42db0221b320804a3bcdab8babb1a0
dataset source=31f30a4dcf33867d1f3aa3d12337a9a66047e6bff10b9a3fa86aae9ef06c9e43 copy=31f30a4dcf33867d1f3aa3d12337a9a66047e6bff10b9a3fa86aae9ef06c9e43 (antes)
cain 3b65ffeae6f6096be91b15e4d5e2d6a1eedb6088 (git archive)
/home/superleo13/predictors/runtime/integration-brasileirao/priv/run-20260928T142258Z-br11/wheels/cain_research-0.4.13rc11-py3-none-any.whl: OK
/home/superleo13/predictors/runtime/integration-brasileirao/priv/run-20260928T142258Z-br11/wheels/cain_research-0.4.13rc11-py3-none-any.whl: OK
Using Python 3.13.15 environment at: /home/superleo13/predictors/runtime/integration-brasileirao/priv/run-20260928T142258Z-br11/cain-venv
Checked 5 packages in 0.28ms
All installed packages are compatible
Using Python 3.13.15 environment at: /home/superleo13/predictors/runtime/integration-brasileirao/priv/run-20260928T142258Z-br11/cain-venv
brasileirao-predictor 1fc2e8842977d6ec680546a3af288dda7a5d91a6 (git archive)
/home/superleo13/predictors/runtime/integration-brasileirao/priv/run-20260928T142258Z-br11/wheels/brasileirao_predictor-0.3.0rc4-py3-none-any.whl: OK
/home/superleo13/predictors/runtime/integration-brasileirao/priv/run-20260928T142258Z-br11/wheels/brasileirao_predictor-0.3.0rc4-py3-none-any.whl: OK
/home/superleo13/predictors/runtime/integration-brasileirao/priv/run-20260928T142258Z-br11/wheels/predictor_research_transport-0.1.0rc5-py3-none-any.whl: OK
/home/superleo13/predictors/runtime/integration-brasileirao/priv/run-20260928T142258Z-br11/wheels/predictor_research_transport-0.1.0rc5-py3-none-any.whl: OK
/home/superleo13/predictors/runtime/integration-brasileirao/priv/run-20260928T142258Z-br11/wheels/predictor_research_protocol-2.0.0rc2-py3-none-any.whl: OK
/home/superleo13/predictors/runtime/integration-brasileirao/priv/run-20260928T142258Z-br11/wheels/predictor_research_protocol-2.0.0rc2-py3-none-any.whl: OK
Using Python 3.13.15 environment at: /home/superleo13/predictors/runtime/integration-brasileirao/priv/run-20260928T142258Z-br11/consumer-venv
Checked 29 packages in 0.45ms
All installed packages are compatible
Using Python 3.13.15 environment at: /home/superleo13/predictors/runtime/integration-brasileirao/priv/run-20260928T142258Z-br11/consumer-venv
CAIN venv sem pacote de domínio
brasileirao-predictor 1fc2e8842977d6ec680546a3af288dda7a5d91a6 (git archive)
brasileirao 0.3.0rc4 /home/superleo13/predictors/runtime/integration-brasileirao/priv/run-20260928T142258Z-br11/consumer-venv/lib/python3.13/site-packages/brasileirao_predictor/__init__.py
transport 0.1.0rc5 ['brasileirao', 'crypto', 'stocks']
adapter {'distribution': 'brasileirao-predictor', 'version': '0.3.0rc4', 'module': 'brasileirao_predictor.adapters.research_v2'}
cain 0.4.13rc11 /home/superleo13/predictors/runtime/integration-brasileirao/priv/run-20260928T142258Z-br11/cain-venv/lib/python3.13/site-packages/cain/__init__.py
configs ['brasileirao.json', 'crypto.json', 'stocks.json']
{"datasets": {"real-20260908": {"manifest_hash": "59c08462ac3552d22e220125dc927623ef5b873522902b68b1252c251fddde0a", "source_sha256": "31f30a4dcf33867d1f3aa3d12337a9a66047e6bff10b9a3fa86aae9ef06c9e43"}, "real-canary-20260908": {"manifest_hash": "d35ea7caa3c684f4b3ab728e0db6c182b5c373a37109b61a190b9d0dda5decbd", "source_sha256": "1a195815aae1abb30cf768f7851c6dcb96f4116417574cc8c2576f527c14f535"}}, "policy": {"policy_id": "brasileirao-integration-qualification", "sha256": "d1847bb6ec55de28396b900c3a312ac36f9c8659483afd1df3e2a7d68b75f696"}, "canary_sha256": "1a195815aae1abb30cf768f7851c6dcb96f4116417574cc8c2576f527c14f535", "registry": 8}
cripto-predictor ee3d3d17de0b76cf731808243ffa838a0f5ee8cc (git archive)
/home/superleo13/predictors/runtime/integration-brasileirao/priv/run-20260928T142258Z-br11/wheels/cripto_predictor-1.2.0rc3-py3-none-any.whl: OK
/home/superleo13/predictors/runtime/integration-brasileirao/priv/run-20260928T142258Z-br11/wheels/cripto_predictor-1.2.0rc3-py3-none-any.whl: OK
/home/superleo13/predictors/runtime/integration-brasileirao/priv/run-20260928T142258Z-br11/wheels/predictor_research_transport-0.1.0rc5-py3-none-any.whl: OK
/home/superleo13/predictors/runtime/integration-brasileirao/priv/run-20260928T142258Z-br11/wheels/predictor_research_protocol-2.0.0rc2-py3-none-any.whl: OK
Using Python 3.13.15 environment at: /home/superleo13/predictors/runtime/integration-brasileirao/priv/run-20260928T142258Z-br11/crypto-venv
Checked 79 packages in 0.88ms
All installed packages are compatible
Using Python 3.13.15 environment at: /home/superleo13/predictors/runtime/integration-brasileirao/priv/run-20260928T142258Z-br11/crypto-venv
stocks-predictor 6f857b232eaa63f3fccda6a16f92dbfc8983ab3b (git archive)
/home/superleo13/predictors/runtime/integration-brasileirao/priv/run-20260928T142258Z-br11/wheels/stocks_predictor-0.3.0rc3-py3-none-any.whl: OK
/home/superleo13/predictors/runtime/integration-brasileirao/priv/run-20260928T142258Z-br11/wheels/stocks_predictor-0.3.0rc3-py3-none-any.whl: OK
/home/superleo13/predictors/runtime/integration-brasileirao/priv/run-20260928T142258Z-br11/wheels/predictor_research_transport-0.1.0rc5-py3-none-any.whl: OK
/home/superleo13/predictors/runtime/integration-brasileirao/priv/run-20260928T142258Z-br11/wheels/predictor_research_protocol-2.0.0rc2-py3-none-any.whl: OK
Using Python 3.13.15 environment at: /home/superleo13/predictors/runtime/integration-brasileirao/priv/run-20260928T142258Z-br11/stocks-venv
Checked 25 packages in 0.38ms
All installed packages are compatible
Using Python 3.13.15 environment at: /home/superleo13/predictors/runtime/integration-brasileirao/priv/run-20260928T142258Z-br11/stocks-venv
dataset source=31f30a4dcf33867d1f3aa3d12337a9a66047e6bff10b9a3fa86aae9ef06c9e43 copy=31f30a4dcf33867d1f3aa3d12337a9a66047e6bff10b9a3fa86aae9ef06c9e43 (depois)
runtime_env done 2026-09-28T14:27:22Z
