{"n": 1, "label": "propose 1", "at": "2026-09-28T13:14:58Z", "seconds": 0.145, "argv": ["/home/runner/work/_temp/work/rt/cain-venv/bin/cain", "research", "propose", "--domain", "crypto", "--state", "/home/runner/work/_temp/work/failures/F12/cain-state", "--proposal", "/home/runner/work/_temp/work/failures/F12/proposals/1.json", "--as-of", "2026-09-28T13:14:58Z"], "fault_env": {}, "exit": 0}
--- stdout
{"decision": "ALLOW", "episode_id": "crypto:episode-1", "reason_code": "ALLOWED", "receipt_sha256": "3bf50a9868632d30c8c8f3bd65fc3e04131cf9d12d703c95b18f04055ac74ac3", "rule": "R14", "status": "RECORDED", "task": {"payload_sha256": "1868861355763c27636bd8e1691d0d1e8b19fcbe74f77fabba5d33bc85b776a3", "previous_task_id": null, "task_id": "crypto:TASK-bc2a9d8a9fcb53f2c6340c62bfc80406"}}
--- stderr
--- end
{"n": 2, "label": "dispatch 1", "at": "2026-09-28T13:14:58Z", "seconds": 0.131, "argv": ["/home/runner/work/_temp/work/rt/cain-venv/bin/cain", "research", "dispatch", "--domain", "crypto", "--state", "/home/runner/work/_temp/work/failures/F12/cain-state", "--spool", "/home/runner/work/_temp/work/failures/F12/spool"], "fault_env": {}, "exit": 0}
--- stdout
{"action": "dispatched", "file": "crypto/tasks/TASK-bc2a9d8a9fcb53f2c6340c62bfc80406.json", "spool": "WRITTEN", "task_id": "crypto:TASK-bc2a9d8a9fcb53f2c6340c62bfc80406"}
--- stderr
--- end
{"n": 3, "label": "consumer 1", "at": "2026-09-28T13:14:59Z", "seconds": 0.466, "argv": ["/home/runner/work/_temp/work/rt/consumer-venv/bin/predictor-research-consumer", "--domain", "crypto", "--spool", "/home/runner/work/_temp/work/failures/F12/spool", "--ledger", "/home/runner/work/_temp/work/failures/F12/consumer/ledger.sqlite", "--state", "/home/runner/work/_temp/work/failures/F12/domain-state", "--policy", "/home/runner/work/_temp/work/rt/op/policy.json", "--objects", "/home/runner/work/_temp/work/rt/op/objects"], "fault_env": {}, "exit": 0}
--- stdout
{"action": "delivered", "attempt": 1, "class": "TERMINAL_RESULT", "episode_id": "crypto:episode-1", "result_file": "crypto/results/TASK-bc2a9d8a9fcb53f2c6340c62bfc80406.1396f3578ca5d4f0.json", "result_write": "WRITTEN", "status": "RESULT", "task_id": "crypto:TASK-bc2a9d8a9fcb53f2c6340c62bfc80406"}
--- stderr
{"duration_ms": 207, "event": "job_finished", "job_id": "crypto-research-a4c3fdada009df5b52cf8f95", "level": "INFO", "run_id": "df9f2684d9de47ce94f3f56f697d1873", "run_status": "SUCCEEDED", "service": "predictor_ops", "timestamp": "2026-09-28T13:14:59.110150Z"}
--- end
{"n": 4, "label": "ingest 1", "at": "2026-09-28T13:14:59Z", "seconds": 0.133, "argv": ["/home/runner/work/_temp/work/rt/cain-venv/bin/cain", "research", "ingest", "--domain", "crypto", "--state", "/home/runner/work/_temp/work/failures/F12/cain-state", "--spool", "/home/runner/work/_temp/work/failures/F12/spool"], "fault_env": {}, "exit": 0}
--- stdout
{"action": "ingested", "class": "TERMINAL_RESULT", "fact": "fact:30b385282bdc49f48504c3520b993bb9", "file": "TASK-bc2a9d8a9fcb53f2c6340c62bfc80406.1396f3578ca5d4f0.json", "status": "RESULT", "task_id": "crypto:TASK-bc2a9d8a9fcb53f2c6340c62bfc80406"}
--- stderr
--- end
{"n": 5, "label": "tamper other-payload", "at": "2026-09-28T13:14:59Z", "seconds": 0.056, "argv": ["/home/runner/work/_temp/work/rt/cain-venv/bin/python", "-I", "/home/runner/work/_temp/work/failures/F12/tamper.py", "other-payload", "/home/runner/work/_temp/work/failures/F12/spool/crypto/tasks/TASK-bc2a9d8a9fcb53f2c6340c62bfc80406.json", "/home/runner/work/_temp/work/failures/F12/spool/crypto/results/TASK-bc2a9d8a9fcb53f2c6340c62bfc80406.1396f3578ca5d4f0.json", "/home/runner/work/_temp/work/failures/F12/spool/crypto/results/other-payload.json"], "fault_env": {}, "exit": 0}
--- stdout
{"mode": "other-payload", "bytes": 6556}
--- stderr
--- end
{"n": 6, "label": "ingest other payload", "at": "2026-09-28T13:14:59Z", "seconds": 0.13, "argv": ["/home/runner/work/_temp/work/rt/cain-venv/bin/cain", "research", "ingest", "--domain", "crypto", "--state", "/home/runner/work/_temp/work/failures/F12/cain-state", "--spool", "/home/runner/work/_temp/work/failures/F12/spool"], "fault_env": {}, "exit": 2}
--- stdout
{"action": "duplicate", "file": "TASK-bc2a9d8a9fcb53f2c6340c62bfc80406.1396f3578ca5d4f0.json"}
{"action": "rejected", "code": "CONFLICT", "file": "other-payload.json", "reason": "another domain payload was already ingested for this task"}
--- stderr
--- end
{"n": 7, "label": "re-dispatch over tampered spool file", "at": "2026-09-28T13:14:59Z", "seconds": 0.126, "argv": ["/home/runner/work/_temp/work/rt/cain-venv/bin/cain", "research", "dispatch", "--domain", "crypto", "--state", "/home/runner/work/_temp/work/failures/F12/cain-state", "--spool", "/home/runner/work/_temp/work/failures/F12/spool", "--resend"], "fault_env": {}, "exit": 2}
--- stdout
{"detail": "CONFLICT: tasks/TASK-bc2a9d8a9fcb53f2c6340c62bfc80406.json already has other bytes", "error": "CONFLICT"}
--- stderr
--- end
{"n": 8, "label": "original kept", "at": "2026-09-28T13:14:59Z", "seconds": 0.127, "argv": ["/home/runner/work/_temp/work/rt/cain-venv/bin/cain", "research", "episodes", "--domain", "crypto", "--state", "/home/runner/work/_temp/work/failures/F12/cain-state"], "fault_env": {}, "exit": 0}
--- stdout
{"domain": "crypto", "episodes": [{"as_of": "2026-09-28T13:14:58Z", "decision": "ALLOW", "number": 1, "outbox": {"dispatches": 1, "retries_requested": 0, "status": "PUBLISHED", "task_id": "crypto:TASK-bc2a9d8a9fcb53f2c6340c62bfc80406"}, "proposal_id": "cain:FM-F12-1", "reason_code": "ALLOWED", "receipt_sha256": "3bf50a9868632d30c8c8f3bd65fc3e04131cf9d12d703c95b18f04055ac74ac3", "source": "operator", "task_id": "crypto:TASK-bc2a9d8a9fcb53f2c6340c62bfc80406"}], "inbox": [{"class": "TERMINAL_RESULT", "fact_id": "fact:30b385282bdc49f48504c3520b993bb9", "payload_sha256": "6c2d8c37900b87ec755c4ccf586f9d12715f37d6e484f7b6e5eb4405d8cb23b8", "status": "RESULT", "task_id": "crypto:TASK-bc2a9d8a9fcb53f2c6340c62bfc80406"}], "memory": {"broken_at": null, "entries": 1, "head": "ecec5939413677b7fef63b8afd9622dda5f3d07e3deecd258f5e5675591aa5ea", "head_recorded_at": "2026-09-28T13:14:59.266535Z", "projection": "consistent", "status": "intact"}, "rejections": [{"code": "CONFLICT", "file": "other-payload.json"}]}
--- stderr
--- end
