{"n": 1, "label": "propose 1", "at": "2026-10-07T22:35:13Z", "seconds": 0.132, "argv": ["/home/runner/work/_temp/work/rt/cain-venv/bin/cain", "research", "propose", "--domain", "crypto", "--state", "/home/runner/work/_temp/work/failures/F01/cain-state", "--proposal", "/home/runner/work/_temp/work/failures/F01/proposals/1.json", "--as-of", "2026-10-07T22:35:12Z"], "fault_env": {"CAIN_ORCHESTRATION_FAULT": "after_outbox_commit"}, "exit": 86}
--- stdout
--- stderr
--- end
{"n": 2, "label": "dispatch after restart", "at": "2026-10-07T22:35:13Z", "seconds": 0.122, "argv": ["/home/runner/work/_temp/work/rt/cain-venv/bin/cain", "research", "dispatch", "--domain", "crypto", "--state", "/home/runner/work/_temp/work/failures/F01/cain-state", "--spool", "/home/runner/work/_temp/work/failures/F01/spool"], "fault_env": {}, "exit": 0}
--- stdout
{"action": "dispatched", "file": "crypto/tasks/TASK-d68de9e75c03e87e3c10a1f03858dc4a.json", "spool": "WRITTEN", "task_id": "crypto:TASK-d68de9e75c03e87e3c10a1f03858dc4a"}
--- stderr
--- end
{"n": 3, "label": "consumer", "at": "2026-10-07T22:35:13Z", "seconds": 0.459, "argv": ["/home/runner/work/_temp/work/rt/consumer-venv/bin/predictor-research-consumer", "--domain", "crypto", "--spool", "/home/runner/work/_temp/work/failures/F01/spool", "--ledger", "/home/runner/work/_temp/work/failures/F01/consumer/ledger.sqlite", "--state", "/home/runner/work/_temp/work/failures/F01/domain-state", "--policy", "/home/runner/work/_temp/work/rt/op/policy.json", "--objects", "/home/runner/work/_temp/work/rt/op/objects"], "fault_env": {}, "exit": 0}
--- stdout
{"action": "delivered", "attempt": 1, "class": "TERMINAL_RESULT", "episode_id": "crypto:episode-1", "result_file": "crypto/results/TASK-d68de9e75c03e87e3c10a1f03858dc4a.3810f177279bc442.json", "result_write": "WRITTEN", "status": "RESULT", "task_id": "crypto:TASK-d68de9e75c03e87e3c10a1f03858dc4a"}
--- stderr
{"duration_ms": 207, "event": "job_finished", "job_id": "crypto-research-37af500f76b91b798fda7f28", "level": "INFO", "run_id": "def002fdda9148e8b74fa0379d40dd49", "run_status": "SUCCEEDED", "service": "predictor_ops", "timestamp": "2026-10-07T22:35:13.634481Z"}
--- end
{"n": 4, "label": "ingest", "at": "2026-10-07T22:35:13Z", "seconds": 0.123, "argv": ["/home/runner/work/_temp/work/rt/cain-venv/bin/cain", "research", "ingest", "--domain", "crypto", "--state", "/home/runner/work/_temp/work/failures/F01/cain-state", "--spool", "/home/runner/work/_temp/work/failures/F01/spool"], "fault_env": {}, "exit": 0}
--- stdout
{"action": "ingested", "class": "TERMINAL_RESULT", "fact": "fact:fec9b501c79c40ee8e9fea0fe0aa7c60", "file": "TASK-d68de9e75c03e87e3c10a1f03858dc4a.3810f177279bc442.json", "status": "RESULT", "task_id": "crypto:TASK-d68de9e75c03e87e3c10a1f03858dc4a"}
--- stderr
--- end
{"n": 5, "label": "recovered exactly once", "at": "2026-10-07T22:35:13Z", "seconds": 0.117, "argv": ["/home/runner/work/_temp/work/rt/cain-venv/bin/cain", "research", "episodes", "--domain", "crypto", "--state", "/home/runner/work/_temp/work/failures/F01/cain-state"], "fault_env": {}, "exit": 0}
--- stdout
{"domain": "crypto", "episodes": [{"as_of": "2026-10-07T22:35:12Z", "decision": "ALLOW", "number": 1, "outbox": {"dispatches": 1, "retries_requested": 0, "status": "PUBLISHED", "task_id": "crypto:TASK-d68de9e75c03e87e3c10a1f03858dc4a"}, "proposal_id": "cain:FM-F01-1", "reason_code": "ALLOWED", "receipt_sha256": "f67b15243a47d35a60f7cc8c971eff1723afd75dc97e3f0fe345e2098a270c20", "source": "operator", "task_id": "crypto:TASK-d68de9e75c03e87e3c10a1f03858dc4a"}], "inbox": [{"class": "TERMINAL_RESULT", "fact_id": "fact:fec9b501c79c40ee8e9fea0fe0aa7c60", "payload_sha256": "b67eeb84e82fed45496e56a6d10fcdabeae654a4df62e182b5f9e979a6f77228", "status": "RESULT", "task_id": "crypto:TASK-d68de9e75c03e87e3c10a1f03858dc4a"}], "memory": {"broken_at": null, "cube": "crypto", "facts": 1, "log": "shared across domains", "projection": "consistent", "status": "intact"}, "rejections": []}
--- stderr
--- end
