{"effective_proposal": "/home/runner/work/_temp/work/failures/F02/proposals/1.json", "template": "fixtures/proposals/e2e/01-allow.json", "sha256": "6914bdb0eec77c06a31467d1b86718f5064117ac235c494fd0e927e5c1b0f779"}
{"n": 1, "label": "propose 1", "at": "2026-09-28T18:16:27Z", "seconds": 0.138, "argv": ["/home/runner/work/_temp/work/rt/cain-venv/bin/cain", "research", "propose", "--domain", "stocks", "--state", "/home/runner/work/_temp/work/failures/F02/cain-state", "--proposal", "/home/runner/work/_temp/work/failures/F02/proposals/1.json", "--as-of", "2026-09-28T18:16:26Z"], "fault_env": {}, "exit": 0}
--- stdout
{"decision": "ALLOW", "episode_id": "stocks:episode-1", "reason_code": "ALLOWED", "receipt_sha256": "363c83efe8cb3ed663fc65e4cc3ee91995402c402a9199bf4f51f43497ed28b8", "rule": "R14", "status": "RECORDED", "task": {"payload_sha256": "30048ddbccda710852e8ac6bb5a3a263f6db6129bbe4cce37469679648fef173", "previous_task_id": null, "task_id": "stocks:TASK-812e65783f32049b804306ab8d82aa74"}}
--- stderr
--- end
{"n": 2, "label": "dispatch (fault)", "at": "2026-09-28T18:16:27Z", "seconds": 0.107, "argv": ["/home/runner/work/_temp/work/rt/cain-venv/bin/cain", "research", "dispatch", "--domain", "stocks", "--state", "/home/runner/work/_temp/work/failures/F02/cain-state", "--spool", "/home/runner/work/_temp/work/failures/F02/spool"], "fault_env": {"CAIN_ORCHESTRATION_FAULT": "after_spool_write_before_ack"}, "exit": 86}
--- stdout
--- stderr
--- end
{"n": 3, "label": "dispatch after restart", "at": "2026-09-28T18:16:27Z", "seconds": 0.12, "argv": ["/home/runner/work/_temp/work/rt/cain-venv/bin/cain", "research", "dispatch", "--domain", "stocks", "--state", "/home/runner/work/_temp/work/failures/F02/cain-state", "--spool", "/home/runner/work/_temp/work/failures/F02/spool"], "fault_env": {}, "exit": 0}
--- stdout
{"action": "dispatched", "file": "stocks/tasks/TASK-812e65783f32049b804306ab8d82aa74.json", "spool": "EXISTS", "task_id": "stocks:TASK-812e65783f32049b804306ab8d82aa74"}
--- stderr
--- end
{"n": 4, "label": "consumer", "at": "2026-09-28T18:16:35Z", "seconds": 8.401, "argv": ["/home/runner/work/_temp/work/rt/consumer-venv/bin/predictor-research-consumer", "--domain", "stocks", "--spool", "/home/runner/work/_temp/work/failures/F02/spool", "--ledger", "/home/runner/work/_temp/work/failures/F02/consumer/ledger.sqlite", "--state", "/home/runner/work/_temp/work/failures/F02/domain-state", "--policy", "/home/runner/work/_temp/work/rt/op/policy.json", "--objects", "/home/runner/work/_temp/work/rt/op/objects"], "fault_env": {}, "exit": 0}
--- stdout
{"action": "delivered", "attempt": 1, "class": "TERMINAL_RESULT", "episode_id": "stocks:episode-1", "result_file": "stocks/results/TASK-812e65783f32049b804306ab8d82aa74.718419317641e374.json", "result_write": "WRITTEN", "status": "RESULT", "task_id": "stocks:TASK-812e65783f32049b804306ab8d82aa74"}
--- stderr
{"duration_ms": 8129, "event": "job_finished", "job_id": "stocks-research-2dbf18cbda5175e420f08c88", "level": "INFO", "run_id": "bd99785f480c4c1780b4a65c5b38d724", "run_status": "SUCCEEDED", "service": "predictor_ops", "timestamp": "2026-09-28T18:16:35.582279Z"}
--- end
{"n": 5, "label": "ingest", "at": "2026-09-28T18:16:35Z", "seconds": 0.13, "argv": ["/home/runner/work/_temp/work/rt/cain-venv/bin/cain", "research", "ingest", "--domain", "stocks", "--state", "/home/runner/work/_temp/work/failures/F02/cain-state", "--spool", "/home/runner/work/_temp/work/failures/F02/spool"], "fault_env": {}, "exit": 0}
--- stdout
{"action": "ingested", "class": "TERMINAL_RESULT", "fact": "fact:749ddafcf6e848ff833d0abac7090ffe", "file": "TASK-812e65783f32049b804306ab8d82aa74.718419317641e374.json", "status": "RESULT", "task_id": "stocks:TASK-812e65783f32049b804306ab8d82aa74"}
--- stderr
--- end
{"n": 6, "label": "domain saw one request", "at": "2026-09-28T18:16:35Z", "seconds": 0.119, "argv": ["/home/runner/work/_temp/work/rt/cain-venv/bin/cain", "research", "episodes", "--domain", "stocks", "--state", "/home/runner/work/_temp/work/failures/F02/cain-state"], "fault_env": {}, "exit": 0}
--- stdout
{"domain": "stocks", "episodes": [{"as_of": "2026-09-28T18:16:26Z", "decision": "ALLOW", "number": 1, "outbox": {"dispatches": 1, "retries_requested": 0, "status": "PUBLISHED", "task_id": "stocks:TASK-812e65783f32049b804306ab8d82aa74"}, "proposal_id": "cain:FM-F02-1", "reason_code": "ALLOWED", "receipt_sha256": "363c83efe8cb3ed663fc65e4cc3ee91995402c402a9199bf4f51f43497ed28b8", "source": "operator", "task_id": "stocks:TASK-812e65783f32049b804306ab8d82aa74"}], "inbox": [{"class": "TERMINAL_RESULT", "fact_id": "fact:749ddafcf6e848ff833d0abac7090ffe", "payload_sha256": "432e63af7de5ce903145f5b65c50e0ab6ece4a614fffeead955409ea8a401708", "status": "RESULT", "task_id": "stocks:TASK-812e65783f32049b804306ab8d82aa74"}], "memory": {"broken_at": null, "entries": 1, "head": "1fd7de82ba27bce74f40706bd1c6e022fe7103d4241584b98538097c96731b2f", "head_recorded_at": "2026-09-28T18:16:35.748871Z", "projection": "consistent", "status": "intact"}, "rejections": []}
--- stderr
--- end
