{"n": 1, "label": "propose seed", "at": "2026-10-07T22:35:08Z", "seconds": 0.146, "argv": ["/home/runner/work/_temp/work/rt/cain-venv/bin/cain", "research", "propose", "--domain", "crypto", "--state", "/home/runner/work/_temp/work/n1/cain-state", "--proposal", "/home/runner/work/predictor-qualification/predictor-qualification/qualification/integration-crypto/fixtures/proposals/n1/00-seed-etapa-a.json", "--as-of", "2026-09-27T00:00:00Z"], "fault_env": {}, "exit": 0}
--- stdout
{"decision": "ALLOW", "episode_id": "crypto:episode-1", "reason_code": "ALLOWED", "receipt_sha256": "83d677a3efb8eaf329f89564ad21720a1774e0b2344fd58a901c302964495f03", "rule": "R14", "status": "RECORDED", "task": {"payload_sha256": "8560021007c50c8a90abf08a811ce06da03b9ea9283f73d8bb4da42fccb381fb", "previous_task_id": null, "task_id": "crypto:TASK-2d337c13188f5488344aa10f30a9c8f2"}}
--- stderr
--- end
{"n": 2, "label": "dispatch seed", "at": "2026-10-07T22:35:09Z", "seconds": 0.118, "argv": ["/home/runner/work/_temp/work/rt/cain-venv/bin/cain", "research", "dispatch", "--domain", "crypto", "--state", "/home/runner/work/_temp/work/n1/cain-state", "--spool", "/home/runner/work/_temp/work/n1/spool"], "fault_env": {}, "exit": 0}
--- stdout
{"action": "dispatched", "file": "crypto/tasks/TASK-2d337c13188f5488344aa10f30a9c8f2.json", "spool": "WRITTEN", "task_id": "crypto:TASK-2d337c13188f5488344aa10f30a9c8f2"}
--- stderr
--- end
{"n": 3, "label": "ingest frozen results", "at": "2026-10-07T22:35:09Z", "seconds": 0.138, "argv": ["/home/runner/work/_temp/work/rt/cain-venv/bin/cain", "research", "ingest", "--domain", "crypto", "--state", "/home/runner/work/_temp/work/n1/cain-state", "--spool", "/home/runner/work/_temp/work/n1/spool"], "fault_env": {}, "exit": 2}
--- stdout
{"action": "rejected", "code": "DOMAIN_MISMATCH", "file": "fixtures-v2-brasileirao-result-etapa-a.json", "reason": "result of domain brasileirao"}
{"action": "rejected", "code": "DOMAIN_MISMATCH", "file": "fixtures-v2-brasileirao-result-h9.json", "reason": "result of domain brasileirao"}
{"action": "ingested", "class": "TERMINAL_RESULT", "fact": "fact:581d1ad76c814e4b9b1fcaa2dfae3dc9", "file": "fixtures-v2-crypto-result-etapa-a.json", "status": "RESULT", "task_id": "crypto:TASK-2d337c13188f5488344aa10f30a9c8f2"}
{"action": "rejected", "code": "TASK_NOT_FOUND", "file": "fixtures-v2-crypto-result-h9.json", "reason": "crypto:TASK-45b3afb3f4c777ae5aa52020f98afc6a was not emitted by this CAIN"}
{"action": "rejected", "code": "DOMAIN_MISMATCH", "file": "fixtures-v2-stocks-result-etapa-a.json", "reason": "result of domain stocks"}
{"action": "rejected", "code": "DOMAIN_MISMATCH", "file": "fixtures-v2-stocks-result-h9.json", "reason": "result of domain stocks"}
--- stderr
--- end
{"n": 4, "label": "decision-receipt 01-next process 1", "at": "2026-10-07T22:35:09Z", "seconds": 0.12, "argv": ["/home/runner/work/_temp/work/rt/cain-venv/bin/cain", "research", "decision-receipt", "--domain", "crypto", "--state", "/home/runner/work/_temp/work/n1/state-01-next-1", "--proposal", "/home/runner/work/predictor-qualification/predictor-qualification/qualification/integration-crypto/fixtures/proposals/n1/01-next.json", "--as-of", "2026-09-27T00:00:00Z"], "fault_env": {}, "exit": 0}
--- stdout
{"as_of":"2026-09-27T00:00:00Z","capital_permission":false,"config":{"config_version":1,"domain":"crypto","sha256":"d9418ea8581b8c083d98ddc7d2ee78b2e9b895abef7276c0a7a3a12fe90036e8"},"decision":"ALLOW","detail":"","domain":"crypto","episode_id":"crypto:episode-2","policy":{"code_sha256":"3cea49644e1b2c6a15a550f2c76af8cfe8e4e002f58945a8ffde44b64004b8e6","id":"cain-decision-policy","version":2},"proposal":{"proposal_id":"cain:N1-01","sha256":"4cf183c33e3e429dfa44955a163875f915a333cec65ae106c3f11718afd5e2e9"},"reason_code":"ALLOWED","rule":"R14","schema":"cain-decision-receipt/1","state":{"digest":"f1bdd6d2e042ece6dcbc805f354bf1498ec83be01afd80baa3149b3cd9b75dc0","episodes":1,"open_tasks":0,"results":1,"tasks":1},"task":{"payload_sha256":"05968b549317fa65b07710e329dea1716229aea037c5493f429df9e463d884b3","previous_task_id":"crypto:TASK-2d337c13188f5488344aa10f30a9c8f2","task_id":"crypto:TASK-5d112cddc6a40a2a2807c68ef3818c68"}}
--- stderr
--- end
{"n": 5, "label": "decision-receipt 01-next process 2", "at": "2026-10-07T22:35:09Z", "seconds": 0.119, "argv": ["/home/runner/work/_temp/work/rt/cain-venv/bin/cain", "research", "decision-receipt", "--domain", "crypto", "--state", "/home/runner/work/_temp/work/n1/state-01-next-2", "--proposal", "/home/runner/work/predictor-qualification/predictor-qualification/qualification/integration-crypto/fixtures/proposals/n1/01-next.json", "--as-of", "2026-09-27T00:00:00Z"], "fault_env": {}, "exit": 0}
--- stdout
{"as_of":"2026-09-27T00:00:00Z","capital_permission":false,"config":{"config_version":1,"domain":"crypto","sha256":"d9418ea8581b8c083d98ddc7d2ee78b2e9b895abef7276c0a7a3a12fe90036e8"},"decision":"ALLOW","detail":"","domain":"crypto","episode_id":"crypto:episode-2","policy":{"code_sha256":"3cea49644e1b2c6a15a550f2c76af8cfe8e4e002f58945a8ffde44b64004b8e6","id":"cain-decision-policy","version":2},"proposal":{"proposal_id":"cain:N1-01","sha256":"4cf183c33e3e429dfa44955a163875f915a333cec65ae106c3f11718afd5e2e9"},"reason_code":"ALLOWED","rule":"R14","schema":"cain-decision-receipt/1","state":{"digest":"f1bdd6d2e042ece6dcbc805f354bf1498ec83be01afd80baa3149b3cd9b75dc0","episodes":1,"open_tasks":0,"results":1,"tasks":1},"task":{"payload_sha256":"05968b549317fa65b07710e329dea1716229aea037c5493f429df9e463d884b3","previous_task_id":"crypto:TASK-2d337c13188f5488344aa10f30a9c8f2","task_id":"crypto:TASK-5d112cddc6a40a2a2807c68ef3818c68"}}
--- stderr
--- end
{"n": 6, "label": "decision-receipt 01-next process 3", "at": "2026-10-07T22:35:09Z", "seconds": 0.12, "argv": ["/home/runner/work/_temp/work/rt/cain-venv/bin/cain", "research", "decision-receipt", "--domain", "crypto", "--state", "/home/runner/work/_temp/work/n1/state-01-next-3", "--proposal", "/home/runner/work/predictor-qualification/predictor-qualification/qualification/integration-crypto/fixtures/proposals/n1/01-next.json", "--as-of", "2026-09-27T00:00:00Z"], "fault_env": {}, "exit": 0}
--- stdout
{"as_of":"2026-09-27T00:00:00Z","capital_permission":false,"config":{"config_version":1,"domain":"crypto","sha256":"d9418ea8581b8c083d98ddc7d2ee78b2e9b895abef7276c0a7a3a12fe90036e8"},"decision":"ALLOW","detail":"","domain":"crypto","episode_id":"crypto:episode-2","policy":{"code_sha256":"3cea49644e1b2c6a15a550f2c76af8cfe8e4e002f58945a8ffde44b64004b8e6","id":"cain-decision-policy","version":2},"proposal":{"proposal_id":"cain:N1-01","sha256":"4cf183c33e3e429dfa44955a163875f915a333cec65ae106c3f11718afd5e2e9"},"reason_code":"ALLOWED","rule":"R14","schema":"cain-decision-receipt/1","state":{"digest":"f1bdd6d2e042ece6dcbc805f354bf1498ec83be01afd80baa3149b3cd9b75dc0","episodes":1,"open_tasks":0,"results":1,"tasks":1},"task":{"payload_sha256":"05968b549317fa65b07710e329dea1716229aea037c5493f429df9e463d884b3","previous_task_id":"crypto:TASK-2d337c13188f5488344aa10f30a9c8f2","task_id":"crypto:TASK-5d112cddc6a40a2a2807c68ef3818c68"}}
--- stderr
--- end
{"n": 7, "label": "decision-receipt 02-duplicate process 1", "at": "2026-10-07T22:35:09Z", "seconds": 0.119, "argv": ["/home/runner/work/_temp/work/rt/cain-venv/bin/cain", "research", "decision-receipt", "--domain", "crypto", "--state", "/home/runner/work/_temp/work/n1/state-02-duplicate-1", "--proposal", "/home/runner/work/predictor-qualification/predictor-qualification/qualification/integration-crypto/fixtures/proposals/n1/02-duplicate.json", "--as-of", "2026-09-27T00:00:00Z"], "fault_env": {}, "exit": 0}
--- stdout
{"as_of":"2026-09-27T00:00:00Z","capital_permission":false,"config":{"config_version":1,"domain":"crypto","sha256":"d9418ea8581b8c083d98ddc7d2ee78b2e9b895abef7276c0a7a3a12fe90036e8"},"decision":"DUPLICATE","detail":"already emitted as crypto:TASK-2d337c13188f5488344aa10f30a9c8f2","domain":"crypto","episode_id":"crypto:episode-2","policy":{"code_sha256":"3cea49644e1b2c6a15a550f2c76af8cfe8e4e002f58945a8ffde44b64004b8e6","id":"cain-decision-policy","version":2},"proposal":{"proposal_id":"cain:N1-02","sha256":"b067226c50f5f1301ed7916bc74234117d4c7e8436316713a26c0f93b80d83d9"},"reason_code":"DUPLICATE_REQUEST","rule":"R08","schema":"cain-decision-receipt/1","state":{"digest":"f1bdd6d2e042ece6dcbc805f354bf1498ec83be01afd80baa3149b3cd9b75dc0","episodes":1,"open_tasks":0,"results":1,"tasks":1},"task":null}
--- stderr
--- end
{"n": 8, "label": "decision-receipt 02-duplicate process 2", "at": "2026-10-07T22:35:09Z", "seconds": 0.119, "argv": ["/home/runner/work/_temp/work/rt/cain-venv/bin/cain", "research", "decision-receipt", "--domain", "crypto", "--state", "/home/runner/work/_temp/work/n1/state-02-duplicate-2", "--proposal", "/home/runner/work/predictor-qualification/predictor-qualification/qualification/integration-crypto/fixtures/proposals/n1/02-duplicate.json", "--as-of", "2026-09-27T00:00:00Z"], "fault_env": {}, "exit": 0}
--- stdout
{"as_of":"2026-09-27T00:00:00Z","capital_permission":false,"config":{"config_version":1,"domain":"crypto","sha256":"d9418ea8581b8c083d98ddc7d2ee78b2e9b895abef7276c0a7a3a12fe90036e8"},"decision":"DUPLICATE","detail":"already emitted as crypto:TASK-2d337c13188f5488344aa10f30a9c8f2","domain":"crypto","episode_id":"crypto:episode-2","policy":{"code_sha256":"3cea49644e1b2c6a15a550f2c76af8cfe8e4e002f58945a8ffde44b64004b8e6","id":"cain-decision-policy","version":2},"proposal":{"proposal_id":"cain:N1-02","sha256":"b067226c50f5f1301ed7916bc74234117d4c7e8436316713a26c0f93b80d83d9"},"reason_code":"DUPLICATE_REQUEST","rule":"R08","schema":"cain-decision-receipt/1","state":{"digest":"f1bdd6d2e042ece6dcbc805f354bf1498ec83be01afd80baa3149b3cd9b75dc0","episodes":1,"open_tasks":0,"results":1,"tasks":1},"task":null}
--- stderr
--- end
{"n": 9, "label": "decision-receipt 02-duplicate process 3", "at": "2026-10-07T22:35:09Z", "seconds": 0.116, "argv": ["/home/runner/work/_temp/work/rt/cain-venv/bin/cain", "research", "decision-receipt", "--domain", "crypto", "--state", "/home/runner/work/_temp/work/n1/state-02-duplicate-3", "--proposal", "/home/runner/work/predictor-qualification/predictor-qualification/qualification/integration-crypto/fixtures/proposals/n1/02-duplicate.json", "--as-of", "2026-09-27T00:00:00Z"], "fault_env": {}, "exit": 0}
--- stdout
{"as_of":"2026-09-27T00:00:00Z","capital_permission":false,"config":{"config_version":1,"domain":"crypto","sha256":"d9418ea8581b8c083d98ddc7d2ee78b2e9b895abef7276c0a7a3a12fe90036e8"},"decision":"DUPLICATE","detail":"already emitted as crypto:TASK-2d337c13188f5488344aa10f30a9c8f2","domain":"crypto","episode_id":"crypto:episode-2","policy":{"code_sha256":"3cea49644e1b2c6a15a550f2c76af8cfe8e4e002f58945a8ffde44b64004b8e6","id":"cain-decision-policy","version":2},"proposal":{"proposal_id":"cain:N1-02","sha256":"b067226c50f5f1301ed7916bc74234117d4c7e8436316713a26c0f93b80d83d9"},"reason_code":"DUPLICATE_REQUEST","rule":"R08","schema":"cain-decision-receipt/1","state":{"digest":"f1bdd6d2e042ece6dcbc805f354bf1498ec83be01afd80baa3149b3cd9b75dc0","episodes":1,"open_tasks":0,"results":1,"tasks":1},"task":null}
--- stderr
--- end
{"n": 10, "label": "decision-receipt 03-crypto-h9 process 1", "at": "2026-10-07T22:35:10Z", "seconds": 0.119, "argv": ["/home/runner/work/_temp/work/rt/cain-venv/bin/cain", "research", "decision-receipt", "--domain", "crypto", "--state", "/home/runner/work/_temp/work/n1/state-03-crypto-h9-1", "--proposal", "/home/runner/work/predictor-qualification/predictor-qualification/qualification/integration-crypto/fixtures/proposals/n1/03-crypto-h9.json", "--as-of", "2026-09-27T00:00:00Z"], "fault_env": {}, "exit": 0}
--- stdout
{"as_of":"2026-09-27T00:00:00Z","capital_permission":false,"config":{"config_version":1,"domain":"crypto","sha256":"d9418ea8581b8c083d98ddc7d2ee78b2e9b895abef7276c0a7a3a12fe90036e8"},"decision":"BLOCK","detail":"crypto:H9 is CLOSED_INSUFFICIENT_SAMPLE and is never reopened","domain":"crypto","episode_id":"crypto:episode-2","policy":{"code_sha256":"3cea49644e1b2c6a15a550f2c76af8cfe8e4e002f58945a8ffde44b64004b8e6","id":"cain-decision-policy","version":2},"proposal":{"proposal_id":"cain:N1-03","sha256":"938157ff970f359c4482e070f5f5f0a877f6b7d7e54c45223df140b0b1023ac5"},"reason_code":"HYPOTHESIS_CLOSED","rule":"R05","schema":"cain-decision-receipt/1","state":{"digest":"f1bdd6d2e042ece6dcbc805f354bf1498ec83be01afd80baa3149b3cd9b75dc0","episodes":1,"open_tasks":0,"results":1,"tasks":1},"task":null}
--- stderr
--- end
{"n": 11, "label": "decision-receipt 03-crypto-h9 process 2", "at": "2026-10-07T22:35:10Z", "seconds": 0.117, "argv": ["/home/runner/work/_temp/work/rt/cain-venv/bin/cain", "research", "decision-receipt", "--domain", "crypto", "--state", "/home/runner/work/_temp/work/n1/state-03-crypto-h9-2", "--proposal", "/home/runner/work/predictor-qualification/predictor-qualification/qualification/integration-crypto/fixtures/proposals/n1/03-crypto-h9.json", "--as-of", "2026-09-27T00:00:00Z"], "fault_env": {}, "exit": 0}
--- stdout
{"as_of":"2026-09-27T00:00:00Z","capital_permission":false,"config":{"config_version":1,"domain":"crypto","sha256":"d9418ea8581b8c083d98ddc7d2ee78b2e9b895abef7276c0a7a3a12fe90036e8"},"decision":"BLOCK","detail":"crypto:H9 is CLOSED_INSUFFICIENT_SAMPLE and is never reopened","domain":"crypto","episode_id":"crypto:episode-2","policy":{"code_sha256":"3cea49644e1b2c6a15a550f2c76af8cfe8e4e002f58945a8ffde44b64004b8e6","id":"cain-decision-policy","version":2},"proposal":{"proposal_id":"cain:N1-03","sha256":"938157ff970f359c4482e070f5f5f0a877f6b7d7e54c45223df140b0b1023ac5"},"reason_code":"HYPOTHESIS_CLOSED","rule":"R05","schema":"cain-decision-receipt/1","state":{"digest":"f1bdd6d2e042ece6dcbc805f354bf1498ec83be01afd80baa3149b3cd9b75dc0","episodes":1,"open_tasks":0,"results":1,"tasks":1},"task":null}
--- stderr
--- end
{"n": 12, "label": "decision-receipt 03-crypto-h9 process 3", "at": "2026-10-07T22:35:10Z", "seconds": 0.116, "argv": ["/home/runner/work/_temp/work/rt/cain-venv/bin/cain", "research", "decision-receipt", "--domain", "crypto", "--state", "/home/runner/work/_temp/work/n1/state-03-crypto-h9-3", "--proposal", "/home/runner/work/predictor-qualification/predictor-qualification/qualification/integration-crypto/fixtures/proposals/n1/03-crypto-h9.json", "--as-of", "2026-09-27T00:00:00Z"], "fault_env": {}, "exit": 0}
--- stdout
{"as_of":"2026-09-27T00:00:00Z","capital_permission":false,"config":{"config_version":1,"domain":"crypto","sha256":"d9418ea8581b8c083d98ddc7d2ee78b2e9b895abef7276c0a7a3a12fe90036e8"},"decision":"BLOCK","detail":"crypto:H9 is CLOSED_INSUFFICIENT_SAMPLE and is never reopened","domain":"crypto","episode_id":"crypto:episode-2","policy":{"code_sha256":"3cea49644e1b2c6a15a550f2c76af8cfe8e4e002f58945a8ffde44b64004b8e6","id":"cain-decision-policy","version":2},"proposal":{"proposal_id":"cain:N1-03","sha256":"938157ff970f359c4482e070f5f5f0a877f6b7d7e54c45223df140b0b1023ac5"},"reason_code":"HYPOTHESIS_CLOSED","rule":"R05","schema":"cain-decision-receipt/1","state":{"digest":"f1bdd6d2e042ece6dcbc805f354bf1498ec83be01afd80baa3149b3cd9b75dc0","episodes":1,"open_tasks":0,"results":1,"tasks":1},"task":null}
--- stderr
--- end
{"n": 13, "label": "decision-receipt 04-stocks-h9 process 1", "at": "2026-10-07T22:35:10Z", "seconds": 0.115, "argv": ["/home/runner/work/_temp/work/rt/cain-venv/bin/cain", "research", "decision-receipt", "--domain", "crypto", "--state", "/home/runner/work/_temp/work/n1/state-04-stocks-h9-1", "--proposal", "/home/runner/work/predictor-qualification/predictor-qualification/qualification/integration-crypto/fixtures/proposals/n1/04-stocks-h9.json", "--as-of", "2026-09-27T00:00:00Z"], "fault_env": {}, "exit": 0}
--- stdout
{"as_of":"2026-09-27T00:00:00Z","capital_permission":false,"config":{"config_version":1,"domain":"crypto","sha256":"d9418ea8581b8c083d98ddc7d2ee78b2e9b895abef7276c0a7a3a12fe90036e8"},"decision":"BLOCK","detail":"proposal domain 'stocks'","domain":"crypto","episode_id":"crypto:episode-2","policy":{"code_sha256":"3cea49644e1b2c6a15a550f2c76af8cfe8e4e002f58945a8ffde44b64004b8e6","id":"cain-decision-policy","version":2},"proposal":{"proposal_id":"cain:N1-04","sha256":"c4c40e6031b17883d4de128e38e0b9b96f2bd6c1fa6e01f2ff4a407903fc4d47"},"reason_code":"DOMAIN_MISMATCH","rule":"R01","schema":"cain-decision-receipt/1","state":{"digest":"f1bdd6d2e042ece6dcbc805f354bf1498ec83be01afd80baa3149b3cd9b75dc0","episodes":1,"open_tasks":0,"results":1,"tasks":1},"task":null}
--- stderr
--- end
{"n": 14, "label": "decision-receipt 04-stocks-h9 process 2", "at": "2026-10-07T22:35:10Z", "seconds": 0.117, "argv": ["/home/runner/work/_temp/work/rt/cain-venv/bin/cain", "research", "decision-receipt", "--domain", "crypto", "--state", "/home/runner/work/_temp/work/n1/state-04-stocks-h9-2", "--proposal", "/home/runner/work/predictor-qualification/predictor-qualification/qualification/integration-crypto/fixtures/proposals/n1/04-stocks-h9.json", "--as-of", "2026-09-27T00:00:00Z"], "fault_env": {}, "exit": 0}
--- stdout
{"as_of":"2026-09-27T00:00:00Z","capital_permission":false,"config":{"config_version":1,"domain":"crypto","sha256":"d9418ea8581b8c083d98ddc7d2ee78b2e9b895abef7276c0a7a3a12fe90036e8"},"decision":"BLOCK","detail":"proposal domain 'stocks'","domain":"crypto","episode_id":"crypto:episode-2","policy":{"code_sha256":"3cea49644e1b2c6a15a550f2c76af8cfe8e4e002f58945a8ffde44b64004b8e6","id":"cain-decision-policy","version":2},"proposal":{"proposal_id":"cain:N1-04","sha256":"c4c40e6031b17883d4de128e38e0b9b96f2bd6c1fa6e01f2ff4a407903fc4d47"},"reason_code":"DOMAIN_MISMATCH","rule":"R01","schema":"cain-decision-receipt/1","state":{"digest":"f1bdd6d2e042ece6dcbc805f354bf1498ec83be01afd80baa3149b3cd9b75dc0","episodes":1,"open_tasks":0,"results":1,"tasks":1},"task":null}
--- stderr
--- end
{"n": 15, "label": "decision-receipt 04-stocks-h9 process 3", "at": "2026-10-07T22:35:10Z", "seconds": 0.12, "argv": ["/home/runner/work/_temp/work/rt/cain-venv/bin/cain", "research", "decision-receipt", "--domain", "crypto", "--state", "/home/runner/work/_temp/work/n1/state-04-stocks-h9-3", "--proposal", "/home/runner/work/predictor-qualification/predictor-qualification/qualification/integration-crypto/fixtures/proposals/n1/04-stocks-h9.json", "--as-of", "2026-09-27T00:00:00Z"], "fault_env": {}, "exit": 0}
--- stdout
{"as_of":"2026-09-27T00:00:00Z","capital_permission":false,"config":{"config_version":1,"domain":"crypto","sha256":"d9418ea8581b8c083d98ddc7d2ee78b2e9b895abef7276c0a7a3a12fe90036e8"},"decision":"BLOCK","detail":"proposal domain 'stocks'","domain":"crypto","episode_id":"crypto:episode-2","policy":{"code_sha256":"3cea49644e1b2c6a15a550f2c76af8cfe8e4e002f58945a8ffde44b64004b8e6","id":"cain-decision-policy","version":2},"proposal":{"proposal_id":"cain:N1-04","sha256":"c4c40e6031b17883d4de128e38e0b9b96f2bd6c1fa6e01f2ff4a407903fc4d47"},"reason_code":"DOMAIN_MISMATCH","rule":"R01","schema":"cain-decision-receipt/1","state":{"digest":"f1bdd6d2e042ece6dcbc805f354bf1498ec83be01afd80baa3149b3cd9b75dc0","episodes":1,"open_tasks":0,"results":1,"tasks":1},"task":null}
--- stderr
--- end
{"n": 16, "label": "decision-receipt 05-brasileirao-h9 process 1", "at": "2026-10-07T22:35:10Z", "seconds": 0.118, "argv": ["/home/runner/work/_temp/work/rt/cain-venv/bin/cain", "research", "decision-receipt", "--domain", "crypto", "--state", "/home/runner/work/_temp/work/n1/state-05-brasileirao-h9-1", "--proposal", "/home/runner/work/predictor-qualification/predictor-qualification/qualification/integration-crypto/fixtures/proposals/n1/05-brasileirao-h9.json", "--as-of", "2026-09-27T00:00:00Z"], "fault_env": {}, "exit": 0}
--- stdout
{"as_of":"2026-09-27T00:00:00Z","capital_permission":false,"config":{"config_version":1,"domain":"crypto","sha256":"d9418ea8581b8c083d98ddc7d2ee78b2e9b895abef7276c0a7a3a12fe90036e8"},"decision":"BLOCK","detail":"proposal domain 'brasileirao'","domain":"crypto","episode_id":"crypto:episode-2","policy":{"code_sha256":"3cea49644e1b2c6a15a550f2c76af8cfe8e4e002f58945a8ffde44b64004b8e6","id":"cain-decision-policy","version":2},"proposal":{"proposal_id":"cain:N1-05","sha256":"27bd541ec1eb03f97a51e34d477cee5e10dc20d3c946a33c6db15a294e2a59d6"},"reason_code":"DOMAIN_MISMATCH","rule":"R01","schema":"cain-decision-receipt/1","state":{"digest":"f1bdd6d2e042ece6dcbc805f354bf1498ec83be01afd80baa3149b3cd9b75dc0","episodes":1,"open_tasks":0,"results":1,"tasks":1},"task":null}
--- stderr
--- end
{"n": 17, "label": "decision-receipt 05-brasileirao-h9 process 2", "at": "2026-10-07T22:35:10Z", "seconds": 0.116, "argv": ["/home/runner/work/_temp/work/rt/cain-venv/bin/cain", "research", "decision-receipt", "--domain", "crypto", "--state", "/home/runner/work/_temp/work/n1/state-05-brasileirao-h9-2", "--proposal", "/home/runner/work/predictor-qualification/predictor-qualification/qualification/integration-crypto/fixtures/proposals/n1/05-brasileirao-h9.json", "--as-of", "2026-09-27T00:00:00Z"], "fault_env": {}, "exit": 0}
--- stdout
{"as_of":"2026-09-27T00:00:00Z","capital_permission":false,"config":{"config_version":1,"domain":"crypto","sha256":"d9418ea8581b8c083d98ddc7d2ee78b2e9b895abef7276c0a7a3a12fe90036e8"},"decision":"BLOCK","detail":"proposal domain 'brasileirao'","domain":"crypto","episode_id":"crypto:episode-2","policy":{"code_sha256":"3cea49644e1b2c6a15a550f2c76af8cfe8e4e002f58945a8ffde44b64004b8e6","id":"cain-decision-policy","version":2},"proposal":{"proposal_id":"cain:N1-05","sha256":"27bd541ec1eb03f97a51e34d477cee5e10dc20d3c946a33c6db15a294e2a59d6"},"reason_code":"DOMAIN_MISMATCH","rule":"R01","schema":"cain-decision-receipt/1","state":{"digest":"f1bdd6d2e042ece6dcbc805f354bf1498ec83be01afd80baa3149b3cd9b75dc0","episodes":1,"open_tasks":0,"results":1,"tasks":1},"task":null}
--- stderr
--- end
{"n": 18, "label": "decision-receipt 05-brasileirao-h9 process 3", "at": "2026-10-07T22:35:10Z", "seconds": 0.116, "argv": ["/home/runner/work/_temp/work/rt/cain-venv/bin/cain", "research", "decision-receipt", "--domain", "crypto", "--state", "/home/runner/work/_temp/work/n1/state-05-brasileirao-h9-3", "--proposal", "/home/runner/work/predictor-qualification/predictor-qualification/qualification/integration-crypto/fixtures/proposals/n1/05-brasileirao-h9.json", "--as-of", "2026-09-27T00:00:00Z"], "fault_env": {}, "exit": 0}
--- stdout
{"as_of":"2026-09-27T00:00:00Z","capital_permission":false,"config":{"config_version":1,"domain":"crypto","sha256":"d9418ea8581b8c083d98ddc7d2ee78b2e9b895abef7276c0a7a3a12fe90036e8"},"decision":"BLOCK","detail":"proposal domain 'brasileirao'","domain":"crypto","episode_id":"crypto:episode-2","policy":{"code_sha256":"3cea49644e1b2c6a15a550f2c76af8cfe8e4e002f58945a8ffde44b64004b8e6","id":"cain-decision-policy","version":2},"proposal":{"proposal_id":"cain:N1-05","sha256":"27bd541ec1eb03f97a51e34d477cee5e10dc20d3c946a33c6db15a294e2a59d6"},"reason_code":"DOMAIN_MISMATCH","rule":"R01","schema":"cain-decision-receipt/1","state":{"digest":"f1bdd6d2e042ece6dcbc805f354bf1498ec83be01afd80baa3149b3cd9b75dc0","episodes":1,"open_tasks":0,"results":1,"tasks":1},"task":null}
--- stderr
--- end
{"n": 19, "label": "decision-receipt 06-new-hypothesis process 1", "at": "2026-10-07T22:35:11Z", "seconds": 0.118, "argv": ["/home/runner/work/_temp/work/rt/cain-venv/bin/cain", "research", "decision-receipt", "--domain", "crypto", "--state", "/home/runner/work/_temp/work/n1/state-06-new-hypothesis-1", "--proposal", "/home/runner/work/predictor-qualification/predictor-qualification/qualification/integration-crypto/fixtures/proposals/n1/06-new-hypothesis.json", "--as-of", "2026-09-27T00:00:00Z"], "fault_env": {}, "exit": 0}
--- stdout
{"as_of":"2026-09-27T00:00:00Z","capital_permission":false,"config":{"config_version":1,"domain":"crypto","sha256":"d9418ea8581b8c083d98ddc7d2ee78b2e9b895abef7276c0a7a3a12fe90036e8"},"decision":"REQUIRE_HUMAN","detail":"crypto:QUAL-NEW-001 needs the owner","domain":"crypto","episode_id":"crypto:episode-2","policy":{"code_sha256":"3cea49644e1b2c6a15a550f2c76af8cfe8e4e002f58945a8ffde44b64004b8e6","id":"cain-decision-policy","version":2},"proposal":{"proposal_id":"cain:N1-06","sha256":"299bf96109c829ea84029f55c07368458d3bd5a99b04db30238e9faeedb55f78"},"reason_code":"NEW_HYPOTHESIS","rule":"R11","schema":"cain-decision-receipt/1","state":{"digest":"f1bdd6d2e042ece6dcbc805f354bf1498ec83be01afd80baa3149b3cd9b75dc0","episodes":1,"open_tasks":0,"results":1,"tasks":1},"task":null}
--- stderr
--- end
{"n": 20, "label": "decision-receipt 06-new-hypothesis process 2", "at": "2026-10-07T22:35:11Z", "seconds": 0.117, "argv": ["/home/runner/work/_temp/work/rt/cain-venv/bin/cain", "research", "decision-receipt", "--domain", "crypto", "--state", "/home/runner/work/_temp/work/n1/state-06-new-hypothesis-2", "--proposal", "/home/runner/work/predictor-qualification/predictor-qualification/qualification/integration-crypto/fixtures/proposals/n1/06-new-hypothesis.json", "--as-of", "2026-09-27T00:00:00Z"], "fault_env": {}, "exit": 0}
--- stdout
{"as_of":"2026-09-27T00:00:00Z","capital_permission":false,"config":{"config_version":1,"domain":"crypto","sha256":"d9418ea8581b8c083d98ddc7d2ee78b2e9b895abef7276c0a7a3a12fe90036e8"},"decision":"REQUIRE_HUMAN","detail":"crypto:QUAL-NEW-001 needs the owner","domain":"crypto","episode_id":"crypto:episode-2","policy":{"code_sha256":"3cea49644e1b2c6a15a550f2c76af8cfe8e4e002f58945a8ffde44b64004b8e6","id":"cain-decision-policy","version":2},"proposal":{"proposal_id":"cain:N1-06","sha256":"299bf96109c829ea84029f55c07368458d3bd5a99b04db30238e9faeedb55f78"},"reason_code":"NEW_HYPOTHESIS","rule":"R11","schema":"cain-decision-receipt/1","state":{"digest":"f1bdd6d2e042ece6dcbc805f354bf1498ec83be01afd80baa3149b3cd9b75dc0","episodes":1,"open_tasks":0,"results":1,"tasks":1},"task":null}
--- stderr
--- end
{"n": 21, "label": "decision-receipt 06-new-hypothesis process 3", "at": "2026-10-07T22:35:11Z", "seconds": 0.118, "argv": ["/home/runner/work/_temp/work/rt/cain-venv/bin/cain", "research", "decision-receipt", "--domain", "crypto", "--state", "/home/runner/work/_temp/work/n1/state-06-new-hypothesis-3", "--proposal", "/home/runner/work/predictor-qualification/predictor-qualification/qualification/integration-crypto/fixtures/proposals/n1/06-new-hypothesis.json", "--as-of", "2026-09-27T00:00:00Z"], "fault_env": {}, "exit": 0}
--- stdout
{"as_of":"2026-09-27T00:00:00Z","capital_permission":false,"config":{"config_version":1,"domain":"crypto","sha256":"d9418ea8581b8c083d98ddc7d2ee78b2e9b895abef7276c0a7a3a12fe90036e8"},"decision":"REQUIRE_HUMAN","detail":"crypto:QUAL-NEW-001 needs the owner","domain":"crypto","episode_id":"crypto:episode-2","policy":{"code_sha256":"3cea49644e1b2c6a15a550f2c76af8cfe8e4e002f58945a8ffde44b64004b8e6","id":"cain-decision-policy","version":2},"proposal":{"proposal_id":"cain:N1-06","sha256":"299bf96109c829ea84029f55c07368458d3bd5a99b04db30238e9faeedb55f78"},"reason_code":"NEW_HYPOTHESIS","rule":"R11","schema":"cain-decision-receipt/1","state":{"digest":"f1bdd6d2e042ece6dcbc805f354bf1498ec83be01afd80baa3149b3cd9b75dc0","episodes":1,"open_tasks":0,"results":1,"tasks":1},"task":null}
--- stderr
--- end
