{"effective_proposal": "/home/runner/work/_temp/work/failures/F14/proposals/1.json", "template": "fixtures/proposals/e2e/01-allow.json", "sha256": "08625a8141692da6213504d71cf6da69fb13340a70dc50c5767343ad56e07dc8"}
{"n": 1, "label": "propose 1", "at": "2026-09-28T14:44:22Z", "seconds": 0.101, "argv": ["/home/runner/work/_temp/work/rt/cain-venv/bin/cain", "research", "propose", "--domain", "stocks", "--state", "/home/runner/work/_temp/work/failures/F14/cain-state", "--proposal", "/home/runner/work/_temp/work/failures/F14/proposals/1.json", "--as-of", "2026-09-28T14:44:22Z"], "fault_env": {}, "exit": 0}
--- stdout
{"decision": "ALLOW", "episode_id": "stocks:episode-1", "reason_code": "ALLOWED", "receipt_sha256": "b60c85eef4b4e606ccce26d8b47703e23b5d06210329c407133ecb85f70f1a2f", "rule": "R14", "status": "RECORDED", "task": {"payload_sha256": "a5246653d8262815bf8b0875cbc0410939d95593a07efed1c3332be78b911213", "previous_task_id": null, "task_id": "stocks:TASK-e125c48bc88dc08db145a24397096b95"}}
--- stderr
--- end
{"n": 2, "label": "dispatch", "at": "2026-09-28T14:44:22Z", "seconds": 0.085, "argv": ["/home/runner/work/_temp/work/rt/cain-venv/bin/cain", "research", "dispatch", "--domain", "stocks", "--state", "/home/runner/work/_temp/work/failures/F14/cain-state", "--spool", "/home/runner/work/_temp/work/failures/F14/spool"], "fault_env": {}, "exit": 0}
--- stdout
{"action": "dispatched", "file": "stocks/tasks/TASK-e125c48bc88dc08db145a24397096b95.json", "spool": "WRITTEN", "task_id": "stocks:TASK-e125c48bc88dc08db145a24397096b95"}
--- stderr
--- end
{"n": 3, "label": "consumer with Ops worker crash", "at": "2026-09-28T14:44:23Z", "seconds": 0.291, "argv": ["/home/runner/work/_temp/work/rt/consumer-venv/bin/predictor-research-consumer", "--domain", "stocks", "--spool", "/home/runner/work/_temp/work/failures/F14/spool", "--ledger", "/home/runner/work/_temp/work/failures/F14/consumer/ledger.sqlite", "--state", "/home/runner/work/_temp/work/failures/F14/domain-state", "--policy", "/home/runner/work/_temp/work/rt/op/policy.json", "--objects", "/home/runner/work/_temp/work/rt/op/objects"], "fault_env": {"STOCKS_RESEARCH_FAULT": "ops_worker_crash"}, "exit": 0}
--- stdout
{"action": "delivered", "attempt": 1, "class": "RETRYABLE", "episode_id": "stocks:episode-1", "result_file": "stocks/results/TASK-e125c48bc88dc08db145a24397096b95.07b9a701cb6b77b2.json", "result_write": "WRITTEN", "status": "OPS_FAILED_RETRYABLE", "task_id": "stocks:TASK-e125c48bc88dc08db145a24397096b95"}
--- stderr
{"duration_ms": 105, "event": "job_finished", "job_id": "stocks-research-7d15143d009673987a863571", "level": "INFO", "run_id": "f2688bc2c44e42ac934b8a1738c58bc2", "run_status": "FAILED", "service": "predictor_ops", "timestamp": "2026-09-28T14:44:22.997844Z"}
--- end
{"n": 4, "label": "ingest retryable", "at": "2026-09-28T14:44:23Z", "seconds": 0.081, "argv": ["/home/runner/work/_temp/work/rt/cain-venv/bin/cain", "research", "ingest", "--domain", "stocks", "--state", "/home/runner/work/_temp/work/failures/F14/cain-state", "--spool", "/home/runner/work/_temp/work/failures/F14/spool"], "fault_env": {}, "exit": 0}
--- stdout
{"action": "ingested", "class": "RETRYABLE", "fact": null, "file": "TASK-e125c48bc88dc08db145a24397096b95.07b9a701cb6b77b2.json", "status": "OPS_FAILED_RETRYABLE", "task_id": "stocks:TASK-e125c48bc88dc08db145a24397096b95"}
--- stderr
--- end
{"effective_proposal": "/home/runner/work/_temp/work/failures/F14/proposals/2.json", "template": "fixtures/proposals/e2e/01-allow.json", "sha256": "4de797db58787b8c930400739e4b3e8fb05a756ff0184591595c608792393b25"}
{"n": 5, "label": "propose 2", "at": "2026-09-28T14:44:23Z", "seconds": 0.081, "argv": ["/home/runner/work/_temp/work/rt/cain-venv/bin/cain", "research", "propose", "--domain", "stocks", "--state", "/home/runner/work/_temp/work/failures/F14/cain-state", "--proposal", "/home/runner/work/_temp/work/failures/F14/proposals/2.json", "--as-of", "2026-09-28T14:44:23Z"], "fault_env": {}, "exit": 0}
--- stdout
{"decision": "ABSTAIN", "episode_id": "stocks:episode-2", "reason_code": "OPEN_TASK_PENDING", "receipt_sha256": "9e696d7ca46f15959eefffed188bc2066b1953870950113c6fde0623120afb84", "rule": "R12", "status": "RECORDED", "task": null}
--- stderr
--- end
{"n": 6, "label": "episodes", "at": "2026-09-28T14:44:23Z", "seconds": 0.082, "argv": ["/home/runner/work/_temp/work/rt/cain-venv/bin/cain", "research", "episodes", "--domain", "stocks", "--state", "/home/runner/work/_temp/work/failures/F14/cain-state"], "fault_env": {}, "exit": 0}
--- stdout
{"domain": "stocks", "episodes": [{"as_of": "2026-09-28T14:44:22Z", "decision": "ALLOW", "number": 1, "outbox": {"dispatches": 1, "retries_requested": 0, "status": "PUBLISHED", "task_id": "stocks:TASK-e125c48bc88dc08db145a24397096b95"}, "proposal_id": "cain:FM-F14-1", "reason_code": "ALLOWED", "receipt_sha256": "b60c85eef4b4e606ccce26d8b47703e23b5d06210329c407133ecb85f70f1a2f", "source": "operator", "task_id": "stocks:TASK-e125c48bc88dc08db145a24397096b95"}, {"as_of": "2026-09-28T14:44:23Z", "decision": "ABSTAIN", "number": 2, "outbox": null, "proposal_id": "cain:FM-F14-2", "reason_code": "OPEN_TASK_PENDING", "receipt_sha256": "9e696d7ca46f15959eefffed188bc2066b1953870950113c6fde0623120afb84", "source": "operator", "task_id": null}], "inbox": [{"class": "RETRYABLE", "fact_id": null, "payload_sha256": null, "status": "OPS_FAILED_RETRYABLE", "task_id": "stocks:TASK-e125c48bc88dc08db145a24397096b95"}], "memory": {"broken_at": null, "entries": 0, "head": "cain-memory-log/1", "head_recorded_at": null, "projection": "consistent", "status": "intact"}, "rejections": []}
--- stderr
--- end
{"n": 7, "label": "retry", "at": "2026-09-28T14:44:23Z", "seconds": 0.083, "argv": ["/home/runner/work/_temp/work/rt/cain-venv/bin/cain", "research", "retry", "--domain", "stocks", "--state", "/home/runner/work/_temp/work/failures/F14/cain-state", "--spool", "/home/runner/work/_temp/work/failures/F14/spool", "--task-id", "stocks:TASK-e125c48bc88dc08db145a24397096b95"], "fault_env": {}, "exit": 0}
--- stdout
{"action": "retry_requested", "attempt": 1, "file": "stocks/retries/TASK-e125c48bc88dc08db145a24397096b95.1.json", "task_id": "stocks:TASK-e125c48bc88dc08db145a24397096b95"}
--- stderr
--- end
{"n": 8, "label": "consumer after retry", "at": "2026-09-28T14:44:29Z", "seconds": 6.12, "argv": ["/home/runner/work/_temp/work/rt/consumer-venv/bin/predictor-research-consumer", "--domain", "stocks", "--spool", "/home/runner/work/_temp/work/failures/F14/spool", "--ledger", "/home/runner/work/_temp/work/failures/F14/consumer/ledger.sqlite", "--state", "/home/runner/work/_temp/work/failures/F14/domain-state", "--policy", "/home/runner/work/_temp/work/rt/op/policy.json", "--objects", "/home/runner/work/_temp/work/rt/op/objects"], "fault_env": {}, "exit": 0}
--- stdout
{"action": "delivered", "attempt": 2, "class": "TERMINAL_RESULT", "episode_id": "stocks:episode-1", "result_file": "stocks/results/TASK-e125c48bc88dc08db145a24397096b95.889bf0aaeff9bd8c.json", "result_write": "WRITTEN", "status": "RESULT", "task_id": "stocks:TASK-e125c48bc88dc08db145a24397096b95"}
--- stderr
{"duration_ms": 5920, "event": "job_finished", "job_id": "stocks-research-7d15143d009673987a863571", "level": "INFO", "run_id": "eeb82e2b961548809742eeb2d354447b", "run_status": "SUCCEEDED", "service": "predictor_ops", "timestamp": "2026-09-28T14:44:29.421014Z"}
--- end
{"n": 9, "label": "ingest after retry", "at": "2026-09-28T14:44:29Z", "seconds": 0.095, "argv": ["/home/runner/work/_temp/work/rt/cain-venv/bin/cain", "research", "ingest", "--domain", "stocks", "--state", "/home/runner/work/_temp/work/failures/F14/cain-state", "--spool", "/home/runner/work/_temp/work/failures/F14/spool"], "fault_env": {}, "exit": 0}
--- stdout
{"action": "duplicate", "file": "TASK-e125c48bc88dc08db145a24397096b95.07b9a701cb6b77b2.json"}
{"action": "ingested", "class": "TERMINAL_RESULT", "fact": "fact:3d210d746d9b4c888a4ba36dda2907f3", "file": "TASK-e125c48bc88dc08db145a24397096b95.889bf0aaeff9bd8c.json", "status": "RESULT", "task_id": "stocks:TASK-e125c48bc88dc08db145a24397096b95"}
--- stderr
--- end
{"n": 10, "label": "one RESULT after the retry", "at": "2026-09-28T14:44:29Z", "seconds": 0.082, "argv": ["/home/runner/work/_temp/work/rt/cain-venv/bin/cain", "research", "episodes", "--domain", "stocks", "--state", "/home/runner/work/_temp/work/failures/F14/cain-state"], "fault_env": {}, "exit": 0}
--- stdout
{"domain": "stocks", "episodes": [{"as_of": "2026-09-28T14:44:22Z", "decision": "ALLOW", "number": 1, "outbox": {"dispatches": 1, "retries_requested": 1, "status": "PUBLISHED", "task_id": "stocks:TASK-e125c48bc88dc08db145a24397096b95"}, "proposal_id": "cain:FM-F14-1", "reason_code": "ALLOWED", "receipt_sha256": "b60c85eef4b4e606ccce26d8b47703e23b5d06210329c407133ecb85f70f1a2f", "source": "operator", "task_id": "stocks:TASK-e125c48bc88dc08db145a24397096b95"}, {"as_of": "2026-09-28T14:44:23Z", "decision": "ABSTAIN", "number": 2, "outbox": null, "proposal_id": "cain:FM-F14-2", "reason_code": "OPEN_TASK_PENDING", "receipt_sha256": "9e696d7ca46f15959eefffed188bc2066b1953870950113c6fde0623120afb84", "source": "operator", "task_id": null}], "inbox": [{"class": "RETRYABLE", "fact_id": null, "payload_sha256": null, "status": "OPS_FAILED_RETRYABLE", "task_id": "stocks:TASK-e125c48bc88dc08db145a24397096b95"}, {"class": "TERMINAL_RESULT", "fact_id": "fact:3d210d746d9b4c888a4ba36dda2907f3", "payload_sha256": "19b8de37f14cf0a7c3c4fc2de561e60074c4ae0af2bd401c0e4c8558526bdde3", "status": "RESULT", "task_id": "stocks:TASK-e125c48bc88dc08db145a24397096b95"}], "memory": {"broken_at": null, "entries": 1, "head": "383b62f5ef502c5f24b0fc4e7304fe9fc4faf455afdbe39f194656fef2051a07", "head_recorded_at": "2026-09-28T14:44:29.548726Z", "projection": "consistent", "status": "intact"}, "rejections": []}
--- stderr
--- end
