Traceback (most recent call last):
  File "D:\a\_temp\uv-python-dir\cpython-3.13-windows-x86_64-none\Lib\zoneinfo\_common.py", line 12, in load_tzdata
    path = resources.files(package_name).joinpath(resource_name)
           ~~~~~~~~~~~~~~~^^^^^^^^^^^^^^
  File "D:\a\_temp\uv-python-dir\cpython-3.13-windows-x86_64-none\Lib\importlib\resources\_common.py", line 46, in wrapper
    return func(anchor)
  File "D:\a\_temp\uv-python-dir\cpython-3.13-windows-x86_64-none\Lib\importlib\resources\_common.py", line 56, in files
    return from_package(resolve(anchor))
                        ~~~~~~~^^^^^^^^
  File "D:\a\_temp\uv-python-dir\cpython-3.13-windows-x86_64-none\Lib\functools.py", line 934, in wrapper
    return dispatch(args[0].__class__)(*args, **kw)
           ~~~~~~~~~~~~~~~~~~~~~~~~~~~^^^^^^^^^^^^^
  File "D:\a\_temp\uv-python-dir\cpython-3.13-windows-x86_64-none\Lib\importlib\resources\_common.py", line 82, in _
    return importlib.import_module(cand)
           ~~~~~~~~~~~~~~~~~~~~~~~^^^^^^
  File "D:\a\_temp\uv-python-dir\cpython-3.13-windows-x86_64-none\Lib\importlib\__init__.py", line 88, in import_module
    return _bootstrap._gcd_import(name[level:], package, level)
           ~~~~~~~~~~~~~~~~~~~~~~^^^^^^^^^^^^^^^^^^^^^^^^^^^^^^
  File "<frozen importlib._bootstrap>", line 1395, in _gcd_import
  File "<frozen importlib._bootstrap>", line 1360, in _find_and_load
  File "<frozen importlib._bootstrap>", line 1310, in _find_and_load_unlocked
  File "<frozen importlib._bootstrap>", line 488, in _call_with_frames_removed
  File "<frozen importlib._bootstrap>", line 1395, in _gcd_import
  File "<frozen importlib._bootstrap>", line 1360, in _find_and_load
  File "<frozen importlib._bootstrap>", line 1310, in _find_and_load_unlocked
  File "<frozen importlib._bootstrap>", line 488, in _call_with_frames_removed
  File "<frozen importlib._bootstrap>", line 1395, in _gcd_import
  File "<frozen importlib._bootstrap>", line 1360, in _find_and_load
  File "<frozen importlib._bootstrap>", line 1324, in _find_and_load_unlocked
ModuleNotFoundError: No module named 'tzdata'

During handling of the above exception, another exception occurred:

Traceback (most recent call last):
  File "D:\a\predictor-qualification\predictor-qualification\qualification\stocks\scripts\runtime_modules.py", line 20, in <module>
    runpy.run_module(module, run_name="__main__", alter_sys=True)
    ~~~~~~~~~~~~~~~~^^^^^^^^^^^^^^^^^^^^^^^^^^^^^^^^^^^^^^^^^^^^^
  File "<frozen runpy>", line 231, in run_module
  File "<frozen runpy>", line 98, in _run_module_code
  File "<frozen runpy>", line 88, in _run_code
  File "C:\q\tmp.vBUgsMEMt2\venv\Lib\site-packages\stocks_predictor\__main__.py", line 2, in <module>
    from .operations import main
  File "C:\q\tmp.vBUgsMEMt2\venv\Lib\site-packages\stocks_predictor\operations.py", line 11, in <module>
    from . import diagnostics, external_intelligence, operational_store as store
  File "C:\q\tmp.vBUgsMEMt2\venv\Lib\site-packages\stocks_predictor\external_intelligence.py", line 36, in <module>
    SAO_PAULO = ZoneInfo("America/Sao_Paulo")
  File "D:\a\_temp\uv-python-dir\cpython-3.13-windows-x86_64-none\Lib\zoneinfo\_common.py", line 29, in load_tzdata
    raise ZoneInfoNotFoundError(f"No time zone found with key {key}")
zoneinfo._common.ZoneInfoNotFoundError: 'No time zone found with key America/Sao_Paulo'
