run_at 2026-09-27T22:05:12Z
CHECK 4.4/ENVELOPE_V2_FREEZE.json OK sha256=1ff635d39bd5b5a8f53bdbff13b542729b6747703b5a6955f529953515344c1f
CHECK 4.4/STACK_BASELINE_V2.0.json OK sha256=293820ee6544876725f9bfe34bcabec45d5377360cfebd77b792719cd19038da
CHECK 4.5/integration-stocks-attestation FALHA QUALIFICATION_ATTESTATION.json ausente; parciais=0; c0.state=ABORTED findings=0
CHECK 4.5/integration-crypto-attestation FALHA QUALIFICATION_ATTESTATION.json ausente; parciais=4; c0.state=PASSED findings=7
INFO 4.5/reuso final_commits/final_wheels de cain e ecosystem-predictor: indisponíveis (sem attestation QUALIFIED da integration-stocks)
CHECK 4.6a/runtime_target OK commit=25cdf4d9bb309d33f066fbc6a379f5d98c69f08a version=0.3.0rc3 wheel=403e6a022b10e2b6d05ef1828894bf3ad0b1d049301e3dfce9cf79dc262000ea sdist=306d2149424c53b48d74000b392e8785afc29f48710bd3fa2a04e85eb13f59b4
CHECK 4.6a/attestation-etapaA OK sha256=a4fa2fee25b65c39888d90cd947fc36ba63076eae536e5b676052470ed7521e4 result=QUALIFIED commit=25cdf4d9bb309d33f066fbc6a379f5d98c69f08a wheel=403e6a022b10e2b6d05ef1828894bf3ad0b1d049301e3dfce9cf79dc262000ea
CHECK 4.6b/STACK_BASELINE_V2.0 OK runtime_target.commit=25cdf4d9bb309d33f066fbc6a379f5d98c69f08a wheel=403e6a022b10e2b6d05ef1828894bf3ad0b1d049301e3dfce9cf79dc262000ea final_commit=25cdf4d9bb309d33f066fbc6a379f5d98c69f08a final_wheel=403e6a022b10e2b6d05ef1828894bf3ad0b1d049301e3dfce9cf79dc262000ea
INFO 4.6b/final_wheels {'brasileirao-predictor': ('0.3.0rc3', '403e6a02'), 'predictor-core': ('3.2.1', '10ef42f3'), 'predictor-ops': ('4.2.2rc1', '0be70bfb')}
PYFAILS 0
CHECK 4.6c/tag-v0.3.0rc3 OK commit=25cdf4d9bb309d33f066fbc6a379f5d98c69f08a
INFO 4.6c/release prerelease=true brasileirao_predictor-0.3.0rc3-py3-none-any.whl=sha256:403e6a022b10e2b6d05ef1828894bf3ad0b1d049301e3dfce9cf79dc262000ea brasileirao_predictor-0.3.0rc3.tar.gz=sha256:306d2149424c53b48d74000b392e8785afc29f48710bd3fa2a04e85eb13f59b4 SHA256SUMS.txt=sha256:c2728858ba13610ddb06ffaee7fc79ce8b959b405720ab43d1503a991e97e28c
CHECK 4.6c/asset-wheel OK sha256=403e6a022b10e2b6d05ef1828894bf3ad0b1d049301e3dfce9cf79dc262000ea
INFO 4.6d/main d80a4edee94ca0219ec308911d56628499792885
CHECK 4.6d/base-ancestral-do-main OK 25cdf4d9bb309d33f066fbc6a379f5d98c69f08a
CHECK 4.6d/arvore-25cdf4d=d80a4ed OK 88b1efa6167655b21b9603c144a423755ef8fb46 88b1efa6167655b21b9603c144a423755ef8fb46
INFO 4.6d/main-avancou nao (main = d80a4ed)
CHECK 4.7/PROVISION_RECEIPT OK sha256=ee2a75d1b7901561daab27f197e3860c3f42db0221b320804a3bcdab8babb1a0 chaves=['generated_at', 'kernel', 'os', 'python', 'python_path', 'ref', 'repos', 'schema', 'uv', 'uv_asset_sha256']
CHECK 4.8/protocolo-V2-wheel OK url=https://github.com/leonardosovienski/ecosystem-predictor/releases/download/predictor-research-protocol-v2.0.0rc2/predictor_research_protocol-2.0.0rc2-py3-none-any.whl sha256=34a1e4121e4085b901e3bd96552e2f5b4067c5e6af5e99dc1c26d6276fc7c820 bytes=28722
sh_falhas 2 (as de 4.6a/4.6b estão na linha PYFAILS)
