# 2026-09-23T15:40:42Z scan_secrets.py (cripto-predictor 2bc63eb) sobre o repo de evidência (git ls-files)
{
  "finding_count": 2,
  "findings": [
    {
      "path": "qualification/crypto/FROZEN_PARAMETERS.json",
      "line": 157,
      "kind": "credential_assignment"
    },
    {
      "path": "qualification/crypto/scripts/science_real.py",
      "line": 23,
      "kind": "credential_assignment"
    }
  ]
}
exit=1

# padrões extras nos arquivos da missão (crypto + shared SHARED-003/004/005) e no diff do cripto desde 5fd4e1b
evidence extra-grep exit=1 (1 = nada encontrado)
cripto diff grep exit=1 (1 = nada encontrado)
