{"effective_proposal": "/home/runner/work/_temp/work/failures/F03/proposals/1.json", "template": "fixtures/proposals/e2e/01-allow.json", "sha256": "125114a4572e56bbf54030688342603bf11176683a6ebc3cf225882000f0ea67"}
{"n": 1, "label": "propose 1", "at": "2026-10-08T00:10:13Z", "seconds": 0.14, "argv": ["/home/runner/work/_temp/work/rt/cain-venv/bin/cain", "research", "propose", "--domain", "stocks", "--state", "/home/runner/work/_temp/work/failures/F03/cain-state", "--proposal", "/home/runner/work/_temp/work/failures/F03/proposals/1.json", "--as-of", "2026-10-08T00:10:13Z"], "fault_env": {}, "exit": 0}
--- stdout
{"decision": "ALLOW", "episode_id": "stocks:episode-1", "reason_code": "ALLOWED", "receipt_sha256": "745b1a0bbe2c27dfa29dda4fad7026b703022661cd38bb3963bd792915d11987", "rule": "R14", "status": "RECORDED", "task": {"payload_sha256": "7d3d66bfc6413db0db072e23e9626921dcd19bfc167f2b2e3fc900b0dcecdc5c", "previous_task_id": null, "task_id": "stocks:TASK-300b412fb929bfac16fb4f8ab752ca39"}}
--- stderr
--- end
{"n": 2, "label": "dispatch", "at": "2026-10-08T00:10:13Z", "seconds": 0.112, "argv": ["/home/runner/work/_temp/work/rt/cain-venv/bin/cain", "research", "dispatch", "--domain", "stocks", "--state", "/home/runner/work/_temp/work/failures/F03/cain-state", "--spool", "/home/runner/work/_temp/work/failures/F03/spool"], "fault_env": {}, "exit": 0}
--- stdout
{"action": "dispatched", "file": "stocks/tasks/TASK-300b412fb929bfac16fb4f8ab752ca39.json", "spool": "WRITTEN", "task_id": "stocks:TASK-300b412fb929bfac16fb4f8ab752ca39"}
--- stderr
--- end
{"n": 3, "label": "consumer", "at": "2026-10-08T00:10:20Z", "seconds": 7.004, "argv": ["/home/runner/work/_temp/work/rt/consumer-venv/bin/predictor-research-consumer", "--domain", "stocks", "--spool", "/home/runner/work/_temp/work/failures/F03/spool", "--ledger", "/home/runner/work/_temp/work/failures/F03/consumer/ledger.sqlite", "--state", "/home/runner/work/_temp/work/failures/F03/domain-state", "--policy", "/home/runner/work/_temp/work/rt/op/policy.json", "--objects", "/home/runner/work/_temp/work/rt/op/objects"], "fault_env": {}, "exit": 0}
--- stdout
{"action": "delivered", "attempt": 1, "class": "TERMINAL_RESULT", "episode_id": "stocks:episode-1", "result_file": "stocks/results/TASK-300b412fb929bfac16fb4f8ab752ca39.b2e1b8344fc55bba.json", "result_write": "WRITTEN", "status": "RESULT", "task_id": "stocks:TASK-300b412fb929bfac16fb4f8ab752ca39"}
--- stderr
{"duration_ms": 6730, "event": "job_finished", "job_id": "stocks-research-358ca127caee012114bc1d0e", "level": "INFO", "run_id": "0580d407b07c490284663930f68780db", "run_status": "SUCCEEDED", "service": "predictor_ops", "timestamp": "2026-10-08T00:10:20.791703Z"}
--- end
{"n": 4, "label": "ingest (fault)", "at": "2026-10-08T00:10:21Z", "seconds": 0.186, "argv": ["/home/runner/work/_temp/work/rt/cain-venv/bin/cain", "research", "ingest", "--domain", "stocks", "--state", "/home/runner/work/_temp/work/failures/F03/cain-state", "--spool", "/home/runner/work/_temp/work/failures/F03/spool"], "fault_env": {"CAIN_ORCHESTRATION_FAULT": "after_inbox_commit_before_memory"}, "exit": 86}
--- stdout
--- stderr
--- end
{"n": 5, "label": "inbox without fact before recovery", "at": "2026-10-08T00:10:21Z", "seconds": 0.093, "argv": ["/home/runner/work/_temp/work/rt/cain-venv/bin/cain", "research", "episodes", "--domain", "stocks", "--state", "/home/runner/work/_temp/work/failures/F03/cain-state"], "fault_env": {}, "exit": 0}
--- stdout
{"domain": "stocks", "episodes": [{"as_of": "2026-10-08T00:10:13Z", "decision": "ALLOW", "number": 1, "outbox": {"dispatches": 1, "retries_requested": 0, "status": "PUBLISHED", "task_id": "stocks:TASK-300b412fb929bfac16fb4f8ab752ca39"}, "proposal_id": "cain:FM-F03-1", "reason_code": "ALLOWED", "receipt_sha256": "745b1a0bbe2c27dfa29dda4fad7026b703022661cd38bb3963bd792915d11987", "source": "operator", "task_id": "stocks:TASK-300b412fb929bfac16fb4f8ab752ca39"}], "inbox": [{"class": "TERMINAL_RESULT", "fact_id": null, "payload_sha256": "9d33084b56dfc61d336d0c641dac9dced422ff4fd7d1299453a8cfcc85b56249", "status": "RESULT", "task_id": "stocks:TASK-300b412fb929bfac16fb4f8ab752ca39"}], "memory": {"broken_at": null, "cube": "stocks", "facts": 0, "log": "shared across domains", "projection": "consistent", "status": "intact"}, "rejections": []}
--- stderr
--- end
{"n": 6, "label": "ingest after restart", "at": "2026-10-08T00:10:21Z", "seconds": 0.205, "argv": ["/home/runner/work/_temp/work/rt/cain-venv/bin/cain", "research", "ingest", "--domain", "stocks", "--state", "/home/runner/work/_temp/work/failures/F03/cain-state", "--spool", "/home/runner/work/_temp/work/failures/F03/spool"], "fault_env": {}, "exit": 0}
--- stdout
{"action": "remembered", "fact_id": "fact:0e143d2d892b4a1e9a467175ddc5c5f6", "file": "TASK-300b412fb929bfac16fb4f8ab752ca39.b2e1b8344fc55bba.json", "reused": false}
--- stderr
--- end
{"n": 7, "label": "memory completed once", "at": "2026-10-08T00:10:21Z", "seconds": 0.094, "argv": ["/home/runner/work/_temp/work/rt/cain-venv/bin/cain", "research", "episodes", "--domain", "stocks", "--state", "/home/runner/work/_temp/work/failures/F03/cain-state"], "fault_env": {}, "exit": 0}
--- stdout
{"domain": "stocks", "episodes": [{"as_of": "2026-10-08T00:10:13Z", "decision": "ALLOW", "number": 1, "outbox": {"dispatches": 1, "retries_requested": 0, "status": "PUBLISHED", "task_id": "stocks:TASK-300b412fb929bfac16fb4f8ab752ca39"}, "proposal_id": "cain:FM-F03-1", "reason_code": "ALLOWED", "receipt_sha256": "745b1a0bbe2c27dfa29dda4fad7026b703022661cd38bb3963bd792915d11987", "source": "operator", "task_id": "stocks:TASK-300b412fb929bfac16fb4f8ab752ca39"}], "inbox": [{"class": "TERMINAL_RESULT", "fact_id": "fact:0e143d2d892b4a1e9a467175ddc5c5f6", "payload_sha256": "9d33084b56dfc61d336d0c641dac9dced422ff4fd7d1299453a8cfcc85b56249", "status": "RESULT", "task_id": "stocks:TASK-300b412fb929bfac16fb4f8ab752ca39"}], "memory": {"broken_at": null, "cube": "stocks", "facts": 1, "log": "shared across domains", "projection": "consistent", "status": "intact"}, "rejections": []}
--- stderr
--- end
