{"effective_proposal": "/home/superleo13/predictors/runtime/integration-brasileirao/priv/run-20260928T183300Z-br13/failure-matrix/F12/proposals/1.json", "template": "fixtures/proposals/e2e/01-allow.json", "sha256": "421adca636b89e7d1632ef1341617b4cd492c80b717cb9041bb08059f6471693", "changes": ["events", "hypothesis_id", "request_id", "season"]}
{"n": 1, "domain": "brasileirao", "label": "propose 1", "at": "2026-09-28T18:41:51Z", "seconds": 0.157, "argv": ["/home/superleo13/predictors/runtime/integration-brasileirao/priv/run-20260928T183300Z-br13/cain-venv/bin/cain", "research", "propose", "--domain", "brasileirao", "--state", "/home/superleo13/predictors/runtime/integration-brasileirao/priv/run-20260928T183300Z-br13/failure-matrix/F12/cain-state", "--proposal", "/home/superleo13/predictors/runtime/integration-brasileirao/priv/run-20260928T183300Z-br13/failure-matrix/F12/proposals/1.json", "--as-of", "2026-09-28T18:41:50Z"], "fault_env": {}, "exit": 0, "stdout_sha256": "52d4fdf3704cc5c53ed1aa09f4f435f24686b463227451b948ce85524c5feed6", "stdout_bytes": 396, "stderr_sha256": "e3b0c44298fc1c149afbf4c8996fb92427ae41e4649b934ca495991b7852b855", "stderr_bytes": 0}
--- stdout
{"decision": "ALLOW", "episode_id": "brasileirao:episode-1", "reason_code": "ALLOWED", "receipt_sha256": "91c6b9aaf0d1cbde40fe7773c6ef3271945ff2c5be31e83b04b4b5a4fa771a1d", "rule": "R14", "status": "RECORDED", "task": {"payload_sha256": "33aba468df8055760b931f9f9c54e1c60a725633e4760efedd38817493445276", "previous_task_id": null, "task_id": "brasileirao:TASK-fc174777a4b271ad4126fcf4ba9b607f"}}
--- end
{"n": 2, "domain": "brasileirao", "label": "dispatch 1", "at": "2026-09-28T18:41:51Z", "seconds": 0.102, "argv": ["/home/superleo13/predictors/runtime/integration-brasileirao/priv/run-20260928T183300Z-br13/cain-venv/bin/cain", "research", "dispatch", "--domain", "brasileirao", "--state", "/home/superleo13/predictors/runtime/integration-brasileirao/priv/run-20260928T183300Z-br13/failure-matrix/F12/cain-state", "--spool", "/home/superleo13/predictors/runtime/integration-brasileirao/priv/run-20260928T183300Z-br13/failure-matrix/F12/spool"], "fault_env": {}, "exit": 0, "stdout_sha256": "659b210e63f96fa18c68aaf67350582a448e053998c33b7567026fa3aed55f76", "stdout_bytes": 181, "stderr_sha256": "e3b0c44298fc1c149afbf4c8996fb92427ae41e4649b934ca495991b7852b855", "stderr_bytes": 0}
--- stdout
{"action": "dispatched", "file": "brasileirao/tasks/TASK-fc174777a4b271ad4126fcf4ba9b607f.json", "spool": "WRITTEN", "task_id": "brasileirao:TASK-fc174777a4b271ad4126fcf4ba9b607f"}
--- end
{"n": 3, "domain": "brasileirao", "label": "consumer 1", "at": "2026-09-28T18:41:54Z", "seconds": 3.329, "argv": ["/home/superleo13/predictors/runtime/integration-brasileirao/priv/run-20260928T183300Z-br13/consumer-venv/bin/predictor-research-consumer", "--domain", "brasileirao", "--spool", "/home/superleo13/predictors/runtime/integration-brasileirao/priv/run-20260928T183300Z-br13/failure-matrix/F12/spool", "--ledger", "/home/superleo13/predictors/runtime/integration-brasileirao/priv/run-20260928T183300Z-br13/failure-matrix/F12/consumer-brasileirao/ledger.sqlite", "--state", "/home/superleo13/predictors/runtime/integration-brasileirao/priv/run-20260928T183300Z-br13/failure-matrix/F12/domain-state-brasileirao", "--policy", "/home/superleo13/predictors/runtime/integration-brasileirao/priv/run-20260928T183300Z-br13/op/policy.json", "--objects", "/home/superleo13/predictors/runtime/integration-brasileirao/priv/run-20260928T183300Z-br13/op/obj"], "fault_env": {}, "exit": 0, "stdout_sha256": "a6580fbd09ca2d3267216196241f5226c02629b6dcdbb0e30a9f4cdafc6f4e75", "stdout_bytes": 314, "stderr_sha256": "e3b0c44298fc1c149afbf4c8996fb92427ae41e4649b934ca495991b7852b855", "stderr_bytes": 0}
--- stdout
{"action": "delivered", "attempt": 1, "class": "TERMINAL_RESULT", "episode_id": "brasileirao:episode-1", "result_file": "brasileirao/results/TASK-fc174777a4b271ad4126fcf4ba9b607f.6598421370932e14.json", "result_write": "WRITTEN", "status": "RESULT", "task_id": "brasileirao:TASK-fc174777a4b271ad4126fcf4ba9b607f"}
--- end
{"n": 4, "domain": "brasileirao", "label": "ingest 1", "at": "2026-09-28T18:41:54Z", "seconds": 0.124, "argv": ["/home/superleo13/predictors/runtime/integration-brasileirao/priv/run-20260928T183300Z-br13/cain-venv/bin/cain", "research", "ingest", "--domain", "brasileirao", "--state", "/home/superleo13/predictors/runtime/integration-brasileirao/priv/run-20260928T183300Z-br13/failure-matrix/F12/cain-state", "--spool", "/home/superleo13/predictors/runtime/integration-brasileirao/priv/run-20260928T183300Z-br13/failure-matrix/F12/spool"], "fault_env": {}, "exit": 0, "stdout_sha256": "e5ef946f55f118e723194487f12e2f344ea0856d0b6159678f3fc45fe0d160ec", "stdout_bytes": 255, "stderr_sha256": "e3b0c44298fc1c149afbf4c8996fb92427ae41e4649b934ca495991b7852b855", "stderr_bytes": 0}
--- stdout
{"action": "ingested", "class": "TERMINAL_RESULT", "fact": "fact:27ca768b5b1642909381b9148ee5239f", "file": "TASK-fc174777a4b271ad4126fcf4ba9b607f.6598421370932e14.json", "status": "RESULT", "task_id": "brasileirao:TASK-fc174777a4b271ad4126fcf4ba9b607f"}
--- end
{"n": 5, "domain": "brasileirao", "label": "tamper other-payload", "at": "2026-09-28T18:41:54Z", "seconds": 0.055, "argv": ["/home/superleo13/predictors/runtime/integration-brasileirao/priv/run-20260928T183300Z-br13/cain-venv/bin/python", "-I", "/home/superleo13/predictors/runtime/integration-brasileirao/priv/run-20260928T183300Z-br13/failure-matrix/F12/tamper.py", "other-payload", "/home/superleo13/predictors/runtime/integration-brasileirao/priv/run-20260928T183300Z-br13/failure-matrix/F12/spool/brasileirao/tasks/TASK-fc174777a4b271ad4126fcf4ba9b607f.json", "/home/superleo13/predictors/runtime/integration-brasileirao/priv/run-20260928T183300Z-br13/failure-matrix/F12/spool/brasileirao/results/TASK-fc174777a4b271ad4126fcf4ba9b607f.6598421370932e14.json", "/home/superleo13/predictors/runtime/integration-brasileirao/priv/run-20260928T183300Z-br13/failure-matrix/F12/spool/brasileirao/results/other-payload.json"], "fault_env": {}, "exit": 0, "stdout_sha256": "9925eec00f45071f5c40284f93031d7fc4a7fcd4cd1f8ac3a09fbc66683516c3", "stdout_bytes": 43, "stderr_sha256": "e3b0c44298fc1c149afbf4c8996fb92427ae41e4649b934ca495991b7852b855", "stderr_bytes": 0}
--- stdout
{"mode": "other-payload", "bytes": 124499}
--- end
{"n": 6, "domain": "brasileirao", "label": "ingest other payload", "at": "2026-09-28T18:41:55Z", "seconds": 0.268, "argv": ["/home/superleo13/predictors/runtime/integration-brasileirao/priv/run-20260928T183300Z-br13/cain-venv/bin/cain", "research", "ingest", "--domain", "brasileirao", "--state", "/home/superleo13/predictors/runtime/integration-brasileirao/priv/run-20260928T183300Z-br13/failure-matrix/F12/cain-state", "--spool", "/home/superleo13/predictors/runtime/integration-brasileirao/priv/run-20260928T183300Z-br13/failure-matrix/F12/spool"], "fault_env": {}, "exit": 2, "stdout_sha256": "5a7dffb36831527e4ee8d29bc4ffb9ee776a9538b8c9564d2400cbeadbe523c0", "stdout_bytes": 239, "stderr_sha256": "e3b0c44298fc1c149afbf4c8996fb92427ae41e4649b934ca495991b7852b855", "stderr_bytes": 0}
--- stdout
{"action": "duplicate", "file": "TASK-fc174777a4b271ad4126fcf4ba9b607f.6598421370932e14.json"}
{"action": "rejected", "code": "CONFLICT", "file": "other-payload.json", "reason": "another domain payload was already ingested for this task"}
--- end
{"n": 7, "domain": "brasileirao", "label": "re-dispatch over tampered spool file", "at": "2026-09-28T18:41:55Z", "seconds": 0.095, "argv": ["/home/superleo13/predictors/runtime/integration-brasileirao/priv/run-20260928T183300Z-br13/cain-venv/bin/cain", "research", "dispatch", "--domain", "brasileirao", "--state", "/home/superleo13/predictors/runtime/integration-brasileirao/priv/run-20260928T183300Z-br13/failure-matrix/F12/cain-state", "--spool", "/home/superleo13/predictors/runtime/integration-brasileirao/priv/run-20260928T183300Z-br13/failure-matrix/F12/spool", "--resend"], "fault_env": {}, "exit": 2, "stdout_sha256": "fe4bef7a77bb983a93010e9df1f43f8960f55683f829a03d77b9870f7ab239e3", "stdout_bytes": 118, "stderr_sha256": "e3b0c44298fc1c149afbf4c8996fb92427ae41e4649b934ca495991b7852b855", "stderr_bytes": 0}
--- stdout
{"detail": "CONFLICT: tasks/TASK-fc174777a4b271ad4126fcf4ba9b607f.json already has other bytes", "error": "CONFLICT"}
--- end
{"n": 8, "domain": "brasileirao", "label": "original kept", "at": "2026-09-28T18:41:55Z", "seconds": 0.11, "argv": ["/home/superleo13/predictors/runtime/integration-brasileirao/priv/run-20260928T183300Z-br13/cain-venv/bin/cain", "research", "episodes", "--domain", "brasileirao", "--state", "/home/superleo13/predictors/runtime/integration-brasileirao/priv/run-20260928T183300Z-br13/failure-matrix/F12/cain-state"], "fault_env": {}, "exit": 0, "stdout_sha256": "09a4cebf1fce360d60ec74375d694fb895d1ccc68398f1cbb3cb5ba864ff9f83", "stdout_bytes": 1033, "stderr_sha256": "e3b0c44298fc1c149afbf4c8996fb92427ae41e4649b934ca495991b7852b855", "stderr_bytes": 0}
--- stdout
{"domain": "brasileirao", "episodes": [{"as_of": "2026-09-28T18:41:50Z", "decision": "ALLOW", "number": 1, "outbox": {"dispatches": 1, "retries_requested": 0, "status": "PUBLISHED", "task_id": "brasileirao:TASK-fc174777a4b271ad4126fcf4ba9b607f"}, "proposal_id": "cain:IB-FM-F12-1", "reason_code": "ALLOWED", "receipt_sha256": "91c6b9aaf0d1cbde40fe7773c6ef3271945ff2c5be31e83b04b4b5a4fa771a1d", "source": "operator", "task_id": "brasileirao:TASK-fc174777a4b271ad4126fcf4ba9b607f"}], "inbox": [{"class": "TERMINAL_RESULT", "fact_id": "fact:27ca768b5b1642909381b9148ee5239f", "payload_sha256": "f981c85a9a91b31c97d030a5d096b68fd2d951803cea85642ca920adb351a756", "status": "RESULT", "task_id": "brasileirao:TASK-fc174777a4b271ad4126fcf4ba9b607f"}], "memory": {"broken_at": null, "entries": 1, "head": "3687acd1875102eef1305bb3594647c32bfdf139e251e12d0115d4b1137de73f", "head_recorded_at": "2026-09-28T18:41:54.672417Z", "projection": "consistent", "status": "intact"}, "rejections": [{"code": "CONFLICT", "file": "other-payload.json"}]}
--- end
