{"n": 1, "label": "propose 1", "at": "2026-09-28T01:16:34Z", "seconds": 0.143, "argv": ["/home/runner/work/_temp/work/rt/cain-venv/bin/cain", "research", "propose", "--domain", "crypto", "--state", "/home/runner/work/_temp/work/failures/F06/cain-state", "--proposal", "/home/runner/work/_temp/work/failures/F06/proposals/1.json", "--as-of", "2026-09-28T01:16:34Z"], "fault_env": {}, "exit": 0}
--- stdout
{"decision": "ALLOW", "episode_id": "crypto:episode-1", "reason_code": "ALLOWED", "receipt_sha256": "16bed36e3b7e5ac9dfdaecff677df861703cccba9660bfd944024710f85a0ff3", "rule": "R14", "status": "RECORDED", "task": {"payload_sha256": "2f51590afc06135ee5862fd7ec0b61a299b2128cef40933dab31fba9a1abfcb9", "previous_task_id": null, "task_id": "crypto:TASK-3db86389a064ed50b5cf275e552e2f74"}}
--- stderr
--- end
{"n": 2, "label": "dispatch", "at": "2026-09-28T01:16:34Z", "seconds": 0.119, "argv": ["/home/runner/work/_temp/work/rt/cain-venv/bin/cain", "research", "dispatch", "--domain", "crypto", "--state", "/home/runner/work/_temp/work/failures/F06/cain-state", "--spool", "/home/runner/work/_temp/work/failures/F06/spool"], "fault_env": {}, "exit": 0}
--- stdout
{"action": "dispatched", "file": "crypto/tasks/TASK-3db86389a064ed50b5cf275e552e2f74.json", "spool": "WRITTEN", "task_id": "crypto:TASK-3db86389a064ed50b5cf275e552e2f74"}
--- stderr
--- end
{"n": 3, "label": "consumer while CAIN is stopped", "at": "2026-09-28T01:16:34Z", "seconds": 0.446, "argv": ["/home/runner/work/_temp/work/rt/consumer-venv/bin/predictor-research-consumer", "--domain", "crypto", "--spool", "/home/runner/work/_temp/work/failures/F06/spool", "--ledger", "/home/runner/work/_temp/work/failures/F06/consumer/ledger.sqlite", "--state", "/home/runner/work/_temp/work/failures/F06/domain-state", "--policy", "/home/runner/work/_temp/work/rt/op/policy.json", "--objects", "/home/runner/work/_temp/work/rt/op/objects"], "fault_env": {}, "exit": 0}
--- stdout
{"action": "delivered", "attempt": 1, "class": "TERMINAL_RESULT", "episode_id": "crypto:episode-1", "result_file": "crypto/results/TASK-3db86389a064ed50b5cf275e552e2f74.3e676fff12f1c31e.json", "result_write": "WRITTEN", "status": "RESULT", "task_id": "crypto:TASK-3db86389a064ed50b5cf275e552e2f74"}
--- stderr
{"duration_ms": 207, "event": "job_finished", "job_id": "crypto-research-cb5c3d7f2f267e3c9136ddea", "level": "INFO", "run_id": "4450a75627ad4909a5381326ddf8b626", "run_status": "SUCCEEDED", "service": "predictor_ops", "timestamp": "2026-09-28T01:16:34.729506Z"}
--- end
{"n": 4, "label": "CAIN back: ingest", "at": "2026-09-28T01:16:34Z", "seconds": 0.123, "argv": ["/home/runner/work/_temp/work/rt/cain-venv/bin/cain", "research", "ingest", "--domain", "crypto", "--state", "/home/runner/work/_temp/work/failures/F06/cain-state", "--spool", "/home/runner/work/_temp/work/failures/F06/spool"], "fault_env": {}, "exit": 0}
--- stdout
{"action": "ingested", "class": "TERMINAL_RESULT", "fact": "fact:5a113d66ac764f1eb907c63d6b52b6c3", "file": "TASK-3db86389a064ed50b5cf275e552e2f74.3e676fff12f1c31e.json", "status": "RESULT", "task_id": "crypto:TASK-3db86389a064ed50b5cf275e552e2f74"}
--- stderr
--- end
{"n": 5, "label": "nothing lost", "at": "2026-09-28T01:16:35Z", "seconds": 0.119, "argv": ["/home/runner/work/_temp/work/rt/cain-venv/bin/cain", "research", "episodes", "--domain", "crypto", "--state", "/home/runner/work/_temp/work/failures/F06/cain-state"], "fault_env": {}, "exit": 0}
--- stdout
{"domain": "crypto", "episodes": [{"as_of": "2026-09-28T01:16:34Z", "decision": "ALLOW", "number": 1, "outbox": {"dispatches": 1, "retries_requested": 0, "status": "PUBLISHED", "task_id": "crypto:TASK-3db86389a064ed50b5cf275e552e2f74"}, "proposal_id": "cain:FM-F06-1", "reason_code": "ALLOWED", "receipt_sha256": "16bed36e3b7e5ac9dfdaecff677df861703cccba9660bfd944024710f85a0ff3", "source": "operator", "task_id": "crypto:TASK-3db86389a064ed50b5cf275e552e2f74"}], "inbox": [{"class": "TERMINAL_RESULT", "fact_id": "fact:5a113d66ac764f1eb907c63d6b52b6c3", "payload_sha256": "b36c7903c5c6cca2244d82912593872477bab0dd0c5f75af42b2abff7f789516", "status": "RESULT", "task_id": "crypto:TASK-3db86389a064ed50b5cf275e552e2f74"}], "memory": {"broken_at": null, "entries": 1, "head": "cbccb8830f2be65ad4a8d1b88c9ef240954df780ce27ece8a4b85d724d67c670", "head_recorded_at": "2026-09-28T01:16:34.878812Z", "projection": "consistent", "status": "intact"}, "rejections": []}
--- stderr
--- end
