run_at 2026-09-28T15:58:03Z
attestation sha256=9979d19be7fc22f4731878d77496b91489b60fdf0bf350ff3336e81986791eae
CHECK 4.5/integration-stocks-result OK QUALIFIED
CHECK 4.5/final_commit-cain OK 302a5c8c4c24a884773e327e0f5855dd98f94d08
INFO 4.5/main-cain main=302a5c8c4c24a884773e327e0f5855dd98f94d08 final_ancestral_do_main=sim commits_main_alem_do_final=0 mesma_arvore=sim
CHECK 4.5/final_commit-ecosystem-predictor OK b11494ae211e79e2e5faaa4b874470f5b6ce15ec
INFO 4.5/main-ecosystem-predictor main=320d36d688e73a89dc1218c2f94771fb443c57bb final_ancestral_do_main=sim commits_main_alem_do_final=5 mesma_arvore=nao
INFO 4.5/main-ecosystem-predictor-commit 320d36d688e73a89dc1218c2f94771fb443c57bb Merge pull request #34 from leonardosovienski/ci/crypto-harness-renewal-20260928
INFO 4.5/main-ecosystem-predictor-commit d7b4bdf08f514df5229d5b45d507a7c73e35fefd ci: renovação agendada dos atestados de harness do cripto (crypto-harness-renewal)
INFO 4.5/main-ecosystem-predictor-commit d73620892f440b02e98b154177c3b2eec332a72d Merge pull request #33 from leonardosovienski/integration-brasileirao/transport-20260928
INFO 4.5/main-ecosystem-predictor-commit 1fa9098f9139bdfe1323edfb5ebe5fde27e92145 Merge pull request #32 from leonardosovienski/integration-stocks/transport-stocks-20260927
INFO 4.5/main-ecosystem-predictor-commit 7134c537631ac6b5f9dd577d66bb774ad3ef10da Merge pull request #31 from leonardosovienski/integration-crypto/harness-renewal-20260927
CHECK 4.5/final_wheel-cain-research OK 0.4.13rc12 sha256=988a0fb9b5e9b00be95cbf48dbe8fdda2eec53dff86e384192a619888ef49394 bytes=419789
CHECK 4.5/final_wheel-predictor-research-transport OK 0.1.0rc5 sha256=408d73c2b991eb009806702121ed187f273aa6521979ed89bbe9491e58cff79f bytes=10768
CHECK 4.5/final_wheel-predictor-research-protocol OK 2.0.0rc2 sha256=34a1e4121e4085b901e3bd96552e2f5b4067c5e6af5e99dc1c26d6276fc7c820 bytes=28722
CHECK 4.5/final_wheel-predictor-research-snapshot OK 1.0.2rc1 sha256=3bd4c0414ac2d457923601e3f919f6353b5cb9370a0f420a7a3ffc013a0aafad bytes=6053
CHECK 4.5/final_wheel-predictor-research-bundle OK 1.0.1rc1 sha256=65cf40c59c4f65d013a1134051fb94aa7c75b44f4ea6c71a54e25519143d0ea9 bytes=11891
INFO 4.5/final_wheels-cain-ecosystem 5
CHECK 4.5/framework-integration-crypto-DECISION_POLICY_REPORT OK sha256=9c028103e23d4b940dadedccf4e283e5ac2c8e5371c19b9bca5ad19e9eeb79d6
CHECK 4.5/framework-integration-stocks-DECISION_POLICY_REPORT OK sha256=1c7d42d72fec4ed4b5997fe49f80dfa2c7eb6eb4be8f2f10bbad98faa64acbb9
reuse_falhas 0
