run_at 2026-09-28T15:25:30Z
CHECK 4.4/ENVELOPE_V2_FREEZE.json OK sha256=1ff635d39bd5b5a8f53bdbff13b542729b6747703b5a6955f529953515344c1f
CHECK 4.4/STACK_BASELINE_V2.0.json OK sha256=293820ee6544876725f9bfe34bcabec45d5377360cfebd77b792719cd19038da
CHECK 4.5/integration-stocks-attestation OK result=QUALIFIED
CHECK 4.5/integration-crypto-attestation OK result=QUALIFIED
INFO 4.5/stocks-final_commit stocks-predictor 6f857b232eaa63f3fccda6a16f92dbfc8983ab3b
INFO 4.5/stocks-final_commit cain deccaaa0a0e2cb2b5f292614659eb4bf2e943e50
INFO 4.5/stocks-final_commit ecosystem-predictor 1304b206239d1488fa6a8757364d7571d6c8cf81
INFO 4.5/stocks-final_commit cripto-predictor ee3d3d17de0b76cf731808243ffa838a0f5ee8cc
INFO 4.5/stocks-final_commit core-predictor 5a0841509f091ea0aa95bde0d3d65e2a1a9e984d
INFO 4.5/stocks-final_commit predictor-ops 9831b0d5e727972b1d85ff48be14ffa58677898b
INFO 4.5/stocks-final_wheel stocks-predictor 0.3.0rc3 902f0d34efe7aef02c084e7886ef997c9b3f9bfe28e0e923c9c178361131ea00
INFO 4.5/stocks-final_wheel cain-research 0.4.13rc7 5560bc813189b6087e197c606502ebc7a1b920d4a6efbcc1b33cd3975a03e98d
INFO 4.5/stocks-final_wheel predictor-research-transport 0.1.0rc4 7a71ccd14934252c1b11801d1efb31c7f05fc6eda6104413ab148a81c66ab805
INFO 4.5/stocks-final_wheel predictor-research-protocol 2.0.0rc2 34a1e4121e4085b901e3bd96552e2f5b4067c5e6af5e99dc1c26d6276fc7c820
INFO 4.5/stocks-final_wheel predictor-research-snapshot 1.0.2rc1 3bd4c0414ac2d457923601e3f919f6353b5cb9370a0f420a7a3ffc013a0aafad
INFO 4.5/stocks-final_wheel predictor-research-bundle 1.0.1rc1 65cf40c59c4f65d013a1134051fb94aa7c75b44f4ea6c71a54e25519143d0ea9
INFO 4.5/stocks-final_wheel cripto-predictor 1.2.0rc3 02b5e5dbbc60cfb5ed6bb6458331047d7d6de9d55914fb9b1644d78fd0d2b82d
INFO 4.5/stocks-final_wheel predictor-core 3.2.1 10ef42f34ace8bb2df5f83ff7de2ceec79b035a25ea0a690e8942bd60d2fb4e3
INFO 4.5/stocks-final_wheel predictor-ops 4.2.2rc1 0be70bfbb2437dfb080baceb9af41043a09d03b15a358903b8bd7007f5f169b3
CHECK 4.6a/runtime_target OK commit=25cdf4d9bb309d33f066fbc6a379f5d98c69f08a version=0.3.0rc3 wheel=403e6a022b10e2b6d05ef1828894bf3ad0b1d049301e3dfce9cf79dc262000ea sdist=306d2149424c53b48d74000b392e8785afc29f48710bd3fa2a04e85eb13f59b4
CHECK 4.6a/attestation-etapaA OK sha256=a4fa2fee25b65c39888d90cd947fc36ba63076eae536e5b676052470ed7521e4 result=QUALIFIED commit=25cdf4d9bb309d33f066fbc6a379f5d98c69f08a wheel=403e6a022b10e2b6d05ef1828894bf3ad0b1d049301e3dfce9cf79dc262000ea
CHECK 4.6b/STACK_BASELINE_V2.0 OK runtime_target.commit=25cdf4d9bb309d33f066fbc6a379f5d98c69f08a wheel=403e6a022b10e2b6d05ef1828894bf3ad0b1d049301e3dfce9cf79dc262000ea final_commit=25cdf4d9bb309d33f066fbc6a379f5d98c69f08a final_wheel=403e6a022b10e2b6d05ef1828894bf3ad0b1d049301e3dfce9cf79dc262000ea
INFO 4.6b/final_wheels {'brasileirao-predictor': ('0.3.0rc3', '403e6a02'), 'predictor-core': ('3.2.1', '10ef42f3'), 'predictor-ops': ('4.2.2rc1', '0be70bfb')}
PYFAILS 0
CHECK 4.6c/tag-v0.3.0rc3 OK commit=25cdf4d9bb309d33f066fbc6a379f5d98c69f08a
INFO 4.6c/release prerelease=true brasileirao_predictor-0.3.0rc3-py3-none-any.whl=sha256:403e6a022b10e2b6d05ef1828894bf3ad0b1d049301e3dfce9cf79dc262000ea brasileirao_predictor-0.3.0rc3.tar.gz=sha256:306d2149424c53b48d74000b392e8785afc29f48710bd3fa2a04e85eb13f59b4 SHA256SUMS.txt=sha256:c2728858ba13610ddb06ffaee7fc79ce8b959b405720ab43d1503a991e97e28c
CHECK 4.6c/asset-wheel OK sha256=403e6a022b10e2b6d05ef1828894bf3ad0b1d049301e3dfce9cf79dc262000ea
INFO 4.6d/main abb9d8cf88387d5492051c6189b0077693a3bdc4
CHECK 4.6d/base-ancestral-do-main OK 25cdf4d9bb309d33f066fbc6a379f5d98c69f08a
CHECK 4.6d/arvore-25cdf4d=d80a4ed OK 88b1efa6167655b21b9603c144a423755ef8fb46 88b1efa6167655b21b9603c144a423755ef8fb46
INFO 4.6d/main-avancou sim commits_depois_de_d80a4ed=4 arvore_main=05e9e480db49264dda3d826eae1b794fe89e32f1 igual_base=nao
INFO 4.6d/diff  3 files changed, 89 insertions(+), 21 deletions(-)
INFO 4.6d/diff-em-adapters 1
CHECK 4.7/PROVISION_RECEIPT OK sha256=ee2a75d1b7901561daab27f197e3860c3f42db0221b320804a3bcdab8babb1a0 chaves=['generated_at', 'kernel', 'os', 'python', 'python_path', 'ref', 'repos', 'schema', 'uv', 'uv_asset_sha256']
CHECK 4.8/protocolo-V2-wheel OK url=https://github.com/leonardosovienski/ecosystem-predictor/releases/download/predictor-research-protocol-v2.0.0rc2/predictor_research_protocol-2.0.0rc2-py3-none-any.whl sha256=34a1e4121e4085b901e3bd96552e2f5b4067c5e6af5e99dc1c26d6276fc7c820 bytes=28722
sh_falhas 0 (as de 4.6a/4.6b estão na linha PYFAILS)
