runtime_env run_at=2026-09-30T03:44:00Z host=runnervmfi6oq where=github_actions os=Windows_NT uname=MINGW64_NT-10.0-26100 3.6.10-710e5275.x86_64 x86_64
python=Python 3.13.14 uv=uv 0.12.1 (329541a50 2026-07-31 x86_64-pc-windows-msvc)

[notice] A new release of pip is available: 26.1.2 -> 26.2.1
[notice] To update, run: C:\q\w\rt\cain-venv\Scripts\python.exe -m pip install --upgrade pip
/c/q/w/rt/cain_research-0.4.13rc15-py3-none-any.whl: OK

[notice] A new release of pip is available: 26.1.2 -> 26.2.1
[notice] To update, run: C:\q\w\rt\cain-venv\Scripts\python.exe -m pip install --upgrade pip
No broken requirements found.

[notice] A new release of pip is available: 26.1.2 -> 26.2.1
[notice] To update, run: C:\q\w\rt\consumer-venv\Scripts\python.exe -m pip install --upgrade pip
/c/q/w/rt/cripto_predictor-1.2.0rc4-py3-none-any.whl: OK

[notice] A new release of pip is available: 26.1.2 -> 26.2.1
[notice] To update, run: C:\q\w\rt\consumer-venv\Scripts\python.exe -m pip install --upgrade pip
/c/q/w/rt/predictor_research_transport-0.1.0rc7-py3-none-any.whl: OK

[notice] A new release of pip is available: 26.1.2 -> 26.2.1
[notice] To update, run: C:\q\w\rt\consumer-venv\Scripts\python.exe -m pip install --upgrade pip
/c/q/w/rt/predictor_research_protocol-2.0.0rc2-py3-none-any.whl: OK

[notice] A new release of pip is available: 26.1.2 -> 26.2.1
[notice] To update, run: C:\q\w\rt\consumer-venv\Scripts\python.exe -m pip install --upgrade pip
No broken requirements found.
export CAIN_BIN="C:/q/w/rt/cain-venv/Scripts/cain.exe"
export CAIN_PY="C:/q/w/rt/cain-venv/Scripts/python.exe"
export CONSUMER_BIN="C:/q/w/rt/consumer-venv/Scripts/predictor-research-consumer.exe"
export CONSUMER_PY="C:/q/w/rt/consumer-venv/Scripts/python.exe"
export CRIPTO_RESEARCH_BIN="C:/q/w/rt/consumer-venv/Scripts/cripto-research.exe"
export OP_POLICY="C:/q/w/rt/op/policy.json"
export OP_OBJECTS="C:/q/w/rt/op/objects"
export CRIPTO_TESTS="C:/q/w/rt/cripto-tests"
runtime_env done 2026-09-30T03:46:31Z
