{"n": 1, "domain": "brasileirao", "label": "protocol probe", "at": "2026-09-28T18:40:49Z", "seconds": 0.044, "argv": ["/home/superleo13/predictors/runtime/integration-brasileirao/priv/run-20260928T183300Z-br13/cain-venv/bin/python", "-I", "/home/superleo13/predictors/runtime/integration-brasileirao/priv/run-20260928T183300Z-br13/isolation/probe.py", "/home/superleo13/predictors/work/integration-brasileirao-evidence/qualification/integration-crypto/fixtures/v2"], "fault_env": {}, "exit": 0, "stdout_sha256": "1321ef4fb8277143d065eb23e2df13cbbcfc234d365158e8821aeb561ced5ba2", "stdout_bytes": 792, "stderr_sha256": "e3b0c44298fc1c149afbf4c8996fb92427ae41e4649b934ca495991b7852b855", "stderr_bytes": 0}
--- stdout
{"brasileirao->brasileirao": "ACCEPTED", "brasileirao->crypto": "DOMAIN_MISMATCH", "brasileirao->stocks": "DOMAIN_MISMATCH", "crypto->brasileirao": "DOMAIN_MISMATCH", "crypto->crypto": "ACCEPTED", "crypto->stocks": "DOMAIN_MISMATCH", "episode_ids": {"brasileirao": "brasileirao:episode-2", "crypto": "crypto:episode-2", "stocks": "stocks:episode-2"}, "hypothesis_ids": {"brasileirao": "brasileirao:H9", "crypto": "crypto:H9", "stocks": "stocks:H9"}, "stocks->brasileirao": "DOMAIN_MISMATCH", "stocks->crypto": "DOMAIN_MISMATCH", "stocks->stocks": "ACCEPTED", "task_ids": {"brasileirao": "brasileirao:TASK-a217b64758a0bb915918e79a09d87ac7", "crypto": "crypto:TASK-45b3afb3f4c777ae5aa52020f98afc6a", "stocks": "stocks:TASK-09f813296679d4ab76c537177cd98368"}, "unqualified": "ID_NOT_QUALIFIED"}
--- end
{"effective_proposal": "/home/superleo13/predictors/runtime/integration-brasileirao/priv/run-20260928T183300Z-br13/isolation/effective/stocks-iso-01.json", "template": "integration-stocks/fixtures/proposals/e2e/01-allow.json", "sha256": "39d76d5e06b9e177f5b0ea74101e0f7a87d342963e7524f1556717bc0ee0a35c", "changes": []}
{"effective_proposal": "/home/superleo13/predictors/runtime/integration-brasileirao/priv/run-20260928T183300Z-br13/isolation/effective/br-iso-01.json", "template": "fixtures/proposals/e2e/01-allow.json", "sha256": "c7ac4e4e5168def7319a557d75f9065f1d9052f83dfa5d87f165593bfcf6c2ec", "changes": ["request_id"]}
{"n": 2, "domain": "brasileirao", "label": "brasileirao: propose real", "at": "2026-09-28T18:40:49Z", "seconds": 0.14, "argv": ["/home/superleo13/predictors/runtime/integration-brasileirao/priv/run-20260928T183300Z-br13/cain-venv/bin/cain", "research", "propose", "--domain", "brasileirao", "--state", "/home/superleo13/predictors/runtime/integration-brasileirao/priv/run-20260928T183300Z-br13/isolation/shared/cain-state", "--proposal", "/home/superleo13/predictors/runtime/integration-brasileirao/priv/run-20260928T183300Z-br13/isolation/effective/br-iso-01.json", "--as-of", "2026-09-28T18:40:49Z"], "fault_env": {}, "exit": 0, "stdout_sha256": "e63c8a66304a30691041ec1e89ea84aa41fd8bb21af710d235135056f62280a5", "stdout_bytes": 396, "stderr_sha256": "e3b0c44298fc1c149afbf4c8996fb92427ae41e4649b934ca495991b7852b855", "stderr_bytes": 0}
--- stdout
{"decision": "ALLOW", "episode_id": "brasileirao:episode-1", "reason_code": "ALLOWED", "receipt_sha256": "d850b1efd3e6210e03512e198da893158ad38576a18c6a298757d32574f974f4", "rule": "R14", "status": "RECORDED", "task": {"payload_sha256": "3a839bb41a9ccd8285a948674e405fa033f66bba22f2790575bc4caa7a196aff", "previous_task_id": null, "task_id": "brasileirao:TASK-b4806bcbcc5f8699f807b30df9432ffd"}}
--- end
{"n": 3, "domain": "brasileirao", "label": "brasileirao: dispatch", "at": "2026-09-28T18:40:49Z", "seconds": 0.101, "argv": ["/home/superleo13/predictors/runtime/integration-brasileirao/priv/run-20260928T183300Z-br13/cain-venv/bin/cain", "research", "dispatch", "--domain", "brasileirao", "--state", "/home/superleo13/predictors/runtime/integration-brasileirao/priv/run-20260928T183300Z-br13/isolation/shared/cain-state", "--spool", "/home/superleo13/predictors/runtime/integration-brasileirao/priv/run-20260928T183300Z-br13/isolation/shared/spool"], "fault_env": {}, "exit": 0, "stdout_sha256": "538c973ba52c9519c8ba63c5273e443264388ad085a15698d2970980bbb37acf", "stdout_bytes": 181, "stderr_sha256": "e3b0c44298fc1c149afbf4c8996fb92427ae41e4649b934ca495991b7852b855", "stderr_bytes": 0}
--- stdout
{"action": "dispatched", "file": "brasileirao/tasks/TASK-b4806bcbcc5f8699f807b30df9432ffd.json", "spool": "WRITTEN", "task_id": "brasileirao:TASK-b4806bcbcc5f8699f807b30df9432ffd"}
--- end
{"n": 4, "domain": "brasileirao", "label": "brasileirao: consumer", "at": "2026-09-28T18:40:52Z", "seconds": 3.057, "argv": ["/home/superleo13/predictors/runtime/integration-brasileirao/priv/run-20260928T183300Z-br13/consumer-venv/bin/predictor-research-consumer", "--domain", "brasileirao", "--spool", "/home/superleo13/predictors/runtime/integration-brasileirao/priv/run-20260928T183300Z-br13/isolation/shared/spool", "--ledger", "/home/superleo13/predictors/runtime/integration-brasileirao/priv/run-20260928T183300Z-br13/isolation/shared/consumer-brasileirao/ledger.sqlite", "--state", "/home/superleo13/predictors/runtime/integration-brasileirao/priv/run-20260928T183300Z-br13/isolation/shared/domain-state-brasileirao", "--policy", "/home/superleo13/predictors/runtime/integration-brasileirao/priv/run-20260928T183300Z-br13/op/policy.json", "--objects", "/home/superleo13/predictors/runtime/integration-brasileirao/priv/run-20260928T183300Z-br13/op/obj"], "fault_env": {}, "exit": 0, "stdout_sha256": "d3523246b21ca3a2f8834e2a00fdd5e169a43aa8b393b67bc0347df1850e31ab", "stdout_bytes": 314, "stderr_sha256": "e3b0c44298fc1c149afbf4c8996fb92427ae41e4649b934ca495991b7852b855", "stderr_bytes": 0}
--- stdout
{"action": "delivered", "attempt": 1, "class": "TERMINAL_RESULT", "episode_id": "brasileirao:episode-1", "result_file": "brasileirao/results/TASK-b4806bcbcc5f8699f807b30df9432ffd.5871d02849bedd86.json", "result_write": "WRITTEN", "status": "RESULT", "task_id": "brasileirao:TASK-b4806bcbcc5f8699f807b30df9432ffd"}
--- end
{"n": 5, "domain": "brasileirao", "label": "brasileirao: ingest", "at": "2026-09-28T18:40:52Z", "seconds": 0.123, "argv": ["/home/superleo13/predictors/runtime/integration-brasileirao/priv/run-20260928T183300Z-br13/cain-venv/bin/cain", "research", "ingest", "--domain", "brasileirao", "--state", "/home/superleo13/predictors/runtime/integration-brasileirao/priv/run-20260928T183300Z-br13/isolation/shared/cain-state", "--spool", "/home/superleo13/predictors/runtime/integration-brasileirao/priv/run-20260928T183300Z-br13/isolation/shared/spool"], "fault_env": {}, "exit": 0, "stdout_sha256": "7cfa0e09f1c8fdb1d871f610def0ec02463b481b94fe890c93905cdc9f568d35", "stdout_bytes": 255, "stderr_sha256": "e3b0c44298fc1c149afbf4c8996fb92427ae41e4649b934ca495991b7852b855", "stderr_bytes": 0}
--- stdout
{"action": "ingested", "class": "TERMINAL_RESULT", "fact": "fact:e5fc100bad7f43e78947db7a38c869af", "file": "TASK-b4806bcbcc5f8699f807b30df9432ffd.5871d02849bedd86.json", "status": "RESULT", "task_id": "brasileirao:TASK-b4806bcbcc5f8699f807b30df9432ffd"}
--- end
{"n": 6, "domain": "crypto", "label": "crypto: propose real", "at": "2026-09-28T18:40:52Z", "seconds": 0.099, "argv": ["/home/superleo13/predictors/runtime/integration-brasileirao/priv/run-20260928T183300Z-br13/cain-venv/bin/cain", "research", "propose", "--domain", "crypto", "--state", "/home/superleo13/predictors/runtime/integration-brasileirao/priv/run-20260928T183300Z-br13/isolation/shared/cain-state", "--proposal", "/home/superleo13/predictors/work/integration-brasileirao-evidence/qualification/integration-crypto/fixtures/proposals/e2e/01-allow.json", "--as-of", "2026-09-28T18:40:52Z"], "fault_env": {}, "exit": 0, "stdout_sha256": "b17b8430ccefb8c7da451231ebc7d4dfa62fcda95a17def130d073bdedada4f5", "stdout_bytes": 386, "stderr_sha256": "e3b0c44298fc1c149afbf4c8996fb92427ae41e4649b934ca495991b7852b855", "stderr_bytes": 0}
--- stdout
{"decision": "ALLOW", "episode_id": "crypto:episode-1", "reason_code": "ALLOWED", "receipt_sha256": "dd92937f3055b08f8ab73606a14b0eb3de1696571b3d4b28d1c4eefc49825ce7", "rule": "R14", "status": "RECORDED", "task": {"payload_sha256": "5fe20eb7b93d743530485cae313699a24e6bde31926371024ff20b8d3ef89beb", "previous_task_id": null, "task_id": "crypto:TASK-02bf95b3940c9a226f8a9ae2a37a11a3"}}
--- end
{"n": 7, "domain": "crypto", "label": "crypto: dispatch", "at": "2026-09-28T18:40:52Z", "seconds": 0.102, "argv": ["/home/superleo13/predictors/runtime/integration-brasileirao/priv/run-20260928T183300Z-br13/cain-venv/bin/cain", "research", "dispatch", "--domain", "crypto", "--state", "/home/superleo13/predictors/runtime/integration-brasileirao/priv/run-20260928T183300Z-br13/isolation/shared/cain-state", "--spool", "/home/superleo13/predictors/runtime/integration-brasileirao/priv/run-20260928T183300Z-br13/isolation/shared/spool"], "fault_env": {}, "exit": 0, "stdout_sha256": "bc61f88a021d22cee302c6bc655c9eba871612efac89ceb2b7aecd125b582b9c", "stdout_bytes": 171, "stderr_sha256": "e3b0c44298fc1c149afbf4c8996fb92427ae41e4649b934ca495991b7852b855", "stderr_bytes": 0}
--- stdout
{"action": "dispatched", "file": "crypto/tasks/TASK-02bf95b3940c9a226f8a9ae2a37a11a3.json", "spool": "WRITTEN", "task_id": "crypto:TASK-02bf95b3940c9a226f8a9ae2a37a11a3"}
--- end
{"n": 8, "domain": "crypto", "label": "crypto: consumer", "at": "2026-09-28T18:40:53Z", "seconds": 0.481, "argv": ["/home/superleo13/predictors/runtime/integration-brasileirao/priv/run-20260928T183300Z-br13/crypto-venv/bin/predictor-research-consumer", "--domain", "crypto", "--spool", "/home/superleo13/predictors/runtime/integration-brasileirao/priv/run-20260928T183300Z-br13/isolation/shared/spool", "--ledger", "/home/superleo13/predictors/runtime/integration-brasileirao/priv/run-20260928T183300Z-br13/isolation/shared/consumer-crypto/ledger.sqlite", "--state", "/home/superleo13/predictors/runtime/integration-brasileirao/priv/run-20260928T183300Z-br13/isolation/shared/domain-state-crypto", "--policy", "/home/superleo13/predictors/runtime/integration-brasileirao/priv/run-20260928T183300Z-br13/crypto-op/policy.json", "--objects", "/home/superleo13/predictors/runtime/integration-brasileirao/priv/run-20260928T183300Z-br13/crypto-op/objects"], "fault_env": {}, "exit": 0, "stdout_sha256": "b20fd2fe6d179b8305c5b24a2ae41cb23ce541dd2c7d522a21e84bab7fba47df", "stdout_bytes": 299, "stderr_sha256": "a0c9716219b7a5f2cc58b18ce2c82a5891f512bf1babf3f298e7c0b0e186c8e6", "stderr_bytes": 262}
--- stdout
{"action": "delivered", "attempt": 1, "class": "TERMINAL_RESULT", "episode_id": "crypto:episode-1", "result_file": "crypto/results/TASK-02bf95b3940c9a226f8a9ae2a37a11a3.49a36f7fe6d8244c.json", "result_write": "WRITTEN", "status": "RESULT", "task_id": "crypto:TASK-02bf95b3940c9a226f8a9ae2a37a11a3"}
--- end
{"n": 9, "domain": "crypto", "label": "crypto: ingest", "at": "2026-09-28T18:40:53Z", "seconds": 0.108, "argv": ["/home/superleo13/predictors/runtime/integration-brasileirao/priv/run-20260928T183300Z-br13/cain-venv/bin/cain", "research", "ingest", "--domain", "crypto", "--state", "/home/superleo13/predictors/runtime/integration-brasileirao/priv/run-20260928T183300Z-br13/isolation/shared/cain-state", "--spool", "/home/superleo13/predictors/runtime/integration-brasileirao/priv/run-20260928T183300Z-br13/isolation/shared/spool"], "fault_env": {}, "exit": 0, "stdout_sha256": "ce7a11f8a3ebcf554bcc36650ec6683ea47c2132ddf54ef81af31641ad0387c9", "stdout_bytes": 250, "stderr_sha256": "e3b0c44298fc1c149afbf4c8996fb92427ae41e4649b934ca495991b7852b855", "stderr_bytes": 0}
--- stdout
{"action": "ingested", "class": "TERMINAL_RESULT", "fact": "fact:6c349a1934d046ef82b924cb3cafdf7c", "file": "TASK-02bf95b3940c9a226f8a9ae2a37a11a3.49a36f7fe6d8244c.json", "status": "RESULT", "task_id": "crypto:TASK-02bf95b3940c9a226f8a9ae2a37a11a3"}
--- end
{"n": 10, "domain": "stocks", "label": "stocks: propose real", "at": "2026-09-28T18:40:53Z", "seconds": 0.119, "argv": ["/home/superleo13/predictors/runtime/integration-brasileirao/priv/run-20260928T183300Z-br13/cain-venv/bin/cain", "research", "propose", "--domain", "stocks", "--state", "/home/superleo13/predictors/runtime/integration-brasileirao/priv/run-20260928T183300Z-br13/isolation/shared/cain-state", "--proposal", "/home/superleo13/predictors/runtime/integration-brasileirao/priv/run-20260928T183300Z-br13/isolation/effective/stocks-iso-01.json", "--as-of", "2026-09-28T18:40:53Z"], "fault_env": {}, "exit": 0, "stdout_sha256": "083d0da74e429fbc5083c25afbbdb861cfd123de96bf8103b196b2ee545fae56", "stdout_bytes": 386, "stderr_sha256": "e3b0c44298fc1c149afbf4c8996fb92427ae41e4649b934ca495991b7852b855", "stderr_bytes": 0}
--- stdout
{"decision": "ALLOW", "episode_id": "stocks:episode-1", "reason_code": "ALLOWED", "receipt_sha256": "1f4cd6e98d9823e07de999eac53df9398ffd2819109a5f953394b502d6e59266", "rule": "R14", "status": "RECORDED", "task": {"payload_sha256": "0b87097255a398a305a3a54735ebc3bad25bfd27b179d453d3f1db299c05cad5", "previous_task_id": null, "task_id": "stocks:TASK-d6efe57849ec5f14547af45741a1b754"}}
--- end
{"n": 11, "domain": "stocks", "label": "stocks: dispatch", "at": "2026-09-28T18:40:53Z", "seconds": 0.123, "argv": ["/home/superleo13/predictors/runtime/integration-brasileirao/priv/run-20260928T183300Z-br13/cain-venv/bin/cain", "research", "dispatch", "--domain", "stocks", "--state", "/home/superleo13/predictors/runtime/integration-brasileirao/priv/run-20260928T183300Z-br13/isolation/shared/cain-state", "--spool", "/home/superleo13/predictors/runtime/integration-brasileirao/priv/run-20260928T183300Z-br13/isolation/shared/spool"], "fault_env": {}, "exit": 0, "stdout_sha256": "a7325cb0580d2d125ffb0af6f1d3ff0a450bf81e296c30ecc67aa7636311785b", "stdout_bytes": 171, "stderr_sha256": "e3b0c44298fc1c149afbf4c8996fb92427ae41e4649b934ca495991b7852b855", "stderr_bytes": 0}
--- stdout
{"action": "dispatched", "file": "stocks/tasks/TASK-d6efe57849ec5f14547af45741a1b754.json", "spool": "WRITTEN", "task_id": "stocks:TASK-d6efe57849ec5f14547af45741a1b754"}
--- end
{"n": 12, "domain": "stocks", "label": "stocks: consumer", "at": "2026-09-28T18:40:59Z", "seconds": 6.361, "argv": ["/home/superleo13/predictors/runtime/integration-brasileirao/priv/run-20260928T183300Z-br13/stocks-venv/bin/predictor-research-consumer", "--domain", "stocks", "--spool", "/home/superleo13/predictors/runtime/integration-brasileirao/priv/run-20260928T183300Z-br13/isolation/shared/spool", "--ledger", "/home/superleo13/predictors/runtime/integration-brasileirao/priv/run-20260928T183300Z-br13/isolation/shared/consumer-stocks/ledger.sqlite", "--state", "/home/superleo13/predictors/runtime/integration-brasileirao/priv/run-20260928T183300Z-br13/isolation/shared/domain-state-stocks", "--policy", "/home/superleo13/predictors/runtime/integration-brasileirao/priv/run-20260928T183300Z-br13/stocks-op/policy.json", "--objects", "/home/superleo13/predictors/runtime/integration-brasileirao/priv/run-20260928T183300Z-br13/stocks-op/objects"], "fault_env": {}, "exit": 0, "stdout_sha256": "e737d019aa7136faf941b3705268fc07ecbd8f40c8f858f1b6a0a16364ba8c30", "stdout_bytes": 299, "stderr_sha256": "3595c26a10a5a3c30c20e230b8d12908256ec6bf6d85c311acaaf3ff24234832", "stderr_bytes": 263}
--- stdout
{"action": "delivered", "attempt": 1, "class": "TERMINAL_RESULT", "episode_id": "stocks:episode-1", "result_file": "stocks/results/TASK-d6efe57849ec5f14547af45741a1b754.d08c64e8108cb93a.json", "result_write": "WRITTEN", "status": "RESULT", "task_id": "stocks:TASK-d6efe57849ec5f14547af45741a1b754"}
--- end
{"n": 13, "domain": "stocks", "label": "stocks: ingest", "at": "2026-09-28T18:40:59Z", "seconds": 0.124, "argv": ["/home/superleo13/predictors/runtime/integration-brasileirao/priv/run-20260928T183300Z-br13/cain-venv/bin/cain", "research", "ingest", "--domain", "stocks", "--state", "/home/superleo13/predictors/runtime/integration-brasileirao/priv/run-20260928T183300Z-br13/isolation/shared/cain-state", "--spool", "/home/superleo13/predictors/runtime/integration-brasileirao/priv/run-20260928T183300Z-br13/isolation/shared/spool"], "fault_env": {}, "exit": 0, "stdout_sha256": "18dae81da55eb8bfd489bc6d962c60befd9d23314e01c22db7dffdb022b12180", "stdout_bytes": 250, "stderr_sha256": "e3b0c44298fc1c149afbf4c8996fb92427ae41e4649b934ca495991b7852b855", "stderr_bytes": 0}
--- stdout
{"action": "ingested", "class": "TERMINAL_RESULT", "fact": "fact:f4227fac62274ed593483abe11663957", "file": "TASK-d6efe57849ec5f14547af45741a1b754.d08c64e8108cb93a.json", "status": "RESULT", "task_id": "stocks:TASK-d6efe57849ec5f14547af45741a1b754"}
--- end
{"n": 14, "domain": "brasileirao", "label": "show brasileirao:REQ-IB-ISO-001", "at": "2026-09-28T18:41:00Z", "seconds": 0.201, "argv": ["/home/superleo13/predictors/runtime/integration-brasileirao/priv/run-20260928T183300Z-br13/consumer-venv/bin/brasileirao-research", "--state", "/home/superleo13/predictors/runtime/integration-brasileirao/priv/run-20260928T183300Z-br13/isolation/shared/domain-state-brasileirao", "show", "brasileirao:REQ-IB-ISO-001"], "fault_env": {}, "exit": 0, "stdout_sha256": "dc598afa1f64309084969547f5ce1b589a6af35525bc583a7ae594b8b9863924", "stdout_bytes": 121507, "stderr_sha256": "e3b0c44298fc1c149afbf4c8996fb92427ae41e4649b934ca495991b7852b855", "stderr_bytes": 0}
--- stdout
(stdout do domínio só no log privado)
--- end
{"n": 15, "domain": "brasileirao", "label": "brasileirao: ingest the real results of the other two domains", "at": "2026-09-28T18:41:00Z", "seconds": 0.108, "argv": ["/home/superleo13/predictors/runtime/integration-brasileirao/priv/run-20260928T183300Z-br13/cain-venv/bin/cain", "research", "ingest", "--domain", "brasileirao", "--state", "/home/superleo13/predictors/runtime/integration-brasileirao/priv/run-20260928T183300Z-br13/isolation/shared/cain-state", "--spool", "/home/superleo13/predictors/runtime/integration-brasileirao/priv/run-20260928T183300Z-br13/isolation/shared/spool"], "fault_env": {}, "exit": 2, "stdout_sha256": "ffbb4dca493d2032b657a49c238fb85494f16556c2300d9f18c8ffeec90c986c", "stdout_bytes": 337, "stderr_sha256": "e3b0c44298fc1c149afbf4c8996fb92427ae41e4649b934ca495991b7852b855", "stderr_bytes": 0}
--- stdout
{"action": "duplicate", "file": "TASK-b4806bcbcc5f8699f807b30df9432ffd.5871d02849bedd86.json"}
{"action": "rejected", "code": "DOMAIN_MISMATCH", "file": "cross-crypto-real.json", "reason": "result of domain crypto"}
{"action": "rejected", "code": "DOMAIN_MISMATCH", "file": "cross-stocks-real.json", "reason": "result of domain stocks"}
--- end
{"n": 16, "domain": "crypto", "label": "crypto: ingest the real results of the other two domains", "at": "2026-09-28T18:41:00Z", "seconds": 0.112, "argv": ["/home/superleo13/predictors/runtime/integration-brasileirao/priv/run-20260928T183300Z-br13/cain-venv/bin/cain", "research", "ingest", "--domain", "crypto", "--state", "/home/superleo13/predictors/runtime/integration-brasileirao/priv/run-20260928T183300Z-br13/isolation/shared/cain-state", "--spool", "/home/superleo13/predictors/runtime/integration-brasileirao/priv/run-20260928T183300Z-br13/isolation/shared/spool"], "fault_env": {}, "exit": 2, "stdout_sha256": "4b925d5660001c8822c9de614a10293ded95b819e7c39ef1974f49746f7bbdcf", "stdout_bytes": 347, "stderr_sha256": "e3b0c44298fc1c149afbf4c8996fb92427ae41e4649b934ca495991b7852b855", "stderr_bytes": 0}
--- stdout
{"action": "duplicate", "file": "TASK-02bf95b3940c9a226f8a9ae2a37a11a3.49a36f7fe6d8244c.json"}
{"action": "rejected", "code": "DOMAIN_MISMATCH", "file": "cross-brasileirao-real.json", "reason": "result of domain brasileirao"}
{"action": "rejected", "code": "DOMAIN_MISMATCH", "file": "cross-stocks-real.json", "reason": "result of domain stocks"}
--- end
{"n": 17, "domain": "stocks", "label": "stocks: ingest the real results of the other two domains", "at": "2026-09-28T18:41:00Z", "seconds": 0.123, "argv": ["/home/superleo13/predictors/runtime/integration-brasileirao/priv/run-20260928T183300Z-br13/cain-venv/bin/cain", "research", "ingest", "--domain", "stocks", "--state", "/home/superleo13/predictors/runtime/integration-brasileirao/priv/run-20260928T183300Z-br13/isolation/shared/cain-state", "--spool", "/home/superleo13/predictors/runtime/integration-brasileirao/priv/run-20260928T183300Z-br13/isolation/shared/spool"], "fault_env": {}, "exit": 2, "stdout_sha256": "1083b029a8e194bee35358df4e9e61b4ddacab61d18db5e4fa6a2590e73f2160", "stdout_bytes": 347, "stderr_sha256": "e3b0c44298fc1c149afbf4c8996fb92427ae41e4649b934ca495991b7852b855", "stderr_bytes": 0}
--- stdout
{"action": "duplicate", "file": "TASK-d6efe57849ec5f14547af45741a1b754.d08c64e8108cb93a.json"}
{"action": "rejected", "code": "DOMAIN_MISMATCH", "file": "cross-brasileirao-real.json", "reason": "result of domain brasileirao"}
{"action": "rejected", "code": "DOMAIN_MISMATCH", "file": "cross-crypto-real.json", "reason": "result of domain crypto"}
--- end
{"n": 18, "domain": "brasileirao", "label": "brasileirao consumer: a crypto task file in the brasileirao spool", "at": "2026-09-28T18:41:00Z", "seconds": 0.108, "argv": ["/home/superleo13/predictors/runtime/integration-brasileirao/priv/run-20260928T183300Z-br13/consumer-venv/bin/predictor-research-consumer", "--domain", "brasileirao", "--spool", "/home/superleo13/predictors/runtime/integration-brasileirao/priv/run-20260928T183300Z-br13/isolation/shared/spool", "--ledger", "/home/superleo13/predictors/runtime/integration-brasileirao/priv/run-20260928T183300Z-br13/isolation/shared/consumer-brasileirao/ledger.sqlite", "--state", "/home/superleo13/predictors/runtime/integration-brasileirao/priv/run-20260928T183300Z-br13/isolation/shared/domain-state-brasileirao", "--policy", "/home/superleo13/predictors/runtime/integration-brasileirao/priv/run-20260928T183300Z-br13/op/policy.json", "--objects", "/home/superleo13/predictors/runtime/integration-brasileirao/priv/run-20260928T183300Z-br13/op/obj"], "fault_env": {}, "exit": 2, "stdout_sha256": "68856b9f58e89b44555827c0ae930f251599c0c8b536128488b8298a04076e79", "stdout_bytes": 312, "stderr_sha256": "e3b0c44298fc1c149afbf4c8996fb92427ae41e4649b934ca495991b7852b855", "stderr_bytes": 0}
--- stdout
{"action": "rejected", "code": "DOMAIN_MISMATCH", "file": "TASK-02bf95b3940c9a226f8a9ae2a37a11a3.json", "reason": {"sha256": "6078ded00e852d99ee124eac40c60505e9c525b3f5e92eea1f16babd7e3b046a"}}
{"action": "skipped", "episode_id": "brasileirao:episode-1", "state": "TERMINAL_RESULT", "status": "RESULT", "task_id": "brasileirao:TASK-b4806bcbcc5f8699f807b30df9432ffd"}
--- end
{"n": 19, "domain": "brasileirao", "label": "same H9: crypto:H9 -> brasileirao", "at": "2026-09-28T18:41:00Z", "seconds": 0.106, "argv": ["/home/superleo13/predictors/runtime/integration-brasileirao/priv/run-20260928T183300Z-br13/cain-venv/bin/cain", "research", "propose", "--domain", "brasileirao", "--state", "/home/superleo13/predictors/runtime/integration-brasileirao/priv/run-20260928T183300Z-br13/isolation/shared/cain-state", "--proposal", "/home/superleo13/predictors/work/integration-brasileirao-evidence/qualification/integration-crypto/fixtures/proposals/e2e/05-h9-closed.json", "--as-of", "2026-09-28T18:41:00Z"], "fault_env": {}, "exit": 0, "stdout_sha256": "df5ad6157d110808531f5692162e9e48a10e1801b2b5c16856a43ccc1996dfbf", "stdout_bytes": 232, "stderr_sha256": "e3b0c44298fc1c149afbf4c8996fb92427ae41e4649b934ca495991b7852b855", "stderr_bytes": 0}
--- stdout
{"decision": "BLOCK", "episode_id": "brasileirao:episode-2", "reason_code": "DOMAIN_MISMATCH", "receipt_sha256": "a5e02aad3c33e58ae1fcc9c4c9eecf0af8a20fda14ad703d485a4066767665d5", "rule": "R01", "status": "RECORDED", "task": null}
--- end
{"n": 20, "domain": "crypto", "label": "same H9: crypto:H9 -> crypto", "at": "2026-09-28T18:41:00Z", "seconds": 0.1, "argv": ["/home/superleo13/predictors/runtime/integration-brasileirao/priv/run-20260928T183300Z-br13/cain-venv/bin/cain", "research", "propose", "--domain", "crypto", "--state", "/home/superleo13/predictors/runtime/integration-brasileirao/priv/run-20260928T183300Z-br13/isolation/shared/cain-state", "--proposal", "/home/superleo13/predictors/work/integration-brasileirao-evidence/qualification/integration-crypto/fixtures/proposals/e2e/05-h9-closed.json", "--as-of", "2026-09-28T18:41:00Z"], "fault_env": {}, "exit": 0, "stdout_sha256": "ba3d20cf71092fd4c7ed9faa5eacc1a92284bbf5a795335e2e2e5cc46f2d4964", "stdout_bytes": 229, "stderr_sha256": "e3b0c44298fc1c149afbf4c8996fb92427ae41e4649b934ca495991b7852b855", "stderr_bytes": 0}
--- stdout
{"decision": "BLOCK", "episode_id": "crypto:episode-2", "reason_code": "HYPOTHESIS_CLOSED", "receipt_sha256": "28e8c8719db77cb625c0848bdbe6aba7f8e0601fea467e7a55053d9dcc344422", "rule": "R05", "status": "RECORDED", "task": null}
--- end
{"n": 21, "domain": "stocks", "label": "same H9: crypto:H9 -> stocks", "at": "2026-09-28T18:41:00Z", "seconds": 0.107, "argv": ["/home/superleo13/predictors/runtime/integration-brasileirao/priv/run-20260928T183300Z-br13/cain-venv/bin/cain", "research", "propose", "--domain", "stocks", "--state", "/home/superleo13/predictors/runtime/integration-brasileirao/priv/run-20260928T183300Z-br13/isolation/shared/cain-state", "--proposal", "/home/superleo13/predictors/work/integration-brasileirao-evidence/qualification/integration-crypto/fixtures/proposals/e2e/05-h9-closed.json", "--as-of", "2026-09-28T18:41:00Z"], "fault_env": {}, "exit": 0, "stdout_sha256": "62417ba635537ec08ba620fe2cdc80d097a1f7c79752daae017572586fe294e9", "stdout_bytes": 227, "stderr_sha256": "e3b0c44298fc1c149afbf4c8996fb92427ae41e4649b934ca495991b7852b855", "stderr_bytes": 0}
--- stdout
{"decision": "BLOCK", "episode_id": "stocks:episode-2", "reason_code": "DOMAIN_MISMATCH", "receipt_sha256": "3b6e8ae6c16f0a02e53b7bbdcadfe89d72534f64b3836403a4595e7cbe4bf31f", "rule": "R01", "status": "RECORDED", "task": null}
--- end
{"n": 22, "domain": "brasileirao", "label": "same H9: stocks:H9 -> brasileirao", "at": "2026-09-28T18:41:01Z", "seconds": 0.1, "argv": ["/home/superleo13/predictors/runtime/integration-brasileirao/priv/run-20260928T183300Z-br13/cain-venv/bin/cain", "research", "propose", "--domain", "brasileirao", "--state", "/home/superleo13/predictors/runtime/integration-brasileirao/priv/run-20260928T183300Z-br13/isolation/shared/cain-state", "--proposal", "/home/superleo13/predictors/work/integration-brasileirao-evidence/qualification/integration-stocks/fixtures/proposals/n1/04-stocks-h9.json", "--as-of", "2026-09-28T18:41:00Z"], "fault_env": {}, "exit": 0, "stdout_sha256": "8ddc63f524f11eab0a932ab452438935a3504fcbcb34039d64311706d0f0232d", "stdout_bytes": 232, "stderr_sha256": "e3b0c44298fc1c149afbf4c8996fb92427ae41e4649b934ca495991b7852b855", "stderr_bytes": 0}
--- stdout
{"decision": "BLOCK", "episode_id": "brasileirao:episode-3", "reason_code": "DOMAIN_MISMATCH", "receipt_sha256": "8ed7b25b42bb713d166e55e2adc707263df2e399fa369b2a74ab5984f03cae20", "rule": "R01", "status": "RECORDED", "task": null}
--- end
{"n": 23, "domain": "crypto", "label": "same H9: stocks:H9 -> crypto", "at": "2026-09-28T18:41:01Z", "seconds": 0.098, "argv": ["/home/superleo13/predictors/runtime/integration-brasileirao/priv/run-20260928T183300Z-br13/cain-venv/bin/cain", "research", "propose", "--domain", "crypto", "--state", "/home/superleo13/predictors/runtime/integration-brasileirao/priv/run-20260928T183300Z-br13/isolation/shared/cain-state", "--proposal", "/home/superleo13/predictors/work/integration-brasileirao-evidence/qualification/integration-stocks/fixtures/proposals/n1/04-stocks-h9.json", "--as-of", "2026-09-28T18:41:01Z"], "fault_env": {}, "exit": 0, "stdout_sha256": "2685d4f2682236330cb7d571729103edef424b8d283c131814335929937f27b1", "stdout_bytes": 227, "stderr_sha256": "e3b0c44298fc1c149afbf4c8996fb92427ae41e4649b934ca495991b7852b855", "stderr_bytes": 0}
--- stdout
{"decision": "BLOCK", "episode_id": "crypto:episode-3", "reason_code": "DOMAIN_MISMATCH", "receipt_sha256": "e97a0f195966cbb700fe880e1add2e7bb7e6d129aa95615d2a864c6cc4a36d06", "rule": "R01", "status": "RECORDED", "task": null}
--- end
{"n": 24, "domain": "stocks", "label": "same H9: stocks:H9 -> stocks", "at": "2026-09-28T18:41:01Z", "seconds": 0.1, "argv": ["/home/superleo13/predictors/runtime/integration-brasileirao/priv/run-20260928T183300Z-br13/cain-venv/bin/cain", "research", "propose", "--domain", "stocks", "--state", "/home/superleo13/predictors/runtime/integration-brasileirao/priv/run-20260928T183300Z-br13/isolation/shared/cain-state", "--proposal", "/home/superleo13/predictors/work/integration-brasileirao-evidence/qualification/integration-stocks/fixtures/proposals/n1/04-stocks-h9.json", "--as-of", "2026-09-28T18:41:01Z"], "fault_env": {}, "exit": 0, "stdout_sha256": "3002207ef2a1c60ab8708c3e39702524879c243d1ae512997e13406f3ad34a53", "stdout_bytes": 229, "stderr_sha256": "e3b0c44298fc1c149afbf4c8996fb92427ae41e4649b934ca495991b7852b855", "stderr_bytes": 0}
--- stdout
{"decision": "BLOCK", "episode_id": "stocks:episode-3", "reason_code": "HYPOTHESIS_CLOSED", "receipt_sha256": "57402fb39fe339380f6bd74821d07bf993c94062c09b31bcc0f16e4c035e086e", "rule": "R05", "status": "RECORDED", "task": null}
--- end
{"n": 25, "domain": "brasileirao", "label": "same H9: brasileirao:H9 -> brasileirao", "at": "2026-09-28T18:41:01Z", "seconds": 0.102, "argv": ["/home/superleo13/predictors/runtime/integration-brasileirao/priv/run-20260928T183300Z-br13/cain-venv/bin/cain", "research", "propose", "--domain", "brasileirao", "--state", "/home/superleo13/predictors/runtime/integration-brasileirao/priv/run-20260928T183300Z-br13/isolation/shared/cain-state", "--proposal", "/home/superleo13/predictors/work/integration-brasileirao-evidence/qualification/integration-brasileirao/fixtures/proposals/n1/04-brasileirao-h9.json", "--as-of", "2026-09-28T18:41:01Z"], "fault_env": {}, "exit": 0, "stdout_sha256": "0281cd986e55ff2f22a4ec88f655c2382b808b9ffb57b9959b09c127a072f070", "stdout_bytes": 234, "stderr_sha256": "e3b0c44298fc1c149afbf4c8996fb92427ae41e4649b934ca495991b7852b855", "stderr_bytes": 0}
--- stdout
{"decision": "BLOCK", "episode_id": "brasileirao:episode-4", "reason_code": "HYPOTHESIS_CLOSED", "receipt_sha256": "1f13002053cac8fbea2fa963146452d6c3299bd9f120a8ed64502a735de29c72", "rule": "R05", "status": "RECORDED", "task": null}
--- end
{"n": 26, "domain": "crypto", "label": "same H9: brasileirao:H9 -> crypto", "at": "2026-09-28T18:41:01Z", "seconds": 0.1, "argv": ["/home/superleo13/predictors/runtime/integration-brasileirao/priv/run-20260928T183300Z-br13/cain-venv/bin/cain", "research", "propose", "--domain", "crypto", "--state", "/home/superleo13/predictors/runtime/integration-brasileirao/priv/run-20260928T183300Z-br13/isolation/shared/cain-state", "--proposal", "/home/superleo13/predictors/work/integration-brasileirao-evidence/qualification/integration-brasileirao/fixtures/proposals/n1/04-brasileirao-h9.json", "--as-of", "2026-09-28T18:41:01Z"], "fault_env": {}, "exit": 0, "stdout_sha256": "f8d99cf73f5a9aeb639c2b3d6e5ad939b3b78ebb98c626717fa4d3633b21364b", "stdout_bytes": 227, "stderr_sha256": "e3b0c44298fc1c149afbf4c8996fb92427ae41e4649b934ca495991b7852b855", "stderr_bytes": 0}
--- stdout
{"decision": "BLOCK", "episode_id": "crypto:episode-4", "reason_code": "DOMAIN_MISMATCH", "receipt_sha256": "8d8fc3073cbf9cbe5a28e91307a513059f198db50784247a022b01f3b1d6160f", "rule": "R01", "status": "RECORDED", "task": null}
--- end
{"n": 27, "domain": "stocks", "label": "same H9: brasileirao:H9 -> stocks", "at": "2026-09-28T18:41:01Z", "seconds": 0.098, "argv": ["/home/superleo13/predictors/runtime/integration-brasileirao/priv/run-20260928T183300Z-br13/cain-venv/bin/cain", "research", "propose", "--domain", "stocks", "--state", "/home/superleo13/predictors/runtime/integration-brasileirao/priv/run-20260928T183300Z-br13/isolation/shared/cain-state", "--proposal", "/home/superleo13/predictors/work/integration-brasileirao-evidence/qualification/integration-brasileirao/fixtures/proposals/n1/04-brasileirao-h9.json", "--as-of", "2026-09-28T18:41:01Z"], "fault_env": {}, "exit": 0, "stdout_sha256": "ee951c7da19413a9367c103669b92c41c08e8115f5c05eb81c575a20b61f7c5e", "stdout_bytes": 227, "stderr_sha256": "e3b0c44298fc1c149afbf4c8996fb92427ae41e4649b934ca495991b7852b855", "stderr_bytes": 0}
--- stdout
{"decision": "BLOCK", "episode_id": "stocks:episode-4", "reason_code": "DOMAIN_MISMATCH", "receipt_sha256": "be0f357c75d1403281db39cf72a7c01ce59d113c7b94ced2c226021ac6694abb", "rule": "R01", "status": "RECORDED", "task": null}
--- end
{"n": 28, "domain": "brasileirao", "label": "memory cubes", "at": "2026-09-28T18:41:01Z", "seconds": 0.045, "argv": ["/home/superleo13/predictors/runtime/integration-brasileirao/priv/run-20260928T183300Z-br13/cain-venv/bin/python", "-I", "/home/superleo13/predictors/runtime/integration-brasileirao/priv/run-20260928T183300Z-br13/isolation/cubes.py", "/home/superleo13/predictors/runtime/integration-brasileirao/priv/run-20260928T183300Z-br13/isolation/shared/cain-state"], "fault_env": {}, "exit": 0, "stdout_sha256": "7ba1324cf19cc01bcc1edbfadab8e3aa9fad4b464485795d036b8bf6665e76d6", "stdout_bytes": 162, "stderr_sha256": "e3b0c44298fc1c149afbf4c8996fb92427ae41e4649b934ca495991b7852b855", "stderr_bytes": 0}
--- stdout
{"brasileirao": ["brasileirao:QUAL-SERVING-REAL-001"], "crypto": ["crypto:QUAL-SHADOW-REAL-001"], "stocks": ["stocks:QUAL-PIT-MOM-REAL-001"], "verify": "intact"}
--- end
