{"effective_proposal": "/home/runner/work/_temp/work/failures/F07/proposals/1.json", "template": "fixtures/proposals/e2e/01-allow.json", "sha256": "e772e78d66e0dcc34ae1dcf0527927e0709746d0190e7993ed401297b4d0f1fd"}
{"n": 1, "label": "propose 1", "at": "2026-09-28T14:43:29Z", "seconds": 0.104, "argv": ["/home/runner/work/_temp/work/rt/cain-venv/bin/cain", "research", "propose", "--domain", "stocks", "--state", "/home/runner/work/_temp/work/failures/F07/cain-state", "--proposal", "/home/runner/work/_temp/work/failures/F07/proposals/1.json", "--as-of", "2026-09-28T14:43:29Z"], "fault_env": {}, "exit": 0}
--- stdout
{"decision": "ALLOW", "episode_id": "stocks:episode-1", "reason_code": "ALLOWED", "receipt_sha256": "b7bbe7ac0ff1a5d389c8eabb909f95a1fa55831e651a41a218c52af6e1bbb2c6", "rule": "R14", "status": "RECORDED", "task": {"payload_sha256": "c29efaa9741a39eed7b9184afc4973d03651038743189b0a9dcdc4415624f016", "previous_task_id": null, "task_id": "stocks:TASK-7cccc5c49dd6741572660667225e253e"}}
--- stderr
--- end
{"n": 2, "label": "dispatch", "at": "2026-09-28T14:43:29Z", "seconds": 0.087, "argv": ["/home/runner/work/_temp/work/rt/cain-venv/bin/cain", "research", "dispatch", "--domain", "stocks", "--state", "/home/runner/work/_temp/work/failures/F07/cain-state", "--spool", "/home/runner/work/_temp/work/failures/F07/spool"], "fault_env": {}, "exit": 0}
--- stdout
{"action": "dispatched", "file": "stocks/tasks/TASK-7cccc5c49dd6741572660667225e253e.json", "spool": "WRITTEN", "task_id": "stocks:TASK-7cccc5c49dd6741572660667225e253e"}
--- stderr
--- end
{"n": 3, "label": "ingest while consumer is out", "at": "2026-09-28T14:43:29Z", "seconds": 0.085, "argv": ["/home/runner/work/_temp/work/rt/cain-venv/bin/cain", "research", "ingest", "--domain", "stocks", "--state", "/home/runner/work/_temp/work/failures/F07/cain-state", "--spool", "/home/runner/work/_temp/work/failures/F07/spool"], "fault_env": {}, "exit": 0}
--- stdout
--- stderr
--- end
{"effective_proposal": "/home/runner/work/_temp/work/failures/F07/proposals/2.json", "template": "fixtures/proposals/e2e/01-allow.json", "sha256": "a6b08f2a768f70fbf033c0223e57feff2ca69ee885e98ddbcb9ebfb3dd83217d"}
{"n": 4, "label": "propose 2", "at": "2026-09-28T14:43:29Z", "seconds": 0.09, "argv": ["/home/runner/work/_temp/work/rt/cain-venv/bin/cain", "research", "propose", "--domain", "stocks", "--state", "/home/runner/work/_temp/work/failures/F07/cain-state", "--proposal", "/home/runner/work/_temp/work/failures/F07/proposals/2.json", "--as-of", "2026-09-28T14:43:29Z"], "fault_env": {}, "exit": 0}
--- stdout
{"decision": "ABSTAIN", "episode_id": "stocks:episode-2", "reason_code": "OPEN_TASK_PENDING", "receipt_sha256": "145edd71e79b695c98781fce5e345fd02a8709d6e42fb91882cda4ded0a49fe4", "rule": "R12", "status": "RECORDED", "task": null}
--- stderr
--- end
{"n": 5, "label": "consumer back", "at": "2026-09-28T14:43:35Z", "seconds": 6.228, "argv": ["/home/runner/work/_temp/work/rt/consumer-venv/bin/predictor-research-consumer", "--domain", "stocks", "--spool", "/home/runner/work/_temp/work/failures/F07/spool", "--ledger", "/home/runner/work/_temp/work/failures/F07/consumer/ledger.sqlite", "--state", "/home/runner/work/_temp/work/failures/F07/domain-state", "--policy", "/home/runner/work/_temp/work/rt/op/policy.json", "--objects", "/home/runner/work/_temp/work/rt/op/objects"], "fault_env": {}, "exit": 0}
--- stdout
{"action": "delivered", "attempt": 1, "class": "TERMINAL_RESULT", "episode_id": "stocks:episode-1", "result_file": "stocks/results/TASK-7cccc5c49dd6741572660667225e253e.30d88e3dc58bc98a.json", "result_write": "WRITTEN", "status": "RESULT", "task_id": "stocks:TASK-7cccc5c49dd6741572660667225e253e"}
--- stderr
{"duration_ms": 6019, "event": "job_finished", "job_id": "stocks-research-d389c4edfa22401700754e3f", "level": "INFO", "run_id": "853be3deca8645e6b7fe7c382e93ef6e", "run_status": "SUCCEEDED", "service": "predictor_ops", "timestamp": "2026-09-28T14:43:35.880087Z"}
--- end
{"n": 6, "label": "ingest", "at": "2026-09-28T14:43:36Z", "seconds": 0.092, "argv": ["/home/runner/work/_temp/work/rt/cain-venv/bin/cain", "research", "ingest", "--domain", "stocks", "--state", "/home/runner/work/_temp/work/failures/F07/cain-state", "--spool", "/home/runner/work/_temp/work/failures/F07/spool"], "fault_env": {}, "exit": 0}
--- stdout
{"action": "ingested", "class": "TERMINAL_RESULT", "fact": "fact:4c8c8ddc18624f5a8eccb7b7bf361056", "file": "TASK-7cccc5c49dd6741572660667225e253e.30d88e3dc58bc98a.json", "status": "RESULT", "task_id": "stocks:TASK-7cccc5c49dd6741572660667225e253e"}
--- stderr
--- end
{"n": 7, "label": "processed once", "at": "2026-09-28T14:43:36Z", "seconds": 0.084, "argv": ["/home/runner/work/_temp/work/rt/cain-venv/bin/cain", "research", "episodes", "--domain", "stocks", "--state", "/home/runner/work/_temp/work/failures/F07/cain-state"], "fault_env": {}, "exit": 0}
--- stdout
{"domain": "stocks", "episodes": [{"as_of": "2026-09-28T14:43:29Z", "decision": "ALLOW", "number": 1, "outbox": {"dispatches": 1, "retries_requested": 0, "status": "PUBLISHED", "task_id": "stocks:TASK-7cccc5c49dd6741572660667225e253e"}, "proposal_id": "cain:FM-F07-1", "reason_code": "ALLOWED", "receipt_sha256": "b7bbe7ac0ff1a5d389c8eabb909f95a1fa55831e651a41a218c52af6e1bbb2c6", "source": "operator", "task_id": "stocks:TASK-7cccc5c49dd6741572660667225e253e"}, {"as_of": "2026-09-28T14:43:29Z", "decision": "ABSTAIN", "number": 2, "outbox": null, "proposal_id": "cain:FM-F07-2", "reason_code": "OPEN_TASK_PENDING", "receipt_sha256": "145edd71e79b695c98781fce5e345fd02a8709d6e42fb91882cda4ded0a49fe4", "source": "operator", "task_id": null}], "inbox": [{"class": "TERMINAL_RESULT", "fact_id": "fact:4c8c8ddc18624f5a8eccb7b7bf361056", "payload_sha256": "b154793399a7a53b1b097b4bf7d7e9218159ba402509805467cc567b017655f7", "status": "RESULT", "task_id": "stocks:TASK-7cccc5c49dd6741572660667225e253e"}], "memory": {"broken_at": null, "entries": 1, "head": "dc607c93b58be4a6367e32cf2280daed70bcb8b4a881b8913b87e5321652fb02", "head_recorded_at": "2026-09-28T14:43:35.998234Z", "projection": "consistent", "status": "intact"}, "rejections": []}
--- stderr
--- end
