$ (cwd=None) /home/runner/work/_temp/tools/uv/uv pip install --python /home/runner/work/_temp/cleanroom/stocks-predictor/venv-published/bin/python --require-hashes --no-deps -r /home/runner/work/_temp/cleanroom/stocks-predictor/lock-requirements.filtered.txt
Using Python 3.13.15 environment at: /home/runner/work/_temp/cleanroom/stocks-predictor/venv-published
Resolved 14 packages in 120ms
Downloading pygments (1.2MiB)
Downloading pyright (5.9MiB)
Downloading ruff (9.8MiB)
 Downloaded pygments
 Downloaded ruff
 Downloaded pyright
Prepared 12 packages in 294ms
Installed 14 packages in 115ms
 + build==1.6.0
 + coverage==7.16.0
 + iniconfig==2.3.0
 + nodeenv==1.10.0
 + packaging==26.3
 + pluggy==1.6.0
 + predictor-core==3.2.1 (from https://github.com/leonardosovienski/core-predictor/releases/download/v3.2.1/predictor_core-3.2.1-py3-none-any.whl)
 + pygments==2.21.0
 + pyproject-hooks==1.2.0
 + pyright==1.1.411
 + pytest==9.1.1
 + pyyaml==6.0.3
 + ruff==0.16.5
 + typing-extensions==4.16.0

[exit 0]
