{"n": 1, "label": "propose 1", "at": "2026-09-28T18:05:45Z", "seconds": 0.129, "argv": ["/home/runner/work/_temp/work/rt/cain-venv/bin/cain", "research", "propose", "--domain", "crypto", "--state", "/home/runner/work/_temp/work/failures/F09/cain-state", "--proposal", "/home/runner/work/_temp/work/failures/F09/proposals/1.json", "--as-of", "2026-09-28T18:05:45Z"], "fault_env": {}, "exit": 0}
--- stdout
{"decision": "ALLOW", "episode_id": "crypto:episode-1", "reason_code": "ALLOWED", "receipt_sha256": "d2c09ecd510dceab93602910152c58ddf75445d662391e7ae297180090acf88d", "rule": "R14", "status": "RECORDED", "task": {"payload_sha256": "49c7bf319ce5a4c59dafd2f901cf00be1f25034932008759282bb33dc42170e0", "previous_task_id": null, "task_id": "crypto:TASK-05213f01349684f598901bc4788dadf5"}}
--- stderr
--- end
{"n": 2, "label": "dispatch 1", "at": "2026-09-28T18:05:45Z", "seconds": 0.102, "argv": ["/home/runner/work/_temp/work/rt/cain-venv/bin/cain", "research", "dispatch", "--domain", "crypto", "--state", "/home/runner/work/_temp/work/failures/F09/cain-state", "--spool", "/home/runner/work/_temp/work/failures/F09/spool"], "fault_env": {}, "exit": 0}
--- stdout
{"action": "dispatched", "file": "crypto/tasks/TASK-05213f01349684f598901bc4788dadf5.json", "spool": "WRITTEN", "task_id": "crypto:TASK-05213f01349684f598901bc4788dadf5"}
--- stderr
--- end
{"n": 3, "label": "consumer 1", "at": "2026-09-28T18:05:46Z", "seconds": 0.568, "argv": ["/home/runner/work/_temp/work/rt/consumer-venv/bin/predictor-research-consumer", "--domain", "crypto", "--spool", "/home/runner/work/_temp/work/failures/F09/spool", "--ledger", "/home/runner/work/_temp/work/failures/F09/consumer/ledger.sqlite", "--state", "/home/runner/work/_temp/work/failures/F09/domain-state", "--policy", "/home/runner/work/_temp/work/rt/op/policy.json", "--objects", "/home/runner/work/_temp/work/rt/op/objects"], "fault_env": {}, "exit": 0}
--- stdout
{"action": "delivered", "attempt": 1, "class": "TERMINAL_RESULT", "episode_id": "crypto:episode-1", "result_file": "crypto/results/TASK-05213f01349684f598901bc4788dadf5.ff69f383fb5b317d.json", "result_write": "WRITTEN", "status": "RESULT", "task_id": "crypto:TASK-05213f01349684f598901bc4788dadf5"}
--- stderr
{"duration_ms": 206, "event": "job_finished", "job_id": "crypto-research-e44445220a3158e4ebd82ab7", "level": "INFO", "run_id": "f8a60cd8af814b6fb0f3e00efc8ef2ac", "run_status": "SUCCEEDED", "service": "predictor_ops", "timestamp": "2026-09-28T18:05:46.221446Z"}
--- end
{"n": 4, "label": "ingest 1", "at": "2026-09-28T18:05:46Z", "seconds": 0.106, "argv": ["/home/runner/work/_temp/work/rt/cain-venv/bin/cain", "research", "ingest", "--domain", "crypto", "--state", "/home/runner/work/_temp/work/failures/F09/cain-state", "--spool", "/home/runner/work/_temp/work/failures/F09/spool"], "fault_env": {}, "exit": 0}
--- stdout
{"action": "ingested", "class": "TERMINAL_RESULT", "fact": "fact:ecd96b8e46cb4c9184a9ba41f8666d5e", "file": "TASK-05213f01349684f598901bc4788dadf5.ff69f383fb5b317d.json", "status": "RESULT", "task_id": "crypto:TASK-05213f01349684f598901bc4788dadf5"}
--- stderr
--- end
{"n": 5, "label": "ingest redelivery", "at": "2026-09-28T18:05:46Z", "seconds": 0.1, "argv": ["/home/runner/work/_temp/work/rt/cain-venv/bin/cain", "research", "ingest", "--domain", "crypto", "--state", "/home/runner/work/_temp/work/failures/F09/cain-state", "--spool", "/home/runner/work/_temp/work/failures/F09/spool"], "fault_env": {}, "exit": 0}
--- stdout
{"action": "duplicate", "file": "TASK-05213f01349684f598901bc4788dadf5.ff69f383fb5b317d.json"}
{"action": "duplicate", "file": "redelivered-TASK-05213f01349684f598901bc4788dadf5.ff69f383fb5b317d.json"}
--- stderr
--- end
{"n": 6, "label": "no second fact", "at": "2026-09-28T18:05:46Z", "seconds": 0.098, "argv": ["/home/runner/work/_temp/work/rt/cain-venv/bin/cain", "research", "episodes", "--domain", "crypto", "--state", "/home/runner/work/_temp/work/failures/F09/cain-state"], "fault_env": {}, "exit": 0}
--- stdout
{"domain": "crypto", "episodes": [{"as_of": "2026-09-28T18:05:45Z", "decision": "ALLOW", "number": 1, "outbox": {"dispatches": 1, "retries_requested": 0, "status": "PUBLISHED", "task_id": "crypto:TASK-05213f01349684f598901bc4788dadf5"}, "proposal_id": "cain:FM-F09-1", "reason_code": "ALLOWED", "receipt_sha256": "d2c09ecd510dceab93602910152c58ddf75445d662391e7ae297180090acf88d", "source": "operator", "task_id": "crypto:TASK-05213f01349684f598901bc4788dadf5"}], "inbox": [{"class": "TERMINAL_RESULT", "fact_id": "fact:ecd96b8e46cb4c9184a9ba41f8666d5e", "payload_sha256": "3f299f03d221155b2389e27d20b0b39d13feadfcb0c291076bb148c82308ec36", "status": "RESULT", "task_id": "crypto:TASK-05213f01349684f598901bc4788dadf5"}], "memory": {"broken_at": null, "entries": 1, "head": "231220ec29cdf7445da1f5912ec497aa48af48e10a8c10860e7a62c8d5e65408", "head_recorded_at": "2026-09-28T18:05:46.358810Z", "projection": "consistent", "status": "intact"}, "rejections": []}
--- stderr
--- end
