{"n": 1, "label": "propose 1", "at": "2026-10-07T22:35:29Z", "seconds": 0.148, "argv": ["/home/runner/work/_temp/work/rt/cain-venv/bin/cain", "research", "propose", "--domain", "crypto", "--state", "/home/runner/work/_temp/work/failures/F14/cain-state", "--proposal", "/home/runner/work/_temp/work/failures/F14/proposals/1.json", "--as-of", "2026-10-07T22:35:28Z"], "fault_env": {}, "exit": 0}
--- stdout
{"decision": "ALLOW", "episode_id": "crypto:episode-1", "reason_code": "ALLOWED", "receipt_sha256": "94cd7d2554fb5a7a69d7f7129c588048f7d7776d85c3024bece50e0299e32a12", "rule": "R14", "status": "RECORDED", "task": {"payload_sha256": "e9264719e60e131e7f1ba6e1eeccd8c56e211a33f7cdad5c51ed02d44daea2f5", "previous_task_id": null, "task_id": "crypto:TASK-8cc185dd248b575b73d47e1edd7f7c18"}}
--- stderr
--- end
{"n": 2, "label": "dispatch", "at": "2026-10-07T22:35:29Z", "seconds": 0.119, "argv": ["/home/runner/work/_temp/work/rt/cain-venv/bin/cain", "research", "dispatch", "--domain", "crypto", "--state", "/home/runner/work/_temp/work/failures/F14/cain-state", "--spool", "/home/runner/work/_temp/work/failures/F14/spool"], "fault_env": {}, "exit": 0}
--- stdout
{"action": "dispatched", "file": "crypto/tasks/TASK-8cc185dd248b575b73d47e1edd7f7c18.json", "spool": "WRITTEN", "task_id": "crypto:TASK-8cc185dd248b575b73d47e1edd7f7c18"}
--- stderr
--- end
{"n": 3, "label": "consumer with Ops worker crash", "at": "2026-10-07T22:35:29Z", "seconds": 0.343, "argv": ["/home/runner/work/_temp/work/rt/consumer-venv/bin/predictor-research-consumer", "--domain", "crypto", "--spool", "/home/runner/work/_temp/work/failures/F14/spool", "--ledger", "/home/runner/work/_temp/work/failures/F14/consumer/ledger.sqlite", "--state", "/home/runner/work/_temp/work/failures/F14/domain-state", "--policy", "/home/runner/work/_temp/work/rt/op/policy.json", "--objects", "/home/runner/work/_temp/work/rt/op/objects"], "fault_env": {"CRIPTO_RESEARCH_FAULT": "ops_worker_crash"}, "exit": 0}
--- stdout
{"action": "delivered", "attempt": 1, "class": "RETRYABLE", "episode_id": "crypto:episode-1", "result_file": "crypto/results/TASK-8cc185dd248b575b73d47e1edd7f7c18.0fe768c5729ba5d2.json", "result_write": "WRITTEN", "status": "OPS_FAILED_RETRYABLE", "task_id": "crypto:TASK-8cc185dd248b575b73d47e1edd7f7c18"}
--- stderr
{"duration_ms": 111, "event": "job_finished", "job_id": "crypto-research-b3716ed1a41e5641c2e93746", "level": "INFO", "run_id": "d42b6d1b6c6e4a86aee2a6bac5de1008", "run_status": "FAILED", "service": "predictor_ops", "timestamp": "2026-10-07T22:35:29.482045Z"}
--- end
{"n": 4, "label": "ingest retryable", "at": "2026-10-07T22:35:29Z", "seconds": 0.12, "argv": ["/home/runner/work/_temp/work/rt/cain-venv/bin/cain", "research", "ingest", "--domain", "crypto", "--state", "/home/runner/work/_temp/work/failures/F14/cain-state", "--spool", "/home/runner/work/_temp/work/failures/F14/spool"], "fault_env": {}, "exit": 0}
--- stdout
{"action": "ingested", "class": "RETRYABLE", "fact": null, "file": "TASK-8cc185dd248b575b73d47e1edd7f7c18.0fe768c5729ba5d2.json", "status": "OPS_FAILED_RETRYABLE", "task_id": "crypto:TASK-8cc185dd248b575b73d47e1edd7f7c18"}
--- stderr
--- end
{"n": 5, "label": "propose 2", "at": "2026-10-07T22:35:29Z", "seconds": 0.124, "argv": ["/home/runner/work/_temp/work/rt/cain-venv/bin/cain", "research", "propose", "--domain", "crypto", "--state", "/home/runner/work/_temp/work/failures/F14/cain-state", "--proposal", "/home/runner/work/_temp/work/failures/F14/proposals/2.json", "--as-of", "2026-10-07T22:35:29Z"], "fault_env": {}, "exit": 0}
--- stdout
{"decision": "ABSTAIN", "episode_id": "crypto:episode-2", "reason_code": "OPEN_TASK_PENDING", "receipt_sha256": "f0d1f6920ab676d40291742d5b8e338c19e808dc9b8ffd5874ae4b99a32b8cc5", "rule": "R12", "status": "RECORDED", "task": null}
--- stderr
--- end
{"n": 6, "label": "episodes", "at": "2026-10-07T22:35:29Z", "seconds": 0.114, "argv": ["/home/runner/work/_temp/work/rt/cain-venv/bin/cain", "research", "episodes", "--domain", "crypto", "--state", "/home/runner/work/_temp/work/failures/F14/cain-state"], "fault_env": {}, "exit": 0}
--- stdout
{"domain": "crypto", "episodes": [{"as_of": "2026-10-07T22:35:28Z", "decision": "ALLOW", "number": 1, "outbox": {"dispatches": 1, "retries_requested": 0, "status": "PUBLISHED", "task_id": "crypto:TASK-8cc185dd248b575b73d47e1edd7f7c18"}, "proposal_id": "cain:FM-F14-1", "reason_code": "ALLOWED", "receipt_sha256": "94cd7d2554fb5a7a69d7f7129c588048f7d7776d85c3024bece50e0299e32a12", "source": "operator", "task_id": "crypto:TASK-8cc185dd248b575b73d47e1edd7f7c18"}, {"as_of": "2026-10-07T22:35:29Z", "decision": "ABSTAIN", "number": 2, "outbox": null, "proposal_id": "cain:FM-F14-2", "reason_code": "OPEN_TASK_PENDING", "receipt_sha256": "f0d1f6920ab676d40291742d5b8e338c19e808dc9b8ffd5874ae4b99a32b8cc5", "source": "operator", "task_id": null}], "inbox": [{"class": "RETRYABLE", "fact_id": null, "payload_sha256": null, "status": "OPS_FAILED_RETRYABLE", "task_id": "crypto:TASK-8cc185dd248b575b73d47e1edd7f7c18"}], "memory": {"broken_at": null, "cube": "crypto", "facts": 0, "log": "shared across domains", "projection": "consistent", "status": "intact"}, "rejections": []}
--- stderr
--- end
{"n": 7, "label": "retry", "at": "2026-10-07T22:35:29Z", "seconds": 0.118, "argv": ["/home/runner/work/_temp/work/rt/cain-venv/bin/cain", "research", "retry", "--domain", "crypto", "--state", "/home/runner/work/_temp/work/failures/F14/cain-state", "--spool", "/home/runner/work/_temp/work/failures/F14/spool", "--task-id", "crypto:TASK-8cc185dd248b575b73d47e1edd7f7c18"], "fault_env": {}, "exit": 0}
--- stdout
{"action": "retry_requested", "attempt": 1, "file": "crypto/retries/TASK-8cc185dd248b575b73d47e1edd7f7c18.1.json", "task_id": "crypto:TASK-8cc185dd248b575b73d47e1edd7f7c18"}
--- stderr
--- end
{"n": 8, "label": "consumer after retry", "at": "2026-10-07T22:35:30Z", "seconds": 0.433, "argv": ["/home/runner/work/_temp/work/rt/consumer-venv/bin/predictor-research-consumer", "--domain", "crypto", "--spool", "/home/runner/work/_temp/work/failures/F14/spool", "--ledger", "/home/runner/work/_temp/work/failures/F14/consumer/ledger.sqlite", "--state", "/home/runner/work/_temp/work/failures/F14/domain-state", "--policy", "/home/runner/work/_temp/work/rt/op/policy.json", "--objects", "/home/runner/work/_temp/work/rt/op/objects"], "fault_env": {}, "exit": 0}
--- stdout
{"action": "delivered", "attempt": 2, "class": "TERMINAL_RESULT", "episode_id": "crypto:episode-1", "result_file": "crypto/results/TASK-8cc185dd248b575b73d47e1edd7f7c18.7356a45d05549641.json", "result_write": "WRITTEN", "status": "RESULT", "task_id": "crypto:TASK-8cc185dd248b575b73d47e1edd7f7c18"}
--- stderr
{"duration_ms": 208, "event": "job_finished", "job_id": "crypto-research-b3716ed1a41e5641c2e93746", "level": "INFO", "run_id": "b8acef5d48624aec94de28765981275f", "run_status": "SUCCEEDED", "service": "predictor_ops", "timestamp": "2026-10-07T22:35:30.377037Z"}
--- end
{"n": 9, "label": "ingest after retry", "at": "2026-10-07T22:35:30Z", "seconds": 0.127, "argv": ["/home/runner/work/_temp/work/rt/cain-venv/bin/cain", "research", "ingest", "--domain", "crypto", "--state", "/home/runner/work/_temp/work/failures/F14/cain-state", "--spool", "/home/runner/work/_temp/work/failures/F14/spool"], "fault_env": {}, "exit": 0}
--- stdout
{"action": "duplicate", "file": "TASK-8cc185dd248b575b73d47e1edd7f7c18.0fe768c5729ba5d2.json"}
{"action": "ingested", "class": "TERMINAL_RESULT", "fact": "fact:345180cc44ba4f0a8890f9909abb5907", "file": "TASK-8cc185dd248b575b73d47e1edd7f7c18.7356a45d05549641.json", "status": "RESULT", "task_id": "crypto:TASK-8cc185dd248b575b73d47e1edd7f7c18"}
--- stderr
--- end
{"n": 10, "label": "one RESULT after the retry", "at": "2026-10-07T22:35:30Z", "seconds": 0.116, "argv": ["/home/runner/work/_temp/work/rt/cain-venv/bin/cain", "research", "episodes", "--domain", "crypto", "--state", "/home/runner/work/_temp/work/failures/F14/cain-state"], "fault_env": {}, "exit": 0}
--- stdout
{"domain": "crypto", "episodes": [{"as_of": "2026-10-07T22:35:28Z", "decision": "ALLOW", "number": 1, "outbox": {"dispatches": 1, "retries_requested": 1, "status": "PUBLISHED", "task_id": "crypto:TASK-8cc185dd248b575b73d47e1edd7f7c18"}, "proposal_id": "cain:FM-F14-1", "reason_code": "ALLOWED", "receipt_sha256": "94cd7d2554fb5a7a69d7f7129c588048f7d7776d85c3024bece50e0299e32a12", "source": "operator", "task_id": "crypto:TASK-8cc185dd248b575b73d47e1edd7f7c18"}, {"as_of": "2026-10-07T22:35:29Z", "decision": "ABSTAIN", "number": 2, "outbox": null, "proposal_id": "cain:FM-F14-2", "reason_code": "OPEN_TASK_PENDING", "receipt_sha256": "f0d1f6920ab676d40291742d5b8e338c19e808dc9b8ffd5874ae4b99a32b8cc5", "source": "operator", "task_id": null}], "inbox": [{"class": "RETRYABLE", "fact_id": null, "payload_sha256": null, "status": "OPS_FAILED_RETRYABLE", "task_id": "crypto:TASK-8cc185dd248b575b73d47e1edd7f7c18"}, {"class": "TERMINAL_RESULT", "fact_id": "fact:345180cc44ba4f0a8890f9909abb5907", "payload_sha256": "ef432469b87a90f08af8b4d89715c24ffea12e0d3720790a01c00ed18584dc6c", "status": "RESULT", "task_id": "crypto:TASK-8cc185dd248b575b73d47e1edd7f7c18"}], "memory": {"broken_at": null, "cube": "crypto", "facts": 1, "log": "shared across domains", "projection": "consistent", "status": "intact"}, "rejections": []}
--- stderr
--- end
