{"effective_proposal": "/home/runner/work/_temp/work/failures/F13/proposals/1.json", "template": "fixtures/proposals/e2e/01-allow.json", "sha256": "071287d1f48f10631739063828a4d019e1e171bd2a6fd566ed0fa3e0ff5a59b3"}
{"n": 1, "label": "propose 1", "at": "2026-09-28T01:33:59Z", "seconds": 0.16, "argv": ["/home/runner/work/_temp/work/rt/cain-venv/bin/cain", "research", "propose", "--domain", "stocks", "--state", "/home/runner/work/_temp/work/failures/F13/cain-state", "--proposal", "/home/runner/work/_temp/work/failures/F13/proposals/1.json", "--as-of", "2026-09-28T01:33:59Z"], "fault_env": {}, "exit": 0}
--- stdout
{"decision": "ALLOW", "episode_id": "stocks:episode-1", "reason_code": "ALLOWED", "receipt_sha256": "b4505032b533ae465ea9106546ada408f8aa6e1ac2c89e0cb9b0542b0b572c11", "rule": "R14", "status": "RECORDED", "task": {"payload_sha256": "79f4542416d3d382cc90ad8a196ba22c2fceb5220e77eb211093478a957198ca", "previous_task_id": null, "task_id": "stocks:TASK-06907db1be66631ffd392f1ac70b9dc2"}}
--- stderr
--- end
{"n": 2, "label": "dispatch 1", "at": "2026-09-28T01:33:59Z", "seconds": 0.137, "argv": ["/home/runner/work/_temp/work/rt/cain-venv/bin/cain", "research", "dispatch", "--domain", "stocks", "--state", "/home/runner/work/_temp/work/failures/F13/cain-state", "--spool", "/home/runner/work/_temp/work/failures/F13/spool"], "fault_env": {}, "exit": 0}
--- stdout
{"action": "dispatched", "file": "stocks/tasks/TASK-06907db1be66631ffd392f1ac70b9dc2.json", "spool": "WRITTEN", "task_id": "stocks:TASK-06907db1be66631ffd392f1ac70b9dc2"}
--- stderr
--- end
{"n": 3, "label": "consumer 1", "at": "2026-09-28T01:34:10Z", "seconds": 10.639, "argv": ["/home/runner/work/_temp/work/rt/consumer-venv/bin/predictor-research-consumer", "--domain", "stocks", "--spool", "/home/runner/work/_temp/work/failures/F13/spool", "--ledger", "/home/runner/work/_temp/work/failures/F13/consumer/ledger.sqlite", "--state", "/home/runner/work/_temp/work/failures/F13/domain-state", "--policy", "/home/runner/work/_temp/work/rt/op/policy.json", "--objects", "/home/runner/work/_temp/work/rt/op/objects"], "fault_env": {}, "exit": 0}
--- stdout
{"action": "delivered", "attempt": 1, "class": "TERMINAL_RESULT", "episode_id": "stocks:episode-1", "result_file": "stocks/results/TASK-06907db1be66631ffd392f1ac70b9dc2.d057b2671c43c4a1.json", "result_write": "WRITTEN", "status": "RESULT", "task_id": "stocks:TASK-06907db1be66631ffd392f1ac70b9dc2"}
--- stderr
{"duration_ms": 10313, "event": "job_finished", "job_id": "stocks-research-59944835fb61be14640910b8", "level": "INFO", "run_id": "d5acc6763c1844f7950e455c054b6085", "run_status": "SUCCEEDED", "service": "predictor_ops", "timestamp": "2026-09-28T01:34:10.451110Z"}
--- end
{"n": 4, "label": "ingest 1", "at": "2026-09-28T01:34:10Z", "seconds": 0.147, "argv": ["/home/runner/work/_temp/work/rt/cain-venv/bin/cain", "research", "ingest", "--domain", "stocks", "--state", "/home/runner/work/_temp/work/failures/F13/cain-state", "--spool", "/home/runner/work/_temp/work/failures/F13/spool"], "fault_env": {}, "exit": 0}
--- stdout
{"action": "ingested", "class": "TERMINAL_RESULT", "fact": "fact:eccc876a1a9b425fbb3c0e6661e8bdb0", "file": "TASK-06907db1be66631ffd392f1ac70b9dc2.d057b2671c43c4a1.json", "status": "RESULT", "task_id": "stocks:TASK-06907db1be66631ffd392f1ac70b9dc2"}
--- stderr
--- end
{"n": 5, "label": "tamper other-episode", "at": "2026-09-28T01:34:10Z", "seconds": 0.064, "argv": ["/home/runner/work/_temp/work/rt/cain-venv/bin/python", "-I", "/home/runner/work/_temp/work/failures/F13/tamper.py", "other-episode", "/home/runner/work/_temp/work/failures/F13/spool/stocks/tasks/TASK-06907db1be66631ffd392f1ac70b9dc2.json", "/home/runner/work/_temp/work/failures/F13/spool/stocks/results/TASK-06907db1be66631ffd392f1ac70b9dc2.d057b2671c43c4a1.json", "/home/runner/work/_temp/work/failures/F13/spool/stocks/results/other-episode.json"], "fault_env": {}, "exit": 0}
--- stdout
{"mode": "other-episode", "bytes": 96400}
--- stderr
--- end
{"n": 6, "label": "ingest wrong tasks", "at": "2026-09-28T01:34:10Z", "seconds": 0.143, "argv": ["/home/runner/work/_temp/work/rt/cain-venv/bin/cain", "research", "ingest", "--domain", "stocks", "--state", "/home/runner/work/_temp/work/failures/F13/cain-state", "--spool", "/home/runner/work/_temp/work/failures/F13/spool"], "fault_env": {}, "exit": 2}
--- stdout
{"action": "duplicate", "file": "TASK-06907db1be66631ffd392f1ac70b9dc2.d057b2671c43c4a1.json"}
{"action": "rejected", "code": "DOMAIN_MISMATCH", "file": "crypto.json", "reason": "result of domain crypto"}
{"action": "rejected", "code": "CORRELATION_MISMATCH", "file": "other-episode.json", "reason": "CORRELATION_MISMATCH: episode_id differs from the task"}
{"action": "rejected", "code": "TASK_NOT_FOUND", "file": "stocks-h9.json", "reason": "stocks:TASK-09f813296679d4ab76c537177cd98368 was not emitted by this CAIN"}
--- stderr
--- end
{"n": 7, "label": "nothing ingested", "at": "2026-09-28T01:34:11Z", "seconds": 0.133, "argv": ["/home/runner/work/_temp/work/rt/cain-venv/bin/cain", "research", "episodes", "--domain", "stocks", "--state", "/home/runner/work/_temp/work/failures/F13/cain-state"], "fault_env": {}, "exit": 0}
--- stdout
{"domain": "stocks", "episodes": [{"as_of": "2026-09-28T01:33:59Z", "decision": "ALLOW", "number": 1, "outbox": {"dispatches": 1, "retries_requested": 0, "status": "PUBLISHED", "task_id": "stocks:TASK-06907db1be66631ffd392f1ac70b9dc2"}, "proposal_id": "cain:FM-F13-1", "reason_code": "ALLOWED", "receipt_sha256": "b4505032b533ae465ea9106546ada408f8aa6e1ac2c89e0cb9b0542b0b572c11", "source": "operator", "task_id": "stocks:TASK-06907db1be66631ffd392f1ac70b9dc2"}], "inbox": [{"class": "TERMINAL_RESULT", "fact_id": "fact:eccc876a1a9b425fbb3c0e6661e8bdb0", "payload_sha256": "e20456f6966d9f20035a4bca7a59ba809905ac3c0eaf5e3c149968cb5a97ede9", "status": "RESULT", "task_id": "stocks:TASK-06907db1be66631ffd392f1ac70b9dc2"}], "memory": {"broken_at": null, "entries": 1, "head": "45076477f77252b064967b52f0ac2d26f8a148013849fbd6ba24c75762561b21", "head_recorded_at": "2026-09-28T01:34:10.641767Z", "projection": "consistent", "status": "intact"}, "rejections": [{"code": "DOMAIN_MISMATCH", "file": "crypto.json"}, {"code": "CORRELATION_MISMATCH", "file": "other-episode.json"}, {"code": "TASK_NOT_FOUND", "file": "stocks-h9.json"}]}
--- stderr
--- end
