{"effective_proposal": "/home/runner/work/_temp/work/failures/F06/proposals/1.json", "template": "fixtures/proposals/e2e/01-allow.json", "sha256": "5e61610a8be3f3f9dd8d4ebc75bfa583b14139744f084a8d2c866d30b25567ec"}
{"n": 1, "label": "propose 1", "at": "2026-09-28T15:17:45Z", "seconds": 0.154, "argv": ["/home/runner/work/_temp/work/rt/cain-venv/bin/cain", "research", "propose", "--domain", "stocks", "--state", "/home/runner/work/_temp/work/failures/F06/cain-state", "--proposal", "/home/runner/work/_temp/work/failures/F06/proposals/1.json", "--as-of", "2026-09-28T15:17:44Z"], "fault_env": {}, "exit": 0}
--- stdout
{"decision": "ALLOW", "episode_id": "stocks:episode-1", "reason_code": "ALLOWED", "receipt_sha256": "4106aebc24c0f24fec68b254e17fcd6aa9a961840c4aaf2c46eb8ffe696030b1", "rule": "R14", "status": "RECORDED", "task": {"payload_sha256": "f2763e2d54e3bd7b12cc73007aebcf88189ea24e0cfdd2296490c25022c8136c", "previous_task_id": null, "task_id": "stocks:TASK-3fa67d58d84903181d8fe73c20267e4c"}}
--- stderr
--- end
{"n": 2, "label": "dispatch", "at": "2026-09-28T15:17:45Z", "seconds": 0.133, "argv": ["/home/runner/work/_temp/work/rt/cain-venv/bin/cain", "research", "dispatch", "--domain", "stocks", "--state", "/home/runner/work/_temp/work/failures/F06/cain-state", "--spool", "/home/runner/work/_temp/work/failures/F06/spool"], "fault_env": {}, "exit": 0}
--- stdout
{"action": "dispatched", "file": "stocks/tasks/TASK-3fa67d58d84903181d8fe73c20267e4c.json", "spool": "WRITTEN", "task_id": "stocks:TASK-3fa67d58d84903181d8fe73c20267e4c"}
--- stderr
--- end
{"n": 3, "label": "consumer while CAIN is stopped", "at": "2026-09-28T15:17:53Z", "seconds": 8.721, "argv": ["/home/runner/work/_temp/work/rt/consumer-venv/bin/predictor-research-consumer", "--domain", "stocks", "--spool", "/home/runner/work/_temp/work/failures/F06/spool", "--ledger", "/home/runner/work/_temp/work/failures/F06/consumer/ledger.sqlite", "--state", "/home/runner/work/_temp/work/failures/F06/domain-state", "--policy", "/home/runner/work/_temp/work/rt/op/policy.json", "--objects", "/home/runner/work/_temp/work/rt/op/objects"], "fault_env": {}, "exit": 0}
--- stdout
{"action": "delivered", "attempt": 1, "class": "TERMINAL_RESULT", "episode_id": "stocks:episode-1", "result_file": "stocks/results/TASK-3fa67d58d84903181d8fe73c20267e4c.501c3534459d16e5.json", "result_write": "WRITTEN", "status": "RESULT", "task_id": "stocks:TASK-3fa67d58d84903181d8fe73c20267e4c"}
--- stderr
{"duration_ms": 8431, "event": "job_finished", "job_id": "stocks-research-df26c4966aabca88399625b5", "level": "INFO", "run_id": "4ec1f68a6ad7427aa984e16da4a735e1", "run_status": "SUCCEEDED", "service": "predictor_ops", "timestamp": "2026-09-28T15:17:53.828391Z"}
--- end
{"n": 4, "label": "CAIN back: ingest", "at": "2026-09-28T15:17:54Z", "seconds": 0.14, "argv": ["/home/runner/work/_temp/work/rt/cain-venv/bin/cain", "research", "ingest", "--domain", "stocks", "--state", "/home/runner/work/_temp/work/failures/F06/cain-state", "--spool", "/home/runner/work/_temp/work/failures/F06/spool"], "fault_env": {}, "exit": 0}
--- stdout
{"action": "ingested", "class": "TERMINAL_RESULT", "fact": "fact:ecb2e7d64c4d426e9693a834cdb790d9", "file": "TASK-3fa67d58d84903181d8fe73c20267e4c.501c3534459d16e5.json", "status": "RESULT", "task_id": "stocks:TASK-3fa67d58d84903181d8fe73c20267e4c"}
--- stderr
--- end
{"n": 5, "label": "nothing lost", "at": "2026-09-28T15:17:54Z", "seconds": 0.129, "argv": ["/home/runner/work/_temp/work/rt/cain-venv/bin/cain", "research", "episodes", "--domain", "stocks", "--state", "/home/runner/work/_temp/work/failures/F06/cain-state"], "fault_env": {}, "exit": 0}
--- stdout
{"domain": "stocks", "episodes": [{"as_of": "2026-09-28T15:17:44Z", "decision": "ALLOW", "number": 1, "outbox": {"dispatches": 1, "retries_requested": 0, "status": "PUBLISHED", "task_id": "stocks:TASK-3fa67d58d84903181d8fe73c20267e4c"}, "proposal_id": "cain:FM-F06-1", "reason_code": "ALLOWED", "receipt_sha256": "4106aebc24c0f24fec68b254e17fcd6aa9a961840c4aaf2c46eb8ffe696030b1", "source": "operator", "task_id": "stocks:TASK-3fa67d58d84903181d8fe73c20267e4c"}], "inbox": [{"class": "TERMINAL_RESULT", "fact_id": "fact:ecb2e7d64c4d426e9693a834cdb790d9", "payload_sha256": "93b18c050a1f7f7d6732161b0e54ae59298f26ae142acd0d5e22779a1dc49627", "status": "RESULT", "task_id": "stocks:TASK-3fa67d58d84903181d8fe73c20267e4c"}], "memory": {"broken_at": null, "entries": 1, "head": "42243126f9358bf05f5e6a79afcbecdcd9cde7f84e951fc4510a97193062a3e7", "head_recorded_at": "2026-09-28T15:17:54.000494Z", "projection": "consistent", "status": "intact"}, "rejections": []}
--- stderr
--- end
