{"n": 1, "label": "propose 01-allow", "at": "2026-09-28T13:14:35Z", "seconds": 0.142, "argv": ["/home/runner/work/_temp/work/rt/cain-venv/bin/cain", "research", "propose", "--domain", "crypto", "--state", "/home/runner/work/_temp/work/e2e/cain-state", "--proposal", "/home/runner/work/predictor-qualification/predictor-qualification/qualification/integration-crypto/fixtures/proposals/e2e/01-allow.json", "--as-of", "2026-09-28T13:14:35Z"], "fault_env": {}, "exit": 0}
--- stdout
{"decision": "ALLOW", "episode_id": "crypto:episode-1", "reason_code": "ALLOWED", "receipt_sha256": "bc7dcb3f71fac27e30a7263ce4650efbc6d4ab40dd7318bbd2f7b99c726f524b", "rule": "R14", "status": "RECORDED", "task": {"payload_sha256": "5fe20eb7b93d743530485cae313699a24e6bde31926371024ff20b8d3ef89beb", "previous_task_id": null, "task_id": "crypto:TASK-02bf95b3940c9a226f8a9ae2a37a11a3"}}
--- stderr
--- end
{"n": 2, "label": "dispatch 01-allow", "at": "2026-09-28T13:14:35Z", "seconds": 0.121, "argv": ["/home/runner/work/_temp/work/rt/cain-venv/bin/cain", "research", "dispatch", "--domain", "crypto", "--state", "/home/runner/work/_temp/work/e2e/cain-state", "--spool", "/home/runner/work/_temp/work/e2e/spool"], "fault_env": {}, "exit": 0}
--- stdout
{"action": "dispatched", "file": "crypto/tasks/TASK-02bf95b3940c9a226f8a9ae2a37a11a3.json", "spool": "WRITTEN", "task_id": "crypto:TASK-02bf95b3940c9a226f8a9ae2a37a11a3"}
--- stderr
--- end
{"n": 3, "label": "consumer 01-allow", "at": "2026-09-28T13:14:36Z", "seconds": 0.445, "argv": ["/home/runner/work/_temp/work/rt/consumer-venv/bin/predictor-research-consumer", "--domain", "crypto", "--spool", "/home/runner/work/_temp/work/e2e/spool", "--ledger", "/home/runner/work/_temp/work/e2e/consumer/ledger.sqlite", "--state", "/home/runner/work/_temp/work/e2e/domain-state", "--policy", "/home/runner/work/_temp/work/rt/op/policy.json", "--objects", "/home/runner/work/_temp/work/rt/op/objects"], "fault_env": {}, "exit": 0}
--- stdout
{"action": "delivered", "attempt": 1, "class": "TERMINAL_RESULT", "episode_id": "crypto:episode-1", "result_file": "crypto/results/TASK-02bf95b3940c9a226f8a9ae2a37a11a3.315c6c8bb86a86c1.json", "result_write": "WRITTEN", "status": "RESULT", "task_id": "crypto:TASK-02bf95b3940c9a226f8a9ae2a37a11a3"}
--- stderr
{"duration_ms": 207, "event": "job_finished", "job_id": "crypto-research-159fdfb2ad2ccd8f8d612a36", "level": "INFO", "run_id": "c69884f281a64e36850e6784fed46d3a", "run_status": "SUCCEEDED", "service": "predictor_ops", "timestamp": "2026-09-28T13:14:36.031355Z"}
--- end
{"n": 4, "label": "ingest 01-allow", "at": "2026-09-28T13:14:36Z", "seconds": 0.127, "argv": ["/home/runner/work/_temp/work/rt/cain-venv/bin/cain", "research", "ingest", "--domain", "crypto", "--state", "/home/runner/work/_temp/work/e2e/cain-state", "--spool", "/home/runner/work/_temp/work/e2e/spool"], "fault_env": {}, "exit": 0}
--- stdout
{"action": "ingested", "class": "TERMINAL_RESULT", "fact": "fact:5fe5e5f94b4942feb8933429ddfa9d7c", "file": "TASK-02bf95b3940c9a226f8a9ae2a37a11a3.315c6c8bb86a86c1.json", "status": "RESULT", "task_id": "crypto:TASK-02bf95b3940c9a226f8a9ae2a37a11a3"}
--- stderr
--- end
{"n": 5, "label": "propose 02-allow-restarts", "at": "2026-09-28T13:14:36Z", "seconds": 0.123, "argv": ["/home/runner/work/_temp/work/rt/cain-venv/bin/cain", "research", "propose", "--domain", "crypto", "--state", "/home/runner/work/_temp/work/e2e/cain-state", "--proposal", "/home/runner/work/predictor-qualification/predictor-qualification/qualification/integration-crypto/fixtures/proposals/e2e/02-allow-restarts.json", "--as-of", "2026-09-28T13:14:36Z"], "fault_env": {}, "exit": 0}
--- stdout
{"decision": "ALLOW", "episode_id": "crypto:episode-2", "reason_code": "ALLOWED", "receipt_sha256": "49260ee24219a4a60ab61222193273dda6b14162094f02321876e2cec3664cc3", "rule": "R14", "status": "RECORDED", "task": {"payload_sha256": "2f1a51cc878bbc2b90b9a06125dc4eb586e279b9f4b95229dff11a5f8596ce6c", "previous_task_id": "crypto:TASK-02bf95b3940c9a226f8a9ae2a37a11a3", "task_id": "crypto:TASK-9cb8ddb312aff3b4be933e167ae7e943"}}
--- stderr
--- end
{"n": 6, "label": "dispatch 02", "at": "2026-09-28T13:14:36Z", "seconds": 0.123, "argv": ["/home/runner/work/_temp/work/rt/cain-venv/bin/cain", "research", "dispatch", "--domain", "crypto", "--state", "/home/runner/work/_temp/work/e2e/cain-state", "--spool", "/home/runner/work/_temp/work/e2e/spool"], "fault_env": {}, "exit": 0}
--- stdout
{"action": "dispatched", "file": "crypto/tasks/TASK-9cb8ddb312aff3b4be933e167ae7e943.json", "spool": "WRITTEN", "task_id": "crypto:TASK-9cb8ddb312aff3b4be933e167ae7e943"}
--- stderr
--- end
{"n": 7, "label": "consumer 02 (fault)", "at": "2026-09-28T13:14:36Z", "seconds": 0.412, "argv": ["/home/runner/work/_temp/work/rt/consumer-venv/bin/predictor-research-consumer", "--domain", "crypto", "--spool", "/home/runner/work/_temp/work/e2e/spool", "--ledger", "/home/runner/work/_temp/work/e2e/consumer/ledger.sqlite", "--state", "/home/runner/work/_temp/work/e2e/domain-state", "--policy", "/home/runner/work/_temp/work/rt/op/policy.json", "--objects", "/home/runner/work/_temp/work/rt/op/objects"], "fault_env": {"PREDICTOR_RESEARCH_TRANSPORT_FAULT": "after_domain_before_result_write"}, "exit": 86}
--- stdout
--- stderr
{"duration_ms": 207, "event": "job_finished", "job_id": "crypto-research-5bcaf205a05986e27358fb68", "level": "INFO", "run_id": "2cf174adde2a483e80dacf7c88786fae", "run_status": "SUCCEEDED", "service": "predictor_ops", "timestamp": "2026-09-28T13:14:36.840295Z"}
--- end
{"n": 8, "label": "consumer 02 (restart)", "at": "2026-09-28T13:14:37Z", "seconds": 0.176, "argv": ["/home/runner/work/_temp/work/rt/consumer-venv/bin/predictor-research-consumer", "--domain", "crypto", "--spool", "/home/runner/work/_temp/work/e2e/spool", "--ledger", "/home/runner/work/_temp/work/e2e/consumer/ledger.sqlite", "--state", "/home/runner/work/_temp/work/e2e/domain-state", "--policy", "/home/runner/work/_temp/work/rt/op/policy.json", "--objects", "/home/runner/work/_temp/work/rt/op/objects"], "fault_env": {}, "exit": 0}
--- stdout
{"action": "skipped", "episode_id": "crypto:episode-1", "state": "TERMINAL_RESULT", "status": "RESULT", "task_id": "crypto:TASK-02bf95b3940c9a226f8a9ae2a37a11a3"}
{"action": "delivered", "attempt": 2, "class": "TERMINAL_RESULT", "episode_id": "crypto:episode-2", "result_file": "crypto/results/TASK-9cb8ddb312aff3b4be933e167ae7e943.325ad6ac49ee0a3f.json", "result_write": "WRITTEN", "status": "DUPLICATE", "task_id": "crypto:TASK-9cb8ddb312aff3b4be933e167ae7e943"}
--- stderr
--- end
{"n": 9, "label": "ingest 02 (fault)", "at": "2026-09-28T13:14:37Z", "seconds": 0.112, "argv": ["/home/runner/work/_temp/work/rt/cain-venv/bin/cain", "research", "ingest", "--domain", "crypto", "--state", "/home/runner/work/_temp/work/e2e/cain-state", "--spool", "/home/runner/work/_temp/work/e2e/spool"], "fault_env": {"CAIN_ORCHESTRATION_FAULT": "after_inbox_commit_before_memory"}, "exit": 86}
--- stdout
--- stderr
--- end
{"n": 10, "label": "ingest 02 (restart)", "at": "2026-09-28T13:14:37Z", "seconds": 0.125, "argv": ["/home/runner/work/_temp/work/rt/cain-venv/bin/cain", "research", "ingest", "--domain", "crypto", "--state", "/home/runner/work/_temp/work/e2e/cain-state", "--spool", "/home/runner/work/_temp/work/e2e/spool"], "fault_env": {}, "exit": 0}
--- stdout
{"action": "duplicate", "file": "TASK-02bf95b3940c9a226f8a9ae2a37a11a3.315c6c8bb86a86c1.json"}
{"action": "remembered", "fact_id": "fact:720611c9dba2494290a1b8c7b38fc4bd", "file": "TASK-9cb8ddb312aff3b4be933e167ae7e943.325ad6ac49ee0a3f.json", "reused": false}
--- stderr
--- end
{"n": 11, "label": "ingest interleaved other domains", "at": "2026-09-28T13:14:37Z", "seconds": 0.128, "argv": ["/home/runner/work/_temp/work/rt/cain-venv/bin/cain", "research", "ingest", "--domain", "crypto", "--state", "/home/runner/work/_temp/work/e2e/cain-state", "--spool", "/home/runner/work/_temp/work/e2e/spool"], "fault_env": {}, "exit": 2}
--- stdout
{"action": "duplicate", "file": "TASK-02bf95b3940c9a226f8a9ae2a37a11a3.315c6c8bb86a86c1.json"}
{"action": "duplicate", "file": "TASK-9cb8ddb312aff3b4be933e167ae7e943.325ad6ac49ee0a3f.json"}
{"action": "rejected", "code": "DOMAIN_MISMATCH", "file": "interleaved-fixtures-v2-brasileirao-result-h9.json", "reason": "result of domain brasileirao"}
{"action": "rejected", "code": "TASK_NOT_FOUND", "file": "interleaved-fixtures-v2-crypto-result-h9.json", "reason": "crypto:TASK-45b3afb3f4c777ae5aa52020f98afc6a was not emitted by this CAIN"}
{"action": "rejected", "code": "DOMAIN_MISMATCH", "file": "interleaved-fixtures-v2-stocks-result-h9.json", "reason": "result of domain stocks"}
--- stderr
--- end
{"n": 12, "label": "propose 03-canary", "at": "2026-09-28T13:14:37Z", "seconds": 0.124, "argv": ["/home/runner/work/_temp/work/rt/cain-venv/bin/cain", "research", "propose", "--domain", "crypto", "--state", "/home/runner/work/_temp/work/e2e/cain-state", "--proposal", "/home/runner/work/predictor-qualification/predictor-qualification/qualification/integration-crypto/fixtures/proposals/e2e/03-canary.json", "--as-of", "2026-09-28T13:14:37Z"], "fault_env": {}, "exit": 0}
--- stdout
{"decision": "ALLOW", "episode_id": "crypto:episode-3", "reason_code": "ALLOWED", "receipt_sha256": "1a6d61ebfb7b1286832a942511746f52c2532f37e155f66695639355cda9e620", "rule": "R14", "status": "RECORDED", "task": {"payload_sha256": "1cfa943e5152e6695e47cf670549cea81f0f052ead927c9905b74498bc2892bf", "previous_task_id": "crypto:TASK-9cb8ddb312aff3b4be933e167ae7e943", "task_id": "crypto:TASK-6f9d23e232884c4e3d510523e881874a"}}
--- stderr
--- end
{"n": 13, "label": "dispatch 03-canary", "at": "2026-09-28T13:14:37Z", "seconds": 0.123, "argv": ["/home/runner/work/_temp/work/rt/cain-venv/bin/cain", "research", "dispatch", "--domain", "crypto", "--state", "/home/runner/work/_temp/work/e2e/cain-state", "--spool", "/home/runner/work/_temp/work/e2e/spool"], "fault_env": {}, "exit": 0}
--- stdout
{"action": "dispatched", "file": "crypto/tasks/TASK-6f9d23e232884c4e3d510523e881874a.json", "spool": "WRITTEN", "task_id": "crypto:TASK-6f9d23e232884c4e3d510523e881874a"}
--- stderr
--- end
{"n": 14, "label": "consumer 03-canary", "at": "2026-09-28T13:14:38Z", "seconds": 0.429, "argv": ["/home/runner/work/_temp/work/rt/consumer-venv/bin/predictor-research-consumer", "--domain", "crypto", "--spool", "/home/runner/work/_temp/work/e2e/spool", "--ledger", "/home/runner/work/_temp/work/e2e/consumer/ledger.sqlite", "--state", "/home/runner/work/_temp/work/e2e/domain-state", "--policy", "/home/runner/work/_temp/work/rt/op/policy.json", "--objects", "/home/runner/work/_temp/work/rt/op/objects"], "fault_env": {}, "exit": 0}
--- stdout
{"action": "skipped", "episode_id": "crypto:episode-1", "state": "TERMINAL_RESULT", "status": "RESULT", "task_id": "crypto:TASK-02bf95b3940c9a226f8a9ae2a37a11a3"}
{"action": "skipped", "episode_id": "crypto:episode-2", "state": "TERMINAL_RESULT", "status": "DUPLICATE", "task_id": "crypto:TASK-9cb8ddb312aff3b4be933e167ae7e943"}
{"action": "delivered", "attempt": 1, "class": "TERMINAL_REFUSAL", "episode_id": "crypto:episode-3", "result_file": "crypto/results/TASK-6f9d23e232884c4e3d510523e881874a.605e4e089f6a3947.json", "result_write": "WRITTEN", "status": "TEMPORAL_INTEGRITY_VIOLATION", "task_id": "crypto:TASK-6f9d23e232884c4e3d510523e881874a"}
--- stderr
{"duration_ms": 207, "event": "job_finished", "job_id": "crypto-research-ab932b7c3d1ebadc820a47f9", "level": "INFO", "run_id": "5a907f50eba0469d90a88a10c4927563", "run_status": "FAILED", "service": "predictor_ops", "timestamp": "2026-09-28T13:14:38.045994Z"}
--- end
{"n": 15, "label": "ingest 03-canary", "at": "2026-09-28T13:14:38Z", "seconds": 0.131, "argv": ["/home/runner/work/_temp/work/rt/cain-venv/bin/cain", "research", "ingest", "--domain", "crypto", "--state", "/home/runner/work/_temp/work/e2e/cain-state", "--spool", "/home/runner/work/_temp/work/e2e/spool"], "fault_env": {}, "exit": 0}
--- stdout
{"action": "duplicate", "file": "TASK-02bf95b3940c9a226f8a9ae2a37a11a3.315c6c8bb86a86c1.json"}
{"action": "ingested", "class": "TERMINAL_REFUSAL", "fact": "fact:d08a88339db747d8bedfc69c2add637f", "file": "TASK-6f9d23e232884c4e3d510523e881874a.605e4e089f6a3947.json", "status": "TEMPORAL_INTEGRITY_VIOLATION", "task_id": "crypto:TASK-6f9d23e232884c4e3d510523e881874a"}
{"action": "duplicate", "file": "TASK-9cb8ddb312aff3b4be933e167ae7e943.325ad6ac49ee0a3f.json"}
{"action": "skipped", "code": "DOMAIN_MISMATCH", "file": "interleaved-fixtures-v2-brasileirao-result-h9.json", "state": "REJECTED"}
{"action": "skipped", "code": "TASK_NOT_FOUND", "file": "interleaved-fixtures-v2-crypto-result-h9.json", "state": "REJECTED"}
{"action": "skipped", "code": "DOMAIN_MISMATCH", "file": "interleaved-fixtures-v2-stocks-result-h9.json", "state": "REJECTED"}
--- stderr
--- end
{"n": 16, "label": "propose 04-duplicate", "at": "2026-09-28T13:14:38Z", "seconds": 0.127, "argv": ["/home/runner/work/_temp/work/rt/cain-venv/bin/cain", "research", "propose", "--domain", "crypto", "--state", "/home/runner/work/_temp/work/e2e/cain-state", "--proposal", "/home/runner/work/predictor-qualification/predictor-qualification/qualification/integration-crypto/fixtures/proposals/e2e/04-duplicate.json", "--as-of", "2026-09-28T13:14:38Z"], "fault_env": {}, "exit": 0}
--- stdout
{"decision": "DUPLICATE", "episode_id": "crypto:episode-4", "reason_code": "DUPLICATE_REQUEST", "receipt_sha256": "34f8bb826a52b9d987473d72a04b292e1ecb9ae4ec549b93965d296041eb1443", "rule": "R08", "status": "RECORDED", "task": null}
--- stderr
--- end
{"n": 17, "label": "propose 05-h9-closed", "at": "2026-09-28T13:14:38Z", "seconds": 0.125, "argv": ["/home/runner/work/_temp/work/rt/cain-venv/bin/cain", "research", "propose", "--domain", "crypto", "--state", "/home/runner/work/_temp/work/e2e/cain-state", "--proposal", "/home/runner/work/predictor-qualification/predictor-qualification/qualification/integration-crypto/fixtures/proposals/e2e/05-h9-closed.json", "--as-of", "2026-09-28T13:14:38Z"], "fault_env": {}, "exit": 0}
--- stdout
{"decision": "BLOCK", "episode_id": "crypto:episode-5", "reason_code": "HYPOTHESIS_CLOSED", "receipt_sha256": "73be1e21d7a6d3ee5c8ca61dd3a97514db52e9264fa7dbbb982c65e7677ab087", "rule": "R05", "status": "RECORDED", "task": null}
--- stderr
--- end
{"n": 18, "label": "propose 06-stocks-h9", "at": "2026-09-28T13:14:38Z", "seconds": 0.124, "argv": ["/home/runner/work/_temp/work/rt/cain-venv/bin/cain", "research", "propose", "--domain", "crypto", "--state", "/home/runner/work/_temp/work/e2e/cain-state", "--proposal", "/home/runner/work/predictor-qualification/predictor-qualification/qualification/integration-crypto/fixtures/proposals/e2e/06-stocks-h9.json", "--as-of", "2026-09-28T13:14:38Z"], "fault_env": {}, "exit": 0}
--- stdout
{"decision": "BLOCK", "episode_id": "crypto:episode-6", "reason_code": "DOMAIN_MISMATCH", "receipt_sha256": "39155e975b6308b5cdf0293b1058ee353da6b4335b3ca9cee004dfe015349558", "rule": "R01", "status": "RECORDED", "task": null}
--- stderr
--- end
{"n": 19, "label": "propose 07-next", "at": "2026-09-28T13:14:38Z", "seconds": 0.125, "argv": ["/home/runner/work/_temp/work/rt/cain-venv/bin/cain", "research", "propose", "--domain", "crypto", "--state", "/home/runner/work/_temp/work/e2e/cain-state", "--proposal", "/home/runner/work/predictor-qualification/predictor-qualification/qualification/integration-crypto/fixtures/proposals/e2e/07-next.json", "--as-of", "2026-09-28T13:14:38Z"], "fault_env": {}, "exit": 0}
--- stdout
{"decision": "ALLOW", "episode_id": "crypto:episode-7", "reason_code": "ALLOWED", "receipt_sha256": "d66738a6dc7ca9baa3a6a25b718d66671086788ea603c7b6fc369c83b236b0a0", "rule": "R14", "status": "RECORDED", "task": {"payload_sha256": "2adbe0ec65ffcf947ec57ee38c71047536a6f04e103382c11ad849ba74039d65", "previous_task_id": "crypto:TASK-6f9d23e232884c4e3d510523e881874a", "task_id": "crypto:TASK-4fd811d6e4fd160bfab2e5c2995cc0ce"}}
--- stderr
--- end
{"n": 20, "label": "dispatch 07-next", "at": "2026-09-28T13:14:38Z", "seconds": 0.124, "argv": ["/home/runner/work/_temp/work/rt/cain-venv/bin/cain", "research", "dispatch", "--domain", "crypto", "--state", "/home/runner/work/_temp/work/e2e/cain-state", "--spool", "/home/runner/work/_temp/work/e2e/spool"], "fault_env": {}, "exit": 0}
--- stdout
{"action": "dispatched", "file": "crypto/tasks/TASK-4fd811d6e4fd160bfab2e5c2995cc0ce.json", "spool": "WRITTEN", "task_id": "crypto:TASK-4fd811d6e4fd160bfab2e5c2995cc0ce"}
--- stderr
--- end
{"n": 21, "label": "consumer 07-next", "at": "2026-09-28T13:14:39Z", "seconds": 0.438, "argv": ["/home/runner/work/_temp/work/rt/consumer-venv/bin/predictor-research-consumer", "--domain", "crypto", "--spool", "/home/runner/work/_temp/work/e2e/spool", "--ledger", "/home/runner/work/_temp/work/e2e/consumer/ledger.sqlite", "--state", "/home/runner/work/_temp/work/e2e/domain-state", "--policy", "/home/runner/work/_temp/work/rt/op/policy.json", "--objects", "/home/runner/work/_temp/work/rt/op/objects"], "fault_env": {}, "exit": 0}
--- stdout
{"action": "skipped", "episode_id": "crypto:episode-1", "state": "TERMINAL_RESULT", "status": "RESULT", "task_id": "crypto:TASK-02bf95b3940c9a226f8a9ae2a37a11a3"}
{"action": "skipped", "episode_id": "crypto:episode-2", "state": "TERMINAL_RESULT", "status": "DUPLICATE", "task_id": "crypto:TASK-9cb8ddb312aff3b4be933e167ae7e943"}
{"action": "skipped", "episode_id": "crypto:episode-3", "state": "TERMINAL_REFUSAL", "status": "TEMPORAL_INTEGRITY_VIOLATION", "task_id": "crypto:TASK-6f9d23e232884c4e3d510523e881874a"}
{"action": "delivered", "attempt": 1, "class": "TERMINAL_RESULT", "episode_id": "crypto:episode-7", "result_file": "crypto/results/TASK-4fd811d6e4fd160bfab2e5c2995cc0ce.8ffd29540d1dfd33.json", "result_write": "WRITTEN", "status": "RESULT", "task_id": "crypto:TASK-4fd811d6e4fd160bfab2e5c2995cc0ce"}
--- stderr
{"duration_ms": 207, "event": "job_finished", "job_id": "crypto-research-645789279a2ea8a96756748e", "level": "INFO", "run_id": "5725d5c0c4d842f594eb4c2c1bdd49b7", "run_status": "SUCCEEDED", "service": "predictor_ops", "timestamp": "2026-09-28T13:14:39.233594Z"}
--- end
{"n": 22, "label": "ingest 07-next", "at": "2026-09-28T13:14:39Z", "seconds": 0.129, "argv": ["/home/runner/work/_temp/work/rt/cain-venv/bin/cain", "research", "ingest", "--domain", "crypto", "--state", "/home/runner/work/_temp/work/e2e/cain-state", "--spool", "/home/runner/work/_temp/work/e2e/spool"], "fault_env": {}, "exit": 0}
--- stdout
{"action": "duplicate", "file": "TASK-02bf95b3940c9a226f8a9ae2a37a11a3.315c6c8bb86a86c1.json"}
{"action": "ingested", "class": "TERMINAL_RESULT", "fact": "fact:9f02334d40f04d88819be67cdc857525", "file": "TASK-4fd811d6e4fd160bfab2e5c2995cc0ce.8ffd29540d1dfd33.json", "status": "RESULT", "task_id": "crypto:TASK-4fd811d6e4fd160bfab2e5c2995cc0ce"}
{"action": "duplicate", "file": "TASK-6f9d23e232884c4e3d510523e881874a.605e4e089f6a3947.json"}
{"action": "duplicate", "file": "TASK-9cb8ddb312aff3b4be933e167ae7e943.325ad6ac49ee0a3f.json"}
{"action": "skipped", "code": "DOMAIN_MISMATCH", "file": "interleaved-fixtures-v2-brasileirao-result-h9.json", "state": "REJECTED"}
{"action": "skipped", "code": "TASK_NOT_FOUND", "file": "interleaved-fixtures-v2-crypto-result-h9.json", "state": "REJECTED"}
{"action": "skipped", "code": "DOMAIN_MISMATCH", "file": "interleaved-fixtures-v2-stocks-result-h9.json", "state": "REJECTED"}
--- stderr
--- end
{"n": 23, "label": "show crypto:REQ-IC-E2E-001", "at": "2026-09-28T13:14:39Z", "seconds": 0.149, "argv": ["/home/runner/work/_temp/work/rt/consumer-venv/bin/cripto-research", "--state", "/home/runner/work/_temp/work/e2e/domain-state", "show", "crypto:REQ-IC-E2E-001"], "fault_env": {}, "exit": 0}
--- stdout
{"request_id": "crypto:REQ-IC-E2E-001", "result": {"admission_id": "crypto:ADM-100af211c3f0ea359667d6c13067c933", "capital_permission": false, "core_facts": {"dataset_fingerprint": "1e6356ed1c918f083af953f558a5d23fc6d777ec95bb6cdbde16ee34d257dddb", "identity": {"package": "predictor-core", "record_sha256": "eb8c5553379422a4317e5d6749a98912e95e873d52c80d7fa1fd87e6d96977c2", "version": "3.2.1"}, "scientific_state_source": "core_trial_registry", "statistics": {"gross_ci_high": 0.006996997357178977, "gross_ci_low": -0.0267681010718645, "mean_gross_return": -0.008918560462211353, "mean_net_return": -0.011837964885288278, "net_ci_high": 0.004154202549486669, "net_ci_low": -0.029805573956479887}, "temporal_validation": {"data_cutoff": "2026-08-31T00:00:00Z", "inequality": "available_at <= data_cutoff and observed_at monotonic and observed_at <= available_at", "max_available_at": "2026-08-31T00:00:00Z", "method": "predictor_core.measurement.replay", "rows": 52, "status": "PASS"}, "trial_ids": ["crypto:TRIAL-159fdfb2ad2ccd8f8d612a364c7c61ed"], "trial_registry": "predictor_core.contracts.trial_v2.TrialRegistryV2", "trial_row_hash": "848b592d546e5794c2afbba372cf1b424a4d360b721126ec67b60363caf7c515"}, "domain_facts": {"baseline_comparison": {"baseline_id": "crypto:BASELINE-FLAT", "gross_delta_bps": -89, "net_delta_bps": -118, "outcome": "LOSES"}, "baseline_identity": {"content_hash": "4cfdb5417495d2ab5067d67ad9d199d59d330fa4600a8d451b32a7b62e6be136", "name": "flat", "revision_id": "baseline:flat:real-v1", "version": "v1"}, "cost_model_identity": {"content_hash": "6168c2abe0d77bcceffc084905a6a2ba54a8cbdf5a1a55f48fbc1e30f3e44e65", "name": "v3-frozen", "revision_id": "cost_model:v3-frozen:real-v1", "version": "v1"}, "costs": {"cost_aware_decision": "NO_TRADE", "mean_funding_pnl_bps": 1, "mean_total_cost_bps": 29, "model": "GarimpoInvestimentos.v3.costs.CostModel", "round_trip_friction_bps": 30, "slippage_bps_per_leg": 5, "taker_fee_bps_per_leg": 10}, "data_cutoff": "2026-08-31T00:00:00Z", "data_quality": {"ok": true}, "dataset_identity": {"content_hash": "0d04cf7c11e8b27fd294a3c354dee3750c9de9d2b312f0044436e7a1751b9a33", "name": "real-in-sample", "revision_id": "dataset:real-in-sample:v1", "version": "v1"}, "effect_sha256": "d16368fe4737e11f2646568c0b155a0e56a352df832953caabada05c8c89d7c8", "evidence_identity": {"content_hash": "6f36df6bf689e20cc90c92fcd74baca040d4d6fa1a25368c71f35baf0fcf4bc9", "name": "none", "revision_id": "evidence:none:real-v1", "version": "v1"}, "handler": "crypto.handlers.backtest_existing_hypothesis.v1", "identity": {"package": "cripto-predictor", "record_sha256": "0cde203bc21746dc97498403c0d24fe62e4982340a720e8c7af049514462a262", "version": "1.2.0rc3"}, "metrics": {"ci": {"confidence": 0.95, "n_boot": 500, "scheme": "iid", "seed": 17}, "gross_ci_high_bps": 70, "gross_ci_low_bps": -268, "gross_return_bps": -89, "long_observations": 28, "max_drawdown_bps": -5497, "net_ci_high_bps": 42, "net_ci_low_bps": -298, "net_return_bps": -118, "sample_size": 52, "short_observations": 24, "turnover_round_trips": 52}, "model_identity": {"content_hash": "07225498b8d4834d762a198bc63ee650512fdf02e536d1b0a623bbe9a6fb3582", "name": "fixed-shadow", "revision_id": "protocol:fixed-shadow:real-v1", "version": "v1"}, "placebo_seed": 101}, "economic_state": "NO_EDGE", "experiment_id": "crypto:EXP-159fdfb2ad2ccd8f8d612a364c7c61ed", "hypothesis_id": "crypto:QUAL-SHADOW-REAL-001", "operational_state": "SUCCEEDED", "ops_facts": {"attempt_ids": ["crypto:ATTEMPT-dc67c1ed88704dc49fa1a34a301f02f5"], "attempts": 1, "economic_lock_id": "economic-add5ab5689956f5960dad049b78a2692bafed5b5faa5ddeaf30d4af385b83c5f", "exit_code": 0, "finished_at": "2026-09-28T13:14:36.028Z", "heartbeat_at": "2026-09-28T13:14:35.827Z", "identity": {"package": "predictor-ops", "record_sha256": "1c7946e1d994f63bc3e732fe4666edfb42967f3a7b7b11664af63ca572f0018f", "version": "4.2.2rc1"}, "job_id": "crypto-research-159fdfb2ad2ccd8f8d612a36", "operational_state": "SUCCEEDED", "ops_record_hash": "82e1146b125a6b46d0fec6542377d1312d03b6f1e65d3fa4b3f4a4f480e81ff6", "ops_run_id": "c69884f281a64e36850e6784fed46d3a", "ops_run_ids": ["c69884f281a64e36850e6784fed46d3a"], "retry_count": 0, "started_at": "2026-09-28T13:14:35.821Z"}, "produced_at": "2026-09-28T13:14:36.033202Z", "provenance": {"admission_policy_hash": "78e8b2d76c589c02254b299bcc633eaddfe82d6a93e7849a9b91d11f31563729", "admission_policy_id": "crypto-integration-qualification", "admission_policy_version": 1, "handler_identity": "crypto.handlers.backtest_existing_hypothesis.v1", "journal_identity": "694aabcb05f78cdff2da9f2d212ab7c51484e93c20f3bf57eef3d8fd0c568494", "logical_experiment_hash": "159fdfb2ad2ccd8f8d612a364c7c61ed5a4812b54434fdc793613ca14e7b9244", "reference_materialization_receipt_hash": "fac8871eb85c9aeb6121810cb386142a5d419af3efd3465c12c2dd545066c5e5", "request_content_hash": "5fe20eb7b93d743530485cae313699a24e6bde31926371024ff20b8d3ef89beb", "resolved_references_hash": "257b00d8d257e56401219b8ae046e9e5a1d90efaba5ab7cc654a493d0f59ee64"}, "request_id": "crypto:REQ-IC-E2E-001", "research_id": "crypto:RESEARCH-INTEGRATION-QUALIFICATION", "result_id": "crypto:RESULT-159fdfb2ad2ccd8f8d612a364c7c61ed", "result_state": "INCONCLUSIVE", "schema_version": "crypto-research-result/1", "scientific_state": "INCONCLUSIVE"}, "result_sha256": "ee77ffefdc6122a0b8ed3dff4eb810d15ef3dcb8fe95218eca22562775c82895", "source": "authoritative_result_store", "status": "RESULT"}
--- stderr
--- end
{"n": 24, "label": "show crypto:REQ-IC-E2E-007", "at": "2026-09-28T13:14:39Z", "seconds": 0.148, "argv": ["/home/runner/work/_temp/work/rt/consumer-venv/bin/cripto-research", "--state", "/home/runner/work/_temp/work/e2e/domain-state", "show", "crypto:REQ-IC-E2E-007"], "fault_env": {}, "exit": 0}
--- stdout
{"request_id": "crypto:REQ-IC-E2E-007", "result": {"admission_id": "crypto:ADM-bdb7a97aa541747fc0c58fc078b08cc7", "capital_permission": false, "core_facts": {"dataset_fingerprint": "1e6356ed1c918f083af953f558a5d23fc6d777ec95bb6cdbde16ee34d257dddb", "identity": {"package": "predictor-core", "record_sha256": "eb8c5553379422a4317e5d6749a98912e95e873d52c80d7fa1fd87e6d96977c2", "version": "3.2.1"}, "scientific_state_source": "core_trial_registry", "statistics": {"gross_ci_high": 0.02549230760890503, "gross_ci_low": -0.007312083742153127, "mean_gross_return": 0.00956909474953309, "mean_net_return": 0.00645209648030232, "net_ci_high": 0.022429989535761308, "net_ci_low": -0.010557930824002516}, "temporal_validation": {"data_cutoff": "2026-08-31T00:00:00Z", "inequality": "available_at <= data_cutoff and observed_at monotonic and observed_at <= available_at", "max_available_at": "2026-08-31T00:00:00Z", "method": "predictor_core.measurement.replay", "rows": 52, "status": "PASS"}, "trial_ids": ["crypto:TRIAL-645789279a2ea8a96756748ea5e18d06"], "trial_registry": "predictor_core.contracts.trial_v2.TrialRegistryV2", "trial_row_hash": "b7056ebcab9bbb683ccd607905e64c1cb378872b00e91e141a3c3d1b6e45a2fd"}, "domain_facts": {"baseline_comparison": {"baseline_id": "crypto:BASELINE-FLAT", "gross_delta_bps": 96, "net_delta_bps": 65, "outcome": "BEATS"}, "baseline_identity": {"content_hash": "4cfdb5417495d2ab5067d67ad9d199d59d330fa4600a8d451b32a7b62e6be136", "name": "flat", "revision_id": "baseline:flat:real-v1", "version": "v1"}, "cost_model_identity": {"content_hash": "6168c2abe0d77bcceffc084905a6a2ba54a8cbdf5a1a55f48fbc1e30f3e44e65", "name": "v3-frozen", "revision_id": "cost_model:v3-frozen:real-v1", "version": "v1"}, "costs": {"cost_aware_decision": "NO_TRADE", "mean_funding_pnl_bps": -1, "mean_total_cost_bps": 31, "model": "GarimpoInvestimentos.v3.costs.CostModel", "round_trip_friction_bps": 30, "slippage_bps_per_leg": 5, "taker_fee_bps_per_leg": 10}, "data_cutoff": "2026-08-31T00:00:00Z", "data_quality": {"ok": true}, "dataset_identity": {"content_hash": "0d04cf7c11e8b27fd294a3c354dee3750c9de9d2b312f0044436e7a1751b9a33", "name": "real-in-sample", "revision_id": "dataset:real-in-sample:v1", "version": "v1"}, "effect_sha256": "62658f7e57b81323712402958db44ca5168d5f296d8d354ea55bc35542263991", "evidence_identity": {"content_hash": "6f36df6bf689e20cc90c92fcd74baca040d4d6fa1a25368c71f35baf0fcf4bc9", "name": "none", "revision_id": "evidence:none:real-v1", "version": "v1"}, "handler": "crypto.handlers.backtest_existing_hypothesis.v1", "identity": {"package": "cripto-predictor", "record_sha256": "0cde203bc21746dc97498403c0d24fe62e4982340a720e8c7af049514462a262", "version": "1.2.0rc3"}, "metrics": {"ci": {"confidence": 0.95, "n_boot": 500, "scheme": "iid", "seed": 17}, "gross_ci_high_bps": 255, "gross_ci_low_bps": -73, "gross_return_bps": 96, "long_observations": 25, "max_drawdown_bps": -3460, "net_ci_high_bps": 224, "net_ci_low_bps": -106, "net_return_bps": 65, "sample_size": 52, "short_observations": 27, "turnover_round_trips": 52}, "model_identity": {"content_hash": "07225498b8d4834d762a198bc63ee650512fdf02e536d1b0a623bbe9a6fb3582", "name": "fixed-shadow", "revision_id": "protocol:fixed-shadow:real-v1", "version": "v1"}, "placebo_seed": 107}, "economic_state": "NO_EDGE", "experiment_id": "crypto:EXP-645789279a2ea8a96756748ea5e18d06", "hypothesis_id": "crypto:QUAL-SHADOW-REAL-003", "operational_state": "SUCCEEDED", "ops_facts": {"attempt_ids": ["crypto:ATTEMPT-58241d59668a4838bfe493cea4fc6b9b"], "attempts": 1, "economic_lock_id": "economic-9a27ed46a24d4b15168df07f939135cee648d929bfee7ae744a249e9c6494515", "exit_code": 0, "finished_at": "2026-09-28T13:14:39.229Z", "heartbeat_at": "2026-09-28T13:14:39.028Z", "identity": {"package": "predictor-ops", "record_sha256": "1c7946e1d994f63bc3e732fe4666edfb42967f3a7b7b11664af63ca572f0018f", "version": "4.2.2rc1"}, "job_id": "crypto-research-645789279a2ea8a96756748e", "operational_state": "SUCCEEDED", "ops_record_hash": "a6b0451e1519a6165bac994ce55d7fea85214c50cf45cba95d13ed3369c53195", "ops_run_id": "5725d5c0c4d842f594eb4c2c1bdd49b7", "ops_run_ids": ["5725d5c0c4d842f594eb4c2c1bdd49b7"], "retry_count": 0, "started_at": "2026-09-28T13:14:39.022Z"}, "produced_at": "2026-09-28T13:14:39.235559Z", "provenance": {"admission_policy_hash": "78e8b2d76c589c02254b299bcc633eaddfe82d6a93e7849a9b91d11f31563729", "admission_policy_id": "crypto-integration-qualification", "admission_policy_version": 1, "handler_identity": "crypto.handlers.backtest_existing_hypothesis.v1", "journal_identity": "86a7fee74cc32739fb09ad9e70eb0836ac14d78c76b89d998cc6f335d121fdb2", "logical_experiment_hash": "645789279a2ea8a96756748ea5e18d06f23890cfccfc239d1bf2335d9dfb4bfa", "reference_materialization_receipt_hash": "5536ad76fe491507a020a0ce81c5a3867fffea9638c2d9aa6deb8ae16074ca13", "request_content_hash": "2adbe0ec65ffcf947ec57ee38c71047536a6f04e103382c11ad849ba74039d65", "resolved_references_hash": "257b00d8d257e56401219b8ae046e9e5a1d90efaba5ab7cc654a493d0f59ee64"}, "request_id": "crypto:REQ-IC-E2E-007", "research_id": "crypto:RESEARCH-INTEGRATION-QUALIFICATION", "result_id": "crypto:RESULT-645789279a2ea8a96756748ea5e18d06", "result_state": "INCONCLUSIVE", "schema_version": "crypto-research-result/1", "scientific_state": "INCONCLUSIVE"}, "result_sha256": "062f40f2dfd88bdbe29df7524b3aa4961ae0ce98c8a246902ad16f1722e7778d", "source": "authoritative_result_store", "status": "RESULT"}
--- stderr
--- end
{"n": 25, "label": "show crypto:REQ-IC-E2E-002", "at": "2026-09-28T13:14:39Z", "seconds": 0.148, "argv": ["/home/runner/work/_temp/work/rt/consumer-venv/bin/cripto-research", "--state", "/home/runner/work/_temp/work/e2e/domain-state", "show", "crypto:REQ-IC-E2E-002"], "fault_env": {}, "exit": 0}
--- stdout
{"request_id": "crypto:REQ-IC-E2E-002", "result": {"admission_id": "crypto:ADM-fa7fb4ebb9ff3525cf75d7fe91da7a13", "capital_permission": false, "core_facts": {"dataset_fingerprint": "1e6356ed1c918f083af953f558a5d23fc6d777ec95bb6cdbde16ee34d257dddb", "identity": {"package": "predictor-core", "record_sha256": "eb8c5553379422a4317e5d6749a98912e95e873d52c80d7fa1fd87e6d96977c2", "version": "3.2.1"}, "scientific_state_source": "core_trial_registry", "statistics": {"gross_ci_high": 0.01724139371241597, "gross_ci_low": -0.014975141675945583, "mean_gross_return": 0.0005936615531716641, "mean_net_return": -0.002306859023751414, "net_ci_high": 0.014394415058569816, "net_ci_low": -0.017987947637484045}, "temporal_validation": {"data_cutoff": "2026-08-31T00:00:00Z", "inequality": "available_at <= data_cutoff and observed_at monotonic and observed_at <= available_at", "max_available_at": "2026-08-31T00:00:00Z", "method": "predictor_core.measurement.replay", "rows": 52, "status": "PASS"}, "trial_ids": ["crypto:TRIAL-5bcaf205a05986e27358fb68064445d8"], "trial_registry": "predictor_core.contracts.trial_v2.TrialRegistryV2", "trial_row_hash": "d39d4de01622b3ed3e9f45ed31f6f0fd754df3ac748da79521d4e4b635457c0b"}, "domain_facts": {"baseline_comparison": {"baseline_id": "crypto:BASELINE-FLAT", "gross_delta_bps": 6, "net_delta_bps": -23, "outcome": "LOSES"}, "baseline_identity": {"content_hash": "4cfdb5417495d2ab5067d67ad9d199d59d330fa4600a8d451b32a7b62e6be136", "name": "flat", "revision_id": "baseline:flat:real-v1", "version": "v1"}, "cost_model_identity": {"content_hash": "6168c2abe0d77bcceffc084905a6a2ba54a8cbdf5a1a55f48fbc1e30f3e44e65", "name": "v3-frozen", "revision_id": "cost_model:v3-frozen:real-v1", "version": "v1"}, "costs": {"cost_aware_decision": "NO_TRADE", "mean_funding_pnl_bps": 1, "mean_total_cost_bps": 29, "model": "GarimpoInvestimentos.v3.costs.CostModel", "round_trip_friction_bps": 30, "slippage_bps_per_leg": 5, "taker_fee_bps_per_leg": 10}, "data_cutoff": "2026-08-31T00:00:00Z", "data_quality": {"ok": true}, "dataset_identity": {"content_hash": "0d04cf7c11e8b27fd294a3c354dee3750c9de9d2b312f0044436e7a1751b9a33", "name": "real-in-sample", "revision_id": "dataset:real-in-sample:v1", "version": "v1"}, "effect_sha256": "309e46a10a0b007189f4af354235c30a69eb1d84d7a2308394a78f40e8ec68e8", "evidence_identity": {"content_hash": "6f36df6bf689e20cc90c92fcd74baca040d4d6fa1a25368c71f35baf0fcf4bc9", "name": "none", "revision_id": "evidence:none:real-v1", "version": "v1"}, "handler": "crypto.handlers.backtest_existing_hypothesis.v1", "identity": {"package": "cripto-predictor", "record_sha256": "0cde203bc21746dc97498403c0d24fe62e4982340a720e8c7af049514462a262", "version": "1.2.0rc3"}, "metrics": {"ci": {"confidence": 0.95, "n_boot": 500, "scheme": "iid", "seed": 17}, "gross_ci_high_bps": 172, "gross_ci_low_bps": -150, "gross_return_bps": 6, "long_observations": 25, "max_drawdown_bps": -4988, "net_ci_high_bps": 144, "net_ci_low_bps": -180, "net_return_bps": -23, "sample_size": 52, "short_observations": 27, "turnover_round_trips": 52}, "model_identity": {"content_hash": "07225498b8d4834d762a198bc63ee650512fdf02e536d1b0a623bbe9a6fb3582", "name": "fixed-shadow", "revision_id": "protocol:fixed-shadow:real-v1", "version": "v1"}, "placebo_seed": 102}, "economic_state": "NO_EDGE", "experiment_id": "crypto:EXP-5bcaf205a05986e27358fb68064445d8", "hypothesis_id": "crypto:QUAL-SHADOW-REAL-002", "operational_state": "SUCCEEDED", "ops_facts": {"attempt_ids": ["crypto:ATTEMPT-d6f5426eb9fc4d9f986659ee0d7c7de7"], "attempts": 1, "economic_lock_id": "economic-4b9da2052ba4badf00e0babd39fdf80ef9511e4fb27691236e065ff9eba7bbe3", "exit_code": 0, "finished_at": "2026-09-28T13:14:36.837Z", "heartbeat_at": "2026-09-28T13:14:36.636Z", "identity": {"package": "predictor-ops", "record_sha256": "1c7946e1d994f63bc3e732fe4666edfb42967f3a7b7b11664af63ca572f0018f", "version": "4.2.2rc1"}, "job_id": "crypto-research-5bcaf205a05986e27358fb68", "operational_state": "SUCCEEDED", "ops_record_hash": "38884fe8a00307108d843f01a3deb025717696bf7139b6b721eb1ffd90f42ee6", "ops_run_id": "2cf174adde2a483e80dacf7c88786fae", "ops_run_ids": ["2cf174adde2a483e80dacf7c88786fae"], "retry_count": 0, "started_at": "2026-09-28T13:14:36.630Z"}, "produced_at": "2026-09-28T13:14:36.842153Z", "provenance": {"admission_policy_hash": "78e8b2d76c589c02254b299bcc633eaddfe82d6a93e7849a9b91d11f31563729", "admission_policy_id": "crypto-integration-qualification", "admission_policy_version": 1, "handler_identity": "crypto.handlers.backtest_existing_hypothesis.v1", "journal_identity": "05b2f7f5f8de1769ee71547c39829bd24d76c0e5e974da8682109d015f54a439", "logical_experiment_hash": "5bcaf205a05986e27358fb68064445d85b47a0f98a066f7e99e2edc97fe60584", "reference_materialization_receipt_hash": "22662733cef762aa90fbc75cd72df6de9355f2cc4dd42721106c83770d0a6ba8", "request_content_hash": "2f1a51cc878bbc2b90b9a06125dc4eb586e279b9f4b95229dff11a5f8596ce6c", "resolved_references_hash": "257b00d8d257e56401219b8ae046e9e5a1d90efaba5ab7cc654a493d0f59ee64"}, "request_id": "crypto:REQ-IC-E2E-002", "research_id": "crypto:RESEARCH-INTEGRATION-QUALIFICATION", "result_id": "crypto:RESULT-5bcaf205a05986e27358fb68064445d8", "result_state": "INCONCLUSIVE", "schema_version": "crypto-research-result/1", "scientific_state": "INCONCLUSIVE"}, "result_sha256": "b3031ed40b1c709d8b818c1bbabeccbd38552dda18cba14e459d128620345cd7", "source": "authoritative_result_store", "status": "RESULT"}
--- stderr
--- end
{"n": 26, "label": "show canary", "at": "2026-09-28T13:14:40Z", "seconds": 0.149, "argv": ["/home/runner/work/_temp/work/rt/consumer-venv/bin/cripto-research", "--state", "/home/runner/work/_temp/work/e2e/domain-state", "show", "crypto:REQ-IC-E2E-003"], "fault_env": {}, "exit": 3}
--- stdout
{"request_id": "crypto:REQ-IC-E2E-003", "status": "NOT_FOUND"}
--- stderr
--- end
{"n": 27, "label": "episodes final", "at": "2026-09-28T13:14:40Z", "seconds": 0.122, "argv": ["/home/runner/work/_temp/work/rt/cain-venv/bin/cain", "research", "episodes", "--domain", "crypto", "--state", "/home/runner/work/_temp/work/e2e/cain-state"], "fault_env": {}, "exit": 0}
--- stdout
{"domain": "crypto", "episodes": [{"as_of": "2026-09-28T13:14:35Z", "decision": "ALLOW", "number": 1, "outbox": {"dispatches": 1, "retries_requested": 0, "status": "PUBLISHED", "task_id": "crypto:TASK-02bf95b3940c9a226f8a9ae2a37a11a3"}, "proposal_id": "cain:E2E-01", "reason_code": "ALLOWED", "receipt_sha256": "bc7dcb3f71fac27e30a7263ce4650efbc6d4ab40dd7318bbd2f7b99c726f524b", "source": "operator", "task_id": "crypto:TASK-02bf95b3940c9a226f8a9ae2a37a11a3"}, {"as_of": "2026-09-28T13:14:36Z", "decision": "ALLOW", "number": 2, "outbox": {"dispatches": 1, "retries_requested": 0, "status": "PUBLISHED", "task_id": "crypto:TASK-9cb8ddb312aff3b4be933e167ae7e943"}, "proposal_id": "cain:E2E-02", "reason_code": "ALLOWED", "receipt_sha256": "49260ee24219a4a60ab61222193273dda6b14162094f02321876e2cec3664cc3", "source": "operator", "task_id": "crypto:TASK-9cb8ddb312aff3b4be933e167ae7e943"}, {"as_of": "2026-09-28T13:14:37Z", "decision": "ALLOW", "number": 3, "outbox": {"dispatches": 1, "retries_requested": 0, "status": "PUBLISHED", "task_id": "crypto:TASK-6f9d23e232884c4e3d510523e881874a"}, "proposal_id": "cain:E2E-03", "reason_code": "ALLOWED", "receipt_sha256": "1a6d61ebfb7b1286832a942511746f52c2532f37e155f66695639355cda9e620", "source": "operator", "task_id": "crypto:TASK-6f9d23e232884c4e3d510523e881874a"}, {"as_of": "2026-09-28T13:14:38Z", "decision": "DUPLICATE", "number": 4, "outbox": null, "proposal_id": "cain:E2E-04", "reason_code": "DUPLICATE_REQUEST", "receipt_sha256": "34f8bb826a52b9d987473d72a04b292e1ecb9ae4ec549b93965d296041eb1443", "source": "operator", "task_id": null}, {"as_of": "2026-09-28T13:14:38Z", "decision": "BLOCK", "number": 5, "outbox": null, "proposal_id": "cain:E2E-05", "reason_code": "HYPOTHESIS_CLOSED", "receipt_sha256": "73be1e21d7a6d3ee5c8ca61dd3a97514db52e9264fa7dbbb982c65e7677ab087", "source": "operator", "task_id": null}, {"as_of": "2026-09-28T13:14:38Z", "decision": "BLOCK", "number": 6, "outbox": null, "proposal_id": "cain:E2E-06", "reason_code": "DOMAIN_MISMATCH", "receipt_sha256": "39155e975b6308b5cdf0293b1058ee353da6b4335b3ca9cee004dfe015349558", "source": "operator", "task_id": null}, {"as_of": "2026-09-28T13:14:38Z", "decision": "ALLOW", "number": 7, "outbox": {"dispatches": 1, "retries_requested": 0, "status": "PUBLISHED", "task_id": "crypto:TASK-4fd811d6e4fd160bfab2e5c2995cc0ce"}, "proposal_id": "cain:E2E-07", "reason_code": "ALLOWED", "receipt_sha256": "d66738a6dc7ca9baa3a6a25b718d66671086788ea603c7b6fc369c83b236b0a0", "source": "operator", "task_id": "crypto:TASK-4fd811d6e4fd160bfab2e5c2995cc0ce"}], "inbox": [{"class": "TERMINAL_RESULT", "fact_id": "fact:5fe5e5f94b4942feb8933429ddfa9d7c", "payload_sha256": "ee77ffefdc6122a0b8ed3dff4eb810d15ef3dcb8fe95218eca22562775c82895", "status": "RESULT", "task_id": "crypto:TASK-02bf95b3940c9a226f8a9ae2a37a11a3"}, {"class": "TERMINAL_RESULT", "fact_id": "fact:720611c9dba2494290a1b8c7b38fc4bd", "payload_sha256": "b3031ed40b1c709d8b818c1bbabeccbd38552dda18cba14e459d128620345cd7", "status": "DUPLICATE", "task_id": "crypto:TASK-9cb8ddb312aff3b4be933e167ae7e943"}, {"class": "TERMINAL_REFUSAL", "fact_id": "fact:d08a88339db747d8bedfc69c2add637f", "payload_sha256": null, "status": "TEMPORAL_INTEGRITY_VIOLATION", "task_id": "crypto:TASK-6f9d23e232884c4e3d510523e881874a"}, {"class": "TERMINAL_RESULT", "fact_id": "fact:9f02334d40f04d88819be67cdc857525", "payload_sha256": "062f40f2dfd88bdbe29df7524b3aa4961ae0ce98c8a246902ad16f1722e7778d", "status": "RESULT", "task_id": "crypto:TASK-4fd811d6e4fd160bfab2e5c2995cc0ce"}], "memory": {"broken_at": null, "entries": 4, "head": "d21ebdc38177680c81921d94ca7a77a857ff1ee9533bfc573acfd795c553c0df", "head_recorded_at": "2026-09-28T13:14:39.383180Z", "projection": "consistent", "status": "intact"}, "rejections": [{"code": "DOMAIN_MISMATCH", "file": "interleaved-fixtures-v2-brasileirao-result-h9.json"}, {"code": "TASK_NOT_FOUND", "file": "interleaved-fixtures-v2-crypto-result-h9.json"}, {"code": "DOMAIN_MISMATCH", "file": "interleaved-fixtures-v2-stocks-result-h9.json"}]}
--- stderr
--- end
