run_at 2026-09-28T03:08:42Z host DESKTOP-EJPA2MT (PC 2, WSL = owner_linux; fase de DIAGNÓSTICO) uv uv 0.12.18 (x86_64-unknown-linux-gnu)
python Python 3.13.15
/home/superleo13/predictors/runtime/integration-brasileirao/cleanroom-baseline/brasileirao_predictor-0.3.0rc3-py3-none-any.whl: OK
/home/superleo13/predictors/runtime/integration-brasileirao/cleanroom-baseline/predictor_research_protocol-2.0.0rc2-py3-none-any.whl: OK
/home/superleo13/predictors/runtime/integration-brasileirao/cleanroom-baseline/predictor_research_transport-0.1.0rc4-py3-none-any.whl: OK
Using Python 3.13.15 environment at: runtime/integration-brasileirao/cleanroom-baseline/venv
Checked 60 packages in 0.62ms
All installed packages are compatible
Using Python 3.13.15 environment at: runtime/integration-brasileirao/cleanroom-baseline/venv
brasileirao 0.3.0rc3 /home/superleo13/predictors/runtime/integration-brasileirao/cleanroom-baseline/venv/lib/python3.13/site-packages/brasileirao_predictor/__init__.py
protocol 2.0.0rc2 ac421748187f149bfbc63a69388705c4c5596e80b5c399d577be562b55ad20e7
transport 0.1.0rc4 ['crypto', 'stocks']
--- suíte de conformidade da Etapa A contra o pacote instalado
============================= test session starts ==============================
platform linux -- Python 3.13.15, pytest-9.1.1, pluggy-1.6.0
rootdir: /home/superleo13/predictors/runtime/integration-brasileirao/cleanroom-baseline/tree
configfile: pytest.ini
collected 89 items

tests/conformance/test_contract_conformance.py ......................... [ 28%]
.....                                                                    [ 33%]
tests/conformance/test_failure_recovery.py .........................     [ 61%]
tests/conformance/test_import_closure.py ......                          [ 68%]
tests/conformance/test_temporal_suite.py ............................    [100%]

- generated xml file: /home/superleo13/predictors/work/integration-brasileirao-evidence/qualification/integration-brasileirao/RAW_LOGS/cleanroom-baseline/conformance.junit.xml -
======================== 89 passed in 163.69s (0:02:43) ========================
[conformance exit 0]
--- consumidor do transporte para o domínio brasileirao (allowlist fixa)
{"error": "ADAPTER_UNAVAILABLE", "detail": "no adapter registered for domain 'brasileirao'"}
[consumer exit 1]
/home/superleo13/predictors/runtime/integration-brasileirao/cleanroom-baseline/cain_research-0.4.13rc7-py3-none-any.whl: OK
Using Python 3.13.15 environment at: /home/superleo13/predictors/runtime/integration-brasileirao/cleanroom-baseline/cain-venv
Checked 5 packages in 0.27ms
All installed packages are compatible
Using Python 3.13.15 environment at: /home/superleo13/predictors/runtime/integration-brasileirao/cleanroom-baseline/cain-venv
CAIN venv sem brasileirao_predictor (ok)
CAIN venv sem stocks_predictor (ok)
CAIN venv sem GarimpoInvestimentos (ok)
{"detail": "no orchestration configuration for domain 'brasileirao'", "error": "CONFIG_INVALID"}
[cain propose brasileirao exit 1] state_created=no
configs ['crypto.json', 'stocks.json']
done 2026-09-28T03:11:42Z
