{"n": 1, "label": "propose 01-supported", "at": "2026-10-07T23:05:42Z", "seconds": 0.14, "argv": ["/home/runner/work/_temp/work/rt/cain-venv/bin/cain", "research", "propose", "--domain", "stocks", "--state", "/home/runner/work/_temp/work/isolation/contradiction/cain-state", "--proposal", "/home/runner/work/predictor-qualification/predictor-qualification/qualification/integration-stocks/fixtures/proposals/contradiction/01-supported.json", "--as-of", "2026-09-27T00:00:00Z"], "fault_env": {}, "exit": 0}
--- stdout
{"decision": "ALLOW", "episode_id": "stocks:episode-1", "reason_code": "ALLOWED", "receipt_sha256": "2d222f83ffc8cc5194ac79ffff11eb141e1c638a1e4333c4163fb8562b429e13", "rule": "R14", "status": "RECORDED", "task": {"payload_sha256": "402db2ef030e0edaf4433d319f97c60ef85bfe47d729e4440688278979ca53c9", "previous_task_id": null, "task_id": "stocks:TASK-430e98ec9aa29b58665f25f693fbde21"}}
--- stderr
--- end
{"n": 2, "label": "dispatch 01-supported", "at": "2026-10-07T23:05:42Z", "seconds": 0.122, "argv": ["/home/runner/work/_temp/work/rt/cain-venv/bin/cain", "research", "dispatch", "--domain", "stocks", "--state", "/home/runner/work/_temp/work/isolation/contradiction/cain-state", "--spool", "/home/runner/work/_temp/work/isolation/contradiction/spool"], "fault_env": {}, "exit": 0}
--- stdout
{"action": "dispatched", "file": "stocks/tasks/TASK-430e98ec9aa29b58665f25f693fbde21.json", "spool": "WRITTEN", "task_id": "stocks:TASK-430e98ec9aa29b58665f25f693fbde21"}
--- stderr
--- end
{"n": 3, "label": "ingest 01-supported", "at": "2026-10-07T23:05:42Z", "seconds": 0.126, "argv": ["/home/runner/work/_temp/work/rt/cain-venv/bin/cain", "research", "ingest", "--domain", "stocks", "--state", "/home/runner/work/_temp/work/isolation/contradiction/cain-state", "--spool", "/home/runner/work/_temp/work/isolation/contradiction/spool"], "fault_env": {}, "exit": 0}
--- stdout
{"action": "ingested", "class": "TERMINAL_RESULT", "fact": "fact:2ff4d28e7049432e80733c1fc14e1fec", "file": "contradiction-supported-result.json", "status": "RESULT", "task_id": "stocks:TASK-430e98ec9aa29b58665f25f693fbde21"}
--- stderr
--- end
{"n": 4, "label": "propose 02-refuted", "at": "2026-10-07T23:05:42Z", "seconds": 0.127, "argv": ["/home/runner/work/_temp/work/rt/cain-venv/bin/cain", "research", "propose", "--domain", "stocks", "--state", "/home/runner/work/_temp/work/isolation/contradiction/cain-state", "--proposal", "/home/runner/work/predictor-qualification/predictor-qualification/qualification/integration-stocks/fixtures/proposals/contradiction/02-refuted.json", "--as-of", "2026-09-27T00:00:00Z"], "fault_env": {}, "exit": 0}
--- stdout
{"decision": "ALLOW", "episode_id": "stocks:episode-2", "reason_code": "ALLOWED", "receipt_sha256": "1daae6a151699cf03b074a0ab0bf99622d34ca2c2f2e883dde0dc29ad8757343", "rule": "R14", "status": "RECORDED", "task": {"payload_sha256": "42a180e726b8c83b780375c56578e53026677e80b20a7546e4b991b4695d6612", "previous_task_id": "stocks:TASK-430e98ec9aa29b58665f25f693fbde21", "task_id": "stocks:TASK-a73d0a06e7a425504f25288eacc27926"}}
--- stderr
--- end
{"n": 5, "label": "dispatch 02-refuted", "at": "2026-10-07T23:05:43Z", "seconds": 0.125, "argv": ["/home/runner/work/_temp/work/rt/cain-venv/bin/cain", "research", "dispatch", "--domain", "stocks", "--state", "/home/runner/work/_temp/work/isolation/contradiction/cain-state", "--spool", "/home/runner/work/_temp/work/isolation/contradiction/spool"], "fault_env": {}, "exit": 0}
--- stdout
{"action": "dispatched", "file": "stocks/tasks/TASK-a73d0a06e7a425504f25288eacc27926.json", "spool": "WRITTEN", "task_id": "stocks:TASK-a73d0a06e7a425504f25288eacc27926"}
--- stderr
--- end
{"n": 6, "label": "ingest 02-refuted", "at": "2026-10-07T23:05:43Z", "seconds": 0.129, "argv": ["/home/runner/work/_temp/work/rt/cain-venv/bin/cain", "research", "ingest", "--domain", "stocks", "--state", "/home/runner/work/_temp/work/isolation/contradiction/cain-state", "--spool", "/home/runner/work/_temp/work/isolation/contradiction/spool"], "fault_env": {}, "exit": 0}
--- stdout
{"action": "ingested", "class": "TERMINAL_RESULT", "fact": "fact:96065ac6b94b40f8833948e98230d4c2", "file": "contradiction-refuted-result.json", "status": "RESULT", "task_id": "stocks:TASK-a73d0a06e7a425504f25288eacc27926"}
{"action": "duplicate", "file": "contradiction-supported-result.json"}
--- stderr
--- end
{"n": 7, "label": "propose 03-refuted-again", "at": "2026-10-07T23:05:43Z", "seconds": 0.127, "argv": ["/home/runner/work/_temp/work/rt/cain-venv/bin/cain", "research", "propose", "--domain", "stocks", "--state", "/home/runner/work/_temp/work/isolation/contradiction/cain-state", "--proposal", "/home/runner/work/predictor-qualification/predictor-qualification/qualification/integration-stocks/fixtures/proposals/contradiction/03-refuted-again.json", "--as-of", "2026-09-27T00:00:00Z"], "fault_env": {}, "exit": 0}
--- stdout
{"decision": "REQUIRE_HUMAN", "episode_id": "stocks:episode-3", "reason_code": "CONTRADICTION_UNRESOLVED", "receipt_sha256": "4938bf0163f54ec491001a97b78aa24e0f428db59fcdbabe158733ae24a181c0", "rule": "R10", "status": "RECORDED", "task": null}
--- stderr
--- end
{"n": 8, "label": "ingest 03-refuted-again", "at": "2026-10-07T23:05:43Z", "seconds": 0.124, "argv": ["/home/runner/work/_temp/work/rt/cain-venv/bin/cain", "research", "ingest", "--domain", "stocks", "--state", "/home/runner/work/_temp/work/isolation/contradiction/cain-state", "--spool", "/home/runner/work/_temp/work/isolation/contradiction/spool"], "fault_env": {}, "exit": 2}
--- stdout
{"action": "rejected", "code": "TASK_NOT_FOUND", "file": "contradiction-refuted-again-result.json", "reason": "stocks:TASK-cc62d429f3e6feabf07ff822455a6372 was not emitted by this CAIN"}
{"action": "duplicate", "file": "contradiction-refuted-result.json"}
{"action": "duplicate", "file": "contradiction-supported-result.json"}
--- stderr
--- end
{"n": 9, "label": "propose 04-after", "at": "2026-10-07T23:05:43Z", "seconds": 0.126, "argv": ["/home/runner/work/_temp/work/rt/cain-venv/bin/cain", "research", "propose", "--domain", "stocks", "--state", "/home/runner/work/_temp/work/isolation/contradiction/cain-state", "--proposal", "/home/runner/work/predictor-qualification/predictor-qualification/qualification/integration-stocks/fixtures/proposals/contradiction/04-after.json", "--as-of", "2026-09-27T00:00:00Z"], "fault_env": {}, "exit": 0}
--- stdout
{"decision": "REQUIRE_HUMAN", "episode_id": "stocks:episode-4", "reason_code": "CONTRADICTION_UNRESOLVED", "receipt_sha256": "020a9d9a7d2d2f9578facbe48944e0f1a339ee876afbe8f7f7d20234ef1716a0", "rule": "R10", "status": "RECORDED", "task": null}
--- stderr
--- end
{"n": 10, "label": "episodes contradiction", "at": "2026-10-07T23:05:43Z", "seconds": 0.121, "argv": ["/home/runner/work/_temp/work/rt/cain-venv/bin/cain", "research", "episodes", "--domain", "stocks", "--state", "/home/runner/work/_temp/work/isolation/contradiction/cain-state"], "fault_env": {}, "exit": 0}
--- stdout
{"domain": "stocks", "episodes": [{"as_of": "2026-09-27T00:00:00Z", "decision": "ALLOW", "number": 1, "outbox": {"dispatches": 1, "retries_requested": 0, "status": "PUBLISHED", "task_id": "stocks:TASK-430e98ec9aa29b58665f25f693fbde21"}, "proposal_id": "cain:IS-CONTRA-1", "reason_code": "ALLOWED", "receipt_sha256": "2d222f83ffc8cc5194ac79ffff11eb141e1c638a1e4333c4163fb8562b429e13", "source": "operator", "task_id": "stocks:TASK-430e98ec9aa29b58665f25f693fbde21"}, {"as_of": "2026-09-27T00:00:00Z", "decision": "ALLOW", "number": 2, "outbox": {"dispatches": 1, "retries_requested": 0, "status": "PUBLISHED", "task_id": "stocks:TASK-a73d0a06e7a425504f25288eacc27926"}, "proposal_id": "cain:IS-CONTRA-2", "reason_code": "ALLOWED", "receipt_sha256": "1daae6a151699cf03b074a0ab0bf99622d34ca2c2f2e883dde0dc29ad8757343", "source": "operator", "task_id": "stocks:TASK-a73d0a06e7a425504f25288eacc27926"}, {"as_of": "2026-09-27T00:00:00Z", "decision": "REQUIRE_HUMAN", "number": 3, "outbox": null, "proposal_id": "cain:IS-CONTRA-3", "reason_code": "CONTRADICTION_UNRESOLVED", "receipt_sha256": "4938bf0163f54ec491001a97b78aa24e0f428db59fcdbabe158733ae24a181c0", "source": "operator", "task_id": null}, {"as_of": "2026-09-27T00:00:00Z", "decision": "REQUIRE_HUMAN", "number": 4, "outbox": null, "proposal_id": "cain:IS-CONTRA-4", "reason_code": "CONTRADICTION_UNRESOLVED", "receipt_sha256": "020a9d9a7d2d2f9578facbe48944e0f1a339ee876afbe8f7f7d20234ef1716a0", "source": "operator", "task_id": null}], "inbox": [{"class": "TERMINAL_RESULT", "fact_id": "fact:2ff4d28e7049432e80733c1fc14e1fec", "payload_sha256": "d702651c7ac9abf50d2c8ee5326714efc34388581a704034c5cb615a92520a25", "status": "RESULT", "task_id": "stocks:TASK-430e98ec9aa29b58665f25f693fbde21"}, {"class": "TERMINAL_RESULT", "fact_id": "fact:96065ac6b94b40f8833948e98230d4c2", "payload_sha256": "5f3079a0feb2332201aa65d139b60c75dd4ede1146ec49ec90f1285bd68113a4", "status": "RESULT", "task_id": "stocks:TASK-a73d0a06e7a425504f25288eacc27926"}], "memory": {"broken_at": null, "cube": "stocks", "facts": 2, "log": "shared across domains", "projection": "consistent", "status": "intact"}, "rejections": [{"code": "TASK_NOT_FOUND", "file": "contradiction-refuted-again-result.json"}]}
--- stderr
--- end
