{"effective_proposal": "/home/runner/work/_temp/work/failures/F10/proposals/1.json", "template": "fixtures/proposals/e2e/01-allow.json", "sha256": "a655df56116be1baddb578a36de6f53fbad9a6120342abbc3e3ffd6da1ccd309"}
{"n": 1, "label": "propose 1", "at": "2026-09-28T15:18:22Z", "seconds": 0.151, "argv": ["/home/runner/work/_temp/work/rt/cain-venv/bin/cain", "research", "propose", "--domain", "stocks", "--state", "/home/runner/work/_temp/work/failures/F10/cain-state", "--proposal", "/home/runner/work/_temp/work/failures/F10/proposals/1.json", "--as-of", "2026-09-28T15:18:22Z"], "fault_env": {}, "exit": 0}
--- stdout
{"decision": "ALLOW", "episode_id": "stocks:episode-1", "reason_code": "ALLOWED", "receipt_sha256": "a2a8395875586cf62377ec789fbb4e58579d550deabb5e41f648e62911c89b1d", "rule": "R14", "status": "RECORDED", "task": {"payload_sha256": "38a538d1cc9ef4e87a4c1905aaa42d0fdb6da6f916a48a3306c5914eeff5e00c", "previous_task_id": null, "task_id": "stocks:TASK-81b8103b9cd7f1dfb62b8d024b45c1a1"}}
--- stderr
--- end
{"n": 2, "label": "dispatch 1", "at": "2026-09-28T15:18:22Z", "seconds": 0.127, "argv": ["/home/runner/work/_temp/work/rt/cain-venv/bin/cain", "research", "dispatch", "--domain", "stocks", "--state", "/home/runner/work/_temp/work/failures/F10/cain-state", "--spool", "/home/runner/work/_temp/work/failures/F10/spool"], "fault_env": {}, "exit": 0}
--- stdout
{"action": "dispatched", "file": "stocks/tasks/TASK-81b8103b9cd7f1dfb62b8d024b45c1a1.json", "spool": "WRITTEN", "task_id": "stocks:TASK-81b8103b9cd7f1dfb62b8d024b45c1a1"}
--- stderr
--- end
{"n": 3, "label": "consumer 1", "at": "2026-09-28T15:18:31Z", "seconds": 8.823, "argv": ["/home/runner/work/_temp/work/rt/consumer-venv/bin/predictor-research-consumer", "--domain", "stocks", "--spool", "/home/runner/work/_temp/work/failures/F10/spool", "--ledger", "/home/runner/work/_temp/work/failures/F10/consumer/ledger.sqlite", "--state", "/home/runner/work/_temp/work/failures/F10/domain-state", "--policy", "/home/runner/work/_temp/work/rt/op/policy.json", "--objects", "/home/runner/work/_temp/work/rt/op/objects"], "fault_env": {}, "exit": 0}
--- stdout
{"action": "delivered", "attempt": 1, "class": "TERMINAL_RESULT", "episode_id": "stocks:episode-1", "result_file": "stocks/results/TASK-81b8103b9cd7f1dfb62b8d024b45c1a1.0a29981b746c97a3.json", "result_write": "WRITTEN", "status": "RESULT", "task_id": "stocks:TASK-81b8103b9cd7f1dfb62b8d024b45c1a1"}
--- stderr
{"duration_ms": 8531, "event": "job_finished", "job_id": "stocks-research-ed32b11d2d4fd0a11748f4f1", "level": "INFO", "run_id": "80830871a3f949a69a5a66407fc661bd", "run_status": "SUCCEEDED", "service": "predictor_ops", "timestamp": "2026-09-28T15:18:31.750478Z"}
--- end
{"n": 4, "label": "ingest 1", "at": "2026-09-28T15:18:31Z", "seconds": 0.141, "argv": ["/home/runner/work/_temp/work/rt/cain-venv/bin/cain", "research", "ingest", "--domain", "stocks", "--state", "/home/runner/work/_temp/work/failures/F10/cain-state", "--spool", "/home/runner/work/_temp/work/failures/F10/spool"], "fault_env": {}, "exit": 0}
--- stdout
{"action": "ingested", "class": "TERMINAL_RESULT", "fact": "fact:dc630672bb4e41bfbc0f550033cc21f1", "file": "TASK-81b8103b9cd7f1dfb62b8d024b45c1a1.0a29981b746c97a3.json", "status": "RESULT", "task_id": "stocks:TASK-81b8103b9cd7f1dfb62b8d024b45c1a1"}
--- stderr
--- end
{"effective_proposal": "/home/runner/work/_temp/work/failures/F10/proposals/2.json", "template": "fixtures/proposals/e2e/01-allow.json", "sha256": "064828bb7ad3ef8ef13461df59a6190e663fa0aed4bebd3a6cba046d5adc0dae"}
{"n": 5, "label": "propose 2", "at": "2026-09-28T15:18:32Z", "seconds": 0.134, "argv": ["/home/runner/work/_temp/work/rt/cain-venv/bin/cain", "research", "propose", "--domain", "stocks", "--state", "/home/runner/work/_temp/work/failures/F10/cain-state", "--proposal", "/home/runner/work/_temp/work/failures/F10/proposals/2.json", "--as-of", "2026-09-28T15:18:31Z"], "fault_env": {}, "exit": 0}
--- stdout
{"decision": "ALLOW", "episode_id": "stocks:episode-2", "reason_code": "ALLOWED", "receipt_sha256": "5eea64ac310a179e55258ee192df2a999d3d5ddee008802a99bef68041c9fea3", "rule": "R14", "status": "RECORDED", "task": {"payload_sha256": "f8fc5f8345241c2196a560b06bb67d036b533176deb7d7cfde5c5270c9c2a3ef", "previous_task_id": "stocks:TASK-81b8103b9cd7f1dfb62b8d024b45c1a1", "task_id": "stocks:TASK-9a84f9040249622e08233f629d25254a"}}
--- stderr
--- end
{"n": 6, "label": "dispatch 2", "at": "2026-09-28T15:18:32Z", "seconds": 0.134, "argv": ["/home/runner/work/_temp/work/rt/cain-venv/bin/cain", "research", "dispatch", "--domain", "stocks", "--state", "/home/runner/work/_temp/work/failures/F10/cain-state", "--spool", "/home/runner/work/_temp/work/failures/F10/spool"], "fault_env": {}, "exit": 0}
--- stdout
{"action": "dispatched", "file": "stocks/tasks/TASK-9a84f9040249622e08233f629d25254a.json", "spool": "WRITTEN", "task_id": "stocks:TASK-9a84f9040249622e08233f629d25254a"}
--- stderr
--- end
{"n": 7, "label": "consumer 2", "at": "2026-09-28T15:18:41Z", "seconds": 8.81, "argv": ["/home/runner/work/_temp/work/rt/consumer-venv/bin/predictor-research-consumer", "--domain", "stocks", "--spool", "/home/runner/work/_temp/work/failures/F10/spool", "--ledger", "/home/runner/work/_temp/work/failures/F10/consumer/ledger.sqlite", "--state", "/home/runner/work/_temp/work/failures/F10/domain-state", "--policy", "/home/runner/work/_temp/work/rt/op/policy.json", "--objects", "/home/runner/work/_temp/work/rt/op/objects"], "fault_env": {}, "exit": 0}
--- stdout
{"action": "skipped", "episode_id": "stocks:episode-1", "state": "TERMINAL_RESULT", "status": "RESULT", "task_id": "stocks:TASK-81b8103b9cd7f1dfb62b8d024b45c1a1"}
{"action": "delivered", "attempt": 1, "class": "TERMINAL_RESULT", "episode_id": "stocks:episode-2", "result_file": "stocks/results/TASK-9a84f9040249622e08233f629d25254a.a6228d41da3b337b.json", "result_write": "WRITTEN", "status": "RESULT", "task_id": "stocks:TASK-9a84f9040249622e08233f629d25254a"}
--- stderr
{"duration_ms": 8532, "event": "job_finished", "job_id": "stocks-research-ab9cf619f9e6b56f7852947f", "level": "INFO", "run_id": "842c81df96d64b53a99151f798e4cc74", "run_status": "SUCCEEDED", "service": "predictor_ops", "timestamp": "2026-09-28T15:18:40.972932Z"}
--- end
{"n": 8, "label": "ingest out of order", "at": "2026-09-28T15:18:41Z", "seconds": 0.139, "argv": ["/home/runner/work/_temp/work/rt/cain-venv/bin/cain", "research", "ingest", "--domain", "stocks", "--state", "/home/runner/work/_temp/work/failures/F10/cain-state", "--spool", "/home/runner/work/_temp/work/failures/F10/spool"], "fault_env": {}, "exit": 0}
--- stdout
{"action": "duplicate", "file": "00-late-TASK-81b8103b9cd7f1dfb62b8d024b45c1a1.0a29981b746c97a3.json"}
{"action": "duplicate", "file": "TASK-81b8103b9cd7f1dfb62b8d024b45c1a1.0a29981b746c97a3.json"}
{"action": "ingested", "class": "TERMINAL_RESULT", "fact": "fact:68de182477144f979ae113c3d6f4ac49", "file": "TASK-9a84f9040249622e08233f629d25254a.a6228d41da3b337b.json", "status": "RESULT", "task_id": "stocks:TASK-9a84f9040249622e08233f629d25254a"}
--- stderr
--- end
{"n": 9, "label": "episodes", "at": "2026-09-28T15:18:41Z", "seconds": 0.134, "argv": ["/home/runner/work/_temp/work/rt/cain-venv/bin/cain", "research", "episodes", "--domain", "stocks", "--state", "/home/runner/work/_temp/work/failures/F10/cain-state"], "fault_env": {}, "exit": 0}
--- stdout
{"domain": "stocks", "episodes": [{"as_of": "2026-09-28T15:18:22Z", "decision": "ALLOW", "number": 1, "outbox": {"dispatches": 1, "retries_requested": 0, "status": "PUBLISHED", "task_id": "stocks:TASK-81b8103b9cd7f1dfb62b8d024b45c1a1"}, "proposal_id": "cain:FM-F10-1", "reason_code": "ALLOWED", "receipt_sha256": "a2a8395875586cf62377ec789fbb4e58579d550deabb5e41f648e62911c89b1d", "source": "operator", "task_id": "stocks:TASK-81b8103b9cd7f1dfb62b8d024b45c1a1"}, {"as_of": "2026-09-28T15:18:31Z", "decision": "ALLOW", "number": 2, "outbox": {"dispatches": 1, "retries_requested": 0, "status": "PUBLISHED", "task_id": "stocks:TASK-9a84f9040249622e08233f629d25254a"}, "proposal_id": "cain:FM-F10-2", "reason_code": "ALLOWED", "receipt_sha256": "5eea64ac310a179e55258ee192df2a999d3d5ddee008802a99bef68041c9fea3", "source": "operator", "task_id": "stocks:TASK-9a84f9040249622e08233f629d25254a"}], "inbox": [{"class": "TERMINAL_RESULT", "fact_id": "fact:dc630672bb4e41bfbc0f550033cc21f1", "payload_sha256": "2836db371f09b441bedce8b8510753ed7ecf86dfaa612edb9db0ae67c953d09f", "status": "RESULT", "task_id": "stocks:TASK-81b8103b9cd7f1dfb62b8d024b45c1a1"}, {"class": "TERMINAL_RESULT", "fact_id": "fact:68de182477144f979ae113c3d6f4ac49", "payload_sha256": "cdaf216210ec2665557efc83ad31cdf5f67fb365b9d9e1e920fb0aaadc9e6408", "status": "RESULT", "task_id": "stocks:TASK-9a84f9040249622e08233f629d25254a"}], "memory": {"broken_at": null, "entries": 2, "head": "372f1a347fdf79fd0fc126464c8afa51e292c0687725cc3a749bcb812f38da34", "head_recorded_at": "2026-09-28T15:18:41.148251Z", "projection": "consistent", "status": "intact"}, "rejections": []}
--- stderr
--- end
{"n": 10, "label": "two tasks, two results", "at": "2026-09-28T15:18:41Z", "seconds": 0.132, "argv": ["/home/runner/work/_temp/work/rt/cain-venv/bin/cain", "research", "episodes", "--domain", "stocks", "--state", "/home/runner/work/_temp/work/failures/F10/cain-state"], "fault_env": {}, "exit": 0}
--- stdout
{"domain": "stocks", "episodes": [{"as_of": "2026-09-28T15:18:22Z", "decision": "ALLOW", "number": 1, "outbox": {"dispatches": 1, "retries_requested": 0, "status": "PUBLISHED", "task_id": "stocks:TASK-81b8103b9cd7f1dfb62b8d024b45c1a1"}, "proposal_id": "cain:FM-F10-1", "reason_code": "ALLOWED", "receipt_sha256": "a2a8395875586cf62377ec789fbb4e58579d550deabb5e41f648e62911c89b1d", "source": "operator", "task_id": "stocks:TASK-81b8103b9cd7f1dfb62b8d024b45c1a1"}, {"as_of": "2026-09-28T15:18:31Z", "decision": "ALLOW", "number": 2, "outbox": {"dispatches": 1, "retries_requested": 0, "status": "PUBLISHED", "task_id": "stocks:TASK-9a84f9040249622e08233f629d25254a"}, "proposal_id": "cain:FM-F10-2", "reason_code": "ALLOWED", "receipt_sha256": "5eea64ac310a179e55258ee192df2a999d3d5ddee008802a99bef68041c9fea3", "source": "operator", "task_id": "stocks:TASK-9a84f9040249622e08233f629d25254a"}], "inbox": [{"class": "TERMINAL_RESULT", "fact_id": "fact:dc630672bb4e41bfbc0f550033cc21f1", "payload_sha256": "2836db371f09b441bedce8b8510753ed7ecf86dfaa612edb9db0ae67c953d09f", "status": "RESULT", "task_id": "stocks:TASK-81b8103b9cd7f1dfb62b8d024b45c1a1"}, {"class": "TERMINAL_RESULT", "fact_id": "fact:68de182477144f979ae113c3d6f4ac49", "payload_sha256": "cdaf216210ec2665557efc83ad31cdf5f67fb365b9d9e1e920fb0aaadc9e6408", "status": "RESULT", "task_id": "stocks:TASK-9a84f9040249622e08233f629d25254a"}], "memory": {"broken_at": null, "entries": 2, "head": "372f1a347fdf79fd0fc126464c8afa51e292c0687725cc3a749bcb812f38da34", "head_recorded_at": "2026-09-28T15:18:41.148251Z", "projection": "consistent", "status": "intact"}, "rejections": []}
--- stderr
--- end
