{"effective_proposal": "/home/runner/work/_temp/work/failures/F11/proposals/1.json", "template": "fixtures/proposals/e2e/01-allow.json", "sha256": "f34b7d5700b3e1fdd3efa941e58a49987391156fc6c593d2c20d7d419e286aaa"}
{"n": 1, "label": "propose 1", "at": "2026-09-28T14:44:02Z", "seconds": 0.103, "argv": ["/home/runner/work/_temp/work/rt/cain-venv/bin/cain", "research", "propose", "--domain", "stocks", "--state", "/home/runner/work/_temp/work/failures/F11/cain-state", "--proposal", "/home/runner/work/_temp/work/failures/F11/proposals/1.json", "--as-of", "2026-09-28T14:44:02Z"], "fault_env": {}, "exit": 0}
--- stdout
{"decision": "ALLOW", "episode_id": "stocks:episode-1", "reason_code": "ALLOWED", "receipt_sha256": "3486996a9764993cc5ca4779f4c5a89699f50c8970b38fb102874f93cba087fd", "rule": "R14", "status": "RECORDED", "task": {"payload_sha256": "55871606ca324ed1d46f235883aaff69dc77868a3f109c0e4a4d18d90ffb3465", "previous_task_id": null, "task_id": "stocks:TASK-282ba0105602db38940e09fc7583f322"}}
--- stderr
--- end
{"n": 2, "label": "dispatch 1", "at": "2026-09-28T14:44:02Z", "seconds": 0.083, "argv": ["/home/runner/work/_temp/work/rt/cain-venv/bin/cain", "research", "dispatch", "--domain", "stocks", "--state", "/home/runner/work/_temp/work/failures/F11/cain-state", "--spool", "/home/runner/work/_temp/work/failures/F11/spool"], "fault_env": {}, "exit": 0}
--- stdout
{"action": "dispatched", "file": "stocks/tasks/TASK-282ba0105602db38940e09fc7583f322.json", "spool": "WRITTEN", "task_id": "stocks:TASK-282ba0105602db38940e09fc7583f322"}
--- stderr
--- end
{"n": 3, "label": "consumer 1", "at": "2026-09-28T14:44:08Z", "seconds": 6.324, "argv": ["/home/runner/work/_temp/work/rt/consumer-venv/bin/predictor-research-consumer", "--domain", "stocks", "--spool", "/home/runner/work/_temp/work/failures/F11/spool", "--ledger", "/home/runner/work/_temp/work/failures/F11/consumer/ledger.sqlite", "--state", "/home/runner/work/_temp/work/failures/F11/domain-state", "--policy", "/home/runner/work/_temp/work/rt/op/policy.json", "--objects", "/home/runner/work/_temp/work/rt/op/objects"], "fault_env": {}, "exit": 0}
--- stdout
{"action": "delivered", "attempt": 1, "class": "TERMINAL_RESULT", "episode_id": "stocks:episode-1", "result_file": "stocks/results/TASK-282ba0105602db38940e09fc7583f322.5cc312a4d5498b74.json", "result_write": "WRITTEN", "status": "RESULT", "task_id": "stocks:TASK-282ba0105602db38940e09fc7583f322"}
--- stderr
{"duration_ms": 6122, "event": "job_finished", "job_id": "stocks-research-bb6e4595926c078213a9dd35", "level": "INFO", "run_id": "c6ae2a59b2c44881be2dd0957e5bfc30", "run_status": "SUCCEEDED", "service": "predictor_ops", "timestamp": "2026-09-28T14:44:08.823888Z"}
--- end
{"n": 4, "label": "ingest 1", "at": "2026-09-28T14:44:08Z", "seconds": 0.094, "argv": ["/home/runner/work/_temp/work/rt/cain-venv/bin/cain", "research", "ingest", "--domain", "stocks", "--state", "/home/runner/work/_temp/work/failures/F11/cain-state", "--spool", "/home/runner/work/_temp/work/failures/F11/spool"], "fault_env": {}, "exit": 0}
--- stdout
{"action": "ingested", "class": "TERMINAL_RESULT", "fact": "fact:53a684ef17ba4ddeb947dbb9379d7929", "file": "TASK-282ba0105602db38940e09fc7583f322.5cc312a4d5498b74.json", "status": "RESULT", "task_id": "stocks:TASK-282ba0105602db38940e09fc7583f322"}
--- stderr
--- end
{"n": 5, "label": "tamper wrong-version", "at": "2026-09-28T14:44:08Z", "seconds": 0.039, "argv": ["/home/runner/work/_temp/work/rt/cain-venv/bin/python", "-I", "/home/runner/work/_temp/work/failures/F11/tamper.py", "wrong-version", "/home/runner/work/_temp/work/failures/F11/spool/stocks/tasks/TASK-282ba0105602db38940e09fc7583f322.json", "/home/runner/work/_temp/work/failures/F11/spool/stocks/results/TASK-282ba0105602db38940e09fc7583f322.5cc312a4d5498b74.json", "/home/runner/work/_temp/work/failures/F11/spool/stocks/results/wrong-version.json"], "fault_env": {}, "exit": 0}
--- stdout
{"mode": "wrong-version", "bytes": 96399}
--- stderr
--- end
{"n": 6, "label": "tamper task-v3", "at": "2026-09-28T14:44:09Z", "seconds": 0.038, "argv": ["/home/runner/work/_temp/work/rt/cain-venv/bin/python", "-I", "/home/runner/work/_temp/work/failures/F11/tamper.py", "task-v3", "/home/runner/work/_temp/work/failures/F11/spool/stocks/tasks/TASK-282ba0105602db38940e09fc7583f322.json", "/home/runner/work/_temp/work/failures/F11/spool/stocks/results/TASK-282ba0105602db38940e09fc7583f322.5cc312a4d5498b74.json", "/home/runner/work/_temp/work/failures/F11/spool/stocks/tasks/task-v3.json"], "fault_env": {}, "exit": 0}
--- stdout
{"mode": "task-v3", "bytes": 1537}
--- stderr
--- end
{"n": 7, "label": "ingest wrong version", "at": "2026-09-28T14:44:09Z", "seconds": 0.203, "argv": ["/home/runner/work/_temp/work/rt/cain-venv/bin/cain", "research", "ingest", "--domain", "stocks", "--state", "/home/runner/work/_temp/work/failures/F11/cain-state", "--spool", "/home/runner/work/_temp/work/failures/F11/spool"], "fault_env": {}, "exit": 2}
--- stdout
{"action": "duplicate", "file": "TASK-282ba0105602db38940e09fc7583f322.5cc312a4d5498b74.json"}
{"action": "rejected", "code": "VERSION_UNSUPPORTED", "file": "wrong-version.json", "reason": "VERSION_UNSUPPORTED: result schema 'research-result/1'"}
--- stderr
--- end
{"n": 8, "label": "consumer wrong version", "at": "2026-09-28T14:44:09Z", "seconds": 0.107, "argv": ["/home/runner/work/_temp/work/rt/consumer-venv/bin/predictor-research-consumer", "--domain", "stocks", "--spool", "/home/runner/work/_temp/work/failures/F11/spool", "--ledger", "/home/runner/work/_temp/work/failures/F11/consumer/ledger.sqlite", "--state", "/home/runner/work/_temp/work/failures/F11/domain-state", "--policy", "/home/runner/work/_temp/work/rt/op/policy.json", "--objects", "/home/runner/work/_temp/work/rt/op/objects"], "fault_env": {}, "exit": 2}
--- stdout
{"action": "rejected", "code": "VERSION_UNSUPPORTED", "file": "task-v3.json", "reason": "VERSION_UNSUPPORTED: task schema 'research-task/3'"}
{"action": "skipped", "episode_id": "stocks:episode-1", "state": "TERMINAL_RESULT", "status": "RESULT", "task_id": "stocks:TASK-282ba0105602db38940e09fc7583f322"}
--- stderr
--- end
{"n": 9, "label": "nothing executed or ingested", "at": "2026-09-28T14:44:09Z", "seconds": 0.084, "argv": ["/home/runner/work/_temp/work/rt/cain-venv/bin/cain", "research", "episodes", "--domain", "stocks", "--state", "/home/runner/work/_temp/work/failures/F11/cain-state"], "fault_env": {}, "exit": 0}
--- stdout
{"domain": "stocks", "episodes": [{"as_of": "2026-09-28T14:44:02Z", "decision": "ALLOW", "number": 1, "outbox": {"dispatches": 1, "retries_requested": 0, "status": "PUBLISHED", "task_id": "stocks:TASK-282ba0105602db38940e09fc7583f322"}, "proposal_id": "cain:FM-F11-1", "reason_code": "ALLOWED", "receipt_sha256": "3486996a9764993cc5ca4779f4c5a89699f50c8970b38fb102874f93cba087fd", "source": "operator", "task_id": "stocks:TASK-282ba0105602db38940e09fc7583f322"}], "inbox": [{"class": "TERMINAL_RESULT", "fact_id": "fact:53a684ef17ba4ddeb947dbb9379d7929", "payload_sha256": "bc409e4c689ec3ddd28e17735812fabde10dd0e3a6eb6fd4345ef9f57eeb3425", "status": "RESULT", "task_id": "stocks:TASK-282ba0105602db38940e09fc7583f322"}], "memory": {"broken_at": null, "entries": 1, "head": "144c8e14682d0db3a6044564bd81c2d8a9264343077f42d499a37a70cdb354c3", "head_recorded_at": "2026-09-28T14:44:08.944914Z", "projection": "consistent", "status": "intact"}, "rejections": [{"code": "VERSION_UNSUPPORTED", "file": "wrong-version.json"}]}
--- stderr
--- end
