run_at=2026-09-28T03:41:43Z host=DESKTOP-EJPA2MT (PC 2, WSL) repo=leonardosovienski/cain commit=3e515fdcc6c15d193367e48a9ebd942d1aeba641 subdir=. tag=v0.4.13rc9
fatal: path '.' exists on disk, but not in '3e515fdcc6c15d193367e48a9ebd942d1aeba641'
tree=3e515fdcc6c15d193367e48a9ebd942d1aeba641:. uv=uv 0.12.18 (x86_64-unknown-linux-gnu) SOURCE_DATE_EPOCH=1758240000
Successfully built runtime/integration-brasileirao/publish/cain-rc9/dist-a/cain_research-0.4.13rc9-py3-none-any.whl
Successfully built runtime/integration-brasileirao/publish/cain-rc9/dist-b/cain_research-0.4.13rc9-py3-none-any.whl
6e0d31a18642bbb7adfb371618633c4a2a36195fc3a560225381bd7a14f1ff45  cain_research-0.4.13rc9-py3-none-any.whl
6e0d31a18642bbb7adfb371618633c4a2a36195fc3a560225381bd7a14f1ff45  cain_research-0.4.13rc9-py3-none-any.whl
Wheel-Version: 1.0
Generator: setuptools (84.0.0)
Root-Is-Purelib: true
Tag: py3-none-any

REPRODUCIBLE=YES
$ gh release create v0.4.13rc9 -R leonardosovienski/cain --target 3e515fdcc6c15d193367e48a9ebd942d1aeba641 --prerelease --title 'v0.4.13rc9 (Etapa B — configuração do Brasileirão)' --notes-file cain-v0.4.13rc9.md cain_research-0.4.13rc9-py3-none-any.whl
https://github.com/leonardosovienski/cain/releases/tag/v0.4.13rc9
release_exit=0
$ curl -sSfL (anônimo) https://github.com/leonardosovienski/cain/releases/download/v0.4.13rc9/cain_research-0.4.13rc9-py3-none-any.whl
downloaded_sha256=6e0d31a18642bbb7adfb371618633c4a2a36195fc3a560225381bd7a14f1ff45 expected=6e0d31a18642bbb7adfb371618633c4a2a36195fc3a560225381bd7a14f1ff45
api: true	cain_research-0.4.13rc9-py3-none-any.whl sha256:6e0d31a18642bbb7adfb371618633c4a2a36195fc3a560225381bd7a14f1ff45 410850
tag -> 3e515fdcc6c15d193367e48a9ebd942d1aeba641
RELEASE_VERIFIED=YES url=https://github.com/leonardosovienski/cain/releases/download/v0.4.13rc9/cain_research-0.4.13rc9-py3-none-any.whl sha256=6e0d31a18642bbb7adfb371618633c4a2a36195fc3a560225381bd7a14f1ff45
