run_at=2026-09-28T03:31:43Z host=DESKTOP-EJPA2MT (PC 2, WSL) repo=leonardosovienski/brasileirao-predictor commit=1fc2e8842977d6ec680546a3af288dda7a5d91a6 subdir=. tag=v0.3.0rc4
fatal: path '.' exists on disk, but not in '1fc2e8842977d6ec680546a3af288dda7a5d91a6'
tree=1fc2e8842977d6ec680546a3af288dda7a5d91a6:. uv=uv 0.12.18 (x86_64-unknown-linux-gnu) SOURCE_DATE_EPOCH=1758240000
Successfully built runtime/integration-brasileirao/publish/brasileirao-rc4/dist-a/brasileirao_predictor-0.3.0rc4-py3-none-any.whl
Successfully built runtime/integration-brasileirao/publish/brasileirao-rc4/dist-b/brasileirao_predictor-0.3.0rc4-py3-none-any.whl
1874e22f7a735d31109979d0cbdd35fd4afa0d893f48caa073e37e5b7ef46e19  brasileirao_predictor-0.3.0rc4-py3-none-any.whl
410d0917d3da7a70cd2b2dd119c8bd7838ced8f341b4d8190bf4e46543c3074a  brasileirao_predictor-0.3.0rc4.tar.gz
1874e22f7a735d31109979d0cbdd35fd4afa0d893f48caa073e37e5b7ef46e19  brasileirao_predictor-0.3.0rc4-py3-none-any.whl
410d0917d3da7a70cd2b2dd119c8bd7838ced8f341b4d8190bf4e46543c3074a  brasileirao_predictor-0.3.0rc4.tar.gz
Wheel-Version: 1.0
Generator: hatchling 1.32.4
Root-Is-Purelib: true
Tag: py3-none-any
REPRODUCIBLE=YES
$ gh release create v0.3.0rc4 -R leonardosovienski/brasileirao-predictor --target 1fc2e8842977d6ec680546a3af288dda7a5d91a6 --prerelease --title 'v0.3.0rc4 (Etapa B — adapter V2, candidato)' --notes-file brasileirao-predictor-v0.3.0rc4.md brasileirao_predictor-0.3.0rc4-py3-none-any.whl
https://github.com/leonardosovienski/brasileirao-predictor/releases/tag/v0.3.0rc4
release_exit=0
$ curl -sSfL (anônimo) https://github.com/leonardosovienski/brasileirao-predictor/releases/download/v0.3.0rc4/brasileirao_predictor-0.3.0rc4-py3-none-any.whl
downloaded_sha256=1874e22f7a735d31109979d0cbdd35fd4afa0d893f48caa073e37e5b7ef46e19 expected=1874e22f7a735d31109979d0cbdd35fd4afa0d893f48caa073e37e5b7ef46e19
api: true	brasileirao_predictor-0.3.0rc4-py3-none-any.whl sha256:1874e22f7a735d31109979d0cbdd35fd4afa0d893f48caa073e37e5b7ef46e19 706323	brasileirao_predictor-0.3.0rc4.tar.gz sha256:410d0917d3da7a70cd2b2dd119c8bd7838ced8f341b4d8190bf4e46543c3074a 11232612
tag -> 1fc2e8842977d6ec680546a3af288dda7a5d91a6
RELEASE_VERIFIED=YES url=https://github.com/leonardosovienski/brasileirao-predictor/releases/download/v0.3.0rc4/brasileirao_predictor-0.3.0rc4-py3-none-any.whl sha256=1874e22f7a735d31109979d0cbdd35fd4afa0d893f48caa073e37e5b7ef46e19
