{"n": 1, "label": "propose 1", "at": "2026-10-07T23:40:17Z", "seconds": 0.096, "argv": ["/home/runner/work/_temp/work/rt/cain-venv/bin/cain", "research", "propose", "--domain", "crypto", "--state", "/home/runner/work/_temp/work/failures/F10/cain-state", "--proposal", "/home/runner/work/_temp/work/failures/F10/proposals/1.json", "--as-of", "2026-10-07T23:40:17Z"], "fault_env": {}, "exit": 0}
--- stdout
{"decision": "ALLOW", "episode_id": "crypto:episode-1", "reason_code": "ALLOWED", "receipt_sha256": "ef7f08637f9c4a28f35bf02d115c98ff69816b619ae8ed636095baca9ddc0596", "rule": "R14", "status": "RECORDED", "task": {"payload_sha256": "ce064b16fa538de60597686adf880d881b14115b153843de12de0d6bd11ba0ed", "previous_task_id": null, "task_id": "crypto:TASK-1f666f0d35938548f5d439a6e3d46a98"}}
--- stderr
--- end
{"n": 2, "label": "dispatch 1", "at": "2026-10-07T23:40:17Z", "seconds": 0.078, "argv": ["/home/runner/work/_temp/work/rt/cain-venv/bin/cain", "research", "dispatch", "--domain", "crypto", "--state", "/home/runner/work/_temp/work/failures/F10/cain-state", "--spool", "/home/runner/work/_temp/work/failures/F10/spool"], "fault_env": {}, "exit": 0}
--- stdout
{"action": "dispatched", "file": "crypto/tasks/TASK-1f666f0d35938548f5d439a6e3d46a98.json", "spool": "WRITTEN", "task_id": "crypto:TASK-1f666f0d35938548f5d439a6e3d46a98"}
--- stderr
--- end
{"n": 3, "label": "consumer 1", "at": "2026-10-07T23:40:17Z", "seconds": 0.37, "argv": ["/home/runner/work/_temp/work/rt/consumer-venv/bin/predictor-research-consumer", "--domain", "crypto", "--spool", "/home/runner/work/_temp/work/failures/F10/spool", "--ledger", "/home/runner/work/_temp/work/failures/F10/consumer/ledger.sqlite", "--state", "/home/runner/work/_temp/work/failures/F10/domain-state", "--policy", "/home/runner/work/_temp/work/rt/op/policy.json", "--objects", "/home/runner/work/_temp/work/rt/op/objects"], "fault_env": {}, "exit": 0}
--- stdout
{"action": "delivered", "attempt": 1, "class": "TERMINAL_RESULT", "episode_id": "crypto:episode-1", "result_file": "crypto/results/TASK-1f666f0d35938548f5d439a6e3d46a98.a5d85e2f57d9dcce.json", "result_write": "WRITTEN", "status": "RESULT", "task_id": "crypto:TASK-1f666f0d35938548f5d439a6e3d46a98"}
--- stderr
{"duration_ms": 205, "event": "job_finished", "job_id": "crypto-research-bca9359f740d7b5bfec01948", "level": "INFO", "run_id": "6c83a8a7f39448f49ebe650626e9f4e0", "run_status": "SUCCEEDED", "service": "predictor_ops", "timestamp": "2026-10-07T23:40:17.696231Z"}
--- end
{"n": 4, "label": "ingest 1", "at": "2026-10-07T23:40:17Z", "seconds": 0.084, "argv": ["/home/runner/work/_temp/work/rt/cain-venv/bin/cain", "research", "ingest", "--domain", "crypto", "--state", "/home/runner/work/_temp/work/failures/F10/cain-state", "--spool", "/home/runner/work/_temp/work/failures/F10/spool"], "fault_env": {}, "exit": 0}
--- stdout
{"action": "ingested", "class": "TERMINAL_RESULT", "fact": "fact:77372f141458428d9abe2fc95642fc65", "file": "TASK-1f666f0d35938548f5d439a6e3d46a98.a5d85e2f57d9dcce.json", "status": "RESULT", "task_id": "crypto:TASK-1f666f0d35938548f5d439a6e3d46a98"}
--- stderr
--- end
{"n": 5, "label": "propose 2", "at": "2026-10-07T23:40:17Z", "seconds": 0.078, "argv": ["/home/runner/work/_temp/work/rt/cain-venv/bin/cain", "research", "propose", "--domain", "crypto", "--state", "/home/runner/work/_temp/work/failures/F10/cain-state", "--proposal", "/home/runner/work/_temp/work/failures/F10/proposals/2.json", "--as-of", "2026-10-07T23:40:17Z"], "fault_env": {}, "exit": 0}
--- stdout
{"decision": "ALLOW", "episode_id": "crypto:episode-2", "reason_code": "ALLOWED", "receipt_sha256": "9d9199f04337cada40a677c521754a5944ab83ad85c62750f93bf8070aa2fa04", "rule": "R14", "status": "RECORDED", "task": {"payload_sha256": "a38c93f30d71d4c7310235f560be21527e7b8720629cfc79ba855184c44c4fd2", "previous_task_id": "crypto:TASK-1f666f0d35938548f5d439a6e3d46a98", "task_id": "crypto:TASK-fe0d545866305674f36a15ffb165643c"}}
--- stderr
--- end
{"n": 6, "label": "dispatch 2", "at": "2026-10-07T23:40:17Z", "seconds": 0.079, "argv": ["/home/runner/work/_temp/work/rt/cain-venv/bin/cain", "research", "dispatch", "--domain", "crypto", "--state", "/home/runner/work/_temp/work/failures/F10/cain-state", "--spool", "/home/runner/work/_temp/work/failures/F10/spool"], "fault_env": {}, "exit": 0}
--- stdout
{"action": "dispatched", "file": "crypto/tasks/TASK-fe0d545866305674f36a15ffb165643c.json", "spool": "WRITTEN", "task_id": "crypto:TASK-fe0d545866305674f36a15ffb165643c"}
--- stderr
--- end
{"n": 7, "label": "consumer 2", "at": "2026-10-07T23:40:18Z", "seconds": 0.366, "argv": ["/home/runner/work/_temp/work/rt/consumer-venv/bin/predictor-research-consumer", "--domain", "crypto", "--spool", "/home/runner/work/_temp/work/failures/F10/spool", "--ledger", "/home/runner/work/_temp/work/failures/F10/consumer/ledger.sqlite", "--state", "/home/runner/work/_temp/work/failures/F10/domain-state", "--policy", "/home/runner/work/_temp/work/rt/op/policy.json", "--objects", "/home/runner/work/_temp/work/rt/op/objects"], "fault_env": {}, "exit": 0}
--- stdout
{"action": "skipped", "episode_id": "crypto:episode-1", "state": "TERMINAL_RESULT", "status": "RESULT", "task_id": "crypto:TASK-1f666f0d35938548f5d439a6e3d46a98"}
{"action": "delivered", "attempt": 1, "class": "TERMINAL_RESULT", "episode_id": "crypto:episode-2", "result_file": "crypto/results/TASK-fe0d545866305674f36a15ffb165643c.006ff7617c06cdb1.json", "result_write": "WRITTEN", "status": "RESULT", "task_id": "crypto:TASK-fe0d545866305674f36a15ffb165643c"}
--- stderr
{"duration_ms": 205, "event": "job_finished", "job_id": "crypto-research-1ebff4745edc7c3fda22c3a0", "level": "INFO", "run_id": "54943a6b4fd84d7599986523258f2270", "run_status": "SUCCEEDED", "service": "predictor_ops", "timestamp": "2026-10-07T23:40:18.301761Z"}
--- end
{"n": 8, "label": "ingest out of order", "at": "2026-10-07T23:40:18Z", "seconds": 0.082, "argv": ["/home/runner/work/_temp/work/rt/cain-venv/bin/cain", "research", "ingest", "--domain", "crypto", "--state", "/home/runner/work/_temp/work/failures/F10/cain-state", "--spool", "/home/runner/work/_temp/work/failures/F10/spool"], "fault_env": {}, "exit": 0}
--- stdout
{"action": "duplicate", "file": "00-late-TASK-1f666f0d35938548f5d439a6e3d46a98.a5d85e2f57d9dcce.json"}
{"action": "duplicate", "file": "TASK-1f666f0d35938548f5d439a6e3d46a98.a5d85e2f57d9dcce.json"}
{"action": "ingested", "class": "TERMINAL_RESULT", "fact": "fact:659cc1ab1efc419d905e6822a3ab371d", "file": "TASK-fe0d545866305674f36a15ffb165643c.006ff7617c06cdb1.json", "status": "RESULT", "task_id": "crypto:TASK-fe0d545866305674f36a15ffb165643c"}
--- stderr
--- end
{"n": 9, "label": "episodes", "at": "2026-10-07T23:40:18Z", "seconds": 0.076, "argv": ["/home/runner/work/_temp/work/rt/cain-venv/bin/cain", "research", "episodes", "--domain", "crypto", "--state", "/home/runner/work/_temp/work/failures/F10/cain-state"], "fault_env": {}, "exit": 0}
--- stdout
{"domain": "crypto", "episodes": [{"as_of": "2026-10-07T23:40:17Z", "decision": "ALLOW", "number": 1, "outbox": {"dispatches": 1, "retries_requested": 0, "status": "PUBLISHED", "task_id": "crypto:TASK-1f666f0d35938548f5d439a6e3d46a98"}, "proposal_id": "cain:FM-F10-1", "reason_code": "ALLOWED", "receipt_sha256": "ef7f08637f9c4a28f35bf02d115c98ff69816b619ae8ed636095baca9ddc0596", "source": "operator", "task_id": "crypto:TASK-1f666f0d35938548f5d439a6e3d46a98"}, {"as_of": "2026-10-07T23:40:17Z", "decision": "ALLOW", "number": 2, "outbox": {"dispatches": 1, "retries_requested": 0, "status": "PUBLISHED", "task_id": "crypto:TASK-fe0d545866305674f36a15ffb165643c"}, "proposal_id": "cain:FM-F10-2", "reason_code": "ALLOWED", "receipt_sha256": "9d9199f04337cada40a677c521754a5944ab83ad85c62750f93bf8070aa2fa04", "source": "operator", "task_id": "crypto:TASK-fe0d545866305674f36a15ffb165643c"}], "inbox": [{"class": "TERMINAL_RESULT", "fact_id": "fact:77372f141458428d9abe2fc95642fc65", "payload_sha256": "955006ca59b78d3c4fda022224aa714efe181a45877bb490117efa83ef5c63ba", "status": "RESULT", "task_id": "crypto:TASK-1f666f0d35938548f5d439a6e3d46a98"}, {"class": "TERMINAL_RESULT", "fact_id": "fact:659cc1ab1efc419d905e6822a3ab371d", "payload_sha256": "1e8823e6d9b775cae32bd8426c4170f0ef94eb56f6d41346ecbf472d163c0f77", "status": "RESULT", "task_id": "crypto:TASK-fe0d545866305674f36a15ffb165643c"}], "memory": {"broken_at": null, "cube": "crypto", "facts": 2, "log": "shared across domains", "projection": "consistent", "status": "intact"}, "rejections": []}
--- stderr
--- end
{"n": 10, "label": "two tasks, two results", "at": "2026-10-07T23:40:18Z", "seconds": 0.076, "argv": ["/home/runner/work/_temp/work/rt/cain-venv/bin/cain", "research", "episodes", "--domain", "crypto", "--state", "/home/runner/work/_temp/work/failures/F10/cain-state"], "fault_env": {}, "exit": 0}
--- stdout
{"domain": "crypto", "episodes": [{"as_of": "2026-10-07T23:40:17Z", "decision": "ALLOW", "number": 1, "outbox": {"dispatches": 1, "retries_requested": 0, "status": "PUBLISHED", "task_id": "crypto:TASK-1f666f0d35938548f5d439a6e3d46a98"}, "proposal_id": "cain:FM-F10-1", "reason_code": "ALLOWED", "receipt_sha256": "ef7f08637f9c4a28f35bf02d115c98ff69816b619ae8ed636095baca9ddc0596", "source": "operator", "task_id": "crypto:TASK-1f666f0d35938548f5d439a6e3d46a98"}, {"as_of": "2026-10-07T23:40:17Z", "decision": "ALLOW", "number": 2, "outbox": {"dispatches": 1, "retries_requested": 0, "status": "PUBLISHED", "task_id": "crypto:TASK-fe0d545866305674f36a15ffb165643c"}, "proposal_id": "cain:FM-F10-2", "reason_code": "ALLOWED", "receipt_sha256": "9d9199f04337cada40a677c521754a5944ab83ad85c62750f93bf8070aa2fa04", "source": "operator", "task_id": "crypto:TASK-fe0d545866305674f36a15ffb165643c"}], "inbox": [{"class": "TERMINAL_RESULT", "fact_id": "fact:77372f141458428d9abe2fc95642fc65", "payload_sha256": "955006ca59b78d3c4fda022224aa714efe181a45877bb490117efa83ef5c63ba", "status": "RESULT", "task_id": "crypto:TASK-1f666f0d35938548f5d439a6e3d46a98"}, {"class": "TERMINAL_RESULT", "fact_id": "fact:659cc1ab1efc419d905e6822a3ab371d", "payload_sha256": "1e8823e6d9b775cae32bd8426c4170f0ef94eb56f6d41346ecbf472d163c0f77", "status": "RESULT", "task_id": "crypto:TASK-fe0d545866305674f36a15ffb165643c"}], "memory": {"broken_at": null, "cube": "crypto", "facts": 2, "log": "shared across domains", "projection": "consistent", "status": "intact"}, "rejections": []}
--- stderr
--- end
