{"n": 1, "label": "propose 1", "at": "2026-10-07T22:35:15Z", "seconds": 0.148, "argv": ["/home/runner/work/_temp/work/rt/cain-venv/bin/cain", "research", "propose", "--domain", "crypto", "--state", "/home/runner/work/_temp/work/failures/F03/cain-state", "--proposal", "/home/runner/work/_temp/work/failures/F03/proposals/1.json", "--as-of", "2026-10-07T22:35:14Z"], "fault_env": {}, "exit": 0}
--- stdout
{"decision": "ALLOW", "episode_id": "crypto:episode-1", "reason_code": "ALLOWED", "receipt_sha256": "01c3dae05bead8b0cf74803322e6e4ebf36193d2e3c00964fac85efec58693ed", "rule": "R14", "status": "RECORDED", "task": {"payload_sha256": "7f878c1e0f76ce0149ec6ab87aadc4d4dbcfe39a984f1a82eafe7f1b698e0f7a", "previous_task_id": null, "task_id": "crypto:TASK-4a74cfac52092976e4d005e08bbcdc87"}}
--- stderr
--- end
{"n": 2, "label": "dispatch", "at": "2026-10-07T22:35:15Z", "seconds": 0.12, "argv": ["/home/runner/work/_temp/work/rt/cain-venv/bin/cain", "research", "dispatch", "--domain", "crypto", "--state", "/home/runner/work/_temp/work/failures/F03/cain-state", "--spool", "/home/runner/work/_temp/work/failures/F03/spool"], "fault_env": {}, "exit": 0}
--- stdout
{"action": "dispatched", "file": "crypto/tasks/TASK-4a74cfac52092976e4d005e08bbcdc87.json", "spool": "WRITTEN", "task_id": "crypto:TASK-4a74cfac52092976e4d005e08bbcdc87"}
--- stderr
--- end
{"n": 3, "label": "consumer", "at": "2026-10-07T22:35:15Z", "seconds": 0.452, "argv": ["/home/runner/work/_temp/work/rt/consumer-venv/bin/predictor-research-consumer", "--domain", "crypto", "--spool", "/home/runner/work/_temp/work/failures/F03/spool", "--ledger", "/home/runner/work/_temp/work/failures/F03/consumer/ledger.sqlite", "--state", "/home/runner/work/_temp/work/failures/F03/domain-state", "--policy", "/home/runner/work/_temp/work/rt/op/policy.json", "--objects", "/home/runner/work/_temp/work/rt/op/objects"], "fault_env": {}, "exit": 0}
--- stdout
{"action": "delivered", "attempt": 1, "class": "TERMINAL_RESULT", "episode_id": "crypto:episode-1", "result_file": "crypto/results/TASK-4a74cfac52092976e4d005e08bbcdc87.6e9b1ab202889155.json", "result_write": "WRITTEN", "status": "RESULT", "task_id": "crypto:TASK-4a74cfac52092976e4d005e08bbcdc87"}
--- stderr
{"duration_ms": 207, "event": "job_finished", "job_id": "crypto-research-9e73b5e2ad9389a7b4eb683c", "level": "INFO", "run_id": "7e9580b563184063885281e62e44455a", "run_status": "SUCCEEDED", "service": "predictor_ops", "timestamp": "2026-10-07T22:35:15.656946Z"}
--- end
{"n": 4, "label": "ingest (fault)", "at": "2026-10-07T22:35:15Z", "seconds": 0.106, "argv": ["/home/runner/work/_temp/work/rt/cain-venv/bin/cain", "research", "ingest", "--domain", "crypto", "--state", "/home/runner/work/_temp/work/failures/F03/cain-state", "--spool", "/home/runner/work/_temp/work/failures/F03/spool"], "fault_env": {"CAIN_ORCHESTRATION_FAULT": "after_inbox_commit_before_memory"}, "exit": 86}
--- stdout
--- stderr
--- end
{"n": 5, "label": "inbox without fact before recovery", "at": "2026-10-07T22:35:15Z", "seconds": 0.117, "argv": ["/home/runner/work/_temp/work/rt/cain-venv/bin/cain", "research", "episodes", "--domain", "crypto", "--state", "/home/runner/work/_temp/work/failures/F03/cain-state"], "fault_env": {}, "exit": 0}
--- stdout
{"domain": "crypto", "episodes": [{"as_of": "2026-10-07T22:35:14Z", "decision": "ALLOW", "number": 1, "outbox": {"dispatches": 1, "retries_requested": 0, "status": "PUBLISHED", "task_id": "crypto:TASK-4a74cfac52092976e4d005e08bbcdc87"}, "proposal_id": "cain:FM-F03-1", "reason_code": "ALLOWED", "receipt_sha256": "01c3dae05bead8b0cf74803322e6e4ebf36193d2e3c00964fac85efec58693ed", "source": "operator", "task_id": "crypto:TASK-4a74cfac52092976e4d005e08bbcdc87"}], "inbox": [{"class": "TERMINAL_RESULT", "fact_id": null, "payload_sha256": "4becff9f9ecf5d89c94299f091b9ff44cd9dc1cf1204b6c48db6707ef0ff457f", "status": "RESULT", "task_id": "crypto:TASK-4a74cfac52092976e4d005e08bbcdc87"}], "memory": {"broken_at": null, "cube": "crypto", "facts": 0, "log": "shared across domains", "projection": "consistent", "status": "intact"}, "rejections": []}
--- stderr
--- end
{"n": 6, "label": "ingest after restart", "at": "2026-10-07T22:35:16Z", "seconds": 0.12, "argv": ["/home/runner/work/_temp/work/rt/cain-venv/bin/cain", "research", "ingest", "--domain", "crypto", "--state", "/home/runner/work/_temp/work/failures/F03/cain-state", "--spool", "/home/runner/work/_temp/work/failures/F03/spool"], "fault_env": {}, "exit": 0}
--- stdout
{"action": "remembered", "fact_id": "fact:956c99e961474e54961c58c5c1c20437", "file": "TASK-4a74cfac52092976e4d005e08bbcdc87.6e9b1ab202889155.json", "reused": false}
--- stderr
--- end
{"n": 7, "label": "memory completed once", "at": "2026-10-07T22:35:16Z", "seconds": 0.115, "argv": ["/home/runner/work/_temp/work/rt/cain-venv/bin/cain", "research", "episodes", "--domain", "crypto", "--state", "/home/runner/work/_temp/work/failures/F03/cain-state"], "fault_env": {}, "exit": 0}
--- stdout
{"domain": "crypto", "episodes": [{"as_of": "2026-10-07T22:35:14Z", "decision": "ALLOW", "number": 1, "outbox": {"dispatches": 1, "retries_requested": 0, "status": "PUBLISHED", "task_id": "crypto:TASK-4a74cfac52092976e4d005e08bbcdc87"}, "proposal_id": "cain:FM-F03-1", "reason_code": "ALLOWED", "receipt_sha256": "01c3dae05bead8b0cf74803322e6e4ebf36193d2e3c00964fac85efec58693ed", "source": "operator", "task_id": "crypto:TASK-4a74cfac52092976e4d005e08bbcdc87"}], "inbox": [{"class": "TERMINAL_RESULT", "fact_id": "fact:956c99e961474e54961c58c5c1c20437", "payload_sha256": "4becff9f9ecf5d89c94299f091b9ff44cd9dc1cf1204b6c48db6707ef0ff457f", "status": "RESULT", "task_id": "crypto:TASK-4a74cfac52092976e4d005e08bbcdc87"}], "memory": {"broken_at": null, "cube": "crypto", "facts": 1, "log": "shared across domains", "projection": "consistent", "status": "intact"}, "rejections": []}
--- stderr
--- end
