{"effective_proposal": "/home/runner/work/_temp/work/failures/F04/proposals/1.json", "template": "fixtures/proposals/e2e/01-allow.json", "sha256": "e73b106789dd5d1479d63604b9fc41894a2249be928192b658eb680cbe62dae2"}
{"n": 1, "label": "propose 1", "at": "2026-10-07T23:06:11Z", "seconds": 0.137, "argv": ["/home/runner/work/_temp/work/rt/cain-venv/bin/cain", "research", "propose", "--domain", "stocks", "--state", "/home/runner/work/_temp/work/failures/F04/cain-state", "--proposal", "/home/runner/work/_temp/work/failures/F04/proposals/1.json", "--as-of", "2026-10-07T23:06:11Z"], "fault_env": {}, "exit": 0}
--- stdout
{"decision": "ALLOW", "episode_id": "stocks:episode-1", "reason_code": "ALLOWED", "receipt_sha256": "524d1de879114c219b8f6f1d5cfdfd92f5d7c088a762de9ac86db0873455f5ed", "rule": "R14", "status": "RECORDED", "task": {"payload_sha256": "e48fef6d3f3cb9f6ad3fc27d42a5ca9f38f5badc0ee02fcd1fe6e26b46bfc0dc", "previous_task_id": null, "task_id": "stocks:TASK-887ec84356045724cf32c597ab7f0e87"}}
--- stderr
--- end
{"n": 2, "label": "dispatch", "at": "2026-10-07T23:06:11Z", "seconds": 0.124, "argv": ["/home/runner/work/_temp/work/rt/cain-venv/bin/cain", "research", "dispatch", "--domain", "stocks", "--state", "/home/runner/work/_temp/work/failures/F04/cain-state", "--spool", "/home/runner/work/_temp/work/failures/F04/spool"], "fault_env": {}, "exit": 0}
--- stdout
{"action": "dispatched", "file": "stocks/tasks/TASK-887ec84356045724cf32c597ab7f0e87.json", "spool": "WRITTEN", "task_id": "stocks:TASK-887ec84356045724cf32c597ab7f0e87"}
--- stderr
--- end
{"n": 3, "label": "consumer", "at": "2026-10-07T23:06:19Z", "seconds": 8.313, "argv": ["/home/runner/work/_temp/work/rt/consumer-venv/bin/predictor-research-consumer", "--domain", "stocks", "--spool", "/home/runner/work/_temp/work/failures/F04/spool", "--ledger", "/home/runner/work/_temp/work/failures/F04/consumer/ledger.sqlite", "--state", "/home/runner/work/_temp/work/failures/F04/domain-state", "--policy", "/home/runner/work/_temp/work/rt/op/policy.json", "--objects", "/home/runner/work/_temp/work/rt/op/objects"], "fault_env": {}, "exit": 0}
--- stdout
{"action": "delivered", "attempt": 1, "class": "TERMINAL_RESULT", "episode_id": "stocks:episode-1", "result_file": "stocks/results/TASK-887ec84356045724cf32c597ab7f0e87.6e8823c53565926c.json", "result_write": "WRITTEN", "status": "RESULT", "task_id": "stocks:TASK-887ec84356045724cf32c597ab7f0e87"}
--- stderr
{"duration_ms": 8027, "event": "job_finished", "job_id": "stocks-research-1ece01b6236f9d3049cc023a", "level": "INFO", "run_id": "ab9f13933ad04ab099827461b88f1f6d", "run_status": "SUCCEEDED", "service": "predictor_ops", "timestamp": "2026-10-07T23:06:19.650342Z"}
--- end
{"n": 4, "label": "ingest (fault)", "at": "2026-10-07T23:06:19Z", "seconds": 0.117, "argv": ["/home/runner/work/_temp/work/rt/cain-venv/bin/cain", "research", "ingest", "--domain", "stocks", "--state", "/home/runner/work/_temp/work/failures/F04/cain-state", "--spool", "/home/runner/work/_temp/work/failures/F04/spool"], "fault_env": {"CAIN_ORCHESTRATION_FAULT": "after_memory_commit"}, "exit": 86}
--- stdout
--- stderr
--- end
{"n": 5, "label": "ingest after restart", "at": "2026-10-07T23:06:19Z", "seconds": 0.121, "argv": ["/home/runner/work/_temp/work/rt/cain-venv/bin/cain", "research", "ingest", "--domain", "stocks", "--state", "/home/runner/work/_temp/work/failures/F04/cain-state", "--spool", "/home/runner/work/_temp/work/failures/F04/spool"], "fault_env": {}, "exit": 0}
--- stdout
{"action": "duplicate", "file": "TASK-887ec84356045724cf32c597ab7f0e87.6e8823c53565926c.json"}
--- stderr
--- end
{"n": 6, "label": "nothing new", "at": "2026-10-07T23:06:20Z", "seconds": 0.121, "argv": ["/home/runner/work/_temp/work/rt/cain-venv/bin/cain", "research", "episodes", "--domain", "stocks", "--state", "/home/runner/work/_temp/work/failures/F04/cain-state"], "fault_env": {}, "exit": 0}
--- stdout
{"domain": "stocks", "episodes": [{"as_of": "2026-10-07T23:06:11Z", "decision": "ALLOW", "number": 1, "outbox": {"dispatches": 1, "retries_requested": 0, "status": "PUBLISHED", "task_id": "stocks:TASK-887ec84356045724cf32c597ab7f0e87"}, "proposal_id": "cain:FM-F04-1", "reason_code": "ALLOWED", "receipt_sha256": "524d1de879114c219b8f6f1d5cfdfd92f5d7c088a762de9ac86db0873455f5ed", "source": "operator", "task_id": "stocks:TASK-887ec84356045724cf32c597ab7f0e87"}], "inbox": [{"class": "TERMINAL_RESULT", "fact_id": "fact:9dda71290da74e8d8a2aca2707c4289b", "payload_sha256": "e0a4973ad9c6cbb7aabe840fc09eb703eb0262644c19af96039e6806cd2bb5b3", "status": "RESULT", "task_id": "stocks:TASK-887ec84356045724cf32c597ab7f0e87"}], "memory": {"broken_at": null, "cube": "stocks", "facts": 1, "log": "shared across domains", "projection": "consistent", "status": "intact"}, "rejections": []}
--- stderr
--- end
