{
  "python": {
    "version": "3.13.14",
    "executable": "/tmp/tmp.cP67kW1OpQ/src/.venv/bin/python3",
    "supported": true,
    "required": ">=3.13,<3.15"
  },
  "sqlite_version": "3.53.1",
  "dependencies": {
    "predictor-core": {
      "version": "3.2.1",
      "metadata_compatible": true,
      "status": "compatible_stable_release"
    },
    "PyYAML": {
      "version": "6.0.3",
      "metadata_compatible": true,
      "status": "compatible_stable_release"
    }
  },
  "runtime_metadata_compatible": true,
  "database": {
    "status": "not_requested"
  },
  "scope": "Offline metadata and optional SQLite quick_check; no dependency import, migration, or operational certification."
}
[exit 0]
