[?2026h[?25l[1Gpulling manifest ⠋ [K[?25h[?2026l[?2026h[?25l[1Gpulling manifest ⠹ [K[?25h[?2026l[?2026h[?25l[1Gpulling manifest ⠹ [K[?25h[?2026l[?2026h[?25l[1Gpulling manifest ⠸ [K[?25h[?2026l[?2026h[?25l[1Gpulling manifest ⠴ [K[?25h[?2026l[?2026h[?25l[1Gpulling manifest ⠴ [K[?25h[?2026l[?2026h[?25l[1Gpulling manifest ⠦ [K[?25h[?2026l[?2026h[?25l[1Gpulling manifest ⠧ [K[?25h[?2026l[?2026h[?25l[1Gpulling manifest [K
pulling c5396e06af29:   0% ▕                  ▏ 527 KB/397 MB                  [K[?25h[?2026l[?2026h[?25l[A[1Gpulling manifest [K
pulling c5396e06af29:   3% ▕                  ▏  10 MB/397 MB                  [K[?25h[?2026l[?2026h[?25l[A[1Gpulling manifest [K
pulling c5396e06af29:  15% ▕██                ▏  58 MB/397 MB                  [K[?25h[?2026l[?2026h[?25l[A[1Gpulling manifest [K
pulling c5396e06af29:  27% ▕████              ▏ 108 MB/397 MB                  [K[?25h[?2026l[?2026h[?25l[A[1Gpulling manifest [K
pulling c5396e06af29:  34% ▕██████            ▏ 135 MB/397 MB                  [K[?25h[?2026l[?2026h[?25l[A[1Gpulling manifest [K
pulling c5396e06af29:  45% ▕████████          ▏ 178 MB/397 MB                  [K[?25h[?2026l[?2026h[?25l[A[1Gpulling manifest [K
pulling c5396e06af29:  57% ▕██████████        ▏ 226 MB/397 MB                  [K[?25h[?2026l[?2026h[?25l[A[1Gpulling manifest [K
pulling c5396e06af29:  62% ▕███████████       ▏ 247 MB/397 MB                  [K[?25h[?2026l[?2026h[?25l[A[1Gpulling manifest [K
pulling c5396e06af29:  74% ▕█████████████     ▏ 292 MB/397 MB                  [K[?25h[?2026l[?2026h[?25l[A[1Gpulling manifest [K
pulling c5396e06af29:  82% ▕██████████████    ▏ 327 MB/397 MB                  [K[?25h[?2026l[?2026h[?25l[A[1Gpulling manifest [K
pulling c5396e06af29:  85% ▕███████████████   ▏ 339 MB/397 MB                  [K[?25h[?2026l[?2026h[?25l[A[1Gpulling manifest [K
pulling c5396e06af29:  88% ▕███████████████   ▏ 351 MB/397 MB  344 MB/s      0s[K[?25h[?2026l[?2026h[?25l[A[1Gpulling manifest [K
pulling c5396e06af29:  91% ▕████████████████  ▏ 362 MB/397 MB  344 MB/s      0s[K[?25h[?2026l[?2026h[?25l[A[1Gpulling manifest [K
pulling c5396e06af29:  92% ▕████████████████  ▏ 364 MB/397 MB  344 MB/s      0s[K[?25h[?2026l[?2026h[?25l[A[1Gpulling manifest [K
pulling c5396e06af29:  93% ▕████████████████  ▏ 368 MB/397 MB  344 MB/s      0s[K[?25h[?2026l[?2026h[?25l[A[1Gpulling manifest [K
pulling c5396e06af29:  94% ▕████████████████  ▏ 373 MB/397 MB  344 MB/s      0s[K[?25h[?2026l[?2026h[?25l[A[1Gpulling manifest [K
pulling c5396e06af29:  95% ▕█████████████████ ▏ 376 MB/397 MB  344 MB/s      0s[K[?25h[?2026l[?2026h[?25l[A[1Gpulling manifest [K
pulling c5396e06af29:  96% ▕█████████████████ ▏ 380 MB/397 MB  344 MB/s      0s[K[?25h[?2026l[?2026h[?25l[A[1Gpulling manifest [K
pulling c5396e06af29:  97% ▕█████████████████ ▏ 386 MB/397 MB  344 MB/s      0s[K[?25h[?2026l[?2026h[?25l[A[1Gpulling manifest [K
pulling c5396e06af29:  97% ▕█████████████████ ▏ 387 MB/397 MB  344 MB/s      0s[K[?25h[?2026l[?2026h[?25l[A[1Gpulling manifest [K
pulling c5396e06af29:  98% ▕█████████████████ ▏ 389 MB/397 MB  344 MB/s      0s[K[?25h[?2026l[?2026h[?25l[A[1Gpulling manifest [K
pulling c5396e06af29:  99% ▕█████████████████ ▏ 393 MB/397 MB  196 MB/s      0s[K[?25h[?2026l[?2026h[?25l[A[1Gpulling manifest [K
pulling c5396e06af29:  99% ▕█████████████████ ▏ 394 MB/397 MB  196 MB/s      0s[K[?25h[?2026l[?2026h[?25l[A[1Gpulling manifest [K
pulling c5396e06af29:  99% ▕█████████████████ ▏ 394 MB/397 MB  196 MB/s      0s[K[?25h[?2026l[?2026h[?25l[A[1Gpulling manifest [K
pulling c5396e06af29:  99% ▕█████████████████ ▏ 394 MB/397 MB  196 MB/s      0s[K[?25h[?2026l[?2026h[?25l[A[1Gpulling manifest [K
pulling c5396e06af29:  99% ▕█████████████████ ▏ 394 MB/397 MB  196 MB/s      0s[K[?25h[?2026l[?2026h[?25l[A[1Gpulling manifest [K
pulling c5396e06af29:  99% ▕█████████████████ ▏ 394 MB/397 MB  196 MB/s      0s[K[?25h[?2026l[?2026h[?25l[A[1Gpulling manifest [K
pulling c5396e06af29:  99% ▕█████████████████ ▏ 394 MB/397 MB  196 MB/s      0s[K[?25h[?2026l[?2026h[?25l[A[1Gpulling manifest [K
pulling c5396e06af29:  99% ▕█████████████████ ▏ 394 MB/397 MB  196 MB/s      0s[K[?25h[?2026l[?2026h[?25l[A[1Gpulling manifest [K
pulling c5396e06af29:  99% ▕█████████████████ ▏ 394 MB/397 MB  196 MB/s      0s[K[?25h[?2026l[?2026h[?25l[A[1Gpulling manifest [K
pulling c5396e06af29:  99% ▕█████████████████ ▏ 394 MB/397 MB  196 MB/s      0s[K[?25h[?2026l[?2026h[?25l[A[1Gpulling manifest [K
pulling c5396e06af29:  99% ▕█████████████████ ▏ 394 MB/397 MB  196 MB/s      0s[K[?25h[?2026l[?2026h[?25l[A[1Gpulling manifest [K
pulling c5396e06af29:  99% ▕█████████████████ ▏ 394 MB/397 MB  196 MB/s      0s[K[?25h[?2026l[?2026h[?25l[A[1Gpulling manifest [K
pulling c5396e06af29:  99% ▕█████████████████ ▏ 394 MB/397 MB  196 MB/s      0s[K[?25h[?2026l[?2026h[?25l[A[1Gpulling manifest [K
pulling c5396e06af29:  99% ▕█████████████████ ▏ 394 MB/397 MB  196 MB/s      0s[K[?25h[?2026l[?2026h[?25l[A[1Gpulling manifest [K
pulling c5396e06af29:  99% ▕█████████████████ ▏ 394 MB/397 MB  196 MB/s      0s[K[?25h[?2026l[?2026h[?25l[A[1Gpulling manifest [K
pulling c5396e06af29:  99% ▕█████████████████ ▏ 394 MB/397 MB  196 MB/s      0s[K[?25h[?2026l[?2026h[?25l[A[1Gpulling manifest [K
pulling c5396e06af29:  99% ▕█████████████████ ▏ 394 MB/397 MB  196 MB/s      0s[K
verifying sha256 digest ⠋ [K[?25h[?2026l[?2026h[?25l[A[A[1Gpulling manifest [K
pulling c5396e06af29:  99% ▕█████████████████ ▏ 394 MB/397 MB  196 MB/s      0s[K
verifying sha256 digest ⠙ [K[?25h[?2026l[?2026h[?25l[A[A[1Gpulling manifest [K
pulling c5396e06af29:  99% ▕█████████████████ ▏ 394 MB/397 MB  196 MB/s      0s[K
verifying sha256 digest ⠹ [K[?25h[?2026l[?2026h[?25l[A[A[1Gpulling manifest [K
pulling c5396e06af29:  99% ▕█████████████████ ▏ 394 MB/397 MB  196 MB/s      0s[K
verifying sha256 digest [K
writing manifest [K
success [K[?25h[?2026l
