runtime_env run_at=2026-09-27T22:58:40Z host=runnervmtr4k5 where=github_actions uname=Linux 6.17.0-1022-azure x86_64
python=Python 3.13.14 uv=uv 0.12.1 (x86_64-unknown-linux-gnu)

[notice] A new release of pip is available: 26.1.2 -> 26.2.1
[notice] To update, run: /home/runner/work/_temp/work/rt/cain-venv/bin/python -m pip install --upgrade pip
/home/runner/work/_temp/work/rt/cain_research-0.4.13rc5-py3-none-any.whl: OK

[notice] A new release of pip is available: 26.1.2 -> 26.2.1
[notice] To update, run: /home/runner/work/_temp/work/rt/cain-venv/bin/python -m pip install --upgrade pip
No broken requirements found.

[notice] A new release of pip is available: 26.1.2 -> 26.2.1
[notice] To update, run: /home/runner/work/_temp/work/rt/consumer-venv/bin/python -m pip install --upgrade pip
/home/runner/work/_temp/work/rt/cripto_predictor-1.2.0rc3-py3-none-any.whl: OK

[notice] A new release of pip is available: 26.1.2 -> 26.2.1
[notice] To update, run: /home/runner/work/_temp/work/rt/consumer-venv/bin/python -m pip install --upgrade pip
/home/runner/work/_temp/work/rt/predictor_research_transport-0.1.0rc2-py3-none-any.whl: OK

[notice] A new release of pip is available: 26.1.2 -> 26.2.1
[notice] To update, run: /home/runner/work/_temp/work/rt/consumer-venv/bin/python -m pip install --upgrade pip
/home/runner/work/_temp/work/rt/predictor_research_protocol-2.0.0rc2-py3-none-any.whl: OK

[notice] A new release of pip is available: 26.1.2 -> 26.2.1
[notice] To update, run: /home/runner/work/_temp/work/rt/consumer-venv/bin/python -m pip install --upgrade pip
No broken requirements found.
export CAIN_BIN="/home/runner/work/_temp/work/rt/cain-venv/bin/cain"
export CAIN_PY="/home/runner/work/_temp/work/rt/cain-venv/bin/python"
export CONSUMER_BIN="/home/runner/work/_temp/work/rt/consumer-venv/bin/predictor-research-consumer"
export CONSUMER_PY="/home/runner/work/_temp/work/rt/consumer-venv/bin/python"
export CRIPTO_RESEARCH_BIN="/home/runner/work/_temp/work/rt/consumer-venv/bin/cripto-research"
export OP_POLICY="/home/runner/work/_temp/work/rt/op/policy.json"
export OP_OBJECTS="/home/runner/work/_temp/work/rt/op/objects"
export CRIPTO_TESTS="/home/runner/work/_temp/work/rt/cripto-tests"
runtime_env done 2026-09-27T22:59:51Z
