{"effective_proposal": "/home/runner/work/_temp/work/failures/F10/proposals/1.json", "template": "fixtures/proposals/e2e/01-allow.json", "sha256": "91c8e6c5afc27c06e4619787eb950163b0c6f2a2dd9defeed600f5f296524d2d"}
{"n": 1, "label": "propose 1", "at": "2026-10-08T00:11:09Z", "seconds": 0.259, "argv": ["/home/runner/work/_temp/work/rt/cain-venv/bin/cain", "research", "propose", "--domain", "stocks", "--state", "/home/runner/work/_temp/work/failures/F10/cain-state", "--proposal", "/home/runner/work/_temp/work/failures/F10/proposals/1.json", "--as-of", "2026-10-08T00:11:09Z"], "fault_env": {}, "exit": 0}
--- stdout
{"decision": "ALLOW", "episode_id": "stocks:episode-1", "reason_code": "ALLOWED", "receipt_sha256": "f8a4ac266e7156538d78c31079a4ff397a4b8441a21fbc159a812efe90c0088a", "rule": "R14", "status": "RECORDED", "task": {"payload_sha256": "5d58a04a7a07cc48e432b12b0df7fe6129600f24073dff1b68ba5e4515cae476", "previous_task_id": null, "task_id": "stocks:TASK-d6e8e42d8c2ea854a57e783dbe86fcbf"}}
--- stderr
--- end
{"n": 2, "label": "dispatch 1", "at": "2026-10-08T00:11:09Z", "seconds": 0.097, "argv": ["/home/runner/work/_temp/work/rt/cain-venv/bin/cain", "research", "dispatch", "--domain", "stocks", "--state", "/home/runner/work/_temp/work/failures/F10/cain-state", "--spool", "/home/runner/work/_temp/work/failures/F10/spool"], "fault_env": {}, "exit": 0}
--- stdout
{"action": "dispatched", "file": "stocks/tasks/TASK-d6e8e42d8c2ea854a57e783dbe86fcbf.json", "spool": "WRITTEN", "task_id": "stocks:TASK-d6e8e42d8c2ea854a57e783dbe86fcbf"}
--- stderr
--- end
{"n": 3, "label": "consumer 1", "at": "2026-10-08T00:11:16Z", "seconds": 7.018, "argv": ["/home/runner/work/_temp/work/rt/consumer-venv/bin/predictor-research-consumer", "--domain", "stocks", "--spool", "/home/runner/work/_temp/work/failures/F10/spool", "--ledger", "/home/runner/work/_temp/work/failures/F10/consumer/ledger.sqlite", "--state", "/home/runner/work/_temp/work/failures/F10/domain-state", "--policy", "/home/runner/work/_temp/work/rt/op/policy.json", "--objects", "/home/runner/work/_temp/work/rt/op/objects"], "fault_env": {}, "exit": 0}
--- stdout
{"action": "delivered", "attempt": 1, "class": "TERMINAL_RESULT", "episode_id": "stocks:episode-1", "result_file": "stocks/results/TASK-d6e8e42d8c2ea854a57e783dbe86fcbf.ea1ef9a380d0b7a4.json", "result_write": "WRITTEN", "status": "RESULT", "task_id": "stocks:TASK-d6e8e42d8c2ea854a57e783dbe86fcbf"}
--- stderr
{"duration_ms": 6723, "event": "job_finished", "job_id": "stocks-research-2c4619daef8d7e63ea4a3d5a", "level": "INFO", "run_id": "422fcf8b08b04523bffa978d271e6a4b", "run_status": "SUCCEEDED", "service": "predictor_ops", "timestamp": "2026-10-08T00:11:16.577393Z"}
--- end
{"n": 4, "label": "ingest 1", "at": "2026-10-08T00:11:16Z", "seconds": 0.105, "argv": ["/home/runner/work/_temp/work/rt/cain-venv/bin/cain", "research", "ingest", "--domain", "stocks", "--state", "/home/runner/work/_temp/work/failures/F10/cain-state", "--spool", "/home/runner/work/_temp/work/failures/F10/spool"], "fault_env": {}, "exit": 0}
--- stdout
{"action": "ingested", "class": "TERMINAL_RESULT", "fact": "fact:894d8c867a1848a484c4cf9d66eddd85", "file": "TASK-d6e8e42d8c2ea854a57e783dbe86fcbf.ea1ef9a380d0b7a4.json", "status": "RESULT", "task_id": "stocks:TASK-d6e8e42d8c2ea854a57e783dbe86fcbf"}
--- stderr
--- end
{"effective_proposal": "/home/runner/work/_temp/work/failures/F10/proposals/2.json", "template": "fixtures/proposals/e2e/01-allow.json", "sha256": "87c4c0d132ccb0e6fcb90d3be9f570d0c7db45bd8f80b5348033428655fe701b"}
{"n": 5, "label": "propose 2", "at": "2026-10-08T00:11:16Z", "seconds": 0.101, "argv": ["/home/runner/work/_temp/work/rt/cain-venv/bin/cain", "research", "propose", "--domain", "stocks", "--state", "/home/runner/work/_temp/work/failures/F10/cain-state", "--proposal", "/home/runner/work/_temp/work/failures/F10/proposals/2.json", "--as-of", "2026-10-08T00:11:16Z"], "fault_env": {}, "exit": 0}
--- stdout
{"decision": "ALLOW", "episode_id": "stocks:episode-2", "reason_code": "ALLOWED", "receipt_sha256": "81f45b94387b0c60bb3e86b2cdb4d797e64971e1e6a6b063983a260b3efe10d9", "rule": "R14", "status": "RECORDED", "task": {"payload_sha256": "0bcb09fe5ef66cee9799b062ded088129bb2b35d3f4b33a8ce368025486a767e", "previous_task_id": "stocks:TASK-d6e8e42d8c2ea854a57e783dbe86fcbf", "task_id": "stocks:TASK-007ffa602cbb32f908b38956dc6c1318"}}
--- stderr
--- end
{"n": 6, "label": "dispatch 2", "at": "2026-10-08T00:11:16Z", "seconds": 0.097, "argv": ["/home/runner/work/_temp/work/rt/cain-venv/bin/cain", "research", "dispatch", "--domain", "stocks", "--state", "/home/runner/work/_temp/work/failures/F10/cain-state", "--spool", "/home/runner/work/_temp/work/failures/F10/spool"], "fault_env": {}, "exit": 0}
--- stdout
{"action": "dispatched", "file": "stocks/tasks/TASK-007ffa602cbb32f908b38956dc6c1318.json", "spool": "WRITTEN", "task_id": "stocks:TASK-007ffa602cbb32f908b38956dc6c1318"}
--- stderr
--- end
{"n": 7, "label": "consumer 2", "at": "2026-10-08T00:11:24Z", "seconds": 7.079, "argv": ["/home/runner/work/_temp/work/rt/consumer-venv/bin/predictor-research-consumer", "--domain", "stocks", "--spool", "/home/runner/work/_temp/work/failures/F10/spool", "--ledger", "/home/runner/work/_temp/work/failures/F10/consumer/ledger.sqlite", "--state", "/home/runner/work/_temp/work/failures/F10/domain-state", "--policy", "/home/runner/work/_temp/work/rt/op/policy.json", "--objects", "/home/runner/work/_temp/work/rt/op/objects"], "fault_env": {}, "exit": 0}
--- stdout
{"action": "skipped", "episode_id": "stocks:episode-1", "state": "TERMINAL_RESULT", "status": "RESULT", "task_id": "stocks:TASK-d6e8e42d8c2ea854a57e783dbe86fcbf"}
{"action": "delivered", "attempt": 1, "class": "TERMINAL_RESULT", "episode_id": "stocks:episode-2", "result_file": "stocks/results/TASK-007ffa602cbb32f908b38956dc6c1318.a6a39ab04b5c5563.json", "result_write": "WRITTEN", "status": "RESULT", "task_id": "stocks:TASK-007ffa602cbb32f908b38956dc6c1318"}
--- stderr
{"duration_ms": 6688, "event": "job_finished", "job_id": "stocks-research-a3602682141e12fe442b4207", "level": "INFO", "run_id": "604a0729c09a47048527f35d4083d963", "run_status": "SUCCEEDED", "service": "predictor_ops", "timestamp": "2026-10-08T00:11:23.917665Z"}
--- end
{"n": 8, "label": "ingest out of order", "at": "2026-10-08T00:11:24Z", "seconds": 0.108, "argv": ["/home/runner/work/_temp/work/rt/cain-venv/bin/cain", "research", "ingest", "--domain", "stocks", "--state", "/home/runner/work/_temp/work/failures/F10/cain-state", "--spool", "/home/runner/work/_temp/work/failures/F10/spool"], "fault_env": {}, "exit": 0}
--- stdout
{"action": "duplicate", "file": "00-late-TASK-d6e8e42d8c2ea854a57e783dbe86fcbf.ea1ef9a380d0b7a4.json"}
{"action": "ingested", "class": "TERMINAL_RESULT", "fact": "fact:9a9dfa6ade7b40f386260e1b46c208d7", "file": "TASK-007ffa602cbb32f908b38956dc6c1318.a6a39ab04b5c5563.json", "status": "RESULT", "task_id": "stocks:TASK-007ffa602cbb32f908b38956dc6c1318"}
{"action": "duplicate", "file": "TASK-d6e8e42d8c2ea854a57e783dbe86fcbf.ea1ef9a380d0b7a4.json"}
--- stderr
--- end
{"n": 9, "label": "episodes", "at": "2026-10-08T00:11:24Z", "seconds": 0.095, "argv": ["/home/runner/work/_temp/work/rt/cain-venv/bin/cain", "research", "episodes", "--domain", "stocks", "--state", "/home/runner/work/_temp/work/failures/F10/cain-state"], "fault_env": {}, "exit": 0}
--- stdout
{"domain": "stocks", "episodes": [{"as_of": "2026-10-08T00:11:09Z", "decision": "ALLOW", "number": 1, "outbox": {"dispatches": 1, "retries_requested": 0, "status": "PUBLISHED", "task_id": "stocks:TASK-d6e8e42d8c2ea854a57e783dbe86fcbf"}, "proposal_id": "cain:FM-F10-1", "reason_code": "ALLOWED", "receipt_sha256": "f8a4ac266e7156538d78c31079a4ff397a4b8441a21fbc159a812efe90c0088a", "source": "operator", "task_id": "stocks:TASK-d6e8e42d8c2ea854a57e783dbe86fcbf"}, {"as_of": "2026-10-08T00:11:16Z", "decision": "ALLOW", "number": 2, "outbox": {"dispatches": 1, "retries_requested": 0, "status": "PUBLISHED", "task_id": "stocks:TASK-007ffa602cbb32f908b38956dc6c1318"}, "proposal_id": "cain:FM-F10-2", "reason_code": "ALLOWED", "receipt_sha256": "81f45b94387b0c60bb3e86b2cdb4d797e64971e1e6a6b063983a260b3efe10d9", "source": "operator", "task_id": "stocks:TASK-007ffa602cbb32f908b38956dc6c1318"}], "inbox": [{"class": "TERMINAL_RESULT", "fact_id": "fact:894d8c867a1848a484c4cf9d66eddd85", "payload_sha256": "2c585bc5100468fb37e641b945767218329e4c457f23e9c6a368ca6f3421c54d", "status": "RESULT", "task_id": "stocks:TASK-d6e8e42d8c2ea854a57e783dbe86fcbf"}, {"class": "TERMINAL_RESULT", "fact_id": "fact:9a9dfa6ade7b40f386260e1b46c208d7", "payload_sha256": "62102ff94e820a4fbb65618c4bffce8358ea4bd57284d9e89d11d45f3db2d429", "status": "RESULT", "task_id": "stocks:TASK-007ffa602cbb32f908b38956dc6c1318"}], "memory": {"broken_at": null, "cube": "stocks", "facts": 2, "log": "shared across domains", "projection": "consistent", "status": "intact"}, "rejections": []}
--- stderr
--- end
{"n": 10, "label": "two tasks, two results", "at": "2026-10-08T00:11:24Z", "seconds": 0.097, "argv": ["/home/runner/work/_temp/work/rt/cain-venv/bin/cain", "research", "episodes", "--domain", "stocks", "--state", "/home/runner/work/_temp/work/failures/F10/cain-state"], "fault_env": {}, "exit": 0}
--- stdout
{"domain": "stocks", "episodes": [{"as_of": "2026-10-08T00:11:09Z", "decision": "ALLOW", "number": 1, "outbox": {"dispatches": 1, "retries_requested": 0, "status": "PUBLISHED", "task_id": "stocks:TASK-d6e8e42d8c2ea854a57e783dbe86fcbf"}, "proposal_id": "cain:FM-F10-1", "reason_code": "ALLOWED", "receipt_sha256": "f8a4ac266e7156538d78c31079a4ff397a4b8441a21fbc159a812efe90c0088a", "source": "operator", "task_id": "stocks:TASK-d6e8e42d8c2ea854a57e783dbe86fcbf"}, {"as_of": "2026-10-08T00:11:16Z", "decision": "ALLOW", "number": 2, "outbox": {"dispatches": 1, "retries_requested": 0, "status": "PUBLISHED", "task_id": "stocks:TASK-007ffa602cbb32f908b38956dc6c1318"}, "proposal_id": "cain:FM-F10-2", "reason_code": "ALLOWED", "receipt_sha256": "81f45b94387b0c60bb3e86b2cdb4d797e64971e1e6a6b063983a260b3efe10d9", "source": "operator", "task_id": "stocks:TASK-007ffa602cbb32f908b38956dc6c1318"}], "inbox": [{"class": "TERMINAL_RESULT", "fact_id": "fact:894d8c867a1848a484c4cf9d66eddd85", "payload_sha256": "2c585bc5100468fb37e641b945767218329e4c457f23e9c6a368ca6f3421c54d", "status": "RESULT", "task_id": "stocks:TASK-d6e8e42d8c2ea854a57e783dbe86fcbf"}, {"class": "TERMINAL_RESULT", "fact_id": "fact:9a9dfa6ade7b40f386260e1b46c208d7", "payload_sha256": "62102ff94e820a4fbb65618c4bffce8358ea4bd57284d9e89d11d45f3db2d429", "status": "RESULT", "task_id": "stocks:TASK-007ffa602cbb32f908b38956dc6c1318"}], "memory": {"broken_at": null, "cube": "stocks", "facts": 2, "log": "shared across domains", "projection": "consistent", "status": "intact"}, "rejections": []}
--- stderr
--- end
