# 2026-09-24T07:05:57Z limpeza de branches do brasileirao-predictor (pedido do dono)
a51a68dd5d23734d6ac882cbcf95bc4d5c15b7a6	refs/heads/fix/walkforward-row-contract-20260919
a2f8665fdacebe0c2581777c7118ccc341ffd751	refs/heads/hygiene/HYG-004-uv-locked
3de65fadeba0cf68f75d64fbb2ae25854fb37c60	refs/heads/hygiene/HYG-015-retire-v1-workflows
e540f97a47fc09d3d6e17f0e0e536634e06d4739	refs/heads/main
04b42c9245e6ec75d72ec6a27d151ee2afef5e70	refs/heads/publication-validation-brasileirao-qualification
04b42c9245e6ec75d72ec6a27d151ee2afef5e70	refs/heads/qualification/brasileirao-stage-a
fix/walkforward-row-contract-20260919 a51a68dd5d23734d6ac882cbcf95bc4d5c15b7a6 contido em main -> apagar
 - [deleted]         fix/walkforward-row-contract-20260919
hygiene/HYG-004-uv-locked a2f8665fdacebe0c2581777c7118ccc341ffd751 contido em main -> apagar
 - [deleted]         hygiene/HYG-004-uv-locked
hygiene/HYG-015-retire-v1-workflows 3de65fadeba0cf68f75d64fbb2ae25854fb37c60 contido em main -> apagar
 - [deleted]         hygiene/HYG-015-retire-v1-workflows
publication-validation-brasileirao-qualification 04b42c9245e6ec75d72ec6a27d151ee2afef5e70 (gatilho do workflow; runs 35960827136 e 35963505773 registrados) -> apagar
 - [deleted]         publication-validation-brasileirao-qualification
== depois
e540f97a47fc09d3d6e17f0e0e536634e06d4739	refs/heads/main
04b42c9245e6ec75d72ec6a27d151ee2afef5e70	refs/heads/qualification/brasileirao-stage-a
# 2026-09-24T07:06:36Z segunda etapa (depois do merge do #78)
qualification/brasileirao-stage-a 04b42c9245e6ec75d72ec6a27d151ee2afef5e70 contido em main -> apagar
 - [deleted]         qualification/brasileirao-stage-a
Deleted branch qualification/brasileirao-stage-a (was 04b42c9).
Deleted branch wip/br-dev (was 04b42c9).
Deleted branch hygiene/HYG-004-uv-locked (was a2f8665).
Deleted branch hygiene/HYG-015-retire-v1-workflows (was 3de65fa).
== remoto
e540f97a47fc09d3d6e17f0e0e536634e06d4739	refs/heads/main
== local
* main
  remotes/origin/HEAD -> origin/main
  remotes/origin/main
## main...origin/main
e540f97 Merge pull request #78 from leonardosovienski/qualification/brasileirao-stage-a
C:/QUALIFICACAO/repos/brasileirao-predictor e540f97 [main]
