{"n": 1, "domain": "brasileirao", "label": "propose 01-allow", "at": "2026-09-28T18:39:57Z", "seconds": 0.225, "argv": ["/home/superleo13/predictors/runtime/integration-brasileirao/priv/run-20260928T183300Z-br13/cain-venv/bin/cain", "research", "propose", "--domain", "brasileirao", "--state", "/home/superleo13/predictors/runtime/integration-brasileirao/priv/run-20260928T183300Z-br13/e2e/cain-state", "--proposal", "/home/superleo13/predictors/work/integration-brasileirao-evidence/qualification/integration-brasileirao/fixtures/proposals/e2e/01-allow.json", "--as-of", "2026-09-28T18:39:57Z"], "fault_env": {}, "exit": 0, "stdout_sha256": "8c81a20d04a5c8cb9f3581881a072ff1d5aad950c7b2180cbe8c16f2348e872e", "stdout_bytes": 396, "stderr_sha256": "e3b0c44298fc1c149afbf4c8996fb92427ae41e4649b934ca495991b7852b855", "stderr_bytes": 0}
--- stdout
{"decision": "ALLOW", "episode_id": "brasileirao:episode-1", "reason_code": "ALLOWED", "receipt_sha256": "35dfb3a44be394154a0493cc0da969a04bd5726b961d47d070cc1118ea41a755", "rule": "R14", "status": "RECORDED", "task": {"payload_sha256": "6e8a8a5094e4233b9d161e8605851efc7b7d07da7f1d358cb6e31ca58129cf0b", "previous_task_id": null, "task_id": "brasileirao:TASK-1dbe590d60e927b6bd034bcafe5d0cf2"}}
--- end
{"n": 2, "domain": "brasileirao", "label": "dispatch 01-allow", "at": "2026-09-28T18:39:58Z", "seconds": 0.101, "argv": ["/home/superleo13/predictors/runtime/integration-brasileirao/priv/run-20260928T183300Z-br13/cain-venv/bin/cain", "research", "dispatch", "--domain", "brasileirao", "--state", "/home/superleo13/predictors/runtime/integration-brasileirao/priv/run-20260928T183300Z-br13/e2e/cain-state", "--spool", "/home/superleo13/predictors/runtime/integration-brasileirao/priv/run-20260928T183300Z-br13/e2e/spool"], "fault_env": {}, "exit": 0, "stdout_sha256": "18c2ebb7c3fcd854f1615331a2766812de3b25c4dc465ec4d2a4cc4dc35b2282", "stdout_bytes": 181, "stderr_sha256": "e3b0c44298fc1c149afbf4c8996fb92427ae41e4649b934ca495991b7852b855", "stderr_bytes": 0}
--- stdout
{"action": "dispatched", "file": "brasileirao/tasks/TASK-1dbe590d60e927b6bd034bcafe5d0cf2.json", "spool": "WRITTEN", "task_id": "brasileirao:TASK-1dbe590d60e927b6bd034bcafe5d0cf2"}
--- end
{"n": 3, "domain": "brasileirao", "label": "consumer 01-allow", "at": "2026-09-28T18:40:01Z", "seconds": 3.316, "argv": ["/home/superleo13/predictors/runtime/integration-brasileirao/priv/run-20260928T183300Z-br13/consumer-venv/bin/predictor-research-consumer", "--domain", "brasileirao", "--spool", "/home/superleo13/predictors/runtime/integration-brasileirao/priv/run-20260928T183300Z-br13/e2e/spool", "--ledger", "/home/superleo13/predictors/runtime/integration-brasileirao/priv/run-20260928T183300Z-br13/e2e/consumer-brasileirao/ledger.sqlite", "--state", "/home/superleo13/predictors/runtime/integration-brasileirao/priv/run-20260928T183300Z-br13/e2e/domain-state-brasileirao", "--policy", "/home/superleo13/predictors/runtime/integration-brasileirao/priv/run-20260928T183300Z-br13/op/policy.json", "--objects", "/home/superleo13/predictors/runtime/integration-brasileirao/priv/run-20260928T183300Z-br13/op/obj"], "fault_env": {}, "exit": 0, "stdout_sha256": "b16f5b15f115640a72dac6cad56f895493b8c14ef84ebf31b0dd15b574133848", "stdout_bytes": 314, "stderr_sha256": "e3b0c44298fc1c149afbf4c8996fb92427ae41e4649b934ca495991b7852b855", "stderr_bytes": 0}
--- stdout
{"action": "delivered", "attempt": 1, "class": "TERMINAL_RESULT", "episode_id": "brasileirao:episode-1", "result_file": "brasileirao/results/TASK-1dbe590d60e927b6bd034bcafe5d0cf2.5630ae27ba0b853f.json", "result_write": "WRITTEN", "status": "RESULT", "task_id": "brasileirao:TASK-1dbe590d60e927b6bd034bcafe5d0cf2"}
--- end
{"n": 4, "domain": "brasileirao", "label": "ingest 01-allow", "at": "2026-09-28T18:40:01Z", "seconds": 0.127, "argv": ["/home/superleo13/predictors/runtime/integration-brasileirao/priv/run-20260928T183300Z-br13/cain-venv/bin/cain", "research", "ingest", "--domain", "brasileirao", "--state", "/home/superleo13/predictors/runtime/integration-brasileirao/priv/run-20260928T183300Z-br13/e2e/cain-state", "--spool", "/home/superleo13/predictors/runtime/integration-brasileirao/priv/run-20260928T183300Z-br13/e2e/spool"], "fault_env": {}, "exit": 0, "stdout_sha256": "ddf805bc416e8290ab9d100b02373c6c72cbd78353e59f16affcbe9ee9e0f5f8", "stdout_bytes": 255, "stderr_sha256": "e3b0c44298fc1c149afbf4c8996fb92427ae41e4649b934ca495991b7852b855", "stderr_bytes": 0}
--- stdout
{"action": "ingested", "class": "TERMINAL_RESULT", "fact": "fact:41f5d838a0aa4dd8891564c43467b6f9", "file": "TASK-1dbe590d60e927b6bd034bcafe5d0cf2.5630ae27ba0b853f.json", "status": "RESULT", "task_id": "brasileirao:TASK-1dbe590d60e927b6bd034bcafe5d0cf2"}
--- end
{"n": 5, "domain": "brasileirao", "label": "propose 02-allow-restarts", "at": "2026-09-28T18:40:01Z", "seconds": 0.115, "argv": ["/home/superleo13/predictors/runtime/integration-brasileirao/priv/run-20260928T183300Z-br13/cain-venv/bin/cain", "research", "propose", "--domain", "brasileirao", "--state", "/home/superleo13/predictors/runtime/integration-brasileirao/priv/run-20260928T183300Z-br13/e2e/cain-state", "--proposal", "/home/superleo13/predictors/work/integration-brasileirao-evidence/qualification/integration-brasileirao/fixtures/proposals/e2e/02-allow-restarts.json", "--as-of", "2026-09-28T18:40:01Z"], "fault_env": {}, "exit": 0, "stdout_sha256": "e1702619ae0acb85e64277579e8259cc04750293fae08310d80f27f840a418b4", "stdout_bytes": 443, "stderr_sha256": "e3b0c44298fc1c149afbf4c8996fb92427ae41e4649b934ca495991b7852b855", "stderr_bytes": 0}
--- stdout
{"decision": "ALLOW", "episode_id": "brasileirao:episode-2", "reason_code": "ALLOWED", "receipt_sha256": "12a789ec4de50c71c8197787daa487ed28217c104b2e68cc03900d4b367bb707", "rule": "R14", "status": "RECORDED", "task": {"payload_sha256": "0a5392f0763df0dc31be1cae1ea4c65f5975d8b8e95b802ce3a5696e30388a24", "previous_task_id": "brasileirao:TASK-1dbe590d60e927b6bd034bcafe5d0cf2", "task_id": "brasileirao:TASK-2026a6ea02942cdd62f6c1acede805f8"}}
--- end
{"n": 6, "domain": "brasileirao", "label": "dispatch 02", "at": "2026-09-28T18:40:01Z", "seconds": 0.109, "argv": ["/home/superleo13/predictors/runtime/integration-brasileirao/priv/run-20260928T183300Z-br13/cain-venv/bin/cain", "research", "dispatch", "--domain", "brasileirao", "--state", "/home/superleo13/predictors/runtime/integration-brasileirao/priv/run-20260928T183300Z-br13/e2e/cain-state", "--spool", "/home/superleo13/predictors/runtime/integration-brasileirao/priv/run-20260928T183300Z-br13/e2e/spool"], "fault_env": {}, "exit": 0, "stdout_sha256": "db8e05c75c7a64e82f1cc97a57af55ed191e8c5e2485a66129195dd90abef1c1", "stdout_bytes": 181, "stderr_sha256": "e3b0c44298fc1c149afbf4c8996fb92427ae41e4649b934ca495991b7852b855", "stderr_bytes": 0}
--- stdout
{"action": "dispatched", "file": "brasileirao/tasks/TASK-2026a6ea02942cdd62f6c1acede805f8.json", "spool": "WRITTEN", "task_id": "brasileirao:TASK-2026a6ea02942cdd62f6c1acede805f8"}
--- end
{"n": 7, "domain": "brasileirao", "label": "consumer 02 (fault)", "at": "2026-09-28T18:40:07Z", "seconds": 5.703, "argv": ["/home/superleo13/predictors/runtime/integration-brasileirao/priv/run-20260928T183300Z-br13/consumer-venv/bin/predictor-research-consumer", "--domain", "brasileirao", "--spool", "/home/superleo13/predictors/runtime/integration-brasileirao/priv/run-20260928T183300Z-br13/e2e/spool", "--ledger", "/home/superleo13/predictors/runtime/integration-brasileirao/priv/run-20260928T183300Z-br13/e2e/consumer-brasileirao/ledger.sqlite", "--state", "/home/superleo13/predictors/runtime/integration-brasileirao/priv/run-20260928T183300Z-br13/e2e/domain-state-brasileirao", "--policy", "/home/superleo13/predictors/runtime/integration-brasileirao/priv/run-20260928T183300Z-br13/op/policy.json", "--objects", "/home/superleo13/predictors/runtime/integration-brasileirao/priv/run-20260928T183300Z-br13/op/obj"], "fault_env": {"PREDICTOR_RESEARCH_TRANSPORT_FAULT": "after_domain_before_result_write"}, "exit": 86, "stdout_sha256": "e3b0c44298fc1c149afbf4c8996fb92427ae41e4649b934ca495991b7852b855", "stdout_bytes": 0, "stderr_sha256": "e3b0c44298fc1c149afbf4c8996fb92427ae41e4649b934ca495991b7852b855", "stderr_bytes": 0}
--- stdout
--- end
{"n": 8, "domain": "brasileirao", "label": "consumer 02 (restart)", "at": "2026-09-28T18:40:07Z", "seconds": 0.175, "argv": ["/home/superleo13/predictors/runtime/integration-brasileirao/priv/run-20260928T183300Z-br13/consumer-venv/bin/predictor-research-consumer", "--domain", "brasileirao", "--spool", "/home/superleo13/predictors/runtime/integration-brasileirao/priv/run-20260928T183300Z-br13/e2e/spool", "--ledger", "/home/superleo13/predictors/runtime/integration-brasileirao/priv/run-20260928T183300Z-br13/e2e/consumer-brasileirao/ledger.sqlite", "--state", "/home/superleo13/predictors/runtime/integration-brasileirao/priv/run-20260928T183300Z-br13/e2e/domain-state-brasileirao", "--policy", "/home/superleo13/predictors/runtime/integration-brasileirao/priv/run-20260928T183300Z-br13/op/policy.json", "--objects", "/home/superleo13/predictors/runtime/integration-brasileirao/priv/run-20260928T183300Z-br13/op/obj"], "fault_env": {}, "exit": 0, "stdout_sha256": "28f2900826dbfa5be3776e13853becdd2bbf1fd9756a147aedc01e1c39733253", "stdout_bytes": 490, "stderr_sha256": "e3b0c44298fc1c149afbf4c8996fb92427ae41e4649b934ca495991b7852b855", "stderr_bytes": 0}
--- stdout
{"action": "skipped", "episode_id": "brasileirao:episode-1", "state": "TERMINAL_RESULT", "status": "RESULT", "task_id": "brasileirao:TASK-1dbe590d60e927b6bd034bcafe5d0cf2"}
{"action": "delivered", "attempt": 2, "class": "TERMINAL_RESULT", "episode_id": "brasileirao:episode-2", "result_file": "brasileirao/results/TASK-2026a6ea02942cdd62f6c1acede805f8.6ad2227898f85b5e.json", "result_write": "WRITTEN", "status": "DUPLICATE", "task_id": "brasileirao:TASK-2026a6ea02942cdd62f6c1acede805f8"}
--- end
{"n": 9, "domain": "brasileirao", "label": "ingest 02 (fault)", "at": "2026-09-28T18:40:07Z", "seconds": 0.113, "argv": ["/home/superleo13/predictors/runtime/integration-brasileirao/priv/run-20260928T183300Z-br13/cain-venv/bin/cain", "research", "ingest", "--domain", "brasileirao", "--state", "/home/superleo13/predictors/runtime/integration-brasileirao/priv/run-20260928T183300Z-br13/e2e/cain-state", "--spool", "/home/superleo13/predictors/runtime/integration-brasileirao/priv/run-20260928T183300Z-br13/e2e/spool"], "fault_env": {"CAIN_ORCHESTRATION_FAULT": "after_inbox_commit_before_memory"}, "exit": 86, "stdout_sha256": "e3b0c44298fc1c149afbf4c8996fb92427ae41e4649b934ca495991b7852b855", "stdout_bytes": 0, "stderr_sha256": "e3b0c44298fc1c149afbf4c8996fb92427ae41e4649b934ca495991b7852b855", "stderr_bytes": 0}
--- stdout
--- end
{"n": 10, "domain": "brasileirao", "label": "ingest 02 (restart)", "at": "2026-09-28T18:40:07Z", "seconds": 0.119, "argv": ["/home/superleo13/predictors/runtime/integration-brasileirao/priv/run-20260928T183300Z-br13/cain-venv/bin/cain", "research", "ingest", "--domain", "brasileirao", "--state", "/home/superleo13/predictors/runtime/integration-brasileirao/priv/run-20260928T183300Z-br13/e2e/cain-state", "--spool", "/home/superleo13/predictors/runtime/integration-brasileirao/priv/run-20260928T183300Z-br13/e2e/spool"], "fault_env": {}, "exit": 0, "stdout_sha256": "b908afc0a910ba9409eb45c0435b006650dda52a2751e7dad37fd50ba34fe1d4", "stdout_bytes": 260, "stderr_sha256": "e3b0c44298fc1c149afbf4c8996fb92427ae41e4649b934ca495991b7852b855", "stderr_bytes": 0}
--- stdout
{"action": "duplicate", "file": "TASK-1dbe590d60e927b6bd034bcafe5d0cf2.5630ae27ba0b853f.json"}
{"action": "remembered", "fact_id": "fact:d2ccab7f6599436ba42b7b47483f33d3", "file": "TASK-2026a6ea02942cdd62f6c1acede805f8.6ad2227898f85b5e.json", "reused": false}
--- end
{"n": 11, "domain": "brasileirao", "label": "ingest interleaved other domains", "at": "2026-09-28T18:40:07Z", "seconds": 0.108, "argv": ["/home/superleo13/predictors/runtime/integration-brasileirao/priv/run-20260928T183300Z-br13/cain-venv/bin/cain", "research", "ingest", "--domain", "brasileirao", "--state", "/home/superleo13/predictors/runtime/integration-brasileirao/priv/run-20260928T183300Z-br13/e2e/cain-state", "--spool", "/home/superleo13/predictors/runtime/integration-brasileirao/priv/run-20260928T183300Z-br13/e2e/spool"], "fault_env": {}, "exit": 2, "stdout_sha256": "db6240070f7d72d5d3b5fdb758982d78a20129d14c0a4a7e7ee01f063e119f3b", "stdout_bytes": 645, "stderr_sha256": "e3b0c44298fc1c149afbf4c8996fb92427ae41e4649b934ca495991b7852b855", "stderr_bytes": 0}
--- stdout
{"action": "duplicate", "file": "TASK-1dbe590d60e927b6bd034bcafe5d0cf2.5630ae27ba0b853f.json"}
{"action": "duplicate", "file": "TASK-2026a6ea02942cdd62f6c1acede805f8.6ad2227898f85b5e.json"}
{"action": "rejected", "code": "TASK_NOT_FOUND", "file": "interleaved-brasileirao-result-h9.json", "reason": "brasileirao:TASK-a217b64758a0bb915918e79a09d87ac7 was not emitted by this CAIN"}
{"action": "rejected", "code": "DOMAIN_MISMATCH", "file": "interleaved-crypto-result-h9.json", "reason": "result of domain crypto"}
{"action": "rejected", "code": "DOMAIN_MISMATCH", "file": "interleaved-stocks-result-h9.json", "reason": "result of domain stocks"}
--- end
{"n": 12, "domain": "brasileirao", "label": "propose 03-canary", "at": "2026-09-28T18:40:08Z", "seconds": 0.109, "argv": ["/home/superleo13/predictors/runtime/integration-brasileirao/priv/run-20260928T183300Z-br13/cain-venv/bin/cain", "research", "propose", "--domain", "brasileirao", "--state", "/home/superleo13/predictors/runtime/integration-brasileirao/priv/run-20260928T183300Z-br13/e2e/cain-state", "--proposal", "/home/superleo13/predictors/work/integration-brasileirao-evidence/qualification/integration-brasileirao/fixtures/proposals/e2e/03-canary.json", "--as-of", "2026-09-28T18:40:07Z"], "fault_env": {}, "exit": 0, "stdout_sha256": "49f1ed2f04fa7533177ec641be81efbe2e42a9306f0d4f9cd531e0b19d96efb2", "stdout_bytes": 443, "stderr_sha256": "e3b0c44298fc1c149afbf4c8996fb92427ae41e4649b934ca495991b7852b855", "stderr_bytes": 0}
--- stdout
{"decision": "ALLOW", "episode_id": "brasileirao:episode-3", "reason_code": "ALLOWED", "receipt_sha256": "9446894fff62ae5c74774a53aabb3a165b0b2064711f403e394c39eb2ba0ce88", "rule": "R14", "status": "RECORDED", "task": {"payload_sha256": "5e477530047e2b15d86a86f8251ebd77f2c2824c5592e234e55eeb43f94825c1", "previous_task_id": "brasileirao:TASK-2026a6ea02942cdd62f6c1acede805f8", "task_id": "brasileirao:TASK-96f42e4a16376ff5f6d3b08e610599b6"}}
--- end
{"n": 13, "domain": "brasileirao", "label": "dispatch 03-canary", "at": "2026-09-28T18:40:08Z", "seconds": 0.101, "argv": ["/home/superleo13/predictors/runtime/integration-brasileirao/priv/run-20260928T183300Z-br13/cain-venv/bin/cain", "research", "dispatch", "--domain", "brasileirao", "--state", "/home/superleo13/predictors/runtime/integration-brasileirao/priv/run-20260928T183300Z-br13/e2e/cain-state", "--spool", "/home/superleo13/predictors/runtime/integration-brasileirao/priv/run-20260928T183300Z-br13/e2e/spool"], "fault_env": {}, "exit": 0, "stdout_sha256": "a66e5b0c6e2170f40da693f61c7c4698f97cb1d57e53e77850320ef0239fcfb5", "stdout_bytes": 181, "stderr_sha256": "e3b0c44298fc1c149afbf4c8996fb92427ae41e4649b934ca495991b7852b855", "stderr_bytes": 0}
--- stdout
{"action": "dispatched", "file": "brasileirao/tasks/TASK-96f42e4a16376ff5f6d3b08e610599b6.json", "spool": "WRITTEN", "task_id": "brasileirao:TASK-96f42e4a16376ff5f6d3b08e610599b6"}
--- end
{"n": 14, "domain": "brasileirao", "label": "consumer 03-canary", "at": "2026-09-28T18:40:11Z", "seconds": 3.294, "argv": ["/home/superleo13/predictors/runtime/integration-brasileirao/priv/run-20260928T183300Z-br13/consumer-venv/bin/predictor-research-consumer", "--domain", "brasileirao", "--spool", "/home/superleo13/predictors/runtime/integration-brasileirao/priv/run-20260928T183300Z-br13/e2e/spool", "--ledger", "/home/superleo13/predictors/runtime/integration-brasileirao/priv/run-20260928T183300Z-br13/e2e/consumer-brasileirao/ledger.sqlite", "--state", "/home/superleo13/predictors/runtime/integration-brasileirao/priv/run-20260928T183300Z-br13/e2e/domain-state-brasileirao", "--policy", "/home/superleo13/predictors/runtime/integration-brasileirao/priv/run-20260928T183300Z-br13/op/policy.json", "--objects", "/home/superleo13/predictors/runtime/integration-brasileirao/priv/run-20260928T183300Z-br13/op/obj"], "fault_env": {}, "exit": 0, "stdout_sha256": "b72a63ad4b4303dc10e9bbda6ad8593db0a2deccd4c484744d3fb61e8561693e", "stdout_bytes": 663, "stderr_sha256": "e3b0c44298fc1c149afbf4c8996fb92427ae41e4649b934ca495991b7852b855", "stderr_bytes": 0}
--- stdout
{"action": "skipped", "episode_id": "brasileirao:episode-1", "state": "TERMINAL_RESULT", "status": "RESULT", "task_id": "brasileirao:TASK-1dbe590d60e927b6bd034bcafe5d0cf2"}
{"action": "skipped", "episode_id": "brasileirao:episode-2", "state": "TERMINAL_RESULT", "status": "DUPLICATE", "task_id": "brasileirao:TASK-2026a6ea02942cdd62f6c1acede805f8"}
{"action": "delivered", "attempt": 1, "class": "TERMINAL_RESULT", "episode_id": "brasileirao:episode-3", "result_file": "brasileirao/results/TASK-96f42e4a16376ff5f6d3b08e610599b6.27f88d71fe04a24c.json", "result_write": "WRITTEN", "status": "RESULT", "task_id": "brasileirao:TASK-96f42e4a16376ff5f6d3b08e610599b6"}
--- end
{"n": 15, "domain": "brasileirao", "label": "ingest 03-canary", "at": "2026-09-28T18:40:11Z", "seconds": 0.117, "argv": ["/home/superleo13/predictors/runtime/integration-brasileirao/priv/run-20260928T183300Z-br13/cain-venv/bin/cain", "research", "ingest", "--domain", "brasileirao", "--state", "/home/superleo13/predictors/runtime/integration-brasileirao/priv/run-20260928T183300Z-br13/e2e/cain-state", "--spool", "/home/superleo13/predictors/runtime/integration-brasileirao/priv/run-20260928T183300Z-br13/e2e/spool"], "fault_env": {}, "exit": 0, "stdout_sha256": "a75fa73f7bde1c93443208d1f75f605bc8a980f9fa097419e442387e3d4ea91c", "stdout_bytes": 794, "stderr_sha256": "e3b0c44298fc1c149afbf4c8996fb92427ae41e4649b934ca495991b7852b855", "stderr_bytes": 0}
--- stdout
{"action": "duplicate", "file": "TASK-1dbe590d60e927b6bd034bcafe5d0cf2.5630ae27ba0b853f.json"}
{"action": "duplicate", "file": "TASK-2026a6ea02942cdd62f6c1acede805f8.6ad2227898f85b5e.json"}
{"action": "ingested", "class": "TERMINAL_RESULT", "fact": "fact:0a7a59b845594a0ea9a8d2a4eb01af43", "file": "TASK-96f42e4a16376ff5f6d3b08e610599b6.27f88d71fe04a24c.json", "status": "RESULT", "task_id": "brasileirao:TASK-96f42e4a16376ff5f6d3b08e610599b6"}
{"action": "skipped", "code": "TASK_NOT_FOUND", "file": "interleaved-brasileirao-result-h9.json", "state": "REJECTED"}
{"action": "skipped", "code": "DOMAIN_MISMATCH", "file": "interleaved-crypto-result-h9.json", "state": "REJECTED"}
{"action": "skipped", "code": "DOMAIN_MISMATCH", "file": "interleaved-stocks-result-h9.json", "state": "REJECTED"}
--- end
{"n": 16, "domain": "brasileirao", "label": "propose 04-canary-control", "at": "2026-09-28T18:40:11Z", "seconds": 0.112, "argv": ["/home/superleo13/predictors/runtime/integration-brasileirao/priv/run-20260928T183300Z-br13/cain-venv/bin/cain", "research", "propose", "--domain", "brasileirao", "--state", "/home/superleo13/predictors/runtime/integration-brasileirao/priv/run-20260928T183300Z-br13/e2e/cain-state", "--proposal", "/home/superleo13/predictors/work/integration-brasileirao-evidence/qualification/integration-brasileirao/fixtures/proposals/e2e/04-canary-control.json", "--as-of", "2026-09-28T18:40:11Z"], "fault_env": {}, "exit": 0, "stdout_sha256": "08b228d80ed8bf89c22ee08e2bd37c7b32a73c9dac8a623dd9aa235252f33cbf", "stdout_bytes": 443, "stderr_sha256": "e3b0c44298fc1c149afbf4c8996fb92427ae41e4649b934ca495991b7852b855", "stderr_bytes": 0}
--- stdout
{"decision": "ALLOW", "episode_id": "brasileirao:episode-4", "reason_code": "ALLOWED", "receipt_sha256": "49175bfe2e216116e04e102fb0cbae7e36678207774a8c4bdafa039fcb9b188e", "rule": "R14", "status": "RECORDED", "task": {"payload_sha256": "09a6ddca1660b3351e538dfd89846c669628d033c496f58514d2588af3ff05e0", "previous_task_id": "brasileirao:TASK-96f42e4a16376ff5f6d3b08e610599b6", "task_id": "brasileirao:TASK-d5ad8e6222f8bd92d3779f375f28c473"}}
--- end
{"n": 17, "domain": "brasileirao", "label": "dispatch 04-canary-control", "at": "2026-09-28T18:40:11Z", "seconds": 0.113, "argv": ["/home/superleo13/predictors/runtime/integration-brasileirao/priv/run-20260928T183300Z-br13/cain-venv/bin/cain", "research", "dispatch", "--domain", "brasileirao", "--state", "/home/superleo13/predictors/runtime/integration-brasileirao/priv/run-20260928T183300Z-br13/e2e/cain-state", "--spool", "/home/superleo13/predictors/runtime/integration-brasileirao/priv/run-20260928T183300Z-br13/e2e/spool"], "fault_env": {}, "exit": 0, "stdout_sha256": "e05a702876046936700bd81357769d87ec3ffc335a390e9be31585020b74e06b", "stdout_bytes": 181, "stderr_sha256": "e3b0c44298fc1c149afbf4c8996fb92427ae41e4649b934ca495991b7852b855", "stderr_bytes": 0}
--- stdout
{"action": "dispatched", "file": "brasileirao/tasks/TASK-d5ad8e6222f8bd92d3779f375f28c473.json", "spool": "WRITTEN", "task_id": "brasileirao:TASK-d5ad8e6222f8bd92d3779f375f28c473"}
--- end
{"n": 18, "domain": "brasileirao", "label": "consumer 04-canary-control", "at": "2026-09-28T18:40:14Z", "seconds": 3.16, "argv": ["/home/superleo13/predictors/runtime/integration-brasileirao/priv/run-20260928T183300Z-br13/consumer-venv/bin/predictor-research-consumer", "--domain", "brasileirao", "--spool", "/home/superleo13/predictors/runtime/integration-brasileirao/priv/run-20260928T183300Z-br13/e2e/spool", "--ledger", "/home/superleo13/predictors/runtime/integration-brasileirao/priv/run-20260928T183300Z-br13/e2e/consumer-brasileirao/ledger.sqlite", "--state", "/home/superleo13/predictors/runtime/integration-brasileirao/priv/run-20260928T183300Z-br13/e2e/domain-state-brasileirao", "--policy", "/home/superleo13/predictors/runtime/integration-brasileirao/priv/run-20260928T183300Z-br13/op/policy.json", "--objects", "/home/superleo13/predictors/runtime/integration-brasileirao/priv/run-20260928T183300Z-br13/op/obj"], "fault_env": {}, "exit": 0, "stdout_sha256": "6c5bfc14b9cbb44e1d0a17cecfe44a30ad5384bba44056aeeed57992cb0e192c", "stdout_bytes": 836, "stderr_sha256": "e3b0c44298fc1c149afbf4c8996fb92427ae41e4649b934ca495991b7852b855", "stderr_bytes": 0}
--- stdout
{"action": "skipped", "episode_id": "brasileirao:episode-1", "state": "TERMINAL_RESULT", "status": "RESULT", "task_id": "brasileirao:TASK-1dbe590d60e927b6bd034bcafe5d0cf2"}
{"action": "skipped", "episode_id": "brasileirao:episode-2", "state": "TERMINAL_RESULT", "status": "DUPLICATE", "task_id": "brasileirao:TASK-2026a6ea02942cdd62f6c1acede805f8"}
{"action": "skipped", "episode_id": "brasileirao:episode-3", "state": "TERMINAL_RESULT", "status": "RESULT", "task_id": "brasileirao:TASK-96f42e4a16376ff5f6d3b08e610599b6"}
{"action": "delivered", "attempt": 1, "class": "TERMINAL_RESULT", "episode_id": "brasileirao:episode-4", "result_file": "brasileirao/results/TASK-d5ad8e6222f8bd92d3779f375f28c473.b469975ca25e1571.json", "result_write": "WRITTEN", "status": "RESULT", "task_id": "brasileirao:TASK-d5ad8e6222f8bd92d3779f375f28c473"}
--- end
{"n": 19, "domain": "brasileirao", "label": "ingest 04-canary-control", "at": "2026-09-28T18:40:15Z", "seconds": 0.12, "argv": ["/home/superleo13/predictors/runtime/integration-brasileirao/priv/run-20260928T183300Z-br13/cain-venv/bin/cain", "research", "ingest", "--domain", "brasileirao", "--state", "/home/superleo13/predictors/runtime/integration-brasileirao/priv/run-20260928T183300Z-br13/e2e/cain-state", "--spool", "/home/superleo13/predictors/runtime/integration-brasileirao/priv/run-20260928T183300Z-br13/e2e/spool"], "fault_env": {}, "exit": 0, "stdout_sha256": "ed39ee968fd89b01b6a5158e22d53f88246531176c6c6f00b6c41b035d1a4f2a", "stdout_bytes": 889, "stderr_sha256": "e3b0c44298fc1c149afbf4c8996fb92427ae41e4649b934ca495991b7852b855", "stderr_bytes": 0}
--- stdout
{"action": "duplicate", "file": "TASK-1dbe590d60e927b6bd034bcafe5d0cf2.5630ae27ba0b853f.json"}
{"action": "duplicate", "file": "TASK-2026a6ea02942cdd62f6c1acede805f8.6ad2227898f85b5e.json"}
{"action": "duplicate", "file": "TASK-96f42e4a16376ff5f6d3b08e610599b6.27f88d71fe04a24c.json"}
{"action": "ingested", "class": "TERMINAL_RESULT", "fact": "fact:5c3cb08a3af446939f342c00d9a778e5", "file": "TASK-d5ad8e6222f8bd92d3779f375f28c473.b469975ca25e1571.json", "status": "RESULT", "task_id": "brasileirao:TASK-d5ad8e6222f8bd92d3779f375f28c473"}
{"action": "skipped", "code": "TASK_NOT_FOUND", "file": "interleaved-brasileirao-result-h9.json", "state": "REJECTED"}
{"action": "skipped", "code": "DOMAIN_MISMATCH", "file": "interleaved-crypto-result-h9.json", "state": "REJECTED"}
{"action": "skipped", "code": "DOMAIN_MISMATCH", "file": "interleaved-stocks-result-h9.json", "state": "REJECTED"}
--- end
{"n": 20, "domain": "brasileirao", "label": "propose 05-duplicate", "at": "2026-09-28T18:40:15Z", "seconds": 0.103, "argv": ["/home/superleo13/predictors/runtime/integration-brasileirao/priv/run-20260928T183300Z-br13/cain-venv/bin/cain", "research", "propose", "--domain", "brasileirao", "--state", "/home/superleo13/predictors/runtime/integration-brasileirao/priv/run-20260928T183300Z-br13/e2e/cain-state", "--proposal", "/home/superleo13/predictors/work/integration-brasileirao-evidence/qualification/integration-brasileirao/fixtures/proposals/e2e/05-duplicate.json", "--as-of", "2026-09-28T18:40:15Z"], "fault_env": {}, "exit": 0, "stdout_sha256": "5b7c7a2538e6286d1b72fb92bcfa7a9349b94aeff0e7bd1332e13ea468074c7d", "stdout_bytes": 238, "stderr_sha256": "e3b0c44298fc1c149afbf4c8996fb92427ae41e4649b934ca495991b7852b855", "stderr_bytes": 0}
--- stdout
{"decision": "DUPLICATE", "episode_id": "brasileirao:episode-5", "reason_code": "DUPLICATE_REQUEST", "receipt_sha256": "b101362b5e6467766b49b6c70788bb5281a6de2cc9a5399960ef94054ad254cf", "rule": "R08", "status": "RECORDED", "task": null}
--- end
{"n": 21, "domain": "brasileirao", "label": "propose 06-h9-protected", "at": "2026-09-28T18:40:15Z", "seconds": 0.097, "argv": ["/home/superleo13/predictors/runtime/integration-brasileirao/priv/run-20260928T183300Z-br13/cain-venv/bin/cain", "research", "propose", "--domain", "brasileirao", "--state", "/home/superleo13/predictors/runtime/integration-brasileirao/priv/run-20260928T183300Z-br13/e2e/cain-state", "--proposal", "/home/superleo13/predictors/work/integration-brasileirao-evidence/qualification/integration-brasileirao/fixtures/proposals/e2e/06-h9-protected.json", "--as-of", "2026-09-28T18:40:15Z"], "fault_env": {}, "exit": 0, "stdout_sha256": "f7730f779e9c9cc91de97c026a326849e92f9a1f4cc03b2e3ac71bc14b197eb6", "stdout_bytes": 234, "stderr_sha256": "e3b0c44298fc1c149afbf4c8996fb92427ae41e4649b934ca495991b7852b855", "stderr_bytes": 0}
--- stdout
{"decision": "BLOCK", "episode_id": "brasileirao:episode-6", "reason_code": "HYPOTHESIS_CLOSED", "receipt_sha256": "9d993339e86d06a131829ea7f649562f06550bfb3a9bef5637a949c13eff5ca7", "rule": "R05", "status": "RECORDED", "task": null}
--- end
{"n": 22, "domain": "brasileirao", "label": "propose 07-crypto-h9", "at": "2026-09-28T18:40:15Z", "seconds": 0.102, "argv": ["/home/superleo13/predictors/runtime/integration-brasileirao/priv/run-20260928T183300Z-br13/cain-venv/bin/cain", "research", "propose", "--domain", "brasileirao", "--state", "/home/superleo13/predictors/runtime/integration-brasileirao/priv/run-20260928T183300Z-br13/e2e/cain-state", "--proposal", "/home/superleo13/predictors/work/integration-brasileirao-evidence/qualification/integration-brasileirao/fixtures/proposals/e2e/07-crypto-h9.json", "--as-of", "2026-09-28T18:40:15Z"], "fault_env": {}, "exit": 0, "stdout_sha256": "60dff4cbcc6640464fffc515fea0862d89ad772a1eb0544b53f5da122280e551", "stdout_bytes": 232, "stderr_sha256": "e3b0c44298fc1c149afbf4c8996fb92427ae41e4649b934ca495991b7852b855", "stderr_bytes": 0}
--- stdout
{"decision": "BLOCK", "episode_id": "brasileirao:episode-7", "reason_code": "DOMAIN_MISMATCH", "receipt_sha256": "d6082cf54e21ac449f3e61a72bc0bd432d00173e7444f3aff660f1cfed003ae6", "rule": "R01", "status": "RECORDED", "task": null}
--- end
{"n": 23, "domain": "brasileirao", "label": "propose 08-stocks-h9", "at": "2026-09-28T18:40:15Z", "seconds": 0.104, "argv": ["/home/superleo13/predictors/runtime/integration-brasileirao/priv/run-20260928T183300Z-br13/cain-venv/bin/cain", "research", "propose", "--domain", "brasileirao", "--state", "/home/superleo13/predictors/runtime/integration-brasileirao/priv/run-20260928T183300Z-br13/e2e/cain-state", "--proposal", "/home/superleo13/predictors/work/integration-brasileirao-evidence/qualification/integration-brasileirao/fixtures/proposals/e2e/08-stocks-h9.json", "--as-of", "2026-09-28T18:40:15Z"], "fault_env": {}, "exit": 0, "stdout_sha256": "1097fd47299fed472f3c709a3a6aa09adffc4d032b85308757f1188fd8df97ae", "stdout_bytes": 232, "stderr_sha256": "e3b0c44298fc1c149afbf4c8996fb92427ae41e4649b934ca495991b7852b855", "stderr_bytes": 0}
--- stdout
{"decision": "BLOCK", "episode_id": "brasileirao:episode-8", "reason_code": "DOMAIN_MISMATCH", "receipt_sha256": "e642bac58ac0e9a65e3dcb8c5437843c73b57b015767903aca8a24c065a1f166", "rule": "R01", "status": "RECORDED", "task": null}
--- end
{"n": 24, "domain": "brasileirao", "label": "propose 09-frozen-family", "at": "2026-09-28T18:40:15Z", "seconds": 0.1, "argv": ["/home/superleo13/predictors/runtime/integration-brasileirao/priv/run-20260928T183300Z-br13/cain-venv/bin/cain", "research", "propose", "--domain", "brasileirao", "--state", "/home/superleo13/predictors/runtime/integration-brasileirao/priv/run-20260928T183300Z-br13/e2e/cain-state", "--proposal", "/home/superleo13/predictors/work/integration-brasileirao-evidence/qualification/integration-brasileirao/fixtures/proposals/e2e/09-frozen-family.json", "--as-of", "2026-09-28T18:40:15Z"], "fault_env": {}, "exit": 0, "stdout_sha256": "b6680607e741190759f5b64f36b2f8f9209fe04ce12524e5ab865693c0573ae4", "stdout_bytes": 234, "stderr_sha256": "e3b0c44298fc1c149afbf4c8996fb92427ae41e4649b934ca495991b7852b855", "stderr_bytes": 0}
--- stdout
{"decision": "BLOCK", "episode_id": "brasileirao:episode-9", "reason_code": "HYPOTHESIS_CLOSED", "receipt_sha256": "c05b83acfd943de23134945877c57b18e128f5768cdc9b485ab1a6a56968e523", "rule": "R05", "status": "RECORDED", "task": null}
--- end
{"n": 25, "domain": "brasileirao", "label": "propose 10-next", "at": "2026-09-28T18:40:15Z", "seconds": 0.101, "argv": ["/home/superleo13/predictors/runtime/integration-brasileirao/priv/run-20260928T183300Z-br13/cain-venv/bin/cain", "research", "propose", "--domain", "brasileirao", "--state", "/home/superleo13/predictors/runtime/integration-brasileirao/priv/run-20260928T183300Z-br13/e2e/cain-state", "--proposal", "/home/superleo13/predictors/work/integration-brasileirao-evidence/qualification/integration-brasileirao/fixtures/proposals/e2e/10-next.json", "--as-of", "2026-09-28T18:40:15Z"], "fault_env": {}, "exit": 0, "stdout_sha256": "a185efe455f616fd031c56850073a6c5399fd073541387bdcf391f832e1234e2", "stdout_bytes": 444, "stderr_sha256": "e3b0c44298fc1c149afbf4c8996fb92427ae41e4649b934ca495991b7852b855", "stderr_bytes": 0}
--- stdout
{"decision": "ALLOW", "episode_id": "brasileirao:episode-10", "reason_code": "ALLOWED", "receipt_sha256": "4e1b681fcd34c8ac89ca5f3e5c558e5bc33599826cea47775833c16409ee03fb", "rule": "R14", "status": "RECORDED", "task": {"payload_sha256": "fcb0f5326451a7189ac1699d3bf071c4fbee048caf0ed2f883bf30c4f2bc47de", "previous_task_id": "brasileirao:TASK-d5ad8e6222f8bd92d3779f375f28c473", "task_id": "brasileirao:TASK-8b7665ad1ddb534b586d04e2bbf4ce69"}}
--- end
{"n": 26, "domain": "brasileirao", "label": "dispatch 10-next", "at": "2026-09-28T18:40:15Z", "seconds": 0.096, "argv": ["/home/superleo13/predictors/runtime/integration-brasileirao/priv/run-20260928T183300Z-br13/cain-venv/bin/cain", "research", "dispatch", "--domain", "brasileirao", "--state", "/home/superleo13/predictors/runtime/integration-brasileirao/priv/run-20260928T183300Z-br13/e2e/cain-state", "--spool", "/home/superleo13/predictors/runtime/integration-brasileirao/priv/run-20260928T183300Z-br13/e2e/spool"], "fault_env": {}, "exit": 0, "stdout_sha256": "c99c651a6db17f7ade060f6a689d928f54e55d14fc0e60cbdf57e387af58d86f", "stdout_bytes": 181, "stderr_sha256": "e3b0c44298fc1c149afbf4c8996fb92427ae41e4649b934ca495991b7852b855", "stderr_bytes": 0}
--- stdout
{"action": "dispatched", "file": "brasileirao/tasks/TASK-8b7665ad1ddb534b586d04e2bbf4ce69.json", "spool": "WRITTEN", "task_id": "brasileirao:TASK-8b7665ad1ddb534b586d04e2bbf4ce69"}
--- end
{"n": 27, "domain": "brasileirao", "label": "consumer 10-next", "at": "2026-09-28T18:40:19Z", "seconds": 3.486, "argv": ["/home/superleo13/predictors/runtime/integration-brasileirao/priv/run-20260928T183300Z-br13/consumer-venv/bin/predictor-research-consumer", "--domain", "brasileirao", "--spool", "/home/superleo13/predictors/runtime/integration-brasileirao/priv/run-20260928T183300Z-br13/e2e/spool", "--ledger", "/home/superleo13/predictors/runtime/integration-brasileirao/priv/run-20260928T183300Z-br13/e2e/consumer-brasileirao/ledger.sqlite", "--state", "/home/superleo13/predictors/runtime/integration-brasileirao/priv/run-20260928T183300Z-br13/e2e/domain-state-brasileirao", "--policy", "/home/superleo13/predictors/runtime/integration-brasileirao/priv/run-20260928T183300Z-br13/op/policy.json", "--objects", "/home/superleo13/predictors/runtime/integration-brasileirao/priv/run-20260928T183300Z-br13/op/obj"], "fault_env": {}, "exit": 0, "stdout_sha256": "a3ee177d5a851c5a45b8b2074102491fb0c112e2c3667233a05766b273ee74bd", "stdout_bytes": 1010, "stderr_sha256": "e3b0c44298fc1c149afbf4c8996fb92427ae41e4649b934ca495991b7852b855", "stderr_bytes": 0}
--- stdout
{"action": "skipped", "episode_id": "brasileirao:episode-1", "state": "TERMINAL_RESULT", "status": "RESULT", "task_id": "brasileirao:TASK-1dbe590d60e927b6bd034bcafe5d0cf2"}
{"action": "skipped", "episode_id": "brasileirao:episode-2", "state": "TERMINAL_RESULT", "status": "DUPLICATE", "task_id": "brasileirao:TASK-2026a6ea02942cdd62f6c1acede805f8"}
{"action": "skipped", "episode_id": "brasileirao:episode-3", "state": "TERMINAL_RESULT", "status": "RESULT", "task_id": "brasileirao:TASK-96f42e4a16376ff5f6d3b08e610599b6"}
{"action": "skipped", "episode_id": "brasileirao:episode-4", "state": "TERMINAL_RESULT", "status": "RESULT", "task_id": "brasileirao:TASK-d5ad8e6222f8bd92d3779f375f28c473"}
{"action": "delivered", "attempt": 1, "class": "TERMINAL_RESULT", "episode_id": "brasileirao:episode-10", "result_file": "brasileirao/results/TASK-8b7665ad1ddb534b586d04e2bbf4ce69.fa6688322823d384.json", "result_write": "WRITTEN", "status": "RESULT", "task_id": "brasileirao:TASK-8b7665ad1ddb534b586d04e2bbf4ce69"}
--- end
{"n": 28, "domain": "brasileirao", "label": "ingest 10-next", "at": "2026-09-28T18:40:19Z", "seconds": 0.147, "argv": ["/home/superleo13/predictors/runtime/integration-brasileirao/priv/run-20260928T183300Z-br13/cain-venv/bin/cain", "research", "ingest", "--domain", "brasileirao", "--state", "/home/superleo13/predictors/runtime/integration-brasileirao/priv/run-20260928T183300Z-br13/e2e/cain-state", "--spool", "/home/superleo13/predictors/runtime/integration-brasileirao/priv/run-20260928T183300Z-br13/e2e/spool"], "fault_env": {}, "exit": 0, "stdout_sha256": "1da12ea53115d2a7ed7fb9a171bf088260b7e56ef45b11d73959904aa06aceea", "stdout_bytes": 984, "stderr_sha256": "e3b0c44298fc1c149afbf4c8996fb92427ae41e4649b934ca495991b7852b855", "stderr_bytes": 0}
--- stdout
{"action": "duplicate", "file": "TASK-1dbe590d60e927b6bd034bcafe5d0cf2.5630ae27ba0b853f.json"}
{"action": "duplicate", "file": "TASK-2026a6ea02942cdd62f6c1acede805f8.6ad2227898f85b5e.json"}
{"action": "ingested", "class": "TERMINAL_RESULT", "fact": "fact:fa46898b02e14d078e343938347aa608", "file": "TASK-8b7665ad1ddb534b586d04e2bbf4ce69.fa6688322823d384.json", "status": "RESULT", "task_id": "brasileirao:TASK-8b7665ad1ddb534b586d04e2bbf4ce69"}
{"action": "duplicate", "file": "TASK-96f42e4a16376ff5f6d3b08e610599b6.27f88d71fe04a24c.json"}
{"action": "duplicate", "file": "TASK-d5ad8e6222f8bd92d3779f375f28c473.b469975ca25e1571.json"}
{"action": "skipped", "code": "TASK_NOT_FOUND", "file": "interleaved-brasileirao-result-h9.json", "state": "REJECTED"}
{"action": "skipped", "code": "DOMAIN_MISMATCH", "file": "interleaved-crypto-result-h9.json", "state": "REJECTED"}
{"action": "skipped", "code": "DOMAIN_MISMATCH", "file": "interleaved-stocks-result-h9.json", "state": "REJECTED"}
--- end
{"n": 29, "domain": "brasileirao", "label": "show brasileirao:REQ-IB-E2E-001", "at": "2026-09-28T18:40:19Z", "seconds": 0.173, "argv": ["/home/superleo13/predictors/runtime/integration-brasileirao/priv/run-20260928T183300Z-br13/consumer-venv/bin/brasileirao-research", "--state", "/home/superleo13/predictors/runtime/integration-brasileirao/priv/run-20260928T183300Z-br13/e2e/domain-state-brasileirao", "show", "brasileirao:REQ-IB-E2E-001"], "fault_env": {}, "exit": 0, "stdout_sha256": "0c2244d65524fe21ab0ec2be1a6669fd5d68865b8b1b70039dea4ead3b8bc788", "stdout_bytes": 121507, "stderr_sha256": "e3b0c44298fc1c149afbf4c8996fb92427ae41e4649b934ca495991b7852b855", "stderr_bytes": 0}
--- stdout
(stdout do domínio só no log privado)
--- end
{"n": 30, "domain": "brasileirao", "label": "show brasileirao:REQ-IB-E2E-002", "at": "2026-09-28T18:40:19Z", "seconds": 0.175, "argv": ["/home/superleo13/predictors/runtime/integration-brasileirao/priv/run-20260928T183300Z-br13/consumer-venv/bin/brasileirao-research", "--state", "/home/superleo13/predictors/runtime/integration-brasileirao/priv/run-20260928T183300Z-br13/e2e/domain-state-brasileirao", "show", "brasileirao:REQ-IB-E2E-002"], "fault_env": {}, "exit": 0, "stdout_sha256": "bf012c9d9325e7f2db50f5e335fb890f7a3e5f3b50d2da583ac20efa02cd6aa9", "stdout_bytes": 294251, "stderr_sha256": "e3b0c44298fc1c149afbf4c8996fb92427ae41e4649b934ca495991b7852b855", "stderr_bytes": 0}
--- stdout
(stdout do domínio só no log privado)
--- end
{"n": 31, "domain": "brasileirao", "label": "show brasileirao:REQ-IB-E2E-010", "at": "2026-09-28T18:40:19Z", "seconds": 0.18, "argv": ["/home/superleo13/predictors/runtime/integration-brasileirao/priv/run-20260928T183300Z-br13/consumer-venv/bin/brasileirao-research", "--state", "/home/superleo13/predictors/runtime/integration-brasileirao/priv/run-20260928T183300Z-br13/e2e/domain-state-brasileirao", "show", "brasileirao:REQ-IB-E2E-010"], "fault_env": {}, "exit": 0, "stdout_sha256": "5e97085d0f6eaf5753c5f0605ddb6bb15dfca61021fc9a949d831dc3167881b2", "stdout_bytes": 293841, "stderr_sha256": "e3b0c44298fc1c149afbf4c8996fb92427ae41e4649b934ca495991b7852b855", "stderr_bytes": 0}
--- stdout
(stdout do domínio só no log privado)
--- end
{"n": 32, "domain": "brasileirao", "label": "show brasileirao:REQ-IB-E2E-003", "at": "2026-09-28T18:40:20Z", "seconds": 0.183, "argv": ["/home/superleo13/predictors/runtime/integration-brasileirao/priv/run-20260928T183300Z-br13/consumer-venv/bin/brasileirao-research", "--state", "/home/superleo13/predictors/runtime/integration-brasileirao/priv/run-20260928T183300Z-br13/e2e/domain-state-brasileirao", "show", "brasileirao:REQ-IB-E2E-003"], "fault_env": {}, "exit": 0, "stdout_sha256": "74a3a3621b7f3e45cd377f002fb81d8c9af3d7526d0c1d5c00949c548d5a9ae6", "stdout_bytes": 121605, "stderr_sha256": "e3b0c44298fc1c149afbf4c8996fb92427ae41e4649b934ca495991b7852b855", "stderr_bytes": 0}
--- stdout
(stdout do domínio só no log privado)
--- end
{"n": 33, "domain": "brasileirao", "label": "show brasileirao:REQ-IB-E2E-004", "at": "2026-09-28T18:40:20Z", "seconds": 0.187, "argv": ["/home/superleo13/predictors/runtime/integration-brasileirao/priv/run-20260928T183300Z-br13/consumer-venv/bin/brasileirao-research", "--state", "/home/superleo13/predictors/runtime/integration-brasileirao/priv/run-20260928T183300Z-br13/e2e/domain-state-brasileirao", "show", "brasileirao:REQ-IB-E2E-004"], "fault_env": {}, "exit": 0, "stdout_sha256": "7fb0d1aefa6df28d045c1556514a56e2d7f90f1109a2d70001269b42bebac517", "stdout_bytes": 121591, "stderr_sha256": "e3b0c44298fc1c149afbf4c8996fb92427ae41e4649b934ca495991b7852b855", "stderr_bytes": 0}
--- stdout
(stdout do domínio só no log privado)
--- end
{"n": 34, "domain": "brasileirao", "label": "episodes final", "at": "2026-09-28T18:40:20Z", "seconds": 0.103, "argv": ["/home/superleo13/predictors/runtime/integration-brasileirao/priv/run-20260928T183300Z-br13/cain-venv/bin/cain", "research", "episodes", "--domain", "brasileirao", "--state", "/home/superleo13/predictors/runtime/integration-brasileirao/priv/run-20260928T183300Z-br13/e2e/cain-state"], "fault_env": {}, "exit": 0, "stdout_sha256": "3fcaf7d792a116d0e4c7422b264257a7b48736d3e7d68721d7bca55315bfd041", "stdout_bytes": 5372, "stderr_sha256": "e3b0c44298fc1c149afbf4c8996fb92427ae41e4649b934ca495991b7852b855", "stderr_bytes": 0}
--- stdout
{"domain": "brasileirao", "episodes": [{"as_of": "2026-09-28T18:39:57Z", "decision": "ALLOW", "number": 1, "outbox": {"dispatches": 1, "retries_requested": 0, "status": "PUBLISHED", "task_id": "brasileirao:TASK-1dbe590d60e927b6bd034bcafe5d0cf2"}, "proposal_id": "cain:IB-E2E-01", "reason_code": "ALLOWED", "receipt_sha256": "35dfb3a44be394154a0493cc0da969a04bd5726b961d47d070cc1118ea41a755", "source": "operator", "task_id": "brasileirao:TASK-1dbe590d60e927b6bd034bcafe5d0cf2"}, {"as_of": "2026-09-28T18:40:01Z", "decision": "ALLOW", "number": 2, "outbox": {"dispatches": 1, "retries_requested": 0, "status": "PUBLISHED", "task_id": "brasileirao:TASK-2026a6ea02942cdd62f6c1acede805f8"}, "proposal_id": "cain:IB-E2E-02", "reason_code": "ALLOWED", "receipt_sha256": "12a789ec4de50c71c8197787daa487ed28217c104b2e68cc03900d4b367bb707", "source": "operator", "task_id": "brasileirao:TASK-2026a6ea02942cdd62f6c1acede805f8"}, {"as_of": "2026-09-28T18:40:07Z", "decision": "ALLOW", "number": 3, "outbox": {"dispatches": 1, "retries_requested": 0, "status": "PUBLISHED", "task_id": "brasileirao:TASK-96f42e4a16376ff5f6d3b08e610599b6"}, "proposal_id": "cain:IB-E2E-03", "reason_code": "ALLOWED", "receipt_sha256": "9446894fff62ae5c74774a53aabb3a165b0b2064711f403e394c39eb2ba0ce88", "source": "operator", "task_id": "brasileirao:TASK-96f42e4a16376ff5f6d3b08e610599b6"}, {"as_of": "2026-09-28T18:40:11Z", "decision": "ALLOW", "number": 4, "outbox": {"dispatches": 1, "retries_requested": 0, "status": "PUBLISHED", "task_id": "brasileirao:TASK-d5ad8e6222f8bd92d3779f375f28c473"}, "proposal_id": "cain:IB-E2E-04", "reason_code": "ALLOWED", "receipt_sha256": "49175bfe2e216116e04e102fb0cbae7e36678207774a8c4bdafa039fcb9b188e", "source": "operator", "task_id": "brasileirao:TASK-d5ad8e6222f8bd92d3779f375f28c473"}, {"as_of": "2026-09-28T18:40:15Z", "decision": "DUPLICATE", "number": 5, "outbox": null, "proposal_id": "cain:IB-E2E-05", "reason_code": "DUPLICATE_REQUEST", "receipt_sha256": "b101362b5e6467766b49b6c70788bb5281a6de2cc9a5399960ef94054ad254cf", "source": "operator", "task_id": null}, {"as_of": "2026-09-28T18:40:15Z", "decision": "BLOCK", "number": 6, "outbox": null, "proposal_id": "cain:IB-E2E-06", "reason_code": "HYPOTHESIS_CLOSED", "receipt_sha256": "9d993339e86d06a131829ea7f649562f06550bfb3a9bef5637a949c13eff5ca7", "source": "operator", "task_id": null}, {"as_of": "2026-09-28T18:40:15Z", "decision": "BLOCK", "number": 7, "outbox": null, "proposal_id": "cain:IB-E2E-07", "reason_code": "DOMAIN_MISMATCH", "receipt_sha256": "d6082cf54e21ac449f3e61a72bc0bd432d00173e7444f3aff660f1cfed003ae6", "source": "operator", "task_id": null}, {"as_of": "2026-09-28T18:40:15Z", "decision": "BLOCK", "number": 8, "outbox": null, "proposal_id": "cain:IB-E2E-08", "reason_code": "DOMAIN_MISMATCH", "receipt_sha256": "e642bac58ac0e9a65e3dcb8c5437843c73b57b015767903aca8a24c065a1f166", "source": "operator", "task_id": null}, {"as_of": "2026-09-28T18:40:15Z", "decision": "BLOCK", "number": 9, "outbox": null, "proposal_id": "cain:IB-E2E-09", "reason_code": "HYPOTHESIS_CLOSED", "receipt_sha256": "c05b83acfd943de23134945877c57b18e128f5768cdc9b485ab1a6a56968e523", "source": "operator", "task_id": null}, {"as_of": "2026-09-28T18:40:15Z", "decision": "ALLOW", "number": 10, "outbox": {"dispatches": 1, "retries_requested": 0, "status": "PUBLISHED", "task_id": "brasileirao:TASK-8b7665ad1ddb534b586d04e2bbf4ce69"}, "proposal_id": "cain:IB-E2E-10", "reason_code": "ALLOWED", "receipt_sha256": "4e1b681fcd34c8ac89ca5f3e5c558e5bc33599826cea47775833c16409ee03fb", "source": "operator", "task_id": "brasileirao:TASK-8b7665ad1ddb534b586d04e2bbf4ce69"}], "inbox": [{"class": "TERMINAL_RESULT", "fact_id": "fact:41f5d838a0aa4dd8891564c43467b6f9", "payload_sha256": "a7381f45ad531a3039222ced2711e53b5516c73864e6cf675ed1fed8d92e2ea2", "status": "RESULT", "task_id": "brasileirao:TASK-1dbe590d60e927b6bd034bcafe5d0cf2"}, {"class": "TERMINAL_RESULT", "fact_id": "fact:d2ccab7f6599436ba42b7b47483f33d3", "payload_sha256": "3eb7993258560fd826ded5d887c9386b9c209945c91b65d273c830f76c5f9fab", "status": "DUPLICATE", "task_id": "brasileirao:TASK-2026a6ea02942cdd62f6c1acede805f8"}, {"class": "TERMINAL_RESULT", "fact_id": "fact:0a7a59b845594a0ea9a8d2a4eb01af43", "payload_sha256": "571c36e83aee8d65746fb860c1f2d1771c861e361ea077615282f57d105ae796", "status": "RESULT", "task_id": "brasileirao:TASK-96f42e4a16376ff5f6d3b08e610599b6"}, {"class": "TERMINAL_RESULT", "fact_id": "fact:5c3cb08a3af446939f342c00d9a778e5", "payload_sha256": "f4357cf910fce878336032e230aa8eb41b31bc0a2bfcecf64078bbb863803318", "status": "RESULT", "task_id": "brasileirao:TASK-d5ad8e6222f8bd92d3779f375f28c473"}, {"class": "TERMINAL_RESULT", "fact_id": "fact:fa46898b02e14d078e343938347aa608", "payload_sha256": "fe345a5ec95a8cbd94720b9a6595b22bc2addecf6dd92fbae0efb95d401221bd", "status": "RESULT", "task_id": "brasileirao:TASK-8b7665ad1ddb534b586d04e2bbf4ce69"}], "memory": {"broken_at": null, "entries": 5, "head": "5962830a00de7a13b27f91f2586968ba788770abaf373a943ab678a2d87dda8d", "head_recorded_at": "2026-09-28T18:40:19.406265Z", "projection": "consistent", "status": "intact"}, "rejections": [{"code": "TASK_NOT_FOUND", "file": "interleaved-brasileirao-result-h9.json"}, {"code": "DOMAIN_MISMATCH", "file": "interleaved-crypto-result-h9.json"}, {"code": "DOMAIN_MISMATCH", "file": "interleaved-stocks-result-h9.json"}]}
--- end
