{"effective_proposal": "/home/runner/work/_temp/work/failures/F10/proposals/1.json", "template": "fixtures/proposals/e2e/01-allow.json", "sha256": "a655df56116be1baddb578a36de6f53fbad9a6120342abbc3e3ffd6da1ccd309"}
{"n": 1, "label": "propose 1", "at": "2026-09-28T01:33:13Z", "seconds": 0.167, "argv": ["/home/runner/work/_temp/work/rt/cain-venv/bin/cain", "research", "propose", "--domain", "stocks", "--state", "/home/runner/work/_temp/work/failures/F10/cain-state", "--proposal", "/home/runner/work/_temp/work/failures/F10/proposals/1.json", "--as-of", "2026-09-28T01:33:12Z"], "fault_env": {}, "exit": 0}
--- stdout
{"decision": "ALLOW", "episode_id": "stocks:episode-1", "reason_code": "ALLOWED", "receipt_sha256": "53c6285bbac7358f3ed03a5d4531d927306b7824bf2309d95203b7c35216eefc", "rule": "R14", "status": "RECORDED", "task": {"payload_sha256": "38a538d1cc9ef4e87a4c1905aaa42d0fdb6da6f916a48a3306c5914eeff5e00c", "previous_task_id": null, "task_id": "stocks:TASK-81b8103b9cd7f1dfb62b8d024b45c1a1"}}
--- stderr
--- end
{"n": 2, "label": "dispatch 1", "at": "2026-09-28T01:33:13Z", "seconds": 0.142, "argv": ["/home/runner/work/_temp/work/rt/cain-venv/bin/cain", "research", "dispatch", "--domain", "stocks", "--state", "/home/runner/work/_temp/work/failures/F10/cain-state", "--spool", "/home/runner/work/_temp/work/failures/F10/spool"], "fault_env": {}, "exit": 0}
--- stdout
{"action": "dispatched", "file": "stocks/tasks/TASK-81b8103b9cd7f1dfb62b8d024b45c1a1.json", "spool": "WRITTEN", "task_id": "stocks:TASK-81b8103b9cd7f1dfb62b8d024b45c1a1"}
--- stderr
--- end
{"n": 3, "label": "consumer 1", "at": "2026-09-28T01:33:24Z", "seconds": 10.973, "argv": ["/home/runner/work/_temp/work/rt/consumer-venv/bin/predictor-research-consumer", "--domain", "stocks", "--spool", "/home/runner/work/_temp/work/failures/F10/spool", "--ledger", "/home/runner/work/_temp/work/failures/F10/consumer/ledger.sqlite", "--state", "/home/runner/work/_temp/work/failures/F10/domain-state", "--policy", "/home/runner/work/_temp/work/rt/op/policy.json", "--objects", "/home/runner/work/_temp/work/rt/op/objects"], "fault_env": {}, "exit": 0}
--- stdout
{"action": "delivered", "attempt": 1, "class": "TERMINAL_RESULT", "episode_id": "stocks:episode-1", "result_file": "stocks/results/TASK-81b8103b9cd7f1dfb62b8d024b45c1a1.636f2976af7e3e7f.json", "result_write": "WRITTEN", "status": "RESULT", "task_id": "stocks:TASK-81b8103b9cd7f1dfb62b8d024b45c1a1"}
--- stderr
{"duration_ms": 10642, "event": "job_finished", "job_id": "stocks-research-08019849d6aa4b55fc652cc6", "level": "INFO", "run_id": "bf0c9f73bdd347aa8a6951ff0f3f76f0", "run_status": "SUCCEEDED", "service": "predictor_ops", "timestamp": "2026-09-28T01:33:24.155597Z"}
--- end
{"n": 4, "label": "ingest 1", "at": "2026-09-28T01:33:24Z", "seconds": 0.151, "argv": ["/home/runner/work/_temp/work/rt/cain-venv/bin/cain", "research", "ingest", "--domain", "stocks", "--state", "/home/runner/work/_temp/work/failures/F10/cain-state", "--spool", "/home/runner/work/_temp/work/failures/F10/spool"], "fault_env": {}, "exit": 0}
--- stdout
{"action": "ingested", "class": "TERMINAL_RESULT", "fact": "fact:af73672886244dd6bffa0f3a7c47e9d6", "file": "TASK-81b8103b9cd7f1dfb62b8d024b45c1a1.636f2976af7e3e7f.json", "status": "RESULT", "task_id": "stocks:TASK-81b8103b9cd7f1dfb62b8d024b45c1a1"}
--- stderr
--- end
{"effective_proposal": "/home/runner/work/_temp/work/failures/F10/proposals/2.json", "template": "fixtures/proposals/e2e/01-allow.json", "sha256": "064828bb7ad3ef8ef13461df59a6190e663fa0aed4bebd3a6cba046d5adc0dae"}
{"n": 5, "label": "propose 2", "at": "2026-09-28T01:33:24Z", "seconds": 0.14, "argv": ["/home/runner/work/_temp/work/rt/cain-venv/bin/cain", "research", "propose", "--domain", "stocks", "--state", "/home/runner/work/_temp/work/failures/F10/cain-state", "--proposal", "/home/runner/work/_temp/work/failures/F10/proposals/2.json", "--as-of", "2026-09-28T01:33:24Z"], "fault_env": {}, "exit": 0}
--- stdout
{"decision": "ALLOW", "episode_id": "stocks:episode-2", "reason_code": "ALLOWED", "receipt_sha256": "cea3d63728250c313dd9f7fd57bcb76012ff080eee839d3bf90cdf19879708f7", "rule": "R14", "status": "RECORDED", "task": {"payload_sha256": "89753a4e3c45cecd0234b4fb8ff9456bf680f1542a0ecdae5f1e00e2c8b021ca", "previous_task_id": "stocks:TASK-81b8103b9cd7f1dfb62b8d024b45c1a1", "task_id": "stocks:TASK-8ad6575fcf3d49dd4435c2204879256c"}}
--- stderr
--- end
{"n": 6, "label": "dispatch 2", "at": "2026-09-28T01:33:24Z", "seconds": 0.136, "argv": ["/home/runner/work/_temp/work/rt/cain-venv/bin/cain", "research", "dispatch", "--domain", "stocks", "--state", "/home/runner/work/_temp/work/failures/F10/cain-state", "--spool", "/home/runner/work/_temp/work/failures/F10/spool"], "fault_env": {}, "exit": 0}
--- stdout
{"action": "dispatched", "file": "stocks/tasks/TASK-8ad6575fcf3d49dd4435c2204879256c.json", "spool": "WRITTEN", "task_id": "stocks:TASK-8ad6575fcf3d49dd4435c2204879256c"}
--- stderr
--- end
{"n": 7, "label": "consumer 2", "at": "2026-09-28T01:33:35Z", "seconds": 10.956, "argv": ["/home/runner/work/_temp/work/rt/consumer-venv/bin/predictor-research-consumer", "--domain", "stocks", "--spool", "/home/runner/work/_temp/work/failures/F10/spool", "--ledger", "/home/runner/work/_temp/work/failures/F10/consumer/ledger.sqlite", "--state", "/home/runner/work/_temp/work/failures/F10/domain-state", "--policy", "/home/runner/work/_temp/work/rt/op/policy.json", "--objects", "/home/runner/work/_temp/work/rt/op/objects"], "fault_env": {}, "exit": 0}
--- stdout
{"action": "skipped", "episode_id": "stocks:episode-1", "state": "TERMINAL_RESULT", "status": "RESULT", "task_id": "stocks:TASK-81b8103b9cd7f1dfb62b8d024b45c1a1"}
{"action": "delivered", "attempt": 1, "class": "TERMINAL_RESULT", "episode_id": "stocks:episode-2", "result_file": "stocks/results/TASK-8ad6575fcf3d49dd4435c2204879256c.71936d161115cd06.json", "result_write": "WRITTEN", "status": "RESULT", "task_id": "stocks:TASK-8ad6575fcf3d49dd4435c2204879256c"}
--- stderr
{"duration_ms": 10641, "event": "job_finished", "job_id": "stocks-research-6909c27ec83c264c84cb7a40", "level": "INFO", "run_id": "a45fe9fcf7b14ee683b90e9819044791", "run_status": "SUCCEEDED", "service": "predictor_ops", "timestamp": "2026-09-28T01:33:35.536834Z"}
--- end
{"n": 8, "label": "ingest out of order", "at": "2026-09-28T01:33:35Z", "seconds": 0.152, "argv": ["/home/runner/work/_temp/work/rt/cain-venv/bin/cain", "research", "ingest", "--domain", "stocks", "--state", "/home/runner/work/_temp/work/failures/F10/cain-state", "--spool", "/home/runner/work/_temp/work/failures/F10/spool"], "fault_env": {}, "exit": 0}
--- stdout
{"action": "duplicate", "file": "00-late-TASK-81b8103b9cd7f1dfb62b8d024b45c1a1.636f2976af7e3e7f.json"}
{"action": "duplicate", "file": "TASK-81b8103b9cd7f1dfb62b8d024b45c1a1.636f2976af7e3e7f.json"}
{"action": "ingested", "class": "TERMINAL_RESULT", "fact": "fact:067ecde7545b4a70b54ff2ac1c1da310", "file": "TASK-8ad6575fcf3d49dd4435c2204879256c.71936d161115cd06.json", "status": "RESULT", "task_id": "stocks:TASK-8ad6575fcf3d49dd4435c2204879256c"}
--- stderr
--- end
{"n": 9, "label": "episodes", "at": "2026-09-28T01:33:35Z", "seconds": 0.136, "argv": ["/home/runner/work/_temp/work/rt/cain-venv/bin/cain", "research", "episodes", "--domain", "stocks", "--state", "/home/runner/work/_temp/work/failures/F10/cain-state"], "fault_env": {}, "exit": 0}
--- stdout
{"domain": "stocks", "episodes": [{"as_of": "2026-09-28T01:33:12Z", "decision": "ALLOW", "number": 1, "outbox": {"dispatches": 1, "retries_requested": 0, "status": "PUBLISHED", "task_id": "stocks:TASK-81b8103b9cd7f1dfb62b8d024b45c1a1"}, "proposal_id": "cain:FM-F10-1", "reason_code": "ALLOWED", "receipt_sha256": "53c6285bbac7358f3ed03a5d4531d927306b7824bf2309d95203b7c35216eefc", "source": "operator", "task_id": "stocks:TASK-81b8103b9cd7f1dfb62b8d024b45c1a1"}, {"as_of": "2026-09-28T01:33:24Z", "decision": "ALLOW", "number": 2, "outbox": {"dispatches": 1, "retries_requested": 0, "status": "PUBLISHED", "task_id": "stocks:TASK-8ad6575fcf3d49dd4435c2204879256c"}, "proposal_id": "cain:FM-F10-2", "reason_code": "ALLOWED", "receipt_sha256": "cea3d63728250c313dd9f7fd57bcb76012ff080eee839d3bf90cdf19879708f7", "source": "operator", "task_id": "stocks:TASK-8ad6575fcf3d49dd4435c2204879256c"}], "inbox": [{"class": "TERMINAL_RESULT", "fact_id": "fact:af73672886244dd6bffa0f3a7c47e9d6", "payload_sha256": "2cf3f86c367745b22e8ce01903577c7757a42ea3232d55a7e91b0dff6eb7a272", "status": "RESULT", "task_id": "stocks:TASK-81b8103b9cd7f1dfb62b8d024b45c1a1"}, {"class": "TERMINAL_RESULT", "fact_id": "fact:067ecde7545b4a70b54ff2ac1c1da310", "payload_sha256": "5cd046afbabfb8ba211635ad23fd5b65394937245e9fd693a5171c7974930c3c", "status": "RESULT", "task_id": "stocks:TASK-8ad6575fcf3d49dd4435c2204879256c"}], "memory": {"broken_at": null, "entries": 2, "head": "23bd8f808d5d98b8d55c778fb6686526cc9c89e024896aa00e2fff14db1c83a2", "head_recorded_at": "2026-09-28T01:33:35.732295Z", "projection": "consistent", "status": "intact"}, "rejections": []}
--- stderr
--- end
{"n": 10, "label": "two tasks, two results", "at": "2026-09-28T01:33:36Z", "seconds": 0.137, "argv": ["/home/runner/work/_temp/work/rt/cain-venv/bin/cain", "research", "episodes", "--domain", "stocks", "--state", "/home/runner/work/_temp/work/failures/F10/cain-state"], "fault_env": {}, "exit": 0}
--- stdout
{"domain": "stocks", "episodes": [{"as_of": "2026-09-28T01:33:12Z", "decision": "ALLOW", "number": 1, "outbox": {"dispatches": 1, "retries_requested": 0, "status": "PUBLISHED", "task_id": "stocks:TASK-81b8103b9cd7f1dfb62b8d024b45c1a1"}, "proposal_id": "cain:FM-F10-1", "reason_code": "ALLOWED", "receipt_sha256": "53c6285bbac7358f3ed03a5d4531d927306b7824bf2309d95203b7c35216eefc", "source": "operator", "task_id": "stocks:TASK-81b8103b9cd7f1dfb62b8d024b45c1a1"}, {"as_of": "2026-09-28T01:33:24Z", "decision": "ALLOW", "number": 2, "outbox": {"dispatches": 1, "retries_requested": 0, "status": "PUBLISHED", "task_id": "stocks:TASK-8ad6575fcf3d49dd4435c2204879256c"}, "proposal_id": "cain:FM-F10-2", "reason_code": "ALLOWED", "receipt_sha256": "cea3d63728250c313dd9f7fd57bcb76012ff080eee839d3bf90cdf19879708f7", "source": "operator", "task_id": "stocks:TASK-8ad6575fcf3d49dd4435c2204879256c"}], "inbox": [{"class": "TERMINAL_RESULT", "fact_id": "fact:af73672886244dd6bffa0f3a7c47e9d6", "payload_sha256": "2cf3f86c367745b22e8ce01903577c7757a42ea3232d55a7e91b0dff6eb7a272", "status": "RESULT", "task_id": "stocks:TASK-81b8103b9cd7f1dfb62b8d024b45c1a1"}, {"class": "TERMINAL_RESULT", "fact_id": "fact:067ecde7545b4a70b54ff2ac1c1da310", "payload_sha256": "5cd046afbabfb8ba211635ad23fd5b65394937245e9fd693a5171c7974930c3c", "status": "RESULT", "task_id": "stocks:TASK-8ad6575fcf3d49dd4435c2204879256c"}], "memory": {"broken_at": null, "entries": 2, "head": "23bd8f808d5d98b8d55c778fb6686526cc9c89e024896aa00e2fff14db1c83a2", "head_recorded_at": "2026-09-28T01:33:35.732295Z", "projection": "consistent", "status": "intact"}, "rejections": []}
--- stderr
--- end
