runtime_env run_at=2026-10-07T22:48:13Z host=runnervmfi6oq where=github_actions os=Windows_NT uname=MINGW64_NT-10.0-26100 3.6.10-710e5275.x86_64 x86_64
python=Python 3.13.14 uv=uv 0.12.1 (329541a50 2026-07-31 x86_64-pc-windows-msvc) integrated=0 evidence_commit=2367e3c91c3eb6d17f612a44e991ee8eb3570988
cain de5db06b4731485101a24ed334c387e75bd89a58
{"package": "predictor-research-snapshot", "version": "1.0.2rc1", "status": "fetched", "release_tag": "predictor-research-snapshot-v1.0.2rc1", "asset_id": 582942235}
{"package": "predictor-research-bundle", "version": "1.0.1rc1", "status": "fetched", "release_tag": "predictor-research-bundle-v1.0.1rc1", "asset_id": 582942334}
{"package": "predictor-research-protocol", "version": "2.0.0rc2", "status": "fetched", "release_tag": "predictor-research-protocol-v2.0.0rc2", "asset_id": 593768098}
{"package": "predictor-research-transport", "version": "0.1.0rc7", "status": "fetched", "release_tag": "predictor-research-transport-v0.1.0rc7", "asset_id": 599312280}
stack wheels: 4 verified in C:\q\w\rt\cain-src\.stack-wheels (auth=GITHUB_TOKEN)
stack wheels check: 4 packages consistent (registry, .stack-wheels, uv.lock, pyproject.toml)
requirements with stack hashes written to C:\q\w\rt\cain-req.txt (4 stack lines)
65cf40c59c4f65d013a1134051fb94aa7c75b44f4ea6c71a54e25519143d0ea9 *predictor_research_bundle-1.0.1rc1-py3-none-any.whl
34a1e4121e4085b901e3bd96552e2f5b4067c5e6af5e99dc1c26d6276fc7c820 *predictor_research_protocol-2.0.0rc2-py3-none-any.whl
3bd4c0414ac2d457923601e3f919f6353b5cb9370a0f420a7a3ffc013a0aafad *predictor_research_snapshot-1.0.2rc1-py3-none-any.whl
d3dfbff4b72d717ed4f655b1c97e85ca909140dcd9ebfb17e9a51a8b089c60c2 *predictor_research_transport-0.1.0rc7-py3-none-any.whl

[notice] A new release of pip is available: 26.1.2 -> 26.2.1
[notice] To update, run: C:\q\w\rt\cain-venv\Scripts\python.exe -m pip install --upgrade pip
/c/q/w/rt/cain_research-0.4.13rc16-py3-none-any.whl: OK
/c/q/w/rt/cain_research-0.4.13rc16-py3-none-any.whl: OK

[notice] A new release of pip is available: 26.1.2 -> 26.2.1
[notice] To update, run: C:\q\w\rt\cain-venv\Scripts\python.exe -m pip install --upgrade pip
No broken requirements found.
stocks-predictor 6f857b232eaa63f3fccda6a16f92dbfc8983ab3b

[notice] A new release of pip is available: 26.1.2 -> 26.2.1
[notice] To update, run: C:\q\w\rt\consumer-venv\Scripts\python.exe -m pip install --upgrade pip
/c/q/w/rt/stocks_predictor-0.3.0rc3-py3-none-any.whl: OK
/c/q/w/rt/stocks_predictor-0.3.0rc3-py3-none-any.whl: OK

[notice] A new release of pip is available: 26.1.2 -> 26.2.1
[notice] To update, run: C:\q\w\rt\consumer-venv\Scripts\python.exe -m pip install --upgrade pip
/c/q/w/rt/predictor_research_transport-0.1.0rc7-py3-none-any.whl: OK
/c/q/w/rt/predictor_research_transport-0.1.0rc7-py3-none-any.whl: OK

[notice] A new release of pip is available: 26.1.2 -> 26.2.1
[notice] To update, run: C:\q\w\rt\consumer-venv\Scripts\python.exe -m pip install --upgrade pip
/c/q/w/rt/predictor_research_protocol-2.0.0rc2-py3-none-any.whl: OK
/c/q/w/rt/predictor_research_protocol-2.0.0rc2-py3-none-any.whl: OK

[notice] A new release of pip is available: 26.1.2 -> 26.2.1
[notice] To update, run: C:\q\w\rt\consumer-venv\Scripts\python.exe -m pip install --upgrade pip
No broken requirements found.
stocks 0.3.0rc3 C:\q\w\rt\consumer-venv\Lib\site-packages\stocks_predictor\__init__.py
transport 0.1.0rc7 ['brasileirao', 'crypto', 'stocks']
adapter {'distribution': 'stocks-predictor', 'version': '0.3.0rc3', 'module': 'stocks_predictor.adapters.research_v2'}
export CAIN_BIN="C:/q/w/rt/cain-venv/Scripts/cain.exe"
export CAIN_PY="C:/q/w/rt/cain-venv/Scripts/python.exe"
export CONSUMER_BIN="C:/q/w/rt/consumer-venv/Scripts/predictor-research-consumer.exe"
export CONSUMER_PY="C:/q/w/rt/consumer-venv/Scripts/python.exe"
export STOCKS_RESEARCH_BIN="C:/q/w/rt/consumer-venv/Scripts/stocks-research.exe"
export OP_POLICY="C:/q/w/rt/op/policy.json"
export OP_OBJECTS="C:/q/w/rt/op/objects"
export REAL_ENV="C:/q/w/rt/op/REAL_ENV.json"
export STOCKS_TREE="C:/q/w/rt/stocks-tree"
runtime_env done 2026-10-07T22:59:55Z
