### 1 propose
$ /home/superleo13/predictors/runtime/integration-crypto/bateria-rc12/rt/cain-venv/bin/cain research propose --domain crypto --state /home/superleo13/predictors/runtime/integration-crypto/transport-rc6-test/out-linux/it01/cain --proposal /home/superleo13/predictors/runtime/integration-crypto/bateria-rc12/qualification/integration-crypto/fixtures/proposals/e2e/01-allow.json --as-of 2026-09-29T12:00:00Z
{"decision": "ALLOW", "episode_id": "crypto:episode-1", "reason_code": "ALLOWED", "receipt_sha256": "d364ff5a3e2d04c1d3032650a6d7a73088ee668bc2a361792e2e481b76ecccb4", "rule": "R14", "status": "RECORDED", "task": {"payload_sha256": "5fe20eb7b93d743530485cae313699a24e6bde31926371024ff20b8d3ef89beb", "previous_task_id": null, "task_id": "crypto:TASK-02bf95b3940c9a226f8a9ae2a37a11a3"}}
--- exit 0
### 1 dispatch
$ /home/superleo13/predictors/runtime/integration-crypto/bateria-rc12/rt/cain-venv/bin/cain research dispatch --domain crypto --state /home/superleo13/predictors/runtime/integration-crypto/transport-rc6-test/out-linux/it01/cain --spool /home/superleo13/predictors/runtime/integration-crypto/transport-rc6-test/out-linux/it01/spool
{"action": "dispatched", "file": "crypto/tasks/TASK-02bf95b3940c9a226f8a9ae2a37a11a3.json", "spool": "WRITTEN", "task_id": "crypto:TASK-02bf95b3940c9a226f8a9ae2a37a11a3"}
--- exit 0
### 1 consumer 0
{"action": "delivered", "attempt": 1, "class": "TERMINAL_RESULT", "episode_id": "crypto:episode-1", "result_file": "crypto/results/TASK-02bf95b3940c9a226f8a9ae2a37a11a3.8ebc04061a11bd3e.json", "result_write": "WRITTEN", "status": "RESULT", "task_id": "crypto:TASK-02bf95b3940c9a226f8a9ae2a37a11a3"}
{"duration_ms": 209, "event": "job_finished", "job_id": "crypto-research-159fdfb2ad2ccd8f8d612a36", "level": "INFO", "run_id": "f20ef737c6684ec594a9dc4999203606", "run_status": "SUCCEEDED", "service": "predictor_ops", "timestamp": "2026-09-28T16:53:58.940587Z"}
--- exit 0
### 1 consumer 1
{"action": "busy", "code": "CONSUMER_BUSY", "domain": "crypto"}
--- exit 6
### 1 ingest
$ /home/superleo13/predictors/runtime/integration-crypto/bateria-rc12/rt/cain-venv/bin/cain research ingest --domain crypto --state /home/superleo13/predictors/runtime/integration-crypto/transport-rc6-test/out-linux/it01/cain --spool /home/superleo13/predictors/runtime/integration-crypto/transport-rc6-test/out-linux/it01/spool
{"action": "ingested", "class": "TERMINAL_RESULT", "fact": "fact:c51337b920c74530be26b12da5b513a4", "file": "TASK-02bf95b3940c9a226f8a9ae2a37a11a3.8ebc04061a11bd3e.json", "status": "RESULT", "task_id": "crypto:TASK-02bf95b3940c9a226f8a9ae2a37a11a3"}
--- exit 0
### 1 episodes
$ /home/superleo13/predictors/runtime/integration-crypto/bateria-rc12/rt/cain-venv/bin/cain research episodes --domain crypto --state /home/superleo13/predictors/runtime/integration-crypto/transport-rc6-test/out-linux/it01/cain
{"domain": "crypto", "episodes": [{"as_of": "2026-09-29T12:00:00Z", "decision": "ALLOW", "number": 1, "outbox": {"dispatches": 1, "retries_requested": 0, "status": "PUBLISHED", "task_id": "crypto:TASK-02bf95b3940c9a226f8a9ae2a37a11a3"}, "proposal_id": "cain:E2E-01", "reason_code": "ALLOWED", "receipt_sha256": "d364ff5a3e2d04c1d3032650a6d7a73088ee668bc2a361792e2e481b76ecccb4", "source": "operator", "task_id": "crypto:TASK-02bf95b3940c9a226f8a9ae2a37a11a3"}], "inbox": [{"class": "TERMINAL_RESULT", "fact_id": "fact:c51337b920c74530be26b12da5b513a4", "payload_sha256": "d19a82cc99a123dbf796ecc696f18fb2833e699d3674b589b71f46b426c78421", "status": "RESULT", "task_id": "crypto:TASK-02bf95b3940c9a226f8a9ae2a37a11a3"}], "memory": {"broken_at": null, "entries": 1, "head": "1807267f7a182785806e7d85e544d0c886e4a2aa64a60b41831369b5a4e1c1ea", "head_recorded_at": "2026-09-28T16:53:59.159404Z", "projection": "consistent", "status": "intact"}, "rejections": []}
--- exit 0
### 2 propose
$ /home/superleo13/predictors/runtime/integration-crypto/bateria-rc12/rt/cain-venv/bin/cain research propose --domain crypto --state /home/superleo13/predictors/runtime/integration-crypto/transport-rc6-test/out-linux/it02/cain --proposal /home/superleo13/predictors/runtime/integration-crypto/bateria-rc12/qualification/integration-crypto/fixtures/proposals/e2e/01-allow.json --as-of 2026-09-29T12:00:00Z
{"decision": "ALLOW", "episode_id": "crypto:episode-1", "reason_code": "ALLOWED", "receipt_sha256": "d364ff5a3e2d04c1d3032650a6d7a73088ee668bc2a361792e2e481b76ecccb4", "rule": "R14", "status": "RECORDED", "task": {"payload_sha256": "5fe20eb7b93d743530485cae313699a24e6bde31926371024ff20b8d3ef89beb", "previous_task_id": null, "task_id": "crypto:TASK-02bf95b3940c9a226f8a9ae2a37a11a3"}}
--- exit 0
### 2 dispatch
$ /home/superleo13/predictors/runtime/integration-crypto/bateria-rc12/rt/cain-venv/bin/cain research dispatch --domain crypto --state /home/superleo13/predictors/runtime/integration-crypto/transport-rc6-test/out-linux/it02/cain --spool /home/superleo13/predictors/runtime/integration-crypto/transport-rc6-test/out-linux/it02/spool
{"action": "dispatched", "file": "crypto/tasks/TASK-02bf95b3940c9a226f8a9ae2a37a11a3.json", "spool": "WRITTEN", "task_id": "crypto:TASK-02bf95b3940c9a226f8a9ae2a37a11a3"}
--- exit 0
### 2 consumer 0
{"action": "delivered", "attempt": 1, "class": "TERMINAL_RESULT", "episode_id": "crypto:episode-1", "result_file": "crypto/results/TASK-02bf95b3940c9a226f8a9ae2a37a11a3.c6e8dfc77211c74b.json", "result_write": "WRITTEN", "status": "RESULT", "task_id": "crypto:TASK-02bf95b3940c9a226f8a9ae2a37a11a3"}
{"duration_ms": 215, "event": "job_finished", "job_id": "crypto-research-159fdfb2ad2ccd8f8d612a36", "level": "INFO", "run_id": "e96a3a7ddc3b4e748808959053423f73", "run_status": "SUCCEEDED", "service": "predictor_ops", "timestamp": "2026-09-28T16:54:00.091110Z"}
--- exit 0
### 2 consumer 1
{"action": "busy", "code": "CONSUMER_BUSY", "domain": "crypto"}
--- exit 6
### 2 ingest
$ /home/superleo13/predictors/runtime/integration-crypto/bateria-rc12/rt/cain-venv/bin/cain research ingest --domain crypto --state /home/superleo13/predictors/runtime/integration-crypto/transport-rc6-test/out-linux/it02/cain --spool /home/superleo13/predictors/runtime/integration-crypto/transport-rc6-test/out-linux/it02/spool
{"action": "ingested", "class": "TERMINAL_RESULT", "fact": "fact:3c2b92c8dc7e408fb01f545466b73895", "file": "TASK-02bf95b3940c9a226f8a9ae2a37a11a3.c6e8dfc77211c74b.json", "status": "RESULT", "task_id": "crypto:TASK-02bf95b3940c9a226f8a9ae2a37a11a3"}
--- exit 0
### 2 episodes
$ /home/superleo13/predictors/runtime/integration-crypto/bateria-rc12/rt/cain-venv/bin/cain research episodes --domain crypto --state /home/superleo13/predictors/runtime/integration-crypto/transport-rc6-test/out-linux/it02/cain
{"domain": "crypto", "episodes": [{"as_of": "2026-09-29T12:00:00Z", "decision": "ALLOW", "number": 1, "outbox": {"dispatches": 1, "retries_requested": 0, "status": "PUBLISHED", "task_id": "crypto:TASK-02bf95b3940c9a226f8a9ae2a37a11a3"}, "proposal_id": "cain:E2E-01", "reason_code": "ALLOWED", "receipt_sha256": "d364ff5a3e2d04c1d3032650a6d7a73088ee668bc2a361792e2e481b76ecccb4", "source": "operator", "task_id": "crypto:TASK-02bf95b3940c9a226f8a9ae2a37a11a3"}], "inbox": [{"class": "TERMINAL_RESULT", "fact_id": "fact:3c2b92c8dc7e408fb01f545466b73895", "payload_sha256": "4ca130c3d7d58b992986932efb550088ead6a58738223c5eda609adc56dee215", "status": "RESULT", "task_id": "crypto:TASK-02bf95b3940c9a226f8a9ae2a37a11a3"}], "memory": {"broken_at": null, "entries": 1, "head": "b38c8ac927ae97a2a3cdaa36a98d146747cf69902a9aaf520c0b591cfe91a56f", "head_recorded_at": "2026-09-28T16:54:00.277293Z", "projection": "consistent", "status": "intact"}, "rejections": []}
--- exit 0
### 3 propose
$ /home/superleo13/predictors/runtime/integration-crypto/bateria-rc12/rt/cain-venv/bin/cain research propose --domain crypto --state /home/superleo13/predictors/runtime/integration-crypto/transport-rc6-test/out-linux/it03/cain --proposal /home/superleo13/predictors/runtime/integration-crypto/bateria-rc12/qualification/integration-crypto/fixtures/proposals/e2e/01-allow.json --as-of 2026-09-29T12:00:00Z
{"decision": "ALLOW", "episode_id": "crypto:episode-1", "reason_code": "ALLOWED", "receipt_sha256": "d364ff5a3e2d04c1d3032650a6d7a73088ee668bc2a361792e2e481b76ecccb4", "rule": "R14", "status": "RECORDED", "task": {"payload_sha256": "5fe20eb7b93d743530485cae313699a24e6bde31926371024ff20b8d3ef89beb", "previous_task_id": null, "task_id": "crypto:TASK-02bf95b3940c9a226f8a9ae2a37a11a3"}}
--- exit 0
### 3 dispatch
$ /home/superleo13/predictors/runtime/integration-crypto/bateria-rc12/rt/cain-venv/bin/cain research dispatch --domain crypto --state /home/superleo13/predictors/runtime/integration-crypto/transport-rc6-test/out-linux/it03/cain --spool /home/superleo13/predictors/runtime/integration-crypto/transport-rc6-test/out-linux/it03/spool
{"action": "dispatched", "file": "crypto/tasks/TASK-02bf95b3940c9a226f8a9ae2a37a11a3.json", "spool": "WRITTEN", "task_id": "crypto:TASK-02bf95b3940c9a226f8a9ae2a37a11a3"}
--- exit 0
### 3 consumer 0
{"action": "busy", "code": "CONSUMER_BUSY", "domain": "crypto"}
--- exit 6
### 3 consumer 1
{"action": "delivered", "attempt": 1, "class": "TERMINAL_RESULT", "episode_id": "crypto:episode-1", "result_file": "crypto/results/TASK-02bf95b3940c9a226f8a9ae2a37a11a3.0fda5e572763b320.json", "result_write": "WRITTEN", "status": "RESULT", "task_id": "crypto:TASK-02bf95b3940c9a226f8a9ae2a37a11a3"}
{"duration_ms": 219, "event": "job_finished", "job_id": "crypto-research-159fdfb2ad2ccd8f8d612a36", "level": "INFO", "run_id": "fb69b3bf9585494cad1ca82f558a552f", "run_status": "SUCCEEDED", "service": "predictor_ops", "timestamp": "2026-09-28T16:54:01.281410Z"}
--- exit 0
### 3 ingest
$ /home/superleo13/predictors/runtime/integration-crypto/bateria-rc12/rt/cain-venv/bin/cain research ingest --domain crypto --state /home/superleo13/predictors/runtime/integration-crypto/transport-rc6-test/out-linux/it03/cain --spool /home/superleo13/predictors/runtime/integration-crypto/transport-rc6-test/out-linux/it03/spool
{"action": "ingested", "class": "TERMINAL_RESULT", "fact": "fact:d038f1fc59a24462b9a52fa54a06f378", "file": "TASK-02bf95b3940c9a226f8a9ae2a37a11a3.0fda5e572763b320.json", "status": "RESULT", "task_id": "crypto:TASK-02bf95b3940c9a226f8a9ae2a37a11a3"}
--- exit 0
### 3 episodes
$ /home/superleo13/predictors/runtime/integration-crypto/bateria-rc12/rt/cain-venv/bin/cain research episodes --domain crypto --state /home/superleo13/predictors/runtime/integration-crypto/transport-rc6-test/out-linux/it03/cain
{"domain": "crypto", "episodes": [{"as_of": "2026-09-29T12:00:00Z", "decision": "ALLOW", "number": 1, "outbox": {"dispatches": 1, "retries_requested": 0, "status": "PUBLISHED", "task_id": "crypto:TASK-02bf95b3940c9a226f8a9ae2a37a11a3"}, "proposal_id": "cain:E2E-01", "reason_code": "ALLOWED", "receipt_sha256": "d364ff5a3e2d04c1d3032650a6d7a73088ee668bc2a361792e2e481b76ecccb4", "source": "operator", "task_id": "crypto:TASK-02bf95b3940c9a226f8a9ae2a37a11a3"}], "inbox": [{"class": "TERMINAL_RESULT", "fact_id": "fact:d038f1fc59a24462b9a52fa54a06f378", "payload_sha256": "dbe5d79e81c3388bc60afef2f7e68d74a662e9a314d2e5942b3819396a67354c", "status": "RESULT", "task_id": "crypto:TASK-02bf95b3940c9a226f8a9ae2a37a11a3"}], "memory": {"broken_at": null, "entries": 1, "head": "d20653769f2700db2ed9c63eec5af393ccafc0aa606585cb3bca474192638afe", "head_recorded_at": "2026-09-28T16:54:01.894326Z", "projection": "consistent", "status": "intact"}, "rejections": []}
--- exit 0
### 4 propose
$ /home/superleo13/predictors/runtime/integration-crypto/bateria-rc12/rt/cain-venv/bin/cain research propose --domain crypto --state /home/superleo13/predictors/runtime/integration-crypto/transport-rc6-test/out-linux/it04/cain --proposal /home/superleo13/predictors/runtime/integration-crypto/bateria-rc12/qualification/integration-crypto/fixtures/proposals/e2e/01-allow.json --as-of 2026-09-29T12:00:00Z
{"decision": "ALLOW", "episode_id": "crypto:episode-1", "reason_code": "ALLOWED", "receipt_sha256": "d364ff5a3e2d04c1d3032650a6d7a73088ee668bc2a361792e2e481b76ecccb4", "rule": "R14", "status": "RECORDED", "task": {"payload_sha256": "5fe20eb7b93d743530485cae313699a24e6bde31926371024ff20b8d3ef89beb", "previous_task_id": null, "task_id": "crypto:TASK-02bf95b3940c9a226f8a9ae2a37a11a3"}}
--- exit 0
### 4 dispatch
$ /home/superleo13/predictors/runtime/integration-crypto/bateria-rc12/rt/cain-venv/bin/cain research dispatch --domain crypto --state /home/superleo13/predictors/runtime/integration-crypto/transport-rc6-test/out-linux/it04/cain --spool /home/superleo13/predictors/runtime/integration-crypto/transport-rc6-test/out-linux/it04/spool
{"action": "dispatched", "file": "crypto/tasks/TASK-02bf95b3940c9a226f8a9ae2a37a11a3.json", "spool": "WRITTEN", "task_id": "crypto:TASK-02bf95b3940c9a226f8a9ae2a37a11a3"}
--- exit 0
### 4 consumer 0
{"action": "busy", "code": "CONSUMER_BUSY", "domain": "crypto"}
--- exit 6
### 4 consumer 1
{"action": "delivered", "attempt": 1, "class": "TERMINAL_RESULT", "episode_id": "crypto:episode-1", "result_file": "crypto/results/TASK-02bf95b3940c9a226f8a9ae2a37a11a3.9b7ca3083fd0b04e.json", "result_write": "WRITTEN", "status": "RESULT", "task_id": "crypto:TASK-02bf95b3940c9a226f8a9ae2a37a11a3"}
{"duration_ms": 230, "event": "job_finished", "job_id": "crypto-research-159fdfb2ad2ccd8f8d612a36", "level": "INFO", "run_id": "b396ff5507ce431ab2e96a393cea63c6", "run_status": "SUCCEEDED", "service": "predictor_ops", "timestamp": "2026-09-28T16:54:03.576563Z"}
--- exit 0
### 4 ingest
$ /home/superleo13/predictors/runtime/integration-crypto/bateria-rc12/rt/cain-venv/bin/cain research ingest --domain crypto --state /home/superleo13/predictors/runtime/integration-crypto/transport-rc6-test/out-linux/it04/cain --spool /home/superleo13/predictors/runtime/integration-crypto/transport-rc6-test/out-linux/it04/spool
{"action": "ingested", "class": "TERMINAL_RESULT", "fact": "fact:4199e98fa8e84211bb98486afbf08f29", "file": "TASK-02bf95b3940c9a226f8a9ae2a37a11a3.9b7ca3083fd0b04e.json", "status": "RESULT", "task_id": "crypto:TASK-02bf95b3940c9a226f8a9ae2a37a11a3"}
--- exit 0
### 4 episodes
$ /home/superleo13/predictors/runtime/integration-crypto/bateria-rc12/rt/cain-venv/bin/cain research episodes --domain crypto --state /home/superleo13/predictors/runtime/integration-crypto/transport-rc6-test/out-linux/it04/cain
{"domain": "crypto", "episodes": [{"as_of": "2026-09-29T12:00:00Z", "decision": "ALLOW", "number": 1, "outbox": {"dispatches": 1, "retries_requested": 0, "status": "PUBLISHED", "task_id": "crypto:TASK-02bf95b3940c9a226f8a9ae2a37a11a3"}, "proposal_id": "cain:E2E-01", "reason_code": "ALLOWED", "receipt_sha256": "d364ff5a3e2d04c1d3032650a6d7a73088ee668bc2a361792e2e481b76ecccb4", "source": "operator", "task_id": "crypto:TASK-02bf95b3940c9a226f8a9ae2a37a11a3"}], "inbox": [{"class": "TERMINAL_RESULT", "fact_id": "fact:4199e98fa8e84211bb98486afbf08f29", "payload_sha256": "bc9897a759e89d6627d27e042b3c9021d9632d947069209a176f57ff13077bcb", "status": "RESULT", "task_id": "crypto:TASK-02bf95b3940c9a226f8a9ae2a37a11a3"}], "memory": {"broken_at": null, "entries": 1, "head": "129d09845b92f932c03d3fa266d0459deda526f074458f7bb8fcf993ed2a048a", "head_recorded_at": "2026-09-28T16:54:03.829223Z", "projection": "consistent", "status": "intact"}, "rejections": []}
--- exit 0
### 5 propose
$ /home/superleo13/predictors/runtime/integration-crypto/bateria-rc12/rt/cain-venv/bin/cain research propose --domain crypto --state /home/superleo13/predictors/runtime/integration-crypto/transport-rc6-test/out-linux/it05/cain --proposal /home/superleo13/predictors/runtime/integration-crypto/bateria-rc12/qualification/integration-crypto/fixtures/proposals/e2e/01-allow.json --as-of 2026-09-29T12:00:00Z
{"decision": "ALLOW", "episode_id": "crypto:episode-1", "reason_code": "ALLOWED", "receipt_sha256": "d364ff5a3e2d04c1d3032650a6d7a73088ee668bc2a361792e2e481b76ecccb4", "rule": "R14", "status": "RECORDED", "task": {"payload_sha256": "5fe20eb7b93d743530485cae313699a24e6bde31926371024ff20b8d3ef89beb", "previous_task_id": null, "task_id": "crypto:TASK-02bf95b3940c9a226f8a9ae2a37a11a3"}}
--- exit 0
### 5 dispatch
$ /home/superleo13/predictors/runtime/integration-crypto/bateria-rc12/rt/cain-venv/bin/cain research dispatch --domain crypto --state /home/superleo13/predictors/runtime/integration-crypto/transport-rc6-test/out-linux/it05/cain --spool /home/superleo13/predictors/runtime/integration-crypto/transport-rc6-test/out-linux/it05/spool
{"action": "dispatched", "file": "crypto/tasks/TASK-02bf95b3940c9a226f8a9ae2a37a11a3.json", "spool": "WRITTEN", "task_id": "crypto:TASK-02bf95b3940c9a226f8a9ae2a37a11a3"}
--- exit 0
### 5 consumer 0
{"action": "delivered", "attempt": 1, "class": "TERMINAL_RESULT", "episode_id": "crypto:episode-1", "result_file": "crypto/results/TASK-02bf95b3940c9a226f8a9ae2a37a11a3.6a7f560ae87ce264.json", "result_write": "WRITTEN", "status": "RESULT", "task_id": "crypto:TASK-02bf95b3940c9a226f8a9ae2a37a11a3"}
{"duration_ms": 217, "event": "job_finished", "job_id": "crypto-research-159fdfb2ad2ccd8f8d612a36", "level": "INFO", "run_id": "1c76385847d348feba572338935accd1", "run_status": "SUCCEEDED", "service": "predictor_ops", "timestamp": "2026-09-28T16:54:04.964083Z"}
--- exit 0
### 5 consumer 1
{"action": "busy", "code": "CONSUMER_BUSY", "domain": "crypto"}
--- exit 6
### 5 ingest
$ /home/superleo13/predictors/runtime/integration-crypto/bateria-rc12/rt/cain-venv/bin/cain research ingest --domain crypto --state /home/superleo13/predictors/runtime/integration-crypto/transport-rc6-test/out-linux/it05/cain --spool /home/superleo13/predictors/runtime/integration-crypto/transport-rc6-test/out-linux/it05/spool
{"action": "ingested", "class": "TERMINAL_RESULT", "fact": "fact:a1abeccedffa430aa77c0f7acfe13b47", "file": "TASK-02bf95b3940c9a226f8a9ae2a37a11a3.6a7f560ae87ce264.json", "status": "RESULT", "task_id": "crypto:TASK-02bf95b3940c9a226f8a9ae2a37a11a3"}
--- exit 0
### 5 episodes
$ /home/superleo13/predictors/runtime/integration-crypto/bateria-rc12/rt/cain-venv/bin/cain research episodes --domain crypto --state /home/superleo13/predictors/runtime/integration-crypto/transport-rc6-test/out-linux/it05/cain
{"domain": "crypto", "episodes": [{"as_of": "2026-09-29T12:00:00Z", "decision": "ALLOW", "number": 1, "outbox": {"dispatches": 1, "retries_requested": 0, "status": "PUBLISHED", "task_id": "crypto:TASK-02bf95b3940c9a226f8a9ae2a37a11a3"}, "proposal_id": "cain:E2E-01", "reason_code": "ALLOWED", "receipt_sha256": "d364ff5a3e2d04c1d3032650a6d7a73088ee668bc2a361792e2e481b76ecccb4", "source": "operator", "task_id": "crypto:TASK-02bf95b3940c9a226f8a9ae2a37a11a3"}], "inbox": [{"class": "TERMINAL_RESULT", "fact_id": "fact:a1abeccedffa430aa77c0f7acfe13b47", "payload_sha256": "f96b380d1d63180a38b52b40f75d5cf20dd699cc6e1f0c9b6a9b029e21889b67", "status": "RESULT", "task_id": "crypto:TASK-02bf95b3940c9a226f8a9ae2a37a11a3"}], "memory": {"broken_at": null, "entries": 1, "head": "1a1f1bb768c49bf652d7fc1da6c0b7ee4b5e5ec5839270605f078c357f153fad", "head_recorded_at": "2026-09-28T16:54:05.113835Z", "projection": "consistent", "status": "intact"}, "rejections": []}
--- exit 0
### 6 propose
$ /home/superleo13/predictors/runtime/integration-crypto/bateria-rc12/rt/cain-venv/bin/cain research propose --domain crypto --state /home/superleo13/predictors/runtime/integration-crypto/transport-rc6-test/out-linux/it06/cain --proposal /home/superleo13/predictors/runtime/integration-crypto/bateria-rc12/qualification/integration-crypto/fixtures/proposals/e2e/01-allow.json --as-of 2026-09-29T12:00:00Z
{"decision": "ALLOW", "episode_id": "crypto:episode-1", "reason_code": "ALLOWED", "receipt_sha256": "d364ff5a3e2d04c1d3032650a6d7a73088ee668bc2a361792e2e481b76ecccb4", "rule": "R14", "status": "RECORDED", "task": {"payload_sha256": "5fe20eb7b93d743530485cae313699a24e6bde31926371024ff20b8d3ef89beb", "previous_task_id": null, "task_id": "crypto:TASK-02bf95b3940c9a226f8a9ae2a37a11a3"}}
--- exit 0
### 6 dispatch
$ /home/superleo13/predictors/runtime/integration-crypto/bateria-rc12/rt/cain-venv/bin/cain research dispatch --domain crypto --state /home/superleo13/predictors/runtime/integration-crypto/transport-rc6-test/out-linux/it06/cain --spool /home/superleo13/predictors/runtime/integration-crypto/transport-rc6-test/out-linux/it06/spool
{"action": "dispatched", "file": "crypto/tasks/TASK-02bf95b3940c9a226f8a9ae2a37a11a3.json", "spool": "WRITTEN", "task_id": "crypto:TASK-02bf95b3940c9a226f8a9ae2a37a11a3"}
--- exit 0
### 6 consumer 0
{"action": "delivered", "attempt": 1, "class": "TERMINAL_RESULT", "episode_id": "crypto:episode-1", "result_file": "crypto/results/TASK-02bf95b3940c9a226f8a9ae2a37a11a3.2722f894d7908be6.json", "result_write": "WRITTEN", "status": "RESULT", "task_id": "crypto:TASK-02bf95b3940c9a226f8a9ae2a37a11a3"}
{"duration_ms": 210, "event": "job_finished", "job_id": "crypto-research-159fdfb2ad2ccd8f8d612a36", "level": "INFO", "run_id": "1e6eda4c8b6c40159ef0c31eaa84fa89", "run_status": "SUCCEEDED", "service": "predictor_ops", "timestamp": "2026-09-28T16:54:06.051902Z"}
--- exit 0
### 6 consumer 1
{"action": "busy", "code": "CONSUMER_BUSY", "domain": "crypto"}
--- exit 6
### 6 ingest
$ /home/superleo13/predictors/runtime/integration-crypto/bateria-rc12/rt/cain-venv/bin/cain research ingest --domain crypto --state /home/superleo13/predictors/runtime/integration-crypto/transport-rc6-test/out-linux/it06/cain --spool /home/superleo13/predictors/runtime/integration-crypto/transport-rc6-test/out-linux/it06/spool
{"action": "ingested", "class": "TERMINAL_RESULT", "fact": "fact:deb069fe97994c4cbc670063952a761d", "file": "TASK-02bf95b3940c9a226f8a9ae2a37a11a3.2722f894d7908be6.json", "status": "RESULT", "task_id": "crypto:TASK-02bf95b3940c9a226f8a9ae2a37a11a3"}
--- exit 0
### 6 episodes
$ /home/superleo13/predictors/runtime/integration-crypto/bateria-rc12/rt/cain-venv/bin/cain research episodes --domain crypto --state /home/superleo13/predictors/runtime/integration-crypto/transport-rc6-test/out-linux/it06/cain
{"domain": "crypto", "episodes": [{"as_of": "2026-09-29T12:00:00Z", "decision": "ALLOW", "number": 1, "outbox": {"dispatches": 1, "retries_requested": 0, "status": "PUBLISHED", "task_id": "crypto:TASK-02bf95b3940c9a226f8a9ae2a37a11a3"}, "proposal_id": "cain:E2E-01", "reason_code": "ALLOWED", "receipt_sha256": "d364ff5a3e2d04c1d3032650a6d7a73088ee668bc2a361792e2e481b76ecccb4", "source": "operator", "task_id": "crypto:TASK-02bf95b3940c9a226f8a9ae2a37a11a3"}], "inbox": [{"class": "TERMINAL_RESULT", "fact_id": "fact:deb069fe97994c4cbc670063952a761d", "payload_sha256": "f9114b6aa0af171e672b9a5ec65c5ccb77cb136afab9b5f9f4d868b57984f4e4", "status": "RESULT", "task_id": "crypto:TASK-02bf95b3940c9a226f8a9ae2a37a11a3"}], "memory": {"broken_at": null, "entries": 1, "head": "c91b20120cad02ec7ea9d1225c4b341c2eff1042bbed8e28762ebe33e82f80d5", "head_recorded_at": "2026-09-28T16:54:06.226685Z", "projection": "consistent", "status": "intact"}, "rejections": []}
--- exit 0
### 7 propose
$ /home/superleo13/predictors/runtime/integration-crypto/bateria-rc12/rt/cain-venv/bin/cain research propose --domain crypto --state /home/superleo13/predictors/runtime/integration-crypto/transport-rc6-test/out-linux/it07/cain --proposal /home/superleo13/predictors/runtime/integration-crypto/bateria-rc12/qualification/integration-crypto/fixtures/proposals/e2e/01-allow.json --as-of 2026-09-29T12:00:00Z
{"decision": "ALLOW", "episode_id": "crypto:episode-1", "reason_code": "ALLOWED", "receipt_sha256": "d364ff5a3e2d04c1d3032650a6d7a73088ee668bc2a361792e2e481b76ecccb4", "rule": "R14", "status": "RECORDED", "task": {"payload_sha256": "5fe20eb7b93d743530485cae313699a24e6bde31926371024ff20b8d3ef89beb", "previous_task_id": null, "task_id": "crypto:TASK-02bf95b3940c9a226f8a9ae2a37a11a3"}}
--- exit 0
### 7 dispatch
$ /home/superleo13/predictors/runtime/integration-crypto/bateria-rc12/rt/cain-venv/bin/cain research dispatch --domain crypto --state /home/superleo13/predictors/runtime/integration-crypto/transport-rc6-test/out-linux/it07/cain --spool /home/superleo13/predictors/runtime/integration-crypto/transport-rc6-test/out-linux/it07/spool
{"action": "dispatched", "file": "crypto/tasks/TASK-02bf95b3940c9a226f8a9ae2a37a11a3.json", "spool": "WRITTEN", "task_id": "crypto:TASK-02bf95b3940c9a226f8a9ae2a37a11a3"}
--- exit 0
### 7 consumer 0
{"action": "delivered", "attempt": 1, "class": "TERMINAL_RESULT", "episode_id": "crypto:episode-1", "result_file": "crypto/results/TASK-02bf95b3940c9a226f8a9ae2a37a11a3.4f992de4bae7e3e6.json", "result_write": "WRITTEN", "status": "RESULT", "task_id": "crypto:TASK-02bf95b3940c9a226f8a9ae2a37a11a3"}
{"duration_ms": 208, "event": "job_finished", "job_id": "crypto-research-159fdfb2ad2ccd8f8d612a36", "level": "INFO", "run_id": "63e0408dfa464ebe81e79b08ffb5b266", "run_status": "SUCCEEDED", "service": "predictor_ops", "timestamp": "2026-09-28T16:54:07.174000Z"}
--- exit 0
### 7 consumer 1
{"action": "busy", "code": "CONSUMER_BUSY", "domain": "crypto"}
--- exit 6
### 7 ingest
$ /home/superleo13/predictors/runtime/integration-crypto/bateria-rc12/rt/cain-venv/bin/cain research ingest --domain crypto --state /home/superleo13/predictors/runtime/integration-crypto/transport-rc6-test/out-linux/it07/cain --spool /home/superleo13/predictors/runtime/integration-crypto/transport-rc6-test/out-linux/it07/spool
{"action": "ingested", "class": "TERMINAL_RESULT", "fact": "fact:512e5c9447724ad8bcc7a84a95f5d2b3", "file": "TASK-02bf95b3940c9a226f8a9ae2a37a11a3.4f992de4bae7e3e6.json", "status": "RESULT", "task_id": "crypto:TASK-02bf95b3940c9a226f8a9ae2a37a11a3"}
--- exit 0
### 7 episodes
$ /home/superleo13/predictors/runtime/integration-crypto/bateria-rc12/rt/cain-venv/bin/cain research episodes --domain crypto --state /home/superleo13/predictors/runtime/integration-crypto/transport-rc6-test/out-linux/it07/cain
{"domain": "crypto", "episodes": [{"as_of": "2026-09-29T12:00:00Z", "decision": "ALLOW", "number": 1, "outbox": {"dispatches": 1, "retries_requested": 0, "status": "PUBLISHED", "task_id": "crypto:TASK-02bf95b3940c9a226f8a9ae2a37a11a3"}, "proposal_id": "cain:E2E-01", "reason_code": "ALLOWED", "receipt_sha256": "d364ff5a3e2d04c1d3032650a6d7a73088ee668bc2a361792e2e481b76ecccb4", "source": "operator", "task_id": "crypto:TASK-02bf95b3940c9a226f8a9ae2a37a11a3"}], "inbox": [{"class": "TERMINAL_RESULT", "fact_id": "fact:512e5c9447724ad8bcc7a84a95f5d2b3", "payload_sha256": "3da67a25768c5e4df30a8560ade595f8dc1d66e092cdc42f1a3afc0e2d790c39", "status": "RESULT", "task_id": "crypto:TASK-02bf95b3940c9a226f8a9ae2a37a11a3"}], "memory": {"broken_at": null, "entries": 1, "head": "e69e86129d653d934f6e90fda978d9992ad92af8181189ce81e345cfb5e4fc12", "head_recorded_at": "2026-09-28T16:54:07.311131Z", "projection": "consistent", "status": "intact"}, "rejections": []}
--- exit 0
### 8 propose
$ /home/superleo13/predictors/runtime/integration-crypto/bateria-rc12/rt/cain-venv/bin/cain research propose --domain crypto --state /home/superleo13/predictors/runtime/integration-crypto/transport-rc6-test/out-linux/it08/cain --proposal /home/superleo13/predictors/runtime/integration-crypto/bateria-rc12/qualification/integration-crypto/fixtures/proposals/e2e/01-allow.json --as-of 2026-09-29T12:00:00Z
{"decision": "ALLOW", "episode_id": "crypto:episode-1", "reason_code": "ALLOWED", "receipt_sha256": "d364ff5a3e2d04c1d3032650a6d7a73088ee668bc2a361792e2e481b76ecccb4", "rule": "R14", "status": "RECORDED", "task": {"payload_sha256": "5fe20eb7b93d743530485cae313699a24e6bde31926371024ff20b8d3ef89beb", "previous_task_id": null, "task_id": "crypto:TASK-02bf95b3940c9a226f8a9ae2a37a11a3"}}
--- exit 0
### 8 dispatch
$ /home/superleo13/predictors/runtime/integration-crypto/bateria-rc12/rt/cain-venv/bin/cain research dispatch --domain crypto --state /home/superleo13/predictors/runtime/integration-crypto/transport-rc6-test/out-linux/it08/cain --spool /home/superleo13/predictors/runtime/integration-crypto/transport-rc6-test/out-linux/it08/spool
{"action": "dispatched", "file": "crypto/tasks/TASK-02bf95b3940c9a226f8a9ae2a37a11a3.json", "spool": "WRITTEN", "task_id": "crypto:TASK-02bf95b3940c9a226f8a9ae2a37a11a3"}
--- exit 0
### 8 consumer 0
{"action": "delivered", "attempt": 1, "class": "TERMINAL_RESULT", "episode_id": "crypto:episode-1", "result_file": "crypto/results/TASK-02bf95b3940c9a226f8a9ae2a37a11a3.7c9b2dfa36593fb8.json", "result_write": "WRITTEN", "status": "RESULT", "task_id": "crypto:TASK-02bf95b3940c9a226f8a9ae2a37a11a3"}
{"duration_ms": 209, "event": "job_finished", "job_id": "crypto-research-159fdfb2ad2ccd8f8d612a36", "level": "INFO", "run_id": "cbe8341a30c94d7692d71015041c1960", "run_status": "SUCCEEDED", "service": "predictor_ops", "timestamp": "2026-09-28T16:54:08.342394Z"}
--- exit 0
### 8 consumer 1
{"action": "busy", "code": "CONSUMER_BUSY", "domain": "crypto"}
--- exit 6
### 8 ingest
$ /home/superleo13/predictors/runtime/integration-crypto/bateria-rc12/rt/cain-venv/bin/cain research ingest --domain crypto --state /home/superleo13/predictors/runtime/integration-crypto/transport-rc6-test/out-linux/it08/cain --spool /home/superleo13/predictors/runtime/integration-crypto/transport-rc6-test/out-linux/it08/spool
{"action": "ingested", "class": "TERMINAL_RESULT", "fact": "fact:ee3ef296f2f141c8a879d8a02cd8e48d", "file": "TASK-02bf95b3940c9a226f8a9ae2a37a11a3.7c9b2dfa36593fb8.json", "status": "RESULT", "task_id": "crypto:TASK-02bf95b3940c9a226f8a9ae2a37a11a3"}
--- exit 0
### 8 episodes
$ /home/superleo13/predictors/runtime/integration-crypto/bateria-rc12/rt/cain-venv/bin/cain research episodes --domain crypto --state /home/superleo13/predictors/runtime/integration-crypto/transport-rc6-test/out-linux/it08/cain
{"domain": "crypto", "episodes": [{"as_of": "2026-09-29T12:00:00Z", "decision": "ALLOW", "number": 1, "outbox": {"dispatches": 1, "retries_requested": 0, "status": "PUBLISHED", "task_id": "crypto:TASK-02bf95b3940c9a226f8a9ae2a37a11a3"}, "proposal_id": "cain:E2E-01", "reason_code": "ALLOWED", "receipt_sha256": "d364ff5a3e2d04c1d3032650a6d7a73088ee668bc2a361792e2e481b76ecccb4", "source": "operator", "task_id": "crypto:TASK-02bf95b3940c9a226f8a9ae2a37a11a3"}], "inbox": [{"class": "TERMINAL_RESULT", "fact_id": "fact:ee3ef296f2f141c8a879d8a02cd8e48d", "payload_sha256": "f7c27ea7c18fd916e91266c50108350230d626bc7e9d6b3606141de3fb258708", "status": "RESULT", "task_id": "crypto:TASK-02bf95b3940c9a226f8a9ae2a37a11a3"}], "memory": {"broken_at": null, "entries": 1, "head": "4a9bc356246804df43697352398abd0600c17975aca80a2b34e4397d07b63878", "head_recorded_at": "2026-09-28T16:54:08.502202Z", "projection": "consistent", "status": "intact"}, "rejections": []}
--- exit 0
### 9 propose
$ /home/superleo13/predictors/runtime/integration-crypto/bateria-rc12/rt/cain-venv/bin/cain research propose --domain crypto --state /home/superleo13/predictors/runtime/integration-crypto/transport-rc6-test/out-linux/it09/cain --proposal /home/superleo13/predictors/runtime/integration-crypto/bateria-rc12/qualification/integration-crypto/fixtures/proposals/e2e/01-allow.json --as-of 2026-09-29T12:00:00Z
{"decision": "ALLOW", "episode_id": "crypto:episode-1", "reason_code": "ALLOWED", "receipt_sha256": "d364ff5a3e2d04c1d3032650a6d7a73088ee668bc2a361792e2e481b76ecccb4", "rule": "R14", "status": "RECORDED", "task": {"payload_sha256": "5fe20eb7b93d743530485cae313699a24e6bde31926371024ff20b8d3ef89beb", "previous_task_id": null, "task_id": "crypto:TASK-02bf95b3940c9a226f8a9ae2a37a11a3"}}
--- exit 0
### 9 dispatch
$ /home/superleo13/predictors/runtime/integration-crypto/bateria-rc12/rt/cain-venv/bin/cain research dispatch --domain crypto --state /home/superleo13/predictors/runtime/integration-crypto/transport-rc6-test/out-linux/it09/cain --spool /home/superleo13/predictors/runtime/integration-crypto/transport-rc6-test/out-linux/it09/spool
{"action": "dispatched", "file": "crypto/tasks/TASK-02bf95b3940c9a226f8a9ae2a37a11a3.json", "spool": "WRITTEN", "task_id": "crypto:TASK-02bf95b3940c9a226f8a9ae2a37a11a3"}
--- exit 0
### 9 consumer 0
{"action": "busy", "code": "CONSUMER_BUSY", "domain": "crypto"}
--- exit 6
### 9 consumer 1
{"action": "delivered", "attempt": 1, "class": "TERMINAL_RESULT", "episode_id": "crypto:episode-1", "result_file": "crypto/results/TASK-02bf95b3940c9a226f8a9ae2a37a11a3.f63a0a29c1867406.json", "result_write": "WRITTEN", "status": "RESULT", "task_id": "crypto:TASK-02bf95b3940c9a226f8a9ae2a37a11a3"}
{"duration_ms": 208, "event": "job_finished", "job_id": "crypto-research-159fdfb2ad2ccd8f8d612a36", "level": "INFO", "run_id": "3e3e1def229b4025a96316c6d9028d71", "run_status": "SUCCEEDED", "service": "predictor_ops", "timestamp": "2026-09-28T16:54:09.436057Z"}
--- exit 0
### 9 ingest
$ /home/superleo13/predictors/runtime/integration-crypto/bateria-rc12/rt/cain-venv/bin/cain research ingest --domain crypto --state /home/superleo13/predictors/runtime/integration-crypto/transport-rc6-test/out-linux/it09/cain --spool /home/superleo13/predictors/runtime/integration-crypto/transport-rc6-test/out-linux/it09/spool
{"action": "ingested", "class": "TERMINAL_RESULT", "fact": "fact:3d1296db23554736ae41e40a63bd5c45", "file": "TASK-02bf95b3940c9a226f8a9ae2a37a11a3.f63a0a29c1867406.json", "status": "RESULT", "task_id": "crypto:TASK-02bf95b3940c9a226f8a9ae2a37a11a3"}
--- exit 0
### 9 episodes
$ /home/superleo13/predictors/runtime/integration-crypto/bateria-rc12/rt/cain-venv/bin/cain research episodes --domain crypto --state /home/superleo13/predictors/runtime/integration-crypto/transport-rc6-test/out-linux/it09/cain
{"domain": "crypto", "episodes": [{"as_of": "2026-09-29T12:00:00Z", "decision": "ALLOW", "number": 1, "outbox": {"dispatches": 1, "retries_requested": 0, "status": "PUBLISHED", "task_id": "crypto:TASK-02bf95b3940c9a226f8a9ae2a37a11a3"}, "proposal_id": "cain:E2E-01", "reason_code": "ALLOWED", "receipt_sha256": "d364ff5a3e2d04c1d3032650a6d7a73088ee668bc2a361792e2e481b76ecccb4", "source": "operator", "task_id": "crypto:TASK-02bf95b3940c9a226f8a9ae2a37a11a3"}], "inbox": [{"class": "TERMINAL_RESULT", "fact_id": "fact:3d1296db23554736ae41e40a63bd5c45", "payload_sha256": "9652b2002f55499b79cd9d567b3dadbff0b7588b83d561c558df29f860b33b17", "status": "RESULT", "task_id": "crypto:TASK-02bf95b3940c9a226f8a9ae2a37a11a3"}], "memory": {"broken_at": null, "entries": 1, "head": "1b1126f7c2598d7b0a6b35fdec6b9a9f460e10a357f699bda1d84cb04eb6186a", "head_recorded_at": "2026-09-28T16:54:09.565368Z", "projection": "consistent", "status": "intact"}, "rejections": []}
--- exit 0
### 10 propose
$ /home/superleo13/predictors/runtime/integration-crypto/bateria-rc12/rt/cain-venv/bin/cain research propose --domain crypto --state /home/superleo13/predictors/runtime/integration-crypto/transport-rc6-test/out-linux/it10/cain --proposal /home/superleo13/predictors/runtime/integration-crypto/bateria-rc12/qualification/integration-crypto/fixtures/proposals/e2e/01-allow.json --as-of 2026-09-29T12:00:00Z
{"decision": "ALLOW", "episode_id": "crypto:episode-1", "reason_code": "ALLOWED", "receipt_sha256": "d364ff5a3e2d04c1d3032650a6d7a73088ee668bc2a361792e2e481b76ecccb4", "rule": "R14", "status": "RECORDED", "task": {"payload_sha256": "5fe20eb7b93d743530485cae313699a24e6bde31926371024ff20b8d3ef89beb", "previous_task_id": null, "task_id": "crypto:TASK-02bf95b3940c9a226f8a9ae2a37a11a3"}}
--- exit 0
### 10 dispatch
$ /home/superleo13/predictors/runtime/integration-crypto/bateria-rc12/rt/cain-venv/bin/cain research dispatch --domain crypto --state /home/superleo13/predictors/runtime/integration-crypto/transport-rc6-test/out-linux/it10/cain --spool /home/superleo13/predictors/runtime/integration-crypto/transport-rc6-test/out-linux/it10/spool
{"action": "dispatched", "file": "crypto/tasks/TASK-02bf95b3940c9a226f8a9ae2a37a11a3.json", "spool": "WRITTEN", "task_id": "crypto:TASK-02bf95b3940c9a226f8a9ae2a37a11a3"}
--- exit 0
### 10 consumer 0
{"action": "delivered", "attempt": 1, "class": "TERMINAL_RESULT", "episode_id": "crypto:episode-1", "result_file": "crypto/results/TASK-02bf95b3940c9a226f8a9ae2a37a11a3.ed91292fe209e887.json", "result_write": "WRITTEN", "status": "RESULT", "task_id": "crypto:TASK-02bf95b3940c9a226f8a9ae2a37a11a3"}
{"duration_ms": 209, "event": "job_finished", "job_id": "crypto-research-159fdfb2ad2ccd8f8d612a36", "level": "INFO", "run_id": "8e0a374398094e519c71f90388edfc9e", "run_status": "SUCCEEDED", "service": "predictor_ops", "timestamp": "2026-09-28T16:54:10.288972Z"}
--- exit 0
### 10 consumer 1
{"action": "busy", "code": "CONSUMER_BUSY", "domain": "crypto"}
--- exit 6
### 10 ingest
$ /home/superleo13/predictors/runtime/integration-crypto/bateria-rc12/rt/cain-venv/bin/cain research ingest --domain crypto --state /home/superleo13/predictors/runtime/integration-crypto/transport-rc6-test/out-linux/it10/cain --spool /home/superleo13/predictors/runtime/integration-crypto/transport-rc6-test/out-linux/it10/spool
{"action": "ingested", "class": "TERMINAL_RESULT", "fact": "fact:44e16d83558141a9a2605d5d7b6aa0c4", "file": "TASK-02bf95b3940c9a226f8a9ae2a37a11a3.ed91292fe209e887.json", "status": "RESULT", "task_id": "crypto:TASK-02bf95b3940c9a226f8a9ae2a37a11a3"}
--- exit 0
### 10 episodes
$ /home/superleo13/predictors/runtime/integration-crypto/bateria-rc12/rt/cain-venv/bin/cain research episodes --domain crypto --state /home/superleo13/predictors/runtime/integration-crypto/transport-rc6-test/out-linux/it10/cain
{"domain": "crypto", "episodes": [{"as_of": "2026-09-29T12:00:00Z", "decision": "ALLOW", "number": 1, "outbox": {"dispatches": 1, "retries_requested": 0, "status": "PUBLISHED", "task_id": "crypto:TASK-02bf95b3940c9a226f8a9ae2a37a11a3"}, "proposal_id": "cain:E2E-01", "reason_code": "ALLOWED", "receipt_sha256": "d364ff5a3e2d04c1d3032650a6d7a73088ee668bc2a361792e2e481b76ecccb4", "source": "operator", "task_id": "crypto:TASK-02bf95b3940c9a226f8a9ae2a37a11a3"}], "inbox": [{"class": "TERMINAL_RESULT", "fact_id": "fact:44e16d83558141a9a2605d5d7b6aa0c4", "payload_sha256": "9f69e737457dd854d1448db2e643038da53f02edcd68524ed47b017dea9823fb", "status": "RESULT", "task_id": "crypto:TASK-02bf95b3940c9a226f8a9ae2a37a11a3"}], "memory": {"broken_at": null, "entries": 1, "head": "0f9783c480cca4c230c004d095e461bf7fd23d25e85b67126d4c9d98172a4195", "head_recorded_at": "2026-09-28T16:54:10.494915Z", "projection": "consistent", "status": "intact"}, "rejections": []}
--- exit 0
### 11 propose
$ /home/superleo13/predictors/runtime/integration-crypto/bateria-rc12/rt/cain-venv/bin/cain research propose --domain crypto --state /home/superleo13/predictors/runtime/integration-crypto/transport-rc6-test/out-linux/it11/cain --proposal /home/superleo13/predictors/runtime/integration-crypto/bateria-rc12/qualification/integration-crypto/fixtures/proposals/e2e/01-allow.json --as-of 2026-09-29T12:00:00Z
{"decision": "ALLOW", "episode_id": "crypto:episode-1", "reason_code": "ALLOWED", "receipt_sha256": "d364ff5a3e2d04c1d3032650a6d7a73088ee668bc2a361792e2e481b76ecccb4", "rule": "R14", "status": "RECORDED", "task": {"payload_sha256": "5fe20eb7b93d743530485cae313699a24e6bde31926371024ff20b8d3ef89beb", "previous_task_id": null, "task_id": "crypto:TASK-02bf95b3940c9a226f8a9ae2a37a11a3"}}
--- exit 0
### 11 dispatch
$ /home/superleo13/predictors/runtime/integration-crypto/bateria-rc12/rt/cain-venv/bin/cain research dispatch --domain crypto --state /home/superleo13/predictors/runtime/integration-crypto/transport-rc6-test/out-linux/it11/cain --spool /home/superleo13/predictors/runtime/integration-crypto/transport-rc6-test/out-linux/it11/spool
{"action": "dispatched", "file": "crypto/tasks/TASK-02bf95b3940c9a226f8a9ae2a37a11a3.json", "spool": "WRITTEN", "task_id": "crypto:TASK-02bf95b3940c9a226f8a9ae2a37a11a3"}
--- exit 0
### 11 consumer 0
{"action": "busy", "code": "CONSUMER_BUSY", "domain": "crypto"}
--- exit 6
### 11 consumer 1
{"action": "delivered", "attempt": 1, "class": "TERMINAL_RESULT", "episode_id": "crypto:episode-1", "result_file": "crypto/results/TASK-02bf95b3940c9a226f8a9ae2a37a11a3.c7bf2e526f110625.json", "result_write": "WRITTEN", "status": "RESULT", "task_id": "crypto:TASK-02bf95b3940c9a226f8a9ae2a37a11a3"}
{"duration_ms": 210, "event": "job_finished", "job_id": "crypto-research-159fdfb2ad2ccd8f8d612a36", "level": "INFO", "run_id": "fbb5d09d7f5d469da13ed2054eed8b1b", "run_status": "SUCCEEDED", "service": "predictor_ops", "timestamp": "2026-09-28T16:54:11.254582Z"}
--- exit 0
### 11 ingest
$ /home/superleo13/predictors/runtime/integration-crypto/bateria-rc12/rt/cain-venv/bin/cain research ingest --domain crypto --state /home/superleo13/predictors/runtime/integration-crypto/transport-rc6-test/out-linux/it11/cain --spool /home/superleo13/predictors/runtime/integration-crypto/transport-rc6-test/out-linux/it11/spool
{"action": "ingested", "class": "TERMINAL_RESULT", "fact": "fact:8842d4963b5846f5adc451687258da78", "file": "TASK-02bf95b3940c9a226f8a9ae2a37a11a3.c7bf2e526f110625.json", "status": "RESULT", "task_id": "crypto:TASK-02bf95b3940c9a226f8a9ae2a37a11a3"}
--- exit 0
### 11 episodes
$ /home/superleo13/predictors/runtime/integration-crypto/bateria-rc12/rt/cain-venv/bin/cain research episodes --domain crypto --state /home/superleo13/predictors/runtime/integration-crypto/transport-rc6-test/out-linux/it11/cain
{"domain": "crypto", "episodes": [{"as_of": "2026-09-29T12:00:00Z", "decision": "ALLOW", "number": 1, "outbox": {"dispatches": 1, "retries_requested": 0, "status": "PUBLISHED", "task_id": "crypto:TASK-02bf95b3940c9a226f8a9ae2a37a11a3"}, "proposal_id": "cain:E2E-01", "reason_code": "ALLOWED", "receipt_sha256": "d364ff5a3e2d04c1d3032650a6d7a73088ee668bc2a361792e2e481b76ecccb4", "source": "operator", "task_id": "crypto:TASK-02bf95b3940c9a226f8a9ae2a37a11a3"}], "inbox": [{"class": "TERMINAL_RESULT", "fact_id": "fact:8842d4963b5846f5adc451687258da78", "payload_sha256": "34a788437c7cb5f7a01e2d27a0f728d7afe8220558d847422a1cc2f120251dd8", "status": "RESULT", "task_id": "crypto:TASK-02bf95b3940c9a226f8a9ae2a37a11a3"}], "memory": {"broken_at": null, "entries": 1, "head": "91a00005f88370fe13954034e6287f05086e7da93beea6c6dca1d2baea96f061", "head_recorded_at": "2026-09-28T16:54:11.388867Z", "projection": "consistent", "status": "intact"}, "rejections": []}
--- exit 0
### 12 propose
$ /home/superleo13/predictors/runtime/integration-crypto/bateria-rc12/rt/cain-venv/bin/cain research propose --domain crypto --state /home/superleo13/predictors/runtime/integration-crypto/transport-rc6-test/out-linux/it12/cain --proposal /home/superleo13/predictors/runtime/integration-crypto/bateria-rc12/qualification/integration-crypto/fixtures/proposals/e2e/01-allow.json --as-of 2026-09-29T12:00:00Z
{"decision": "ALLOW", "episode_id": "crypto:episode-1", "reason_code": "ALLOWED", "receipt_sha256": "d364ff5a3e2d04c1d3032650a6d7a73088ee668bc2a361792e2e481b76ecccb4", "rule": "R14", "status": "RECORDED", "task": {"payload_sha256": "5fe20eb7b93d743530485cae313699a24e6bde31926371024ff20b8d3ef89beb", "previous_task_id": null, "task_id": "crypto:TASK-02bf95b3940c9a226f8a9ae2a37a11a3"}}
--- exit 0
### 12 dispatch
$ /home/superleo13/predictors/runtime/integration-crypto/bateria-rc12/rt/cain-venv/bin/cain research dispatch --domain crypto --state /home/superleo13/predictors/runtime/integration-crypto/transport-rc6-test/out-linux/it12/cain --spool /home/superleo13/predictors/runtime/integration-crypto/transport-rc6-test/out-linux/it12/spool
{"action": "dispatched", "file": "crypto/tasks/TASK-02bf95b3940c9a226f8a9ae2a37a11a3.json", "spool": "WRITTEN", "task_id": "crypto:TASK-02bf95b3940c9a226f8a9ae2a37a11a3"}
--- exit 0
### 12 consumer 0
{"action": "busy", "code": "CONSUMER_BUSY", "domain": "crypto"}
--- exit 6
### 12 consumer 1
{"action": "delivered", "attempt": 1, "class": "TERMINAL_RESULT", "episode_id": "crypto:episode-1", "result_file": "crypto/results/TASK-02bf95b3940c9a226f8a9ae2a37a11a3.31d06f559b5a95a7.json", "result_write": "WRITTEN", "status": "RESULT", "task_id": "crypto:TASK-02bf95b3940c9a226f8a9ae2a37a11a3"}
{"duration_ms": 209, "event": "job_finished", "job_id": "crypto-research-159fdfb2ad2ccd8f8d612a36", "level": "INFO", "run_id": "3abe70962dbd4ecfbdbe6c4715612956", "run_status": "SUCCEEDED", "service": "predictor_ops", "timestamp": "2026-09-28T16:54:12.263092Z"}
--- exit 0
### 12 ingest
$ /home/superleo13/predictors/runtime/integration-crypto/bateria-rc12/rt/cain-venv/bin/cain research ingest --domain crypto --state /home/superleo13/predictors/runtime/integration-crypto/transport-rc6-test/out-linux/it12/cain --spool /home/superleo13/predictors/runtime/integration-crypto/transport-rc6-test/out-linux/it12/spool
{"action": "ingested", "class": "TERMINAL_RESULT", "fact": "fact:51bc09f8f678414194cf91b208f130f3", "file": "TASK-02bf95b3940c9a226f8a9ae2a37a11a3.31d06f559b5a95a7.json", "status": "RESULT", "task_id": "crypto:TASK-02bf95b3940c9a226f8a9ae2a37a11a3"}
--- exit 0
### 12 episodes
$ /home/superleo13/predictors/runtime/integration-crypto/bateria-rc12/rt/cain-venv/bin/cain research episodes --domain crypto --state /home/superleo13/predictors/runtime/integration-crypto/transport-rc6-test/out-linux/it12/cain
{"domain": "crypto", "episodes": [{"as_of": "2026-09-29T12:00:00Z", "decision": "ALLOW", "number": 1, "outbox": {"dispatches": 1, "retries_requested": 0, "status": "PUBLISHED", "task_id": "crypto:TASK-02bf95b3940c9a226f8a9ae2a37a11a3"}, "proposal_id": "cain:E2E-01", "reason_code": "ALLOWED", "receipt_sha256": "d364ff5a3e2d04c1d3032650a6d7a73088ee668bc2a361792e2e481b76ecccb4", "source": "operator", "task_id": "crypto:TASK-02bf95b3940c9a226f8a9ae2a37a11a3"}], "inbox": [{"class": "TERMINAL_RESULT", "fact_id": "fact:51bc09f8f678414194cf91b208f130f3", "payload_sha256": "5161bfcb98a2d49fec5cef8a8ac39041ad128ba14892b7d2fcfaf5ddda780fea", "status": "RESULT", "task_id": "crypto:TASK-02bf95b3940c9a226f8a9ae2a37a11a3"}], "memory": {"broken_at": null, "entries": 1, "head": "9993dea0c4a86031ca8a211f6d0cdf25f5d83096a969daf49c76ca5211f1c03c", "head_recorded_at": "2026-09-28T16:54:12.424669Z", "projection": "consistent", "status": "intact"}, "rejections": []}
--- exit 0
### 13 propose
$ /home/superleo13/predictors/runtime/integration-crypto/bateria-rc12/rt/cain-venv/bin/cain research propose --domain crypto --state /home/superleo13/predictors/runtime/integration-crypto/transport-rc6-test/out-linux/it13/cain --proposal /home/superleo13/predictors/runtime/integration-crypto/bateria-rc12/qualification/integration-crypto/fixtures/proposals/e2e/01-allow.json --as-of 2026-09-29T12:00:00Z
{"decision": "ALLOW", "episode_id": "crypto:episode-1", "reason_code": "ALLOWED", "receipt_sha256": "d364ff5a3e2d04c1d3032650a6d7a73088ee668bc2a361792e2e481b76ecccb4", "rule": "R14", "status": "RECORDED", "task": {"payload_sha256": "5fe20eb7b93d743530485cae313699a24e6bde31926371024ff20b8d3ef89beb", "previous_task_id": null, "task_id": "crypto:TASK-02bf95b3940c9a226f8a9ae2a37a11a3"}}
--- exit 0
### 13 dispatch
$ /home/superleo13/predictors/runtime/integration-crypto/bateria-rc12/rt/cain-venv/bin/cain research dispatch --domain crypto --state /home/superleo13/predictors/runtime/integration-crypto/transport-rc6-test/out-linux/it13/cain --spool /home/superleo13/predictors/runtime/integration-crypto/transport-rc6-test/out-linux/it13/spool
{"action": "dispatched", "file": "crypto/tasks/TASK-02bf95b3940c9a226f8a9ae2a37a11a3.json", "spool": "WRITTEN", "task_id": "crypto:TASK-02bf95b3940c9a226f8a9ae2a37a11a3"}
--- exit 0
### 13 consumer 0
{"action": "delivered", "attempt": 1, "class": "TERMINAL_RESULT", "episode_id": "crypto:episode-1", "result_file": "crypto/results/TASK-02bf95b3940c9a226f8a9ae2a37a11a3.4dfd9a407202e701.json", "result_write": "WRITTEN", "status": "RESULT", "task_id": "crypto:TASK-02bf95b3940c9a226f8a9ae2a37a11a3"}
{"duration_ms": 210, "event": "job_finished", "job_id": "crypto-research-159fdfb2ad2ccd8f8d612a36", "level": "INFO", "run_id": "4b6370efd67543f4a8d8ef753c98e811", "run_status": "SUCCEEDED", "service": "predictor_ops", "timestamp": "2026-09-28T16:54:13.220187Z"}
--- exit 0
### 13 consumer 1
{"action": "busy", "code": "CONSUMER_BUSY", "domain": "crypto"}
--- exit 6
### 13 ingest
$ /home/superleo13/predictors/runtime/integration-crypto/bateria-rc12/rt/cain-venv/bin/cain research ingest --domain crypto --state /home/superleo13/predictors/runtime/integration-crypto/transport-rc6-test/out-linux/it13/cain --spool /home/superleo13/predictors/runtime/integration-crypto/transport-rc6-test/out-linux/it13/spool
{"action": "ingested", "class": "TERMINAL_RESULT", "fact": "fact:baa9ef5add364cd682552d82188407c7", "file": "TASK-02bf95b3940c9a226f8a9ae2a37a11a3.4dfd9a407202e701.json", "status": "RESULT", "task_id": "crypto:TASK-02bf95b3940c9a226f8a9ae2a37a11a3"}
--- exit 0
### 13 episodes
$ /home/superleo13/predictors/runtime/integration-crypto/bateria-rc12/rt/cain-venv/bin/cain research episodes --domain crypto --state /home/superleo13/predictors/runtime/integration-crypto/transport-rc6-test/out-linux/it13/cain
{"domain": "crypto", "episodes": [{"as_of": "2026-09-29T12:00:00Z", "decision": "ALLOW", "number": 1, "outbox": {"dispatches": 1, "retries_requested": 0, "status": "PUBLISHED", "task_id": "crypto:TASK-02bf95b3940c9a226f8a9ae2a37a11a3"}, "proposal_id": "cain:E2E-01", "reason_code": "ALLOWED", "receipt_sha256": "d364ff5a3e2d04c1d3032650a6d7a73088ee668bc2a361792e2e481b76ecccb4", "source": "operator", "task_id": "crypto:TASK-02bf95b3940c9a226f8a9ae2a37a11a3"}], "inbox": [{"class": "TERMINAL_RESULT", "fact_id": "fact:baa9ef5add364cd682552d82188407c7", "payload_sha256": "dc19b28a3d2adc9ead48e751dd52010a1a84aff3c164177bc617e76e344c7000", "status": "RESULT", "task_id": "crypto:TASK-02bf95b3940c9a226f8a9ae2a37a11a3"}], "memory": {"broken_at": null, "entries": 1, "head": "411ce41127539dc43b8d2984e3efad3b3e6eea078f2516b687ecc863745ed28a", "head_recorded_at": "2026-09-28T16:54:13.370281Z", "projection": "consistent", "status": "intact"}, "rejections": []}
--- exit 0
### 14 propose
$ /home/superleo13/predictors/runtime/integration-crypto/bateria-rc12/rt/cain-venv/bin/cain research propose --domain crypto --state /home/superleo13/predictors/runtime/integration-crypto/transport-rc6-test/out-linux/it14/cain --proposal /home/superleo13/predictors/runtime/integration-crypto/bateria-rc12/qualification/integration-crypto/fixtures/proposals/e2e/01-allow.json --as-of 2026-09-29T12:00:00Z
{"decision": "ALLOW", "episode_id": "crypto:episode-1", "reason_code": "ALLOWED", "receipt_sha256": "d364ff5a3e2d04c1d3032650a6d7a73088ee668bc2a361792e2e481b76ecccb4", "rule": "R14", "status": "RECORDED", "task": {"payload_sha256": "5fe20eb7b93d743530485cae313699a24e6bde31926371024ff20b8d3ef89beb", "previous_task_id": null, "task_id": "crypto:TASK-02bf95b3940c9a226f8a9ae2a37a11a3"}}
--- exit 0
### 14 dispatch
$ /home/superleo13/predictors/runtime/integration-crypto/bateria-rc12/rt/cain-venv/bin/cain research dispatch --domain crypto --state /home/superleo13/predictors/runtime/integration-crypto/transport-rc6-test/out-linux/it14/cain --spool /home/superleo13/predictors/runtime/integration-crypto/transport-rc6-test/out-linux/it14/spool
{"action": "dispatched", "file": "crypto/tasks/TASK-02bf95b3940c9a226f8a9ae2a37a11a3.json", "spool": "WRITTEN", "task_id": "crypto:TASK-02bf95b3940c9a226f8a9ae2a37a11a3"}
--- exit 0
### 14 consumer 0
{"action": "delivered", "attempt": 1, "class": "TERMINAL_RESULT", "episode_id": "crypto:episode-1", "result_file": "crypto/results/TASK-02bf95b3940c9a226f8a9ae2a37a11a3.766b8417be2f65e1.json", "result_write": "WRITTEN", "status": "RESULT", "task_id": "crypto:TASK-02bf95b3940c9a226f8a9ae2a37a11a3"}
{"duration_ms": 209, "event": "job_finished", "job_id": "crypto-research-159fdfb2ad2ccd8f8d612a36", "level": "INFO", "run_id": "1cce89d53b6d4cccafa5e7d4f098f611", "run_status": "SUCCEEDED", "service": "predictor_ops", "timestamp": "2026-09-28T16:54:14.147898Z"}
--- exit 0
### 14 consumer 1
{"action": "busy", "code": "CONSUMER_BUSY", "domain": "crypto"}
--- exit 6
### 14 ingest
$ /home/superleo13/predictors/runtime/integration-crypto/bateria-rc12/rt/cain-venv/bin/cain research ingest --domain crypto --state /home/superleo13/predictors/runtime/integration-crypto/transport-rc6-test/out-linux/it14/cain --spool /home/superleo13/predictors/runtime/integration-crypto/transport-rc6-test/out-linux/it14/spool
{"action": "ingested", "class": "TERMINAL_RESULT", "fact": "fact:1847c0920d15433e8c44af77225a1dbc", "file": "TASK-02bf95b3940c9a226f8a9ae2a37a11a3.766b8417be2f65e1.json", "status": "RESULT", "task_id": "crypto:TASK-02bf95b3940c9a226f8a9ae2a37a11a3"}
--- exit 0
### 14 episodes
$ /home/superleo13/predictors/runtime/integration-crypto/bateria-rc12/rt/cain-venv/bin/cain research episodes --domain crypto --state /home/superleo13/predictors/runtime/integration-crypto/transport-rc6-test/out-linux/it14/cain
{"domain": "crypto", "episodes": [{"as_of": "2026-09-29T12:00:00Z", "decision": "ALLOW", "number": 1, "outbox": {"dispatches": 1, "retries_requested": 0, "status": "PUBLISHED", "task_id": "crypto:TASK-02bf95b3940c9a226f8a9ae2a37a11a3"}, "proposal_id": "cain:E2E-01", "reason_code": "ALLOWED", "receipt_sha256": "d364ff5a3e2d04c1d3032650a6d7a73088ee668bc2a361792e2e481b76ecccb4", "source": "operator", "task_id": "crypto:TASK-02bf95b3940c9a226f8a9ae2a37a11a3"}], "inbox": [{"class": "TERMINAL_RESULT", "fact_id": "fact:1847c0920d15433e8c44af77225a1dbc", "payload_sha256": "d53e369e9030c5c1fe137dff48fa3b03524bcd83c287d25cce8eb3222bb54dbd", "status": "RESULT", "task_id": "crypto:TASK-02bf95b3940c9a226f8a9ae2a37a11a3"}], "memory": {"broken_at": null, "entries": 1, "head": "67147ee9f4a7adb8ac92480240250a47575a52a2d6bd2a370dfd23952fc4c17d", "head_recorded_at": "2026-09-28T16:54:14.322750Z", "projection": "consistent", "status": "intact"}, "rejections": []}
--- exit 0
### 15 propose
$ /home/superleo13/predictors/runtime/integration-crypto/bateria-rc12/rt/cain-venv/bin/cain research propose --domain crypto --state /home/superleo13/predictors/runtime/integration-crypto/transport-rc6-test/out-linux/it15/cain --proposal /home/superleo13/predictors/runtime/integration-crypto/bateria-rc12/qualification/integration-crypto/fixtures/proposals/e2e/01-allow.json --as-of 2026-09-29T12:00:00Z
{"decision": "ALLOW", "episode_id": "crypto:episode-1", "reason_code": "ALLOWED", "receipt_sha256": "d364ff5a3e2d04c1d3032650a6d7a73088ee668bc2a361792e2e481b76ecccb4", "rule": "R14", "status": "RECORDED", "task": {"payload_sha256": "5fe20eb7b93d743530485cae313699a24e6bde31926371024ff20b8d3ef89beb", "previous_task_id": null, "task_id": "crypto:TASK-02bf95b3940c9a226f8a9ae2a37a11a3"}}
--- exit 0
### 15 dispatch
$ /home/superleo13/predictors/runtime/integration-crypto/bateria-rc12/rt/cain-venv/bin/cain research dispatch --domain crypto --state /home/superleo13/predictors/runtime/integration-crypto/transport-rc6-test/out-linux/it15/cain --spool /home/superleo13/predictors/runtime/integration-crypto/transport-rc6-test/out-linux/it15/spool
{"action": "dispatched", "file": "crypto/tasks/TASK-02bf95b3940c9a226f8a9ae2a37a11a3.json", "spool": "WRITTEN", "task_id": "crypto:TASK-02bf95b3940c9a226f8a9ae2a37a11a3"}
--- exit 0
### 15 consumer 0
{"action": "delivered", "attempt": 1, "class": "TERMINAL_RESULT", "episode_id": "crypto:episode-1", "result_file": "crypto/results/TASK-02bf95b3940c9a226f8a9ae2a37a11a3.2c1f70b28fb83d75.json", "result_write": "WRITTEN", "status": "RESULT", "task_id": "crypto:TASK-02bf95b3940c9a226f8a9ae2a37a11a3"}
{"duration_ms": 221, "event": "job_finished", "job_id": "crypto-research-159fdfb2ad2ccd8f8d612a36", "level": "INFO", "run_id": "4a9969560e2c4786b8f6f5b3f1c6ff3b", "run_status": "SUCCEEDED", "service": "predictor_ops", "timestamp": "2026-09-28T16:54:15.152174Z"}
--- exit 0
### 15 consumer 1
{"action": "busy", "code": "CONSUMER_BUSY", "domain": "crypto"}
--- exit 6
### 15 ingest
$ /home/superleo13/predictors/runtime/integration-crypto/bateria-rc12/rt/cain-venv/bin/cain research ingest --domain crypto --state /home/superleo13/predictors/runtime/integration-crypto/transport-rc6-test/out-linux/it15/cain --spool /home/superleo13/predictors/runtime/integration-crypto/transport-rc6-test/out-linux/it15/spool
{"action": "ingested", "class": "TERMINAL_RESULT", "fact": "fact:e5777cb2cb2c478fa5c8aad2cf37bfb9", "file": "TASK-02bf95b3940c9a226f8a9ae2a37a11a3.2c1f70b28fb83d75.json", "status": "RESULT", "task_id": "crypto:TASK-02bf95b3940c9a226f8a9ae2a37a11a3"}
--- exit 0
### 15 episodes
$ /home/superleo13/predictors/runtime/integration-crypto/bateria-rc12/rt/cain-venv/bin/cain research episodes --domain crypto --state /home/superleo13/predictors/runtime/integration-crypto/transport-rc6-test/out-linux/it15/cain
{"domain": "crypto", "episodes": [{"as_of": "2026-09-29T12:00:00Z", "decision": "ALLOW", "number": 1, "outbox": {"dispatches": 1, "retries_requested": 0, "status": "PUBLISHED", "task_id": "crypto:TASK-02bf95b3940c9a226f8a9ae2a37a11a3"}, "proposal_id": "cain:E2E-01", "reason_code": "ALLOWED", "receipt_sha256": "d364ff5a3e2d04c1d3032650a6d7a73088ee668bc2a361792e2e481b76ecccb4", "source": "operator", "task_id": "crypto:TASK-02bf95b3940c9a226f8a9ae2a37a11a3"}], "inbox": [{"class": "TERMINAL_RESULT", "fact_id": "fact:e5777cb2cb2c478fa5c8aad2cf37bfb9", "payload_sha256": "f395dc9d5b95e45a78167194d5ef208ae7aa3d73daeca43abea4754e94855491", "status": "RESULT", "task_id": "crypto:TASK-02bf95b3940c9a226f8a9ae2a37a11a3"}], "memory": {"broken_at": null, "entries": 1, "head": "640ba0c69f350fb2c50e9f26c6a5bfc1a5901bafaafbb67d90dd1b15c9110fb4", "head_recorded_at": "2026-09-28T16:54:15.387692Z", "projection": "consistent", "status": "intact"}, "rejections": []}
--- exit 0
### 16 propose
$ /home/superleo13/predictors/runtime/integration-crypto/bateria-rc12/rt/cain-venv/bin/cain research propose --domain crypto --state /home/superleo13/predictors/runtime/integration-crypto/transport-rc6-test/out-linux/it16/cain --proposal /home/superleo13/predictors/runtime/integration-crypto/bateria-rc12/qualification/integration-crypto/fixtures/proposals/e2e/01-allow.json --as-of 2026-09-29T12:00:00Z
{"decision": "ALLOW", "episode_id": "crypto:episode-1", "reason_code": "ALLOWED", "receipt_sha256": "d364ff5a3e2d04c1d3032650a6d7a73088ee668bc2a361792e2e481b76ecccb4", "rule": "R14", "status": "RECORDED", "task": {"payload_sha256": "5fe20eb7b93d743530485cae313699a24e6bde31926371024ff20b8d3ef89beb", "previous_task_id": null, "task_id": "crypto:TASK-02bf95b3940c9a226f8a9ae2a37a11a3"}}
--- exit 0
### 16 dispatch
$ /home/superleo13/predictors/runtime/integration-crypto/bateria-rc12/rt/cain-venv/bin/cain research dispatch --domain crypto --state /home/superleo13/predictors/runtime/integration-crypto/transport-rc6-test/out-linux/it16/cain --spool /home/superleo13/predictors/runtime/integration-crypto/transport-rc6-test/out-linux/it16/spool
{"action": "dispatched", "file": "crypto/tasks/TASK-02bf95b3940c9a226f8a9ae2a37a11a3.json", "spool": "WRITTEN", "task_id": "crypto:TASK-02bf95b3940c9a226f8a9ae2a37a11a3"}
--- exit 0
### 16 consumer 0
{"action": "busy", "code": "CONSUMER_BUSY", "domain": "crypto"}
--- exit 6
### 16 consumer 1
{"action": "delivered", "attempt": 1, "class": "TERMINAL_RESULT", "episode_id": "crypto:episode-1", "result_file": "crypto/results/TASK-02bf95b3940c9a226f8a9ae2a37a11a3.ae869ff7a1e1ef03.json", "result_write": "WRITTEN", "status": "RESULT", "task_id": "crypto:TASK-02bf95b3940c9a226f8a9ae2a37a11a3"}
{"duration_ms": 214, "event": "job_finished", "job_id": "crypto-research-159fdfb2ad2ccd8f8d612a36", "level": "INFO", "run_id": "ef14e6920b1f4f97a5b6dfdfb52cc8bd", "run_status": "SUCCEEDED", "service": "predictor_ops", "timestamp": "2026-09-28T16:54:16.490195Z"}
--- exit 0
### 16 ingest
$ /home/superleo13/predictors/runtime/integration-crypto/bateria-rc12/rt/cain-venv/bin/cain research ingest --domain crypto --state /home/superleo13/predictors/runtime/integration-crypto/transport-rc6-test/out-linux/it16/cain --spool /home/superleo13/predictors/runtime/integration-crypto/transport-rc6-test/out-linux/it16/spool
{"action": "ingested", "class": "TERMINAL_RESULT", "fact": "fact:e5a660eb136d4dc6aa8623a0aaecff24", "file": "TASK-02bf95b3940c9a226f8a9ae2a37a11a3.ae869ff7a1e1ef03.json", "status": "RESULT", "task_id": "crypto:TASK-02bf95b3940c9a226f8a9ae2a37a11a3"}
--- exit 0
### 16 episodes
$ /home/superleo13/predictors/runtime/integration-crypto/bateria-rc12/rt/cain-venv/bin/cain research episodes --domain crypto --state /home/superleo13/predictors/runtime/integration-crypto/transport-rc6-test/out-linux/it16/cain
{"domain": "crypto", "episodes": [{"as_of": "2026-09-29T12:00:00Z", "decision": "ALLOW", "number": 1, "outbox": {"dispatches": 1, "retries_requested": 0, "status": "PUBLISHED", "task_id": "crypto:TASK-02bf95b3940c9a226f8a9ae2a37a11a3"}, "proposal_id": "cain:E2E-01", "reason_code": "ALLOWED", "receipt_sha256": "d364ff5a3e2d04c1d3032650a6d7a73088ee668bc2a361792e2e481b76ecccb4", "source": "operator", "task_id": "crypto:TASK-02bf95b3940c9a226f8a9ae2a37a11a3"}], "inbox": [{"class": "TERMINAL_RESULT", "fact_id": "fact:e5a660eb136d4dc6aa8623a0aaecff24", "payload_sha256": "45adfe5cb500b08bfc7ad4326182239c21572d2ad7d2c2b81bd081490cc73a0c", "status": "RESULT", "task_id": "crypto:TASK-02bf95b3940c9a226f8a9ae2a37a11a3"}], "memory": {"broken_at": null, "entries": 1, "head": "bb4a507defe78e49c053a1a81a0ff08abd065644ab55368a502e0ee968731993", "head_recorded_at": "2026-09-28T16:54:16.712985Z", "projection": "consistent", "status": "intact"}, "rejections": []}
--- exit 0
### 17 propose
$ /home/superleo13/predictors/runtime/integration-crypto/bateria-rc12/rt/cain-venv/bin/cain research propose --domain crypto --state /home/superleo13/predictors/runtime/integration-crypto/transport-rc6-test/out-linux/it17/cain --proposal /home/superleo13/predictors/runtime/integration-crypto/bateria-rc12/qualification/integration-crypto/fixtures/proposals/e2e/01-allow.json --as-of 2026-09-29T12:00:00Z
{"decision": "ALLOW", "episode_id": "crypto:episode-1", "reason_code": "ALLOWED", "receipt_sha256": "d364ff5a3e2d04c1d3032650a6d7a73088ee668bc2a361792e2e481b76ecccb4", "rule": "R14", "status": "RECORDED", "task": {"payload_sha256": "5fe20eb7b93d743530485cae313699a24e6bde31926371024ff20b8d3ef89beb", "previous_task_id": null, "task_id": "crypto:TASK-02bf95b3940c9a226f8a9ae2a37a11a3"}}
--- exit 0
### 17 dispatch
$ /home/superleo13/predictors/runtime/integration-crypto/bateria-rc12/rt/cain-venv/bin/cain research dispatch --domain crypto --state /home/superleo13/predictors/runtime/integration-crypto/transport-rc6-test/out-linux/it17/cain --spool /home/superleo13/predictors/runtime/integration-crypto/transport-rc6-test/out-linux/it17/spool
{"action": "dispatched", "file": "crypto/tasks/TASK-02bf95b3940c9a226f8a9ae2a37a11a3.json", "spool": "WRITTEN", "task_id": "crypto:TASK-02bf95b3940c9a226f8a9ae2a37a11a3"}
--- exit 0
### 17 consumer 0
{"action": "delivered", "attempt": 1, "class": "TERMINAL_RESULT", "episode_id": "crypto:episode-1", "result_file": "crypto/results/TASK-02bf95b3940c9a226f8a9ae2a37a11a3.930caf2b4b05aaf1.json", "result_write": "WRITTEN", "status": "RESULT", "task_id": "crypto:TASK-02bf95b3940c9a226f8a9ae2a37a11a3"}
{"duration_ms": 218, "event": "job_finished", "job_id": "crypto-research-159fdfb2ad2ccd8f8d612a36", "level": "INFO", "run_id": "369c8d463dfb48f09c4f8b520ade4202", "run_status": "SUCCEEDED", "service": "predictor_ops", "timestamp": "2026-09-28T16:54:17.759648Z"}
--- exit 0
### 17 consumer 1
{"action": "busy", "code": "CONSUMER_BUSY", "domain": "crypto"}
--- exit 6
### 17 ingest
$ /home/superleo13/predictors/runtime/integration-crypto/bateria-rc12/rt/cain-venv/bin/cain research ingest --domain crypto --state /home/superleo13/predictors/runtime/integration-crypto/transport-rc6-test/out-linux/it17/cain --spool /home/superleo13/predictors/runtime/integration-crypto/transport-rc6-test/out-linux/it17/spool
{"action": "ingested", "class": "TERMINAL_RESULT", "fact": "fact:f5e017ea3ba1419abf019f94b0b5f62c", "file": "TASK-02bf95b3940c9a226f8a9ae2a37a11a3.930caf2b4b05aaf1.json", "status": "RESULT", "task_id": "crypto:TASK-02bf95b3940c9a226f8a9ae2a37a11a3"}
--- exit 0
### 17 episodes
$ /home/superleo13/predictors/runtime/integration-crypto/bateria-rc12/rt/cain-venv/bin/cain research episodes --domain crypto --state /home/superleo13/predictors/runtime/integration-crypto/transport-rc6-test/out-linux/it17/cain
{"domain": "crypto", "episodes": [{"as_of": "2026-09-29T12:00:00Z", "decision": "ALLOW", "number": 1, "outbox": {"dispatches": 1, "retries_requested": 0, "status": "PUBLISHED", "task_id": "crypto:TASK-02bf95b3940c9a226f8a9ae2a37a11a3"}, "proposal_id": "cain:E2E-01", "reason_code": "ALLOWED", "receipt_sha256": "d364ff5a3e2d04c1d3032650a6d7a73088ee668bc2a361792e2e481b76ecccb4", "source": "operator", "task_id": "crypto:TASK-02bf95b3940c9a226f8a9ae2a37a11a3"}], "inbox": [{"class": "TERMINAL_RESULT", "fact_id": "fact:f5e017ea3ba1419abf019f94b0b5f62c", "payload_sha256": "d8ba2d2b7f0f00c9d7ece563bcad11b69c1d90edcd7f72941c5ee79ce792b768", "status": "RESULT", "task_id": "crypto:TASK-02bf95b3940c9a226f8a9ae2a37a11a3"}], "memory": {"broken_at": null, "entries": 1, "head": "2e4203d7fb505804e5a88104d41cdd0943f85f97af26a5f7be104fb94332b71f", "head_recorded_at": "2026-09-28T16:54:17.971075Z", "projection": "consistent", "status": "intact"}, "rejections": []}
--- exit 0
### 18 propose
$ /home/superleo13/predictors/runtime/integration-crypto/bateria-rc12/rt/cain-venv/bin/cain research propose --domain crypto --state /home/superleo13/predictors/runtime/integration-crypto/transport-rc6-test/out-linux/it18/cain --proposal /home/superleo13/predictors/runtime/integration-crypto/bateria-rc12/qualification/integration-crypto/fixtures/proposals/e2e/01-allow.json --as-of 2026-09-29T12:00:00Z
{"decision": "ALLOW", "episode_id": "crypto:episode-1", "reason_code": "ALLOWED", "receipt_sha256": "d364ff5a3e2d04c1d3032650a6d7a73088ee668bc2a361792e2e481b76ecccb4", "rule": "R14", "status": "RECORDED", "task": {"payload_sha256": "5fe20eb7b93d743530485cae313699a24e6bde31926371024ff20b8d3ef89beb", "previous_task_id": null, "task_id": "crypto:TASK-02bf95b3940c9a226f8a9ae2a37a11a3"}}
--- exit 0
### 18 dispatch
$ /home/superleo13/predictors/runtime/integration-crypto/bateria-rc12/rt/cain-venv/bin/cain research dispatch --domain crypto --state /home/superleo13/predictors/runtime/integration-crypto/transport-rc6-test/out-linux/it18/cain --spool /home/superleo13/predictors/runtime/integration-crypto/transport-rc6-test/out-linux/it18/spool
{"action": "dispatched", "file": "crypto/tasks/TASK-02bf95b3940c9a226f8a9ae2a37a11a3.json", "spool": "WRITTEN", "task_id": "crypto:TASK-02bf95b3940c9a226f8a9ae2a37a11a3"}
--- exit 0
### 18 consumer 0
{"action": "busy", "code": "CONSUMER_BUSY", "domain": "crypto"}
--- exit 6
### 18 consumer 1
{"action": "delivered", "attempt": 1, "class": "TERMINAL_RESULT", "episode_id": "crypto:episode-1", "result_file": "crypto/results/TASK-02bf95b3940c9a226f8a9ae2a37a11a3.5d61885674dd0f71.json", "result_write": "WRITTEN", "status": "RESULT", "task_id": "crypto:TASK-02bf95b3940c9a226f8a9ae2a37a11a3"}
{"duration_ms": 208, "event": "job_finished", "job_id": "crypto-research-159fdfb2ad2ccd8f8d612a36", "level": "INFO", "run_id": "6ee8f5db16c1406d803c34bfd519cf4c", "run_status": "SUCCEEDED", "service": "predictor_ops", "timestamp": "2026-09-28T16:54:18.822705Z"}
--- exit 0
### 18 ingest
$ /home/superleo13/predictors/runtime/integration-crypto/bateria-rc12/rt/cain-venv/bin/cain research ingest --domain crypto --state /home/superleo13/predictors/runtime/integration-crypto/transport-rc6-test/out-linux/it18/cain --spool /home/superleo13/predictors/runtime/integration-crypto/transport-rc6-test/out-linux/it18/spool
{"action": "ingested", "class": "TERMINAL_RESULT", "fact": "fact:dc78b23ec08d46648673ae239b0889c2", "file": "TASK-02bf95b3940c9a226f8a9ae2a37a11a3.5d61885674dd0f71.json", "status": "RESULT", "task_id": "crypto:TASK-02bf95b3940c9a226f8a9ae2a37a11a3"}
--- exit 0
### 18 episodes
$ /home/superleo13/predictors/runtime/integration-crypto/bateria-rc12/rt/cain-venv/bin/cain research episodes --domain crypto --state /home/superleo13/predictors/runtime/integration-crypto/transport-rc6-test/out-linux/it18/cain
{"domain": "crypto", "episodes": [{"as_of": "2026-09-29T12:00:00Z", "decision": "ALLOW", "number": 1, "outbox": {"dispatches": 1, "retries_requested": 0, "status": "PUBLISHED", "task_id": "crypto:TASK-02bf95b3940c9a226f8a9ae2a37a11a3"}, "proposal_id": "cain:E2E-01", "reason_code": "ALLOWED", "receipt_sha256": "d364ff5a3e2d04c1d3032650a6d7a73088ee668bc2a361792e2e481b76ecccb4", "source": "operator", "task_id": "crypto:TASK-02bf95b3940c9a226f8a9ae2a37a11a3"}], "inbox": [{"class": "TERMINAL_RESULT", "fact_id": "fact:dc78b23ec08d46648673ae239b0889c2", "payload_sha256": "05e70375190c5fc83bb2f1a556e084bba62bfad9505c2731fad1667aa24181f7", "status": "RESULT", "task_id": "crypto:TASK-02bf95b3940c9a226f8a9ae2a37a11a3"}], "memory": {"broken_at": null, "entries": 1, "head": "13574f12061fdb9c84a38e3934acea5ee7a020a4cef00a3e6f197e2e25d33851", "head_recorded_at": "2026-09-28T16:54:18.965073Z", "projection": "consistent", "status": "intact"}, "rejections": []}
--- exit 0
### 19 propose
$ /home/superleo13/predictors/runtime/integration-crypto/bateria-rc12/rt/cain-venv/bin/cain research propose --domain crypto --state /home/superleo13/predictors/runtime/integration-crypto/transport-rc6-test/out-linux/it19/cain --proposal /home/superleo13/predictors/runtime/integration-crypto/bateria-rc12/qualification/integration-crypto/fixtures/proposals/e2e/01-allow.json --as-of 2026-09-29T12:00:00Z
{"decision": "ALLOW", "episode_id": "crypto:episode-1", "reason_code": "ALLOWED", "receipt_sha256": "d364ff5a3e2d04c1d3032650a6d7a73088ee668bc2a361792e2e481b76ecccb4", "rule": "R14", "status": "RECORDED", "task": {"payload_sha256": "5fe20eb7b93d743530485cae313699a24e6bde31926371024ff20b8d3ef89beb", "previous_task_id": null, "task_id": "crypto:TASK-02bf95b3940c9a226f8a9ae2a37a11a3"}}
--- exit 0
### 19 dispatch
$ /home/superleo13/predictors/runtime/integration-crypto/bateria-rc12/rt/cain-venv/bin/cain research dispatch --domain crypto --state /home/superleo13/predictors/runtime/integration-crypto/transport-rc6-test/out-linux/it19/cain --spool /home/superleo13/predictors/runtime/integration-crypto/transport-rc6-test/out-linux/it19/spool
{"action": "dispatched", "file": "crypto/tasks/TASK-02bf95b3940c9a226f8a9ae2a37a11a3.json", "spool": "WRITTEN", "task_id": "crypto:TASK-02bf95b3940c9a226f8a9ae2a37a11a3"}
--- exit 0
### 19 consumer 0
{"action": "delivered", "attempt": 1, "class": "TERMINAL_RESULT", "episode_id": "crypto:episode-1", "result_file": "crypto/results/TASK-02bf95b3940c9a226f8a9ae2a37a11a3.529d35f7e024146f.json", "result_write": "WRITTEN", "status": "RESULT", "task_id": "crypto:TASK-02bf95b3940c9a226f8a9ae2a37a11a3"}
{"duration_ms": 208, "event": "job_finished", "job_id": "crypto-research-159fdfb2ad2ccd8f8d612a36", "level": "INFO", "run_id": "3a11ee099f40423e8616a034078d1c2e", "run_status": "SUCCEEDED", "service": "predictor_ops", "timestamp": "2026-09-28T16:54:19.738637Z"}
--- exit 0
### 19 consumer 1
{"action": "busy", "code": "CONSUMER_BUSY", "domain": "crypto"}
--- exit 6
### 19 ingest
$ /home/superleo13/predictors/runtime/integration-crypto/bateria-rc12/rt/cain-venv/bin/cain research ingest --domain crypto --state /home/superleo13/predictors/runtime/integration-crypto/transport-rc6-test/out-linux/it19/cain --spool /home/superleo13/predictors/runtime/integration-crypto/transport-rc6-test/out-linux/it19/spool
{"action": "ingested", "class": "TERMINAL_RESULT", "fact": "fact:50d9daf1dc5145b2b68448a979634954", "file": "TASK-02bf95b3940c9a226f8a9ae2a37a11a3.529d35f7e024146f.json", "status": "RESULT", "task_id": "crypto:TASK-02bf95b3940c9a226f8a9ae2a37a11a3"}
--- exit 0
### 19 episodes
$ /home/superleo13/predictors/runtime/integration-crypto/bateria-rc12/rt/cain-venv/bin/cain research episodes --domain crypto --state /home/superleo13/predictors/runtime/integration-crypto/transport-rc6-test/out-linux/it19/cain
{"domain": "crypto", "episodes": [{"as_of": "2026-09-29T12:00:00Z", "decision": "ALLOW", "number": 1, "outbox": {"dispatches": 1, "retries_requested": 0, "status": "PUBLISHED", "task_id": "crypto:TASK-02bf95b3940c9a226f8a9ae2a37a11a3"}, "proposal_id": "cain:E2E-01", "reason_code": "ALLOWED", "receipt_sha256": "d364ff5a3e2d04c1d3032650a6d7a73088ee668bc2a361792e2e481b76ecccb4", "source": "operator", "task_id": "crypto:TASK-02bf95b3940c9a226f8a9ae2a37a11a3"}], "inbox": [{"class": "TERMINAL_RESULT", "fact_id": "fact:50d9daf1dc5145b2b68448a979634954", "payload_sha256": "797fa97399327e18377ec76ac212081c0ef95dc2a2cce625025d999d07bf07e0", "status": "RESULT", "task_id": "crypto:TASK-02bf95b3940c9a226f8a9ae2a37a11a3"}], "memory": {"broken_at": null, "entries": 1, "head": "2d4e10964f934ce026408c767e81014070b356ae7d1c5c24bdf2eede76f923a3", "head_recorded_at": "2026-09-28T16:54:19.866434Z", "projection": "consistent", "status": "intact"}, "rejections": []}
--- exit 0
### 20 propose
$ /home/superleo13/predictors/runtime/integration-crypto/bateria-rc12/rt/cain-venv/bin/cain research propose --domain crypto --state /home/superleo13/predictors/runtime/integration-crypto/transport-rc6-test/out-linux/it20/cain --proposal /home/superleo13/predictors/runtime/integration-crypto/bateria-rc12/qualification/integration-crypto/fixtures/proposals/e2e/01-allow.json --as-of 2026-09-29T12:00:00Z
{"decision": "ALLOW", "episode_id": "crypto:episode-1", "reason_code": "ALLOWED", "receipt_sha256": "d364ff5a3e2d04c1d3032650a6d7a73088ee668bc2a361792e2e481b76ecccb4", "rule": "R14", "status": "RECORDED", "task": {"payload_sha256": "5fe20eb7b93d743530485cae313699a24e6bde31926371024ff20b8d3ef89beb", "previous_task_id": null, "task_id": "crypto:TASK-02bf95b3940c9a226f8a9ae2a37a11a3"}}
--- exit 0
### 20 dispatch
$ /home/superleo13/predictors/runtime/integration-crypto/bateria-rc12/rt/cain-venv/bin/cain research dispatch --domain crypto --state /home/superleo13/predictors/runtime/integration-crypto/transport-rc6-test/out-linux/it20/cain --spool /home/superleo13/predictors/runtime/integration-crypto/transport-rc6-test/out-linux/it20/spool
{"action": "dispatched", "file": "crypto/tasks/TASK-02bf95b3940c9a226f8a9ae2a37a11a3.json", "spool": "WRITTEN", "task_id": "crypto:TASK-02bf95b3940c9a226f8a9ae2a37a11a3"}
--- exit 0
### 20 consumer 0
{"action": "delivered", "attempt": 1, "class": "TERMINAL_RESULT", "episode_id": "crypto:episode-1", "result_file": "crypto/results/TASK-02bf95b3940c9a226f8a9ae2a37a11a3.496045386f078ef0.json", "result_write": "WRITTEN", "status": "RESULT", "task_id": "crypto:TASK-02bf95b3940c9a226f8a9ae2a37a11a3"}
{"duration_ms": 209, "event": "job_finished", "job_id": "crypto-research-159fdfb2ad2ccd8f8d612a36", "level": "INFO", "run_id": "32c2908942644ddbad8343a87dc34837", "run_status": "SUCCEEDED", "service": "predictor_ops", "timestamp": "2026-09-28T16:54:20.617645Z"}
--- exit 0
### 20 consumer 1
{"action": "busy", "code": "CONSUMER_BUSY", "domain": "crypto"}
--- exit 6
### 20 ingest
$ /home/superleo13/predictors/runtime/integration-crypto/bateria-rc12/rt/cain-venv/bin/cain research ingest --domain crypto --state /home/superleo13/predictors/runtime/integration-crypto/transport-rc6-test/out-linux/it20/cain --spool /home/superleo13/predictors/runtime/integration-crypto/transport-rc6-test/out-linux/it20/spool
{"action": "ingested", "class": "TERMINAL_RESULT", "fact": "fact:a2f07030e93f460ba2ba184c2044a666", "file": "TASK-02bf95b3940c9a226f8a9ae2a37a11a3.496045386f078ef0.json", "status": "RESULT", "task_id": "crypto:TASK-02bf95b3940c9a226f8a9ae2a37a11a3"}
--- exit 0
### 20 episodes
$ /home/superleo13/predictors/runtime/integration-crypto/bateria-rc12/rt/cain-venv/bin/cain research episodes --domain crypto --state /home/superleo13/predictors/runtime/integration-crypto/transport-rc6-test/out-linux/it20/cain
{"domain": "crypto", "episodes": [{"as_of": "2026-09-29T12:00:00Z", "decision": "ALLOW", "number": 1, "outbox": {"dispatches": 1, "retries_requested": 0, "status": "PUBLISHED", "task_id": "crypto:TASK-02bf95b3940c9a226f8a9ae2a37a11a3"}, "proposal_id": "cain:E2E-01", "reason_code": "ALLOWED", "receipt_sha256": "d364ff5a3e2d04c1d3032650a6d7a73088ee668bc2a361792e2e481b76ecccb4", "source": "operator", "task_id": "crypto:TASK-02bf95b3940c9a226f8a9ae2a37a11a3"}], "inbox": [{"class": "TERMINAL_RESULT", "fact_id": "fact:a2f07030e93f460ba2ba184c2044a666", "payload_sha256": "e0a44db886ecd084011ff6a43cd722de412266316e8c3160d97f638d43e71d08", "status": "RESULT", "task_id": "crypto:TASK-02bf95b3940c9a226f8a9ae2a37a11a3"}], "memory": {"broken_at": null, "entries": 1, "head": "946ea5b5ff4fe562fb137fb33aef85f499f510a92faef4b1b7d92014aadd035e", "head_recorded_at": "2026-09-28T16:54:20.753863Z", "projection": "consistent", "status": "intact"}, "rejections": []}
--- exit 0
