{"n": 1, "label": "propose 1", "at": "2026-09-27T23:01:05Z", "seconds": 0.131, "argv": ["/home/runner/work/_temp/work/rt/cain-venv/bin/cain", "research", "propose", "--domain", "crypto", "--state", "/home/runner/work/_temp/work/failures/F04/cain-state", "--proposal", "/home/runner/work/_temp/work/failures/F04/proposals/1.json", "--as-of", "2026-09-27T23:01:05Z"], "fault_env": {}, "exit": 0}
--- stdout
{"decision": "ALLOW", "episode_id": "crypto:episode-1", "reason_code": "ALLOWED", "receipt_sha256": "3580504041c968bcb95db12a9c4d7a889431dbd37b009a59e5d59157316a9915", "rule": "R14", "status": "RECORDED", "task": {"payload_sha256": "e5877042a9ec500768f7527ffa334ea00cb9ee048a4f5ed5892da89b6d8ee8ab", "previous_task_id": null, "task_id": "crypto:TASK-cd70f43989e0a67f04b2fc511dcda98c"}}
--- stderr
--- end
{"n": 2, "label": "dispatch", "at": "2026-09-27T23:01:05Z", "seconds": 0.114, "argv": ["/home/runner/work/_temp/work/rt/cain-venv/bin/cain", "research", "dispatch", "--domain", "crypto", "--state", "/home/runner/work/_temp/work/failures/F04/cain-state", "--spool", "/home/runner/work/_temp/work/failures/F04/spool"], "fault_env": {}, "exit": 0}
--- stdout
{"action": "dispatched", "file": "crypto/tasks/TASK-cd70f43989e0a67f04b2fc511dcda98c.json", "spool": "WRITTEN", "task_id": "crypto:TASK-cd70f43989e0a67f04b2fc511dcda98c"}
--- stderr
--- end
{"n": 3, "label": "consumer", "at": "2026-09-27T23:01:05Z", "seconds": 0.43, "argv": ["/home/runner/work/_temp/work/rt/consumer-venv/bin/predictor-research-consumer", "--domain", "crypto", "--spool", "/home/runner/work/_temp/work/failures/F04/spool", "--ledger", "/home/runner/work/_temp/work/failures/F04/consumer/ledger.sqlite", "--state", "/home/runner/work/_temp/work/failures/F04/domain-state", "--policy", "/home/runner/work/_temp/work/rt/op/policy.json", "--objects", "/home/runner/work/_temp/work/rt/op/objects"], "fault_env": {}, "exit": 0}
--- stdout
{"action": "delivered", "attempt": 1, "class": "TERMINAL_RESULT", "episode_id": "crypto:episode-1", "result_file": "crypto/results/TASK-cd70f43989e0a67f04b2fc511dcda98c.b7e9cfd3f687a7ae.json", "result_write": "WRITTEN", "status": "RESULT", "task_id": "crypto:TASK-cd70f43989e0a67f04b2fc511dcda98c"}
--- stderr
{"duration_ms": 206, "event": "job_finished", "job_id": "crypto-research-c5eeff55c380abc8fc6925bc", "level": "INFO", "run_id": "5a375e9c4ca345f680e3017222e62532", "run_status": "SUCCEEDED", "service": "predictor_ops", "timestamp": "2026-09-27T23:01:05.896344Z"}
--- end
{"n": 4, "label": "ingest (fault)", "at": "2026-09-27T23:01:06Z", "seconds": 0.105, "argv": ["/home/runner/work/_temp/work/rt/cain-venv/bin/cain", "research", "ingest", "--domain", "crypto", "--state", "/home/runner/work/_temp/work/failures/F04/cain-state", "--spool", "/home/runner/work/_temp/work/failures/F04/spool"], "fault_env": {"CAIN_ORCHESTRATION_FAULT": "after_memory_commit"}, "exit": 86}
--- stdout
--- stderr
--- end
{"n": 5, "label": "ingest after restart", "at": "2026-09-27T23:01:06Z", "seconds": 0.112, "argv": ["/home/runner/work/_temp/work/rt/cain-venv/bin/cain", "research", "ingest", "--domain", "crypto", "--state", "/home/runner/work/_temp/work/failures/F04/cain-state", "--spool", "/home/runner/work/_temp/work/failures/F04/spool"], "fault_env": {}, "exit": 0}
--- stdout
{"action": "duplicate", "file": "TASK-cd70f43989e0a67f04b2fc511dcda98c.b7e9cfd3f687a7ae.json"}
--- stderr
--- end
{"n": 6, "label": "nothing new", "at": "2026-09-27T23:01:06Z", "seconds": 0.113, "argv": ["/home/runner/work/_temp/work/rt/cain-venv/bin/cain", "research", "episodes", "--domain", "crypto", "--state", "/home/runner/work/_temp/work/failures/F04/cain-state"], "fault_env": {}, "exit": 0}
--- stdout
{"domain": "crypto", "episodes": [{"as_of": "2026-09-27T23:01:05Z", "decision": "ALLOW", "number": 1, "outbox": {"dispatches": 1, "retries_requested": 0, "status": "PUBLISHED", "task_id": "crypto:TASK-cd70f43989e0a67f04b2fc511dcda98c"}, "proposal_id": "cain:FM-F04-1", "reason_code": "ALLOWED", "receipt_sha256": "3580504041c968bcb95db12a9c4d7a889431dbd37b009a59e5d59157316a9915", "source": "operator", "task_id": "crypto:TASK-cd70f43989e0a67f04b2fc511dcda98c"}], "inbox": [{"class": "TERMINAL_RESULT", "fact_id": "fact:e29786016e1c4bc4a0e6e636be58f3ab", "payload_sha256": "93e3953f34882d5ebf3aa3a7fdb1742a7cdfbbb42c89f258200b524fcc0755a0", "status": "RESULT", "task_id": "crypto:TASK-cd70f43989e0a67f04b2fc511dcda98c"}], "memory": {"broken_at": null, "entries": 1, "head": "70c508758dd2797d2230d2b7f03d8e1f54039fc8ed0344bc54dd7ecceda136e0", "head_recorded_at": "2026-09-27T23:01:06.037198Z", "projection": "consistent", "status": "intact"}, "rejections": []}
--- stderr
--- end
