# 2026-09-24T08:42:10Z commit 04b42c9245e6ec75d72ec6a27d151ee2afef5e70 dirty_entries=0 RUNROOT=/home/superleo13/predictors/runtime/brasileirao/w/0924T084210
# host: Linux 6.18.33.2-microsoft-standard-WSL2 x86_64 | Ubuntu 24.04.5 LTS
uv 0.12.18 (x86_64-unknown-linux-gnu)
Using CPython 3.13.15
Creating virtual environment at: /home/superleo13/predictors/runtime/brasileirao/venv-suite
Resolved 60 packages in 1ms
   Building brasileirao-predictor @ file:///home/superleo13/predictors/work/brasileirao-brasileirao-predictor
      Built brasileirao-predictor @ file:///home/superleo13/predictors/work/brasileirao-brasileirao-predictor
Prepared 1 package in 204ms
Installed 58 packages in 145ms
 + annotated-types==0.8.0
 + attrs==26.1.0
 + beautifulsoup4==4.15.0
 + brasileirao-predictor==0.3.0rc2 (from file:///home/superleo13/predictors/work/brasileirao-brasileirao-predictor)
 + build==1.6.1
 + certifi==2026.7.22
 + cffi==2.1.1
 + cfgv==3.5.0
 + charset-normalizer==3.5.1
 + coverage==7.15.4
 + curl-cffi==0.16.3
 + distlib==0.4.3
 + filelock==3.32.4
 + hiredis==3.4.1
 + html5lib==1.1
 + identify==2.6.19
 + idna==3.19
 + iniconfig==2.3.0
 + jsonschema==4.26.0
 + jsonschema-specifications==2025.9.1
 + llvmlite==0.49.0
 + lxml==6.1.3
 + nodeenv==1.10.0
 + numba==0.67.0
 + numpy==2.5.3
 + packaging==26.3
 + pandas==3.0.6
 + platformdirs==4.11.4
 + pluggy==1.6.0
 + pre-commit==4.6.2
 + predictor-core==3.2.1 (from https://github.com/leonardosovienski/core-predictor/releases/download/v3.2.1/predictor_core-3.2.1-py3-none-any.whl)
 + predictor-ops==4.2.2rc1 (from https://github.com/leonardosovienski/predictor-ops/releases/download/v4.2.2rc1/predictor_ops-4.2.2rc1-py3-none-any.whl)
 + pycparser==3.0
 + pydantic==2.13.5
 + pydantic-core==2.46.5
 + pydantic-settings==2.15.0
 + pygments==2.21.0
 + pyproject-hooks==1.2.0
 + pyright==1.1.414
 + pytest==9.1.1
 + python-dateutil==2.9.0.post0
 + python-discovery==1.5.3
 + python-dotenv==1.2.3
 + pyyaml==6.0.3
 + redis==8.1.0
 + referencing==0.37.0
 + requests==2.34.2
 + rpds-py==2026.6.3
 + ruff==0.16.8
 + scipy==1.18.1
 + six==1.17.0
 + soupsieve==2.9.2
 + truststore==0.10.4
 + typing-extensions==4.16.0
 + typing-inspection==0.4.4
 + urllib3==2.7.0
 + virtualenv==21.7.5
 + webencodings==0.6.1
uv sync exit=0
3.13.15 (main, Sep  1 2026, 14:18:08) [Clang 22.1.3 ] Linux-6.18.33.2-microsoft-standard-WSL2-x86_64-with-glibc2.39
core 3.2.1 /home/superleo13/predictors/runtime/brasileirao/venv-suite/lib/python3.13/site-packages/predictor_core/__init__.py
ops 4.2.2rc1 /home/superleo13/predictors/runtime/brasileirao/venv-suite/lib/python3.13/site-packages/predictor_ops/__init__.py
validate_env_example exit=0
gerado: data/matches.db
seed_test_fixtures exit=0
All checks passed!
ruff check exit=0
465 files already formatted
ruff format exit=0
 * Install prebuilt node (26.10.0) ../home/superleo13/predictors/runtime/brasileirao/venv-suite/lib/python3.13/site-packages/nodeenv.py:639: DeprecationWarning: Python 3.14 will, by default, filter extracted tar archives and reject files or modify their metadata. Use the filter argument to control this behavior.
  archive.extractall(src_dir, extract_list)
... done.
{'x86': False, 'risc': False, 'lts': False}
/home/superleo13/predictors/runtime/brasileirao/pyright-cache/pyright-python/nodeenv/bin/node: error while loading shared libraries: libatomic.so.1: cannot open shared object file: No such file or directory
pyright exit=127
........................................................................ [  3%]
........................................................................ [  6%]
........................................................................ [  9%]
........................................................................ [ 12%]
.......................................... [ 14%]
........................................................................ [ 17%]
........................................................................ [ 20%]
........................................................................ [ 23%]
........................................................................ [ 26%]
........................................................................ [ 29%]
........................................................................ [ 33%]
........................................................................ [ 36%]
........................................................................ [ 39%]
........................................................................ [ 42%]
........................................................................ [ 45%]
........................................................................ [ 48%]
........................................................................ [ 51%]
........................................................................ [ 54%]
.s...................................................................... [ 57%]
........................................................................ [ 61%]
........................................................................ [ 64%]
........................................................................ [ 67%]
........................................................................ [ 70%]
........................................................................ [ 73%]
........................................................................ [ 76%]
........................................................................ [ 79%]
........................................................................ [ 82%]
..............................................................s......... [ 86%]
........................................................................ [ 89%]
........................................................................ [ 92%]
........................................................................ [ 95%]
........................................................................ [ 98%]
.................................                                        [100%]
=============================== warnings summary ===============================
tests/test_result_availability_guard.py::test_jogo_em_andamento_no_horizonte_nao_entra_no_ajuste[dixon_coles]
tests/test_result_availability_guard.py::test_resultado_disponivel_entra_no_ajuste[dixon_coles]
  /home/superleo13/predictors/runtime/brasileirao/venv-suite/lib/python3.13/site-packages/scipy/optimize/_numdiff.py:710: RuntimeWarning: invalid value encountered in subtract
    df = [f_eval - f0 for f_eval in f_evals]

tests/test_result_availability_guard.py::test_jogo_em_andamento_no_horizonte_nao_entra_no_ajuste[serving]
tests/test_result_availability_guard.py::test_resultado_disponivel_entra_no_ajuste[serving]
  /home/superleo13/predictors/work/brasileirao-brasileirao-predictor/brasileirao_predictor/serving_evaluator.py:218: RuntimeWarning: fit_goal_model: parametro b=4.0000 cravado no bound [-1, 4] — verifique o formato do history (diff, hs, as)
    self.params = model.fit_goal_model(hist_cal, sample_weights=weights)

-- Docs: https://docs.pytest.org/en/stable/how-to/capture-warnings.html
2305 passed, 2 skipped, 30 deselected, 4 warnings, 30 subtests passed in 200.55s (0:03:20)
pytest exit=0
Building wheel from source distribution...
Successfully built /home/superleo13/predictors/runtime/brasileirao/w/0924T084210/dist/brasileirao_predictor-0.3.0rc2.tar.gz
Successfully built /home/superleo13/predictors/runtime/brasileirao/w/0924T084210/dist/brasileirao_predictor-0.3.0rc2-py3-none-any.whl
uv build exit=0
pytest -m integration: NOT RUN (exige o Redis de serviço do CI; ausente no PC 2)
# git status after: 0 entries
# done 2026-09-24T08:46:12Z
