# 2026-09-24T08:52:34Z pyright com libatomic1 do arquivo oficial do Ubuntu, extraída em runtime/brasileirao/sysroot (sem root, sem instalar no sistema)
# motivo: o node que o pacote pyright baixa exige libatomic.so.1, ausente no Ubuntu do PC 2 (pc2_suite_04b42c9.log: pyright exit=127)
libatomic1:
  Installed: (none)
  Candidate: 14.2.0-4ubuntu2~24.04.1
  Version table:
     14.2.0-4ubuntu2~24.04.1 500
Version: 14.2.0-4ubuntu2~24.04.1
Filename: pool/main/g/gcc-14/libatomic1_14.2.0-4ubuntu2~24.04.1_amd64.deb
SHA256: fe49cbbc7be753528380c724a8eef5f1e31dffa9221f692c5069048d81c7449d
Get:1 http://archive.ubuntu.com/ubuntu noble-updates/main amd64 libatomic1 amd64 14.2.0-4ubuntu2~24.04.1 [10.5 kB]
Fetched 10.5 kB in 1s (10.9 kB/s)
apt-get download exit=0
fe49cbbc7be753528380c724a8eef5f1e31dffa9221f692c5069048d81c7449d  libatomic1_14.2.0-4ubuntu2~24.04.1_amd64.deb
dpkg -x exit=0
x/usr/lib/x86_64-linux-gnu/libatomic.so.1
x/usr/lib/x86_64-linux-gnu/libatomic.so.1.2.0
# commit 04b42c9245e6ec75d72ec6a27d151ee2afef5e70
venv .venv subdirectory not found in venv path /home/superleo13/predictors/work/brasileirao-brasileirao-predictor.
0 errors, 0 warnings, 0 informations
pyright exit=0
# git status after: 0 entries
# 2026-09-24T08:52:56Z [tool.pyright] do pyproject:
[tool.pyright]
pythonVersion = "3.13"
include = ["brasileirao_predictor"]
exclude = ["brasileirao_predictor/research"]
typeCheckingMode = "basic"
venvPath = "."
venv = ".venv"

[tool.coverage.run]
# rerun com --pythonpath explícito (o .venv do CI fica fora do checkout aqui)
venv .venv subdirectory not found in venv path /home/superleo13/predictors/work/brasileirao-brasileirao-predictor.
0 errors, 0 warnings, 0 informations
pyright exit=0
