{"effective_proposal": "/home/runner/work/_temp/work/failures/F04/proposals/1.json", "template": "fixtures/proposals/e2e/01-allow.json", "sha256": "226650a2aec70a02c3c7e6d98b0fe6c723bfb51199363f9da9dd30739f641558"}
{"n": 1, "label": "propose 1", "at": "2026-09-28T18:16:45Z", "seconds": 0.14, "argv": ["/home/runner/work/_temp/work/rt/cain-venv/bin/cain", "research", "propose", "--domain", "stocks", "--state", "/home/runner/work/_temp/work/failures/F04/cain-state", "--proposal", "/home/runner/work/_temp/work/failures/F04/proposals/1.json", "--as-of", "2026-09-28T18:16:45Z"], "fault_env": {}, "exit": 0}
--- stdout
{"decision": "ALLOW", "episode_id": "stocks:episode-1", "reason_code": "ALLOWED", "receipt_sha256": "adbf4db30177ddd339145703db867788274e7c0451b397e75b24f91356be9f91", "rule": "R14", "status": "RECORDED", "task": {"payload_sha256": "7a38f133c9ad1abb920fcb77ce229c53940d532bddccc3fb59ef66609100d374", "previous_task_id": null, "task_id": "stocks:TASK-b8ac96738d90caff4c79eb64c2e02986"}}
--- stderr
--- end
{"n": 2, "label": "dispatch", "at": "2026-09-28T18:16:45Z", "seconds": 0.119, "argv": ["/home/runner/work/_temp/work/rt/cain-venv/bin/cain", "research", "dispatch", "--domain", "stocks", "--state", "/home/runner/work/_temp/work/failures/F04/cain-state", "--spool", "/home/runner/work/_temp/work/failures/F04/spool"], "fault_env": {}, "exit": 0}
--- stdout
{"action": "dispatched", "file": "stocks/tasks/TASK-b8ac96738d90caff4c79eb64c2e02986.json", "spool": "WRITTEN", "task_id": "stocks:TASK-b8ac96738d90caff4c79eb64c2e02986"}
--- stderr
--- end
{"n": 3, "label": "consumer", "at": "2026-09-28T18:16:53Z", "seconds": 8.411, "argv": ["/home/runner/work/_temp/work/rt/consumer-venv/bin/predictor-research-consumer", "--domain", "stocks", "--spool", "/home/runner/work/_temp/work/failures/F04/spool", "--ledger", "/home/runner/work/_temp/work/failures/F04/consumer/ledger.sqlite", "--state", "/home/runner/work/_temp/work/failures/F04/domain-state", "--policy", "/home/runner/work/_temp/work/rt/op/policy.json", "--objects", "/home/runner/work/_temp/work/rt/op/objects"], "fault_env": {}, "exit": 0}
--- stdout
{"action": "delivered", "attempt": 1, "class": "TERMINAL_RESULT", "episode_id": "stocks:episode-1", "result_file": "stocks/results/TASK-b8ac96738d90caff4c79eb64c2e02986.30d3c1dc6f489d60.json", "result_write": "WRITTEN", "status": "RESULT", "task_id": "stocks:TASK-b8ac96738d90caff4c79eb64c2e02986"}
--- stderr
{"duration_ms": 8136, "event": "job_finished", "job_id": "stocks-research-7efe76fc1a4464cad747f384", "level": "INFO", "run_id": "c32ed5695b204c258721bd014800398c", "run_status": "SUCCEEDED", "service": "predictor_ops", "timestamp": "2026-09-28T18:16:53.655315Z"}
--- end
{"n": 4, "label": "ingest (fault)", "at": "2026-09-28T18:16:53Z", "seconds": 0.119, "argv": ["/home/runner/work/_temp/work/rt/cain-venv/bin/cain", "research", "ingest", "--domain", "stocks", "--state", "/home/runner/work/_temp/work/failures/F04/cain-state", "--spool", "/home/runner/work/_temp/work/failures/F04/spool"], "fault_env": {"CAIN_ORCHESTRATION_FAULT": "after_memory_commit"}, "exit": 86}
--- stdout
--- stderr
--- end
{"n": 5, "label": "ingest after restart", "at": "2026-09-28T18:16:53Z", "seconds": 0.118, "argv": ["/home/runner/work/_temp/work/rt/cain-venv/bin/cain", "research", "ingest", "--domain", "stocks", "--state", "/home/runner/work/_temp/work/failures/F04/cain-state", "--spool", "/home/runner/work/_temp/work/failures/F04/spool"], "fault_env": {}, "exit": 0}
--- stdout
{"action": "duplicate", "file": "TASK-b8ac96738d90caff4c79eb64c2e02986.30d3c1dc6f489d60.json"}
--- stderr
--- end
{"n": 6, "label": "nothing new", "at": "2026-09-28T18:16:54Z", "seconds": 0.118, "argv": ["/home/runner/work/_temp/work/rt/cain-venv/bin/cain", "research", "episodes", "--domain", "stocks", "--state", "/home/runner/work/_temp/work/failures/F04/cain-state"], "fault_env": {}, "exit": 0}
--- stdout
{"domain": "stocks", "episodes": [{"as_of": "2026-09-28T18:16:45Z", "decision": "ALLOW", "number": 1, "outbox": {"dispatches": 1, "retries_requested": 0, "status": "PUBLISHED", "task_id": "stocks:TASK-b8ac96738d90caff4c79eb64c2e02986"}, "proposal_id": "cain:FM-F04-1", "reason_code": "ALLOWED", "receipt_sha256": "adbf4db30177ddd339145703db867788274e7c0451b397e75b24f91356be9f91", "source": "operator", "task_id": "stocks:TASK-b8ac96738d90caff4c79eb64c2e02986"}], "inbox": [{"class": "TERMINAL_RESULT", "fact_id": "fact:9d684892bd5a4686a953c062ffbf7582", "payload_sha256": "ab38818300a0ad725f21b6b6b7b5daf6ef79716ddd6865a1a9e912e1d39c0975", "status": "RESULT", "task_id": "stocks:TASK-b8ac96738d90caff4c79eb64c2e02986"}], "memory": {"broken_at": null, "entries": 1, "head": "88d9d06b2d27cc14bcd6e9c718d95143c7ca59f27f92e6cf3ae1a844e389d43a", "head_recorded_at": "2026-09-28T18:16:53.821203Z", "projection": "consistent", "status": "intact"}, "rejections": []}
--- stderr
--- end
