[?2026h[?25l[1Gpulling manifest ⠋ [K[?25h[?2026l[?2026h[?25l[1Gpulling manifest ⠹ [K[?25h[?2026l[?2026h[?25l[1Gpulling manifest ⠹ [K[?25h[?2026l[?2026h[?25l[1Gpulling manifest ⠸ [K[?25h[?2026l[?2026h[?25l[1Gpulling manifest ⠴ [K[?25h[?2026l[?2026h[?25l[1Gpulling manifest [K
pulling c5396e06af29:   1% ▕                  ▏ 4.8 MB/397 MB                  [K[?25h[?2026l[?2026h[?25l[A[1Gpulling manifest [K
pulling c5396e06af29:  11% ▕█                 ▏  42 MB/397 MB                  [K[?25h[?2026l[?2026h[?25l[A[1Gpulling manifest [K
pulling c5396e06af29:  19% ▕███               ▏  73 MB/397 MB                  [K[?25h[?2026l[?2026h[?25l[A[1Gpulling manifest [K
pulling c5396e06af29:  23% ▕████              ▏  92 MB/397 MB                  [K[?25h[?2026l[?2026h[?25l[A[1Gpulling manifest [K
pulling c5396e06af29:  30% ▕█████             ▏ 120 MB/397 MB                  [K[?25h[?2026l[?2026h[?25l[A[1Gpulling manifest [K
pulling c5396e06af29:  37% ▕██████            ▏ 147 MB/397 MB                  [K[?25h[?2026l[?2026h[?25l[A[1Gpulling manifest [K
pulling c5396e06af29:  42% ▕███████           ▏ 166 MB/397 MB                  [K[?25h[?2026l[?2026h[?25l[A[1Gpulling manifest [K
pulling c5396e06af29:  49% ▕████████          ▏ 194 MB/397 MB                  [K[?25h[?2026l[?2026h[?25l[A[1Gpulling manifest [K
pulling c5396e06af29:  57% ▕██████████        ▏ 225 MB/397 MB                  [K[?25h[?2026l[?2026h[?25l[A[1Gpulling manifest [K
pulling c5396e06af29:  61% ▕██████████        ▏ 241 MB/397 MB                  [K[?25h[?2026l[?2026h[?25l[A[1Gpulling manifest [K
pulling c5396e06af29:  68% ▕████████████      ▏ 269 MB/397 MB  264 MB/s      0s[K[?25h[?2026l[?2026h[?25l[A[1Gpulling manifest [K
pulling c5396e06af29:  77% ▕█████████████     ▏ 307 MB/397 MB  264 MB/s      0s[K[?25h[?2026l[?2026h[?25l[A[1Gpulling manifest [K
pulling c5396e06af29:  81% ▕██████████████    ▏ 320 MB/397 MB  264 MB/s      0s[K[?25h[?2026l[?2026h[?25l[A[1Gpulling manifest [K
pulling c5396e06af29:  86% ▕███████████████   ▏ 342 MB/397 MB  264 MB/s      0s[K[?25h[?2026l[?2026h[?25l[A[1Gpulling manifest [K
pulling c5396e06af29:  92% ▕████████████████  ▏ 364 MB/397 MB  264 MB/s      0s[K[?25h[?2026l[?2026h[?25l[A[1Gpulling manifest [K
pulling c5396e06af29:  92% ▕████████████████  ▏ 366 MB/397 MB  264 MB/s      0s[K[?25h[?2026l[?2026h[?25l[A[1Gpulling manifest [K
pulling c5396e06af29:  95% ▕█████████████████ ▏ 379 MB/397 MB  264 MB/s      0s[K[?25h[?2026l[?2026h[?25l[A[1Gpulling manifest [K
pulling c5396e06af29:  98% ▕█████████████████ ▏ 389 MB/397 MB  264 MB/s      0s[K[?25h[?2026l[?2026h[?25l[A[1Gpulling manifest [K
pulling c5396e06af29: 100% ▕█████████████████ ▏ 397 MB/397 MB  264 MB/s      0s[K[?25h[?2026l[?2026h[?25l[A[1Gpulling manifest [K
pulling c5396e06af29: 100% ▕█████████████████ ▏ 397 MB/397 MB  264 MB/s      0s[K[?25h[?2026l[?2026h[?25l[A[1Gpulling manifest [K
pulling c5396e06af29: 100% ▕█████████████████ ▏ 397 MB/397 MB  264 MB/s      0s[K[?25h[?2026l[?2026h[?25l[A[1Gpulling manifest [K
pulling c5396e06af29: 100% ▕█████████████████ ▏ 397 MB/397 MB  264 MB/s      0s[K[?25h[?2026l[?2026h[?25l[A[1Gpulling manifest [K
pulling c5396e06af29: 100% ▕█████████████████ ▏ 397 MB/397 MB  264 MB/s      0s[K[?25h[?2026l[?2026h[?25l[A[1Gpulling manifest [K
pulling c5396e06af29: 100% ▕█████████████████ ▏ 397 MB/397 MB  264 MB/s      0s[K[?25h[?2026l[?2026h[?25l[A[1Gpulling manifest [K
pulling c5396e06af29: 100% ▕█████████████████ ▏ 397 MB/397 MB  264 MB/s      0s[K[?25h[?2026l[?2026h[?25l[A[1Gpulling manifest [K
pulling c5396e06af29: 100% ▕█████████████████ ▏ 397 MB/397 MB  264 MB/s      0s[K[?25h[?2026l[?2026h[?25l[A[1Gpulling manifest [K
pulling c5396e06af29: 100% ▕█████████████████ ▏ 397 MB/397 MB  264 MB/s      0s[K
verifying sha256 digest ⠋ [K[?25h[?2026l[?2026h[?25l[A[A[1Gpulling manifest [K
pulling c5396e06af29: 100% ▕█████████████████ ▏ 397 MB/397 MB  264 MB/s      0s[K
verifying sha256 digest ⠙ [K[?25h[?2026l[?2026h[?25l[A[A[1Gpulling manifest [K
pulling c5396e06af29: 100% ▕█████████████████ ▏ 397 MB/397 MB  264 MB/s      0s[K
verifying sha256 digest ⠹ [K[?25h[?2026l[?2026h[?25l[A[A[1Gpulling manifest [K
pulling c5396e06af29: 100% ▕█████████████████ ▏ 397 MB/397 MB  264 MB/s      0s[K
verifying sha256 digest [K
writing manifest [K
success [K[?25h[?2026l
