run_at 2026-09-28T00:35:13Z host DESKTOP-EJPA2MT (PC 2, WSL — evidência de engenharia da regra R8, D-18/D-24; nunca gate)
python Python 3.13.15 repo_head 61fc017256ffea815ae96bbe02b847dccdb395cc dirty_files 4
source_sha256_before 34b774681cbd201ef197fb98af8d431e4d7302e801f58b66e54036d2935dc4f4 bytes 79798375
receipt[3] {"url": "https://bvmf.bmfbovespa.com.br/InstDados/SerHist/COTAHIST_A2026.ZIP", "requested_at_utc": "2026-09-10T15:19:59.621566+00:00", "status": 200, "final_url": "https://bvmf.bmfbovespa.com.br/InstDados/SerHist/COTAHIST_A2026.ZIP", "content_type": "application/x-zip-compressed", "bytes": 79798375, "sha256": "34b774681cbd201ef197fb98af8d431e4d7302e801f58b66e54036d2935dc4f4", "signature": "504b030414000808", "path": "C:\\STOCKS\\work\\gap-resolution-r6-20260910\\raw\\COTAHIST_A2026.ZIP", "completed_at_utc": "2026-09-10T15:20:27.036342+00:00"}
{"command": "init", "seconds": 0.018966218000059598}
{"command": "ingest", "seconds": 10.544015902999945}
{"command": "ingest", "seconds": 10.331432771999971}
{"command": "inspect", "seconds": 0.23814324899990424}
{"command": "snapshot", "seconds": 0.32261657999993076}
{"command": "restore", "seconds": 0.29425378499990984}
{"command": "inspect", "seconds": 0.27265116999979}
{"command": "profile", "seconds": 0.0020442919999368314}
{"command": "evidence", "seconds": 0.0019463119999727496}
{"status": "PASS", "rows": 55986, "source_sha256": "34b774681cbd201ef197fb98af8d431e4d7302e801f58b66e54036d2935dc4f4"}
[real exit 0]
{"command": "init", "seconds": 0.01835129500000221}
{"command": "ingest", "seconds": 1.9892154939998363}
{"command": "ingest", "seconds": 1.6813958469999761}
{"command": "inspect", "seconds": 0.8904955209998207}
{"command": "snapshot", "seconds": 1.2536046190000434}
{"command": "restore", "seconds": 1.14723740799991}
{"command": "inspect", "seconds": 0.9650465319998602}
{"command": "profile", "seconds": 0.002191382000091835}
{"command": "evidence", "seconds": 0.002068831000087812}
{"status": "PASS", "rows": 250000, "source_sha256": "da7ce5a110f819cfa2e71f38b8a1c1385345ea0a92a2669f44c099c5433834a1"}
[capacity exit 0]
source_sha256_after 34b774681cbd201ef197fb98af8d431e4d7302e801f58b66e54036d2935dc4f4
cfe191f3c217716e6dae3dfd35e70e2f5d0de7193f5948f93201fa0e587f3b36  /home/superleo13/predictors/runtime/integration-stocks/r8/real/validation.json
cfe191f3c217716e6dae3dfd35e70e2f5d0de7193f5948f93201fa0e587f3b36  /home/superleo13/predictors/work/integration-stocks-stocks-predictor/docs/engineering/2026-09-27-integration-stocks/evidence/operational-real.json
93ada0876f79987522b28faf25ed0f3c11111e97c89452617364f1e5c1fe0586  /home/superleo13/predictors/runtime/integration-stocks/r8/capacity/validation.json
93ada0876f79987522b28faf25ed0f3c11111e97c89452617364f1e5c1fe0586  /home/superleo13/predictors/work/integration-stocks-stocks-predictor/docs/engineering/2026-09-27-integration-stocks/evidence/operational-capacity.json
real PASS 55986 34b774681cbd201ef197fb98af8d431e4d7302e801f58b66e54036d2935dc4f4 6d47c43ec60afbbd5731176453b9d4617854619ce71578abbfd73278c2d53bbf
capacity PASS 250000
{"status": "PASS", "code_files": 230, "output": "docs/engineering/current-operational-evidence.json"}
[seal exit 0]
{
  "status": "PASS",
  "historical_r8_status": "PASS_PRESERVED_REVISION_SCOPED",
  "current_revision_status": "PASS",
  "historical_code_files": 194,
  "current_code_files": 230,
  "real_rows": 55986,
  "capacity_rows": 250000,
  "capital_enabled": false,
  "profit_certified": false
}
[verify exit 0]
done 2026-09-28T00:35:48Z
