{"n": 1, "label": "propose 1", "at": "2026-09-28T18:05:37Z", "seconds": 0.114, "argv": ["/home/runner/work/_temp/work/rt/cain-venv/bin/cain", "research", "propose", "--domain", "crypto", "--state", "/home/runner/work/_temp/work/failures/F01/cain-state", "--proposal", "/home/runner/work/_temp/work/failures/F01/proposals/1.json", "--as-of", "2026-09-28T18:05:37Z"], "fault_env": {"CAIN_ORCHESTRATION_FAULT": "after_outbox_commit"}, "exit": 86}
--- stdout
--- stderr
--- end
{"n": 2, "label": "dispatch after restart", "at": "2026-09-28T18:05:37Z", "seconds": 0.102, "argv": ["/home/runner/work/_temp/work/rt/cain-venv/bin/cain", "research", "dispatch", "--domain", "crypto", "--state", "/home/runner/work/_temp/work/failures/F01/cain-state", "--spool", "/home/runner/work/_temp/work/failures/F01/spool"], "fault_env": {}, "exit": 0}
--- stdout
{"action": "dispatched", "file": "crypto/tasks/TASK-d68de9e75c03e87e3c10a1f03858dc4a.json", "spool": "WRITTEN", "task_id": "crypto:TASK-d68de9e75c03e87e3c10a1f03858dc4a"}
--- stderr
--- end
{"n": 3, "label": "consumer", "at": "2026-09-28T18:05:37Z", "seconds": 0.419, "argv": ["/home/runner/work/_temp/work/rt/consumer-venv/bin/predictor-research-consumer", "--domain", "crypto", "--spool", "/home/runner/work/_temp/work/failures/F01/spool", "--ledger", "/home/runner/work/_temp/work/failures/F01/consumer/ledger.sqlite", "--state", "/home/runner/work/_temp/work/failures/F01/domain-state", "--policy", "/home/runner/work/_temp/work/rt/op/policy.json", "--objects", "/home/runner/work/_temp/work/rt/op/objects"], "fault_env": {}, "exit": 0}
--- stdout
{"action": "delivered", "attempt": 1, "class": "TERMINAL_RESULT", "episode_id": "crypto:episode-1", "result_file": "crypto/results/TASK-d68de9e75c03e87e3c10a1f03858dc4a.3b67e8ee4cf9ecd7.json", "result_write": "WRITTEN", "status": "RESULT", "task_id": "crypto:TASK-d68de9e75c03e87e3c10a1f03858dc4a"}
--- stderr
{"duration_ms": 206, "event": "job_finished", "job_id": "crypto-research-8bc3ad4121c563a9e72f3303", "level": "INFO", "run_id": "6393e4b97a9d4fae8d4748f00105c251", "run_status": "SUCCEEDED", "service": "predictor_ops", "timestamp": "2026-09-28T18:05:37.894362Z"}
--- end
{"n": 4, "label": "ingest", "at": "2026-09-28T18:05:38Z", "seconds": 0.109, "argv": ["/home/runner/work/_temp/work/rt/cain-venv/bin/cain", "research", "ingest", "--domain", "crypto", "--state", "/home/runner/work/_temp/work/failures/F01/cain-state", "--spool", "/home/runner/work/_temp/work/failures/F01/spool"], "fault_env": {}, "exit": 0}
--- stdout
{"action": "ingested", "class": "TERMINAL_RESULT", "fact": "fact:884d563c767f45a39ad5d5b65d67b6ed", "file": "TASK-d68de9e75c03e87e3c10a1f03858dc4a.3b67e8ee4cf9ecd7.json", "status": "RESULT", "task_id": "crypto:TASK-d68de9e75c03e87e3c10a1f03858dc4a"}
--- stderr
--- end
{"n": 5, "label": "recovered exactly once", "at": "2026-09-28T18:05:38Z", "seconds": 0.101, "argv": ["/home/runner/work/_temp/work/rt/cain-venv/bin/cain", "research", "episodes", "--domain", "crypto", "--state", "/home/runner/work/_temp/work/failures/F01/cain-state"], "fault_env": {}, "exit": 0}
--- stdout
{"domain": "crypto", "episodes": [{"as_of": "2026-09-28T18:05:37Z", "decision": "ALLOW", "number": 1, "outbox": {"dispatches": 1, "retries_requested": 0, "status": "PUBLISHED", "task_id": "crypto:TASK-d68de9e75c03e87e3c10a1f03858dc4a"}, "proposal_id": "cain:FM-F01-1", "reason_code": "ALLOWED", "receipt_sha256": "e85621f5fe3d54223bc374c2f8ca6f81d4519cf67dc405c2fdfe14b267bbbd67", "source": "operator", "task_id": "crypto:TASK-d68de9e75c03e87e3c10a1f03858dc4a"}], "inbox": [{"class": "TERMINAL_RESULT", "fact_id": "fact:884d563c767f45a39ad5d5b65d67b6ed", "payload_sha256": "6f481b08c89f136f988f03981fdb7a39153cb3519025aba71004f16231f5057e", "status": "RESULT", "task_id": "crypto:TASK-d68de9e75c03e87e3c10a1f03858dc4a"}], "memory": {"broken_at": null, "entries": 1, "head": "e732a1f183f02d7a6d57cb9f6f523de9c451ef4a8b8cb6da6f295c5d0aa7c517", "head_recorded_at": "2026-09-28T18:05:38.028503Z", "projection": "consistent", "status": "intact"}, "rejections": []}
--- stderr
--- end
