
=================================== ERRORS ====================================
____________________ ERROR collecting tests/test_adjust.py ____________________
ImportError while importing test module 'C:\q\tmp.nkiWLLZS08\tree\tests\test_adjust.py'.
Hint: make sure your test modules/packages have valid Python names.
Traceback:
D:\a\_temp\uv-python-dir\cpython-3.13-windows-x86_64-none\Lib\importlib\__init__.py:88: in import_module
    return _bootstrap._gcd_import(name[level:], package, level)
           ^^^^^^^^^^^^^^^^^^^^^^^^^^^^^^^^^^^^^^^^^^^^^^^^^^^^
tests\test_adjust.py:3: in <module>
    import adjust
E   ModuleNotFoundError: No module named 'adjust'
___________________ ERROR collecting tests/test_analyst.py ____________________
ImportError while importing test module 'C:\q\tmp.nkiWLLZS08\tree\tests\test_analyst.py'.
Hint: make sure your test modules/packages have valid Python names.
Traceback:
D:\a\_temp\uv-python-dir\cpython-3.13-windows-x86_64-none\Lib\importlib\__init__.py:88: in import_module
    return _bootstrap._gcd_import(name[level:], package, level)
           ^^^^^^^^^^^^^^^^^^^^^^^^^^^^^^^^^^^^^^^^^^^^^^^^^^^^
tests\test_analyst.py:8: in <module>
    import analyst
E   ModuleNotFoundError: No module named 'analyst'
_________________ ERROR collecting tests/test_backtest_m5.py __________________
ImportError while importing test module 'C:\q\tmp.nkiWLLZS08\tree\tests\test_backtest_m5.py'.
Hint: make sure your test modules/packages have valid Python names.
Traceback:
D:\a\_temp\uv-python-dir\cpython-3.13-windows-x86_64-none\Lib\importlib\__init__.py:88: in import_module
    return _bootstrap._gcd_import(name[level:], package, level)
           ^^^^^^^^^^^^^^^^^^^^^^^^^^^^^^^^^^^^^^^^^^^^^^^^^^^^
tests\test_backtest_m5.py:10: in <module>
    import backtest
E   ModuleNotFoundError: No module named 'backtest'
______________ ERROR collecting tests/test_cash_source_audit.py _______________
ImportError while importing test module 'C:\q\tmp.nkiWLLZS08\tree\tests\test_cash_source_audit.py'.
Hint: make sure your test modules/packages have valid Python names.
Traceback:
D:\a\_temp\uv-python-dir\cpython-3.13-windows-x86_64-none\Lib\importlib\__init__.py:88: in import_module
    return _bootstrap._gcd_import(name[level:], package, level)
           ^^^^^^^^^^^^^^^^^^^^^^^^^^^^^^^^^^^^^^^^^^^^^^^^^^^^
tests\test_cash_source_audit.py:7: in <module>
    from cash_source_audit import (
E   ModuleNotFoundError: No module named 'cash_source_audit'
___________________ ERROR collecting tests/test_cotahist.py ___________________
ImportError while importing test module 'C:\q\tmp.nkiWLLZS08\tree\tests\test_cotahist.py'.
Hint: make sure your test modules/packages have valid Python names.
Traceback:
D:\a\_temp\uv-python-dir\cpython-3.13-windows-x86_64-none\Lib\importlib\__init__.py:88: in import_module
    return _bootstrap._gcd_import(name[level:], package, level)
           ^^^^^^^^^^^^^^^^^^^^^^^^^^^^^^^^^^^^^^^^^^^^^^^^^^^^
tests\test_cotahist.py:10: in <module>
    import cotahist
E   ModuleNotFoundError: No module named 'cotahist'
________________ ERROR collecting tests/test_document_panel.py ________________
ImportError while importing test module 'C:\q\tmp.nkiWLLZS08\tree\tests\test_document_panel.py'.
Hint: make sure your test modules/packages have valid Python names.
Traceback:
D:\a\_temp\uv-python-dir\cpython-3.13-windows-x86_64-none\Lib\importlib\__init__.py:88: in import_module
    return _bootstrap._gcd_import(name[level:], package, level)
           ^^^^^^^^^^^^^^^^^^^^^^^^^^^^^^^^^^^^^^^^^^^^^^^^^^^^
tests\test_document_panel.py:8: in <module>
    import document_panel
E   ModuleNotFoundError: No module named 'document_panel'
_____________ ERROR collecting tests/test_dsr_deflation_guard.py ______________
ImportError while importing test module 'C:\q\tmp.nkiWLLZS08\tree\tests\test_dsr_deflation_guard.py'.
Hint: make sure your test modules/packages have valid Python names.
Traceback:
D:\a\_temp\uv-python-dir\cpython-3.13-windows-x86_64-none\Lib\importlib\__init__.py:88: in import_module
    return _bootstrap._gcd_import(name[level:], package, level)
           ^^^^^^^^^^^^^^^^^^^^^^^^^^^^^^^^^^^^^^^^^^^^^^^^^^^^
tests\test_dsr_deflation_guard.py:20: in <module>
    import trials_gate
E   ModuleNotFoundError: No module named 'trials_gate'
________________ ERROR collecting tests/test_economic_gate.py _________________
ImportError while importing test module 'C:\q\tmp.nkiWLLZS08\tree\tests\test_economic_gate.py'.
Hint: make sure your test modules/packages have valid Python names.
Traceback:
D:\a\_temp\uv-python-dir\cpython-3.13-windows-x86_64-none\Lib\importlib\__init__.py:88: in import_module
    return _bootstrap._gcd_import(name[level:], package, level)
           ^^^^^^^^^^^^^^^^^^^^^^^^^^^^^^^^^^^^^^^^^^^^^^^^^^^^
tests\test_economic_gate.py:3: in <module>
    import economic_gate
E   ModuleNotFoundError: No module named 'economic_gate'
__________________ ERROR collecting tests/test_economics.py ___________________
ImportError while importing test module 'C:\q\tmp.nkiWLLZS08\tree\tests\test_economics.py'.
Hint: make sure your test modules/packages have valid Python names.
Traceback:
D:\a\_temp\uv-python-dir\cpython-3.13-windows-x86_64-none\Lib\importlib\__init__.py:88: in import_module
    return _bootstrap._gcd_import(name[level:], package, level)
           ^^^^^^^^^^^^^^^^^^^^^^^^^^^^^^^^^^^^^^^^^^^^^^^^^^^^
tests\test_economics.py:10: in <module>
    import economics
E   ModuleNotFoundError: No module named 'economics'
_____________ ERROR collecting tests/test_entrypoint_integrity.py _____________
ImportError while importing test module 'C:\q\tmp.nkiWLLZS08\tree\tests\test_entrypoint_integrity.py'.
Hint: make sure your test modules/packages have valid Python names.
Traceback:
D:\a\_temp\uv-python-dir\cpython-3.13-windows-x86_64-none\Lib\importlib\__init__.py:88: in import_module
    return _bootstrap._gcd_import(name[level:], package, level)
           ^^^^^^^^^^^^^^^^^^^^^^^^^^^^^^^^^^^^^^^^^^^^^^^^^^^^
tests\test_entrypoint_integrity.py:7: in <module>
    import db
E   ModuleNotFoundError: No module named 'db'
_______________ ERROR collecting tests/test_factor_portfolio.py _______________
ImportError while importing test module 'C:\q\tmp.nkiWLLZS08\tree\tests\test_factor_portfolio.py'.
Hint: make sure your test modules/packages have valid Python names.
Traceback:
D:\a\_temp\uv-python-dir\cpython-3.13-windows-x86_64-none\Lib\importlib\__init__.py:88: in import_module
    return _bootstrap._gcd_import(name[level:], package, level)
           ^^^^^^^^^^^^^^^^^^^^^^^^^^^^^^^^^^^^^^^^^^^^^^^^^^^^
tests\test_factor_portfolio.py:4: in <module>
    import execution
E   ModuleNotFoundError: No module named 'execution'
______________ ERROR collecting tests/test_h10_double_filter.py _______________
ImportError while importing test module 'C:\q\tmp.nkiWLLZS08\tree\tests\test_h10_double_filter.py'.
Hint: make sure your test modules/packages have valid Python names.
Traceback:
D:\a\_temp\uv-python-dir\cpython-3.13-windows-x86_64-none\Lib\importlib\__init__.py:88: in import_module
    return _bootstrap._gcd_import(name[level:], package, level)
           ^^^^^^^^^^^^^^^^^^^^^^^^^^^^^^^^^^^^^^^^^^^^^^^^^^^^
tests\test_h10_double_filter.py:11: in <module>
    import backtest
E   ModuleNotFoundError: No module named 'backtest'
_______________ ERROR collecting tests/test_h11_total_return.py _______________
ImportError while importing test module 'C:\q\tmp.nkiWLLZS08\tree\tests\test_h11_total_return.py'.
Hint: make sure your test modules/packages have valid Python names.
Traceback:
D:\a\_temp\uv-python-dir\cpython-3.13-windows-x86_64-none\Lib\importlib\__init__.py:88: in import_module
    return _bootstrap._gcd_import(name[level:], package, level)
           ^^^^^^^^^^^^^^^^^^^^^^^^^^^^^^^^^^^^^^^^^^^^^^^^^^^^
tests\test_h11_total_return.py:11: in <module>
    import backtest
E   ModuleNotFoundError: No module named 'backtest'
______________ ERROR collecting tests/test_h12_quality_margin.py ______________
ImportError while importing test module 'C:\q\tmp.nkiWLLZS08\tree\tests\test_h12_quality_margin.py'.
Hint: make sure your test modules/packages have valid Python names.
Traceback:
D:\a\_temp\uv-python-dir\cpython-3.13-windows-x86_64-none\Lib\importlib\__init__.py:88: in import_module
    return _bootstrap._gcd_import(name[level:], package, level)
           ^^^^^^^^^^^^^^^^^^^^^^^^^^^^^^^^^^^^^^^^^^^^^^^^^^^^
tests\test_h12_quality_margin.py:10: in <module>
    import backtest
E   ModuleNotFoundError: No module named 'backtest'
______________ ERROR collecting tests/test_h13_revenue_growth.py ______________
ImportError while importing test module 'C:\q\tmp.nkiWLLZS08\tree\tests\test_h13_revenue_growth.py'.
Hint: make sure your test modules/packages have valid Python names.
Traceback:
D:\a\_temp\uv-python-dir\cpython-3.13-windows-x86_64-none\Lib\importlib\__init__.py:88: in import_module
    return _bootstrap._gcd_import(name[level:], package, level)
           ^^^^^^^^^^^^^^^^^^^^^^^^^^^^^^^^^^^^^^^^^^^^^^^^^^^^
tests\test_h13_revenue_growth.py:11: in <module>
    import backtest
E   ModuleNotFoundError: No module named 'backtest'
______________ ERROR collecting tests/test_h14_near_52w_high.py _______________
ImportError while importing test module 'C:\q\tmp.nkiWLLZS08\tree\tests\test_h14_near_52w_high.py'.
Hint: make sure your test modules/packages have valid Python names.
Traceback:
D:\a\_temp\uv-python-dir\cpython-3.13-windows-x86_64-none\Lib\importlib\__init__.py:88: in import_module
    return _bootstrap._gcd_import(name[level:], package, level)
           ^^^^^^^^^^^^^^^^^^^^^^^^^^^^^^^^^^^^^^^^^^^^^^^^^^^^
tests\test_h14_near_52w_high.py:9: in <module>
    import backtest
E   ModuleNotFoundError: No module named 'backtest'
_______________ ERROR collecting tests/test_h15_volume_surge.py _______________
ImportError while importing test module 'C:\q\tmp.nkiWLLZS08\tree\tests\test_h15_volume_surge.py'.
Hint: make sure your test modules/packages have valid Python names.
Traceback:
D:\a\_temp\uv-python-dir\cpython-3.13-windows-x86_64-none\Lib\importlib\__init__.py:88: in import_module
    return _bootstrap._gcd_import(name[level:], package, level)
           ^^^^^^^^^^^^^^^^^^^^^^^^^^^^^^^^^^^^^^^^^^^^^^^^^^^^
tests\test_h15_volume_surge.py:11: in <module>
    import backtest
E   ModuleNotFoundError: No module named 'backtest'
______________ ERROR collecting tests/test_h16_turn_of_month.py _______________
ImportError while importing test module 'C:\q\tmp.nkiWLLZS08\tree\tests\test_h16_turn_of_month.py'.
Hint: make sure your test modules/packages have valid Python names.
Traceback:
D:\a\_temp\uv-python-dir\cpython-3.13-windows-x86_64-none\Lib\importlib\__init__.py:88: in import_module
    return _bootstrap._gcd_import(name[level:], package, level)
           ^^^^^^^^^^^^^^^^^^^^^^^^^^^^^^^^^^^^^^^^^^^^^^^^^^^^
tests\test_h16_turn_of_month.py:9: in <module>
    import backtest
E   ModuleNotFoundError: No module named 'backtest'
_________________ ERROR collecting tests/test_h17_accruals.py _________________
ImportError while importing test module 'C:\q\tmp.nkiWLLZS08\tree\tests\test_h17_accruals.py'.
Hint: make sure your test modules/packages have valid Python names.
Traceback:
D:\a\_temp\uv-python-dir\cpython-3.13-windows-x86_64-none\Lib\importlib\__init__.py:88: in import_module
    return _bootstrap._gcd_import(name[level:], package, level)
           ^^^^^^^^^^^^^^^^^^^^^^^^^^^^^^^^^^^^^^^^^^^^^^^^^^^^
tests\test_h17_accruals.py:11: in <module>
    import backtest
E   ModuleNotFoundError: No module named 'backtest'
________________ ERROR collecting tests/test_h18_h19_value.py _________________
ImportError while importing test module 'C:\q\tmp.nkiWLLZS08\tree\tests\test_h18_h19_value.py'.
Hint: make sure your test modules/packages have valid Python names.
Traceback:
D:\a\_temp\uv-python-dir\cpython-3.13-windows-x86_64-none\Lib\importlib\__init__.py:88: in import_module
    return _bootstrap._gcd_import(name[level:], package, level)
           ^^^^^^^^^^^^^^^^^^^^^^^^^^^^^^^^^^^^^^^^^^^^^^^^^^^^
tests\test_h18_h19_value.py:13: in <module>
    import backtest
E   ModuleNotFoundError: No module named 'backtest'
___________________ ERROR collecting tests/test_h2_gate.py ____________________
ImportError while importing test module 'C:\q\tmp.nkiWLLZS08\tree\tests\test_h2_gate.py'.
Hint: make sure your test modules/packages have valid Python names.
Traceback:
D:\a\_temp\uv-python-dir\cpython-3.13-windows-x86_64-none\Lib\importlib\__init__.py:88: in import_module
    return _bootstrap._gcd_import(name[level:], package, level)
           ^^^^^^^^^^^^^^^^^^^^^^^^^^^^^^^^^^^^^^^^^^^^^^^^^^^^
tests\test_h2_gate.py:12: in <module>
    import backtest
E   ModuleNotFoundError: No module named 'backtest'
__________________ ERROR collecting tests/test_h4_sizing.py ___________________
ImportError while importing test module 'C:\q\tmp.nkiWLLZS08\tree\tests\test_h4_sizing.py'.
Hint: make sure your test modules/packages have valid Python names.
Traceback:
D:\a\_temp\uv-python-dir\cpython-3.13-windows-x86_64-none\Lib\importlib\__init__.py:88: in import_module
    return _bootstrap._gcd_import(name[level:], package, level)
           ^^^^^^^^^^^^^^^^^^^^^^^^^^^^^^^^^^^^^^^^^^^^^^^^^^^^
tests\test_h4_sizing.py:13: in <module>
    import backtest
E   ModuleNotFoundError: No module named 'backtest'
_________________ ERROR collecting tests/test_h5_reversal.py __________________
ImportError while importing test module 'C:\q\tmp.nkiWLLZS08\tree\tests\test_h5_reversal.py'.
Hint: make sure your test modules/packages have valid Python names.
Traceback:
D:\a\_temp\uv-python-dir\cpython-3.13-windows-x86_64-none\Lib\importlib\__init__.py:88: in import_module
    return _bootstrap._gcd_import(name[level:], package, level)
           ^^^^^^^^^^^^^^^^^^^^^^^^^^^^^^^^^^^^^^^^^^^^^^^^^^^^
tests\test_h5_reversal.py:11: in <module>
    import backtest
E   ModuleNotFoundError: No module named 'backtest'
_________________ ERROR collecting tests/test_h6_momentum6.py _________________
ImportError while importing test module 'C:\q\tmp.nkiWLLZS08\tree\tests\test_h6_momentum6.py'.
Hint: make sure your test modules/packages have valid Python names.
Traceback:
D:\a\_temp\uv-python-dir\cpython-3.13-windows-x86_64-none\Lib\importlib\__init__.py:88: in import_module
    return _bootstrap._gcd_import(name[level:], package, level)
           ^^^^^^^^^^^^^^^^^^^^^^^^^^^^^^^^^^^^^^^^^^^^^^^^^^^^
tests\test_h6_momentum6.py:9: in <module>
    import backtest
E   ModuleNotFoundError: No module named 'backtest'
________________ ERROR collecting tests/test_h7_quality_roe.py ________________
ImportError while importing test module 'C:\q\tmp.nkiWLLZS08\tree\tests\test_h7_quality_roe.py'.
Hint: make sure your test modules/packages have valid Python names.
Traceback:
D:\a\_temp\uv-python-dir\cpython-3.13-windows-x86_64-none\Lib\importlib\__init__.py:88: in import_module
    return _bootstrap._gcd_import(name[level:], package, level)
           ^^^^^^^^^^^^^^^^^^^^^^^^^^^^^^^^^^^^^^^^^^^^^^^^^^^^
tests\test_h7_quality_roe.py:11: in <module>
    import backtest
E   ModuleNotFoundError: No module named 'backtest'
_______________ ERROR collecting tests/test_h8_double_filter.py _______________
ImportError while importing test module 'C:\q\tmp.nkiWLLZS08\tree\tests\test_h8_double_filter.py'.
Hint: make sure your test modules/packages have valid Python names.
Traceback:
D:\a\_temp\uv-python-dir\cpython-3.13-windows-x86_64-none\Lib\importlib\__init__.py:88: in import_module
    return _bootstrap._gcd_import(name[level:], package, level)
           ^^^^^^^^^^^^^^^^^^^^^^^^^^^^^^^^^^^^^^^^^^^^^^^^^^^^
tests\test_h8_double_filter.py:12: in <module>
    import backtest
E   ModuleNotFoundError: No module named 'backtest'
_____________ ERROR collecting tests/test_h9_quality_leverage.py ______________
ImportError while importing test module 'C:\q\tmp.nkiWLLZS08\tree\tests\test_h9_quality_leverage.py'.
Hint: make sure your test modules/packages have valid Python names.
Traceback:
D:\a\_temp\uv-python-dir\cpython-3.13-windows-x86_64-none\Lib\importlib\__init__.py:88: in import_module
    return _bootstrap._gcd_import(name[level:], package, level)
           ^^^^^^^^^^^^^^^^^^^^^^^^^^^^^^^^^^^^^^^^^^^^^^^^^^^^
tests\test_h9_quality_leverage.py:12: in <module>
    import backtest
E   ModuleNotFoundError: No module named 'backtest'
_________ ERROR collecting tests/test_legacy_schema_compatibility.py __________
ImportError while importing test module 'C:\q\tmp.nkiWLLZS08\tree\tests\test_legacy_schema_compatibility.py'.
Hint: make sure your test modules/packages have valid Python names.
Traceback:
D:\a\_temp\uv-python-dir\cpython-3.13-windows-x86_64-none\Lib\importlib\__init__.py:88: in import_module
    return _bootstrap._gcd_import(name[level:], package, level)
           ^^^^^^^^^^^^^^^^^^^^^^^^^^^^^^^^^^^^^^^^^^^^^^^^^^^^
tests\test_legacy_schema_compatibility.py:4: in <module>
    import db
E   ModuleNotFoundError: No module named 'db'
____________________ ERROR collecting tests/test_paper.py _____________________
ImportError while importing test module 'C:\q\tmp.nkiWLLZS08\tree\tests\test_paper.py'.
Hint: make sure your test modules/packages have valid Python names.
Traceback:
D:\a\_temp\uv-python-dir\cpython-3.13-windows-x86_64-none\Lib\importlib\__init__.py:88: in import_module
    return _bootstrap._gcd_import(name[level:], package, level)
           ^^^^^^^^^^^^^^^^^^^^^^^^^^^^^^^^^^^^^^^^^^^^^^^^^^^^
tests\test_paper.py:7: in <module>
    import cotahist
E   ModuleNotFoundError: No module named 'cotahist'
___________ ERROR collecting tests/test_purge_embargo_limitation.py ___________
ImportError while importing test module 'C:\q\tmp.nkiWLLZS08\tree\tests\test_purge_embargo_limitation.py'.
Hint: make sure your test modules/packages have valid Python names.
Traceback:
D:\a\_temp\uv-python-dir\cpython-3.13-windows-x86_64-none\Lib\importlib\__init__.py:88: in import_module
    return _bootstrap._gcd_import(name[level:], package, level)
           ^^^^^^^^^^^^^^^^^^^^^^^^^^^^^^^^^^^^^^^^^^^^^^^^^^^^
tests\test_purge_embargo_limitation.py:18: in <module>
    import backtest
E   ModuleNotFoundError: No module named 'backtest'
_________________ ERROR collecting tests/test_quote_factor.py _________________
ImportError while importing test module 'C:\q\tmp.nkiWLLZS08\tree\tests\test_quote_factor.py'.
Hint: make sure your test modules/packages have valid Python names.
Traceback:
D:\a\_temp\uv-python-dir\cpython-3.13-windows-x86_64-none\Lib\importlib\__init__.py:88: in import_module
    return _bootstrap._gcd_import(name[level:], package, level)
           ^^^^^^^^^^^^^^^^^^^^^^^^^^^^^^^^^^^^^^^^^^^^^^^^^^^^
tests\test_quote_factor.py:9: in <module>
    import cotahist
E   ModuleNotFoundError: No module named 'cotahist'
_____________ ERROR collecting tests/test_readonly_entrypoints.py _____________
ImportError while importing test module 'C:\q\tmp.nkiWLLZS08\tree\tests\test_readonly_entrypoints.py'.
Hint: make sure your test modules/packages have valid Python names.
Traceback:
D:\a\_temp\uv-python-dir\cpython-3.13-windows-x86_64-none\Lib\importlib\__init__.py:88: in import_module
    return _bootstrap._gcd_import(name[level:], package, level)
           ^^^^^^^^^^^^^^^^^^^^^^^^^^^^^^^^^^^^^^^^^^^^^^^^^^^^
tests\test_readonly_entrypoints.py:8: in <module>
    import db
E   ModuleNotFoundError: No module named 'db'
_________________ ERROR collecting tests/test_repairs_cvm.py __________________
ImportError while importing test module 'C:\q\tmp.nkiWLLZS08\tree\tests\test_repairs_cvm.py'.
Hint: make sure your test modules/packages have valid Python names.
Traceback:
D:\a\_temp\uv-python-dir\cpython-3.13-windows-x86_64-none\Lib\importlib\__init__.py:88: in import_module
    return _bootstrap._gcd_import(name[level:], package, level)
           ^^^^^^^^^^^^^^^^^^^^^^^^^^^^^^^^^^^^^^^^^^^^^^^^^^^^
tests\test_repairs_cvm.py:13: in <module>
    import cvm_pit
E   ModuleNotFoundError: No module named 'cvm_pit'
______________ ERROR collecting tests/test_repairs_execution.py _______________
ImportError while importing test module 'C:\q\tmp.nkiWLLZS08\tree\tests\test_repairs_execution.py'.
Hint: make sure your test modules/packages have valid Python names.
Traceback:
D:\a\_temp\uv-python-dir\cpython-3.13-windows-x86_64-none\Lib\importlib\__init__.py:88: in import_module
    return _bootstrap._gcd_import(name[level:], package, level)
           ^^^^^^^^^^^^^^^^^^^^^^^^^^^^^^^^^^^^^^^^^^^^^^^^^^^^
tests\test_repairs_execution.py:8: in <module>
    import adjust
E   ModuleNotFoundError: No module named 'adjust'
____________________ ERROR collecting tests/test_report.py ____________________
ImportError while importing test module 'C:\q\tmp.nkiWLLZS08\tree\tests\test_report.py'.
Hint: make sure your test modules/packages have valid Python names.
Traceback:
D:\a\_temp\uv-python-dir\cpython-3.13-windows-x86_64-none\Lib\importlib\__init__.py:88: in import_module
    return _bootstrap._gcd_import(name[level:], package, level)
           ^^^^^^^^^^^^^^^^^^^^^^^^^^^^^^^^^^^^^^^^^^^^^^^^^^^^
tests\test_report.py:6: in <module>
    import report
E   ModuleNotFoundError: No module named 'report'
_________________ ERROR collecting tests/test_retail_cash.py __________________
ImportError while importing test module 'C:\q\tmp.nkiWLLZS08\tree\tests\test_retail_cash.py'.
Hint: make sure your test modules/packages have valid Python names.
Traceback:
D:\a\_temp\uv-python-dir\cpython-3.13-windows-x86_64-none\Lib\importlib\__init__.py:88: in import_module
    return _bootstrap._gcd_import(name[level:], package, level)
           ^^^^^^^^^^^^^^^^^^^^^^^^^^^^^^^^^^^^^^^^^^^^^^^^^^^^
tests\test_retail_cash.py:7: in <module>
    from retail_cash import Holding, RetailBook, execution_readiness, integer_targets, ordinary_month_tax, trade_value
E   ModuleNotFoundError: No module named 'retail_cash'
___________________ ERROR collecting tests/test_returns.py ____________________
ImportError while importing test module 'C:\q\tmp.nkiWLLZS08\tree\tests\test_returns.py'.
Hint: make sure your test modules/packages have valid Python names.
Traceback:
D:\a\_temp\uv-python-dir\cpython-3.13-windows-x86_64-none\Lib\importlib\__init__.py:88: in import_module
    return _bootstrap._gcd_import(name[level:], package, level)
           ^^^^^^^^^^^^^^^^^^^^^^^^^^^^^^^^^^^^^^^^^^^^^^^^^^^^
tests\test_returns.py:2: in <module>
    import returns
E   ModuleNotFoundError: No module named 'returns'
_____________ ERROR collecting tests/test_rj_audit_2026_08_24.py ______________
ImportError while importing test module 'C:\q\tmp.nkiWLLZS08\tree\tests\test_rj_audit_2026_08_24.py'.
Hint: make sure your test modules/packages have valid Python names.
Traceback:
D:\a\_temp\uv-python-dir\cpython-3.13-windows-x86_64-none\Lib\importlib\__init__.py:88: in import_module
    return _bootstrap._gcd_import(name[level:], package, level)
           ^^^^^^^^^^^^^^^^^^^^^^^^^^^^^^^^^^^^^^^^^^^^^^^^^^^^
tests\test_rj_audit_2026_08_24.py:15: in <module>
    import rj_families as families
E   ModuleNotFoundError: No module named 'rj_families'
______________ ERROR collecting tests/test_rj_audit_integrity.py ______________
ImportError while importing test module 'C:\q\tmp.nkiWLLZS08\tree\tests\test_rj_audit_integrity.py'.
Hint: make sure your test modules/packages have valid Python names.
Traceback:
D:\a\_temp\uv-python-dir\cpython-3.13-windows-x86_64-none\Lib\importlib\__init__.py:88: in import_module
    return _bootstrap._gcd_import(name[level:], package, level)
           ^^^^^^^^^^^^^^^^^^^^^^^^^^^^^^^^^^^^^^^^^^^^^^^^^^^^
tests\test_rj_audit_integrity.py:4: in <module>
    import rj_judge
E   ModuleNotFoundError: No module named 'rj_judge'
__________________ ERROR collecting tests/test_rj_ingest.py ___________________
ImportError while importing test module 'C:\q\tmp.nkiWLLZS08\tree\tests\test_rj_ingest.py'.
Hint: make sure your test modules/packages have valid Python names.
Traceback:
D:\a\_temp\uv-python-dir\cpython-3.13-windows-x86_64-none\Lib\importlib\__init__.py:88: in import_module
    return _bootstrap._gcd_import(name[level:], package, level)
           ^^^^^^^^^^^^^^^^^^^^^^^^^^^^^^^^^^^^^^^^^^^^^^^^^^^^
tests\test_rj_ingest.py:14: in <module>
    import db
E   ModuleNotFoundError: No module named 'db'
_________________ ERROR collecting tests/test_rj_next_gen.py __________________
ImportError while importing test module 'C:\q\tmp.nkiWLLZS08\tree\tests\test_rj_next_gen.py'.
Hint: make sure your test modules/packages have valid Python names.
Traceback:
D:\a\_temp\uv-python-dir\cpython-3.13-windows-x86_64-none\Lib\importlib\__init__.py:88: in import_module
    return _bootstrap._gcd_import(name[level:], package, level)
           ^^^^^^^^^^^^^^^^^^^^^^^^^^^^^^^^^^^^^^^^^^^^^^^^^^^^
tests\test_rj_next_gen.py:12: in <module>
    import rj_coda as coda
E   ModuleNotFoundError: No module named 'rj_coda'
_________________ ERROR collecting tests/test_rj_pipeline.py __________________
ImportError while importing test module 'C:\q\tmp.nkiWLLZS08\tree\tests\test_rj_pipeline.py'.
Hint: make sure your test modules/packages have valid Python names.
Traceback:
D:\a\_temp\uv-python-dir\cpython-3.13-windows-x86_64-none\Lib\importlib\__init__.py:88: in import_module
    return _bootstrap._gcd_import(name[level:], package, level)
           ^^^^^^^^^^^^^^^^^^^^^^^^^^^^^^^^^^^^^^^^^^^^^^^^^^^^
tests\test_rj_pipeline.py:26: in <module>
    import adjust
E   ModuleNotFoundError: No module named 'adjust'
___________________ ERROR collecting tests/test_rj_power.py ___________________
ImportError while importing test module 'C:\q\tmp.nkiWLLZS08\tree\tests\test_rj_power.py'.
Hint: make sure your test modules/packages have valid Python names.
Traceback:
D:\a\_temp\uv-python-dir\cpython-3.13-windows-x86_64-none\Lib\importlib\__init__.py:88: in import_module
    return _bootstrap._gcd_import(name[level:], package, level)
           ^^^^^^^^^^^^^^^^^^^^^^^^^^^^^^^^^^^^^^^^^^^^^^^^^^^^
tests\test_rj_power.py:16: in <module>
    import rj_power
E   ModuleNotFoundError: No module named 'rj_power'
________________ ERROR collecting tests/test_rj_power_gate.py _________________
ImportError while importing test module 'C:\q\tmp.nkiWLLZS08\tree\tests\test_rj_power_gate.py'.
Hint: make sure your test modules/packages have valid Python names.
Traceback:
D:\a\_temp\uv-python-dir\cpython-3.13-windows-x86_64-none\Lib\importlib\__init__.py:88: in import_module
    return _bootstrap._gcd_import(name[level:], package, level)
           ^^^^^^^^^^^^^^^^^^^^^^^^^^^^^^^^^^^^^^^^^^^^^^^^^^^^
tests\test_rj_power_gate.py:28: in <module>
    import rj_judge as judge
E   ModuleNotFoundError: No module named 'rj_judge'
______________ ERROR collecting tests/test_rj_smoke_synthetic.py ______________
ImportError while importing test module 'C:\q\tmp.nkiWLLZS08\tree\tests\test_rj_smoke_synthetic.py'.
Hint: make sure your test modules/packages have valid Python names.
Traceback:
D:\a\_temp\uv-python-dir\cpython-3.13-windows-x86_64-none\Lib\importlib\__init__.py:88: in import_module
    return _bootstrap._gcd_import(name[level:], package, level)
           ^^^^^^^^^^^^^^^^^^^^^^^^^^^^^^^^^^^^^^^^^^^^^^^^^^^^
tests\test_rj_smoke_synthetic.py:14: in <module>
    import rj_episodes as episodes
E   ModuleNotFoundError: No module named 'rj_episodes'
________________ ERROR collecting tests/test_source_history.py ________________
ImportError while importing test module 'C:\q\tmp.nkiWLLZS08\tree\tests\test_source_history.py'.
Hint: make sure your test modules/packages have valid Python names.
Traceback:
D:\a\_temp\uv-python-dir\cpython-3.13-windows-x86_64-none\Lib\importlib\__init__.py:88: in import_module
    return _bootstrap._gcd_import(name[level:], package, level)
           ^^^^^^^^^^^^^^^^^^^^^^^^^^^^^^^^^^^^^^^^^^^^^^^^^^^^
tests\test_source_history.py:11: in <module>
    import cvm_pit
E   ModuleNotFoundError: No module named 'cvm_pit'
_________________ ERROR collecting tests/test_stock_bonus.py __________________
ImportError while importing test module 'C:\q\tmp.nkiWLLZS08\tree\tests\test_stock_bonus.py'.
Hint: make sure your test modules/packages have valid Python names.
Traceback:
D:\a\_temp\uv-python-dir\cpython-3.13-windows-x86_64-none\Lib\importlib\__init__.py:88: in import_module
    return _bootstrap._gcd_import(name[level:], package, level)
           ^^^^^^^^^^^^^^^^^^^^^^^^^^^^^^^^^^^^^^^^^^^^^^^^^^^^
tests\test_stock_bonus.py:6: in <module>
    import db
E   ModuleNotFoundError: No module named 'db'
___________________ ERROR collecting tests/test_universe.py ___________________
ImportError while importing test module 'C:\q\tmp.nkiWLLZS08\tree\tests\test_universe.py'.
Hint: make sure your test modules/packages have valid Python names.
Traceback:
D:\a\_temp\uv-python-dir\cpython-3.13-windows-x86_64-none\Lib\importlib\__init__.py:88: in import_module
    return _bootstrap._gcd_import(name[level:], package, level)
           ^^^^^^^^^^^^^^^^^^^^^^^^^^^^^^^^^^^^^^^^^^^^^^^^^^^^
tests\test_universe.py:4: in <module>
    import db
E   ModuleNotFoundError: No module named 'db'
=========================== short test summary info ===========================
ERROR tests/test_adjust.py
ERROR tests/test_analyst.py
ERROR tests/test_backtest_m5.py
ERROR tests/test_cash_source_audit.py
ERROR tests/test_cotahist.py
ERROR tests/test_document_panel.py
ERROR tests/test_dsr_deflation_guard.py
ERROR tests/test_economic_gate.py
ERROR tests/test_economics.py
ERROR tests/test_entrypoint_integrity.py
ERROR tests/test_factor_portfolio.py
ERROR tests/test_h10_double_filter.py
ERROR tests/test_h11_total_return.py
ERROR tests/test_h12_quality_margin.py
ERROR tests/test_h13_revenue_growth.py
ERROR tests/test_h14_near_52w_high.py
ERROR tests/test_h15_volume_surge.py
ERROR tests/test_h16_turn_of_month.py
ERROR tests/test_h17_accruals.py
ERROR tests/test_h18_h19_value.py
ERROR tests/test_h2_gate.py
ERROR tests/test_h4_sizing.py
ERROR tests/test_h5_reversal.py
ERROR tests/test_h6_momentum6.py
ERROR tests/test_h7_quality_roe.py
ERROR tests/test_h8_double_filter.py
ERROR tests/test_h9_quality_leverage.py
ERROR tests/test_legacy_schema_compatibility.py
ERROR tests/test_paper.py
ERROR tests/test_purge_embargo_limitation.py
ERROR tests/test_quote_factor.py
ERROR tests/test_readonly_entrypoints.py
ERROR tests/test_repairs_cvm.py
ERROR tests/test_repairs_execution.py
ERROR tests/test_report.py
ERROR tests/test_retail_cash.py
ERROR tests/test_returns.py
ERROR tests/test_rj_audit_2026_08_24.py
ERROR tests/test_rj_audit_integrity.py
ERROR tests/test_rj_ingest.py
ERROR tests/test_rj_next_gen.py
ERROR tests/test_rj_pipeline.py
ERROR tests/test_rj_power.py
ERROR tests/test_rj_power_gate.py
ERROR tests/test_rj_smoke_synthetic.py
ERROR tests/test_source_history.py
ERROR tests/test_stock_bonus.py
ERROR tests/test_universe.py
!!!!!!!!!!!!!!!!!! Interrupted: 48 errors during collection !!!!!!!!!!!!!!!!!!!
48 errors in 2.27s
[exit 2]
