runtime_env run_at=2026-09-28T15:37:33Z host=DESKTOP-EJPA2MT where=owner_linux (PC 2) uname=Linux 6.18.33.2-microsoft-standard-WSL2 x86_64
os=Ubuntu 24.04.5 LTS wsl=yes
uv=uv 0.12.18 (x86_64-unknown-linux-gnu) integrated=1 evidence_commit=36abbf96783dced78ccd1640f40b2f731d3c5b46
provision_receipt_sha256=ee2a75d1b7901561daab27f197e3860c3f42db0221b320804a3bcdab8babb1a0
dataset source=31f30a4dcf33867d1f3aa3d12337a9a66047e6bff10b9a3fa86aae9ef06c9e43 copy=31f30a4dcf33867d1f3aa3d12337a9a66047e6bff10b9a3fa86aae9ef06c9e43 (antes)
cain 302a5c8c4c24a884773e327e0f5855dd98f94d08 (git archive)
/home/superleo13/predictors/runtime/integration-brasileirao/priv/run-20260928T153733Z-eco/wheels/cain_research-0.4.13rc12-py3-none-any.whl: OK
/home/superleo13/predictors/runtime/integration-brasileirao/priv/run-20260928T153733Z-eco/wheels/cain_research-0.4.13rc12-py3-none-any.whl: OK
Using Python 3.13.15 environment at: /home/superleo13/predictors/runtime/integration-brasileirao/priv/run-20260928T153733Z-eco/cain-venv
Checked 5 packages in 0.24ms
All installed packages are compatible
Using Python 3.13.15 environment at: /home/superleo13/predictors/runtime/integration-brasileirao/priv/run-20260928T153733Z-eco/cain-venv
brasileirao-predictor 1fc2e8842977d6ec680546a3af288dda7a5d91a6 (git archive)
/home/superleo13/predictors/runtime/integration-brasileirao/priv/run-20260928T153733Z-eco/wheels/brasileirao_predictor-0.3.0rc4-py3-none-any.whl: OK
/home/superleo13/predictors/runtime/integration-brasileirao/priv/run-20260928T153733Z-eco/wheels/brasileirao_predictor-0.3.0rc4-py3-none-any.whl: OK
/home/superleo13/predictors/runtime/integration-brasileirao/priv/run-20260928T153733Z-eco/wheels/predictor_research_transport-0.1.0rc5-py3-none-any.whl: OK
/home/superleo13/predictors/runtime/integration-brasileirao/priv/run-20260928T153733Z-eco/wheels/predictor_research_transport-0.1.0rc5-py3-none-any.whl: OK
/home/superleo13/predictors/runtime/integration-brasileirao/priv/run-20260928T153733Z-eco/wheels/predictor_research_protocol-2.0.0rc2-py3-none-any.whl: OK
/home/superleo13/predictors/runtime/integration-brasileirao/priv/run-20260928T153733Z-eco/wheels/predictor_research_protocol-2.0.0rc2-py3-none-any.whl: OK
Using Python 3.13.15 environment at: /home/superleo13/predictors/runtime/integration-brasileirao/priv/run-20260928T153733Z-eco/consumer-venv
Checked 29 packages in 0.42ms
All installed packages are compatible
Using Python 3.13.15 environment at: /home/superleo13/predictors/runtime/integration-brasileirao/priv/run-20260928T153733Z-eco/consumer-venv
CAIN venv sem pacote de domínio
brasileirao-predictor 1fc2e8842977d6ec680546a3af288dda7a5d91a6 (git archive)
brasileirao 0.3.0rc4 /home/superleo13/predictors/runtime/integration-brasileirao/priv/run-20260928T153733Z-eco/consumer-venv/lib/python3.13/site-packages/brasileirao_predictor/__init__.py
transport 0.1.0rc5 ['brasileirao', 'crypto', 'stocks']
adapter {'distribution': 'brasileirao-predictor', 'version': '0.3.0rc4', 'module': 'brasileirao_predictor.adapters.research_v2'}
cain 0.4.13rc12 /home/superleo13/predictors/runtime/integration-brasileirao/priv/run-20260928T153733Z-eco/cain-venv/lib/python3.13/site-packages/cain/__init__.py
configs ['brasileirao.json', 'crypto.json', 'stocks.json']
{"datasets": {"real-20260908": {"manifest_hash": "ab3126b1e8fb4b2cdcea5e414430c1fd01b3530221a4b55562d21ae06c1f9eca", "source_sha256": "31f30a4dcf33867d1f3aa3d12337a9a66047e6bff10b9a3fa86aae9ef06c9e43"}, "real-canary-20260908": {"manifest_hash": "3096879793be81015a672c38ac2c7f98a7df36741cb0e890e63c0156c7eb0134", "source_sha256": "1056823e16a04b42243278c2ce411a9b3063e3ad1912324d831297bd912c597b"}}, "policy": {"policy_id": "brasileirao-integration-qualification", "sha256": "ca9ede5a4f585c467908b909c2f2f211c76ccc1bdd5d91702e38687221c49e68"}, "canary_sha256": "1056823e16a04b42243278c2ce411a9b3063e3ad1912324d831297bd912c597b", "registry": 8}
cripto-predictor ee3d3d17de0b76cf731808243ffa838a0f5ee8cc (git archive)
/home/superleo13/predictors/runtime/integration-brasileirao/priv/run-20260928T153733Z-eco/wheels/cripto_predictor-1.2.0rc3-py3-none-any.whl: OK
/home/superleo13/predictors/runtime/integration-brasileirao/priv/run-20260928T153733Z-eco/wheels/cripto_predictor-1.2.0rc3-py3-none-any.whl: OK
/home/superleo13/predictors/runtime/integration-brasileirao/priv/run-20260928T153733Z-eco/wheels/predictor_research_transport-0.1.0rc5-py3-none-any.whl: OK
/home/superleo13/predictors/runtime/integration-brasileirao/priv/run-20260928T153733Z-eco/wheels/predictor_research_protocol-2.0.0rc2-py3-none-any.whl: OK
Using Python 3.13.15 environment at: /home/superleo13/predictors/runtime/integration-brasileirao/priv/run-20260928T153733Z-eco/crypto-venv
Checked 79 packages in 0.78ms
All installed packages are compatible
Using Python 3.13.15 environment at: /home/superleo13/predictors/runtime/integration-brasileirao/priv/run-20260928T153733Z-eco/crypto-venv
stocks-predictor 6f857b232eaa63f3fccda6a16f92dbfc8983ab3b (git archive)
/home/superleo13/predictors/runtime/integration-brasileirao/priv/run-20260928T153733Z-eco/wheels/stocks_predictor-0.3.0rc3-py3-none-any.whl: OK
/home/superleo13/predictors/runtime/integration-brasileirao/priv/run-20260928T153733Z-eco/wheels/stocks_predictor-0.3.0rc3-py3-none-any.whl: OK
/home/superleo13/predictors/runtime/integration-brasileirao/priv/run-20260928T153733Z-eco/wheels/predictor_research_transport-0.1.0rc5-py3-none-any.whl: OK
/home/superleo13/predictors/runtime/integration-brasileirao/priv/run-20260928T153733Z-eco/wheels/predictor_research_protocol-2.0.0rc2-py3-none-any.whl: OK
Using Python 3.13.15 environment at: /home/superleo13/predictors/runtime/integration-brasileirao/priv/run-20260928T153733Z-eco/stocks-venv
Checked 25 packages in 0.41ms
All installed packages are compatible
Using Python 3.13.15 environment at: /home/superleo13/predictors/runtime/integration-brasileirao/priv/run-20260928T153733Z-eco/stocks-venv
dataset source=31f30a4dcf33867d1f3aa3d12337a9a66047e6bff10b9a3fa86aae9ef06c9e43 copy=31f30a4dcf33867d1f3aa3d12337a9a66047e6bff10b9a3fa86aae9ef06c9e43 (depois)
runtime_env done 2026-09-28T15:44:29Z
