$ (cwd=None) /home/runner/work/_temp/tools/uv/uv pip freeze --python /home/runner/work/_temp/cleanroom/cain/venv-head_build/bin/python
Using Python 3.13.15 environment at: /home/runner/work/_temp/cleanroom/cain/venv-head_build
annotated-doc==0.0.5
annotated-types==0.8.0
anyio==4.15.1
cain-research @ file:///home/runner/work/_temp/cleanroom/cain/head_build/cain_research-0.4.13rc4-py3-none-any.whl
certifi==2026.7.22
click==8.5.0
fastapi==0.141.1
h11==0.16.0
httpcore==1.0.9
httpx==0.28.1
idna==3.20
iniconfig==2.3.0
packaging==26.3
pillow==12.3.0
pluggy==1.6.0
predictor-research-bundle @ https://github.com/leonardosovienski/ecosystem-predictor/releases/download/predictor-research-bundle-v1.0.1rc1/predictor_research_bundle-1.0.1rc1-py3-none-any.whl
predictor-research-protocol @ https://github.com/leonardosovienski/ecosystem-predictor/releases/download/predictor-research-protocol-v1.0.3rc1/predictor_research_protocol-1.0.3rc1-py3-none-any.whl
predictor-research-snapshot @ https://github.com/leonardosovienski/ecosystem-predictor/releases/download/predictor-research-snapshot-v1.0.2rc1/predictor_research_snapshot-1.0.2rc1-py3-none-any.whl
pydantic==2.13.5
pydantic-core==2.46.5
pygments==2.21.0
pytest==9.1.1
ruff==0.16.8
starlette==1.6.0
typing-extensions==4.16.0
typing-inspection==0.4.4
uvicorn==0.53.0

[exit 0]
