{"n": 1, "label": "propose 1", "at": "2026-09-28T14:58:29Z", "seconds": 0.138, "argv": ["/home/runner/work/_temp/work/rt/cain-venv/bin/cain", "research", "propose", "--domain", "crypto", "--state", "/home/runner/work/_temp/work/failures/F14/cain-state", "--proposal", "/home/runner/work/_temp/work/failures/F14/proposals/1.json", "--as-of", "2026-09-28T14:58:29Z"], "fault_env": {}, "exit": 0}
--- stdout
{"decision": "ALLOW", "episode_id": "crypto:episode-1", "reason_code": "ALLOWED", "receipt_sha256": "2592d1c2d71f4295be21836855b1241d27cbfc179cbeb57ec8db4f497b22c1b1", "rule": "R14", "status": "RECORDED", "task": {"payload_sha256": "e9264719e60e131e7f1ba6e1eeccd8c56e211a33f7cdad5c51ed02d44daea2f5", "previous_task_id": null, "task_id": "crypto:TASK-8cc185dd248b575b73d47e1edd7f7c18"}}
--- stderr
--- end
{"n": 2, "label": "dispatch", "at": "2026-09-28T14:58:29Z", "seconds": 0.12, "argv": ["/home/runner/work/_temp/work/rt/cain-venv/bin/cain", "research", "dispatch", "--domain", "crypto", "--state", "/home/runner/work/_temp/work/failures/F14/cain-state", "--spool", "/home/runner/work/_temp/work/failures/F14/spool"], "fault_env": {}, "exit": 0}
--- stdout
{"action": "dispatched", "file": "crypto/tasks/TASK-8cc185dd248b575b73d47e1edd7f7c18.json", "spool": "WRITTEN", "task_id": "crypto:TASK-8cc185dd248b575b73d47e1edd7f7c18"}
--- stderr
--- end
{"n": 3, "label": "consumer with Ops worker crash", "at": "2026-09-28T14:58:30Z", "seconds": 0.332, "argv": ["/home/runner/work/_temp/work/rt/consumer-venv/bin/predictor-research-consumer", "--domain", "crypto", "--spool", "/home/runner/work/_temp/work/failures/F14/spool", "--ledger", "/home/runner/work/_temp/work/failures/F14/consumer/ledger.sqlite", "--state", "/home/runner/work/_temp/work/failures/F14/domain-state", "--policy", "/home/runner/work/_temp/work/rt/op/policy.json", "--objects", "/home/runner/work/_temp/work/rt/op/objects"], "fault_env": {"CRIPTO_RESEARCH_FAULT": "ops_worker_crash"}, "exit": 0}
--- stdout
{"action": "delivered", "attempt": 1, "class": "RETRYABLE", "episode_id": "crypto:episode-1", "result_file": "crypto/results/TASK-8cc185dd248b575b73d47e1edd7f7c18.f5e89b43c639d831.json", "result_write": "WRITTEN", "status": "OPS_FAILED_RETRYABLE", "task_id": "crypto:TASK-8cc185dd248b575b73d47e1edd7f7c18"}
--- stderr
{"duration_ms": 107, "event": "job_finished", "job_id": "crypto-research-f806680cf9de3c4b5c101d00", "level": "INFO", "run_id": "8421aec642f84d42802f156d21a60cf4", "run_status": "FAILED", "service": "predictor_ops", "timestamp": "2026-09-28T14:58:29.997081Z"}
--- end
{"n": 4, "label": "ingest retryable", "at": "2026-09-28T14:58:30Z", "seconds": 0.12, "argv": ["/home/runner/work/_temp/work/rt/cain-venv/bin/cain", "research", "ingest", "--domain", "crypto", "--state", "/home/runner/work/_temp/work/failures/F14/cain-state", "--spool", "/home/runner/work/_temp/work/failures/F14/spool"], "fault_env": {}, "exit": 0}
--- stdout
{"action": "ingested", "class": "RETRYABLE", "fact": null, "file": "TASK-8cc185dd248b575b73d47e1edd7f7c18.f5e89b43c639d831.json", "status": "OPS_FAILED_RETRYABLE", "task_id": "crypto:TASK-8cc185dd248b575b73d47e1edd7f7c18"}
--- stderr
--- end
{"n": 5, "label": "propose 2", "at": "2026-09-28T14:58:30Z", "seconds": 0.119, "argv": ["/home/runner/work/_temp/work/rt/cain-venv/bin/cain", "research", "propose", "--domain", "crypto", "--state", "/home/runner/work/_temp/work/failures/F14/cain-state", "--proposal", "/home/runner/work/_temp/work/failures/F14/proposals/2.json", "--as-of", "2026-09-28T14:58:30Z"], "fault_env": {}, "exit": 0}
--- stdout
{"decision": "ABSTAIN", "episode_id": "crypto:episode-2", "reason_code": "OPEN_TASK_PENDING", "receipt_sha256": "b3351f9829da91062105460b7b48798ff0632e6521f39eb9684c33e9cee1f387", "rule": "R12", "status": "RECORDED", "task": null}
--- stderr
--- end
{"n": 6, "label": "episodes", "at": "2026-09-28T14:58:30Z", "seconds": 0.118, "argv": ["/home/runner/work/_temp/work/rt/cain-venv/bin/cain", "research", "episodes", "--domain", "crypto", "--state", "/home/runner/work/_temp/work/failures/F14/cain-state"], "fault_env": {}, "exit": 0}
--- stdout
{"domain": "crypto", "episodes": [{"as_of": "2026-09-28T14:58:29Z", "decision": "ALLOW", "number": 1, "outbox": {"dispatches": 1, "retries_requested": 0, "status": "PUBLISHED", "task_id": "crypto:TASK-8cc185dd248b575b73d47e1edd7f7c18"}, "proposal_id": "cain:FM-F14-1", "reason_code": "ALLOWED", "receipt_sha256": "2592d1c2d71f4295be21836855b1241d27cbfc179cbeb57ec8db4f497b22c1b1", "source": "operator", "task_id": "crypto:TASK-8cc185dd248b575b73d47e1edd7f7c18"}, {"as_of": "2026-09-28T14:58:30Z", "decision": "ABSTAIN", "number": 2, "outbox": null, "proposal_id": "cain:FM-F14-2", "reason_code": "OPEN_TASK_PENDING", "receipt_sha256": "b3351f9829da91062105460b7b48798ff0632e6521f39eb9684c33e9cee1f387", "source": "operator", "task_id": null}], "inbox": [{"class": "RETRYABLE", "fact_id": null, "payload_sha256": null, "status": "OPS_FAILED_RETRYABLE", "task_id": "crypto:TASK-8cc185dd248b575b73d47e1edd7f7c18"}], "memory": {"broken_at": null, "entries": 0, "head": "cain-memory-log/1", "head_recorded_at": null, "projection": "consistent", "status": "intact"}, "rejections": []}
--- stderr
--- end
{"n": 7, "label": "retry", "at": "2026-09-28T14:58:30Z", "seconds": 0.119, "argv": ["/home/runner/work/_temp/work/rt/cain-venv/bin/cain", "research", "retry", "--domain", "crypto", "--state", "/home/runner/work/_temp/work/failures/F14/cain-state", "--spool", "/home/runner/work/_temp/work/failures/F14/spool", "--task-id", "crypto:TASK-8cc185dd248b575b73d47e1edd7f7c18"], "fault_env": {}, "exit": 0}
--- stdout
{"action": "retry_requested", "attempt": 1, "file": "crypto/retries/TASK-8cc185dd248b575b73d47e1edd7f7c18.1.json", "task_id": "crypto:TASK-8cc185dd248b575b73d47e1edd7f7c18"}
--- stderr
--- end
{"n": 8, "label": "consumer after retry", "at": "2026-09-28T14:58:30Z", "seconds": 0.427, "argv": ["/home/runner/work/_temp/work/rt/consumer-venv/bin/predictor-research-consumer", "--domain", "crypto", "--spool", "/home/runner/work/_temp/work/failures/F14/spool", "--ledger", "/home/runner/work/_temp/work/failures/F14/consumer/ledger.sqlite", "--state", "/home/runner/work/_temp/work/failures/F14/domain-state", "--policy", "/home/runner/work/_temp/work/rt/op/policy.json", "--objects", "/home/runner/work/_temp/work/rt/op/objects"], "fault_env": {}, "exit": 0}
--- stdout
{"action": "delivered", "attempt": 2, "class": "TERMINAL_RESULT", "episode_id": "crypto:episode-1", "result_file": "crypto/results/TASK-8cc185dd248b575b73d47e1edd7f7c18.f614aba799d90f82.json", "result_write": "WRITTEN", "status": "RESULT", "task_id": "crypto:TASK-8cc185dd248b575b73d47e1edd7f7c18"}
--- stderr
{"duration_ms": 207, "event": "job_finished", "job_id": "crypto-research-f806680cf9de3c4b5c101d00", "level": "INFO", "run_id": "13f7accd46f548f4a7ac8a9b24e24da1", "run_status": "SUCCEEDED", "service": "predictor_ops", "timestamp": "2026-09-28T14:58:30.888767Z"}
--- end
{"n": 9, "label": "ingest after retry", "at": "2026-09-28T14:58:31Z", "seconds": 0.124, "argv": ["/home/runner/work/_temp/work/rt/cain-venv/bin/cain", "research", "ingest", "--domain", "crypto", "--state", "/home/runner/work/_temp/work/failures/F14/cain-state", "--spool", "/home/runner/work/_temp/work/failures/F14/spool"], "fault_env": {}, "exit": 0}
--- stdout
{"action": "duplicate", "file": "TASK-8cc185dd248b575b73d47e1edd7f7c18.f5e89b43c639d831.json"}
{"action": "ingested", "class": "TERMINAL_RESULT", "fact": "fact:741e3e56c90e4069a77d738050fafcb6", "file": "TASK-8cc185dd248b575b73d47e1edd7f7c18.f614aba799d90f82.json", "status": "RESULT", "task_id": "crypto:TASK-8cc185dd248b575b73d47e1edd7f7c18"}
--- stderr
--- end
{"n": 10, "label": "one RESULT after the retry", "at": "2026-09-28T14:58:31Z", "seconds": 0.118, "argv": ["/home/runner/work/_temp/work/rt/cain-venv/bin/cain", "research", "episodes", "--domain", "crypto", "--state", "/home/runner/work/_temp/work/failures/F14/cain-state"], "fault_env": {}, "exit": 0}
--- stdout
{"domain": "crypto", "episodes": [{"as_of": "2026-09-28T14:58:29Z", "decision": "ALLOW", "number": 1, "outbox": {"dispatches": 1, "retries_requested": 1, "status": "PUBLISHED", "task_id": "crypto:TASK-8cc185dd248b575b73d47e1edd7f7c18"}, "proposal_id": "cain:FM-F14-1", "reason_code": "ALLOWED", "receipt_sha256": "2592d1c2d71f4295be21836855b1241d27cbfc179cbeb57ec8db4f497b22c1b1", "source": "operator", "task_id": "crypto:TASK-8cc185dd248b575b73d47e1edd7f7c18"}, {"as_of": "2026-09-28T14:58:30Z", "decision": "ABSTAIN", "number": 2, "outbox": null, "proposal_id": "cain:FM-F14-2", "reason_code": "OPEN_TASK_PENDING", "receipt_sha256": "b3351f9829da91062105460b7b48798ff0632e6521f39eb9684c33e9cee1f387", "source": "operator", "task_id": null}], "inbox": [{"class": "RETRYABLE", "fact_id": null, "payload_sha256": null, "status": "OPS_FAILED_RETRYABLE", "task_id": "crypto:TASK-8cc185dd248b575b73d47e1edd7f7c18"}, {"class": "TERMINAL_RESULT", "fact_id": "fact:741e3e56c90e4069a77d738050fafcb6", "payload_sha256": "4ffb54cc40412257c507841ffa6156f8b307f4c3215959a71fdf868228fcf391", "status": "RESULT", "task_id": "crypto:TASK-8cc185dd248b575b73d47e1edd7f7c18"}], "memory": {"broken_at": null, "entries": 1, "head": "2d4008e36586dcc7125ca7521b2f92747f2417ddaec1619a41ea993d68f20292", "head_recorded_at": "2026-09-28T14:58:31.037818Z", "projection": "consistent", "status": "intact"}, "rejections": []}
--- stderr
--- end
