runtime_env run_at=2026-09-28T18:02:11Z host=runnervmtr4k5 where=github_actions os=linux uname=Linux 6.17.0-1022-azure x86_64
python=Python 3.13.14 uv=uv 0.12.1 (x86_64-unknown-linux-gnu) integrated=1 evidence_commit=8ace5f8c84014ebb5c6b1380cabb5ac9b6173b7a
cain 960fb25614709bd95ce607c8dfb80892d901d883

[notice] A new release of pip is available: 26.1.2 -> 26.2.1
[notice] To update, run: /home/runner/work/_temp/work/rt/cain-venv/bin/python -m pip install --upgrade pip
/home/runner/work/_temp/work/rt/cain_research-0.4.13rc13-py3-none-any.whl: OK
/home/runner/work/_temp/work/rt/cain_research-0.4.13rc13-py3-none-any.whl: OK

[notice] A new release of pip is available: 26.1.2 -> 26.2.1
[notice] To update, run: /home/runner/work/_temp/work/rt/cain-venv/bin/python -m pip install --upgrade pip
No broken requirements found.
stocks-predictor 6f857b232eaa63f3fccda6a16f92dbfc8983ab3b

[notice] A new release of pip is available: 26.1.2 -> 26.2.1
[notice] To update, run: /home/runner/work/_temp/work/rt/consumer-venv/bin/python -m pip install --upgrade pip
/home/runner/work/_temp/work/rt/stocks_predictor-0.3.0rc3-py3-none-any.whl: OK
/home/runner/work/_temp/work/rt/stocks_predictor-0.3.0rc3-py3-none-any.whl: OK

[notice] A new release of pip is available: 26.1.2 -> 26.2.1
[notice] To update, run: /home/runner/work/_temp/work/rt/consumer-venv/bin/python -m pip install --upgrade pip
/home/runner/work/_temp/work/rt/predictor_research_transport-0.1.0rc6-py3-none-any.whl: OK
/home/runner/work/_temp/work/rt/predictor_research_transport-0.1.0rc6-py3-none-any.whl: OK

[notice] A new release of pip is available: 26.1.2 -> 26.2.1
[notice] To update, run: /home/runner/work/_temp/work/rt/consumer-venv/bin/python -m pip install --upgrade pip
/home/runner/work/_temp/work/rt/predictor_research_protocol-2.0.0rc2-py3-none-any.whl: OK
/home/runner/work/_temp/work/rt/predictor_research_protocol-2.0.0rc2-py3-none-any.whl: OK

[notice] A new release of pip is available: 26.1.2 -> 26.2.1
[notice] To update, run: /home/runner/work/_temp/work/rt/consumer-venv/bin/python -m pip install --upgrade pip
No broken requirements found.
stocks 0.3.0rc3 /home/runner/work/_temp/work/rt/consumer-venv/lib/python3.13/site-packages/stocks_predictor/__init__.py
transport 0.1.0rc6 ['brasileirao', 'crypto', 'stocks']
adapter {'distribution': 'stocks-predictor', 'version': '0.3.0rc3', 'module': 'stocks_predictor.adapters.research_v2'}
cripto-predictor ee3d3d17de0b76cf731808243ffa838a0f5ee8cc

[notice] A new release of pip is available: 26.1.2 -> 26.2.1
[notice] To update, run: /home/runner/work/_temp/work/rt/crypto-venv/bin/python -m pip install --upgrade pip
/home/runner/work/_temp/work/rt/cripto_predictor-1.2.0rc3-py3-none-any.whl: OK
/home/runner/work/_temp/work/rt/cripto_predictor-1.2.0rc3-py3-none-any.whl: OK

[notice] A new release of pip is available: 26.1.2 -> 26.2.1
[notice] To update, run: /home/runner/work/_temp/work/rt/crypto-venv/bin/python -m pip install --upgrade pip
/home/runner/work/_temp/work/rt/predictor_research_transport-0.1.0rc6-py3-none-any.whl: OK

[notice] A new release of pip is available: 26.1.2 -> 26.2.1
[notice] To update, run: /home/runner/work/_temp/work/rt/crypto-venv/bin/python -m pip install --upgrade pip
/home/runner/work/_temp/work/rt/predictor_research_protocol-2.0.0rc2-py3-none-any.whl: OK

[notice] A new release of pip is available: 26.1.2 -> 26.2.1
[notice] To update, run: /home/runner/work/_temp/work/rt/crypto-venv/bin/python -m pip install --upgrade pip
No broken requirements found.
export CAIN_BIN="/home/runner/work/_temp/work/rt/cain-venv/bin/cain"
export CAIN_PY="/home/runner/work/_temp/work/rt/cain-venv/bin/python"
export CONSUMER_BIN="/home/runner/work/_temp/work/rt/consumer-venv/bin/predictor-research-consumer"
export CONSUMER_PY="/home/runner/work/_temp/work/rt/consumer-venv/bin/python"
export STOCKS_RESEARCH_BIN="/home/runner/work/_temp/work/rt/consumer-venv/bin/stocks-research"
export OP_POLICY="/home/runner/work/_temp/work/rt/op/policy.json"
export OP_OBJECTS="/home/runner/work/_temp/work/rt/op/objects"
export REAL_ENV="/home/runner/work/_temp/work/rt/op/REAL_ENV.json"
export STOCKS_TREE="/home/runner/work/_temp/work/rt/stocks-tree"
export CRYPTO_CONSUMER_BIN="/home/runner/work/_temp/work/rt/crypto-venv/bin/predictor-research-consumer"
export CRIPTO_RESEARCH_BIN="/home/runner/work/_temp/work/rt/crypto-venv/bin/cripto-research"
export CRYPTO_OP_POLICY="/home/runner/work/_temp/work/rt/crypto-op/policy.json"
export CRYPTO_OP_OBJECTS="/home/runner/work/_temp/work/rt/crypto-op/objects"
runtime_env done 2026-09-28T18:12:57Z
