run_at 2026-09-28T03:15:51Z evidence_head=47d8e4df5633a6249585c3561ef792d082fd8be1
31f30a4dcf33867d1f3aa3d12337a9a66047e6bff10b9a3fa86aae9ef06c9e43  /home/superleo13/predictors/runtime/integration-brasileirao/data/matches_source_copy.sqlite3
PROTECTED_SET.json 7896b42cda16f7c038d3be27faea4f8d97335c4c2cf27cc57b2d7aa783378da7
ARCHITECTURE_TRUTH_MAP.json 96859aadb92e265b6e6e87c36e40352901f8fb0a4d34d4824982543db46f23be
{
 "protected": {
  "crypto": {
   "items": 1387,
   "all_equal_at_base": true
  },
  "stocks": {
   "items": 89,
   "all_equal_at_base": true
  },
  "brasileirao": {
   "items": 1884,
   "all_equal_at_base": true
  }
 },
 "problems": 0,
 "loop_evaluator_reachable": false
}
exit=0
31f30a4dcf33867d1f3aa3d12337a9a66047e6bff10b9a3fa86aae9ef06c9e43  /home/superleo13/predictors/runtime/integration-brasileirao/data/matches_source_copy.sqlite3
