## uv lock --check
Resolved 69 packages in 1.56s
exit=0
## ruff
All checks passed!
exit=0
## pytest
........................................................................ [  4%]
........................................................................ [  9%]
........................................................................ [ 14%]
........................................................................ [ 19%]
........................................................................ [ 24%]
........................................................................ [ 29%]
........................................................................ [ 34%]
.....................................................ss................. [ 39%]
........................................................................ [ 44%]
..............................s......................................... [ 49%]
........................................................................ [ 54%]
........................................................................ [ 59%]
....s................................................................... [ 64%]
........................................................................ [ 69%]
........................................................................ [ 74%]
........................................................................ [ 79%]
........................................................................ [ 84%]
........................................................................ [ 89%]
........................................................................ [ 94%]
........................................................................ [ 99%]
..........                                                               [100%]
=============================== warnings summary ===============================
.venv/lib/python3.13/site-packages/fastapi/testclient.py:1
  /home/user/cain/.venv/lib/python3.13/site-packages/fastapi/testclient.py:1: StarletteDeprecationWarning: Using `httpx` with `starlette.testclient` is deprecated; install `httpx2` instead.
    from starlette.testclient import TestClient as TestClient  # noqa

.venv/lib/python3.13/site-packages/starlette/testclient.py:53
  /home/user/cain/.venv/lib/python3.13/site-packages/starlette/testclient.py:53: DeprecationWarning: The anyio.abc.BlockingPortal alias is deprecated, use anyio.from_thread.BlockingPortal instead.
    _PortalFactoryType = Callable[[], AbstractContextManager[anyio.abc.BlockingPortal]]

-- Docs: https://docs.pytest.org/en/stable/how-to/capture-warnings.html
1446 passed, 4 skipped, 2 warnings in 91.63s (0:01:31)
exit=0
## cain --help
usage: __main__.py [-h]
                   {research,archive,memory,claims,inference,findings,review,trace,why,impact,invalidate,relate,sandbox,run,chat,profile,doctor} ...

Cain — identidade persistente e agentes locais

positional arguments:
  {research,archive,memory,claims,inference,findings,review,trace,why,impact,invalidate,relate,sandbox,run,chat,profile,doctor}
    research            L0: import, query and preserve admitted research
    archive             Administrator backup/restore including documents
    memory              Bitemporal memory: append-only log, as_of reads, cubes
    claims              Evidence and claims: literal citations, verifiers,
                        report linter
    inference           Inference manifests, record/replay and the local model
                        harness
    findings            Findings archive: quarantine, closed hypotheses,
                        procedures
    review              Adversarial review before pre-registration (question
                        map)
    trace               Full ancestry of an object (what it depends on)
    why                 Which evidence, runs, decisions and model/tool calls
exit=0
