## uv lock --check
Resolved 43 packages in 6ms
exit=0
## lint-imports

╔══╗─────────▶╔╗ ╔╗      ╔╗◀───┐
╚╣╠╝◀─────┐  ╔╝╚╗║║────▶╔╝╚╗   │
 ║║   ╔══╦══╦╩╗╔╝║║  ╔╦═╩╗╔╝╔═╦══╗
 ║║╔══╣╔╗║╔╗║╔╣║ ║║ ╔╬╣╔╗║║ ║│║╔═╝
╔╣╠╣║║║╚╝║╚╝║║║╚╗║╚═╝║║║║║╚╗║═╣║
╚══╩╩╩╣╔═╩══╩╝╚═╝╚═══╩╩╝╚╩═╩╩═╩╝
  └──▶║║                    ▲ 
      ╚╝────────────────────┘


---------
Contracts
---------

Analyzed 41 files, 28 dependencies.
-----------------------------------

Scientific scalar contracts do not depend on I/O or measurement KEPT

Contracts: 1 kept, 0 broken.
exit=0
## pytest+cov
........................................................................ [ 25%]
........................................................................ [ 51%]
........................................................................ [ 77%]
..............................................................           [100%]
278 passed in 4.92s
exit=0
src/predictor_core/testing/synth.py              35      3     14      4    86%   18, 39->38, 52, 54
-----------------------------------------------------------------------------------------
TOTAL                                          2092    245    718    117    86%
cov exit=0
## ruff
All checks passed!
99 files already formatted
exit=0
## pyright
WARNING: there is a new pyright version available (v1.1.411 -> v1.1.414).
Please install the new version or set PYRIGHT_PYTHON_FORCE_VERSION to `latest`

0 errors, 0 warnings, 0 informations
exit=0
