## uv lock --check
Resolved 30 packages in 3ms
exit=0
## ruff
All checks passed!
32 files already formatted
exit=0
## pyright
WARNING: there is a new pyright version available (v1.1.411 -> v1.1.414).
Please install the new version or set PYRIGHT_PYTHON_FORCE_VERSION to `latest`

0 errors, 0 warnings, 0 informations
exit=0
## pytest
........................................................................ [ 43%]
........................................................................ [ 87%]
.....................                                                    [100%]
165 passed in 1.82s
exit=0
-----------------------------------------------------------------------------------------------------------------
TOTAL                                                                   815    162    338     56    78%
cov exit=0
## representation
    sha = _request(prefix + "/commits/main", token, 30)["sha"]
          ~~~~~~~~^^^^^^^^^^^^^^^^^^^^^^^^^^^^^^^^^^^^^
  File "/home/user/ecosystem-predictor/scripts/check_ecosystem_drift.py", line 139, in _request
    raise DriftError(f"SOURCE_UNAVAILABLE: {path}: {exc}") from exc
check_ecosystem_drift.DriftError: SOURCE_UNAVAILABLE: /repos/leonardosovienski/cripto-predictor/commits/main: <urlopen error [SSL: CERTIFICATE_VERIFY_FAILED] certificate verify failed: CA cert does not include key usage extension (_ssl.c:1032)>
exit=0
## facts offline
CANONICAL_SCOPE_OK
exit=0
## drift offline
ECOSYSTEM_NO_DRIFT (OFFLINE)
exit=0
## manifest
    result = func(*args)
             ^^^^^^^^^^^
  File "/usr/lib/python3.11/urllib/request.py", line 643, in http_error_default
    raise HTTPError(req.full_url, code, msg, hdrs, fp)
urllib.error.HTTPError: HTTP Error 403: Forbidden
exit=0
## package research-transport
Using CPython 3.11.15 interpreter at: /usr/local/bin/python3
Resolved 8 packages in 537ms
...................                                                      [100%]
19 passed in 2.38s
exit=0
## package research-protocol
Using CPython 3.11.15 interpreter at: /usr/local/bin/python3
Resolved 13 packages in 4ms
........................................................................ [ 61%]
........................................................................ [ 92%]
.................                                                        [100%]
233 passed in 1.44s
exit=0
## package research-snapshot
Using CPython 3.11.15 interpreter at: /usr/local/bin/python3
Resolved 7 packages in 2ms
..........                                                               [100%]
10 passed in 0.05s
exit=0
## package research-bundle
Using CPython 3.11.15 interpreter at: /usr/local/bin/python3
Resolved 8 packages in 3ms
..............................................................           [100%]
62 passed in 0.95s
exit=0
