## uv lock --check
Resolved 47 packages in 3ms
exit=0
## ruff
All checks passed!
47 files already formatted
exit=0
## pyright
WARNING: there is a new pyright version available (v1.1.411 -> v1.1.414).
Please install the new version or set PYRIGHT_PYTHON_FORCE_VERSION to `latest`

0 errors, 0 warnings, 0 informations
exit=0
## pytest
........................................................................ [ 81%]
................                                                         [100%]
================================ tests coverage ================================
_______________ coverage: platform linux, python 3.13.12-final-0 _______________

Name                                 Stmts   Miss Branch BrPart  Cover   Missing
--------------------------------------------------------------------------------
src/predictor_ops/__init__.py            9      2      0      0    78%   7-8
src/predictor_ops/cli.py                64      3     16      3    92%   51, 56, 75
src/predictor_ops/config.py             30      4      2      1    84%   35, 38-40
src/predictor_ops/health.py             46      2     12      0    97%   44-45
src/predictor_ops/models.py            148      8     26      5    91%   54, 97, 99, 141, 147-149, 163
src/predictor_ops/observability.py      43     14      8      3    67%   19->21, 26-28, 46-56
src/predictor_ops/operations.py         60      0     26      0   100%
src/predictor_ops/processes.py          77     77     30      0     0%   3-142
src/predictor_ops/provenance.py         82      8     30      2    89%   20-21, 27-28, 29->31, 51-53, 67
src/predictor_ops/redaction.py          42      0     12      0   100%
src/predictor_ops/runner.py            221     30     64      9    86%   40-42, 44-47, 86-87, 111, 117-118, 120, 195-196, 197->209, 245, 253-263, 282->291, 335-336, 343-344
src/predictor_ops/runtime.py           168     30     32      9    78%   33-34, 42-44, 52, 59-61, 96-98, 114, 120, 128, 149-150, 187-192, 197-204, 210-211, 220
src/predictor_ops/windows.py            49      0     14      0   100%
--------------------------------------------------------------------------------
TOTAL                                 1039    178    272     32    81%
Required test coverage of 80.0% reached. Total coverage: 80.93%
88 passed in 15.22s
exit=0
## posix_integration
.                                                                        [100%]
1 passed in 0.40s
exit=0
