{"n": 1, "label": "crypto propose", "at": "2026-09-28T14:42:32Z", "seconds": 0.108, "argv": ["/home/runner/work/_temp/work/rt/cain-venv/bin/cain", "research", "propose", "--domain", "crypto", "--state", "/home/runner/work/_temp/work/n1/crypto-cycle/cain-state", "--proposal", "/home/runner/work/predictor-qualification/predictor-qualification/qualification/integration-crypto/fixtures/proposals/e2e/01-allow.json", "--as-of", "2026-09-28T14:42:32Z"], "fault_env": {}, "exit": 0}
--- stdout
{"decision": "ALLOW", "episode_id": "crypto:episode-1", "reason_code": "ALLOWED", "receipt_sha256": "4e58dd4a0eba1cb460ac5bab5b87dd5a78e75af2b8ca89740cd6558e29edf675", "rule": "R14", "status": "RECORDED", "task": {"payload_sha256": "5fe20eb7b93d743530485cae313699a24e6bde31926371024ff20b8d3ef89beb", "previous_task_id": null, "task_id": "crypto:TASK-02bf95b3940c9a226f8a9ae2a37a11a3"}}
--- stderr
--- end
{"n": 2, "label": "crypto dispatch", "at": "2026-09-28T14:42:32Z", "seconds": 0.087, "argv": ["/home/runner/work/_temp/work/rt/cain-venv/bin/cain", "research", "dispatch", "--domain", "crypto", "--state", "/home/runner/work/_temp/work/n1/crypto-cycle/cain-state", "--spool", "/home/runner/work/_temp/work/n1/crypto-cycle/spool"], "fault_env": {}, "exit": 0}
--- stdout
{"action": "dispatched", "file": "crypto/tasks/TASK-02bf95b3940c9a226f8a9ae2a37a11a3.json", "spool": "WRITTEN", "task_id": "crypto:TASK-02bf95b3940c9a226f8a9ae2a37a11a3"}
--- stderr
--- end
{"n": 3, "label": "crypto consumer", "at": "2026-09-28T14:42:33Z", "seconds": 0.389, "argv": ["/home/runner/work/_temp/work/rt/crypto-venv/bin/predictor-research-consumer", "--domain", "crypto", "--spool", "/home/runner/work/_temp/work/n1/crypto-cycle/spool", "--ledger", "/home/runner/work/_temp/work/n1/crypto-cycle/consumer/ledger.sqlite", "--state", "/home/runner/work/_temp/work/n1/crypto-cycle/domain-state", "--policy", "/home/runner/work/_temp/work/rt/crypto-op/policy.json", "--objects", "/home/runner/work/_temp/work/rt/crypto-op/objects"], "fault_env": {}, "exit": 0}
--- stdout
{"action": "delivered", "attempt": 1, "class": "TERMINAL_RESULT", "episode_id": "crypto:episode-1", "result_file": "crypto/results/TASK-02bf95b3940c9a226f8a9ae2a37a11a3.11b7c33f8a642181.json", "result_write": "WRITTEN", "status": "RESULT", "task_id": "crypto:TASK-02bf95b3940c9a226f8a9ae2a37a11a3"}
--- stderr
{"duration_ms": 205, "event": "job_finished", "job_id": "crypto-research-159fdfb2ad2ccd8f8d612a36", "level": "INFO", "run_id": "c111a89f810c4c9c87f628bf443f165e", "run_status": "SUCCEEDED", "service": "predictor_ops", "timestamp": "2026-09-28T14:42:33.273745Z"}
--- end
{"n": 4, "label": "crypto ingest", "at": "2026-09-28T14:42:33Z", "seconds": 0.09, "argv": ["/home/runner/work/_temp/work/rt/cain-venv/bin/cain", "research", "ingest", "--domain", "crypto", "--state", "/home/runner/work/_temp/work/n1/crypto-cycle/cain-state", "--spool", "/home/runner/work/_temp/work/n1/crypto-cycle/spool"], "fault_env": {}, "exit": 0}
--- stdout
{"action": "ingested", "class": "TERMINAL_RESULT", "fact": "fact:cf5b72d57a7142b9a23da7ee0ad0fdbb", "file": "TASK-02bf95b3940c9a226f8a9ae2a37a11a3.11b7c33f8a642181.json", "status": "RESULT", "task_id": "crypto:TASK-02bf95b3940c9a226f8a9ae2a37a11a3"}
--- stderr
--- end
