{"n": 1, "label": "propose 1", "at": "2026-09-30T00:02:54Z", "seconds": 0.138, "argv": ["/home/runner/work/_temp/work/rt/cain-venv/bin/cain", "research", "propose", "--domain", "crypto", "--state", "/home/runner/work/_temp/work/failures/F01/cain-state", "--proposal", "/home/runner/work/_temp/work/failures/F01/proposals/1.json", "--as-of", "2026-09-30T00:02:54Z"], "fault_env": {"CAIN_ORCHESTRATION_FAULT": "after_outbox_commit"}, "exit": 86}
--- stdout
--- stderr
--- end
{"n": 2, "label": "dispatch after restart", "at": "2026-09-30T00:02:55Z", "seconds": 0.127, "argv": ["/home/runner/work/_temp/work/rt/cain-venv/bin/cain", "research", "dispatch", "--domain", "crypto", "--state", "/home/runner/work/_temp/work/failures/F01/cain-state", "--spool", "/home/runner/work/_temp/work/failures/F01/spool"], "fault_env": {}, "exit": 0}
--- stdout
{"action": "dispatched", "file": "crypto/tasks/TASK-d68de9e75c03e87e3c10a1f03858dc4a.json", "spool": "WRITTEN", "task_id": "crypto:TASK-d68de9e75c03e87e3c10a1f03858dc4a"}
--- stderr
--- end
{"n": 3, "label": "consumer", "at": "2026-09-30T00:02:55Z", "seconds": 0.455, "argv": ["/home/runner/work/_temp/work/rt/consumer-venv/bin/predictor-research-consumer", "--domain", "crypto", "--spool", "/home/runner/work/_temp/work/failures/F01/spool", "--ledger", "/home/runner/work/_temp/work/failures/F01/consumer/ledger.sqlite", "--state", "/home/runner/work/_temp/work/failures/F01/domain-state", "--policy", "/home/runner/work/_temp/work/rt/op/policy.json", "--objects", "/home/runner/work/_temp/work/rt/op/objects"], "fault_env": {}, "exit": 0}
--- stdout
{"action": "delivered", "attempt": 1, "class": "TERMINAL_RESULT", "episode_id": "crypto:episode-1", "result_file": "crypto/results/TASK-d68de9e75c03e87e3c10a1f03858dc4a.e772c899807d3656.json", "result_write": "WRITTEN", "status": "RESULT", "task_id": "crypto:TASK-d68de9e75c03e87e3c10a1f03858dc4a"}
--- stderr
{"duration_ms": 208, "event": "job_finished", "job_id": "crypto-research-8bc3ad4121c563a9e72f3303", "level": "INFO", "run_id": "224a313184594338bcf5e4999b50ad20", "run_status": "SUCCEEDED", "service": "predictor_ops", "timestamp": "2026-09-30T00:02:55.474595Z"}
--- end
{"n": 4, "label": "ingest", "at": "2026-09-30T00:02:55Z", "seconds": 0.133, "argv": ["/home/runner/work/_temp/work/rt/cain-venv/bin/cain", "research", "ingest", "--domain", "crypto", "--state", "/home/runner/work/_temp/work/failures/F01/cain-state", "--spool", "/home/runner/work/_temp/work/failures/F01/spool"], "fault_env": {}, "exit": 0}
--- stdout
{"action": "ingested", "class": "TERMINAL_RESULT", "fact": "fact:d3cbe13b5d9a4b84b46664be4f7377c1", "file": "TASK-d68de9e75c03e87e3c10a1f03858dc4a.e772c899807d3656.json", "status": "RESULT", "task_id": "crypto:TASK-d68de9e75c03e87e3c10a1f03858dc4a"}
--- stderr
--- end
{"n": 5, "label": "recovered exactly once", "at": "2026-09-30T00:02:55Z", "seconds": 0.125, "argv": ["/home/runner/work/_temp/work/rt/cain-venv/bin/cain", "research", "episodes", "--domain", "crypto", "--state", "/home/runner/work/_temp/work/failures/F01/cain-state"], "fault_env": {}, "exit": 0}
--- stdout
{"domain": "crypto", "episodes": [{"as_of": "2026-09-30T00:02:54Z", "decision": "ALLOW", "number": 1, "outbox": {"dispatches": 1, "retries_requested": 0, "status": "PUBLISHED", "task_id": "crypto:TASK-d68de9e75c03e87e3c10a1f03858dc4a"}, "proposal_id": "cain:FM-F01-1", "reason_code": "ALLOWED", "receipt_sha256": "89197038d865fcb7655d486f3ddf37626fc5183624dd17f7b481a2b9972d2759", "source": "operator", "task_id": "crypto:TASK-d68de9e75c03e87e3c10a1f03858dc4a"}], "inbox": [{"class": "TERMINAL_RESULT", "fact_id": "fact:d3cbe13b5d9a4b84b46664be4f7377c1", "payload_sha256": "37bd6a7ce5af9c743e7750b71e5df7cac202686756d6d26e0b74f5c65ed74320", "status": "RESULT", "task_id": "crypto:TASK-d68de9e75c03e87e3c10a1f03858dc4a"}], "memory": {"broken_at": null, "cube": "crypto", "facts": 1, "log": "shared across domains", "projection": "consistent", "status": "intact"}, "rejections": []}
--- stderr
--- end
