{"n": 1, "label": "propose 1", "at": "2026-09-28T14:24:24Z", "seconds": 0.149, "argv": ["/home/runner/work/_temp/work/rt/cain-venv/bin/cain", "research", "propose", "--domain", "crypto", "--state", "/home/runner/work/_temp/work/failures/F04/cain-state", "--proposal", "/home/runner/work/_temp/work/failures/F04/proposals/1.json", "--as-of", "2026-09-28T14:24:24Z"], "fault_env": {}, "exit": 0}
--- stdout
{"decision": "ALLOW", "episode_id": "crypto:episode-1", "reason_code": "ALLOWED", "receipt_sha256": "6863720d0090c9b4e6710e90ad40322a8071efc82c5604ed7d72cbaffeb81bd9", "rule": "R14", "status": "RECORDED", "task": {"payload_sha256": "e5877042a9ec500768f7527ffa334ea00cb9ee048a4f5ed5892da89b6d8ee8ab", "previous_task_id": null, "task_id": "crypto:TASK-cd70f43989e0a67f04b2fc511dcda98c"}}
--- stderr
--- end
{"n": 2, "label": "dispatch", "at": "2026-09-28T14:24:24Z", "seconds": 0.123, "argv": ["/home/runner/work/_temp/work/rt/cain-venv/bin/cain", "research", "dispatch", "--domain", "crypto", "--state", "/home/runner/work/_temp/work/failures/F04/cain-state", "--spool", "/home/runner/work/_temp/work/failures/F04/spool"], "fault_env": {}, "exit": 0}
--- stdout
{"action": "dispatched", "file": "crypto/tasks/TASK-cd70f43989e0a67f04b2fc511dcda98c.json", "spool": "WRITTEN", "task_id": "crypto:TASK-cd70f43989e0a67f04b2fc511dcda98c"}
--- stderr
--- end
{"n": 3, "label": "consumer", "at": "2026-09-28T14:24:25Z", "seconds": 0.449, "argv": ["/home/runner/work/_temp/work/rt/consumer-venv/bin/predictor-research-consumer", "--domain", "crypto", "--spool", "/home/runner/work/_temp/work/failures/F04/spool", "--ledger", "/home/runner/work/_temp/work/failures/F04/consumer/ledger.sqlite", "--state", "/home/runner/work/_temp/work/failures/F04/domain-state", "--policy", "/home/runner/work/_temp/work/rt/op/policy.json", "--objects", "/home/runner/work/_temp/work/rt/op/objects"], "fault_env": {}, "exit": 0}
--- stdout
{"action": "delivered", "attempt": 1, "class": "TERMINAL_RESULT", "episode_id": "crypto:episode-1", "result_file": "crypto/results/TASK-cd70f43989e0a67f04b2fc511dcda98c.f50f2a750648d3e4.json", "result_write": "WRITTEN", "status": "RESULT", "task_id": "crypto:TASK-cd70f43989e0a67f04b2fc511dcda98c"}
--- stderr
{"duration_ms": 209, "event": "job_finished", "job_id": "crypto-research-c5eeff55c380abc8fc6925bc", "level": "INFO", "run_id": "812ee1ce71f747218d33205c8b3b9417", "run_status": "SUCCEEDED", "service": "predictor_ops", "timestamp": "2026-09-28T14:24:25.017173Z"}
--- end
{"n": 4, "label": "ingest (fault)", "at": "2026-09-28T14:24:25Z", "seconds": 0.121, "argv": ["/home/runner/work/_temp/work/rt/cain-venv/bin/cain", "research", "ingest", "--domain", "crypto", "--state", "/home/runner/work/_temp/work/failures/F04/cain-state", "--spool", "/home/runner/work/_temp/work/failures/F04/spool"], "fault_env": {"CAIN_ORCHESTRATION_FAULT": "after_memory_commit"}, "exit": 86}
--- stdout
--- stderr
--- end
{"n": 5, "label": "ingest after restart", "at": "2026-09-28T14:24:25Z", "seconds": 0.127, "argv": ["/home/runner/work/_temp/work/rt/cain-venv/bin/cain", "research", "ingest", "--domain", "crypto", "--state", "/home/runner/work/_temp/work/failures/F04/cain-state", "--spool", "/home/runner/work/_temp/work/failures/F04/spool"], "fault_env": {}, "exit": 0}
--- stdout
{"action": "duplicate", "file": "TASK-cd70f43989e0a67f04b2fc511dcda98c.f50f2a750648d3e4.json"}
--- stderr
--- end
{"n": 6, "label": "nothing new", "at": "2026-09-28T14:24:25Z", "seconds": 0.128, "argv": ["/home/runner/work/_temp/work/rt/cain-venv/bin/cain", "research", "episodes", "--domain", "crypto", "--state", "/home/runner/work/_temp/work/failures/F04/cain-state"], "fault_env": {}, "exit": 0}
--- stdout
{"domain": "crypto", "episodes": [{"as_of": "2026-09-28T14:24:24Z", "decision": "ALLOW", "number": 1, "outbox": {"dispatches": 1, "retries_requested": 0, "status": "PUBLISHED", "task_id": "crypto:TASK-cd70f43989e0a67f04b2fc511dcda98c"}, "proposal_id": "cain:FM-F04-1", "reason_code": "ALLOWED", "receipt_sha256": "6863720d0090c9b4e6710e90ad40322a8071efc82c5604ed7d72cbaffeb81bd9", "source": "operator", "task_id": "crypto:TASK-cd70f43989e0a67f04b2fc511dcda98c"}], "inbox": [{"class": "TERMINAL_RESULT", "fact_id": "fact:56cb2a9e121a47b9afb26f44097992d5", "payload_sha256": "b4a64edf14ff5b052b57cc580ae2ae07d98a993182fbb74165197682c42bd75a", "status": "RESULT", "task_id": "crypto:TASK-cd70f43989e0a67f04b2fc511dcda98c"}], "memory": {"broken_at": null, "entries": 1, "head": "77bfe4f0cb5ad0567dfa31e8d1e832e4ed8c9ea722d1d6bdfc141008e32044d8", "head_recorded_at": "2026-09-28T14:24:25.170575Z", "projection": "consistent", "status": "intact"}, "rejections": []}
--- stderr
--- end
