{"effective_proposal": "/home/runner/work/_temp/work/failures/F10/proposals/1.json", "template": "fixtures/proposals/e2e/01-allow.json", "sha256": "a655df56116be1baddb578a36de6f53fbad9a6120342abbc3e3ffd6da1ccd309"}
{"n": 1, "label": "propose 1", "at": "2026-09-28T14:43:49Z", "seconds": 0.101, "argv": ["/home/runner/work/_temp/work/rt/cain-venv/bin/cain", "research", "propose", "--domain", "stocks", "--state", "/home/runner/work/_temp/work/failures/F10/cain-state", "--proposal", "/home/runner/work/_temp/work/failures/F10/proposals/1.json", "--as-of", "2026-09-28T14:43:49Z"], "fault_env": {}, "exit": 0}
--- stdout
{"decision": "ALLOW", "episode_id": "stocks:episode-1", "reason_code": "ALLOWED", "receipt_sha256": "7aa744d841f30a548551152b727b7f1af249fe6d3099d58cac0d64e6468eb9b0", "rule": "R14", "status": "RECORDED", "task": {"payload_sha256": "38a538d1cc9ef4e87a4c1905aaa42d0fdb6da6f916a48a3306c5914eeff5e00c", "previous_task_id": null, "task_id": "stocks:TASK-81b8103b9cd7f1dfb62b8d024b45c1a1"}}
--- stderr
--- end
{"n": 2, "label": "dispatch 1", "at": "2026-09-28T14:43:49Z", "seconds": 0.089, "argv": ["/home/runner/work/_temp/work/rt/cain-venv/bin/cain", "research", "dispatch", "--domain", "stocks", "--state", "/home/runner/work/_temp/work/failures/F10/cain-state", "--spool", "/home/runner/work/_temp/work/failures/F10/spool"], "fault_env": {}, "exit": 0}
--- stdout
{"action": "dispatched", "file": "stocks/tasks/TASK-81b8103b9cd7f1dfb62b8d024b45c1a1.json", "spool": "WRITTEN", "task_id": "stocks:TASK-81b8103b9cd7f1dfb62b8d024b45c1a1"}
--- stderr
--- end
{"n": 3, "label": "consumer 1", "at": "2026-09-28T14:43:55Z", "seconds": 5.956, "argv": ["/home/runner/work/_temp/work/rt/consumer-venv/bin/predictor-research-consumer", "--domain", "stocks", "--spool", "/home/runner/work/_temp/work/failures/F10/spool", "--ledger", "/home/runner/work/_temp/work/failures/F10/consumer/ledger.sqlite", "--state", "/home/runner/work/_temp/work/failures/F10/domain-state", "--policy", "/home/runner/work/_temp/work/rt/op/policy.json", "--objects", "/home/runner/work/_temp/work/rt/op/objects"], "fault_env": {}, "exit": 0}
--- stdout
{"action": "delivered", "attempt": 1, "class": "TERMINAL_RESULT", "episode_id": "stocks:episode-1", "result_file": "stocks/results/TASK-81b8103b9cd7f1dfb62b8d024b45c1a1.d6c90f5bda10de23.json", "result_write": "WRITTEN", "status": "RESULT", "task_id": "stocks:TASK-81b8103b9cd7f1dfb62b8d024b45c1a1"}
--- stderr
{"duration_ms": 5718, "event": "job_finished", "job_id": "stocks-research-ed32b11d2d4fd0a11748f4f1", "level": "INFO", "run_id": "94c148d7125c4967a08559db720329bc", "run_status": "SUCCEEDED", "service": "predictor_ops", "timestamp": "2026-09-28T14:43:55.472588Z"}
--- end
{"n": 4, "label": "ingest 1", "at": "2026-09-28T14:43:55Z", "seconds": 0.092, "argv": ["/home/runner/work/_temp/work/rt/cain-venv/bin/cain", "research", "ingest", "--domain", "stocks", "--state", "/home/runner/work/_temp/work/failures/F10/cain-state", "--spool", "/home/runner/work/_temp/work/failures/F10/spool"], "fault_env": {}, "exit": 0}
--- stdout
{"action": "ingested", "class": "TERMINAL_RESULT", "fact": "fact:396421dbb5a5434d8316511f7fa40a95", "file": "TASK-81b8103b9cd7f1dfb62b8d024b45c1a1.d6c90f5bda10de23.json", "status": "RESULT", "task_id": "stocks:TASK-81b8103b9cd7f1dfb62b8d024b45c1a1"}
--- stderr
--- end
{"effective_proposal": "/home/runner/work/_temp/work/failures/F10/proposals/2.json", "template": "fixtures/proposals/e2e/01-allow.json", "sha256": "064828bb7ad3ef8ef13461df59a6190e663fa0aed4bebd3a6cba046d5adc0dae"}
{"n": 5, "label": "propose 2", "at": "2026-09-28T14:43:55Z", "seconds": 0.088, "argv": ["/home/runner/work/_temp/work/rt/cain-venv/bin/cain", "research", "propose", "--domain", "stocks", "--state", "/home/runner/work/_temp/work/failures/F10/cain-state", "--proposal", "/home/runner/work/_temp/work/failures/F10/proposals/2.json", "--as-of", "2026-09-28T14:43:55Z"], "fault_env": {}, "exit": 0}
--- stdout
{"decision": "ALLOW", "episode_id": "stocks:episode-2", "reason_code": "ALLOWED", "receipt_sha256": "224121f67111dba79622414c377f742c91fd130e044746b8d58c12f27cdb3892", "rule": "R14", "status": "RECORDED", "task": {"payload_sha256": "f8fc5f8345241c2196a560b06bb67d036b533176deb7d7cfde5c5270c9c2a3ef", "previous_task_id": "stocks:TASK-81b8103b9cd7f1dfb62b8d024b45c1a1", "task_id": "stocks:TASK-9a84f9040249622e08233f629d25254a"}}
--- stderr
--- end
{"n": 6, "label": "dispatch 2", "at": "2026-09-28T14:43:55Z", "seconds": 0.083, "argv": ["/home/runner/work/_temp/work/rt/cain-venv/bin/cain", "research", "dispatch", "--domain", "stocks", "--state", "/home/runner/work/_temp/work/failures/F10/cain-state", "--spool", "/home/runner/work/_temp/work/failures/F10/spool"], "fault_env": {}, "exit": 0}
--- stdout
{"action": "dispatched", "file": "stocks/tasks/TASK-9a84f9040249622e08233f629d25254a.json", "spool": "WRITTEN", "task_id": "stocks:TASK-9a84f9040249622e08233f629d25254a"}
--- stderr
--- end
{"n": 7, "label": "consumer 2", "at": "2026-09-28T14:44:02Z", "seconds": 6.316, "argv": ["/home/runner/work/_temp/work/rt/consumer-venv/bin/predictor-research-consumer", "--domain", "stocks", "--spool", "/home/runner/work/_temp/work/failures/F10/spool", "--ledger", "/home/runner/work/_temp/work/failures/F10/consumer/ledger.sqlite", "--state", "/home/runner/work/_temp/work/failures/F10/domain-state", "--policy", "/home/runner/work/_temp/work/rt/op/policy.json", "--objects", "/home/runner/work/_temp/work/rt/op/objects"], "fault_env": {}, "exit": 0}
--- stdout
{"action": "skipped", "episode_id": "stocks:episode-1", "state": "TERMINAL_RESULT", "status": "RESULT", "task_id": "stocks:TASK-81b8103b9cd7f1dfb62b8d024b45c1a1"}
{"action": "delivered", "attempt": 1, "class": "TERMINAL_RESULT", "episode_id": "stocks:episode-2", "result_file": "stocks/results/TASK-9a84f9040249622e08233f629d25254a.8647c65dc230d92a.json", "result_write": "WRITTEN", "status": "RESULT", "task_id": "stocks:TASK-9a84f9040249622e08233f629d25254a"}
--- stderr
{"duration_ms": 6121, "event": "job_finished", "job_id": "stocks-research-ab9cf619f9e6b56f7852947f", "level": "INFO", "run_id": "09a65682660e4ea6b11fa0bf9015d592", "run_status": "SUCCEEDED", "service": "predictor_ops", "timestamp": "2026-09-28T14:44:02.052982Z"}
--- end
{"n": 8, "label": "ingest out of order", "at": "2026-09-28T14:44:02Z", "seconds": 0.093, "argv": ["/home/runner/work/_temp/work/rt/cain-venv/bin/cain", "research", "ingest", "--domain", "stocks", "--state", "/home/runner/work/_temp/work/failures/F10/cain-state", "--spool", "/home/runner/work/_temp/work/failures/F10/spool"], "fault_env": {}, "exit": 0}
--- stdout
{"action": "duplicate", "file": "00-late-TASK-81b8103b9cd7f1dfb62b8d024b45c1a1.d6c90f5bda10de23.json"}
{"action": "duplicate", "file": "TASK-81b8103b9cd7f1dfb62b8d024b45c1a1.d6c90f5bda10de23.json"}
{"action": "ingested", "class": "TERMINAL_RESULT", "fact": "fact:782d2b18ef334425896186cd3663b1cd", "file": "TASK-9a84f9040249622e08233f629d25254a.8647c65dc230d92a.json", "status": "RESULT", "task_id": "stocks:TASK-9a84f9040249622e08233f629d25254a"}
--- stderr
--- end
{"n": 9, "label": "episodes", "at": "2026-09-28T14:44:02Z", "seconds": 0.082, "argv": ["/home/runner/work/_temp/work/rt/cain-venv/bin/cain", "research", "episodes", "--domain", "stocks", "--state", "/home/runner/work/_temp/work/failures/F10/cain-state"], "fault_env": {}, "exit": 0}
--- stdout
{"domain": "stocks", "episodes": [{"as_of": "2026-09-28T14:43:49Z", "decision": "ALLOW", "number": 1, "outbox": {"dispatches": 1, "retries_requested": 0, "status": "PUBLISHED", "task_id": "stocks:TASK-81b8103b9cd7f1dfb62b8d024b45c1a1"}, "proposal_id": "cain:FM-F10-1", "reason_code": "ALLOWED", "receipt_sha256": "7aa744d841f30a548551152b727b7f1af249fe6d3099d58cac0d64e6468eb9b0", "source": "operator", "task_id": "stocks:TASK-81b8103b9cd7f1dfb62b8d024b45c1a1"}, {"as_of": "2026-09-28T14:43:55Z", "decision": "ALLOW", "number": 2, "outbox": {"dispatches": 1, "retries_requested": 0, "status": "PUBLISHED", "task_id": "stocks:TASK-9a84f9040249622e08233f629d25254a"}, "proposal_id": "cain:FM-F10-2", "reason_code": "ALLOWED", "receipt_sha256": "224121f67111dba79622414c377f742c91fd130e044746b8d58c12f27cdb3892", "source": "operator", "task_id": "stocks:TASK-9a84f9040249622e08233f629d25254a"}], "inbox": [{"class": "TERMINAL_RESULT", "fact_id": "fact:396421dbb5a5434d8316511f7fa40a95", "payload_sha256": "cc26e4ba1de9c9a6f7f5252d1fe767fb953cfa413e28121d6974b3cc5c901589", "status": "RESULT", "task_id": "stocks:TASK-81b8103b9cd7f1dfb62b8d024b45c1a1"}, {"class": "TERMINAL_RESULT", "fact_id": "fact:782d2b18ef334425896186cd3663b1cd", "payload_sha256": "f284961e084c8f038f787fc939f73450e82de2e2e6b2b7952bd1a0ba1f5e9e14", "status": "RESULT", "task_id": "stocks:TASK-9a84f9040249622e08233f629d25254a"}], "memory": {"broken_at": null, "entries": 2, "head": "a5007a9b852219e8c4eba6f36a71afedd8bd248178a529eeeee0044f9bc81cf0", "head_recorded_at": "2026-09-28T14:44:02.174434Z", "projection": "consistent", "status": "intact"}, "rejections": []}
--- stderr
--- end
{"n": 10, "label": "two tasks, two results", "at": "2026-09-28T14:44:02Z", "seconds": 0.081, "argv": ["/home/runner/work/_temp/work/rt/cain-venv/bin/cain", "research", "episodes", "--domain", "stocks", "--state", "/home/runner/work/_temp/work/failures/F10/cain-state"], "fault_env": {}, "exit": 0}
--- stdout
{"domain": "stocks", "episodes": [{"as_of": "2026-09-28T14:43:49Z", "decision": "ALLOW", "number": 1, "outbox": {"dispatches": 1, "retries_requested": 0, "status": "PUBLISHED", "task_id": "stocks:TASK-81b8103b9cd7f1dfb62b8d024b45c1a1"}, "proposal_id": "cain:FM-F10-1", "reason_code": "ALLOWED", "receipt_sha256": "7aa744d841f30a548551152b727b7f1af249fe6d3099d58cac0d64e6468eb9b0", "source": "operator", "task_id": "stocks:TASK-81b8103b9cd7f1dfb62b8d024b45c1a1"}, {"as_of": "2026-09-28T14:43:55Z", "decision": "ALLOW", "number": 2, "outbox": {"dispatches": 1, "retries_requested": 0, "status": "PUBLISHED", "task_id": "stocks:TASK-9a84f9040249622e08233f629d25254a"}, "proposal_id": "cain:FM-F10-2", "reason_code": "ALLOWED", "receipt_sha256": "224121f67111dba79622414c377f742c91fd130e044746b8d58c12f27cdb3892", "source": "operator", "task_id": "stocks:TASK-9a84f9040249622e08233f629d25254a"}], "inbox": [{"class": "TERMINAL_RESULT", "fact_id": "fact:396421dbb5a5434d8316511f7fa40a95", "payload_sha256": "cc26e4ba1de9c9a6f7f5252d1fe767fb953cfa413e28121d6974b3cc5c901589", "status": "RESULT", "task_id": "stocks:TASK-81b8103b9cd7f1dfb62b8d024b45c1a1"}, {"class": "TERMINAL_RESULT", "fact_id": "fact:782d2b18ef334425896186cd3663b1cd", "payload_sha256": "f284961e084c8f038f787fc939f73450e82de2e2e6b2b7952bd1a0ba1f5e9e14", "status": "RESULT", "task_id": "stocks:TASK-9a84f9040249622e08233f629d25254a"}], "memory": {"broken_at": null, "entries": 2, "head": "a5007a9b852219e8c4eba6f36a71afedd8bd248178a529eeeee0044f9bc81cf0", "head_recorded_at": "2026-09-28T14:44:02.174434Z", "projection": "consistent", "status": "intact"}, "rejections": []}
--- stderr
--- end
