{"n": 1, "label": "propose 01-supported", "at": "2026-09-28T18:16:16Z", "seconds": 0.139, "argv": ["/home/runner/work/_temp/work/rt/cain-venv/bin/cain", "research", "propose", "--domain", "stocks", "--state", "/home/runner/work/_temp/work/isolation/contradiction/cain-state", "--proposal", "/home/runner/work/predictor-qualification/predictor-qualification/qualification/integration-stocks/fixtures/proposals/contradiction/01-supported.json", "--as-of", "2026-09-27T00:00:00Z"], "fault_env": {}, "exit": 0}
--- stdout
{"decision": "ALLOW", "episode_id": "stocks:episode-1", "reason_code": "ALLOWED", "receipt_sha256": "22394d6987dc393f88112c33f14a1c8bf97285ff3a777df5fac71bb87a057bb1", "rule": "R14", "status": "RECORDED", "task": {"payload_sha256": "402db2ef030e0edaf4433d319f97c60ef85bfe47d729e4440688278979ca53c9", "previous_task_id": null, "task_id": "stocks:TASK-430e98ec9aa29b58665f25f693fbde21"}}
--- stderr
--- end
{"n": 2, "label": "dispatch 01-supported", "at": "2026-09-28T18:16:16Z", "seconds": 0.12, "argv": ["/home/runner/work/_temp/work/rt/cain-venv/bin/cain", "research", "dispatch", "--domain", "stocks", "--state", "/home/runner/work/_temp/work/isolation/contradiction/cain-state", "--spool", "/home/runner/work/_temp/work/isolation/contradiction/spool"], "fault_env": {}, "exit": 0}
--- stdout
{"action": "dispatched", "file": "stocks/tasks/TASK-430e98ec9aa29b58665f25f693fbde21.json", "spool": "WRITTEN", "task_id": "stocks:TASK-430e98ec9aa29b58665f25f693fbde21"}
--- stderr
--- end
{"n": 3, "label": "ingest 01-supported", "at": "2026-09-28T18:16:17Z", "seconds": 0.128, "argv": ["/home/runner/work/_temp/work/rt/cain-venv/bin/cain", "research", "ingest", "--domain", "stocks", "--state", "/home/runner/work/_temp/work/isolation/contradiction/cain-state", "--spool", "/home/runner/work/_temp/work/isolation/contradiction/spool"], "fault_env": {}, "exit": 0}
--- stdout
{"action": "ingested", "class": "TERMINAL_RESULT", "fact": "fact:6feda6d6c41a4e5aa968a2965068e3c5", "file": "contradiction-supported-result.json", "status": "RESULT", "task_id": "stocks:TASK-430e98ec9aa29b58665f25f693fbde21"}
--- stderr
--- end
{"n": 4, "label": "propose 02-refuted", "at": "2026-09-28T18:16:17Z", "seconds": 0.123, "argv": ["/home/runner/work/_temp/work/rt/cain-venv/bin/cain", "research", "propose", "--domain", "stocks", "--state", "/home/runner/work/_temp/work/isolation/contradiction/cain-state", "--proposal", "/home/runner/work/predictor-qualification/predictor-qualification/qualification/integration-stocks/fixtures/proposals/contradiction/02-refuted.json", "--as-of", "2026-09-27T00:00:00Z"], "fault_env": {}, "exit": 0}
--- stdout
{"decision": "ALLOW", "episode_id": "stocks:episode-2", "reason_code": "ALLOWED", "receipt_sha256": "3b9726c9be4a7136423f64c9f616e84792717dd8ed08d7ed6286e5ce08a5d225", "rule": "R14", "status": "RECORDED", "task": {"payload_sha256": "42a180e726b8c83b780375c56578e53026677e80b20a7546e4b991b4695d6612", "previous_task_id": "stocks:TASK-430e98ec9aa29b58665f25f693fbde21", "task_id": "stocks:TASK-a73d0a06e7a425504f25288eacc27926"}}
--- stderr
--- end
{"n": 5, "label": "dispatch 02-refuted", "at": "2026-09-28T18:16:17Z", "seconds": 0.121, "argv": ["/home/runner/work/_temp/work/rt/cain-venv/bin/cain", "research", "dispatch", "--domain", "stocks", "--state", "/home/runner/work/_temp/work/isolation/contradiction/cain-state", "--spool", "/home/runner/work/_temp/work/isolation/contradiction/spool"], "fault_env": {}, "exit": 0}
--- stdout
{"action": "dispatched", "file": "stocks/tasks/TASK-a73d0a06e7a425504f25288eacc27926.json", "spool": "WRITTEN", "task_id": "stocks:TASK-a73d0a06e7a425504f25288eacc27926"}
--- stderr
--- end
{"n": 6, "label": "ingest 02-refuted", "at": "2026-09-28T18:16:17Z", "seconds": 0.127, "argv": ["/home/runner/work/_temp/work/rt/cain-venv/bin/cain", "research", "ingest", "--domain", "stocks", "--state", "/home/runner/work/_temp/work/isolation/contradiction/cain-state", "--spool", "/home/runner/work/_temp/work/isolation/contradiction/spool"], "fault_env": {}, "exit": 0}
--- stdout
{"action": "ingested", "class": "TERMINAL_RESULT", "fact": "fact:2ab9de9b3d1b4d9888d34bdcfd7e57a0", "file": "contradiction-refuted-result.json", "status": "RESULT", "task_id": "stocks:TASK-a73d0a06e7a425504f25288eacc27926"}
{"action": "duplicate", "file": "contradiction-supported-result.json"}
--- stderr
--- end
{"n": 7, "label": "propose 03-refuted-again", "at": "2026-09-28T18:16:17Z", "seconds": 0.123, "argv": ["/home/runner/work/_temp/work/rt/cain-venv/bin/cain", "research", "propose", "--domain", "stocks", "--state", "/home/runner/work/_temp/work/isolation/contradiction/cain-state", "--proposal", "/home/runner/work/predictor-qualification/predictor-qualification/qualification/integration-stocks/fixtures/proposals/contradiction/03-refuted-again.json", "--as-of", "2026-09-27T00:00:00Z"], "fault_env": {}, "exit": 0}
--- stdout
{"decision": "REQUIRE_HUMAN", "episode_id": "stocks:episode-3", "reason_code": "CONTRADICTION_UNRESOLVED", "receipt_sha256": "3535b2774c97929ddea44b69dab3c878d1071284d4986d7939bc93b88a7d2052", "rule": "R10", "status": "RECORDED", "task": null}
--- stderr
--- end
{"n": 8, "label": "ingest 03-refuted-again", "at": "2026-09-28T18:16:17Z", "seconds": 0.121, "argv": ["/home/runner/work/_temp/work/rt/cain-venv/bin/cain", "research", "ingest", "--domain", "stocks", "--state", "/home/runner/work/_temp/work/isolation/contradiction/cain-state", "--spool", "/home/runner/work/_temp/work/isolation/contradiction/spool"], "fault_env": {}, "exit": 2}
--- stdout
{"action": "rejected", "code": "TASK_NOT_FOUND", "file": "contradiction-refuted-again-result.json", "reason": "stocks:TASK-cc62d429f3e6feabf07ff822455a6372 was not emitted by this CAIN"}
{"action": "duplicate", "file": "contradiction-refuted-result.json"}
{"action": "duplicate", "file": "contradiction-supported-result.json"}
--- stderr
--- end
{"n": 9, "label": "propose 04-after", "at": "2026-09-28T18:16:17Z", "seconds": 0.121, "argv": ["/home/runner/work/_temp/work/rt/cain-venv/bin/cain", "research", "propose", "--domain", "stocks", "--state", "/home/runner/work/_temp/work/isolation/contradiction/cain-state", "--proposal", "/home/runner/work/predictor-qualification/predictor-qualification/qualification/integration-stocks/fixtures/proposals/contradiction/04-after.json", "--as-of", "2026-09-27T00:00:00Z"], "fault_env": {}, "exit": 0}
--- stdout
{"decision": "REQUIRE_HUMAN", "episode_id": "stocks:episode-4", "reason_code": "CONTRADICTION_UNRESOLVED", "receipt_sha256": "321fdef95d14851b1903aa6139a334ebd55f9df8491771513190991872359e34", "rule": "R10", "status": "RECORDED", "task": null}
--- stderr
--- end
{"n": 10, "label": "episodes contradiction", "at": "2026-09-28T18:16:17Z", "seconds": 0.119, "argv": ["/home/runner/work/_temp/work/rt/cain-venv/bin/cain", "research", "episodes", "--domain", "stocks", "--state", "/home/runner/work/_temp/work/isolation/contradiction/cain-state"], "fault_env": {}, "exit": 0}
--- stdout
{"domain": "stocks", "episodes": [{"as_of": "2026-09-27T00:00:00Z", "decision": "ALLOW", "number": 1, "outbox": {"dispatches": 1, "retries_requested": 0, "status": "PUBLISHED", "task_id": "stocks:TASK-430e98ec9aa29b58665f25f693fbde21"}, "proposal_id": "cain:IS-CONTRA-1", "reason_code": "ALLOWED", "receipt_sha256": "22394d6987dc393f88112c33f14a1c8bf97285ff3a777df5fac71bb87a057bb1", "source": "operator", "task_id": "stocks:TASK-430e98ec9aa29b58665f25f693fbde21"}, {"as_of": "2026-09-27T00:00:00Z", "decision": "ALLOW", "number": 2, "outbox": {"dispatches": 1, "retries_requested": 0, "status": "PUBLISHED", "task_id": "stocks:TASK-a73d0a06e7a425504f25288eacc27926"}, "proposal_id": "cain:IS-CONTRA-2", "reason_code": "ALLOWED", "receipt_sha256": "3b9726c9be4a7136423f64c9f616e84792717dd8ed08d7ed6286e5ce08a5d225", "source": "operator", "task_id": "stocks:TASK-a73d0a06e7a425504f25288eacc27926"}, {"as_of": "2026-09-27T00:00:00Z", "decision": "REQUIRE_HUMAN", "number": 3, "outbox": null, "proposal_id": "cain:IS-CONTRA-3", "reason_code": "CONTRADICTION_UNRESOLVED", "receipt_sha256": "3535b2774c97929ddea44b69dab3c878d1071284d4986d7939bc93b88a7d2052", "source": "operator", "task_id": null}, {"as_of": "2026-09-27T00:00:00Z", "decision": "REQUIRE_HUMAN", "number": 4, "outbox": null, "proposal_id": "cain:IS-CONTRA-4", "reason_code": "CONTRADICTION_UNRESOLVED", "receipt_sha256": "321fdef95d14851b1903aa6139a334ebd55f9df8491771513190991872359e34", "source": "operator", "task_id": null}], "inbox": [{"class": "TERMINAL_RESULT", "fact_id": "fact:6feda6d6c41a4e5aa968a2965068e3c5", "payload_sha256": "d702651c7ac9abf50d2c8ee5326714efc34388581a704034c5cb615a92520a25", "status": "RESULT", "task_id": "stocks:TASK-430e98ec9aa29b58665f25f693fbde21"}, {"class": "TERMINAL_RESULT", "fact_id": "fact:2ab9de9b3d1b4d9888d34bdcfd7e57a0", "payload_sha256": "5f3079a0feb2332201aa65d139b60c75dd4ede1146ec49ec90f1285bd68113a4", "status": "RESULT", "task_id": "stocks:TASK-a73d0a06e7a425504f25288eacc27926"}], "memory": {"broken_at": null, "entries": 2, "head": "52a440bff7345b04ae95a869061d49d1b0cf51f6d91272fcf1fe795ce881b09e", "head_recorded_at": "2026-09-28T18:16:17.420839Z", "projection": "consistent", "status": "intact"}, "rejections": [{"code": "TASK_NOT_FOUND", "file": "contradiction-refuted-again-result.json"}]}
--- stderr
--- end
