{"effective_proposal": "/home/superleo13/predictors/runtime/integration-brasileirao/priv/run-20260928T145525Z-br12/failure-matrix/F13/proposals/1.json", "template": "fixtures/proposals/e2e/01-allow.json", "sha256": "da29ef52605b854c5923ef40513bccf9d896e8b0b1839c8207a26ab2350b6b29", "changes": ["events", "hypothesis_id", "request_id", "season"]}
{"n": 1, "domain": "brasileirao", "label": "propose 1", "at": "2026-09-28T15:08:51Z", "seconds": 0.135, "argv": ["/home/superleo13/predictors/runtime/integration-brasileirao/priv/run-20260928T145525Z-br12/cain-venv/bin/cain", "research", "propose", "--domain", "brasileirao", "--state", "/home/superleo13/predictors/runtime/integration-brasileirao/priv/run-20260928T145525Z-br12/failure-matrix/F13/cain-state", "--proposal", "/home/superleo13/predictors/runtime/integration-brasileirao/priv/run-20260928T145525Z-br12/failure-matrix/F13/proposals/1.json", "--as-of", "2026-09-28T15:08:51Z"], "fault_env": {}, "exit": 0, "stdout_sha256": "bb4bb2278b7c240245be25078971190a98d8a348933d2eb2f1a13a089a20acc2", "stdout_bytes": 396, "stderr_sha256": "e3b0c44298fc1c149afbf4c8996fb92427ae41e4649b934ca495991b7852b855", "stderr_bytes": 0}
--- stdout
{"decision": "ALLOW", "episode_id": "brasileirao:episode-1", "reason_code": "ALLOWED", "receipt_sha256": "80a84f6f5dd3cf8f5b9039624017536fda383ffe3c671bcd9cfdd3e129f718a6", "rule": "R14", "status": "RECORDED", "task": {"payload_sha256": "1ec4a88024bfa9f2449b7894d7ec95d49c9b589fc2b6d5985cd0e2dad1062d27", "previous_task_id": null, "task_id": "brasileirao:TASK-62edb3f3bdba689cc8f39b10441922b8"}}
--- end
{"n": 2, "domain": "brasileirao", "label": "dispatch 1", "at": "2026-09-28T15:08:51Z", "seconds": 0.088, "argv": ["/home/superleo13/predictors/runtime/integration-brasileirao/priv/run-20260928T145525Z-br12/cain-venv/bin/cain", "research", "dispatch", "--domain", "brasileirao", "--state", "/home/superleo13/predictors/runtime/integration-brasileirao/priv/run-20260928T145525Z-br12/failure-matrix/F13/cain-state", "--spool", "/home/superleo13/predictors/runtime/integration-brasileirao/priv/run-20260928T145525Z-br12/failure-matrix/F13/spool"], "fault_env": {}, "exit": 0, "stdout_sha256": "5a2dbc8147869f42b946c5682be227acc5c3c87c8f4cbc539be22022b2fcaa94", "stdout_bytes": 181, "stderr_sha256": "e3b0c44298fc1c149afbf4c8996fb92427ae41e4649b934ca495991b7852b855", "stderr_bytes": 0}
--- stdout
{"action": "dispatched", "file": "brasileirao/tasks/TASK-62edb3f3bdba689cc8f39b10441922b8.json", "spool": "WRITTEN", "task_id": "brasileirao:TASK-62edb3f3bdba689cc8f39b10441922b8"}
--- end
{"n": 3, "domain": "brasileirao", "label": "consumer 1", "at": "2026-09-28T15:08:54Z", "seconds": 3.054, "argv": ["/home/superleo13/predictors/runtime/integration-brasileirao/priv/run-20260928T145525Z-br12/consumer-venv/bin/predictor-research-consumer", "--domain", "brasileirao", "--spool", "/home/superleo13/predictors/runtime/integration-brasileirao/priv/run-20260928T145525Z-br12/failure-matrix/F13/spool", "--ledger", "/home/superleo13/predictors/runtime/integration-brasileirao/priv/run-20260928T145525Z-br12/failure-matrix/F13/consumer-brasileirao/ledger.sqlite", "--state", "/home/superleo13/predictors/runtime/integration-brasileirao/priv/run-20260928T145525Z-br12/failure-matrix/F13/domain-state-brasileirao", "--policy", "/home/superleo13/predictors/runtime/integration-brasileirao/priv/run-20260928T145525Z-br12/op/policy.json", "--objects", "/home/superleo13/predictors/runtime/integration-brasileirao/priv/run-20260928T145525Z-br12/op/obj"], "fault_env": {}, "exit": 0, "stdout_sha256": "460c255170e23bbdff5933457b8061e5882fc02375907d41edb2da69e70f7b10", "stdout_bytes": 314, "stderr_sha256": "e3b0c44298fc1c149afbf4c8996fb92427ae41e4649b934ca495991b7852b855", "stderr_bytes": 0}
--- stdout
{"action": "delivered", "attempt": 1, "class": "TERMINAL_RESULT", "episode_id": "brasileirao:episode-1", "result_file": "brasileirao/results/TASK-62edb3f3bdba689cc8f39b10441922b8.44c5f22192137163.json", "result_write": "WRITTEN", "status": "RESULT", "task_id": "brasileirao:TASK-62edb3f3bdba689cc8f39b10441922b8"}
--- end
{"n": 4, "domain": "brasileirao", "label": "ingest 1", "at": "2026-09-28T15:08:54Z", "seconds": 0.112, "argv": ["/home/superleo13/predictors/runtime/integration-brasileirao/priv/run-20260928T145525Z-br12/cain-venv/bin/cain", "research", "ingest", "--domain", "brasileirao", "--state", "/home/superleo13/predictors/runtime/integration-brasileirao/priv/run-20260928T145525Z-br12/failure-matrix/F13/cain-state", "--spool", "/home/superleo13/predictors/runtime/integration-brasileirao/priv/run-20260928T145525Z-br12/failure-matrix/F13/spool"], "fault_env": {}, "exit": 0, "stdout_sha256": "4504b18c64f957a775d83b5930e28373bc85408f1fc53de8e64091d425f340e3", "stdout_bytes": 255, "stderr_sha256": "e3b0c44298fc1c149afbf4c8996fb92427ae41e4649b934ca495991b7852b855", "stderr_bytes": 0}
--- stdout
{"action": "ingested", "class": "TERMINAL_RESULT", "fact": "fact:76f88236c63f429a9a2eab351c4acc58", "file": "TASK-62edb3f3bdba689cc8f39b10441922b8.44c5f22192137163.json", "status": "RESULT", "task_id": "brasileirao:TASK-62edb3f3bdba689cc8f39b10441922b8"}
--- end
{"n": 5, "domain": "brasileirao", "label": "tamper other-episode", "at": "2026-09-28T15:08:54Z", "seconds": 0.042, "argv": ["/home/superleo13/predictors/runtime/integration-brasileirao/priv/run-20260928T145525Z-br12/cain-venv/bin/python", "-I", "/home/superleo13/predictors/runtime/integration-brasileirao/priv/run-20260928T145525Z-br12/failure-matrix/F13/tamper.py", "other-episode", "/home/superleo13/predictors/runtime/integration-brasileirao/priv/run-20260928T145525Z-br12/failure-matrix/F13/spool/brasileirao/tasks/TASK-62edb3f3bdba689cc8f39b10441922b8.json", "/home/superleo13/predictors/runtime/integration-brasileirao/priv/run-20260928T145525Z-br12/failure-matrix/F13/spool/brasileirao/results/TASK-62edb3f3bdba689cc8f39b10441922b8.44c5f22192137163.json", "/home/superleo13/predictors/runtime/integration-brasileirao/priv/run-20260928T145525Z-br12/failure-matrix/F13/spool/brasileirao/results/other-episode.json"], "fault_env": {}, "exit": 0, "stdout_sha256": "43d5ac9f5b08b9e36c7fbb560f49993f7658606eefb2bcfab35b8ecd61c0ec3c", "stdout_bytes": 43, "stderr_sha256": "e3b0c44298fc1c149afbf4c8996fb92427ae41e4649b934ca495991b7852b855", "stderr_bytes": 0}
--- stdout
{"mode": "other-episode", "bytes": 124482}
--- end
{"effective_proposal": "/home/superleo13/predictors/runtime/integration-brasileirao/priv/run-20260928T145525Z-br12/failure-matrix/F13/proposals/stocks-01.json", "template": "integration-stocks/fixtures/proposals/e2e/01-allow.json", "sha256": "39d76d5e06b9e177f5b0ea74101e0f7a87d342963e7524f1556717bc0ee0a35c", "changes": []}
{"n": 6, "domain": "crypto", "label": "crypto: propose real", "at": "2026-09-28T15:08:54Z", "seconds": 0.092, "argv": ["/home/superleo13/predictors/runtime/integration-brasileirao/priv/run-20260928T145525Z-br12/cain-venv/bin/cain", "research", "propose", "--domain", "crypto", "--state", "/home/superleo13/predictors/runtime/integration-brasileirao/priv/run-20260928T145525Z-br12/failure-matrix/F13/cain-state", "--proposal", "/home/superleo13/predictors/work/integration-brasileirao-evidence/qualification/integration-crypto/fixtures/proposals/e2e/01-allow.json", "--as-of", "2026-09-28T15:08:54Z"], "fault_env": {}, "exit": 0, "stdout_sha256": "b88f148387af938d3ac5b077fb11f47a404b9410e910ee6cf0c3c4875c591c62", "stdout_bytes": 386, "stderr_sha256": "e3b0c44298fc1c149afbf4c8996fb92427ae41e4649b934ca495991b7852b855", "stderr_bytes": 0}
--- stdout
{"decision": "ALLOW", "episode_id": "crypto:episode-1", "reason_code": "ALLOWED", "receipt_sha256": "f0560f86de62c39dff192cb8e6172d4ac6028d84f5bc8dcf5770d93e4c86bab4", "rule": "R14", "status": "RECORDED", "task": {"payload_sha256": "5fe20eb7b93d743530485cae313699a24e6bde31926371024ff20b8d3ef89beb", "previous_task_id": null, "task_id": "crypto:TASK-02bf95b3940c9a226f8a9ae2a37a11a3"}}
--- end
{"n": 7, "domain": "crypto", "label": "crypto: dispatch", "at": "2026-09-28T15:08:55Z", "seconds": 0.094, "argv": ["/home/superleo13/predictors/runtime/integration-brasileirao/priv/run-20260928T145525Z-br12/cain-venv/bin/cain", "research", "dispatch", "--domain", "crypto", "--state", "/home/superleo13/predictors/runtime/integration-brasileirao/priv/run-20260928T145525Z-br12/failure-matrix/F13/cain-state", "--spool", "/home/superleo13/predictors/runtime/integration-brasileirao/priv/run-20260928T145525Z-br12/failure-matrix/F13/spool"], "fault_env": {}, "exit": 0, "stdout_sha256": "bc61f88a021d22cee302c6bc655c9eba871612efac89ceb2b7aecd125b582b9c", "stdout_bytes": 171, "stderr_sha256": "e3b0c44298fc1c149afbf4c8996fb92427ae41e4649b934ca495991b7852b855", "stderr_bytes": 0}
--- stdout
{"action": "dispatched", "file": "crypto/tasks/TASK-02bf95b3940c9a226f8a9ae2a37a11a3.json", "spool": "WRITTEN", "task_id": "crypto:TASK-02bf95b3940c9a226f8a9ae2a37a11a3"}
--- end
{"n": 8, "domain": "crypto", "label": "crypto: consumer", "at": "2026-09-28T15:08:55Z", "seconds": 0.455, "argv": ["/home/superleo13/predictors/runtime/integration-brasileirao/priv/run-20260928T145525Z-br12/crypto-venv/bin/predictor-research-consumer", "--domain", "crypto", "--spool", "/home/superleo13/predictors/runtime/integration-brasileirao/priv/run-20260928T145525Z-br12/failure-matrix/F13/spool", "--ledger", "/home/superleo13/predictors/runtime/integration-brasileirao/priv/run-20260928T145525Z-br12/failure-matrix/F13/consumer-crypto/ledger.sqlite", "--state", "/home/superleo13/predictors/runtime/integration-brasileirao/priv/run-20260928T145525Z-br12/failure-matrix/F13/domain-state-crypto", "--policy", "/home/superleo13/predictors/runtime/integration-brasileirao/priv/run-20260928T145525Z-br12/crypto-op/policy.json", "--objects", "/home/superleo13/predictors/runtime/integration-brasileirao/priv/run-20260928T145525Z-br12/crypto-op/objects"], "fault_env": {}, "exit": 0, "stdout_sha256": "09cfbb25a50bb10422765088b7430d7e5a0e2f48d19d1e2714be7f4bb37c0017", "stdout_bytes": 299, "stderr_sha256": "11898c0b612821caba84c4daf58afcc79099c18efe5d2c415591d306d2bd7b37", "stderr_bytes": 262}
--- stdout
{"action": "delivered", "attempt": 1, "class": "TERMINAL_RESULT", "episode_id": "crypto:episode-1", "result_file": "crypto/results/TASK-02bf95b3940c9a226f8a9ae2a37a11a3.fb067087eaf4196a.json", "result_write": "WRITTEN", "status": "RESULT", "task_id": "crypto:TASK-02bf95b3940c9a226f8a9ae2a37a11a3"}
--- end
{"n": 9, "domain": "crypto", "label": "crypto: ingest", "at": "2026-09-28T15:08:55Z", "seconds": 0.098, "argv": ["/home/superleo13/predictors/runtime/integration-brasileirao/priv/run-20260928T145525Z-br12/cain-venv/bin/cain", "research", "ingest", "--domain", "crypto", "--state", "/home/superleo13/predictors/runtime/integration-brasileirao/priv/run-20260928T145525Z-br12/failure-matrix/F13/cain-state", "--spool", "/home/superleo13/predictors/runtime/integration-brasileirao/priv/run-20260928T145525Z-br12/failure-matrix/F13/spool"], "fault_env": {}, "exit": 0, "stdout_sha256": "7a96643cffcd7ab11e013361ffc87a4d03b453eb6ab5a1c04af62213e08c4dd3", "stdout_bytes": 250, "stderr_sha256": "e3b0c44298fc1c149afbf4c8996fb92427ae41e4649b934ca495991b7852b855", "stderr_bytes": 0}
--- stdout
{"action": "ingested", "class": "TERMINAL_RESULT", "fact": "fact:f311560a8c054490b17a1affc1dcba54", "file": "TASK-02bf95b3940c9a226f8a9ae2a37a11a3.fb067087eaf4196a.json", "status": "RESULT", "task_id": "crypto:TASK-02bf95b3940c9a226f8a9ae2a37a11a3"}
--- end
{"n": 10, "domain": "stocks", "label": "stocks: propose real", "at": "2026-09-28T15:08:55Z", "seconds": 0.092, "argv": ["/home/superleo13/predictors/runtime/integration-brasileirao/priv/run-20260928T145525Z-br12/cain-venv/bin/cain", "research", "propose", "--domain", "stocks", "--state", "/home/superleo13/predictors/runtime/integration-brasileirao/priv/run-20260928T145525Z-br12/failure-matrix/F13/cain-state", "--proposal", "/home/superleo13/predictors/runtime/integration-brasileirao/priv/run-20260928T145525Z-br12/failure-matrix/F13/proposals/stocks-01.json", "--as-of", "2026-09-28T15:08:55Z"], "fault_env": {}, "exit": 0, "stdout_sha256": "d1cfcf71e86d6fbddd9d8f50d82db7cfc000326ca9b4da7923986d6d20fe9254", "stdout_bytes": 386, "stderr_sha256": "e3b0c44298fc1c149afbf4c8996fb92427ae41e4649b934ca495991b7852b855", "stderr_bytes": 0}
--- stdout
{"decision": "ALLOW", "episode_id": "stocks:episode-1", "reason_code": "ALLOWED", "receipt_sha256": "e459af6c265cc4b8d009911ab5b845a81b130c849b04fd64069d4dc39751d3ba", "rule": "R14", "status": "RECORDED", "task": {"payload_sha256": "0b87097255a398a305a3a54735ebc3bad25bfd27b179d453d3f1db299c05cad5", "previous_task_id": null, "task_id": "stocks:TASK-d6efe57849ec5f14547af45741a1b754"}}
--- end
{"n": 11, "domain": "stocks", "label": "stocks: dispatch", "at": "2026-09-28T15:08:55Z", "seconds": 0.099, "argv": ["/home/superleo13/predictors/runtime/integration-brasileirao/priv/run-20260928T145525Z-br12/cain-venv/bin/cain", "research", "dispatch", "--domain", "stocks", "--state", "/home/superleo13/predictors/runtime/integration-brasileirao/priv/run-20260928T145525Z-br12/failure-matrix/F13/cain-state", "--spool", "/home/superleo13/predictors/runtime/integration-brasileirao/priv/run-20260928T145525Z-br12/failure-matrix/F13/spool"], "fault_env": {}, "exit": 0, "stdout_sha256": "a7325cb0580d2d125ffb0af6f1d3ff0a450bf81e296c30ecc67aa7636311785b", "stdout_bytes": 171, "stderr_sha256": "e3b0c44298fc1c149afbf4c8996fb92427ae41e4649b934ca495991b7852b855", "stderr_bytes": 0}
--- stdout
{"action": "dispatched", "file": "stocks/tasks/TASK-d6efe57849ec5f14547af45741a1b754.json", "spool": "WRITTEN", "task_id": "stocks:TASK-d6efe57849ec5f14547af45741a1b754"}
--- end
{"n": 12, "domain": "stocks", "label": "stocks: consumer", "at": "2026-09-28T15:09:01Z", "seconds": 5.515, "argv": ["/home/superleo13/predictors/runtime/integration-brasileirao/priv/run-20260928T145525Z-br12/stocks-venv/bin/predictor-research-consumer", "--domain", "stocks", "--spool", "/home/superleo13/predictors/runtime/integration-brasileirao/priv/run-20260928T145525Z-br12/failure-matrix/F13/spool", "--ledger", "/home/superleo13/predictors/runtime/integration-brasileirao/priv/run-20260928T145525Z-br12/failure-matrix/F13/consumer-stocks/ledger.sqlite", "--state", "/home/superleo13/predictors/runtime/integration-brasileirao/priv/run-20260928T145525Z-br12/failure-matrix/F13/domain-state-stocks", "--policy", "/home/superleo13/predictors/runtime/integration-brasileirao/priv/run-20260928T145525Z-br12/stocks-op/policy.json", "--objects", "/home/superleo13/predictors/runtime/integration-brasileirao/priv/run-20260928T145525Z-br12/stocks-op/objects"], "fault_env": {}, "exit": 0, "stdout_sha256": "a8bb4f0ffe7e59b6e87cda3f792d8caf928ae6d26152f57959342d7022f99889", "stdout_bytes": 299, "stderr_sha256": "1e995d2062073e1e3c221ffe2eb8b238309e1c1ea6dd232d0e4f8824fc518013", "stderr_bytes": 263}
--- stdout
{"action": "delivered", "attempt": 1, "class": "TERMINAL_RESULT", "episode_id": "stocks:episode-1", "result_file": "stocks/results/TASK-d6efe57849ec5f14547af45741a1b754.621820db27b33395.json", "result_write": "WRITTEN", "status": "RESULT", "task_id": "stocks:TASK-d6efe57849ec5f14547af45741a1b754"}
--- end
{"n": 13, "domain": "stocks", "label": "stocks: ingest", "at": "2026-09-28T15:09:01Z", "seconds": 0.105, "argv": ["/home/superleo13/predictors/runtime/integration-brasileirao/priv/run-20260928T145525Z-br12/cain-venv/bin/cain", "research", "ingest", "--domain", "stocks", "--state", "/home/superleo13/predictors/runtime/integration-brasileirao/priv/run-20260928T145525Z-br12/failure-matrix/F13/cain-state", "--spool", "/home/superleo13/predictors/runtime/integration-brasileirao/priv/run-20260928T145525Z-br12/failure-matrix/F13/spool"], "fault_env": {}, "exit": 0, "stdout_sha256": "52ed1153ded8b461a6c568a8c6dd1a07c4bd422d9651dae825526c071750f380", "stdout_bytes": 250, "stderr_sha256": "e3b0c44298fc1c149afbf4c8996fb92427ae41e4649b934ca495991b7852b855", "stderr_bytes": 0}
--- stdout
{"action": "ingested", "class": "TERMINAL_RESULT", "fact": "fact:dd125915f26d46988307e50c498aff58", "file": "TASK-d6efe57849ec5f14547af45741a1b754.621820db27b33395.json", "status": "RESULT", "task_id": "stocks:TASK-d6efe57849ec5f14547af45741a1b754"}
--- end
{"n": 14, "domain": "brasileirao", "label": "ingest wrong tasks", "at": "2026-09-28T15:09:01Z", "seconds": 0.113, "argv": ["/home/superleo13/predictors/runtime/integration-brasileirao/priv/run-20260928T145525Z-br12/cain-venv/bin/cain", "research", "ingest", "--domain", "brasileirao", "--state", "/home/superleo13/predictors/runtime/integration-brasileirao/priv/run-20260928T145525Z-br12/failure-matrix/F13/cain-state", "--spool", "/home/superleo13/predictors/runtime/integration-brasileirao/priv/run-20260928T145525Z-br12/failure-matrix/F13/spool"], "fault_env": {}, "exit": 2, "stdout_sha256": "14d67b7ecc1a998cd8e0d75aeceb14b254e6a719c927f42860a796ba5f0f005a", "stdout_bytes": 650, "stderr_sha256": "e3b0c44298fc1c149afbf4c8996fb92427ae41e4649b934ca495991b7852b855", "stderr_bytes": 0}
--- stdout
{"action": "duplicate", "file": "TASK-62edb3f3bdba689cc8f39b10441922b8.44c5f22192137163.json"}
{"action": "rejected", "code": "TASK_NOT_FOUND", "file": "brasileirao-h9.json", "reason": "brasileirao:TASK-a217b64758a0bb915918e79a09d87ac7 was not emitted by this CAIN"}
{"action": "rejected", "code": "DOMAIN_MISMATCH", "file": "crypto-real.json", "reason": "result of domain crypto"}
{"action": "rejected", "code": "CORRELATION_MISMATCH", "file": "other-episode.json", "reason": "CORRELATION_MISMATCH: episode_id differs from the task"}
{"action": "rejected", "code": "DOMAIN_MISMATCH", "file": "stocks-real.json", "reason": "result of domain stocks"}
--- end
{"n": 15, "domain": "brasileirao", "label": "nothing ingested", "at": "2026-09-28T15:09:01Z", "seconds": 0.086, "argv": ["/home/superleo13/predictors/runtime/integration-brasileirao/priv/run-20260928T145525Z-br12/cain-venv/bin/cain", "research", "episodes", "--domain", "brasileirao", "--state", "/home/superleo13/predictors/runtime/integration-brasileirao/priv/run-20260928T145525Z-br12/failure-matrix/F13/cain-state"], "fault_env": {}, "exit": 0, "stdout_sha256": "69b22222aa21dd03cbad8a8b1675e62528a5058246ba361f033603a9c83d3ed4", "stdout_bytes": 1218, "stderr_sha256": "e3b0c44298fc1c149afbf4c8996fb92427ae41e4649b934ca495991b7852b855", "stderr_bytes": 0}
--- stdout
{"domain": "brasileirao", "episodes": [{"as_of": "2026-09-28T15:08:51Z", "decision": "ALLOW", "number": 1, "outbox": {"dispatches": 1, "retries_requested": 0, "status": "PUBLISHED", "task_id": "brasileirao:TASK-62edb3f3bdba689cc8f39b10441922b8"}, "proposal_id": "cain:IB-FM-F13-1", "reason_code": "ALLOWED", "receipt_sha256": "80a84f6f5dd3cf8f5b9039624017536fda383ffe3c671bcd9cfdd3e129f718a6", "source": "operator", "task_id": "brasileirao:TASK-62edb3f3bdba689cc8f39b10441922b8"}], "inbox": [{"class": "TERMINAL_RESULT", "fact_id": "fact:76f88236c63f429a9a2eab351c4acc58", "payload_sha256": "c9b5856a3d495bd7b4de44537a6543d2ebe2b8f726d69dd3ab4152c53cae6d20", "status": "RESULT", "task_id": "brasileirao:TASK-62edb3f3bdba689cc8f39b10441922b8"}], "memory": {"broken_at": null, "entries": 3, "head": "72eb700ee977e7cfddadfc9452e4f52da4ed2243a4befcac5b92df58f6f6299c", "head_recorded_at": "2026-09-28T15:09:01.382771Z", "projection": "consistent", "status": "intact"}, "rejections": [{"code": "TASK_NOT_FOUND", "file": "brasileirao-h9.json"}, {"code": "DOMAIN_MISMATCH", "file": "crypto-real.json"}, {"code": "CORRELATION_MISMATCH", "file": "other-episode.json"}, {"code": "DOMAIN_MISMATCH", "file": "stocks-real.json"}]}
--- end
