============================= test session starts ==============================
platform linux -- Python 3.13.14, pytest-9.1.1, pluggy-1.6.0
rootdir: /tmp/tmp.kNr0tLe1IX/tree
configfile: pytest.ini
collected 2312 items / 2 errors / 30 deselected / 2282 selected

==================================== ERRORS ====================================
_______________ ERROR collecting tests/test_hostil_2026_07_18.py _______________
tests/test_hostil_2026_07_18.py:31: in <module>
    spec.loader.exec_module(sombra)
<frozen importlib._bootstrap_external>:1019: in exec_module
    ???
<frozen importlib._bootstrap_external>:1156: in get_code
    ???
<frozen importlib._bootstrap_external>:1214: in get_data
    ???
E   FileNotFoundError: [Errno 2] No such file or directory: '/tmp/tmp.kNr0tLe1IX/tree/brasileirao_scripts/sombra.py'
___________________ ERROR collecting tests/test_sombra_h5.py ___________________
tests/test_sombra_h5.py:16: in <module>
    spec.loader.exec_module(sombra)
<frozen importlib._bootstrap_external>:1019: in exec_module
    ???
<frozen importlib._bootstrap_external>:1156: in get_code
    ???
<frozen importlib._bootstrap_external>:1214: in get_data
    ???
E   FileNotFoundError: [Errno 2] No such file or directory: '/tmp/tmp.kNr0tLe1IX/tree/brasileirao_scripts/sombra.py'
- generated xml file: /home/runner/work/_temp/out/linux-primary/full_suite.junit.xml -
=========================== short test summary info ============================
ERROR tests/test_hostil_2026_07_18.py - FileNotFoundError: [Errno 2] No such file or directory: '/tmp/tmp.kNr0tLe1IX/tree/brasileirao_scripts/sombra.py'
ERROR tests/test_sombra_h5.py - FileNotFoundError: [Errno 2] No such file or directory: '/tmp/tmp.kNr0tLe1IX/tree/brasileirao_scripts/sombra.py'
!!!!!!!!!!!!!!!!!!! Interrupted: 2 errors during collection !!!!!!!!!!!!!!!!!!!!
======================= 30 deselected, 2 errors in 2.75s =======================
[exit 2]
