{"n": 1, "label": "propose 1", "at": "2026-10-07T22:35:14Z", "seconds": 0.146, "argv": ["/home/runner/work/_temp/work/rt/cain-venv/bin/cain", "research", "propose", "--domain", "crypto", "--state", "/home/runner/work/_temp/work/failures/F02/cain-state", "--proposal", "/home/runner/work/_temp/work/failures/F02/proposals/1.json", "--as-of", "2026-10-07T22:35:13Z"], "fault_env": {}, "exit": 0}
--- stdout
{"decision": "ALLOW", "episode_id": "crypto:episode-1", "reason_code": "ALLOWED", "receipt_sha256": "789fc7a4cac6f8dac4ce88d476ece9c412f053f347fb1b6a05be4d5f49c16dbd", "rule": "R14", "status": "RECORDED", "task": {"payload_sha256": "6fb99ad75c4593ed524fe32f73864f2b310af10418de69505fe32bb9fd2978b8", "previous_task_id": null, "task_id": "crypto:TASK-1ad58274042746ffd3513960f89476c7"}}
--- stderr
--- end
{"n": 2, "label": "dispatch (fault)", "at": "2026-10-07T22:35:14Z", "seconds": 0.101, "argv": ["/home/runner/work/_temp/work/rt/cain-venv/bin/cain", "research", "dispatch", "--domain", "crypto", "--state", "/home/runner/work/_temp/work/failures/F02/cain-state", "--spool", "/home/runner/work/_temp/work/failures/F02/spool"], "fault_env": {"CAIN_ORCHESTRATION_FAULT": "after_spool_write_before_ack"}, "exit": 86}
--- stdout
--- stderr
--- end
{"n": 3, "label": "dispatch after restart", "at": "2026-10-07T22:35:14Z", "seconds": 0.114, "argv": ["/home/runner/work/_temp/work/rt/cain-venv/bin/cain", "research", "dispatch", "--domain", "crypto", "--state", "/home/runner/work/_temp/work/failures/F02/cain-state", "--spool", "/home/runner/work/_temp/work/failures/F02/spool"], "fault_env": {}, "exit": 0}
--- stdout
{"action": "dispatched", "file": "crypto/tasks/TASK-1ad58274042746ffd3513960f89476c7.json", "spool": "EXISTS", "task_id": "crypto:TASK-1ad58274042746ffd3513960f89476c7"}
--- stderr
--- end
{"n": 4, "label": "consumer", "at": "2026-10-07T22:35:14Z", "seconds": 0.451, "argv": ["/home/runner/work/_temp/work/rt/consumer-venv/bin/predictor-research-consumer", "--domain", "crypto", "--spool", "/home/runner/work/_temp/work/failures/F02/spool", "--ledger", "/home/runner/work/_temp/work/failures/F02/consumer/ledger.sqlite", "--state", "/home/runner/work/_temp/work/failures/F02/domain-state", "--policy", "/home/runner/work/_temp/work/rt/op/policy.json", "--objects", "/home/runner/work/_temp/work/rt/op/objects"], "fault_env": {}, "exit": 0}
--- stdout
{"action": "delivered", "attempt": 1, "class": "TERMINAL_RESULT", "episode_id": "crypto:episode-1", "result_file": "crypto/results/TASK-1ad58274042746ffd3513960f89476c7.12afcac2e4f16ca8.json", "result_write": "WRITTEN", "status": "RESULT", "task_id": "crypto:TASK-1ad58274042746ffd3513960f89476c7"}
--- stderr
{"duration_ms": 207, "event": "job_finished", "job_id": "crypto-research-8e6fbe772dc17a35d0a52d39", "level": "INFO", "run_id": "dbbabab53fd448c5a9666a945b132d04", "run_status": "SUCCEEDED", "service": "predictor_ops", "timestamp": "2026-10-07T22:35:14.695393Z"}
--- end
{"n": 5, "label": "ingest", "at": "2026-10-07T22:35:14Z", "seconds": 0.124, "argv": ["/home/runner/work/_temp/work/rt/cain-venv/bin/cain", "research", "ingest", "--domain", "crypto", "--state", "/home/runner/work/_temp/work/failures/F02/cain-state", "--spool", "/home/runner/work/_temp/work/failures/F02/spool"], "fault_env": {}, "exit": 0}
--- stdout
{"action": "ingested", "class": "TERMINAL_RESULT", "fact": "fact:23665090c471413699c72f78acbfc458", "file": "TASK-1ad58274042746ffd3513960f89476c7.12afcac2e4f16ca8.json", "status": "RESULT", "task_id": "crypto:TASK-1ad58274042746ffd3513960f89476c7"}
--- stderr
--- end
{"n": 6, "label": "domain saw one request", "at": "2026-10-07T22:35:14Z", "seconds": 0.116, "argv": ["/home/runner/work/_temp/work/rt/cain-venv/bin/cain", "research", "episodes", "--domain", "crypto", "--state", "/home/runner/work/_temp/work/failures/F02/cain-state"], "fault_env": {}, "exit": 0}
--- stdout
{"domain": "crypto", "episodes": [{"as_of": "2026-10-07T22:35:13Z", "decision": "ALLOW", "number": 1, "outbox": {"dispatches": 1, "retries_requested": 0, "status": "PUBLISHED", "task_id": "crypto:TASK-1ad58274042746ffd3513960f89476c7"}, "proposal_id": "cain:FM-F02-1", "reason_code": "ALLOWED", "receipt_sha256": "789fc7a4cac6f8dac4ce88d476ece9c412f053f347fb1b6a05be4d5f49c16dbd", "source": "operator", "task_id": "crypto:TASK-1ad58274042746ffd3513960f89476c7"}], "inbox": [{"class": "TERMINAL_RESULT", "fact_id": "fact:23665090c471413699c72f78acbfc458", "payload_sha256": "cbef6b66309e8145eebb2d9a11061e3209db60e33be0cf95caf3951ab11aa3ea", "status": "RESULT", "task_id": "crypto:TASK-1ad58274042746ffd3513960f89476c7"}], "memory": {"broken_at": null, "cube": "crypto", "facts": 1, "log": "shared across domains", "projection": "consistent", "status": "intact"}, "rejections": []}
--- stderr
--- end
