usage: cripto-research [-h] --state STATE
                       {process,run,show,reconcile,backup,restore,put-object} ...

`cripto-research`: composition root of the crypto research circuit (file
requests).

positional arguments:
  {process,run,show,reconcile,backup,restore,put-object}

options:
  -h, --help            show this help message and exit
  --state STATE

{
 "script": "cripto-research",
 "argv": [
  "--help"
 ],
 "exit": 0,
 "origins": {
  "predictor_core": "C:\\q\\tmp.PfU4F0014V\\venv\\Lib\\site-packages\\predictor_core\\__init__.py",
  "predictor_ops": "C:\\q\\tmp.PfU4F0014V\\venv\\Lib\\site-packages\\predictor_ops\\__init__.py",
  "GarimpoInvestimentos": "C:\\q\\tmp.PfU4F0014V\\venv\\Lib\\site-packages\\GarimpoInvestimentos\\__init__.py"
 },
 "research_components_loaded": [
  "GarimpoInvestimentos.research_admission",
  "GarimpoInvestimentos.research_contract",
  "GarimpoInvestimentos.research_execution",
  "GarimpoInvestimentos.research_faults",
  "GarimpoInvestimentos.research_results",
  "GarimpoInvestimentos.research_runner"
 ],
 "modules": [
  "GarimpoInvestimentos",
  "GarimpoInvestimentos.durable_io",
  "GarimpoInvestimentos.research_admission",
  "GarimpoInvestimentos.research_contract",
  "GarimpoInvestimentos.research_execution",
  "GarimpoInvestimentos.research_faults",
  "GarimpoInvestimentos.research_results",
  "GarimpoInvestimentos.research_runner",
  "predictor_core",
  "predictor_core.contracts",
  "predictor_core.contracts.trial_v2",
  "predictor_ops",
  "predictor_ops.models",
  "predictor_ops.observability",
  "predictor_ops.operations",
  "predictor_ops.provenance",
  "predictor_ops.redaction",
  "predictor_ops.runner",
  "predictor_ops.runtime"
 ]
}
{"version": "1.2.0rc2", "status": "NOT_PROBED", "modes": ["ingest", "analyze", "history", "migrate-history", "research"], "capital_permission": false}

{
 "script": "cripto-predictor",
 "argv": [
  "status"
 ],
 "exit": 0,
 "origins": {
  "GarimpoInvestimentos": "C:\\q\\tmp.PfU4F0014V\\venv\\Lib\\site-packages\\GarimpoInvestimentos\\__init__.py"
 },
 "research_components_loaded": [],
 "modules": [
  "GarimpoInvestimentos",
  "GarimpoInvestimentos.cli",
  "GarimpoInvestimentos.local_runtime"
 ]
}
usage: cripto-predictor-job [-h] [--timeout TIMEOUT]
                            {phase1,backtest,watchdog,v3-daily,observation-daily,observation-live,microstructure-live,attest-renew,backup,quality-snapshot,discover,external-coinmetrics}

Run cripto-predictor jobs via predictor_ops

positional arguments:
  {phase1,backtest,watchdog,v3-daily,observation-daily,observation-live,microstructure-live,attest-renew,backup,quality-snapshot,discover,external-coinmetrics}

options:
  -h, --help            show this help message and exit
  --timeout TIMEOUT

{
 "script": "cripto-predictor-job",
 "argv": [
  "--help"
 ],
 "exit": 0,
 "origins": {
  "predictor_core": "C:\\q\\tmp.PfU4F0014V\\venv\\Lib\\site-packages\\predictor_core\\__init__.py",
  "predictor_ops": "C:\\q\\tmp.PfU4F0014V\\venv\\Lib\\site-packages\\predictor_ops\\__init__.py",
  "GarimpoInvestimentos": "C:\\q\\tmp.PfU4F0014V\\venv\\Lib\\site-packages\\GarimpoInvestimentos\\__init__.py"
 },
 "research_components_loaded": [],
 "modules": [
  "GarimpoInvestimentos",
  "GarimpoInvestimentos.core",
  "GarimpoInvestimentos.core.paths",
  "GarimpoInvestimentos.external_intelligence",
  "GarimpoInvestimentos.external_intelligence.__main__",
  "GarimpoInvestimentos.external_intelligence.context",
  "GarimpoInvestimentos.external_intelligence.contracts",
  "GarimpoInvestimentos.external_intelligence.providers",
  "GarimpoInvestimentos.external_intelligence.providers.coinmetrics",
  "GarimpoInvestimentos.external_intelligence.providers.common",
  "GarimpoInvestimentos.external_intelligence.providers.nansen",
  "GarimpoInvestimentos.external_intelligence.providers.santiment",
  "GarimpoInvestimentos.external_intelligence.store",
  "GarimpoInvestimentos.jobs",
  "GarimpoInvestimentos.local_runtime",
  "predictor_core",
  "predictor_core.kernel",
  "predictor_core.kernel.infra",
  "predictor_core.kernel.net",
  "predictor_ops",
  "predictor_ops.models",
  "predictor_ops.observability",
  "predictor_ops.operations",
  "predictor_ops.provenance",
  "predictor_ops.redaction",
  "predictor_ops.runner",
  "predictor_ops.runtime"
 ]
}
