Exception in thread Thread-1 (_readerthread):
Traceback (most recent call last):
  File "C:\QUALIFICACAO\tools\python\cpython-3.13-windows-x86_64-none\Lib\threading.py", line 1044, in _bootstrap_inner
    self.run()
    ~~~~~~~~^^
  File "C:\QUALIFICACAO\tools\python\cpython-3.13-windows-x86_64-none\Lib\threading.py", line 995, in run
    self._target(*self._args, **self._kwargs)
    ~~~~~~~~~~~~^^^^^^^^^^^^^^^^^^^^^^^^^^^^^
  File "C:\QUALIFICACAO\tools\python\cpython-3.13-windows-x86_64-none\Lib\subprocess.py", line 1615, in _readerthread
    buffer.append(fh.read())
                  ~~~~~~~^^
  File "<frozen codecs>", line 325, in decode
UnicodeDecodeError: 'utf-8' codec can't decode byte 0x80 in position 7: invalid start byte
Traceback (most recent call last):
  File "C:\QUALIFICACAO\predictor-qualification\qualification\crypto\scripts\ops_timeout_probe.py", line 118, in <module>
    main()
    ~~~~^^
  File "C:\QUALIFICACAO\predictor-qualification\qualification\crypto\scripts\ops_timeout_probe.py", line 106, in main
    s.update({"child_pid": child_pid, "child_alive_after": alive(child_pid) if child_pid else None,
                                                           ~~~~~^^^^^^^^^^^
  File "C:\QUALIFICACAO\predictor-qualification\qualification\crypto\scripts\ops_timeout_probe.py", line 38, in alive
    return str(pid) in out
           ^^^^^^^^^^^^^^^
TypeError: argument of type 'NoneType' is not iterable
Exception in thread Thread-1 (_readerthread):
Traceback (most recent call last):
  File "C:\QUALIFICACAO\tools\python\cpython-3.13-windows-x86_64-none\Lib\threading.py", line 1044, in _bootstrap_inner
    self.run()
    ~~~~~~~~^^
  File "C:\QUALIFICACAO\tools\python\cpython-3.13-windows-x86_64-none\Lib\threading.py", line 995, in run
    self._target(*self._args, **self._kwargs)
    ~~~~~~~~~~~~^^^^^^^^^^^^^^^^^^^^^^^^^^^^^
  File "C:\QUALIFICACAO\tools\python\cpython-3.13-windows-x86_64-none\Lib\subprocess.py", line 1615, in _readerthread
    buffer.append(fh.read())
                  ~~~~~~~^^
  File "<frozen codecs>", line 325, in decode
UnicodeDecodeError: 'utf-8' codec can't decode byte 0x80 in position 7: invalid start byte
Traceback (most recent call last):
  File "C:\QUALIFICACAO\predictor-qualification\qualification\crypto\scripts\ops_timeout_probe.py", line 118, in <module>
    main()
    ~~~~^^
  File "C:\QUALIFICACAO\predictor-qualification\qualification\crypto\scripts\ops_timeout_probe.py", line 106, in main
    s.update({"child_pid": child_pid, "child_alive_after": alive(child_pid) if child_pid else None,
                                                           ~~~~~^^^^^^^^^^^
  File "C:\QUALIFICACAO\predictor-qualification\qualification\crypto\scripts\ops_timeout_probe.py", line 38, in alive
    return str(pid) in out
           ^^^^^^^^^^^^^^^
TypeError: argument of type 'NoneType' is not iterable
Exception in thread Thread-1 (_readerthread):
Traceback (most recent call last):
  File "C:\QUALIFICACAO\tools\python\cpython-3.13-windows-x86_64-none\Lib\threading.py", line 1044, in _bootstrap_inner
    self.run()
    ~~~~~~~~^^
  File "C:\QUALIFICACAO\tools\python\cpython-3.13-windows-x86_64-none\Lib\threading.py", line 995, in run
    self._target(*self._args, **self._kwargs)
    ~~~~~~~~~~~~^^^^^^^^^^^^^^^^^^^^^^^^^^^^^
  File "C:\QUALIFICACAO\tools\python\cpython-3.13-windows-x86_64-none\Lib\subprocess.py", line 1615, in _readerthread
    buffer.append(fh.read())
                  ~~~~~~~^^
  File "<frozen codecs>", line 325, in decode
UnicodeDecodeError: 'utf-8' codec can't decode byte 0x80 in position 7: invalid start byte
Traceback (most recent call last):
  File "C:\QUALIFICACAO\predictor-qualification\qualification\crypto\scripts\ops_timeout_probe.py", line 118, in <module>
    main()
    ~~~~^^
  File "C:\QUALIFICACAO\predictor-qualification\qualification\crypto\scripts\ops_timeout_probe.py", line 106, in main
    s.update({"child_pid": child_pid, "child_alive_after": alive(child_pid) if child_pid else None,
                                                           ~~~~~^^^^^^^^^^^
  File "C:\QUALIFICACAO\predictor-qualification\qualification\crypto\scripts\ops_timeout_probe.py", line 38, in alive
    return str(pid) in out
           ^^^^^^^^^^^^^^^
TypeError: argument of type 'NoneType' is not iterable
