run_at 2026-09-28T03:00:08Z
cain deccaaa0a0e2cb2b5f292614659eb4bf2e943e50:tools/hypothesis_sources.json blob=bc18a1742c288198b4ba32a92f127ce8e39ae6a7 sha256=a296531cdf8d2bb6b591ccf621fcbc36de157cfcc49a526e7c26cf7a346da0de
pin e540f97a47fc09d3d6e17f0e0e536634e06d4739
base 25cdf4d9bb309d33f066fbc6a379f5d98c69f08a
sources 22
SOURCE IGUAL sha256_declarado_na_base=OK pin_blob=b7650129951f56038bbef529c31381b58c2a263a base_blob=b7650129951f56038bbef529c31381b58c2a263a data/trials.json
SOURCE IGUAL sha256_declarado_na_base=OK pin_blob=74f3f1cce89f91d0b1e78f9ad8f2e149fcc969eb base_blob=74f3f1cce89f91d0b1e78f9ad8f2e149fcc969eb data/trials.v2.json
SOURCE IGUAL sha256_declarado_na_base=OK pin_blob=95d02e7731fd3d442cf6bb1a3d8a593df1a34a00 base_blob=95d02e7731fd3d442cf6bb1a3d8a593df1a34a00 docs/COMPARACAO_HIPOTESES_VS_ERROS_ATUAIS_2026-08-26.md
SOURCE IGUAL sha256_declarado_na_base=OK pin_blob=4bcf1657f7c41202696d603eeeb855045231d62b base_blob=4bcf1657f7c41202696d603eeeb855045231d62b docs/EVIDENCE_REGISTRY.md
SOURCE IGUAL sha256_declarado_na_base=OK pin_blob=2c0e7272ed65685c52ea1eb8ec1220a1ff4cab6d base_blob=2c0e7272ed65685c52ea1eb8ec1220a1ff4cab6d docs/PROJECT_LOGIC_REGISTER.md
SOURCE IGUAL sha256_declarado_na_base=OK pin_blob=32a517d499ed3bb56b8281f4eff157e0284e88cd base_blob=32a517d499ed3bb56b8281f4eff157e0284e88cd docs/PROTOCOL_DRAW_CALIBRATION_A10_2026-08-26.md
SOURCE IGUAL sha256_declarado_na_base=OK pin_blob=2ddf25b9f2f34e69609f5459f7203d0edc0d09f8 base_blob=2ddf25b9f2f34e69609f5459f7203d0edc0d09f8 docs/ROADMAP.md
SOURCE IGUAL sha256_declarado_na_base=OK pin_blob=952cfc7ffbb225f45e970c9941c15b9663cda8f1 base_blob=952cfc7ffbb225f45e970c9941c15b9663cda8f1 docs/experiments/LIVE_BACKTEST_ENGINE_BLOCKED.md
SOURCE IGUAL sha256_declarado_na_base=OK pin_blob=117785bcf77c2275d5eb52827cfe944fab7414bf base_blob=117785bcf77c2275d5eb52827cfe944fab7414bf docs/experiments/LIVE_FEASIBILITY_01.md
SOURCE IGUAL sha256_declarado_na_base=OK pin_blob=393c6062b9e74a20b58131b2f9c52ee4e84ecb08 base_blob=393c6062b9e74a20b58131b2f9c52ee4e84ecb08 docs/experiments/MARKET_02_1X2_PROTOCOL.md
SOURCE IGUAL sha256_declarado_na_base=OK pin_blob=2068721af6bad8ef692f631b661fe7cb3fe2ebc8 base_blob=2068721af6bad8ef692f631b661fe7cb3fe2ebc8 docs/experiments/MARKET_03_EDGE_ORDERING_PROTOCOL.md
SOURCE IGUAL sha256_declarado_na_base=OK pin_blob=73a2cf97ded44e044009769d96fbf91ade2dd80c base_blob=73a2cf97ded44e044009769d96fbf91ade2dd80c docs/experiments/MARKET_04_0B_RESOLUTION_PROTOCOL.md
SOURCE IGUAL sha256_declarado_na_base=OK pin_blob=b9000a99059a968c435083dd37f7d42dd5e9964c base_blob=b9000a99059a968c435083dd37f7d42dd5e9964c docs/experiments/MARKET_05_A1_COLLECTOR_SPEC.md
SOURCE IGUAL sha256_declarado_na_base=OK pin_blob=13d31400c38ccef1563323eeaecf5786426eb4d7 base_blob=13d31400c38ccef1563323eeaecf5786426eb4d7 docs/experiments/PIT_FEATURE_ARCHITECTURE_SCAFFOLD.md
SOURCE IGUAL sha256_declarado_na_base=OK pin_blob=cd5c38fd00002aac8ae2042a45c3ecf82289b176 base_blob=cd5c38fd00002aac8ae2042a45c3ecf82289b176 docs/experiments/PROMOTED_COLD_START_PROTOCOL.md
SOURCE IGUAL sha256_declarado_na_base=OK pin_blob=e0f49695f95bd5757f547fabc24445efc01ebcf7 base_blob=e0f49695f95bd5757f547fabc24445efc01ebcf7 docs/experiments/PROSPECTIVE_VALIDATION_SCAFFOLD.md
SOURCE IGUAL sha256_declarado_na_base=OK pin_blob=a01eaa25a7d00d8bee7f2bf5a963233dd71fc6e0 base_blob=a01eaa25a7d00d8bee7f2bf5a963233dd71fc6e0 docs/experiments/STRUCTURAL_EDGE_SHADOW_PROTOCOL.md
SOURCE IGUAL sha256_declarado_na_base=OK pin_blob=46eaae639cf6b656a0e47b1d1d3be6afb30c3065 base_blob=46eaae639cf6b656a0e47b1d1d3be6afb30c3065 docs/experiments/TRACK_A02_DYNAMIC_STRENGTH_PROTOCOL.md
SOURCE IGUAL sha256_declarado_na_base=OK pin_blob=1e5103105bbee42c68d071eb9e5bddeffa3eba14 base_blob=1e5103105bbee42c68d071eb9e5bddeffa3eba14 docs/open_source_research/OSR-20260911-01/G1_PROTOCOL.json
SOURCE IGUAL sha256_declarado_na_base=OK pin_blob=4cb101e53ebe168a165807d920d0e3cd1dbab767 base_blob=4cb101e53ebe168a165807d920d0e3cd1dbab767 docs/open_source_research/OSR-20260911-02/N05_PROTOCOL.json
SOURCE IGUAL sha256_declarado_na_base=OK pin_blob=0081b28d8739fb70308424df3b7ef6ac02f27833 base_blob=0081b28d8739fb70308424df3b7ef6ac02f27833 docs/open_source_research/OSR-20260911-02/PROTOCOL.json
SOURCE IGUAL sha256_declarado_na_base=OK pin_blob=887be3abfe390ae0b94bc2a317ccfa62ee342618 base_blob=887be3abfe390ae0b94bc2a317ccfa62ee342618 docs/open_source_research/OSR-20260911-03/PROTOCOL.json
iguais 22/22 sha256_ok 22/22
decisao pino equivalente: todas as fontes byte a byte iguais na base
exit=0
