runtime_env run_at=2026-09-28T03:42:16Z host=DESKTOP-EJPA2MT where=owner_linux (PC 2) uname=Linux 6.18.33.2-microsoft-standard-WSL2 x86_64
os=Ubuntu 24.04.5 LTS wsl=yes
uv=uv 0.12.18 (x86_64-unknown-linux-gnu) integrated=0 evidence_commit=c805219972ac62eea829f6bfac180483a6839fb1
provision_receipt_sha256=ee2a75d1b7901561daab27f197e3860c3f42db0221b320804a3bcdab8babb1a0
dataset source=31f30a4dcf33867d1f3aa3d12337a9a66047e6bff10b9a3fa86aae9ef06c9e43 copy=31f30a4dcf33867d1f3aa3d12337a9a66047e6bff10b9a3fa86aae9ef06c9e43 (antes)
cain 3e515fdcc6c15d193367e48a9ebd942d1aeba641 (git archive)
/home/superleo13/predictors/runtime/integration-brasileirao/priv/run-20260928T034216Z-br/wheels/cain_research-0.4.13rc9-py3-none-any.whl: OK
/home/superleo13/predictors/runtime/integration-brasileirao/priv/run-20260928T034216Z-br/wheels/cain_research-0.4.13rc9-py3-none-any.whl: OK
Using Python 3.13.15 environment at: runtime/integration-brasileirao/priv/run-20260928T034216Z-br/cain-venv
Checked 5 packages in 0.28ms
All installed packages are compatible
Using Python 3.13.15 environment at: runtime/integration-brasileirao/priv/run-20260928T034216Z-br/cain-venv
brasileirao-predictor 1fc2e8842977d6ec680546a3af288dda7a5d91a6 (git archive)
/home/superleo13/predictors/runtime/integration-brasileirao/priv/run-20260928T034216Z-br/wheels/brasileirao_predictor-0.3.0rc4-py3-none-any.whl: OK
/home/superleo13/predictors/runtime/integration-brasileirao/priv/run-20260928T034216Z-br/wheels/brasileirao_predictor-0.3.0rc4-py3-none-any.whl: OK
/home/superleo13/predictors/runtime/integration-brasileirao/priv/run-20260928T034216Z-br/wheels/predictor_research_transport-0.1.0rc5-py3-none-any.whl: OK
/home/superleo13/predictors/runtime/integration-brasileirao/priv/run-20260928T034216Z-br/wheels/predictor_research_transport-0.1.0rc5-py3-none-any.whl: OK
/home/superleo13/predictors/runtime/integration-brasileirao/priv/run-20260928T034216Z-br/wheels/predictor_research_protocol-2.0.0rc2-py3-none-any.whl: OK
/home/superleo13/predictors/runtime/integration-brasileirao/priv/run-20260928T034216Z-br/wheels/predictor_research_protocol-2.0.0rc2-py3-none-any.whl: OK
Using Python 3.13.15 environment at: runtime/integration-brasileirao/priv/run-20260928T034216Z-br/consumer-venv
Checked 29 packages in 0.42ms
All installed packages are compatible
Using Python 3.13.15 environment at: runtime/integration-brasileirao/priv/run-20260928T034216Z-br/consumer-venv
CAIN venv sem pacote de domínio
brasileirao-predictor 1fc2e8842977d6ec680546a3af288dda7a5d91a6 (git archive)
brasileirao 0.3.0rc4 /home/superleo13/predictors/runtime/integration-brasileirao/priv/run-20260928T034216Z-br/consumer-venv/lib/python3.13/site-packages/brasileirao_predictor/__init__.py
transport 0.1.0rc5 ['brasileirao', 'crypto', 'stocks']
adapter {'distribution': 'brasileirao-predictor', 'version': '0.3.0rc4', 'module': 'brasileirao_predictor.adapters.research_v2'}
cain 0.4.13rc9 /home/superleo13/predictors/runtime/integration-brasileirao/priv/run-20260928T034216Z-br/cain-venv/lib/python3.13/site-packages/cain/__init__.py
configs ['brasileirao.json', 'crypto.json', 'stocks.json']
{"datasets": {"real-20260908": {"manifest_hash": "3a33e99b0b106f1769ece5ff690345bc0ea0b1e49eb6da3f219ef0f41b5bb05e", "source_sha256": "31f30a4dcf33867d1f3aa3d12337a9a66047e6bff10b9a3fa86aae9ef06c9e43"}, "real-canary-20260908": {"manifest_hash": "de1953ec7f3eab6e96d2f0a488b382721fe1fd357d591458b3e0e607d2ac98aa", "source_sha256": "4ede88bdd3cb9c40a7ae5dc555459c4409ecb2704769569e04d629961e62c579"}}, "policy": {"policy_id": "brasileirao-integration-qualification", "sha256": "01a5677a80afe3fde6295125e16fb36d886925ef36a325a508f4a67f167b6baa"}, "canary_sha256": "4ede88bdd3cb9c40a7ae5dc555459c4409ecb2704769569e04d629961e62c579", "registry": 8}
dataset source=31f30a4dcf33867d1f3aa3d12337a9a66047e6bff10b9a3fa86aae9ef06c9e43 copy=31f30a4dcf33867d1f3aa3d12337a9a66047e6bff10b9a3fa86aae9ef06c9e43 (depois)
runtime_env done 2026-09-28T03:42:22Z
