........................................................................ [  4%]
........................................................................ [  8%]
........................................................................ [ 12%]
........................................................................ [ 16%]
........................................................................ [ 20%]
........................................................................ [ 24%]
......F................................................................. [ 28%]
........................................................................ [ 32%]
.........................................................F.....FFFFFF.FF [ 36%]
FFFFF.......FF.......................................................... [ 40%]
...........................................................FFFFF........ [ 44%]
........................F...............F................F.............. [ 48%]
........................................................................ [ 52%]
........................................................................ [ 56%]
........................................................................ [ 60%]
........................................................................ [ 64%]
............................................F........................... [ 68%]
...............FFFF.........................F........................... [ 72%]
........................................................................ [ 76%]
................................................................F....... [ 80%]
........................................................................ [ 84%]
........................................................................ [ 88%]
........................................................................ [ 93%]
........................................................................ [ 97%]
....................................................                     [100%]
=================================== FAILURES ===================================
_________ test_sdist_contains_build_sources_without_research_archives __________

    def test_sdist_contains_build_sources_without_research_archives():
        sdists = sorted((ROOT / "dist").glob("*.tar.gz"))
        assert sdists, "rode uv build antes da suíte para validar o pacote fonte"
        for sdist in sdists:
            with tarfile.open(sdist, "r:gz") as archive:
                names = [
                    member.name.split("/", 1)[1] for member in archive.getmembers() if member.isfile()
                ]
                assert "pyproject.toml" in names
>               assert "GarimpoInvestimentos/cli.py" in names
E               AssertionError: assert 'GarimpoInvestimentos/cli.py' in ['charters/binance_spot_microstructure_v1.json', 'charters/funding_oi_v3.json', 'charters/h6_definition_frozen.json', ...ate.json', 'charters/trend_following_spot_4h_v1.json', 'observation_plans/binance_funding_oi_v1.attachments.json', ...]

tests/test_distribution_security.py:40: AssertionError
_______________ test_preregistered_real_data_matches_its_hashes ________________

    def test_preregistered_real_data_matches_its_hashes():
>       prereg, _ = fz.load_preregistration()
                    ^^^^^^^^^^^^^^^^^^^^^^^^^

tests/test_evaluation_protocol_3c.py:126: 
_ _ _ _ _ _ _ _ _ _ _ _ _ _ _ _ _ _ _ _ _ _ _ _ _ _ _ _ _ _ _ _ _ _ _ _ _ _ _ _ 
../venv/lib/python3.13/site-packages/GarimpoInvestimentos/research/fm_zero_shot.py:76: in load_preregistration
    raw = Path(path).read_bytes()
          ^^^^^^^^^^^^^^^^^^^^^^^
/home/runner/work/_temp/uv-python-dir/cpython-3.13.14-linux-x86_64-gnu/lib/python3.13/pathlib/_abc.py:625: in read_bytes
    with self.open(mode='rb') as f:
         ^^^^^^^^^^^^^^^^^^^^
_ _ _ _ _ _ _ _ _ _ _ _ _ _ _ _ _ _ _ _ _ _ _ _ _ _ _ _ _ _ _ _ _ _ _ _ _ _ _ _ 

self = PosixPath('/tmp/tmp.5Let7xvS9w/venv/lib/python3.13/site-packages/docs/evidence/2026-09-24-prompt3c/preregistro.json')
mode = 'rb', buffering = -1, encoding = None, errors = None, newline = None

    def open(self, mode='r', buffering=-1, encoding=None,
             errors=None, newline=None):
        """
        Open the file pointed to by this path and return a file object, as
        the built-in open() function does.
        """
        if "b" not in mode:
            encoding = io.text_encoding(encoding)
>       return io.open(self, mode, buffering, encoding, errors, newline)
               ^^^^^^^^^^^^^^^^^^^^^^^^^^^^^^^^^^^^^^^^^^^^^^^^^^^^^^^^^
E       FileNotFoundError: [Errno 2] No such file or directory: '/tmp/tmp.5Let7xvS9w/venv/lib/python3.13/site-packages/docs/evidence/2026-09-24-prompt3c/preregistro.json'

/home/runner/work/_temp/uv-python-dir/cpython-3.13.14-linux-x86_64-gnu/lib/python3.13/pathlib/_local.py:537: FileNotFoundError
__________ test_transcribed_constants_match_the_preregistration_text ___________

    def test_transcribed_constants_match_the_preregistration_text():
>       prereg, _ = fz.load_preregistration()
                    ^^^^^^^^^^^^^^^^^^^^^^^^^

tests/test_evaluation_protocol_3c.py:189: 
_ _ _ _ _ _ _ _ _ _ _ _ _ _ _ _ _ _ _ _ _ _ _ _ _ _ _ _ _ _ _ _ _ _ _ _ _ _ _ _ 
../venv/lib/python3.13/site-packages/GarimpoInvestimentos/research/fm_zero_shot.py:76: in load_preregistration
    raw = Path(path).read_bytes()
          ^^^^^^^^^^^^^^^^^^^^^^^
/home/runner/work/_temp/uv-python-dir/cpython-3.13.14-linux-x86_64-gnu/lib/python3.13/pathlib/_abc.py:625: in read_bytes
    with self.open(mode='rb') as f:
         ^^^^^^^^^^^^^^^^^^^^
_ _ _ _ _ _ _ _ _ _ _ _ _ _ _ _ _ _ _ _ _ _ _ _ _ _ _ _ _ _ _ _ _ _ _ _ _ _ _ _ 

self = PosixPath('/tmp/tmp.5Let7xvS9w/venv/lib/python3.13/site-packages/docs/evidence/2026-09-24-prompt3c/preregistro.json')
mode = 'rb', buffering = -1, encoding = None, errors = None, newline = None

    def open(self, mode='r', buffering=-1, encoding=None,
             errors=None, newline=None):
        """
        Open the file pointed to by this path and return a file object, as
        the built-in open() function does.
        """
        if "b" not in mode:
            encoding = io.text_encoding(encoding)
>       return io.open(self, mode, buffering, encoding, errors, newline)
               ^^^^^^^^^^^^^^^^^^^^^^^^^^^^^^^^^^^^^^^^^^^^^^^^^^^^^^^^^
E       FileNotFoundError: [Errno 2] No such file or directory: '/tmp/tmp.5Let7xvS9w/venv/lib/python3.13/site-packages/docs/evidence/2026-09-24-prompt3c/preregistro.json'

/home/runner/work/_temp/uv-python-dir/cpython-3.13.14-linux-x86_64-gnu/lib/python3.13/pathlib/_local.py:537: FileNotFoundError
______ test_end_to_end_evaluation_never_becomes_go_without_policy_and_dsr ______

tmp_path = PosixPath('/tmp/tmp.5Let7xvS9w/cr/operacao/temporarios/pytest-of-runner/pytest-0/test_end_to_end_evaluation_nev0')

    def test_end_to_end_evaluation_never_becomes_go_without_policy_and_dsr(tmp_path):
        closes = _closes(700)
>       prereg = _synthetic_prereg(tmp_path, closes, cutoff_day=449, first_day=450, last_day=699)
                 ^^^^^^^^^^^^^^^^^^^^^^^^^^^^^^^^^^^^^^^^^^^^^^^^^^^^^^^^^^^^^^^^^^^^^^^^^^^^^^^^

tests/test_evaluation_protocol_3c.py:233: 
_ _ _ _ _ _ _ _ _ _ _ _ _ _ _ _ _ _ _ _ _ _ _ _ _ _ _ _ _ _ _ _ _ _ _ _ _ _ _ _ 
tests/test_evaluation_protocol_3c.py:203: in _synthetic_prereg
    real, _ = fz.load_preregistration()
              ^^^^^^^^^^^^^^^^^^^^^^^^^
../venv/lib/python3.13/site-packages/GarimpoInvestimentos/research/fm_zero_shot.py:76: in load_preregistration
    raw = Path(path).read_bytes()
          ^^^^^^^^^^^^^^^^^^^^^^^
/home/runner/work/_temp/uv-python-dir/cpython-3.13.14-linux-x86_64-gnu/lib/python3.13/pathlib/_abc.py:625: in read_bytes
    with self.open(mode='rb') as f:
         ^^^^^^^^^^^^^^^^^^^^
_ _ _ _ _ _ _ _ _ _ _ _ _ _ _ _ _ _ _ _ _ _ _ _ _ _ _ _ _ _ _ _ _ _ _ _ _ _ _ _ 

self = PosixPath('/tmp/tmp.5Let7xvS9w/venv/lib/python3.13/site-packages/docs/evidence/2026-09-24-prompt3c/preregistro.json')
mode = 'rb', buffering = -1, encoding = None, errors = None, newline = None

    def open(self, mode='r', buffering=-1, encoding=None,
             errors=None, newline=None):
        """
        Open the file pointed to by this path and return a file object, as
        the built-in open() function does.
        """
        if "b" not in mode:
            encoding = io.text_encoding(encoding)
>       return io.open(self, mode, buffering, encoding, errors, newline)
               ^^^^^^^^^^^^^^^^^^^^^^^^^^^^^^^^^^^^^^^^^^^^^^^^^^^^^^^^^
E       FileNotFoundError: [Errno 2] No such file or directory: '/tmp/tmp.5Let7xvS9w/venv/lib/python3.13/site-packages/docs/evidence/2026-09-24-prompt3c/preregistro.json'

/home/runner/work/_temp/uv-python-dir/cpython-3.13.14-linux-x86_64-gnu/lib/python3.13/pathlib/_local.py:537: FileNotFoundError
___ test_evaluation_without_post_cutoff_targets_is_potentially_contaminated ____

tmp_path = PosixPath('/tmp/tmp.5Let7xvS9w/cr/operacao/temporarios/pytest-of-runner/pytest-0/test_evaluation_without_post_c0')

    def test_evaluation_without_post_cutoff_targets_is_potentially_contaminated(tmp_path):
>       prereg = _synthetic_prereg(tmp_path, _closes(400), cutoff_day=500, first_day=500, last_day=600)
                 ^^^^^^^^^^^^^^^^^^^^^^^^^^^^^^^^^^^^^^^^^^^^^^^^^^^^^^^^^^^^^^^^^^^^^^^^^^^^^^^^^^^^^^

tests/test_evaluation_protocol_3c.py:254: 
_ _ _ _ _ _ _ _ _ _ _ _ _ _ _ _ _ _ _ _ _ _ _ _ _ _ _ _ _ _ _ _ _ _ _ _ _ _ _ _ 
tests/test_evaluation_protocol_3c.py:203: in _synthetic_prereg
    real, _ = fz.load_preregistration()
              ^^^^^^^^^^^^^^^^^^^^^^^^^
../venv/lib/python3.13/site-packages/GarimpoInvestimentos/research/fm_zero_shot.py:76: in load_preregistration
    raw = Path(path).read_bytes()
          ^^^^^^^^^^^^^^^^^^^^^^^
/home/runner/work/_temp/uv-python-dir/cpython-3.13.14-linux-x86_64-gnu/lib/python3.13/pathlib/_abc.py:625: in read_bytes
    with self.open(mode='rb') as f:
         ^^^^^^^^^^^^^^^^^^^^
_ _ _ _ _ _ _ _ _ _ _ _ _ _ _ _ _ _ _ _ _ _ _ _ _ _ _ _ _ _ _ _ _ _ _ _ _ _ _ _ 

self = PosixPath('/tmp/tmp.5Let7xvS9w/venv/lib/python3.13/site-packages/docs/evidence/2026-09-24-prompt3c/preregistro.json')
mode = 'rb', buffering = -1, encoding = None, errors = None, newline = None

    def open(self, mode='r', buffering=-1, encoding=None,
             errors=None, newline=None):
        """
        Open the file pointed to by this path and return a file object, as
        the built-in open() function does.
        """
        if "b" not in mode:
            encoding = io.text_encoding(encoding)
>       return io.open(self, mode, buffering, encoding, errors, newline)
               ^^^^^^^^^^^^^^^^^^^^^^^^^^^^^^^^^^^^^^^^^^^^^^^^^^^^^^^^^
E       FileNotFoundError: [Errno 2] No such file or directory: '/tmp/tmp.5Let7xvS9w/venv/lib/python3.13/site-packages/docs/evidence/2026-09-24-prompt3c/preregistro.json'

/home/runner/work/_temp/uv-python-dir/cpython-3.13.14-linux-x86_64-gnu/lib/python3.13/pathlib/_local.py:537: FileNotFoundError
_______ test_forecast_from_another_checkpoint_or_missing_day_is_rejected _______

tmp_path = PosixPath('/tmp/tmp.5Let7xvS9w/cr/operacao/temporarios/pytest-of-runner/pytest-0/test_forecast_from_another_che0')

    def test_forecast_from_another_checkpoint_or_missing_day_is_rejected(tmp_path):
        closes = _closes(700)
>       prereg = _synthetic_prereg(tmp_path, closes, cutoff_day=449, first_day=450, last_day=699)
                 ^^^^^^^^^^^^^^^^^^^^^^^^^^^^^^^^^^^^^^^^^^^^^^^^^^^^^^^^^^^^^^^^^^^^^^^^^^^^^^^^

tests/test_evaluation_protocol_3c.py:262: 
_ _ _ _ _ _ _ _ _ _ _ _ _ _ _ _ _ _ _ _ _ _ _ _ _ _ _ _ _ _ _ _ _ _ _ _ _ _ _ _ 
tests/test_evaluation_protocol_3c.py:203: in _synthetic_prereg
    real, _ = fz.load_preregistration()
              ^^^^^^^^^^^^^^^^^^^^^^^^^
../venv/lib/python3.13/site-packages/GarimpoInvestimentos/research/fm_zero_shot.py:76: in load_preregistration
    raw = Path(path).read_bytes()
          ^^^^^^^^^^^^^^^^^^^^^^^
/home/runner/work/_temp/uv-python-dir/cpython-3.13.14-linux-x86_64-gnu/lib/python3.13/pathlib/_abc.py:625: in read_bytes
    with self.open(mode='rb') as f:
         ^^^^^^^^^^^^^^^^^^^^
_ _ _ _ _ _ _ _ _ _ _ _ _ _ _ _ _ _ _ _ _ _ _ _ _ _ _ _ _ _ _ _ _ _ _ _ _ _ _ _ 

self = PosixPath('/tmp/tmp.5Let7xvS9w/venv/lib/python3.13/site-packages/docs/evidence/2026-09-24-prompt3c/preregistro.json')
mode = 'rb', buffering = -1, encoding = None, errors = None, newline = None

    def open(self, mode='r', buffering=-1, encoding=None,
             errors=None, newline=None):
        """
        Open the file pointed to by this path and return a file object, as
        the built-in open() function does.
        """
        if "b" not in mode:
            encoding = io.text_encoding(encoding)
>       return io.open(self, mode, buffering, encoding, errors, newline)
               ^^^^^^^^^^^^^^^^^^^^^^^^^^^^^^^^^^^^^^^^^^^^^^^^^^^^^^^^^
E       FileNotFoundError: [Errno 2] No such file or directory: '/tmp/tmp.5Let7xvS9w/venv/lib/python3.13/site-packages/docs/evidence/2026-09-24-prompt3c/preregistro.json'

/home/runner/work/_temp/uv-python-dir/cpython-3.13.14-linux-x86_64-gnu/lib/python3.13/pathlib/_local.py:537: FileNotFoundError
___________ test_every_evaluation_is_in_the_ledger_including_crashes ___________

tmp_path = PosixPath('/tmp/tmp.5Let7xvS9w/cr/operacao/temporarios/pytest-of-runner/pytest-0/test_every_evaluation_is_in_th0')

    def test_every_evaluation_is_in_the_ledger_including_crashes(tmp_path):
        closes = _closes(700)
>       prereg = _synthetic_prereg(tmp_path, closes, cutoff_day=449, first_day=450, last_day=699)
                 ^^^^^^^^^^^^^^^^^^^^^^^^^^^^^^^^^^^^^^^^^^^^^^^^^^^^^^^^^^^^^^^^^^^^^^^^^^^^^^^^

tests/test_evaluation_protocol_3c.py:276: 
_ _ _ _ _ _ _ _ _ _ _ _ _ _ _ _ _ _ _ _ _ _ _ _ _ _ _ _ _ _ _ _ _ _ _ _ _ _ _ _ 
tests/test_evaluation_protocol_3c.py:203: in _synthetic_prereg
    real, _ = fz.load_preregistration()
              ^^^^^^^^^^^^^^^^^^^^^^^^^
../venv/lib/python3.13/site-packages/GarimpoInvestimentos/research/fm_zero_shot.py:76: in load_preregistration
    raw = Path(path).read_bytes()
          ^^^^^^^^^^^^^^^^^^^^^^^
/home/runner/work/_temp/uv-python-dir/cpython-3.13.14-linux-x86_64-gnu/lib/python3.13/pathlib/_abc.py:625: in read_bytes
    with self.open(mode='rb') as f:
         ^^^^^^^^^^^^^^^^^^^^
_ _ _ _ _ _ _ _ _ _ _ _ _ _ _ _ _ _ _ _ _ _ _ _ _ _ _ _ _ _ _ _ _ _ _ _ _ _ _ _ 

self = PosixPath('/tmp/tmp.5Let7xvS9w/venv/lib/python3.13/site-packages/docs/evidence/2026-09-24-prompt3c/preregistro.json')
mode = 'rb', buffering = -1, encoding = None, errors = None, newline = None

    def open(self, mode='r', buffering=-1, encoding=None,
             errors=None, newline=None):
        """
        Open the file pointed to by this path and return a file object, as
        the built-in open() function does.
        """
        if "b" not in mode:
            encoding = io.text_encoding(encoding)
>       return io.open(self, mode, buffering, encoding, errors, newline)
               ^^^^^^^^^^^^^^^^^^^^^^^^^^^^^^^^^^^^^^^^^^^^^^^^^^^^^^^^^
E       FileNotFoundError: [Errno 2] No such file or directory: '/tmp/tmp.5Let7xvS9w/venv/lib/python3.13/site-packages/docs/evidence/2026-09-24-prompt3c/preregistro.json'

/home/runner/work/_temp/uv-python-dir/cpython-3.13.14-linux-x86_64-gnu/lib/python3.13/pathlib/_local.py:537: FileNotFoundError
_______ test_evaluation_inside_a_sealed_holdout_is_refused_and_recorded ________

tmp_path = PosixPath('/tmp/tmp.5Let7xvS9w/cr/operacao/temporarios/pytest-of-runner/pytest-0/test_evaluation_inside_a_seale0')

    def test_evaluation_inside_a_sealed_holdout_is_refused_and_recorded(tmp_path):
        from GarimpoInvestimentos.research import holdout
    
        closes = _closes(700)
>       prereg = _synthetic_prereg(tmp_path, closes, cutoff_day=449, first_day=450, last_day=699)
                 ^^^^^^^^^^^^^^^^^^^^^^^^^^^^^^^^^^^^^^^^^^^^^^^^^^^^^^^^^^^^^^^^^^^^^^^^^^^^^^^^

tests/test_evaluation_protocol_3c.py:329: 
_ _ _ _ _ _ _ _ _ _ _ _ _ _ _ _ _ _ _ _ _ _ _ _ _ _ _ _ _ _ _ _ _ _ _ _ _ _ _ _ 
tests/test_evaluation_protocol_3c.py:203: in _synthetic_prereg
    real, _ = fz.load_preregistration()
              ^^^^^^^^^^^^^^^^^^^^^^^^^
../venv/lib/python3.13/site-packages/GarimpoInvestimentos/research/fm_zero_shot.py:76: in load_preregistration
    raw = Path(path).read_bytes()
          ^^^^^^^^^^^^^^^^^^^^^^^
/home/runner/work/_temp/uv-python-dir/cpython-3.13.14-linux-x86_64-gnu/lib/python3.13/pathlib/_abc.py:625: in read_bytes
    with self.open(mode='rb') as f:
         ^^^^^^^^^^^^^^^^^^^^
_ _ _ _ _ _ _ _ _ _ _ _ _ _ _ _ _ _ _ _ _ _ _ _ _ _ _ _ _ _ _ _ _ _ _ _ _ _ _ _ 

self = PosixPath('/tmp/tmp.5Let7xvS9w/venv/lib/python3.13/site-packages/docs/evidence/2026-09-24-prompt3c/preregistro.json')
mode = 'rb', buffering = -1, encoding = None, errors = None, newline = None

    def open(self, mode='r', buffering=-1, encoding=None,
             errors=None, newline=None):
        """
        Open the file pointed to by this path and return a file object, as
        the built-in open() function does.
        """
        if "b" not in mode:
            encoding = io.text_encoding(encoding)
>       return io.open(self, mode, buffering, encoding, errors, newline)
               ^^^^^^^^^^^^^^^^^^^^^^^^^^^^^^^^^^^^^^^^^^^^^^^^^^^^^^^^^
E       FileNotFoundError: [Errno 2] No such file or directory: '/tmp/tmp.5Let7xvS9w/venv/lib/python3.13/site-packages/docs/evidence/2026-09-24-prompt3c/preregistro.json'

/home/runner/work/_temp/uv-python-dir/cpython-3.13.14-linux-x86_64-gnu/lib/python3.13/pathlib/_local.py:537: FileNotFoundError
_ test_no_go_hypotheses_without_artifacts_are_not_reproducible_and_keep_status _

    def test_no_go_hypotheses_without_artifacts_are_not_reproducible_and_keep_status():
>       report = _reevaluate()
                 ^^^^^^^^^^^^^

tests/test_evaluation_protocol_4.py:75: 
_ _ _ _ _ _ _ _ _ _ _ _ _ _ _ _ _ _ _ _ _ _ _ _ _ _ _ _ _ _ _ _ _ _ _ _ _ _ _ _ 
tests/test_evaluation_protocol_4.py:49: in _reevaluate
    "h6_status": _json(ROOT / "GarimpoInvestimentos/h6_status.json"),
                 ^^^^^^^^^^^^^^^^^^^^^^^^^^^^^^^^^^^^^^^^^^^^^^^^^^^
tests/test_evaluation_protocol_4.py:30: in _json
    return json.loads(path.read_text(encoding="utf-8"))
                      ^^^^^^^^^^^^^^^^^^^^^^^^^^^^^^^^
/home/runner/work/_temp/uv-python-dir/cpython-3.13.14-linux-x86_64-gnu/lib/python3.13/pathlib/_local.py:546: in read_text
    return PathBase.read_text(self, encoding, errors, newline)
           ^^^^^^^^^^^^^^^^^^^^^^^^^^^^^^^^^^^^^^^^^^^^^^^^^^^
/home/runner/work/_temp/uv-python-dir/cpython-3.13.14-linux-x86_64-gnu/lib/python3.13/pathlib/_abc.py:632: in read_text
    with self.open(mode='r', encoding=encoding, errors=errors, newline=newline) as f:
         ^^^^^^^^^^^^^^^^^^^^^^^^^^^^^^^^^^^^^^^^^^^^^^^^^^^^^^^^^^^^^^^^^^^^^^
_ _ _ _ _ _ _ _ _ _ _ _ _ _ _ _ _ _ _ _ _ _ _ _ _ _ _ _ _ _ _ _ _ _ _ _ _ _ _ _ 

self = PosixPath('/tmp/tmp.5Let7xvS9w/tree/GarimpoInvestimentos/h6_status.json')
mode = 'r', buffering = -1, encoding = 'utf-8', errors = None, newline = None

    def open(self, mode='r', buffering=-1, encoding=None,
             errors=None, newline=None):
        """
        Open the file pointed to by this path and return a file object, as
        the built-in open() function does.
        """
        if "b" not in mode:
            encoding = io.text_encoding(encoding)
>       return io.open(self, mode, buffering, encoding, errors, newline)
               ^^^^^^^^^^^^^^^^^^^^^^^^^^^^^^^^^^^^^^^^^^^^^^^^^^^^^^^^^
E       FileNotFoundError: [Errno 2] No such file or directory: '/tmp/tmp.5Let7xvS9w/tree/GarimpoInvestimentos/h6_status.json'

/home/runner/work/_temp/uv-python-dir/cpython-3.13.14-linux-x86_64-gnu/lib/python3.13/pathlib/_local.py:537: FileNotFoundError
________ test_h6_is_reevaluated_as_a_correlation_and_stays_insufficient ________

    def test_h6_is_reevaluated_as_a_correlation_and_stays_insufficient():
>       row = next(r for r in _reevaluate()["rows"] if r["hypothesis"] == "H6")
                              ^^^^^^^^^^^^^

tests/test_evaluation_protocol_4.py:94: 
_ _ _ _ _ _ _ _ _ _ _ _ _ _ _ _ _ _ _ _ _ _ _ _ _ _ _ _ _ _ _ _ _ _ _ _ _ _ _ _ 
tests/test_evaluation_protocol_4.py:49: in _reevaluate
    "h6_status": _json(ROOT / "GarimpoInvestimentos/h6_status.json"),
                 ^^^^^^^^^^^^^^^^^^^^^^^^^^^^^^^^^^^^^^^^^^^^^^^^^^^
tests/test_evaluation_protocol_4.py:30: in _json
    return json.loads(path.read_text(encoding="utf-8"))
                      ^^^^^^^^^^^^^^^^^^^^^^^^^^^^^^^^
/home/runner/work/_temp/uv-python-dir/cpython-3.13.14-linux-x86_64-gnu/lib/python3.13/pathlib/_local.py:546: in read_text
    return PathBase.read_text(self, encoding, errors, newline)
           ^^^^^^^^^^^^^^^^^^^^^^^^^^^^^^^^^^^^^^^^^^^^^^^^^^^
/home/runner/work/_temp/uv-python-dir/cpython-3.13.14-linux-x86_64-gnu/lib/python3.13/pathlib/_abc.py:632: in read_text
    with self.open(mode='r', encoding=encoding, errors=errors, newline=newline) as f:
         ^^^^^^^^^^^^^^^^^^^^^^^^^^^^^^^^^^^^^^^^^^^^^^^^^^^^^^^^^^^^^^^^^^^^^^
_ _ _ _ _ _ _ _ _ _ _ _ _ _ _ _ _ _ _ _ _ _ _ _ _ _ _ _ _ _ _ _ _ _ _ _ _ _ _ _ 

self = PosixPath('/tmp/tmp.5Let7xvS9w/tree/GarimpoInvestimentos/h6_status.json')
mode = 'r', buffering = -1, encoding = 'utf-8', errors = None, newline = None

    def open(self, mode='r', buffering=-1, encoding=None,
             errors=None, newline=None):
        """
        Open the file pointed to by this path and return a file object, as
        the built-in open() function does.
        """
        if "b" not in mode:
            encoding = io.text_encoding(encoding)
>       return io.open(self, mode, buffering, encoding, errors, newline)
               ^^^^^^^^^^^^^^^^^^^^^^^^^^^^^^^^^^^^^^^^^^^^^^^^^^^^^^^^^
E       FileNotFoundError: [Errno 2] No such file or directory: '/tmp/tmp.5Let7xvS9w/tree/GarimpoInvestimentos/h6_status.json'

/home/runner/work/_temp/uv-python-dir/cpython-3.13.14-linux-x86_64-gnu/lib/python3.13/pathlib/_local.py:537: FileNotFoundError
_____ test_h6_with_conclusive_aggregate_is_flagged_for_review_not_promoted _____

    def test_h6_with_conclusive_aggregate_is_flagged_for_review_not_promoted():
        strong = {"n": 2000, "rho": 0.3, "ic_lower": 0.25, "ic_upper": 0.35}
        protocol = {**PROTOCOL, "h6_declared_block_bootstrap_power": 0.99}
        row = next(
            r
>           for r in _reevaluate(h6_status=strong, protocol=protocol)["rows"]
                     ^^^^^^^^^^^^^^^^^^^^^^^^^^^^^^^^^^^^^^^^^^^^^^^^
            if r["hypothesis"] == "H6"
        )

tests/test_evaluation_protocol_4.py:107: 
_ _ _ _ _ _ _ _ _ _ _ _ _ _ _ _ _ _ _ _ _ _ _ _ _ _ _ _ _ _ _ _ _ _ _ _ _ _ _ _ 
tests/test_evaluation_protocol_4.py:49: in _reevaluate
    "h6_status": _json(ROOT / "GarimpoInvestimentos/h6_status.json"),
                 ^^^^^^^^^^^^^^^^^^^^^^^^^^^^^^^^^^^^^^^^^^^^^^^^^^^
tests/test_evaluation_protocol_4.py:30: in _json
    return json.loads(path.read_text(encoding="utf-8"))
                      ^^^^^^^^^^^^^^^^^^^^^^^^^^^^^^^^
/home/runner/work/_temp/uv-python-dir/cpython-3.13.14-linux-x86_64-gnu/lib/python3.13/pathlib/_local.py:546: in read_text
    return PathBase.read_text(self, encoding, errors, newline)
           ^^^^^^^^^^^^^^^^^^^^^^^^^^^^^^^^^^^^^^^^^^^^^^^^^^^
/home/runner/work/_temp/uv-python-dir/cpython-3.13.14-linux-x86_64-gnu/lib/python3.13/pathlib/_abc.py:632: in read_text
    with self.open(mode='r', encoding=encoding, errors=errors, newline=newline) as f:
         ^^^^^^^^^^^^^^^^^^^^^^^^^^^^^^^^^^^^^^^^^^^^^^^^^^^^^^^^^^^^^^^^^^^^^^
_ _ _ _ _ _ _ _ _ _ _ _ _ _ _ _ _ _ _ _ _ _ _ _ _ _ _ _ _ _ _ _ _ _ _ _ _ _ _ _ 

self = PosixPath('/tmp/tmp.5Let7xvS9w/tree/GarimpoInvestimentos/h6_status.json')
mode = 'r', buffering = -1, encoding = 'utf-8', errors = None, newline = None

    def open(self, mode='r', buffering=-1, encoding=None,
             errors=None, newline=None):
        """
        Open the file pointed to by this path and return a file object, as
        the built-in open() function does.
        """
        if "b" not in mode:
            encoding = io.text_encoding(encoding)
>       return io.open(self, mode, buffering, encoding, errors, newline)
               ^^^^^^^^^^^^^^^^^^^^^^^^^^^^^^^^^^^^^^^^^^^^^^^^^^^^^^^^^
E       FileNotFoundError: [Errno 2] No such file or directory: '/tmp/tmp.5Let7xvS9w/tree/GarimpoInvestimentos/h6_status.json'

/home/runner/work/_temp/uv-python-dir/cpython-3.13.14-linux-x86_64-gnu/lib/python3.13/pathlib/_local.py:537: FileNotFoundError
____ test_found_artifact_requires_human_review_instead_of_automatic_change _____

    def test_found_artifact_requires_human_review_instead_of_automatic_change():
>       report = _reevaluate(inventory=_inventory(usable_v3=["git:v3/returns.json"]))
                 ^^^^^^^^^^^^^^^^^^^^^^^^^^^^^^^^^^^^^^^^^^^^^^^^^^^^^^^^^^^^^^^^^^^^

tests/test_evaluation_protocol_4.py:114: 
_ _ _ _ _ _ _ _ _ _ _ _ _ _ _ _ _ _ _ _ _ _ _ _ _ _ _ _ _ _ _ _ _ _ _ _ _ _ _ _ 
tests/test_evaluation_protocol_4.py:49: in _reevaluate
    "h6_status": _json(ROOT / "GarimpoInvestimentos/h6_status.json"),
                 ^^^^^^^^^^^^^^^^^^^^^^^^^^^^^^^^^^^^^^^^^^^^^^^^^^^
tests/test_evaluation_protocol_4.py:30: in _json
    return json.loads(path.read_text(encoding="utf-8"))
                      ^^^^^^^^^^^^^^^^^^^^^^^^^^^^^^^^
/home/runner/work/_temp/uv-python-dir/cpython-3.13.14-linux-x86_64-gnu/lib/python3.13/pathlib/_local.py:546: in read_text
    return PathBase.read_text(self, encoding, errors, newline)
           ^^^^^^^^^^^^^^^^^^^^^^^^^^^^^^^^^^^^^^^^^^^^^^^^^^^
/home/runner/work/_temp/uv-python-dir/cpython-3.13.14-linux-x86_64-gnu/lib/python3.13/pathlib/_abc.py:632: in read_text
    with self.open(mode='r', encoding=encoding, errors=errors, newline=newline) as f:
         ^^^^^^^^^^^^^^^^^^^^^^^^^^^^^^^^^^^^^^^^^^^^^^^^^^^^^^^^^^^^^^^^^^^^^^
_ _ _ _ _ _ _ _ _ _ _ _ _ _ _ _ _ _ _ _ _ _ _ _ _ _ _ _ _ _ _ _ _ _ _ _ _ _ _ _ 

self = PosixPath('/tmp/tmp.5Let7xvS9w/tree/GarimpoInvestimentos/h6_status.json')
mode = 'r', buffering = -1, encoding = 'utf-8', errors = None, newline = None

    def open(self, mode='r', buffering=-1, encoding=None,
             errors=None, newline=None):
        """
        Open the file pointed to by this path and return a file object, as
        the built-in open() function does.
        """
        if "b" not in mode:
            encoding = io.text_encoding(encoding)
>       return io.open(self, mode, buffering, encoding, errors, newline)
               ^^^^^^^^^^^^^^^^^^^^^^^^^^^^^^^^^^^^^^^^^^^^^^^^^^^^^^^^^
E       FileNotFoundError: [Errno 2] No such file or directory: '/tmp/tmp.5Let7xvS9w/tree/GarimpoInvestimentos/h6_status.json'

/home/runner/work/_temp/uv-python-dir/cpython-3.13.14-linux-x86_64-gnu/lib/python3.13/pathlib/_local.py:537: FileNotFoundError
___ test_fm_hypothesis_is_no_decision_because_the_policy_is_not_retroactive ____

    def test_fm_hypothesis_is_no_decision_because_the_policy_is_not_retroactive():
>       row = next(r for r in _reevaluate()["rows"] if r["hypothesis"] == "FM-3c")
                              ^^^^^^^^^^^^^

tests/test_evaluation_protocol_4.py:121: 
_ _ _ _ _ _ _ _ _ _ _ _ _ _ _ _ _ _ _ _ _ _ _ _ _ _ _ _ _ _ _ _ _ _ _ _ _ _ _ _ 
tests/test_evaluation_protocol_4.py:49: in _reevaluate
    "h6_status": _json(ROOT / "GarimpoInvestimentos/h6_status.json"),
                 ^^^^^^^^^^^^^^^^^^^^^^^^^^^^^^^^^^^^^^^^^^^^^^^^^^^
tests/test_evaluation_protocol_4.py:30: in _json
    return json.loads(path.read_text(encoding="utf-8"))
                      ^^^^^^^^^^^^^^^^^^^^^^^^^^^^^^^^
/home/runner/work/_temp/uv-python-dir/cpython-3.13.14-linux-x86_64-gnu/lib/python3.13/pathlib/_local.py:546: in read_text
    return PathBase.read_text(self, encoding, errors, newline)
           ^^^^^^^^^^^^^^^^^^^^^^^^^^^^^^^^^^^^^^^^^^^^^^^^^^^
/home/runner/work/_temp/uv-python-dir/cpython-3.13.14-linux-x86_64-gnu/lib/python3.13/pathlib/_abc.py:632: in read_text
    with self.open(mode='r', encoding=encoding, errors=errors, newline=newline) as f:
         ^^^^^^^^^^^^^^^^^^^^^^^^^^^^^^^^^^^^^^^^^^^^^^^^^^^^^^^^^^^^^^^^^^^^^^
_ _ _ _ _ _ _ _ _ _ _ _ _ _ _ _ _ _ _ _ _ _ _ _ _ _ _ _ _ _ _ _ _ _ _ _ _ _ _ _ 

self = PosixPath('/tmp/tmp.5Let7xvS9w/tree/GarimpoInvestimentos/h6_status.json')
mode = 'r', buffering = -1, encoding = 'utf-8', errors = None, newline = None

    def open(self, mode='r', buffering=-1, encoding=None,
             errors=None, newline=None):
        """
        Open the file pointed to by this path and return a file object, as
        the built-in open() function does.
        """
        if "b" not in mode:
            encoding = io.text_encoding(encoding)
>       return io.open(self, mode, buffering, encoding, errors, newline)
               ^^^^^^^^^^^^^^^^^^^^^^^^^^^^^^^^^^^^^^^^^^^^^^^^^^^^^^^^^
E       FileNotFoundError: [Errno 2] No such file or directory: '/tmp/tmp.5Let7xvS9w/tree/GarimpoInvestimentos/h6_status.json'

/home/runner/work/_temp/uv-python-dir/cpython-3.13.14-linux-x86_64-gnu/lib/python3.13/pathlib/_local.py:537: FileNotFoundError
________ test_n_trials_accumulates_and_dsr_sensitivity_is_not_estimable ________

    def test_n_trials_accumulates_and_dsr_sensitivity_is_not_estimable():
>       summary = _reevaluate()["n_trials"]
                  ^^^^^^^^^^^^^

tests/test_evaluation_protocol_4.py:129: 
_ _ _ _ _ _ _ _ _ _ _ _ _ _ _ _ _ _ _ _ _ _ _ _ _ _ _ _ _ _ _ _ _ _ _ _ _ _ _ _ 
tests/test_evaluation_protocol_4.py:49: in _reevaluate
    "h6_status": _json(ROOT / "GarimpoInvestimentos/h6_status.json"),
                 ^^^^^^^^^^^^^^^^^^^^^^^^^^^^^^^^^^^^^^^^^^^^^^^^^^^
tests/test_evaluation_protocol_4.py:30: in _json
    return json.loads(path.read_text(encoding="utf-8"))
                      ^^^^^^^^^^^^^^^^^^^^^^^^^^^^^^^^
/home/runner/work/_temp/uv-python-dir/cpython-3.13.14-linux-x86_64-gnu/lib/python3.13/pathlib/_local.py:546: in read_text
    return PathBase.read_text(self, encoding, errors, newline)
           ^^^^^^^^^^^^^^^^^^^^^^^^^^^^^^^^^^^^^^^^^^^^^^^^^^^
/home/runner/work/_temp/uv-python-dir/cpython-3.13.14-linux-x86_64-gnu/lib/python3.13/pathlib/_abc.py:632: in read_text
    with self.open(mode='r', encoding=encoding, errors=errors, newline=newline) as f:
         ^^^^^^^^^^^^^^^^^^^^^^^^^^^^^^^^^^^^^^^^^^^^^^^^^^^^^^^^^^^^^^^^^^^^^^
_ _ _ _ _ _ _ _ _ _ _ _ _ _ _ _ _ _ _ _ _ _ _ _ _ _ _ _ _ _ _ _ _ _ _ _ _ _ _ _ 

self = PosixPath('/tmp/tmp.5Let7xvS9w/tree/GarimpoInvestimentos/h6_status.json')
mode = 'r', buffering = -1, encoding = 'utf-8', errors = None, newline = None

    def open(self, mode='r', buffering=-1, encoding=None,
             errors=None, newline=None):
        """
        Open the file pointed to by this path and return a file object, as
        the built-in open() function does.
        """
        if "b" not in mode:
            encoding = io.text_encoding(encoding)
>       return io.open(self, mode, buffering, encoding, errors, newline)
               ^^^^^^^^^^^^^^^^^^^^^^^^^^^^^^^^^^^^^^^^^^^^^^^^^^^^^^^^^
E       FileNotFoundError: [Errno 2] No such file or directory: '/tmp/tmp.5Let7xvS9w/tree/GarimpoInvestimentos/h6_status.json'

/home/runner/work/_temp/uv-python-dir/cpython-3.13.14-linux-x86_64-gnu/lib/python3.13/pathlib/_local.py:537: FileNotFoundError
____________ test_reevaluation_run_is_in_the_ledger_with_the_policy ____________

tmp_path = PosixPath('/tmp/tmp.5Let7xvS9w/cr/operacao/temporarios/pytest-of-runner/pytest-0/test_reevaluation_run_is_in_th0')

    def test_reevaluation_run_is_in_the_ledger_with_the_policy(tmp_path):
        paths = {
            "scientific_state": ROOT / "charters/scientific_state.json",
            "trials": TRIALS_PATH,
            "h6_status": ROOT / "GarimpoInvestimentos/h6_status.json",
            "inventory": tmp_path / "inventory.json",
            "fm_report": FM_DIR / "report.json",
            "fm_prereg": FM_DIR / "preregistro.json",
        }
        paths["inventory"].write_text(json.dumps(_inventory()), encoding="utf-8")
        ledger_path = tmp_path / "runs.jsonl"
>       report = reevaluation.run_reevaluation(
            ledger_path=ledger_path, out_path=tmp_path / "r.json", paths=paths, protocol=PROTOCOL
        )

tests/test_evaluation_protocol_4.py:155: 
_ _ _ _ _ _ _ _ _ _ _ _ _ _ _ _ _ _ _ _ _ _ _ _ _ _ _ _ _ _ _ _ _ _ _ _ _ _ _ _ 
../venv/lib/python3.13/site-packages/GarimpoInvestimentos/research/reevaluation.py:268: in run_reevaluation
    loaded = {k: json.loads(p.read_text(encoding="utf-8")) for k, p in paths.items()}
                            ^^^^^^^^^^^^^^^^^^^^^^^^^^^^^
/home/runner/work/_temp/uv-python-dir/cpython-3.13.14-linux-x86_64-gnu/lib/python3.13/pathlib/_local.py:546: in read_text
    return PathBase.read_text(self, encoding, errors, newline)
           ^^^^^^^^^^^^^^^^^^^^^^^^^^^^^^^^^^^^^^^^^^^^^^^^^^^
/home/runner/work/_temp/uv-python-dir/cpython-3.13.14-linux-x86_64-gnu/lib/python3.13/pathlib/_abc.py:632: in read_text
    with self.open(mode='r', encoding=encoding, errors=errors, newline=newline) as f:
         ^^^^^^^^^^^^^^^^^^^^^^^^^^^^^^^^^^^^^^^^^^^^^^^^^^^^^^^^^^^^^^^^^^^^^^
_ _ _ _ _ _ _ _ _ _ _ _ _ _ _ _ _ _ _ _ _ _ _ _ _ _ _ _ _ _ _ _ _ _ _ _ _ _ _ _ 

self = PosixPath('/tmp/tmp.5Let7xvS9w/tree/GarimpoInvestimentos/h6_status.json')
mode = 'r', buffering = -1, encoding = 'utf-8', errors = None, newline = None

    def open(self, mode='r', buffering=-1, encoding=None,
             errors=None, newline=None):
        """
        Open the file pointed to by this path and return a file object, as
        the built-in open() function does.
        """
        if "b" not in mode:
            encoding = io.text_encoding(encoding)
>       return io.open(self, mode, buffering, encoding, errors, newline)
               ^^^^^^^^^^^^^^^^^^^^^^^^^^^^^^^^^^^^^^^^^^^^^^^^^^^^^^^^^
E       FileNotFoundError: [Errno 2] No such file or directory: '/tmp/tmp.5Let7xvS9w/tree/GarimpoInvestimentos/h6_status.json'

/home/runner/work/_temp/uv-python-dir/cpython-3.13.14-linux-x86_64-gnu/lib/python3.13/pathlib/_local.py:537: FileNotFoundError
_____________ test_preregistered_hypotheses_enter_the_trial_count ______________

tmp_path = PosixPath('/tmp/tmp.5Let7xvS9w/cr/operacao/temporarios/pytest-of-runner/pytest-0/test_preregistered_hypotheses_0')

    def test_preregistered_hypotheses_enter_the_trial_count(tmp_path):
>       base = _reevaluate()["n_trials"]
               ^^^^^^^^^^^^^

tests/test_evaluation_protocol_4.py:358: 
_ _ _ _ _ _ _ _ _ _ _ _ _ _ _ _ _ _ _ _ _ _ _ _ _ _ _ _ _ _ _ _ _ _ _ _ _ _ _ _ 
tests/test_evaluation_protocol_4.py:49: in _reevaluate
    "h6_status": _json(ROOT / "GarimpoInvestimentos/h6_status.json"),
                 ^^^^^^^^^^^^^^^^^^^^^^^^^^^^^^^^^^^^^^^^^^^^^^^^^^^
tests/test_evaluation_protocol_4.py:30: in _json
    return json.loads(path.read_text(encoding="utf-8"))
                      ^^^^^^^^^^^^^^^^^^^^^^^^^^^^^^^^
/home/runner/work/_temp/uv-python-dir/cpython-3.13.14-linux-x86_64-gnu/lib/python3.13/pathlib/_local.py:546: in read_text
    return PathBase.read_text(self, encoding, errors, newline)
           ^^^^^^^^^^^^^^^^^^^^^^^^^^^^^^^^^^^^^^^^^^^^^^^^^^^
/home/runner/work/_temp/uv-python-dir/cpython-3.13.14-linux-x86_64-gnu/lib/python3.13/pathlib/_abc.py:632: in read_text
    with self.open(mode='r', encoding=encoding, errors=errors, newline=newline) as f:
         ^^^^^^^^^^^^^^^^^^^^^^^^^^^^^^^^^^^^^^^^^^^^^^^^^^^^^^^^^^^^^^^^^^^^^^
_ _ _ _ _ _ _ _ _ _ _ _ _ _ _ _ _ _ _ _ _ _ _ _ _ _ _ _ _ _ _ _ _ _ _ _ _ _ _ _ 

self = PosixPath('/tmp/tmp.5Let7xvS9w/tree/GarimpoInvestimentos/h6_status.json')
mode = 'r', buffering = -1, encoding = 'utf-8', errors = None, newline = None

    def open(self, mode='r', buffering=-1, encoding=None,
             errors=None, newline=None):
        """
        Open the file pointed to by this path and return a file object, as
        the built-in open() function does.
        """
        if "b" not in mode:
            encoding = io.text_encoding(encoding)
>       return io.open(self, mode, buffering, encoding, errors, newline)
               ^^^^^^^^^^^^^^^^^^^^^^^^^^^^^^^^^^^^^^^^^^^^^^^^^^^^^^^^^
E       FileNotFoundError: [Errno 2] No such file or directory: '/tmp/tmp.5Let7xvS9w/tree/GarimpoInvestimentos/h6_status.json'

/home/runner/work/_temp/uv-python-dir/cpython-3.13.14-linux-x86_64-gnu/lib/python3.13/pathlib/_local.py:537: FileNotFoundError
__________________ test_versioned_research_ledgers_are_intact __________________

    def test_versioned_research_ledgers_are_intact():
        from GarimpoInvestimentos.research import ledgers
    
        runs = RunLedger(ledgers.RUNS)
>       assert runs.verify_chain() == [] and len(runs.records()) >= 8
E       assert ([] == []
E         
E         Full diff:
E           [] and 0 >= 8)
E        +  where 0 = len([])
E        +    where [] = records()
E        +      where records = <GarimpoInvestimentos.run_ledger.RunLedger object at 0x7fca3db5ef90>.records

tests/test_evaluation_protocol_4.py:388: AssertionError
__________________ test_snapshot_contem_as_travas_essenciais ___________________

    def test_snapshot_contem_as_travas_essenciais():
>       snap = build_snapshot()
               ^^^^^^^^^^^^^^^^

tests/test_freeze_h6_definition.py:11: 
_ _ _ _ _ _ _ _ _ _ _ _ _ _ _ _ _ _ _ _ _ _ _ _ _ _ _ _ _ _ _ _ _ _ _ _ _ _ _ _ 
scripts/freeze_h6_definition.py:67: in build_snapshot
    trials = json.loads(TRIALS_JSON.read_text(encoding="utf-8"))
                        ^^^^^^^^^^^^^^^^^^^^^^^^^^^^^^^^^^^^^^^
/home/runner/work/_temp/uv-python-dir/cpython-3.13.14-linux-x86_64-gnu/lib/python3.13/pathlib/_local.py:546: in read_text
    return PathBase.read_text(self, encoding, errors, newline)
           ^^^^^^^^^^^^^^^^^^^^^^^^^^^^^^^^^^^^^^^^^^^^^^^^^^^
/home/runner/work/_temp/uv-python-dir/cpython-3.13.14-linux-x86_64-gnu/lib/python3.13/pathlib/_abc.py:632: in read_text
    with self.open(mode='r', encoding=encoding, errors=errors, newline=newline) as f:
         ^^^^^^^^^^^^^^^^^^^^^^^^^^^^^^^^^^^^^^^^^^^^^^^^^^^^^^^^^^^^^^^^^^^^^^
_ _ _ _ _ _ _ _ _ _ _ _ _ _ _ _ _ _ _ _ _ _ _ _ _ _ _ _ _ _ _ _ _ _ _ _ _ _ _ _ 

self = PosixPath('/tmp/tmp.5Let7xvS9w/tree/GarimpoInvestimentos/trials.json')
mode = 'r', buffering = -1, encoding = 'utf-8', errors = None, newline = None

    def open(self, mode='r', buffering=-1, encoding=None,
             errors=None, newline=None):
        """
        Open the file pointed to by this path and return a file object, as
        the built-in open() function does.
        """
        if "b" not in mode:
            encoding = io.text_encoding(encoding)
>       return io.open(self, mode, buffering, encoding, errors, newline)
               ^^^^^^^^^^^^^^^^^^^^^^^^^^^^^^^^^^^^^^^^^^^^^^^^^^^^^^^^^
E       FileNotFoundError: [Errno 2] No such file or directory: '/tmp/tmp.5Let7xvS9w/tree/GarimpoInvestimentos/trials.json'

/home/runner/work/_temp/uv-python-dir/cpython-3.13.14-linux-x86_64-gnu/lib/python3.13/pathlib/_local.py:537: FileNotFoundError
__________________ test_hash_e_deterministico_entre_chamadas ___________________

    def test_hash_e_deterministico_entre_chamadas():
>       a = build_snapshot()
            ^^^^^^^^^^^^^^^^

tests/test_freeze_h6_definition.py:21: 
_ _ _ _ _ _ _ _ _ _ _ _ _ _ _ _ _ _ _ _ _ _ _ _ _ _ _ _ _ _ _ _ _ _ _ _ _ _ _ _ 
scripts/freeze_h6_definition.py:67: in build_snapshot
    trials = json.loads(TRIALS_JSON.read_text(encoding="utf-8"))
                        ^^^^^^^^^^^^^^^^^^^^^^^^^^^^^^^^^^^^^^^
/home/runner/work/_temp/uv-python-dir/cpython-3.13.14-linux-x86_64-gnu/lib/python3.13/pathlib/_local.py:546: in read_text
    return PathBase.read_text(self, encoding, errors, newline)
           ^^^^^^^^^^^^^^^^^^^^^^^^^^^^^^^^^^^^^^^^^^^^^^^^^^^
/home/runner/work/_temp/uv-python-dir/cpython-3.13.14-linux-x86_64-gnu/lib/python3.13/pathlib/_abc.py:632: in read_text
    with self.open(mode='r', encoding=encoding, errors=errors, newline=newline) as f:
         ^^^^^^^^^^^^^^^^^^^^^^^^^^^^^^^^^^^^^^^^^^^^^^^^^^^^^^^^^^^^^^^^^^^^^^
_ _ _ _ _ _ _ _ _ _ _ _ _ _ _ _ _ _ _ _ _ _ _ _ _ _ _ _ _ _ _ _ _ _ _ _ _ _ _ _ 

self = PosixPath('/tmp/tmp.5Let7xvS9w/tree/GarimpoInvestimentos/trials.json')
mode = 'r', buffering = -1, encoding = 'utf-8', errors = None, newline = None

    def open(self, mode='r', buffering=-1, encoding=None,
             errors=None, newline=None):
        """
        Open the file pointed to by this path and return a file object, as
        the built-in open() function does.
        """
        if "b" not in mode:
            encoding = io.text_encoding(encoding)
>       return io.open(self, mode, buffering, encoding, errors, newline)
               ^^^^^^^^^^^^^^^^^^^^^^^^^^^^^^^^^^^^^^^^^^^^^^^^^^^^^^^^^
E       FileNotFoundError: [Errno 2] No such file or directory: '/tmp/tmp.5Let7xvS9w/tree/GarimpoInvestimentos/trials.json'

/home/runner/work/_temp/uv-python-dir/cpython-3.13.14-linux-x86_64-gnu/lib/python3.13/pathlib/_local.py:537: FileNotFoundError
__________________ test_hash_muda_se_a_entrada_do_trial_mudar __________________

tmp_path = PosixPath('/tmp/tmp.5Let7xvS9w/cr/operacao/temporarios/pytest-of-runner/pytest-0/test_hash_muda_se_a_entrada_do0')
monkeypatch = <_pytest.monkeypatch.MonkeyPatch object at 0x7fca3c148910>

    def test_hash_muda_se_a_entrada_do_trial_mudar(tmp_path, monkeypatch):
        import scripts.freeze_h6_definition as mod
    
>       original = json.loads(mod.TRIALS_JSON.read_text(encoding="utf-8"))
                              ^^^^^^^^^^^^^^^^^^^^^^^^^^^^^^^^^^^^^^^^^^^

tests/test_freeze_h6_definition.py:30: 
_ _ _ _ _ _ _ _ _ _ _ _ _ _ _ _ _ _ _ _ _ _ _ _ _ _ _ _ _ _ _ _ _ _ _ _ _ _ _ _ 
/home/runner/work/_temp/uv-python-dir/cpython-3.13.14-linux-x86_64-gnu/lib/python3.13/pathlib/_local.py:546: in read_text
    return PathBase.read_text(self, encoding, errors, newline)
           ^^^^^^^^^^^^^^^^^^^^^^^^^^^^^^^^^^^^^^^^^^^^^^^^^^^
/home/runner/work/_temp/uv-python-dir/cpython-3.13.14-linux-x86_64-gnu/lib/python3.13/pathlib/_abc.py:632: in read_text
    with self.open(mode='r', encoding=encoding, errors=errors, newline=newline) as f:
         ^^^^^^^^^^^^^^^^^^^^^^^^^^^^^^^^^^^^^^^^^^^^^^^^^^^^^^^^^^^^^^^^^^^^^^
_ _ _ _ _ _ _ _ _ _ _ _ _ _ _ _ _ _ _ _ _ _ _ _ _ _ _ _ _ _ _ _ _ _ _ _ _ _ _ _ 

self = PosixPath('/tmp/tmp.5Let7xvS9w/tree/GarimpoInvestimentos/trials.json')
mode = 'r', buffering = -1, encoding = 'utf-8', errors = None, newline = None

    def open(self, mode='r', buffering=-1, encoding=None,
             errors=None, newline=None):
        """
        Open the file pointed to by this path and return a file object, as
        the built-in open() function does.
        """
        if "b" not in mode:
            encoding = io.text_encoding(encoding)
>       return io.open(self, mode, buffering, encoding, errors, newline)
               ^^^^^^^^^^^^^^^^^^^^^^^^^^^^^^^^^^^^^^^^^^^^^^^^^^^^^^^^^
E       FileNotFoundError: [Errno 2] No such file or directory: '/tmp/tmp.5Let7xvS9w/tree/GarimpoInvestimentos/trials.json'

/home/runner/work/_temp/uv-python-dir/cpython-3.13.14-linux-x86_64-gnu/lib/python3.13/pathlib/_local.py:537: FileNotFoundError
_______________ test_check_falha_quando_snapshot_gravado_diverge _______________

tmp_path = PosixPath('/tmp/tmp.5Let7xvS9w/cr/operacao/temporarios/pytest-of-runner/pytest-0/test_check_falha_quando_snapsh0')
monkeypatch = <_pytest.monkeypatch.MonkeyPatch object at 0x7fca3c1489f0>
capsys = <_pytest.capture.CaptureFixture object at 0x7fca3dc3dbe0>

    def test_check_falha_quando_snapshot_gravado_diverge(tmp_path, monkeypatch, capsys):
        import scripts.freeze_h6_definition as mod
    
        out_path = tmp_path / "h6_definition_frozen.json"
        monkeypatch.setattr(mod, "OUT_PATH", out_path)
    
>       stale = mod.build_snapshot()
                ^^^^^^^^^^^^^^^^^^^^

tests/test_freeze_h6_definition.py:51: 
_ _ _ _ _ _ _ _ _ _ _ _ _ _ _ _ _ _ _ _ _ _ _ _ _ _ _ _ _ _ _ _ _ _ _ _ _ _ _ _ 
scripts/freeze_h6_definition.py:67: in build_snapshot
    trials = json.loads(TRIALS_JSON.read_text(encoding="utf-8"))
                        ^^^^^^^^^^^^^^^^^^^^^^^^^^^^^^^^^^^^^^^
/home/runner/work/_temp/uv-python-dir/cpython-3.13.14-linux-x86_64-gnu/lib/python3.13/pathlib/_local.py:546: in read_text
    return PathBase.read_text(self, encoding, errors, newline)
           ^^^^^^^^^^^^^^^^^^^^^^^^^^^^^^^^^^^^^^^^^^^^^^^^^^^
/home/runner/work/_temp/uv-python-dir/cpython-3.13.14-linux-x86_64-gnu/lib/python3.13/pathlib/_abc.py:632: in read_text
    with self.open(mode='r', encoding=encoding, errors=errors, newline=newline) as f:
         ^^^^^^^^^^^^^^^^^^^^^^^^^^^^^^^^^^^^^^^^^^^^^^^^^^^^^^^^^^^^^^^^^^^^^^
_ _ _ _ _ _ _ _ _ _ _ _ _ _ _ _ _ _ _ _ _ _ _ _ _ _ _ _ _ _ _ _ _ _ _ _ _ _ _ _ 

self = PosixPath('/tmp/tmp.5Let7xvS9w/tree/GarimpoInvestimentos/trials.json')
mode = 'r', buffering = -1, encoding = 'utf-8', errors = None, newline = None

    def open(self, mode='r', buffering=-1, encoding=None,
             errors=None, newline=None):
        """
        Open the file pointed to by this path and return a file object, as
        the built-in open() function does.
        """
        if "b" not in mode:
            encoding = io.text_encoding(encoding)
>       return io.open(self, mode, buffering, encoding, errors, newline)
               ^^^^^^^^^^^^^^^^^^^^^^^^^^^^^^^^^^^^^^^^^^^^^^^^^^^^^^^^^
E       FileNotFoundError: [Errno 2] No such file or directory: '/tmp/tmp.5Let7xvS9w/tree/GarimpoInvestimentos/trials.json'

/home/runner/work/_temp/uv-python-dir/cpython-3.13.14-linux-x86_64-gnu/lib/python3.13/pathlib/_local.py:537: FileNotFoundError
_______________ test_check_passa_quando_snapshot_gravado_confere _______________

tmp_path = PosixPath('/tmp/tmp.5Let7xvS9w/cr/operacao/temporarios/pytest-of-runner/pytest-0/test_check_passa_quando_snapsh0')
monkeypatch = <_pytest.monkeypatch.MonkeyPatch object at 0x7fca3c149080>

    def test_check_passa_quando_snapshot_gravado_confere(tmp_path, monkeypatch):
        import scripts.freeze_h6_definition as mod
    
        out_path = tmp_path / "h6_definition_frozen.json"
        monkeypatch.setattr(mod, "OUT_PATH", out_path)
    
>       mod.main([])  # gera
        ^^^^^^^^^^^^

tests/test_freeze_h6_definition.py:66: 
_ _ _ _ _ _ _ _ _ _ _ _ _ _ _ _ _ _ _ _ _ _ _ _ _ _ _ _ _ _ _ _ _ _ _ _ _ _ _ _ 
scripts/freeze_h6_definition.py:139: in main
    fresh = build_snapshot()
            ^^^^^^^^^^^^^^^^
scripts/freeze_h6_definition.py:67: in build_snapshot
    trials = json.loads(TRIALS_JSON.read_text(encoding="utf-8"))
                        ^^^^^^^^^^^^^^^^^^^^^^^^^^^^^^^^^^^^^^^
/home/runner/work/_temp/uv-python-dir/cpython-3.13.14-linux-x86_64-gnu/lib/python3.13/pathlib/_local.py:546: in read_text
    return PathBase.read_text(self, encoding, errors, newline)
           ^^^^^^^^^^^^^^^^^^^^^^^^^^^^^^^^^^^^^^^^^^^^^^^^^^^
/home/runner/work/_temp/uv-python-dir/cpython-3.13.14-linux-x86_64-gnu/lib/python3.13/pathlib/_abc.py:632: in read_text
    with self.open(mode='r', encoding=encoding, errors=errors, newline=newline) as f:
         ^^^^^^^^^^^^^^^^^^^^^^^^^^^^^^^^^^^^^^^^^^^^^^^^^^^^^^^^^^^^^^^^^^^^^^
_ _ _ _ _ _ _ _ _ _ _ _ _ _ _ _ _ _ _ _ _ _ _ _ _ _ _ _ _ _ _ _ _ _ _ _ _ _ _ _ 

self = PosixPath('/tmp/tmp.5Let7xvS9w/tree/GarimpoInvestimentos/trials.json')
mode = 'r', buffering = -1, encoding = 'utf-8', errors = None, newline = None

    def open(self, mode='r', buffering=-1, encoding=None,
             errors=None, newline=None):
        """
        Open the file pointed to by this path and return a file object, as
        the built-in open() function does.
        """
        if "b" not in mode:
            encoding = io.text_encoding(encoding)
>       return io.open(self, mode, buffering, encoding, errors, newline)
               ^^^^^^^^^^^^^^^^^^^^^^^^^^^^^^^^^^^^^^^^^^^^^^^^^^^^^^^^^
E       FileNotFoundError: [Errno 2] No such file or directory: '/tmp/tmp.5Let7xvS9w/tree/GarimpoInvestimentos/trials.json'

/home/runner/work/_temp/uv-python-dir/cpython-3.13.14-linux-x86_64-gnu/lib/python3.13/pathlib/_local.py:537: FileNotFoundError
______ test_h6_spearman_verdict_continua_confere_com_o_snapshot_congelado ______

    def test_h6_spearman_verdict_continua_confere_com_o_snapshot_congelado():
        """A barreira que de fato importa: rodar o proprio mecanismo de governanca
        e confirmar que o codigo de h6_spearman_verdict (e close_h6_inverted_
        signal) nao mudou um byte. Roda o script real em vez de reimplementar a
        logica de hash aqui — o que importa e' o script continuar dizendo OK."""
        from scripts.freeze_h6_definition import main as freeze_main
    
>       assert freeze_main(["--check"]) == 0
               ^^^^^^^^^^^^^^^^^^^^^^^^

tests/test_h6_power_context.py:82: 
_ _ _ _ _ _ _ _ _ _ _ _ _ _ _ _ _ _ _ _ _ _ _ _ _ _ _ _ _ _ _ _ _ _ _ _ _ _ _ _ 
scripts/freeze_h6_definition.py:139: in main
    fresh = build_snapshot()
            ^^^^^^^^^^^^^^^^
scripts/freeze_h6_definition.py:67: in build_snapshot
    trials = json.loads(TRIALS_JSON.read_text(encoding="utf-8"))
                        ^^^^^^^^^^^^^^^^^^^^^^^^^^^^^^^^^^^^^^^
/home/runner/work/_temp/uv-python-dir/cpython-3.13.14-linux-x86_64-gnu/lib/python3.13/pathlib/_local.py:546: in read_text
    return PathBase.read_text(self, encoding, errors, newline)
           ^^^^^^^^^^^^^^^^^^^^^^^^^^^^^^^^^^^^^^^^^^^^^^^^^^^
/home/runner/work/_temp/uv-python-dir/cpython-3.13.14-linux-x86_64-gnu/lib/python3.13/pathlib/_abc.py:632: in read_text
    with self.open(mode='r', encoding=encoding, errors=errors, newline=newline) as f:
         ^^^^^^^^^^^^^^^^^^^^^^^^^^^^^^^^^^^^^^^^^^^^^^^^^^^^^^^^^^^^^^^^^^^^^^
_ _ _ _ _ _ _ _ _ _ _ _ _ _ _ _ _ _ _ _ _ _ _ _ _ _ _ _ _ _ _ _ _ _ _ _ _ _ _ _ 

self = PosixPath('/tmp/tmp.5Let7xvS9w/tree/GarimpoInvestimentos/trials.json')
mode = 'r', buffering = -1, encoding = 'utf-8', errors = None, newline = None

    def open(self, mode='r', buffering=-1, encoding=None,
             errors=None, newline=None):
        """
        Open the file pointed to by this path and return a file object, as
        the built-in open() function does.
        """
        if "b" not in mode:
            encoding = io.text_encoding(encoding)
>       return io.open(self, mode, buffering, encoding, errors, newline)
               ^^^^^^^^^^^^^^^^^^^^^^^^^^^^^^^^^^^^^^^^^^^^^^^^^^^^^^^^^
E       FileNotFoundError: [Errno 2] No such file or directory: '/tmp/tmp.5Let7xvS9w/tree/GarimpoInvestimentos/trials.json'

/home/runner/work/_temp/uv-python-dir/cpython-3.13.14-linux-x86_64-gnu/lib/python3.13/pathlib/_local.py:537: FileNotFoundError
____________ test_modulo_nao_importa_nem_referencia_register_trial _____________

    def test_modulo_nao_importa_nem_referencia_register_trial():
        """Estrutural de propósito: um teste comportamental só pegaria o caminho que
        ele exercita. Registrar trial sozinho tornaria o denominador do DSR algo que
        uma máquina infla à vontade."""
>       fonte = (ROOT / "GarimpoInvestimentos" / "analyzers" / "hypothesis_loop.py").read_text(
            encoding="utf-8"
        )

tests/test_hypothesis_loop.py:49: 
_ _ _ _ _ _ _ _ _ _ _ _ _ _ _ _ _ _ _ _ _ _ _ _ _ _ _ _ _ _ _ _ _ _ _ _ _ _ _ _ 
/home/runner/work/_temp/uv-python-dir/cpython-3.13.14-linux-x86_64-gnu/lib/python3.13/pathlib/_local.py:546: in read_text
    return PathBase.read_text(self, encoding, errors, newline)
           ^^^^^^^^^^^^^^^^^^^^^^^^^^^^^^^^^^^^^^^^^^^^^^^^^^^
/home/runner/work/_temp/uv-python-dir/cpython-3.13.14-linux-x86_64-gnu/lib/python3.13/pathlib/_abc.py:632: in read_text
    with self.open(mode='r', encoding=encoding, errors=errors, newline=newline) as f:
         ^^^^^^^^^^^^^^^^^^^^^^^^^^^^^^^^^^^^^^^^^^^^^^^^^^^^^^^^^^^^^^^^^^^^^^
_ _ _ _ _ _ _ _ _ _ _ _ _ _ _ _ _ _ _ _ _ _ _ _ _ _ _ _ _ _ _ _ _ _ _ _ _ _ _ _ 

self = PosixPath('/tmp/tmp.5Let7xvS9w/tree/GarimpoInvestimentos/analyzers/hypothesis_loop.py')
mode = 'r', buffering = -1, encoding = 'utf-8', errors = None, newline = None

    def open(self, mode='r', buffering=-1, encoding=None,
             errors=None, newline=None):
        """
        Open the file pointed to by this path and return a file object, as
        the built-in open() function does.
        """
        if "b" not in mode:
            encoding = io.text_encoding(encoding)
>       return io.open(self, mode, buffering, encoding, errors, newline)
               ^^^^^^^^^^^^^^^^^^^^^^^^^^^^^^^^^^^^^^^^^^^^^^^^^^^^^^^^^
E       FileNotFoundError: [Errno 2] No such file or directory: '/tmp/tmp.5Let7xvS9w/tree/GarimpoInvestimentos/analyzers/hypothesis_loop.py'

/home/runner/work/_temp/uv-python-dir/cpython-3.13.14-linux-x86_64-gnu/lib/python3.13/pathlib/_local.py:537: FileNotFoundError
__________________ test_run_round_nao_toca_o_trials_json_real __________________

tmp_path = PosixPath('/tmp/tmp.5Let7xvS9w/cr/operacao/temporarios/pytest-of-runner/pytest-0/test_run_round_nao_toca_o_tria0')

    def test_run_round_nao_toca_o_trials_json_real(tmp_path):
        """Prova comportamental, complementar à estrutural: roda o laço inteiro e
        confere que o registro oficial ficou byte-idêntico."""
        trials = ROOT / "GarimpoInvestimentos" / "trials.json"
>       antes = trials.read_bytes()
                ^^^^^^^^^^^^^^^^^^^

tests/test_hypothesis_loop.py:225: 
_ _ _ _ _ _ _ _ _ _ _ _ _ _ _ _ _ _ _ _ _ _ _ _ _ _ _ _ _ _ _ _ _ _ _ _ _ _ _ _ 
/home/runner/work/_temp/uv-python-dir/cpython-3.13.14-linux-x86_64-gnu/lib/python3.13/pathlib/_abc.py:625: in read_bytes
    with self.open(mode='rb') as f:
         ^^^^^^^^^^^^^^^^^^^^
_ _ _ _ _ _ _ _ _ _ _ _ _ _ _ _ _ _ _ _ _ _ _ _ _ _ _ _ _ _ _ _ _ _ _ _ _ _ _ _ 

self = PosixPath('/tmp/tmp.5Let7xvS9w/tree/GarimpoInvestimentos/trials.json')
mode = 'rb', buffering = -1, encoding = None, errors = None, newline = None

    def open(self, mode='r', buffering=-1, encoding=None,
             errors=None, newline=None):
        """
        Open the file pointed to by this path and return a file object, as
        the built-in open() function does.
        """
        if "b" not in mode:
            encoding = io.text_encoding(encoding)
>       return io.open(self, mode, buffering, encoding, errors, newline)
               ^^^^^^^^^^^^^^^^^^^^^^^^^^^^^^^^^^^^^^^^^^^^^^^^^^^^^^^^^
E       FileNotFoundError: [Errno 2] No such file or directory: '/tmp/tmp.5Let7xvS9w/tree/GarimpoInvestimentos/trials.json'

/home/runner/work/_temp/uv-python-dir/cpython-3.13.14-linux-x86_64-gnu/lib/python3.13/pathlib/_local.py:537: FileNotFoundError
_________ test_artefato_nao_e_capturado_por_nenhuma_regra_do_gitignore _________

    def test_artefato_nao_e_capturado_por_nenhuma_regra_do_gitignore():
        """Todo o ponto do artefato é ser VERSIONADO — se o .gitignore o capturar,
        a ponte produção->git volta a estar quebrada, e em silêncio.
    
        A versão anterior deste teste comparava H6_STATUS_PATH.parents com
        OUTPUT_DIR e era uma TAUTOLOGIA: OUTPUT_DIR é o diretório de dados do
        usuário (platformdirs, ex. ~/.local/share/cripto-predictor/output), nunca
        um ancestral do pacote — a asserção não podia falhar e portanto não
        guardava nada. Esta versão confronta as regras reais do .gitignore.
    
        Aproximação consciente: aplica fnmatch aos padrões, sem implementar
        negação (`!`) nem a semântica completa do Git. Cobre o caso realista —
        alguém adiciona `*.json`, `h6_status.json` ou `GarimpoInvestimentos/h6_*`."""
        import fnmatch
    
>       alvo = quality_snapshot.H6_STATUS_PATH.relative_to(ROOT).as_posix()
               ^^^^^^^^^^^^^^^^^^^^^^^^^^^^^^^^^^^^^^^^^^^^^^^^^

tests/test_quality_snapshot.py:446: 
_ _ _ _ _ _ _ _ _ _ _ _ _ _ _ _ _ _ _ _ _ _ _ _ _ _ _ _ _ _ _ _ _ _ _ _ _ _ _ _ 

self = PosixPath('/tmp/tmp.5Let7xvS9w/venv/lib/python3.13/site-packages/GarimpoInvestimentos/h6_status.json')
other = PosixPath('/tmp/tmp.5Let7xvS9w/tree'), walk_up = False, _deprecated = ()
step = 0

    def relative_to(self, other, /, *_deprecated, walk_up=False):
        """Return the relative path to another path identified by the passed
        arguments.  If the operation is not possible (because this is not
        related to the other path), raise ValueError.
    
        The *walk_up* parameter controls whether `..` may be used to resolve
        the path.
        """
        if _deprecated:
            msg = ("support for supplying more than one positional argument "
                   "to pathlib.PurePath.relative_to() is deprecated and "
                   "scheduled for removal in Python 3.14")
            warnings.warn(msg, DeprecationWarning, stacklevel=2)
            other = self.with_segments(other, *_deprecated)
        elif not isinstance(other, PurePath):
            other = self.with_segments(other)
        for step, path in enumerate(chain([other], other.parents)):
            if path == self or path in self.parents:
                break
            elif not walk_up:
>               raise ValueError(f"{str(self)!r} is not in the subpath of {str(other)!r}")
E               ValueError: '/tmp/tmp.5Let7xvS9w/venv/lib/python3.13/site-packages/GarimpoInvestimentos/h6_status.json' is not in the subpath of '/tmp/tmp.5Let7xvS9w/tree'

/home/runner/work/_temp/uv-python-dir/cpython-3.13.14-linux-x86_64-gnu/lib/python3.13/pathlib/_local.py:385: ValueError
____________ TestRegistroCientifico.test_trials_json_e_utf8_valido _____________

self = <test_registry_e_scripts_encoding.TestRegistroCientifico object at 0x7fca3e138050>

    def test_trials_json_e_utf8_valido(self):
>       TRIALS.read_bytes().decode("utf-8")
        ^^^^^^^^^^^^^^^^^^^

tests/test_registry_e_scripts_encoding.py:77: 
_ _ _ _ _ _ _ _ _ _ _ _ _ _ _ _ _ _ _ _ _ _ _ _ _ _ _ _ _ _ _ _ _ _ _ _ _ _ _ _ 
/home/runner/work/_temp/uv-python-dir/cpython-3.13.14-linux-x86_64-gnu/lib/python3.13/pathlib/_abc.py:625: in read_bytes
    with self.open(mode='rb') as f:
         ^^^^^^^^^^^^^^^^^^^^
_ _ _ _ _ _ _ _ _ _ _ _ _ _ _ _ _ _ _ _ _ _ _ _ _ _ _ _ _ _ _ _ _ _ _ _ _ _ _ _ 

self = PosixPath('/tmp/tmp.5Let7xvS9w/tree/GarimpoInvestimentos/trials.json')
mode = 'rb', buffering = -1, encoding = None, errors = None, newline = None

    def open(self, mode='r', buffering=-1, encoding=None,
             errors=None, newline=None):
        """
        Open the file pointed to by this path and return a file object, as
        the built-in open() function does.
        """
        if "b" not in mode:
            encoding = io.text_encoding(encoding)
>       return io.open(self, mode, buffering, encoding, errors, newline)
               ^^^^^^^^^^^^^^^^^^^^^^^^^^^^^^^^^^^^^^^^^^^^^^^^^^^^^^^^^
E       FileNotFoundError: [Errno 2] No such file or directory: '/tmp/tmp.5Let7xvS9w/tree/GarimpoInvestimentos/trials.json'

/home/runner/work/_temp/uv-python-dir/cpython-3.13.14-linux-x86_64-gnu/lib/python3.13/pathlib/_local.py:537: FileNotFoundError
_____________ TestRegistroCientifico.test_trials_json_sem_mojibake _____________

self = <test_registry_e_scripts_encoding.TestRegistroCientifico object at 0x7fca3e1382d0>

    def test_trials_json_sem_mojibake(self):
        """O registro é o artefato científico do projeto — texto corrompido nele
        é perda de informação, não cosmética."""
>       texto = TRIALS.read_text(encoding="utf-8")
                ^^^^^^^^^^^^^^^^^^^^^^^^^^^^^^^^^^

tests/test_registry_e_scripts_encoding.py:82: 
_ _ _ _ _ _ _ _ _ _ _ _ _ _ _ _ _ _ _ _ _ _ _ _ _ _ _ _ _ _ _ _ _ _ _ _ _ _ _ _ 
/home/runner/work/_temp/uv-python-dir/cpython-3.13.14-linux-x86_64-gnu/lib/python3.13/pathlib/_local.py:546: in read_text
    return PathBase.read_text(self, encoding, errors, newline)
           ^^^^^^^^^^^^^^^^^^^^^^^^^^^^^^^^^^^^^^^^^^^^^^^^^^^
/home/runner/work/_temp/uv-python-dir/cpython-3.13.14-linux-x86_64-gnu/lib/python3.13/pathlib/_abc.py:632: in read_text
    with self.open(mode='r', encoding=encoding, errors=errors, newline=newline) as f:
         ^^^^^^^^^^^^^^^^^^^^^^^^^^^^^^^^^^^^^^^^^^^^^^^^^^^^^^^^^^^^^^^^^^^^^^
_ _ _ _ _ _ _ _ _ _ _ _ _ _ _ _ _ _ _ _ _ _ _ _ _ _ _ _ _ _ _ _ _ _ _ _ _ _ _ _ 

self = PosixPath('/tmp/tmp.5Let7xvS9w/tree/GarimpoInvestimentos/trials.json')
mode = 'r', buffering = -1, encoding = 'utf-8', errors = None, newline = None

    def open(self, mode='r', buffering=-1, encoding=None,
             errors=None, newline=None):
        """
        Open the file pointed to by this path and return a file object, as
        the built-in open() function does.
        """
        if "b" not in mode:
            encoding = io.text_encoding(encoding)
>       return io.open(self, mode, buffering, encoding, errors, newline)
               ^^^^^^^^^^^^^^^^^^^^^^^^^^^^^^^^^^^^^^^^^^^^^^^^^^^^^^^^^
E       FileNotFoundError: [Errno 2] No such file or directory: '/tmp/tmp.5Let7xvS9w/tree/GarimpoInvestimentos/trials.json'

/home/runner/work/_temp/uv-python-dir/cpython-3.13.14-linux-x86_64-gnu/lib/python3.13/pathlib/_local.py:537: FileNotFoundError
_________ TestRegistroCientifico.test_trials_json_sem_nomes_duplicados _________

self = <test_registry_e_scripts_encoding.TestRegistroCientifico object at 0x7fca3e4455b0>

    def test_trials_json_sem_nomes_duplicados(self):
        """Reconciliar registros divergentes à mão pode duplicar entradas; o
        nome é a identidade da tentativa e tem que ser único."""
>       nomes = [t["name"] for t in json.loads(TRIALS.read_text(encoding="utf-8"))]
                                               ^^^^^^^^^^^^^^^^^^^^^^^^^^^^^^^^^^

tests/test_registry_e_scripts_encoding.py:94: 
_ _ _ _ _ _ _ _ _ _ _ _ _ _ _ _ _ _ _ _ _ _ _ _ _ _ _ _ _ _ _ _ _ _ _ _ _ _ _ _ 
/home/runner/work/_temp/uv-python-dir/cpython-3.13.14-linux-x86_64-gnu/lib/python3.13/pathlib/_local.py:546: in read_text
    return PathBase.read_text(self, encoding, errors, newline)
           ^^^^^^^^^^^^^^^^^^^^^^^^^^^^^^^^^^^^^^^^^^^^^^^^^^^
/home/runner/work/_temp/uv-python-dir/cpython-3.13.14-linux-x86_64-gnu/lib/python3.13/pathlib/_abc.py:632: in read_text
    with self.open(mode='r', encoding=encoding, errors=errors, newline=newline) as f:
         ^^^^^^^^^^^^^^^^^^^^^^^^^^^^^^^^^^^^^^^^^^^^^^^^^^^^^^^^^^^^^^^^^^^^^^
_ _ _ _ _ _ _ _ _ _ _ _ _ _ _ _ _ _ _ _ _ _ _ _ _ _ _ _ _ _ _ _ _ _ _ _ _ _ _ _ 

self = PosixPath('/tmp/tmp.5Let7xvS9w/tree/GarimpoInvestimentos/trials.json')
mode = 'r', buffering = -1, encoding = 'utf-8', errors = None, newline = None

    def open(self, mode='r', buffering=-1, encoding=None,
             errors=None, newline=None):
        """
        Open the file pointed to by this path and return a file object, as
        the built-in open() function does.
        """
        if "b" not in mode:
            encoding = io.text_encoding(encoding)
>       return io.open(self, mode, buffering, encoding, errors, newline)
               ^^^^^^^^^^^^^^^^^^^^^^^^^^^^^^^^^^^^^^^^^^^^^^^^^^^^^^^^^
E       FileNotFoundError: [Errno 2] No such file or directory: '/tmp/tmp.5Let7xvS9w/tree/GarimpoInvestimentos/trials.json'

/home/runner/work/_temp/uv-python-dir/cpython-3.13.14-linux-x86_64-gnu/lib/python3.13/pathlib/_local.py:537: FileNotFoundError
_______ TestRegistroCientifico.test_grade_de_thresholds_esta_registrada ________

self = <test_registry_e_scripts_encoding.TestRegistroCientifico object at 0x7fca3e4456e0>

    def test_grade_de_thresholds_esta_registrada(self):
        """As 16 tentativas da varredura de 2026-09-04 rodaram em produção e
        ficaram só na máquina local até 2026-09-05 — o registro público
        subestimava a multiplicidade, e é dela que o Deflated Sharpe desconta.
        Este teste impede que elas sumam de novo numa resolução de conflito."""
>       nomes = {t["name"] for t in json.loads(TRIALS.read_text(encoding="utf-8"))}
                                               ^^^^^^^^^^^^^^^^^^^^^^^^^^^^^^^^^^

tests/test_registry_e_scripts_encoding.py:103: 
_ _ _ _ _ _ _ _ _ _ _ _ _ _ _ _ _ _ _ _ _ _ _ _ _ _ _ _ _ _ _ _ _ _ _ _ _ _ _ _ 
/home/runner/work/_temp/uv-python-dir/cpython-3.13.14-linux-x86_64-gnu/lib/python3.13/pathlib/_local.py:546: in read_text
    return PathBase.read_text(self, encoding, errors, newline)
           ^^^^^^^^^^^^^^^^^^^^^^^^^^^^^^^^^^^^^^^^^^^^^^^^^^^
/home/runner/work/_temp/uv-python-dir/cpython-3.13.14-linux-x86_64-gnu/lib/python3.13/pathlib/_abc.py:632: in read_text
    with self.open(mode='r', encoding=encoding, errors=errors, newline=newline) as f:
         ^^^^^^^^^^^^^^^^^^^^^^^^^^^^^^^^^^^^^^^^^^^^^^^^^^^^^^^^^^^^^^^^^^^^^^
_ _ _ _ _ _ _ _ _ _ _ _ _ _ _ _ _ _ _ _ _ _ _ _ _ _ _ _ _ _ _ _ _ _ _ _ _ _ _ _ 

self = PosixPath('/tmp/tmp.5Let7xvS9w/tree/GarimpoInvestimentos/trials.json')
mode = 'r', buffering = -1, encoding = 'utf-8', errors = None, newline = None

    def open(self, mode='r', buffering=-1, encoding=None,
             errors=None, newline=None):
        """
        Open the file pointed to by this path and return a file object, as
        the built-in open() function does.
        """
        if "b" not in mode:
            encoding = io.text_encoding(encoding)
>       return io.open(self, mode, buffering, encoding, errors, newline)
               ^^^^^^^^^^^^^^^^^^^^^^^^^^^^^^^^^^^^^^^^^^^^^^^^^^^^^^^^^
E       FileNotFoundError: [Errno 2] No such file or directory: '/tmp/tmp.5Let7xvS9w/tree/GarimpoInvestimentos/trials.json'

/home/runner/work/_temp/uv-python-dir/cpython-3.13.14-linux-x86_64-gnu/lib/python3.13/pathlib/_local.py:537: FileNotFoundError
____________ test_python_payload_is_present_and_not_runtime_ignored ____________

    def test_python_payload_is_present_and_not_runtime_ignored():
        payload = list((ROOT / "GarimpoInvestimentos").rglob("*.py"))
>       assert payload
E       assert []

tests/test_repo_hygiene.py:8: AssertionError
____________ test_analise_persiste_previsao_ANTES_de_fechar_a_store ____________

    def test_analise_persiste_previsao_ANTES_de_fechar_a_store():
        """Regressão da conferência de 2026-07-02: um store.close() herdado do fluxo
        pré-passo-4 rodava antes do append_history — a previsão pontuava, exportava
        e SUMIA em silêncio (sqlite 'Cannot operate on a closed database' engolido).
        Asserção estrutural sobre o fonte de main.py (importá-lo exige chaves):
        o append tem que vir antes do close."""
        from pathlib import Path
    
>       src = (Path(__file__).parent.parent / "GarimpoInvestimentos" / "main.py").read_text(
            encoding="utf-8"
        )

tests/test_store_history.py:180: 
_ _ _ _ _ _ _ _ _ _ _ _ _ _ _ _ _ _ _ _ _ _ _ _ _ _ _ _ _ _ _ _ _ _ _ _ _ _ _ _ 
/home/runner/work/_temp/uv-python-dir/cpython-3.13.14-linux-x86_64-gnu/lib/python3.13/pathlib/_local.py:546: in read_text
    return PathBase.read_text(self, encoding, errors, newline)
           ^^^^^^^^^^^^^^^^^^^^^^^^^^^^^^^^^^^^^^^^^^^^^^^^^^^
/home/runner/work/_temp/uv-python-dir/cpython-3.13.14-linux-x86_64-gnu/lib/python3.13/pathlib/_abc.py:632: in read_text
    with self.open(mode='r', encoding=encoding, errors=errors, newline=newline) as f:
         ^^^^^^^^^^^^^^^^^^^^^^^^^^^^^^^^^^^^^^^^^^^^^^^^^^^^^^^^^^^^^^^^^^^^^^
_ _ _ _ _ _ _ _ _ _ _ _ _ _ _ _ _ _ _ _ _ _ _ _ _ _ _ _ _ _ _ _ _ _ _ _ _ _ _ _ 

self = PosixPath('/tmp/tmp.5Let7xvS9w/tree/GarimpoInvestimentos/main.py')
mode = 'r', buffering = -1, encoding = 'utf-8', errors = None, newline = None

    def open(self, mode='r', buffering=-1, encoding=None,
             errors=None, newline=None):
        """
        Open the file pointed to by this path and return a file object, as
        the built-in open() function does.
        """
        if "b" not in mode:
            encoding = io.text_encoding(encoding)
>       return io.open(self, mode, buffering, encoding, errors, newline)
               ^^^^^^^^^^^^^^^^^^^^^^^^^^^^^^^^^^^^^^^^^^^^^^^^^^^^^^^^^
E       FileNotFoundError: [Errno 2] No such file or directory: '/tmp/tmp.5Let7xvS9w/tree/GarimpoInvestimentos/main.py'

/home/runner/work/_temp/uv-python-dir/cpython-3.13.14-linux-x86_64-gnu/lib/python3.13/pathlib/_local.py:537: FileNotFoundError
- generated xml file: /home/runner/work/_temp/out/linux-primary/full_suite.junit.xml -
=========================== short test summary info ============================
FAILED tests/test_distribution_security.py::test_sdist_contains_build_sources_without_research_archives - AssertionError: assert 'GarimpoInvestimentos/cli.py' in ['charters/binance_spot_microstructure_v1.json', 'charters/funding_oi_v3.json', 'charters/h6_definition_frozen.json', ...ate.json', 'charters/trend_following_spot_4h_v1.json', 'observation_plans/binance_funding_oi_v1.attachments.json', ...]
FAILED tests/test_evaluation_protocol_3c.py::test_preregistered_real_data_matches_its_hashes - FileNotFoundError: [Errno 2] No such file or directory: '/tmp/tmp.5Let7xvS9w/venv/lib/python3.13/site-packages/docs/evidence/2026-09-24-prompt3c/preregistro.json'
FAILED tests/test_evaluation_protocol_3c.py::test_transcribed_constants_match_the_preregistration_text - FileNotFoundError: [Errno 2] No such file or directory: '/tmp/tmp.5Let7xvS9w/venv/lib/python3.13/site-packages/docs/evidence/2026-09-24-prompt3c/preregistro.json'
FAILED tests/test_evaluation_protocol_3c.py::test_end_to_end_evaluation_never_becomes_go_without_policy_and_dsr - FileNotFoundError: [Errno 2] No such file or directory: '/tmp/tmp.5Let7xvS9w/venv/lib/python3.13/site-packages/docs/evidence/2026-09-24-prompt3c/preregistro.json'
FAILED tests/test_evaluation_protocol_3c.py::test_evaluation_without_post_cutoff_targets_is_potentially_contaminated - FileNotFoundError: [Errno 2] No such file or directory: '/tmp/tmp.5Let7xvS9w/venv/lib/python3.13/site-packages/docs/evidence/2026-09-24-prompt3c/preregistro.json'
FAILED tests/test_evaluation_protocol_3c.py::test_forecast_from_another_checkpoint_or_missing_day_is_rejected - FileNotFoundError: [Errno 2] No such file or directory: '/tmp/tmp.5Let7xvS9w/venv/lib/python3.13/site-packages/docs/evidence/2026-09-24-prompt3c/preregistro.json'
FAILED tests/test_evaluation_protocol_3c.py::test_every_evaluation_is_in_the_ledger_including_crashes - FileNotFoundError: [Errno 2] No such file or directory: '/tmp/tmp.5Let7xvS9w/venv/lib/python3.13/site-packages/docs/evidence/2026-09-24-prompt3c/preregistro.json'
FAILED tests/test_evaluation_protocol_3c.py::test_evaluation_inside_a_sealed_holdout_is_refused_and_recorded - FileNotFoundError: [Errno 2] No such file or directory: '/tmp/tmp.5Let7xvS9w/venv/lib/python3.13/site-packages/docs/evidence/2026-09-24-prompt3c/preregistro.json'
FAILED tests/test_evaluation_protocol_4.py::test_no_go_hypotheses_without_artifacts_are_not_reproducible_and_keep_status - FileNotFoundError: [Errno 2] No such file or directory: '/tmp/tmp.5Let7xvS9w/tree/GarimpoInvestimentos/h6_status.json'
FAILED tests/test_evaluation_protocol_4.py::test_h6_is_reevaluated_as_a_correlation_and_stays_insufficient - FileNotFoundError: [Errno 2] No such file or directory: '/tmp/tmp.5Let7xvS9w/tree/GarimpoInvestimentos/h6_status.json'
FAILED tests/test_evaluation_protocol_4.py::test_h6_with_conclusive_aggregate_is_flagged_for_review_not_promoted - FileNotFoundError: [Errno 2] No such file or directory: '/tmp/tmp.5Let7xvS9w/tree/GarimpoInvestimentos/h6_status.json'
FAILED tests/test_evaluation_protocol_4.py::test_found_artifact_requires_human_review_instead_of_automatic_change - FileNotFoundError: [Errno 2] No such file or directory: '/tmp/tmp.5Let7xvS9w/tree/GarimpoInvestimentos/h6_status.json'
FAILED tests/test_evaluation_protocol_4.py::test_fm_hypothesis_is_no_decision_because_the_policy_is_not_retroactive - FileNotFoundError: [Errno 2] No such file or directory: '/tmp/tmp.5Let7xvS9w/tree/GarimpoInvestimentos/h6_status.json'
FAILED tests/test_evaluation_protocol_4.py::test_n_trials_accumulates_and_dsr_sensitivity_is_not_estimable - FileNotFoundError: [Errno 2] No such file or directory: '/tmp/tmp.5Let7xvS9w/tree/GarimpoInvestimentos/h6_status.json'
FAILED tests/test_evaluation_protocol_4.py::test_reevaluation_run_is_in_the_ledger_with_the_policy - FileNotFoundError: [Errno 2] No such file or directory: '/tmp/tmp.5Let7xvS9w/tree/GarimpoInvestimentos/h6_status.json'
FAILED tests/test_evaluation_protocol_4.py::test_preregistered_hypotheses_enter_the_trial_count - FileNotFoundError: [Errno 2] No such file or directory: '/tmp/tmp.5Let7xvS9w/tree/GarimpoInvestimentos/h6_status.json'
FAILED tests/test_evaluation_protocol_4.py::test_versioned_research_ledgers_are_intact - assert ([] == []
  
  Full diff:
    [] and 0 >= 8)
 +  where 0 = len([])
 +    where [] = records()
 +      where records = <GarimpoInvestimentos.run_ledger.RunLedger object at 0x7fca3db5ef90>.records
FAILED tests/test_freeze_h6_definition.py::test_snapshot_contem_as_travas_essenciais - FileNotFoundError: [Errno 2] No such file or directory: '/tmp/tmp.5Let7xvS9w/tree/GarimpoInvestimentos/trials.json'
FAILED tests/test_freeze_h6_definition.py::test_hash_e_deterministico_entre_chamadas - FileNotFoundError: [Errno 2] No such file or directory: '/tmp/tmp.5Let7xvS9w/tree/GarimpoInvestimentos/trials.json'
FAILED tests/test_freeze_h6_definition.py::test_hash_muda_se_a_entrada_do_trial_mudar - FileNotFoundError: [Errno 2] No such file or directory: '/tmp/tmp.5Let7xvS9w/tree/GarimpoInvestimentos/trials.json'
FAILED tests/test_freeze_h6_definition.py::test_check_falha_quando_snapshot_gravado_diverge - FileNotFoundError: [Errno 2] No such file or directory: '/tmp/tmp.5Let7xvS9w/tree/GarimpoInvestimentos/trials.json'
FAILED tests/test_freeze_h6_definition.py::test_check_passa_quando_snapshot_gravado_confere - FileNotFoundError: [Errno 2] No such file or directory: '/tmp/tmp.5Let7xvS9w/tree/GarimpoInvestimentos/trials.json'
FAILED tests/test_h6_power_context.py::test_h6_spearman_verdict_continua_confere_com_o_snapshot_congelado - FileNotFoundError: [Errno 2] No such file or directory: '/tmp/tmp.5Let7xvS9w/tree/GarimpoInvestimentos/trials.json'
FAILED tests/test_hypothesis_loop.py::test_modulo_nao_importa_nem_referencia_register_trial - FileNotFoundError: [Errno 2] No such file or directory: '/tmp/tmp.5Let7xvS9w/tree/GarimpoInvestimentos/analyzers/hypothesis_loop.py'
FAILED tests/test_hypothesis_loop.py::test_run_round_nao_toca_o_trials_json_real - FileNotFoundError: [Errno 2] No such file or directory: '/tmp/tmp.5Let7xvS9w/tree/GarimpoInvestimentos/trials.json'
FAILED tests/test_quality_snapshot.py::test_artefato_nao_e_capturado_por_nenhuma_regra_do_gitignore - ValueError: '/tmp/tmp.5Let7xvS9w/venv/lib/python3.13/site-packages/GarimpoInvestimentos/h6_status.json' is not in the subpath of '/tmp/tmp.5Let7xvS9w/tree'
FAILED tests/test_registry_e_scripts_encoding.py::TestRegistroCientifico::test_trials_json_e_utf8_valido - FileNotFoundError: [Errno 2] No such file or directory: '/tmp/tmp.5Let7xvS9w/tree/GarimpoInvestimentos/trials.json'
FAILED tests/test_registry_e_scripts_encoding.py::TestRegistroCientifico::test_trials_json_sem_mojibake - FileNotFoundError: [Errno 2] No such file or directory: '/tmp/tmp.5Let7xvS9w/tree/GarimpoInvestimentos/trials.json'
FAILED tests/test_registry_e_scripts_encoding.py::TestRegistroCientifico::test_trials_json_sem_nomes_duplicados - FileNotFoundError: [Errno 2] No such file or directory: '/tmp/tmp.5Let7xvS9w/tree/GarimpoInvestimentos/trials.json'
FAILED tests/test_registry_e_scripts_encoding.py::TestRegistroCientifico::test_grade_de_thresholds_esta_registrada - FileNotFoundError: [Errno 2] No such file or directory: '/tmp/tmp.5Let7xvS9w/tree/GarimpoInvestimentos/trials.json'
FAILED tests/test_repo_hygiene.py::test_python_payload_is_present_and_not_runtime_ignored - assert []
FAILED tests/test_store_history.py::test_analise_persiste_previsao_ANTES_de_fechar_a_store - FileNotFoundError: [Errno 2] No such file or directory: '/tmp/tmp.5Let7xvS9w/tree/GarimpoInvestimentos/main.py'
32 failed, 1748 passed in 211.52s (0:03:31)
[exit 1]
