$ (cwd=None) /home/runner/work/_temp/tools/uv/uv pip install --python /home/runner/work/_temp/cleanroom/brasileirao-predictor/venv-published/bin/python --require-hashes --no-deps -r /home/runner/work/_temp/cleanroom/brasileirao-predictor/lock-requirements.filtered.txt
Using Python 3.13.15 environment at: /home/runner/work/_temp/cleanroom/brasileirao-predictor/venv-published
Resolved 57 packages in 423ms
Downloading curl-cffi (12.9MiB)
Downloading lxml (5.0MiB)
Downloading pandas (10.3MiB)
Downloading numpy (15.9MiB)
Downloading pydantic-core (2.0MiB)
Downloading llvmlite (57.1MiB)
Downloading ruff (9.8MiB)
Downloading numba (3.7MiB)
Downloading pyright (5.9MiB)
Downloading scipy (33.7MiB)
Downloading pygments (1.2MiB)
Downloading virtualenv (5.1MiB)
 Downloaded pygments
 Downloaded pydantic-core
 Downloaded numba
 Downloaded virtualenv
 Downloaded lxml
 Downloaded ruff
 Downloaded curl-cffi
 Downloaded pandas
 Downloaded numpy
 Downloaded pyright
 Downloaded scipy
 Downloaded llvmlite
Prepared 55 packages in 1.04s
Installed 57 packages in 170ms
 + annotated-types==0.8.0
 + attrs==26.1.0
 + beautifulsoup4==4.15.0
 + build==1.6.1
 + certifi==2026.7.22
 + cffi==2.1.1
 + cfgv==3.5.0
 + charset-normalizer==3.5.1
 + coverage==7.15.4
 + curl-cffi==0.16.3
 + distlib==0.4.3
 + filelock==3.32.4
 + hiredis==3.4.1
 + html5lib==1.1
 + identify==2.6.19
 + idna==3.19
 + iniconfig==2.3.0
 + jsonschema==4.26.0
 + jsonschema-specifications==2025.9.1
 + llvmlite==0.49.0
 + lxml==6.1.3
 + nodeenv==1.10.0
 + numba==0.67.0
 + numpy==2.5.3
 + packaging==26.3
 + pandas==3.0.6
 + platformdirs==4.11.4
 + pluggy==1.6.0
 + pre-commit==4.6.2
 + predictor-core==3.2.1 (from https://github.com/leonardosovienski/core-predictor/releases/download/v3.2.1/predictor_core-3.2.1-py3-none-any.whl)
 + predictor-ops==4.2.1 (from https://github.com/leonardosovienski/predictor-ops/releases/download/v4.2.1/predictor_ops-4.2.1-py3-none-any.whl)
 + pycparser==3.0
 + pydantic==2.13.5
 + pydantic-core==2.46.5
 + pydantic-settings==2.15.0
 + pygments==2.21.0
 + pyproject-hooks==1.2.0
 + pyright==1.1.414
 + pytest==9.1.1
 + python-dateutil==2.9.0.post0
 + python-discovery==1.5.3
 + python-dotenv==1.2.3
 + pyyaml==6.0.3
 + redis==8.1.0
 + referencing==0.37.0
 + requests==2.34.2
 + rpds-py==2026.6.3
 + ruff==0.16.8
 + scipy==1.18.1
 + six==1.17.0
 + soupsieve==2.9.2
 + truststore==0.10.4
 + typing-extensions==4.16.0
 + typing-inspection==0.4.4
 + urllib3==2.7.0
 + virtualenv==21.7.5
 + webencodings==0.6.1

[exit 0]
