$ (cwd=/home/runner/work/_temp/cleanroom/brasileirao-predictor/cwd-published) /home/runner/work/_temp/cleanroom/brasileirao-predictor/venv-published/bin/brasileirao-predict --help
usage: brasileirao-predict [-h] [--neutral] [--date DATE]
                           [--formal-context FORMAL_CONTEXT]
                           [--team-aliases TEAM_ALIASES]
                           [--team-catalog TEAM_CATALOG] [--fixtures N]
                           [--rankings N] [--resumo] [--expand | --stats |
                           --full | --json] [--corners] [--cards]
                           [teams ...]

Preditor de partidas internacionais

positional arguments:
  teams                 TIME_A TIME_B (em inglês, ex: Brazil)

options:
  -h, --help            show this help message and exit
  --neutral             campo neutro
  --date DATE           data UTC do jogo (YYYY-MM-DD)
  --formal-context FORMAL_CONTEXT
  --team-aliases TEAM_ALIASES
  --team-catalog TEAM_CATALOG
  --fixtures N          prevê os próximos N fixtures da base
  --rankings N          top N do Elo
  --resumo              modo lote: só a tabela resumo ao final, sem os blocos
                        por jogo (--fixtures continua computando e registrando
                        cada predição)
  --expand              nível 1: gols esperados, edge detalhado, placar top-1
  --stats               nível 2: Shin completo, placares top-5, parâmetros do
                        modelo
  --full                nível 3: dupla chance, draw no bet, handicap asiático
  --json                saída estruturada (machine-output), ignora os outros
                        níveis
  --corners             injeta escanteios (SEM validação de CLV) sem precisar
                        de --full
  --cards               injeta cartões (SEM validação de CLV) sem precisar de
                        --full

[exit 0]
