{"n": 1, "label": "propose 1", "at": "2026-09-27T23:01:18Z", "seconds": 0.131, "argv": ["/home/runner/work/_temp/work/rt/cain-venv/bin/cain", "research", "propose", "--domain", "crypto", "--state", "/home/runner/work/_temp/work/failures/F15/cain-state", "--proposal", "/home/runner/work/_temp/work/failures/F15/proposals/1.json", "--as-of", "2026-09-27T23:01:18Z"], "fault_env": {}, "exit": 0}
--- stdout
{"decision": "ALLOW", "episode_id": "crypto:episode-1", "reason_code": "ALLOWED", "receipt_sha256": "52d56b92c69924ebf40c9645eb6b2f5c833b35a99af13df0b4b5aebd51c771a1", "rule": "R14", "status": "RECORDED", "task": {"payload_sha256": "a99fcf32c40dbeb9ddd98eddbc2ae7e8e52572d7b3c72939e8389fea3ceeac8d", "previous_task_id": null, "task_id": "crypto:TASK-47b7e70ff31159aad09914c90f5a83ea"}}
--- stderr
--- end
{"n": 2, "label": "dispatch", "at": "2026-09-27T23:01:19Z", "seconds": 0.115, "argv": ["/home/runner/work/_temp/work/rt/cain-venv/bin/cain", "research", "dispatch", "--domain", "crypto", "--state", "/home/runner/work/_temp/work/failures/F15/cain-state", "--spool", "/home/runner/work/_temp/work/failures/F15/spool"], "fault_env": {}, "exit": 0}
--- stdout
{"action": "dispatched", "file": "crypto/tasks/TASK-47b7e70ff31159aad09914c90f5a83ea.json", "spool": "WRITTEN", "task_id": "crypto:TASK-47b7e70ff31159aad09914c90f5a83ea"}
--- stderr
--- end
{"n": 3, "label": "consumer (fault)", "at": "2026-09-27T23:01:19Z", "seconds": 0.412, "argv": ["/home/runner/work/_temp/work/rt/consumer-venv/bin/predictor-research-consumer", "--domain", "crypto", "--spool", "/home/runner/work/_temp/work/failures/F15/spool", "--ledger", "/home/runner/work/_temp/work/failures/F15/consumer/ledger.sqlite", "--state", "/home/runner/work/_temp/work/failures/F15/domain-state", "--policy", "/home/runner/work/_temp/work/rt/op/policy.json", "--objects", "/home/runner/work/_temp/work/rt/op/objects"], "fault_env": {"PREDICTOR_RESEARCH_TRANSPORT_FAULT": "after_domain_before_result_write"}, "exit": 86}
--- stdout
--- stderr
{"duration_ms": 206, "event": "job_finished", "job_id": "crypto-research-ae4f71f47736535f5a689805", "level": "INFO", "run_id": "0eb3bfb847534da484ef73c04d1f3d6e", "run_status": "SUCCEEDED", "service": "predictor_ops", "timestamp": "2026-09-27T23:01:19.477262Z"}
--- end
{"n": 4, "label": "consumer restart over corrupted domain result", "at": "2026-09-27T23:01:19Z", "seconds": 0.169, "argv": ["/home/runner/work/_temp/work/rt/consumer-venv/bin/predictor-research-consumer", "--domain", "crypto", "--spool", "/home/runner/work/_temp/work/failures/F15/spool", "--ledger", "/home/runner/work/_temp/work/failures/F15/consumer/ledger.sqlite", "--state", "/home/runner/work/_temp/work/failures/F15/domain-state", "--policy", "/home/runner/work/_temp/work/rt/op/policy.json", "--objects", "/home/runner/work/_temp/work/rt/op/objects"], "fault_env": {}, "exit": 0}
--- stdout
{"action": "delivered", "attempt": 2, "class": "REQUIRES_HUMAN", "episode_id": "crypto:episode-1", "result_file": "crypto/results/TASK-47b7e70ff31159aad09914c90f5a83ea.f1b89f1d6885011f.json", "result_write": "WRITTEN", "status": "RECONCILIATION_REQUIRED", "task_id": "crypto:TASK-47b7e70ff31159aad09914c90f5a83ea"}
--- stderr
--- end
{"n": 5, "label": "ingest", "at": "2026-09-27T23:01:19Z", "seconds": 0.118, "argv": ["/home/runner/work/_temp/work/rt/cain-venv/bin/cain", "research", "ingest", "--domain", "crypto", "--state", "/home/runner/work/_temp/work/failures/F15/cain-state", "--spool", "/home/runner/work/_temp/work/failures/F15/spool"], "fault_env": {}, "exit": 0}
--- stdout
{"action": "ingested", "class": "REQUIRES_HUMAN", "fact": "fact:a182f532734d452c81ff809b95d2b59f", "file": "TASK-47b7e70ff31159aad09914c90f5a83ea.f1b89f1d6885011f.json", "status": "RECONCILIATION_REQUIRED", "task_id": "crypto:TASK-47b7e70ff31159aad09914c90f5a83ea"}
--- stderr
--- end
{"n": 6, "label": "propose 2", "at": "2026-09-27T23:01:19Z", "seconds": 0.117, "argv": ["/home/runner/work/_temp/work/rt/cain-venv/bin/cain", "research", "propose", "--domain", "crypto", "--state", "/home/runner/work/_temp/work/failures/F15/cain-state", "--proposal", "/home/runner/work/_temp/work/failures/F15/proposals/2.json", "--as-of", "2026-09-27T23:01:19Z"], "fault_env": {}, "exit": 0}
--- stdout
{"decision": "REQUIRE_HUMAN", "episode_id": "crypto:episode-2", "reason_code": "DOMAIN_RECONCILIATION_PENDING", "receipt_sha256": "92004616740c82a551123166b3e69483968bda3692ea8d7a7f2f419b6a7c15e7", "rule": "R09", "status": "RECORDED", "task": null}
--- stderr
--- end
