{"effective_proposal": "/home/runner/work/_temp/work/failures/F06/proposals/1.json", "template": "fixtures/proposals/e2e/01-allow.json", "sha256": "5e61610a8be3f3f9dd8d4ebc75bfa583b14139744f084a8d2c866d30b25567ec"}
{"n": 1, "label": "propose 1", "at": "2026-09-28T18:17:03Z", "seconds": 0.14, "argv": ["/home/runner/work/_temp/work/rt/cain-venv/bin/cain", "research", "propose", "--domain", "stocks", "--state", "/home/runner/work/_temp/work/failures/F06/cain-state", "--proposal", "/home/runner/work/_temp/work/failures/F06/proposals/1.json", "--as-of", "2026-09-28T18:17:03Z"], "fault_env": {}, "exit": 0}
--- stdout
{"decision": "ALLOW", "episode_id": "stocks:episode-1", "reason_code": "ALLOWED", "receipt_sha256": "d52b5e9ffdc3d08792775b6cea24b3abc29bc720e1da16d655cef4def42bd672", "rule": "R14", "status": "RECORDED", "task": {"payload_sha256": "f2763e2d54e3bd7b12cc73007aebcf88189ea24e0cfdd2296490c25022c8136c", "previous_task_id": null, "task_id": "stocks:TASK-3fa67d58d84903181d8fe73c20267e4c"}}
--- stderr
--- end
{"n": 2, "label": "dispatch", "at": "2026-09-28T18:17:03Z", "seconds": 0.121, "argv": ["/home/runner/work/_temp/work/rt/cain-venv/bin/cain", "research", "dispatch", "--domain", "stocks", "--state", "/home/runner/work/_temp/work/failures/F06/cain-state", "--spool", "/home/runner/work/_temp/work/failures/F06/spool"], "fault_env": {}, "exit": 0}
--- stdout
{"action": "dispatched", "file": "stocks/tasks/TASK-3fa67d58d84903181d8fe73c20267e4c.json", "spool": "WRITTEN", "task_id": "stocks:TASK-3fa67d58d84903181d8fe73c20267e4c"}
--- stderr
--- end
{"n": 3, "label": "consumer while CAIN is stopped", "at": "2026-09-28T18:17:12Z", "seconds": 8.506, "argv": ["/home/runner/work/_temp/work/rt/consumer-venv/bin/predictor-research-consumer", "--domain", "stocks", "--spool", "/home/runner/work/_temp/work/failures/F06/spool", "--ledger", "/home/runner/work/_temp/work/failures/F06/consumer/ledger.sqlite", "--state", "/home/runner/work/_temp/work/failures/F06/domain-state", "--policy", "/home/runner/work/_temp/work/rt/op/policy.json", "--objects", "/home/runner/work/_temp/work/rt/op/objects"], "fault_env": {}, "exit": 0}
--- stdout
{"action": "delivered", "attempt": 1, "class": "TERMINAL_RESULT", "episode_id": "stocks:episode-1", "result_file": "stocks/results/TASK-3fa67d58d84903181d8fe73c20267e4c.0c6599c68c2bf1c5.json", "result_write": "WRITTEN", "status": "RESULT", "task_id": "stocks:TASK-3fa67d58d84903181d8fe73c20267e4c"}
--- stderr
{"duration_ms": 8230, "event": "job_finished", "job_id": "stocks-research-b67af5b1c6fbcb2168d0da73", "level": "INFO", "run_id": "930448fb37394a059cce17a8370cd1c9", "run_status": "SUCCEEDED", "service": "predictor_ops", "timestamp": "2026-09-28T18:17:12.066301Z"}
--- end
{"n": 4, "label": "CAIN back: ingest", "at": "2026-09-28T18:17:12Z", "seconds": 0.132, "argv": ["/home/runner/work/_temp/work/rt/cain-venv/bin/cain", "research", "ingest", "--domain", "stocks", "--state", "/home/runner/work/_temp/work/failures/F06/cain-state", "--spool", "/home/runner/work/_temp/work/failures/F06/spool"], "fault_env": {}, "exit": 0}
--- stdout
{"action": "ingested", "class": "TERMINAL_RESULT", "fact": "fact:26c94794d70d4f9f9e9eb30789b2e1cc", "file": "TASK-3fa67d58d84903181d8fe73c20267e4c.0c6599c68c2bf1c5.json", "status": "RESULT", "task_id": "stocks:TASK-3fa67d58d84903181d8fe73c20267e4c"}
--- stderr
--- end
{"n": 5, "label": "nothing lost", "at": "2026-09-28T18:17:12Z", "seconds": 0.119, "argv": ["/home/runner/work/_temp/work/rt/cain-venv/bin/cain", "research", "episodes", "--domain", "stocks", "--state", "/home/runner/work/_temp/work/failures/F06/cain-state"], "fault_env": {}, "exit": 0}
--- stdout
{"domain": "stocks", "episodes": [{"as_of": "2026-09-28T18:17:03Z", "decision": "ALLOW", "number": 1, "outbox": {"dispatches": 1, "retries_requested": 0, "status": "PUBLISHED", "task_id": "stocks:TASK-3fa67d58d84903181d8fe73c20267e4c"}, "proposal_id": "cain:FM-F06-1", "reason_code": "ALLOWED", "receipt_sha256": "d52b5e9ffdc3d08792775b6cea24b3abc29bc720e1da16d655cef4def42bd672", "source": "operator", "task_id": "stocks:TASK-3fa67d58d84903181d8fe73c20267e4c"}], "inbox": [{"class": "TERMINAL_RESULT", "fact_id": "fact:26c94794d70d4f9f9e9eb30789b2e1cc", "payload_sha256": "1ec719cae2e4defbac4702f1f2724487209889b468a1964bb04985368487d033", "status": "RESULT", "task_id": "stocks:TASK-3fa67d58d84903181d8fe73c20267e4c"}], "memory": {"broken_at": null, "entries": 1, "head": "d0bd7c733e34b3d84b6c820755cbc4b9771c4d2aa1ba46956ab8016e2945215b", "head_recorded_at": "2026-09-28T18:17:12.234308Z", "projection": "consistent", "status": "intact"}, "rejections": []}
--- stderr
--- end
