run_at 2026-09-26T05:39:16Z
ref origin/main 76a4cbe329f737c57d9eb86636f0e59a3d3823b9
python Python 3.13.15
CHECK 3.1/C0.1-core-sha256 OK beaa5feed193356f554922439936ad401c8f177bfd18d8864ca329fae94216fc
--- sha256sum -c MANIFEST.sha256
qualification/COMMON_QUALIFICATION_CORE.md: OK
qualification/ATTESTATION_SCHEMA.json: OK
prompts/baseline_comum_rev8.md: OK
prompts/fase0_higiene_rev8.md: OK
prompts/prompt_etapa_a_brasileirao_rev8.md: OK
prompts/prompt_etapa_a_cripto_rev8.md: OK
prompts/prompt_etapa_a_stocks_rev8.md: OK
prompts/prompt_etapa_b_integracao_rev8.md: OK
prompts/prompt_preparacao_envelope_v2_rev8.md: OK
prompts/prompt_etapa_b_comum_rev9.md: OK
prompts/prompt_etapa_b_crypto_rev9.md: OK
prompts/prompt_etapa_b_stocks_rev9.md: OK
prompts/prompt_etapa_b_brasileirao_rev9.md: OK
CHECK 3.3/C0.2-manifest OK exit=0 linhas=13
CHECK 3.6/dado-sha256 OK 31f30a4dcf33867d1f3aa3d12337a9a66047e6bff10b9a3fa86aae9ef06c9e43 bytes=55754752 modo=555
CHECK 3.2/D-16 OK status=APPROVED
CHECK 3.2/D-19 OK status=APPROVED
CHECK 3.2/D-22 OK status=APPROVED
CHECK 3.4/integration-stocks FALHA qualification/integration-stocks/QUALIFICATION_ATTESTATION.json ausente (diretório existe: False)
CHECK 3.4/integration-crypto FALHA qualification/integration-crypto/QUALIFICATION_ATTESTATION.json ausente (diretório existe: False)
CHECK comum1/etapaA-crypto OK result=QUALIFIED
CHECK comum1/contrato-crypto OK qualification/crypto/DOMAIN_RESEARCH_CONTRACT.json
CHECK comum1/etapaA-brasileirao OK result=QUALIFIED
CHECK comum1/contrato-brasileirao OK qualification/brasileirao/DOMAIN_RESEARCH_CONTRACT.json
CHECK comum1/etapaA-stocks OK result=QUALIFIED
CHECK comum1/contrato-stocks OK qualification/stocks/DOMAIN_RESEARCH_CONTRACT.json
CHECK comum1/ENVELOPE_V2_FREEZE FALHA qualification/shared/ENVELOPE_V2_FREEZE.json
CHECK comum1/STACK_BASELINE_V2.n FALHA baselines no main: ['STACK_BASELINE_V1.1.json', 'STACK_BASELINE_V1.json']
CHECK comum1/SHARED-003 OK status=VERDICT_ISSUED classification=test_only blocking=False
CHECK comum1/SHARED-004 OK status=VERDICT_ISSUED classification=test_only blocking=False
CHECK comum1/SHARED-005 OK status=RESOLVED_IN_4.2.2rc1 classification=flaky blocking=True resolvido_em=4.2.2rc1 (0be70bfb) ainda_bloqueia=consumidores da 4.2.1 (da4fa540…)
CHECK C0.3/HYGIENE OK itens=13 fora_de_DONE=[]
CHECK C0.3/baseline-comum OK qualification/shared/STACK_BASELINE_V1.json
CHECK missao2/runtime_target OK version=0.3.0rc3 commit=25cdf4d9bb309d33f066fbc6a379f5d98c69f08a wheel=403e6a022b10e2b6d05ef1828894bf3ad0b1d049301e3dfce9cf79dc262000ea ops=4.2.2rc1 (0be70bfb)
CHECK missao2/contrato-prefixo OK domain_prefix=brasileirao
CHECK missao2/contrato-adapter_paths OK adapter_paths=['brasileirao_predictor/adapters/']
CHECK missao2/contrato-adapter_entrypoints OK allowed_to_create_in_stage_b=['brasileirao-research-adapter → brasileirao_predictor.adapters.<módulo>:main']
c0_falhas 4
