# 2026-09-24T13:19:09Z suíte no branch brasileirao2/br-f018-20260924 (HEAD e0dab9a + mudanças não commitadas do BR-F018)
 M brasileirao_predictor/model.py
?? tests/test_fit_numerical_stability.py
?? tests/test_fit_objective_gradient.py
gerado: data/matches.db
seed exit=0
All checks passed!
ruff check exit=0
   |

1 file would be reformatted, 466 files already formatted
ruff format exit=1
venv .venv subdirectory not found in venv path /home/superleo13/predictors/work/brasileirao2-brasileirao-predictor.
0 errors, 0 warnings, 0 informations
pyright exit=0

tests/test_result_availability_guard.py::test_jogo_em_andamento_no_horizonte_nao_entra_no_ajuste[dixon_coles]
tests/test_result_availability_guard.py::test_resultado_disponivel_entra_no_ajuste[dixon_coles]
  /home/superleo13/predictors/runtime/brasileirao2/venv/lib/python3.13/site-packages/scipy/optimize/_numdiff.py:710: RuntimeWarning: invalid value encountered in subtract
    df = [f_eval - f0 for f_eval in f_evals]

tests/test_result_availability_guard.py::test_jogo_em_andamento_no_horizonte_nao_entra_no_ajuste[serving]
tests/test_result_availability_guard.py::test_resultado_disponivel_entra_no_ajuste[serving]
  /home/superleo13/predictors/work/brasileirao2-brasileirao-predictor/brasileirao_predictor/serving_evaluator.py:218: RuntimeWarning: fit_goal_model: parametro b=4.0000 cravado no bound [-1, 4] — verifique o formato do history (diff, hs, as)
    self.params = model.fit_goal_model(hist_cal, sample_weights=weights)

-- Docs: https://docs.pytest.org/en/stable/how-to/capture-warnings.html
=========================== short test summary info ============================
FAILED tests/test_h10_fadiga_walkforward.py::test_main_registers_a_new_trial_with_attestation
1 failed, 2317 passed, 1 skipped, 30 deselected, 5 warnings, 30 subtests passed in 198.54s (0:03:18)
pytest exit=1
 M brasileirao_predictor/model.py
?? tests/test_fit_numerical_stability.py
?? tests/test_fit_objective_gradient.py
