# 2026-09-24T13:27:19Z commit 827a227458661c4dd4b3a196600ab5accbd9ae60 dirty_entries=0
uv sync exit=0
brasileirao-predictor 0.3.0rc3
validate_env_example exit=0
preservado (já existe): data/matches.db
seed exit=0
All checks passed!
ruff check exit=0
467 files already formatted
ruff format exit=0
0 errors, 0 warnings, 0 informations
pyright exit=0
  /home/superleo13/predictors/runtime/brasileirao2/venv/lib/python3.13/site-packages/scipy/optimize/_numdiff.py:710: RuntimeWarning: invalid value encountered in subtract
    df = [f_eval - f0 for f_eval in f_evals]

tests/test_result_availability_guard.py::test_jogo_em_andamento_no_horizonte_nao_entra_no_ajuste[serving]
tests/test_result_availability_guard.py::test_resultado_disponivel_entra_no_ajuste[serving]
  /home/superleo13/predictors/work/brasileirao2-brasileirao-predictor/brasileirao_predictor/serving_evaluator.py:218: RuntimeWarning: fit_goal_model: parametro b=4.0000 cravado no bound [-1, 4] — verifique o formato do history (diff, hs, as)
    self.params = model.fit_goal_model(hist_cal, sample_weights=weights)

-- Docs: https://docs.pytest.org/en/stable/how-to/capture-warnings.html
=========================== short test summary info ============================
SKIPPED [1] tests/test_run_passive_process_tree.py:15: Windows process-tree regression
2318 passed, 1 skipped, 30 deselected, 5 warnings, 30 subtests passed in 197.14s (0:03:17)
pytest exit=0
# git status after: 0
