### 1 propose
$ C:\Cripto\qualificacao\runtime\integration-crypto\venv-cain\Scripts\cain.exe research propose --domain crypto --state C:\Cripto\qualificacao\runtime\integration-crypto\transport-rc6-test\out-windows\it01\cain --proposal C:\Cripto\qualificacao\runtime\integration-crypto\stage-ciclo3b\mission\fixtures\proposals\e2e\01-allow.json --as-of 2026-09-29T12:00:00Z
{"decision": "ALLOW", "episode_id": "crypto:episode-1", "reason_code": "ALLOWED", "receipt_sha256": "d364ff5a3e2d04c1d3032650a6d7a73088ee668bc2a361792e2e481b76ecccb4", "rule": "R14", "status": "RECORDED", "task": {"payload_sha256": "5fe20eb7b93d743530485cae313699a24e6bde31926371024ff20b8d3ef89beb", "previous_task_id": null, "task_id": "crypto:TASK-02bf95b3940c9a226f8a9ae2a37a11a3"}}
--- exit 0
### 1 dispatch
$ C:\Cripto\qualificacao\runtime\integration-crypto\venv-cain\Scripts\cain.exe research dispatch --domain crypto --state C:\Cripto\qualificacao\runtime\integration-crypto\transport-rc6-test\out-windows\it01\cain --spool C:\Cripto\qualificacao\runtime\integration-crypto\transport-rc6-test\out-windows\it01\spool
{"action": "dispatched", "file": "crypto/tasks/TASK-02bf95b3940c9a226f8a9ae2a37a11a3.json", "spool": "WRITTEN", "task_id": "crypto:TASK-02bf95b3940c9a226f8a9ae2a37a11a3"}
--- exit 0
### 1 consumer 0
{"action": "delivered", "attempt": 1, "class": "TERMINAL_RESULT", "episode_id": "crypto:episode-1", "result_file": "crypto/results/TASK-02bf95b3940c9a226f8a9ae2a37a11a3.e796c95326bcb4d4.json", "result_write": "WRITTEN", "status": "RESULT", "task_id": "crypto:TASK-02bf95b3940c9a226f8a9ae2a37a11a3"}
{"duration_ms": 424, "event": "job_finished", "job_id": "crypto-research-159fdfb2ad2ccd8f8d612a36", "level": "INFO", "run_id": "652ae5f7661d45b696c370c4c0f8eaec", "run_status": "SUCCEEDED", "service": "predictor_ops", "timestamp": "2026-09-28T16:56:46.618699Z"}
--- exit 0
### 1 consumer 1
{"action": "busy", "code": "CONSUMER_BUSY", "domain": "crypto"}
--- exit 6
### 1 ingest
$ C:\Cripto\qualificacao\runtime\integration-crypto\venv-cain\Scripts\cain.exe research ingest --domain crypto --state C:\Cripto\qualificacao\runtime\integration-crypto\transport-rc6-test\out-windows\it01\cain --spool C:\Cripto\qualificacao\runtime\integration-crypto\transport-rc6-test\out-windows\it01\spool
{"action": "ingested", "class": "TERMINAL_RESULT", "fact": "fact:9eeafb3e162345da8a375f6cf076f9f7", "file": "TASK-02bf95b3940c9a226f8a9ae2a37a11a3.e796c95326bcb4d4.json", "status": "RESULT", "task_id": "crypto:TASK-02bf95b3940c9a226f8a9ae2a37a11a3"}
--- exit 0
### 1 episodes
$ C:\Cripto\qualificacao\runtime\integration-crypto\venv-cain\Scripts\cain.exe research episodes --domain crypto --state C:\Cripto\qualificacao\runtime\integration-crypto\transport-rc6-test\out-windows\it01\cain
{"domain": "crypto", "episodes": [{"as_of": "2026-09-29T12:00:00Z", "decision": "ALLOW", "number": 1, "outbox": {"dispatches": 1, "retries_requested": 0, "status": "PUBLISHED", "task_id": "crypto:TASK-02bf95b3940c9a226f8a9ae2a37a11a3"}, "proposal_id": "cain:E2E-01", "reason_code": "ALLOWED", "receipt_sha256": "d364ff5a3e2d04c1d3032650a6d7a73088ee668bc2a361792e2e481b76ecccb4", "source": "operator", "task_id": "crypto:TASK-02bf95b3940c9a226f8a9ae2a37a11a3"}], "inbox": [{"class": "TERMINAL_RESULT", "fact_id": "fact:9eeafb3e162345da8a375f6cf076f9f7", "payload_sha256": "fe9a6aea0c428eb8ddf133dbc1c4e273ad312519eea2d9e205a1551494fec5a2", "status": "RESULT", "task_id": "crypto:TASK-02bf95b3940c9a226f8a9ae2a37a11a3"}], "memory": {"broken_at": null, "entries": 1, "head": "a33716ff80918de98372c2bab9365cc3b1fd9b56d41ddca2a2c4797c7d0765ef", "head_recorded_at": "2026-09-28T16:56:46.885942Z", "projection": "consistent", "status": "intact"}, "rejections": []}
--- exit 0
### 2 propose
$ C:\Cripto\qualificacao\runtime\integration-crypto\venv-cain\Scripts\cain.exe research propose --domain crypto --state C:\Cripto\qualificacao\runtime\integration-crypto\transport-rc6-test\out-windows\it02\cain --proposal C:\Cripto\qualificacao\runtime\integration-crypto\stage-ciclo3b\mission\fixtures\proposals\e2e\01-allow.json --as-of 2026-09-29T12:00:00Z
{"decision": "ALLOW", "episode_id": "crypto:episode-1", "reason_code": "ALLOWED", "receipt_sha256": "d364ff5a3e2d04c1d3032650a6d7a73088ee668bc2a361792e2e481b76ecccb4", "rule": "R14", "status": "RECORDED", "task": {"payload_sha256": "5fe20eb7b93d743530485cae313699a24e6bde31926371024ff20b8d3ef89beb", "previous_task_id": null, "task_id": "crypto:TASK-02bf95b3940c9a226f8a9ae2a37a11a3"}}
--- exit 0
### 2 dispatch
$ C:\Cripto\qualificacao\runtime\integration-crypto\venv-cain\Scripts\cain.exe research dispatch --domain crypto --state C:\Cripto\qualificacao\runtime\integration-crypto\transport-rc6-test\out-windows\it02\cain --spool C:\Cripto\qualificacao\runtime\integration-crypto\transport-rc6-test\out-windows\it02\spool
{"action": "dispatched", "file": "crypto/tasks/TASK-02bf95b3940c9a226f8a9ae2a37a11a3.json", "spool": "WRITTEN", "task_id": "crypto:TASK-02bf95b3940c9a226f8a9ae2a37a11a3"}
--- exit 0
### 2 consumer 0
{"action": "busy", "code": "CONSUMER_BUSY", "domain": "crypto"}
--- exit 6
### 2 consumer 1
{"action": "delivered", "attempt": 1, "class": "TERMINAL_RESULT", "episode_id": "crypto:episode-1", "result_file": "crypto/results/TASK-02bf95b3940c9a226f8a9ae2a37a11a3.1b3090240bb01e01.json", "result_write": "WRITTEN", "status": "RESULT", "task_id": "crypto:TASK-02bf95b3940c9a226f8a9ae2a37a11a3"}
{"duration_ms": 401, "event": "job_finished", "job_id": "crypto-research-159fdfb2ad2ccd8f8d612a36", "level": "INFO", "run_id": "50c998849da34943a565d8f25caae954", "run_status": "SUCCEEDED", "service": "predictor_ops", "timestamp": "2026-09-28T16:56:48.266662Z"}
--- exit 0
### 2 ingest
$ C:\Cripto\qualificacao\runtime\integration-crypto\venv-cain\Scripts\cain.exe research ingest --domain crypto --state C:\Cripto\qualificacao\runtime\integration-crypto\transport-rc6-test\out-windows\it02\cain --spool C:\Cripto\qualificacao\runtime\integration-crypto\transport-rc6-test\out-windows\it02\spool
{"action": "ingested", "class": "TERMINAL_RESULT", "fact": "fact:438dacb3aa40492fae0bacc29ab46b6b", "file": "TASK-02bf95b3940c9a226f8a9ae2a37a11a3.1b3090240bb01e01.json", "status": "RESULT", "task_id": "crypto:TASK-02bf95b3940c9a226f8a9ae2a37a11a3"}
--- exit 0
### 2 episodes
$ C:\Cripto\qualificacao\runtime\integration-crypto\venv-cain\Scripts\cain.exe research episodes --domain crypto --state C:\Cripto\qualificacao\runtime\integration-crypto\transport-rc6-test\out-windows\it02\cain
{"domain": "crypto", "episodes": [{"as_of": "2026-09-29T12:00:00Z", "decision": "ALLOW", "number": 1, "outbox": {"dispatches": 1, "retries_requested": 0, "status": "PUBLISHED", "task_id": "crypto:TASK-02bf95b3940c9a226f8a9ae2a37a11a3"}, "proposal_id": "cain:E2E-01", "reason_code": "ALLOWED", "receipt_sha256": "d364ff5a3e2d04c1d3032650a6d7a73088ee668bc2a361792e2e481b76ecccb4", "source": "operator", "task_id": "crypto:TASK-02bf95b3940c9a226f8a9ae2a37a11a3"}], "inbox": [{"class": "TERMINAL_RESULT", "fact_id": "fact:438dacb3aa40492fae0bacc29ab46b6b", "payload_sha256": "7c72bc64b7c2a7b07388811b965798d97a41144885359c7bf2d2afb4a2403294", "status": "RESULT", "task_id": "crypto:TASK-02bf95b3940c9a226f8a9ae2a37a11a3"}], "memory": {"broken_at": null, "entries": 1, "head": "f565fe9076031168d18aa5322344a9cd2803429b99e071a1ab8d54859d1900a4", "head_recorded_at": "2026-09-28T16:56:48.528305Z", "projection": "consistent", "status": "intact"}, "rejections": []}
--- exit 0
### 3 propose
$ C:\Cripto\qualificacao\runtime\integration-crypto\venv-cain\Scripts\cain.exe research propose --domain crypto --state C:\Cripto\qualificacao\runtime\integration-crypto\transport-rc6-test\out-windows\it03\cain --proposal C:\Cripto\qualificacao\runtime\integration-crypto\stage-ciclo3b\mission\fixtures\proposals\e2e\01-allow.json --as-of 2026-09-29T12:00:00Z
{"decision": "ALLOW", "episode_id": "crypto:episode-1", "reason_code": "ALLOWED", "receipt_sha256": "d364ff5a3e2d04c1d3032650a6d7a73088ee668bc2a361792e2e481b76ecccb4", "rule": "R14", "status": "RECORDED", "task": {"payload_sha256": "5fe20eb7b93d743530485cae313699a24e6bde31926371024ff20b8d3ef89beb", "previous_task_id": null, "task_id": "crypto:TASK-02bf95b3940c9a226f8a9ae2a37a11a3"}}
--- exit 0
### 3 dispatch
$ C:\Cripto\qualificacao\runtime\integration-crypto\venv-cain\Scripts\cain.exe research dispatch --domain crypto --state C:\Cripto\qualificacao\runtime\integration-crypto\transport-rc6-test\out-windows\it03\cain --spool C:\Cripto\qualificacao\runtime\integration-crypto\transport-rc6-test\out-windows\it03\spool
{"action": "dispatched", "file": "crypto/tasks/TASK-02bf95b3940c9a226f8a9ae2a37a11a3.json", "spool": "WRITTEN", "task_id": "crypto:TASK-02bf95b3940c9a226f8a9ae2a37a11a3"}
--- exit 0
### 3 consumer 0
{"action": "delivered", "attempt": 1, "class": "TERMINAL_RESULT", "episode_id": "crypto:episode-1", "result_file": "crypto/results/TASK-02bf95b3940c9a226f8a9ae2a37a11a3.0735d9645e314f39.json", "result_write": "WRITTEN", "status": "RESULT", "task_id": "crypto:TASK-02bf95b3940c9a226f8a9ae2a37a11a3"}
{"duration_ms": 402, "event": "job_finished", "job_id": "crypto-research-159fdfb2ad2ccd8f8d612a36", "level": "INFO", "run_id": "a8a95af4946b44f2af21d2d742141acd", "run_status": "SUCCEEDED", "service": "predictor_ops", "timestamp": "2026-09-28T16:56:49.908407Z"}
--- exit 0
### 3 consumer 1
{"action": "busy", "code": "CONSUMER_BUSY", "domain": "crypto"}
--- exit 6
### 3 ingest
$ C:\Cripto\qualificacao\runtime\integration-crypto\venv-cain\Scripts\cain.exe research ingest --domain crypto --state C:\Cripto\qualificacao\runtime\integration-crypto\transport-rc6-test\out-windows\it03\cain --spool C:\Cripto\qualificacao\runtime\integration-crypto\transport-rc6-test\out-windows\it03\spool
{"action": "ingested", "class": "TERMINAL_RESULT", "fact": "fact:09a2ff4d916841e485b605e1eb535be9", "file": "TASK-02bf95b3940c9a226f8a9ae2a37a11a3.0735d9645e314f39.json", "status": "RESULT", "task_id": "crypto:TASK-02bf95b3940c9a226f8a9ae2a37a11a3"}
--- exit 0
### 3 episodes
$ C:\Cripto\qualificacao\runtime\integration-crypto\venv-cain\Scripts\cain.exe research episodes --domain crypto --state C:\Cripto\qualificacao\runtime\integration-crypto\transport-rc6-test\out-windows\it03\cain
{"domain": "crypto", "episodes": [{"as_of": "2026-09-29T12:00:00Z", "decision": "ALLOW", "number": 1, "outbox": {"dispatches": 1, "retries_requested": 0, "status": "PUBLISHED", "task_id": "crypto:TASK-02bf95b3940c9a226f8a9ae2a37a11a3"}, "proposal_id": "cain:E2E-01", "reason_code": "ALLOWED", "receipt_sha256": "d364ff5a3e2d04c1d3032650a6d7a73088ee668bc2a361792e2e481b76ecccb4", "source": "operator", "task_id": "crypto:TASK-02bf95b3940c9a226f8a9ae2a37a11a3"}], "inbox": [{"class": "TERMINAL_RESULT", "fact_id": "fact:09a2ff4d916841e485b605e1eb535be9", "payload_sha256": "13e67fa8dfdb328fba24983acdfe109e5d7e7055fd96c4ffc3ade4b0ee476e8b", "status": "RESULT", "task_id": "crypto:TASK-02bf95b3940c9a226f8a9ae2a37a11a3"}], "memory": {"broken_at": null, "entries": 1, "head": "209095b89e5b1d697862616aa227aa385b4ca56cdcad8a8a837fdaf670dbda34", "head_recorded_at": "2026-09-28T16:56:50.162878Z", "projection": "consistent", "status": "intact"}, "rejections": []}
--- exit 0
### 4 propose
$ C:\Cripto\qualificacao\runtime\integration-crypto\venv-cain\Scripts\cain.exe research propose --domain crypto --state C:\Cripto\qualificacao\runtime\integration-crypto\transport-rc6-test\out-windows\it04\cain --proposal C:\Cripto\qualificacao\runtime\integration-crypto\stage-ciclo3b\mission\fixtures\proposals\e2e\01-allow.json --as-of 2026-09-29T12:00:00Z
{"decision": "ALLOW", "episode_id": "crypto:episode-1", "reason_code": "ALLOWED", "receipt_sha256": "d364ff5a3e2d04c1d3032650a6d7a73088ee668bc2a361792e2e481b76ecccb4", "rule": "R14", "status": "RECORDED", "task": {"payload_sha256": "5fe20eb7b93d743530485cae313699a24e6bde31926371024ff20b8d3ef89beb", "previous_task_id": null, "task_id": "crypto:TASK-02bf95b3940c9a226f8a9ae2a37a11a3"}}
--- exit 0
### 4 dispatch
$ C:\Cripto\qualificacao\runtime\integration-crypto\venv-cain\Scripts\cain.exe research dispatch --domain crypto --state C:\Cripto\qualificacao\runtime\integration-crypto\transport-rc6-test\out-windows\it04\cain --spool C:\Cripto\qualificacao\runtime\integration-crypto\transport-rc6-test\out-windows\it04\spool
{"action": "dispatched", "file": "crypto/tasks/TASK-02bf95b3940c9a226f8a9ae2a37a11a3.json", "spool": "WRITTEN", "task_id": "crypto:TASK-02bf95b3940c9a226f8a9ae2a37a11a3"}
--- exit 0
### 4 consumer 0
{"action": "busy", "code": "CONSUMER_BUSY", "domain": "crypto"}
--- exit 6
### 4 consumer 1
{"action": "delivered", "attempt": 1, "class": "TERMINAL_RESULT", "episode_id": "crypto:episode-1", "result_file": "crypto/results/TASK-02bf95b3940c9a226f8a9ae2a37a11a3.4cc4bd77c85bd634.json", "result_write": "WRITTEN", "status": "RESULT", "task_id": "crypto:TASK-02bf95b3940c9a226f8a9ae2a37a11a3"}
{"duration_ms": 410, "event": "job_finished", "job_id": "crypto-research-159fdfb2ad2ccd8f8d612a36", "level": "INFO", "run_id": "441f1773c1a54815bba39caf62ae6655", "run_status": "SUCCEEDED", "service": "predictor_ops", "timestamp": "2026-09-28T16:56:51.544100Z"}
--- exit 0
### 4 ingest
$ C:\Cripto\qualificacao\runtime\integration-crypto\venv-cain\Scripts\cain.exe research ingest --domain crypto --state C:\Cripto\qualificacao\runtime\integration-crypto\transport-rc6-test\out-windows\it04\cain --spool C:\Cripto\qualificacao\runtime\integration-crypto\transport-rc6-test\out-windows\it04\spool
{"action": "ingested", "class": "TERMINAL_RESULT", "fact": "fact:ae6fed5fe89949eba9860d99bf02917f", "file": "TASK-02bf95b3940c9a226f8a9ae2a37a11a3.4cc4bd77c85bd634.json", "status": "RESULT", "task_id": "crypto:TASK-02bf95b3940c9a226f8a9ae2a37a11a3"}
--- exit 0
### 4 episodes
$ C:\Cripto\qualificacao\runtime\integration-crypto\venv-cain\Scripts\cain.exe research episodes --domain crypto --state C:\Cripto\qualificacao\runtime\integration-crypto\transport-rc6-test\out-windows\it04\cain
{"domain": "crypto", "episodes": [{"as_of": "2026-09-29T12:00:00Z", "decision": "ALLOW", "number": 1, "outbox": {"dispatches": 1, "retries_requested": 0, "status": "PUBLISHED", "task_id": "crypto:TASK-02bf95b3940c9a226f8a9ae2a37a11a3"}, "proposal_id": "cain:E2E-01", "reason_code": "ALLOWED", "receipt_sha256": "d364ff5a3e2d04c1d3032650a6d7a73088ee668bc2a361792e2e481b76ecccb4", "source": "operator", "task_id": "crypto:TASK-02bf95b3940c9a226f8a9ae2a37a11a3"}], "inbox": [{"class": "TERMINAL_RESULT", "fact_id": "fact:ae6fed5fe89949eba9860d99bf02917f", "payload_sha256": "a3d5874ca738c9cb8aa9c31cad0f0b549582af6c38499cbe404dab6971eb65e4", "status": "RESULT", "task_id": "crypto:TASK-02bf95b3940c9a226f8a9ae2a37a11a3"}], "memory": {"broken_at": null, "entries": 1, "head": "41555280f39386551e0f95d80f261f20ac92ac20cc8645db05c43a3c8d806f8e", "head_recorded_at": "2026-09-28T16:56:51.800812Z", "projection": "consistent", "status": "intact"}, "rejections": []}
--- exit 0
### 5 propose
$ C:\Cripto\qualificacao\runtime\integration-crypto\venv-cain\Scripts\cain.exe research propose --domain crypto --state C:\Cripto\qualificacao\runtime\integration-crypto\transport-rc6-test\out-windows\it05\cain --proposal C:\Cripto\qualificacao\runtime\integration-crypto\stage-ciclo3b\mission\fixtures\proposals\e2e\01-allow.json --as-of 2026-09-29T12:00:00Z
{"decision": "ALLOW", "episode_id": "crypto:episode-1", "reason_code": "ALLOWED", "receipt_sha256": "d364ff5a3e2d04c1d3032650a6d7a73088ee668bc2a361792e2e481b76ecccb4", "rule": "R14", "status": "RECORDED", "task": {"payload_sha256": "5fe20eb7b93d743530485cae313699a24e6bde31926371024ff20b8d3ef89beb", "previous_task_id": null, "task_id": "crypto:TASK-02bf95b3940c9a226f8a9ae2a37a11a3"}}
--- exit 0
### 5 dispatch
$ C:\Cripto\qualificacao\runtime\integration-crypto\venv-cain\Scripts\cain.exe research dispatch --domain crypto --state C:\Cripto\qualificacao\runtime\integration-crypto\transport-rc6-test\out-windows\it05\cain --spool C:\Cripto\qualificacao\runtime\integration-crypto\transport-rc6-test\out-windows\it05\spool
{"action": "dispatched", "file": "crypto/tasks/TASK-02bf95b3940c9a226f8a9ae2a37a11a3.json", "spool": "WRITTEN", "task_id": "crypto:TASK-02bf95b3940c9a226f8a9ae2a37a11a3"}
--- exit 0
### 5 consumer 0
{"action": "delivered", "attempt": 1, "class": "TERMINAL_RESULT", "episode_id": "crypto:episode-1", "result_file": "crypto/results/TASK-02bf95b3940c9a226f8a9ae2a37a11a3.95fc6295fe2cda01.json", "result_write": "WRITTEN", "status": "RESULT", "task_id": "crypto:TASK-02bf95b3940c9a226f8a9ae2a37a11a3"}
{"duration_ms": 412, "event": "job_finished", "job_id": "crypto-research-159fdfb2ad2ccd8f8d612a36", "level": "INFO", "run_id": "5109fa9a1bb846c8bb0bd2c49946484e", "run_status": "SUCCEEDED", "service": "predictor_ops", "timestamp": "2026-09-28T16:56:53.186967Z"}
--- exit 0
### 5 consumer 1
{"action": "busy", "code": "CONSUMER_BUSY", "domain": "crypto"}
--- exit 6
### 5 ingest
$ C:\Cripto\qualificacao\runtime\integration-crypto\venv-cain\Scripts\cain.exe research ingest --domain crypto --state C:\Cripto\qualificacao\runtime\integration-crypto\transport-rc6-test\out-windows\it05\cain --spool C:\Cripto\qualificacao\runtime\integration-crypto\transport-rc6-test\out-windows\it05\spool
{"action": "ingested", "class": "TERMINAL_RESULT", "fact": "fact:d35e5452961e42b9855c022aaf2fbb4c", "file": "TASK-02bf95b3940c9a226f8a9ae2a37a11a3.95fc6295fe2cda01.json", "status": "RESULT", "task_id": "crypto:TASK-02bf95b3940c9a226f8a9ae2a37a11a3"}
--- exit 0
### 5 episodes
$ C:\Cripto\qualificacao\runtime\integration-crypto\venv-cain\Scripts\cain.exe research episodes --domain crypto --state C:\Cripto\qualificacao\runtime\integration-crypto\transport-rc6-test\out-windows\it05\cain
{"domain": "crypto", "episodes": [{"as_of": "2026-09-29T12:00:00Z", "decision": "ALLOW", "number": 1, "outbox": {"dispatches": 1, "retries_requested": 0, "status": "PUBLISHED", "task_id": "crypto:TASK-02bf95b3940c9a226f8a9ae2a37a11a3"}, "proposal_id": "cain:E2E-01", "reason_code": "ALLOWED", "receipt_sha256": "d364ff5a3e2d04c1d3032650a6d7a73088ee668bc2a361792e2e481b76ecccb4", "source": "operator", "task_id": "crypto:TASK-02bf95b3940c9a226f8a9ae2a37a11a3"}], "inbox": [{"class": "TERMINAL_RESULT", "fact_id": "fact:d35e5452961e42b9855c022aaf2fbb4c", "payload_sha256": "ec62a45d394963e6c792a53ce1b2fe1d983a34922d910245a8ddb76fbbb97907", "status": "RESULT", "task_id": "crypto:TASK-02bf95b3940c9a226f8a9ae2a37a11a3"}], "memory": {"broken_at": null, "entries": 1, "head": "efdda31c608a5c198c43cb9ef84476c76ba0be9dbd106a466148338f62187c21", "head_recorded_at": "2026-09-28T16:56:53.451403Z", "projection": "consistent", "status": "intact"}, "rejections": []}
--- exit 0
### 6 propose
$ C:\Cripto\qualificacao\runtime\integration-crypto\venv-cain\Scripts\cain.exe research propose --domain crypto --state C:\Cripto\qualificacao\runtime\integration-crypto\transport-rc6-test\out-windows\it06\cain --proposal C:\Cripto\qualificacao\runtime\integration-crypto\stage-ciclo3b\mission\fixtures\proposals\e2e\01-allow.json --as-of 2026-09-29T12:00:00Z
{"decision": "ALLOW", "episode_id": "crypto:episode-1", "reason_code": "ALLOWED", "receipt_sha256": "d364ff5a3e2d04c1d3032650a6d7a73088ee668bc2a361792e2e481b76ecccb4", "rule": "R14", "status": "RECORDED", "task": {"payload_sha256": "5fe20eb7b93d743530485cae313699a24e6bde31926371024ff20b8d3ef89beb", "previous_task_id": null, "task_id": "crypto:TASK-02bf95b3940c9a226f8a9ae2a37a11a3"}}
--- exit 0
### 6 dispatch
$ C:\Cripto\qualificacao\runtime\integration-crypto\venv-cain\Scripts\cain.exe research dispatch --domain crypto --state C:\Cripto\qualificacao\runtime\integration-crypto\transport-rc6-test\out-windows\it06\cain --spool C:\Cripto\qualificacao\runtime\integration-crypto\transport-rc6-test\out-windows\it06\spool
{"action": "dispatched", "file": "crypto/tasks/TASK-02bf95b3940c9a226f8a9ae2a37a11a3.json", "spool": "WRITTEN", "task_id": "crypto:TASK-02bf95b3940c9a226f8a9ae2a37a11a3"}
--- exit 0
### 6 consumer 0
{"action": "delivered", "attempt": 1, "class": "TERMINAL_RESULT", "episode_id": "crypto:episode-1", "result_file": "crypto/results/TASK-02bf95b3940c9a226f8a9ae2a37a11a3.0051a147f16629b8.json", "result_write": "WRITTEN", "status": "RESULT", "task_id": "crypto:TASK-02bf95b3940c9a226f8a9ae2a37a11a3"}
{"duration_ms": 401, "event": "job_finished", "job_id": "crypto-research-159fdfb2ad2ccd8f8d612a36", "level": "INFO", "run_id": "c29d7fe6f397403ea0928693093c18a4", "run_status": "SUCCEEDED", "service": "predictor_ops", "timestamp": "2026-09-28T16:56:54.840236Z"}
--- exit 0
### 6 consumer 1
{"action": "busy", "code": "CONSUMER_BUSY", "domain": "crypto"}
--- exit 6
### 6 ingest
$ C:\Cripto\qualificacao\runtime\integration-crypto\venv-cain\Scripts\cain.exe research ingest --domain crypto --state C:\Cripto\qualificacao\runtime\integration-crypto\transport-rc6-test\out-windows\it06\cain --spool C:\Cripto\qualificacao\runtime\integration-crypto\transport-rc6-test\out-windows\it06\spool
{"action": "ingested", "class": "TERMINAL_RESULT", "fact": "fact:f564332d65c041859e744e8911b223d1", "file": "TASK-02bf95b3940c9a226f8a9ae2a37a11a3.0051a147f16629b8.json", "status": "RESULT", "task_id": "crypto:TASK-02bf95b3940c9a226f8a9ae2a37a11a3"}
--- exit 0
### 6 episodes
$ C:\Cripto\qualificacao\runtime\integration-crypto\venv-cain\Scripts\cain.exe research episodes --domain crypto --state C:\Cripto\qualificacao\runtime\integration-crypto\transport-rc6-test\out-windows\it06\cain
{"domain": "crypto", "episodes": [{"as_of": "2026-09-29T12:00:00Z", "decision": "ALLOW", "number": 1, "outbox": {"dispatches": 1, "retries_requested": 0, "status": "PUBLISHED", "task_id": "crypto:TASK-02bf95b3940c9a226f8a9ae2a37a11a3"}, "proposal_id": "cain:E2E-01", "reason_code": "ALLOWED", "receipt_sha256": "d364ff5a3e2d04c1d3032650a6d7a73088ee668bc2a361792e2e481b76ecccb4", "source": "operator", "task_id": "crypto:TASK-02bf95b3940c9a226f8a9ae2a37a11a3"}], "inbox": [{"class": "TERMINAL_RESULT", "fact_id": "fact:f564332d65c041859e744e8911b223d1", "payload_sha256": "370b96153b49931545a95fc2e1c66c8b0c66596eff45086872971d68c8d21085", "status": "RESULT", "task_id": "crypto:TASK-02bf95b3940c9a226f8a9ae2a37a11a3"}], "memory": {"broken_at": null, "entries": 1, "head": "56533e3b636154e040768c238572bba49eec737187c945b079ffa3e19ffba459", "head_recorded_at": "2026-09-28T16:56:55.109019Z", "projection": "consistent", "status": "intact"}, "rejections": []}
--- exit 0
### 7 propose
$ C:\Cripto\qualificacao\runtime\integration-crypto\venv-cain\Scripts\cain.exe research propose --domain crypto --state C:\Cripto\qualificacao\runtime\integration-crypto\transport-rc6-test\out-windows\it07\cain --proposal C:\Cripto\qualificacao\runtime\integration-crypto\stage-ciclo3b\mission\fixtures\proposals\e2e\01-allow.json --as-of 2026-09-29T12:00:00Z
{"decision": "ALLOW", "episode_id": "crypto:episode-1", "reason_code": "ALLOWED", "receipt_sha256": "d364ff5a3e2d04c1d3032650a6d7a73088ee668bc2a361792e2e481b76ecccb4", "rule": "R14", "status": "RECORDED", "task": {"payload_sha256": "5fe20eb7b93d743530485cae313699a24e6bde31926371024ff20b8d3ef89beb", "previous_task_id": null, "task_id": "crypto:TASK-02bf95b3940c9a226f8a9ae2a37a11a3"}}
--- exit 0
### 7 dispatch
$ C:\Cripto\qualificacao\runtime\integration-crypto\venv-cain\Scripts\cain.exe research dispatch --domain crypto --state C:\Cripto\qualificacao\runtime\integration-crypto\transport-rc6-test\out-windows\it07\cain --spool C:\Cripto\qualificacao\runtime\integration-crypto\transport-rc6-test\out-windows\it07\spool
{"action": "dispatched", "file": "crypto/tasks/TASK-02bf95b3940c9a226f8a9ae2a37a11a3.json", "spool": "WRITTEN", "task_id": "crypto:TASK-02bf95b3940c9a226f8a9ae2a37a11a3"}
--- exit 0
### 7 consumer 0
{"action": "delivered", "attempt": 1, "class": "TERMINAL_RESULT", "episode_id": "crypto:episode-1", "result_file": "crypto/results/TASK-02bf95b3940c9a226f8a9ae2a37a11a3.23b9efa3285bf51f.json", "result_write": "WRITTEN", "status": "RESULT", "task_id": "crypto:TASK-02bf95b3940c9a226f8a9ae2a37a11a3"}
{"duration_ms": 403, "event": "job_finished", "job_id": "crypto-research-159fdfb2ad2ccd8f8d612a36", "level": "INFO", "run_id": "2eb128dde35640fdb48267f41e423f64", "run_status": "SUCCEEDED", "service": "predictor_ops", "timestamp": "2026-09-28T16:56:56.519698Z"}
--- exit 0
### 7 consumer 1
{"action": "busy", "code": "CONSUMER_BUSY", "domain": "crypto"}
--- exit 6
### 7 ingest
$ C:\Cripto\qualificacao\runtime\integration-crypto\venv-cain\Scripts\cain.exe research ingest --domain crypto --state C:\Cripto\qualificacao\runtime\integration-crypto\transport-rc6-test\out-windows\it07\cain --spool C:\Cripto\qualificacao\runtime\integration-crypto\transport-rc6-test\out-windows\it07\spool
{"action": "ingested", "class": "TERMINAL_RESULT", "fact": "fact:749364dcbe4e42a9884c25d809f1366d", "file": "TASK-02bf95b3940c9a226f8a9ae2a37a11a3.23b9efa3285bf51f.json", "status": "RESULT", "task_id": "crypto:TASK-02bf95b3940c9a226f8a9ae2a37a11a3"}
--- exit 0
### 7 episodes
$ C:\Cripto\qualificacao\runtime\integration-crypto\venv-cain\Scripts\cain.exe research episodes --domain crypto --state C:\Cripto\qualificacao\runtime\integration-crypto\transport-rc6-test\out-windows\it07\cain
{"domain": "crypto", "episodes": [{"as_of": "2026-09-29T12:00:00Z", "decision": "ALLOW", "number": 1, "outbox": {"dispatches": 1, "retries_requested": 0, "status": "PUBLISHED", "task_id": "crypto:TASK-02bf95b3940c9a226f8a9ae2a37a11a3"}, "proposal_id": "cain:E2E-01", "reason_code": "ALLOWED", "receipt_sha256": "d364ff5a3e2d04c1d3032650a6d7a73088ee668bc2a361792e2e481b76ecccb4", "source": "operator", "task_id": "crypto:TASK-02bf95b3940c9a226f8a9ae2a37a11a3"}], "inbox": [{"class": "TERMINAL_RESULT", "fact_id": "fact:749364dcbe4e42a9884c25d809f1366d", "payload_sha256": "5f0f8649c30e0000d5fde1fe2036a8df9139c7f03cfc7fb30a9fb684ccb7e0dc", "status": "RESULT", "task_id": "crypto:TASK-02bf95b3940c9a226f8a9ae2a37a11a3"}], "memory": {"broken_at": null, "entries": 1, "head": "d5472f33c20b5f5457a31c88ce3dfd9dac50c2413772f1c95536c5ae392ce515", "head_recorded_at": "2026-09-28T16:56:56.808833Z", "projection": "consistent", "status": "intact"}, "rejections": []}
--- exit 0
### 8 propose
$ C:\Cripto\qualificacao\runtime\integration-crypto\venv-cain\Scripts\cain.exe research propose --domain crypto --state C:\Cripto\qualificacao\runtime\integration-crypto\transport-rc6-test\out-windows\it08\cain --proposal C:\Cripto\qualificacao\runtime\integration-crypto\stage-ciclo3b\mission\fixtures\proposals\e2e\01-allow.json --as-of 2026-09-29T12:00:00Z
{"decision": "ALLOW", "episode_id": "crypto:episode-1", "reason_code": "ALLOWED", "receipt_sha256": "d364ff5a3e2d04c1d3032650a6d7a73088ee668bc2a361792e2e481b76ecccb4", "rule": "R14", "status": "RECORDED", "task": {"payload_sha256": "5fe20eb7b93d743530485cae313699a24e6bde31926371024ff20b8d3ef89beb", "previous_task_id": null, "task_id": "crypto:TASK-02bf95b3940c9a226f8a9ae2a37a11a3"}}
--- exit 0
### 8 dispatch
$ C:\Cripto\qualificacao\runtime\integration-crypto\venv-cain\Scripts\cain.exe research dispatch --domain crypto --state C:\Cripto\qualificacao\runtime\integration-crypto\transport-rc6-test\out-windows\it08\cain --spool C:\Cripto\qualificacao\runtime\integration-crypto\transport-rc6-test\out-windows\it08\spool
{"action": "dispatched", "file": "crypto/tasks/TASK-02bf95b3940c9a226f8a9ae2a37a11a3.json", "spool": "WRITTEN", "task_id": "crypto:TASK-02bf95b3940c9a226f8a9ae2a37a11a3"}
--- exit 0
### 8 consumer 0
{"action": "busy", "code": "CONSUMER_BUSY", "domain": "crypto"}
--- exit 6
### 8 consumer 1
{"action": "delivered", "attempt": 1, "class": "TERMINAL_RESULT", "episode_id": "crypto:episode-1", "result_file": "crypto/results/TASK-02bf95b3940c9a226f8a9ae2a37a11a3.4b667950253ec1de.json", "result_write": "WRITTEN", "status": "RESULT", "task_id": "crypto:TASK-02bf95b3940c9a226f8a9ae2a37a11a3"}
{"duration_ms": 400, "event": "job_finished", "job_id": "crypto-research-159fdfb2ad2ccd8f8d612a36", "level": "INFO", "run_id": "14827530de70403e81b2b591e79b0f5f", "run_status": "SUCCEEDED", "service": "predictor_ops", "timestamp": "2026-09-28T16:56:58.173693Z"}
--- exit 0
### 8 ingest
$ C:\Cripto\qualificacao\runtime\integration-crypto\venv-cain\Scripts\cain.exe research ingest --domain crypto --state C:\Cripto\qualificacao\runtime\integration-crypto\transport-rc6-test\out-windows\it08\cain --spool C:\Cripto\qualificacao\runtime\integration-crypto\transport-rc6-test\out-windows\it08\spool
{"action": "ingested", "class": "TERMINAL_RESULT", "fact": "fact:82f8bb13a5af4bb08bbd5b637253b398", "file": "TASK-02bf95b3940c9a226f8a9ae2a37a11a3.4b667950253ec1de.json", "status": "RESULT", "task_id": "crypto:TASK-02bf95b3940c9a226f8a9ae2a37a11a3"}
--- exit 0
### 8 episodes
$ C:\Cripto\qualificacao\runtime\integration-crypto\venv-cain\Scripts\cain.exe research episodes --domain crypto --state C:\Cripto\qualificacao\runtime\integration-crypto\transport-rc6-test\out-windows\it08\cain
{"domain": "crypto", "episodes": [{"as_of": "2026-09-29T12:00:00Z", "decision": "ALLOW", "number": 1, "outbox": {"dispatches": 1, "retries_requested": 0, "status": "PUBLISHED", "task_id": "crypto:TASK-02bf95b3940c9a226f8a9ae2a37a11a3"}, "proposal_id": "cain:E2E-01", "reason_code": "ALLOWED", "receipt_sha256": "d364ff5a3e2d04c1d3032650a6d7a73088ee668bc2a361792e2e481b76ecccb4", "source": "operator", "task_id": "crypto:TASK-02bf95b3940c9a226f8a9ae2a37a11a3"}], "inbox": [{"class": "TERMINAL_RESULT", "fact_id": "fact:82f8bb13a5af4bb08bbd5b637253b398", "payload_sha256": "7803b6fc65890429e922bd55d615f2e0460893d9cc81ee84aae4c3acca51dd5e", "status": "RESULT", "task_id": "crypto:TASK-02bf95b3940c9a226f8a9ae2a37a11a3"}], "memory": {"broken_at": null, "entries": 1, "head": "903be0f0763c3ce3f98364c6812d1ba63308c59fb202ecf705e65d9eb7edfc30", "head_recorded_at": "2026-09-28T16:56:58.435241Z", "projection": "consistent", "status": "intact"}, "rejections": []}
--- exit 0
### 9 propose
$ C:\Cripto\qualificacao\runtime\integration-crypto\venv-cain\Scripts\cain.exe research propose --domain crypto --state C:\Cripto\qualificacao\runtime\integration-crypto\transport-rc6-test\out-windows\it09\cain --proposal C:\Cripto\qualificacao\runtime\integration-crypto\stage-ciclo3b\mission\fixtures\proposals\e2e\01-allow.json --as-of 2026-09-29T12:00:00Z
{"decision": "ALLOW", "episode_id": "crypto:episode-1", "reason_code": "ALLOWED", "receipt_sha256": "d364ff5a3e2d04c1d3032650a6d7a73088ee668bc2a361792e2e481b76ecccb4", "rule": "R14", "status": "RECORDED", "task": {"payload_sha256": "5fe20eb7b93d743530485cae313699a24e6bde31926371024ff20b8d3ef89beb", "previous_task_id": null, "task_id": "crypto:TASK-02bf95b3940c9a226f8a9ae2a37a11a3"}}
--- exit 0
### 9 dispatch
$ C:\Cripto\qualificacao\runtime\integration-crypto\venv-cain\Scripts\cain.exe research dispatch --domain crypto --state C:\Cripto\qualificacao\runtime\integration-crypto\transport-rc6-test\out-windows\it09\cain --spool C:\Cripto\qualificacao\runtime\integration-crypto\transport-rc6-test\out-windows\it09\spool
{"action": "dispatched", "file": "crypto/tasks/TASK-02bf95b3940c9a226f8a9ae2a37a11a3.json", "spool": "WRITTEN", "task_id": "crypto:TASK-02bf95b3940c9a226f8a9ae2a37a11a3"}
--- exit 0
### 9 consumer 0
{"action": "busy", "code": "CONSUMER_BUSY", "domain": "crypto"}
--- exit 6
### 9 consumer 1
{"action": "delivered", "attempt": 1, "class": "TERMINAL_RESULT", "episode_id": "crypto:episode-1", "result_file": "crypto/results/TASK-02bf95b3940c9a226f8a9ae2a37a11a3.6f4f7e39aee7448d.json", "result_write": "WRITTEN", "status": "RESULT", "task_id": "crypto:TASK-02bf95b3940c9a226f8a9ae2a37a11a3"}
{"duration_ms": 424, "event": "job_finished", "job_id": "crypto-research-159fdfb2ad2ccd8f8d612a36", "level": "INFO", "run_id": "a99cf52e71d34447893f41a6e5af7be5", "run_status": "SUCCEEDED", "service": "predictor_ops", "timestamp": "2026-09-28T16:56:59.839606Z"}
--- exit 0
### 9 ingest
$ C:\Cripto\qualificacao\runtime\integration-crypto\venv-cain\Scripts\cain.exe research ingest --domain crypto --state C:\Cripto\qualificacao\runtime\integration-crypto\transport-rc6-test\out-windows\it09\cain --spool C:\Cripto\qualificacao\runtime\integration-crypto\transport-rc6-test\out-windows\it09\spool
{"action": "ingested", "class": "TERMINAL_RESULT", "fact": "fact:fd62496542804ee7bb6ee0bcd2dbf8d6", "file": "TASK-02bf95b3940c9a226f8a9ae2a37a11a3.6f4f7e39aee7448d.json", "status": "RESULT", "task_id": "crypto:TASK-02bf95b3940c9a226f8a9ae2a37a11a3"}
--- exit 0
### 9 episodes
$ C:\Cripto\qualificacao\runtime\integration-crypto\venv-cain\Scripts\cain.exe research episodes --domain crypto --state C:\Cripto\qualificacao\runtime\integration-crypto\transport-rc6-test\out-windows\it09\cain
{"domain": "crypto", "episodes": [{"as_of": "2026-09-29T12:00:00Z", "decision": "ALLOW", "number": 1, "outbox": {"dispatches": 1, "retries_requested": 0, "status": "PUBLISHED", "task_id": "crypto:TASK-02bf95b3940c9a226f8a9ae2a37a11a3"}, "proposal_id": "cain:E2E-01", "reason_code": "ALLOWED", "receipt_sha256": "d364ff5a3e2d04c1d3032650a6d7a73088ee668bc2a361792e2e481b76ecccb4", "source": "operator", "task_id": "crypto:TASK-02bf95b3940c9a226f8a9ae2a37a11a3"}], "inbox": [{"class": "TERMINAL_RESULT", "fact_id": "fact:fd62496542804ee7bb6ee0bcd2dbf8d6", "payload_sha256": "7f7d49175c882fe1864c9fd27c91ee1141e7e88fed5c413b25f80f6c3569f356", "status": "RESULT", "task_id": "crypto:TASK-02bf95b3940c9a226f8a9ae2a37a11a3"}], "memory": {"broken_at": null, "entries": 1, "head": "c7ffc86d9c87cd22e2bc8cf36a0e9cb65279e2f7ef7a811cccdf7f10410fcbe5", "head_recorded_at": "2026-09-28T16:57:00.100173Z", "projection": "consistent", "status": "intact"}, "rejections": []}
--- exit 0
### 10 propose
$ C:\Cripto\qualificacao\runtime\integration-crypto\venv-cain\Scripts\cain.exe research propose --domain crypto --state C:\Cripto\qualificacao\runtime\integration-crypto\transport-rc6-test\out-windows\it10\cain --proposal C:\Cripto\qualificacao\runtime\integration-crypto\stage-ciclo3b\mission\fixtures\proposals\e2e\01-allow.json --as-of 2026-09-29T12:00:00Z
{"decision": "ALLOW", "episode_id": "crypto:episode-1", "reason_code": "ALLOWED", "receipt_sha256": "d364ff5a3e2d04c1d3032650a6d7a73088ee668bc2a361792e2e481b76ecccb4", "rule": "R14", "status": "RECORDED", "task": {"payload_sha256": "5fe20eb7b93d743530485cae313699a24e6bde31926371024ff20b8d3ef89beb", "previous_task_id": null, "task_id": "crypto:TASK-02bf95b3940c9a226f8a9ae2a37a11a3"}}
--- exit 0
### 10 dispatch
$ C:\Cripto\qualificacao\runtime\integration-crypto\venv-cain\Scripts\cain.exe research dispatch --domain crypto --state C:\Cripto\qualificacao\runtime\integration-crypto\transport-rc6-test\out-windows\it10\cain --spool C:\Cripto\qualificacao\runtime\integration-crypto\transport-rc6-test\out-windows\it10\spool
{"action": "dispatched", "file": "crypto/tasks/TASK-02bf95b3940c9a226f8a9ae2a37a11a3.json", "spool": "WRITTEN", "task_id": "crypto:TASK-02bf95b3940c9a226f8a9ae2a37a11a3"}
--- exit 0
### 10 consumer 0
{"action": "busy", "code": "CONSUMER_BUSY", "domain": "crypto"}
--- exit 6
### 10 consumer 1
{"action": "delivered", "attempt": 1, "class": "TERMINAL_RESULT", "episode_id": "crypto:episode-1", "result_file": "crypto/results/TASK-02bf95b3940c9a226f8a9ae2a37a11a3.6eaddc2213e0f737.json", "result_write": "WRITTEN", "status": "RESULT", "task_id": "crypto:TASK-02bf95b3940c9a226f8a9ae2a37a11a3"}
{"duration_ms": 405, "event": "job_finished", "job_id": "crypto-research-159fdfb2ad2ccd8f8d612a36", "level": "INFO", "run_id": "47ee1daaffe74c7399fa517400725a0d", "run_status": "SUCCEEDED", "service": "predictor_ops", "timestamp": "2026-09-28T16:57:01.491059Z"}
--- exit 0
### 10 ingest
$ C:\Cripto\qualificacao\runtime\integration-crypto\venv-cain\Scripts\cain.exe research ingest --domain crypto --state C:\Cripto\qualificacao\runtime\integration-crypto\transport-rc6-test\out-windows\it10\cain --spool C:\Cripto\qualificacao\runtime\integration-crypto\transport-rc6-test\out-windows\it10\spool
{"action": "ingested", "class": "TERMINAL_RESULT", "fact": "fact:b396a635c9d64ba5958b56807091bc79", "file": "TASK-02bf95b3940c9a226f8a9ae2a37a11a3.6eaddc2213e0f737.json", "status": "RESULT", "task_id": "crypto:TASK-02bf95b3940c9a226f8a9ae2a37a11a3"}
--- exit 0
### 10 episodes
$ C:\Cripto\qualificacao\runtime\integration-crypto\venv-cain\Scripts\cain.exe research episodes --domain crypto --state C:\Cripto\qualificacao\runtime\integration-crypto\transport-rc6-test\out-windows\it10\cain
{"domain": "crypto", "episodes": [{"as_of": "2026-09-29T12:00:00Z", "decision": "ALLOW", "number": 1, "outbox": {"dispatches": 1, "retries_requested": 0, "status": "PUBLISHED", "task_id": "crypto:TASK-02bf95b3940c9a226f8a9ae2a37a11a3"}, "proposal_id": "cain:E2E-01", "reason_code": "ALLOWED", "receipt_sha256": "d364ff5a3e2d04c1d3032650a6d7a73088ee668bc2a361792e2e481b76ecccb4", "source": "operator", "task_id": "crypto:TASK-02bf95b3940c9a226f8a9ae2a37a11a3"}], "inbox": [{"class": "TERMINAL_RESULT", "fact_id": "fact:b396a635c9d64ba5958b56807091bc79", "payload_sha256": "ae4eed97aa85235df764867381256885fe058d5445c394bbd35e25b5d3d063ed", "status": "RESULT", "task_id": "crypto:TASK-02bf95b3940c9a226f8a9ae2a37a11a3"}], "memory": {"broken_at": null, "entries": 1, "head": "1e6d063ff77eaf3cda7dc6cf58b926d050beae48b0a438f4336a6c4db759807c", "head_recorded_at": "2026-09-28T16:57:01.752380Z", "projection": "consistent", "status": "intact"}, "rejections": []}
--- exit 0
### 11 propose
$ C:\Cripto\qualificacao\runtime\integration-crypto\venv-cain\Scripts\cain.exe research propose --domain crypto --state C:\Cripto\qualificacao\runtime\integration-crypto\transport-rc6-test\out-windows\it11\cain --proposal C:\Cripto\qualificacao\runtime\integration-crypto\stage-ciclo3b\mission\fixtures\proposals\e2e\01-allow.json --as-of 2026-09-29T12:00:00Z
{"decision": "ALLOW", "episode_id": "crypto:episode-1", "reason_code": "ALLOWED", "receipt_sha256": "d364ff5a3e2d04c1d3032650a6d7a73088ee668bc2a361792e2e481b76ecccb4", "rule": "R14", "status": "RECORDED", "task": {"payload_sha256": "5fe20eb7b93d743530485cae313699a24e6bde31926371024ff20b8d3ef89beb", "previous_task_id": null, "task_id": "crypto:TASK-02bf95b3940c9a226f8a9ae2a37a11a3"}}
--- exit 0
### 11 dispatch
$ C:\Cripto\qualificacao\runtime\integration-crypto\venv-cain\Scripts\cain.exe research dispatch --domain crypto --state C:\Cripto\qualificacao\runtime\integration-crypto\transport-rc6-test\out-windows\it11\cain --spool C:\Cripto\qualificacao\runtime\integration-crypto\transport-rc6-test\out-windows\it11\spool
{"action": "dispatched", "file": "crypto/tasks/TASK-02bf95b3940c9a226f8a9ae2a37a11a3.json", "spool": "WRITTEN", "task_id": "crypto:TASK-02bf95b3940c9a226f8a9ae2a37a11a3"}
--- exit 0
### 11 consumer 0
{"action": "delivered", "attempt": 1, "class": "TERMINAL_RESULT", "episode_id": "crypto:episode-1", "result_file": "crypto/results/TASK-02bf95b3940c9a226f8a9ae2a37a11a3.1384e3b8ed5ea1dd.json", "result_write": "WRITTEN", "status": "RESULT", "task_id": "crypto:TASK-02bf95b3940c9a226f8a9ae2a37a11a3"}
{"duration_ms": 408, "event": "job_finished", "job_id": "crypto-research-159fdfb2ad2ccd8f8d612a36", "level": "INFO", "run_id": "4b25ee6cedae4983a0bd5cd3144cdb21", "run_status": "SUCCEEDED", "service": "predictor_ops", "timestamp": "2026-09-28T16:57:03.132474Z"}
--- exit 0
### 11 consumer 1
{"action": "busy", "code": "CONSUMER_BUSY", "domain": "crypto"}
--- exit 6
### 11 ingest
$ C:\Cripto\qualificacao\runtime\integration-crypto\venv-cain\Scripts\cain.exe research ingest --domain crypto --state C:\Cripto\qualificacao\runtime\integration-crypto\transport-rc6-test\out-windows\it11\cain --spool C:\Cripto\qualificacao\runtime\integration-crypto\transport-rc6-test\out-windows\it11\spool
{"action": "ingested", "class": "TERMINAL_RESULT", "fact": "fact:7d75ec0831e14c779d9f96de38bba2bb", "file": "TASK-02bf95b3940c9a226f8a9ae2a37a11a3.1384e3b8ed5ea1dd.json", "status": "RESULT", "task_id": "crypto:TASK-02bf95b3940c9a226f8a9ae2a37a11a3"}
--- exit 0
### 11 episodes
$ C:\Cripto\qualificacao\runtime\integration-crypto\venv-cain\Scripts\cain.exe research episodes --domain crypto --state C:\Cripto\qualificacao\runtime\integration-crypto\transport-rc6-test\out-windows\it11\cain
{"domain": "crypto", "episodes": [{"as_of": "2026-09-29T12:00:00Z", "decision": "ALLOW", "number": 1, "outbox": {"dispatches": 1, "retries_requested": 0, "status": "PUBLISHED", "task_id": "crypto:TASK-02bf95b3940c9a226f8a9ae2a37a11a3"}, "proposal_id": "cain:E2E-01", "reason_code": "ALLOWED", "receipt_sha256": "d364ff5a3e2d04c1d3032650a6d7a73088ee668bc2a361792e2e481b76ecccb4", "source": "operator", "task_id": "crypto:TASK-02bf95b3940c9a226f8a9ae2a37a11a3"}], "inbox": [{"class": "TERMINAL_RESULT", "fact_id": "fact:7d75ec0831e14c779d9f96de38bba2bb", "payload_sha256": "243fac1a294ab2aab25f8448488534a30f4d4d461d2d1d65a06ad3a56ea92990", "status": "RESULT", "task_id": "crypto:TASK-02bf95b3940c9a226f8a9ae2a37a11a3"}], "memory": {"broken_at": null, "entries": 1, "head": "854faf3f42a7563f5ec67acd361aa296c36463368625904a5f454e323769c98a", "head_recorded_at": "2026-09-28T16:57:03.399726Z", "projection": "consistent", "status": "intact"}, "rejections": []}
--- exit 0
### 12 propose
$ C:\Cripto\qualificacao\runtime\integration-crypto\venv-cain\Scripts\cain.exe research propose --domain crypto --state C:\Cripto\qualificacao\runtime\integration-crypto\transport-rc6-test\out-windows\it12\cain --proposal C:\Cripto\qualificacao\runtime\integration-crypto\stage-ciclo3b\mission\fixtures\proposals\e2e\01-allow.json --as-of 2026-09-29T12:00:00Z
{"decision": "ALLOW", "episode_id": "crypto:episode-1", "reason_code": "ALLOWED", "receipt_sha256": "d364ff5a3e2d04c1d3032650a6d7a73088ee668bc2a361792e2e481b76ecccb4", "rule": "R14", "status": "RECORDED", "task": {"payload_sha256": "5fe20eb7b93d743530485cae313699a24e6bde31926371024ff20b8d3ef89beb", "previous_task_id": null, "task_id": "crypto:TASK-02bf95b3940c9a226f8a9ae2a37a11a3"}}
--- exit 0
### 12 dispatch
$ C:\Cripto\qualificacao\runtime\integration-crypto\venv-cain\Scripts\cain.exe research dispatch --domain crypto --state C:\Cripto\qualificacao\runtime\integration-crypto\transport-rc6-test\out-windows\it12\cain --spool C:\Cripto\qualificacao\runtime\integration-crypto\transport-rc6-test\out-windows\it12\spool
{"action": "dispatched", "file": "crypto/tasks/TASK-02bf95b3940c9a226f8a9ae2a37a11a3.json", "spool": "WRITTEN", "task_id": "crypto:TASK-02bf95b3940c9a226f8a9ae2a37a11a3"}
--- exit 0
### 12 consumer 0
{"action": "delivered", "attempt": 1, "class": "TERMINAL_RESULT", "episode_id": "crypto:episode-1", "result_file": "crypto/results/TASK-02bf95b3940c9a226f8a9ae2a37a11a3.6429f39758643321.json", "result_write": "WRITTEN", "status": "RESULT", "task_id": "crypto:TASK-02bf95b3940c9a226f8a9ae2a37a11a3"}
{"duration_ms": 408, "event": "job_finished", "job_id": "crypto-research-159fdfb2ad2ccd8f8d612a36", "level": "INFO", "run_id": "d065df6b41f04d4fb5f411eeee521a34", "run_status": "SUCCEEDED", "service": "predictor_ops", "timestamp": "2026-09-28T16:57:04.779101Z"}
--- exit 0
### 12 consumer 1
{"action": "busy", "code": "CONSUMER_BUSY", "domain": "crypto"}
--- exit 6
### 12 ingest
$ C:\Cripto\qualificacao\runtime\integration-crypto\venv-cain\Scripts\cain.exe research ingest --domain crypto --state C:\Cripto\qualificacao\runtime\integration-crypto\transport-rc6-test\out-windows\it12\cain --spool C:\Cripto\qualificacao\runtime\integration-crypto\transport-rc6-test\out-windows\it12\spool
{"action": "ingested", "class": "TERMINAL_RESULT", "fact": "fact:149d25191bef41138be3fdb78903618f", "file": "TASK-02bf95b3940c9a226f8a9ae2a37a11a3.6429f39758643321.json", "status": "RESULT", "task_id": "crypto:TASK-02bf95b3940c9a226f8a9ae2a37a11a3"}
--- exit 0
### 12 episodes
$ C:\Cripto\qualificacao\runtime\integration-crypto\venv-cain\Scripts\cain.exe research episodes --domain crypto --state C:\Cripto\qualificacao\runtime\integration-crypto\transport-rc6-test\out-windows\it12\cain
{"domain": "crypto", "episodes": [{"as_of": "2026-09-29T12:00:00Z", "decision": "ALLOW", "number": 1, "outbox": {"dispatches": 1, "retries_requested": 0, "status": "PUBLISHED", "task_id": "crypto:TASK-02bf95b3940c9a226f8a9ae2a37a11a3"}, "proposal_id": "cain:E2E-01", "reason_code": "ALLOWED", "receipt_sha256": "d364ff5a3e2d04c1d3032650a6d7a73088ee668bc2a361792e2e481b76ecccb4", "source": "operator", "task_id": "crypto:TASK-02bf95b3940c9a226f8a9ae2a37a11a3"}], "inbox": [{"class": "TERMINAL_RESULT", "fact_id": "fact:149d25191bef41138be3fdb78903618f", "payload_sha256": "b287eb00d4c420aa923391a0cc85d8011166a86d8b14728474672308bbb2cdb8", "status": "RESULT", "task_id": "crypto:TASK-02bf95b3940c9a226f8a9ae2a37a11a3"}], "memory": {"broken_at": null, "entries": 1, "head": "df95b1b3f0a9d04fd2f1d81ffcefb7e11800323bc958847b005c0f6f036a1f59", "head_recorded_at": "2026-09-28T16:57:05.038268Z", "projection": "consistent", "status": "intact"}, "rejections": []}
--- exit 0
### 13 propose
$ C:\Cripto\qualificacao\runtime\integration-crypto\venv-cain\Scripts\cain.exe research propose --domain crypto --state C:\Cripto\qualificacao\runtime\integration-crypto\transport-rc6-test\out-windows\it13\cain --proposal C:\Cripto\qualificacao\runtime\integration-crypto\stage-ciclo3b\mission\fixtures\proposals\e2e\01-allow.json --as-of 2026-09-29T12:00:00Z
{"decision": "ALLOW", "episode_id": "crypto:episode-1", "reason_code": "ALLOWED", "receipt_sha256": "d364ff5a3e2d04c1d3032650a6d7a73088ee668bc2a361792e2e481b76ecccb4", "rule": "R14", "status": "RECORDED", "task": {"payload_sha256": "5fe20eb7b93d743530485cae313699a24e6bde31926371024ff20b8d3ef89beb", "previous_task_id": null, "task_id": "crypto:TASK-02bf95b3940c9a226f8a9ae2a37a11a3"}}
--- exit 0
### 13 dispatch
$ C:\Cripto\qualificacao\runtime\integration-crypto\venv-cain\Scripts\cain.exe research dispatch --domain crypto --state C:\Cripto\qualificacao\runtime\integration-crypto\transport-rc6-test\out-windows\it13\cain --spool C:\Cripto\qualificacao\runtime\integration-crypto\transport-rc6-test\out-windows\it13\spool
{"action": "dispatched", "file": "crypto/tasks/TASK-02bf95b3940c9a226f8a9ae2a37a11a3.json", "spool": "WRITTEN", "task_id": "crypto:TASK-02bf95b3940c9a226f8a9ae2a37a11a3"}
--- exit 0
### 13 consumer 0
{"action": "busy", "code": "CONSUMER_BUSY", "domain": "crypto"}
--- exit 6
### 13 consumer 1
{"action": "delivered", "attempt": 1, "class": "TERMINAL_RESULT", "episode_id": "crypto:episode-1", "result_file": "crypto/results/TASK-02bf95b3940c9a226f8a9ae2a37a11a3.1fe37f9fb587c73f.json", "result_write": "WRITTEN", "status": "RESULT", "task_id": "crypto:TASK-02bf95b3940c9a226f8a9ae2a37a11a3"}
{"duration_ms": 402, "event": "job_finished", "job_id": "crypto-research-159fdfb2ad2ccd8f8d612a36", "level": "INFO", "run_id": "87a7bdfd74df4f5d84cac9b441d146c1", "run_status": "SUCCEEDED", "service": "predictor_ops", "timestamp": "2026-09-28T16:57:06.410446Z"}
--- exit 0
### 13 ingest
$ C:\Cripto\qualificacao\runtime\integration-crypto\venv-cain\Scripts\cain.exe research ingest --domain crypto --state C:\Cripto\qualificacao\runtime\integration-crypto\transport-rc6-test\out-windows\it13\cain --spool C:\Cripto\qualificacao\runtime\integration-crypto\transport-rc6-test\out-windows\it13\spool
{"action": "ingested", "class": "TERMINAL_RESULT", "fact": "fact:faeba6bd17554fe5b6d290e8bf8319b0", "file": "TASK-02bf95b3940c9a226f8a9ae2a37a11a3.1fe37f9fb587c73f.json", "status": "RESULT", "task_id": "crypto:TASK-02bf95b3940c9a226f8a9ae2a37a11a3"}
--- exit 0
### 13 episodes
$ C:\Cripto\qualificacao\runtime\integration-crypto\venv-cain\Scripts\cain.exe research episodes --domain crypto --state C:\Cripto\qualificacao\runtime\integration-crypto\transport-rc6-test\out-windows\it13\cain
{"domain": "crypto", "episodes": [{"as_of": "2026-09-29T12:00:00Z", "decision": "ALLOW", "number": 1, "outbox": {"dispatches": 1, "retries_requested": 0, "status": "PUBLISHED", "task_id": "crypto:TASK-02bf95b3940c9a226f8a9ae2a37a11a3"}, "proposal_id": "cain:E2E-01", "reason_code": "ALLOWED", "receipt_sha256": "d364ff5a3e2d04c1d3032650a6d7a73088ee668bc2a361792e2e481b76ecccb4", "source": "operator", "task_id": "crypto:TASK-02bf95b3940c9a226f8a9ae2a37a11a3"}], "inbox": [{"class": "TERMINAL_RESULT", "fact_id": "fact:faeba6bd17554fe5b6d290e8bf8319b0", "payload_sha256": "4ed1b469fa3b5e75bb3a23c128ffc26996e5081dd0551b2a9ae66ea14ac8ded9", "status": "RESULT", "task_id": "crypto:TASK-02bf95b3940c9a226f8a9ae2a37a11a3"}], "memory": {"broken_at": null, "entries": 1, "head": "912005920fdf5e3b3926db8b8d4d7d67f298ef10dee9ce229ad5a89c8f2d71f2", "head_recorded_at": "2026-09-28T16:57:06.669722Z", "projection": "consistent", "status": "intact"}, "rejections": []}
--- exit 0
### 14 propose
$ C:\Cripto\qualificacao\runtime\integration-crypto\venv-cain\Scripts\cain.exe research propose --domain crypto --state C:\Cripto\qualificacao\runtime\integration-crypto\transport-rc6-test\out-windows\it14\cain --proposal C:\Cripto\qualificacao\runtime\integration-crypto\stage-ciclo3b\mission\fixtures\proposals\e2e\01-allow.json --as-of 2026-09-29T12:00:00Z
{"decision": "ALLOW", "episode_id": "crypto:episode-1", "reason_code": "ALLOWED", "receipt_sha256": "d364ff5a3e2d04c1d3032650a6d7a73088ee668bc2a361792e2e481b76ecccb4", "rule": "R14", "status": "RECORDED", "task": {"payload_sha256": "5fe20eb7b93d743530485cae313699a24e6bde31926371024ff20b8d3ef89beb", "previous_task_id": null, "task_id": "crypto:TASK-02bf95b3940c9a226f8a9ae2a37a11a3"}}
--- exit 0
### 14 dispatch
$ C:\Cripto\qualificacao\runtime\integration-crypto\venv-cain\Scripts\cain.exe research dispatch --domain crypto --state C:\Cripto\qualificacao\runtime\integration-crypto\transport-rc6-test\out-windows\it14\cain --spool C:\Cripto\qualificacao\runtime\integration-crypto\transport-rc6-test\out-windows\it14\spool
{"action": "dispatched", "file": "crypto/tasks/TASK-02bf95b3940c9a226f8a9ae2a37a11a3.json", "spool": "WRITTEN", "task_id": "crypto:TASK-02bf95b3940c9a226f8a9ae2a37a11a3"}
--- exit 0
### 14 consumer 0
{"action": "delivered", "attempt": 1, "class": "TERMINAL_RESULT", "episode_id": "crypto:episode-1", "result_file": "crypto/results/TASK-02bf95b3940c9a226f8a9ae2a37a11a3.cd0ceb8e1c700d46.json", "result_write": "WRITTEN", "status": "RESULT", "task_id": "crypto:TASK-02bf95b3940c9a226f8a9ae2a37a11a3"}
{"duration_ms": 410, "event": "job_finished", "job_id": "crypto-research-159fdfb2ad2ccd8f8d612a36", "level": "INFO", "run_id": "fad753daed96495ab39c9a0036d95e4f", "run_status": "SUCCEEDED", "service": "predictor_ops", "timestamp": "2026-09-28T16:57:08.069339Z"}
--- exit 0
### 14 consumer 1
{"action": "busy", "code": "CONSUMER_BUSY", "domain": "crypto"}
--- exit 6
### 14 ingest
$ C:\Cripto\qualificacao\runtime\integration-crypto\venv-cain\Scripts\cain.exe research ingest --domain crypto --state C:\Cripto\qualificacao\runtime\integration-crypto\transport-rc6-test\out-windows\it14\cain --spool C:\Cripto\qualificacao\runtime\integration-crypto\transport-rc6-test\out-windows\it14\spool
{"action": "ingested", "class": "TERMINAL_RESULT", "fact": "fact:3b5eca6d12054cba91e2e740e8d822d5", "file": "TASK-02bf95b3940c9a226f8a9ae2a37a11a3.cd0ceb8e1c700d46.json", "status": "RESULT", "task_id": "crypto:TASK-02bf95b3940c9a226f8a9ae2a37a11a3"}
--- exit 0
### 14 episodes
$ C:\Cripto\qualificacao\runtime\integration-crypto\venv-cain\Scripts\cain.exe research episodes --domain crypto --state C:\Cripto\qualificacao\runtime\integration-crypto\transport-rc6-test\out-windows\it14\cain
{"domain": "crypto", "episodes": [{"as_of": "2026-09-29T12:00:00Z", "decision": "ALLOW", "number": 1, "outbox": {"dispatches": 1, "retries_requested": 0, "status": "PUBLISHED", "task_id": "crypto:TASK-02bf95b3940c9a226f8a9ae2a37a11a3"}, "proposal_id": "cain:E2E-01", "reason_code": "ALLOWED", "receipt_sha256": "d364ff5a3e2d04c1d3032650a6d7a73088ee668bc2a361792e2e481b76ecccb4", "source": "operator", "task_id": "crypto:TASK-02bf95b3940c9a226f8a9ae2a37a11a3"}], "inbox": [{"class": "TERMINAL_RESULT", "fact_id": "fact:3b5eca6d12054cba91e2e740e8d822d5", "payload_sha256": "f506416f28f2ec875e80c50751cef91b250400bfc39f10c81227f9152471fe0a", "status": "RESULT", "task_id": "crypto:TASK-02bf95b3940c9a226f8a9ae2a37a11a3"}], "memory": {"broken_at": null, "entries": 1, "head": "67f0474d120309a2c4a93e7f93e5dc2be72a45d122293adac065fb8cc3738308", "head_recorded_at": "2026-09-28T16:57:08.328500Z", "projection": "consistent", "status": "intact"}, "rejections": []}
--- exit 0
### 15 propose
$ C:\Cripto\qualificacao\runtime\integration-crypto\venv-cain\Scripts\cain.exe research propose --domain crypto --state C:\Cripto\qualificacao\runtime\integration-crypto\transport-rc6-test\out-windows\it15\cain --proposal C:\Cripto\qualificacao\runtime\integration-crypto\stage-ciclo3b\mission\fixtures\proposals\e2e\01-allow.json --as-of 2026-09-29T12:00:00Z
{"decision": "ALLOW", "episode_id": "crypto:episode-1", "reason_code": "ALLOWED", "receipt_sha256": "d364ff5a3e2d04c1d3032650a6d7a73088ee668bc2a361792e2e481b76ecccb4", "rule": "R14", "status": "RECORDED", "task": {"payload_sha256": "5fe20eb7b93d743530485cae313699a24e6bde31926371024ff20b8d3ef89beb", "previous_task_id": null, "task_id": "crypto:TASK-02bf95b3940c9a226f8a9ae2a37a11a3"}}
--- exit 0
### 15 dispatch
$ C:\Cripto\qualificacao\runtime\integration-crypto\venv-cain\Scripts\cain.exe research dispatch --domain crypto --state C:\Cripto\qualificacao\runtime\integration-crypto\transport-rc6-test\out-windows\it15\cain --spool C:\Cripto\qualificacao\runtime\integration-crypto\transport-rc6-test\out-windows\it15\spool
{"action": "dispatched", "file": "crypto/tasks/TASK-02bf95b3940c9a226f8a9ae2a37a11a3.json", "spool": "WRITTEN", "task_id": "crypto:TASK-02bf95b3940c9a226f8a9ae2a37a11a3"}
--- exit 0
### 15 consumer 0
{"action": "delivered", "attempt": 1, "class": "TERMINAL_RESULT", "episode_id": "crypto:episode-1", "result_file": "crypto/results/TASK-02bf95b3940c9a226f8a9ae2a37a11a3.bd226dd73b848aa5.json", "result_write": "WRITTEN", "status": "RESULT", "task_id": "crypto:TASK-02bf95b3940c9a226f8a9ae2a37a11a3"}
{"duration_ms": 425, "event": "job_finished", "job_id": "crypto-research-159fdfb2ad2ccd8f8d612a36", "level": "INFO", "run_id": "d39a8832fa8d47859dd0c082078e21fa", "run_status": "SUCCEEDED", "service": "predictor_ops", "timestamp": "2026-09-28T16:57:09.750631Z"}
--- exit 0
### 15 consumer 1
{"action": "busy", "code": "CONSUMER_BUSY", "domain": "crypto"}
--- exit 6
### 15 ingest
$ C:\Cripto\qualificacao\runtime\integration-crypto\venv-cain\Scripts\cain.exe research ingest --domain crypto --state C:\Cripto\qualificacao\runtime\integration-crypto\transport-rc6-test\out-windows\it15\cain --spool C:\Cripto\qualificacao\runtime\integration-crypto\transport-rc6-test\out-windows\it15\spool
{"action": "ingested", "class": "TERMINAL_RESULT", "fact": "fact:036d0ccaea83484bb91b84f5478d8e10", "file": "TASK-02bf95b3940c9a226f8a9ae2a37a11a3.bd226dd73b848aa5.json", "status": "RESULT", "task_id": "crypto:TASK-02bf95b3940c9a226f8a9ae2a37a11a3"}
--- exit 0
### 15 episodes
$ C:\Cripto\qualificacao\runtime\integration-crypto\venv-cain\Scripts\cain.exe research episodes --domain crypto --state C:\Cripto\qualificacao\runtime\integration-crypto\transport-rc6-test\out-windows\it15\cain
{"domain": "crypto", "episodes": [{"as_of": "2026-09-29T12:00:00Z", "decision": "ALLOW", "number": 1, "outbox": {"dispatches": 1, "retries_requested": 0, "status": "PUBLISHED", "task_id": "crypto:TASK-02bf95b3940c9a226f8a9ae2a37a11a3"}, "proposal_id": "cain:E2E-01", "reason_code": "ALLOWED", "receipt_sha256": "d364ff5a3e2d04c1d3032650a6d7a73088ee668bc2a361792e2e481b76ecccb4", "source": "operator", "task_id": "crypto:TASK-02bf95b3940c9a226f8a9ae2a37a11a3"}], "inbox": [{"class": "TERMINAL_RESULT", "fact_id": "fact:036d0ccaea83484bb91b84f5478d8e10", "payload_sha256": "90f0d82eed4ee1366d44ff897633cd3793d421a98e312bc556248695003eb751", "status": "RESULT", "task_id": "crypto:TASK-02bf95b3940c9a226f8a9ae2a37a11a3"}], "memory": {"broken_at": null, "entries": 1, "head": "20b829feb7e2a50650a24d9ca2db70e6a9fb5b79340ff8977e6054890ccde9c1", "head_recorded_at": "2026-09-28T16:57:10.015952Z", "projection": "consistent", "status": "intact"}, "rejections": []}
--- exit 0
### 16 propose
$ C:\Cripto\qualificacao\runtime\integration-crypto\venv-cain\Scripts\cain.exe research propose --domain crypto --state C:\Cripto\qualificacao\runtime\integration-crypto\transport-rc6-test\out-windows\it16\cain --proposal C:\Cripto\qualificacao\runtime\integration-crypto\stage-ciclo3b\mission\fixtures\proposals\e2e\01-allow.json --as-of 2026-09-29T12:00:00Z
{"decision": "ALLOW", "episode_id": "crypto:episode-1", "reason_code": "ALLOWED", "receipt_sha256": "d364ff5a3e2d04c1d3032650a6d7a73088ee668bc2a361792e2e481b76ecccb4", "rule": "R14", "status": "RECORDED", "task": {"payload_sha256": "5fe20eb7b93d743530485cae313699a24e6bde31926371024ff20b8d3ef89beb", "previous_task_id": null, "task_id": "crypto:TASK-02bf95b3940c9a226f8a9ae2a37a11a3"}}
--- exit 0
### 16 dispatch
$ C:\Cripto\qualificacao\runtime\integration-crypto\venv-cain\Scripts\cain.exe research dispatch --domain crypto --state C:\Cripto\qualificacao\runtime\integration-crypto\transport-rc6-test\out-windows\it16\cain --spool C:\Cripto\qualificacao\runtime\integration-crypto\transport-rc6-test\out-windows\it16\spool
{"action": "dispatched", "file": "crypto/tasks/TASK-02bf95b3940c9a226f8a9ae2a37a11a3.json", "spool": "WRITTEN", "task_id": "crypto:TASK-02bf95b3940c9a226f8a9ae2a37a11a3"}
--- exit 0
### 16 consumer 0
{"action": "delivered", "attempt": 1, "class": "TERMINAL_RESULT", "episode_id": "crypto:episode-1", "result_file": "crypto/results/TASK-02bf95b3940c9a226f8a9ae2a37a11a3.0ad430e005cd24e0.json", "result_write": "WRITTEN", "status": "RESULT", "task_id": "crypto:TASK-02bf95b3940c9a226f8a9ae2a37a11a3"}
{"duration_ms": 406, "event": "job_finished", "job_id": "crypto-research-159fdfb2ad2ccd8f8d612a36", "level": "INFO", "run_id": "70b5be2d7c2d4b9497d57d4ccafa0183", "run_status": "SUCCEEDED", "service": "predictor_ops", "timestamp": "2026-09-28T16:57:11.401806Z"}
--- exit 0
### 16 consumer 1
{"action": "busy", "code": "CONSUMER_BUSY", "domain": "crypto"}
--- exit 6
### 16 ingest
$ C:\Cripto\qualificacao\runtime\integration-crypto\venv-cain\Scripts\cain.exe research ingest --domain crypto --state C:\Cripto\qualificacao\runtime\integration-crypto\transport-rc6-test\out-windows\it16\cain --spool C:\Cripto\qualificacao\runtime\integration-crypto\transport-rc6-test\out-windows\it16\spool
{"action": "ingested", "class": "TERMINAL_RESULT", "fact": "fact:7826cb165c0b445b90d3a1533c4252f9", "file": "TASK-02bf95b3940c9a226f8a9ae2a37a11a3.0ad430e005cd24e0.json", "status": "RESULT", "task_id": "crypto:TASK-02bf95b3940c9a226f8a9ae2a37a11a3"}
--- exit 0
### 16 episodes
$ C:\Cripto\qualificacao\runtime\integration-crypto\venv-cain\Scripts\cain.exe research episodes --domain crypto --state C:\Cripto\qualificacao\runtime\integration-crypto\transport-rc6-test\out-windows\it16\cain
{"domain": "crypto", "episodes": [{"as_of": "2026-09-29T12:00:00Z", "decision": "ALLOW", "number": 1, "outbox": {"dispatches": 1, "retries_requested": 0, "status": "PUBLISHED", "task_id": "crypto:TASK-02bf95b3940c9a226f8a9ae2a37a11a3"}, "proposal_id": "cain:E2E-01", "reason_code": "ALLOWED", "receipt_sha256": "d364ff5a3e2d04c1d3032650a6d7a73088ee668bc2a361792e2e481b76ecccb4", "source": "operator", "task_id": "crypto:TASK-02bf95b3940c9a226f8a9ae2a37a11a3"}], "inbox": [{"class": "TERMINAL_RESULT", "fact_id": "fact:7826cb165c0b445b90d3a1533c4252f9", "payload_sha256": "1b7b9a04f1d409f63dbb37318525815ad21943df4a81ca2962654a6fe9e65c59", "status": "RESULT", "task_id": "crypto:TASK-02bf95b3940c9a226f8a9ae2a37a11a3"}], "memory": {"broken_at": null, "entries": 1, "head": "d2586503cc6e38b1b03d54bfe8ef4e9cffa9e769721bda4130febcff99e346b1", "head_recorded_at": "2026-09-28T16:57:11.664680Z", "projection": "consistent", "status": "intact"}, "rejections": []}
--- exit 0
### 17 propose
$ C:\Cripto\qualificacao\runtime\integration-crypto\venv-cain\Scripts\cain.exe research propose --domain crypto --state C:\Cripto\qualificacao\runtime\integration-crypto\transport-rc6-test\out-windows\it17\cain --proposal C:\Cripto\qualificacao\runtime\integration-crypto\stage-ciclo3b\mission\fixtures\proposals\e2e\01-allow.json --as-of 2026-09-29T12:00:00Z
{"decision": "ALLOW", "episode_id": "crypto:episode-1", "reason_code": "ALLOWED", "receipt_sha256": "d364ff5a3e2d04c1d3032650a6d7a73088ee668bc2a361792e2e481b76ecccb4", "rule": "R14", "status": "RECORDED", "task": {"payload_sha256": "5fe20eb7b93d743530485cae313699a24e6bde31926371024ff20b8d3ef89beb", "previous_task_id": null, "task_id": "crypto:TASK-02bf95b3940c9a226f8a9ae2a37a11a3"}}
--- exit 0
### 17 dispatch
$ C:\Cripto\qualificacao\runtime\integration-crypto\venv-cain\Scripts\cain.exe research dispatch --domain crypto --state C:\Cripto\qualificacao\runtime\integration-crypto\transport-rc6-test\out-windows\it17\cain --spool C:\Cripto\qualificacao\runtime\integration-crypto\transport-rc6-test\out-windows\it17\spool
{"action": "dispatched", "file": "crypto/tasks/TASK-02bf95b3940c9a226f8a9ae2a37a11a3.json", "spool": "WRITTEN", "task_id": "crypto:TASK-02bf95b3940c9a226f8a9ae2a37a11a3"}
--- exit 0
### 17 consumer 0
{"action": "busy", "code": "CONSUMER_BUSY", "domain": "crypto"}
--- exit 6
### 17 consumer 1
{"action": "delivered", "attempt": 1, "class": "TERMINAL_RESULT", "episode_id": "crypto:episode-1", "result_file": "crypto/results/TASK-02bf95b3940c9a226f8a9ae2a37a11a3.3055791d45588aec.json", "result_write": "WRITTEN", "status": "RESULT", "task_id": "crypto:TASK-02bf95b3940c9a226f8a9ae2a37a11a3"}
{"duration_ms": 411, "event": "job_finished", "job_id": "crypto-research-159fdfb2ad2ccd8f8d612a36", "level": "INFO", "run_id": "7cbe24fa63cc444d93cd8d43b16c6d8f", "run_status": "SUCCEEDED", "service": "predictor_ops", "timestamp": "2026-09-28T16:57:13.056189Z"}
--- exit 0
### 17 ingest
$ C:\Cripto\qualificacao\runtime\integration-crypto\venv-cain\Scripts\cain.exe research ingest --domain crypto --state C:\Cripto\qualificacao\runtime\integration-crypto\transport-rc6-test\out-windows\it17\cain --spool C:\Cripto\qualificacao\runtime\integration-crypto\transport-rc6-test\out-windows\it17\spool
{"action": "ingested", "class": "TERMINAL_RESULT", "fact": "fact:9297ad4080ec4981bf04ae6c9ca3c7aa", "file": "TASK-02bf95b3940c9a226f8a9ae2a37a11a3.3055791d45588aec.json", "status": "RESULT", "task_id": "crypto:TASK-02bf95b3940c9a226f8a9ae2a37a11a3"}
--- exit 0
### 17 episodes
$ C:\Cripto\qualificacao\runtime\integration-crypto\venv-cain\Scripts\cain.exe research episodes --domain crypto --state C:\Cripto\qualificacao\runtime\integration-crypto\transport-rc6-test\out-windows\it17\cain
{"domain": "crypto", "episodes": [{"as_of": "2026-09-29T12:00:00Z", "decision": "ALLOW", "number": 1, "outbox": {"dispatches": 1, "retries_requested": 0, "status": "PUBLISHED", "task_id": "crypto:TASK-02bf95b3940c9a226f8a9ae2a37a11a3"}, "proposal_id": "cain:E2E-01", "reason_code": "ALLOWED", "receipt_sha256": "d364ff5a3e2d04c1d3032650a6d7a73088ee668bc2a361792e2e481b76ecccb4", "source": "operator", "task_id": "crypto:TASK-02bf95b3940c9a226f8a9ae2a37a11a3"}], "inbox": [{"class": "TERMINAL_RESULT", "fact_id": "fact:9297ad4080ec4981bf04ae6c9ca3c7aa", "payload_sha256": "a2ed0adbff321a3da3cd974a957aa0acae4f135f81eabd4ba2234d3ba48004f5", "status": "RESULT", "task_id": "crypto:TASK-02bf95b3940c9a226f8a9ae2a37a11a3"}], "memory": {"broken_at": null, "entries": 1, "head": "6b162e176438052b31abcdd0248d9b3b6d568b8c2c485c75ee5b51dc461d30a9", "head_recorded_at": "2026-09-28T16:57:13.319192Z", "projection": "consistent", "status": "intact"}, "rejections": []}
--- exit 0
### 18 propose
$ C:\Cripto\qualificacao\runtime\integration-crypto\venv-cain\Scripts\cain.exe research propose --domain crypto --state C:\Cripto\qualificacao\runtime\integration-crypto\transport-rc6-test\out-windows\it18\cain --proposal C:\Cripto\qualificacao\runtime\integration-crypto\stage-ciclo3b\mission\fixtures\proposals\e2e\01-allow.json --as-of 2026-09-29T12:00:00Z
{"decision": "ALLOW", "episode_id": "crypto:episode-1", "reason_code": "ALLOWED", "receipt_sha256": "d364ff5a3e2d04c1d3032650a6d7a73088ee668bc2a361792e2e481b76ecccb4", "rule": "R14", "status": "RECORDED", "task": {"payload_sha256": "5fe20eb7b93d743530485cae313699a24e6bde31926371024ff20b8d3ef89beb", "previous_task_id": null, "task_id": "crypto:TASK-02bf95b3940c9a226f8a9ae2a37a11a3"}}
--- exit 0
### 18 dispatch
$ C:\Cripto\qualificacao\runtime\integration-crypto\venv-cain\Scripts\cain.exe research dispatch --domain crypto --state C:\Cripto\qualificacao\runtime\integration-crypto\transport-rc6-test\out-windows\it18\cain --spool C:\Cripto\qualificacao\runtime\integration-crypto\transport-rc6-test\out-windows\it18\spool
{"action": "dispatched", "file": "crypto/tasks/TASK-02bf95b3940c9a226f8a9ae2a37a11a3.json", "spool": "WRITTEN", "task_id": "crypto:TASK-02bf95b3940c9a226f8a9ae2a37a11a3"}
--- exit 0
### 18 consumer 0
{"action": "busy", "code": "CONSUMER_BUSY", "domain": "crypto"}
--- exit 6
### 18 consumer 1
{"action": "delivered", "attempt": 1, "class": "TERMINAL_RESULT", "episode_id": "crypto:episode-1", "result_file": "crypto/results/TASK-02bf95b3940c9a226f8a9ae2a37a11a3.15718f986fb30aeb.json", "result_write": "WRITTEN", "status": "RESULT", "task_id": "crypto:TASK-02bf95b3940c9a226f8a9ae2a37a11a3"}
{"duration_ms": 406, "event": "job_finished", "job_id": "crypto-research-159fdfb2ad2ccd8f8d612a36", "level": "INFO", "run_id": "2abf909386344a8a871a24d4e0e630c6", "run_status": "SUCCEEDED", "service": "predictor_ops", "timestamp": "2026-09-28T16:57:14.708301Z"}
--- exit 0
### 18 ingest
$ C:\Cripto\qualificacao\runtime\integration-crypto\venv-cain\Scripts\cain.exe research ingest --domain crypto --state C:\Cripto\qualificacao\runtime\integration-crypto\transport-rc6-test\out-windows\it18\cain --spool C:\Cripto\qualificacao\runtime\integration-crypto\transport-rc6-test\out-windows\it18\spool
{"action": "ingested", "class": "TERMINAL_RESULT", "fact": "fact:fb1384f3976f4c76a2d9c7d9a474c7fa", "file": "TASK-02bf95b3940c9a226f8a9ae2a37a11a3.15718f986fb30aeb.json", "status": "RESULT", "task_id": "crypto:TASK-02bf95b3940c9a226f8a9ae2a37a11a3"}
--- exit 0
### 18 episodes
$ C:\Cripto\qualificacao\runtime\integration-crypto\venv-cain\Scripts\cain.exe research episodes --domain crypto --state C:\Cripto\qualificacao\runtime\integration-crypto\transport-rc6-test\out-windows\it18\cain
{"domain": "crypto", "episodes": [{"as_of": "2026-09-29T12:00:00Z", "decision": "ALLOW", "number": 1, "outbox": {"dispatches": 1, "retries_requested": 0, "status": "PUBLISHED", "task_id": "crypto:TASK-02bf95b3940c9a226f8a9ae2a37a11a3"}, "proposal_id": "cain:E2E-01", "reason_code": "ALLOWED", "receipt_sha256": "d364ff5a3e2d04c1d3032650a6d7a73088ee668bc2a361792e2e481b76ecccb4", "source": "operator", "task_id": "crypto:TASK-02bf95b3940c9a226f8a9ae2a37a11a3"}], "inbox": [{"class": "TERMINAL_RESULT", "fact_id": "fact:fb1384f3976f4c76a2d9c7d9a474c7fa", "payload_sha256": "dd7a5844f677f1f43c4201942f89221f3814f427572dda0c3b4b98edc326fe1b", "status": "RESULT", "task_id": "crypto:TASK-02bf95b3940c9a226f8a9ae2a37a11a3"}], "memory": {"broken_at": null, "entries": 1, "head": "ad3b13e1fe94724b37f0f1fe285b2fa29389362be01bbc93dc62a3bc77a1f855", "head_recorded_at": "2026-09-28T16:57:15.031358Z", "projection": "consistent", "status": "intact"}, "rejections": []}
--- exit 0
### 19 propose
$ C:\Cripto\qualificacao\runtime\integration-crypto\venv-cain\Scripts\cain.exe research propose --domain crypto --state C:\Cripto\qualificacao\runtime\integration-crypto\transport-rc6-test\out-windows\it19\cain --proposal C:\Cripto\qualificacao\runtime\integration-crypto\stage-ciclo3b\mission\fixtures\proposals\e2e\01-allow.json --as-of 2026-09-29T12:00:00Z
{"decision": "ALLOW", "episode_id": "crypto:episode-1", "reason_code": "ALLOWED", "receipt_sha256": "d364ff5a3e2d04c1d3032650a6d7a73088ee668bc2a361792e2e481b76ecccb4", "rule": "R14", "status": "RECORDED", "task": {"payload_sha256": "5fe20eb7b93d743530485cae313699a24e6bde31926371024ff20b8d3ef89beb", "previous_task_id": null, "task_id": "crypto:TASK-02bf95b3940c9a226f8a9ae2a37a11a3"}}
--- exit 0
### 19 dispatch
$ C:\Cripto\qualificacao\runtime\integration-crypto\venv-cain\Scripts\cain.exe research dispatch --domain crypto --state C:\Cripto\qualificacao\runtime\integration-crypto\transport-rc6-test\out-windows\it19\cain --spool C:\Cripto\qualificacao\runtime\integration-crypto\transport-rc6-test\out-windows\it19\spool
{"action": "dispatched", "file": "crypto/tasks/TASK-02bf95b3940c9a226f8a9ae2a37a11a3.json", "spool": "WRITTEN", "task_id": "crypto:TASK-02bf95b3940c9a226f8a9ae2a37a11a3"}
--- exit 0
### 19 consumer 0
{"action": "delivered", "attempt": 1, "class": "TERMINAL_RESULT", "episode_id": "crypto:episode-1", "result_file": "crypto/results/TASK-02bf95b3940c9a226f8a9ae2a37a11a3.72a8752ef8c671fe.json", "result_write": "WRITTEN", "status": "RESULT", "task_id": "crypto:TASK-02bf95b3940c9a226f8a9ae2a37a11a3"}
{"duration_ms": 410, "event": "job_finished", "job_id": "crypto-research-159fdfb2ad2ccd8f8d612a36", "level": "INFO", "run_id": "0457a56c7a1c4746810deb71a896e788", "run_status": "SUCCEEDED", "service": "predictor_ops", "timestamp": "2026-09-28T16:57:16.536590Z"}
--- exit 0
### 19 consumer 1
{"action": "busy", "code": "CONSUMER_BUSY", "domain": "crypto"}
--- exit 6
### 19 ingest
$ C:\Cripto\qualificacao\runtime\integration-crypto\venv-cain\Scripts\cain.exe research ingest --domain crypto --state C:\Cripto\qualificacao\runtime\integration-crypto\transport-rc6-test\out-windows\it19\cain --spool C:\Cripto\qualificacao\runtime\integration-crypto\transport-rc6-test\out-windows\it19\spool
{"action": "ingested", "class": "TERMINAL_RESULT", "fact": "fact:c2c0ec6e430a49edb629ced512bf6f1f", "file": "TASK-02bf95b3940c9a226f8a9ae2a37a11a3.72a8752ef8c671fe.json", "status": "RESULT", "task_id": "crypto:TASK-02bf95b3940c9a226f8a9ae2a37a11a3"}
--- exit 0
### 19 episodes
$ C:\Cripto\qualificacao\runtime\integration-crypto\venv-cain\Scripts\cain.exe research episodes --domain crypto --state C:\Cripto\qualificacao\runtime\integration-crypto\transport-rc6-test\out-windows\it19\cain
{"domain": "crypto", "episodes": [{"as_of": "2026-09-29T12:00:00Z", "decision": "ALLOW", "number": 1, "outbox": {"dispatches": 1, "retries_requested": 0, "status": "PUBLISHED", "task_id": "crypto:TASK-02bf95b3940c9a226f8a9ae2a37a11a3"}, "proposal_id": "cain:E2E-01", "reason_code": "ALLOWED", "receipt_sha256": "d364ff5a3e2d04c1d3032650a6d7a73088ee668bc2a361792e2e481b76ecccb4", "source": "operator", "task_id": "crypto:TASK-02bf95b3940c9a226f8a9ae2a37a11a3"}], "inbox": [{"class": "TERMINAL_RESULT", "fact_id": "fact:c2c0ec6e430a49edb629ced512bf6f1f", "payload_sha256": "a41a75d46964265efe591284f09487d983b982669af365f9997f03e2e5f71a42", "status": "RESULT", "task_id": "crypto:TASK-02bf95b3940c9a226f8a9ae2a37a11a3"}], "memory": {"broken_at": null, "entries": 1, "head": "aa53516dd88465aa8d8bf8d0d4d211d81c8709524add6d3cb319fc05ecf95bd2", "head_recorded_at": "2026-09-28T16:57:16.837149Z", "projection": "consistent", "status": "intact"}, "rejections": []}
--- exit 0
### 20 propose
$ C:\Cripto\qualificacao\runtime\integration-crypto\venv-cain\Scripts\cain.exe research propose --domain crypto --state C:\Cripto\qualificacao\runtime\integration-crypto\transport-rc6-test\out-windows\it20\cain --proposal C:\Cripto\qualificacao\runtime\integration-crypto\stage-ciclo3b\mission\fixtures\proposals\e2e\01-allow.json --as-of 2026-09-29T12:00:00Z
{"decision": "ALLOW", "episode_id": "crypto:episode-1", "reason_code": "ALLOWED", "receipt_sha256": "d364ff5a3e2d04c1d3032650a6d7a73088ee668bc2a361792e2e481b76ecccb4", "rule": "R14", "status": "RECORDED", "task": {"payload_sha256": "5fe20eb7b93d743530485cae313699a24e6bde31926371024ff20b8d3ef89beb", "previous_task_id": null, "task_id": "crypto:TASK-02bf95b3940c9a226f8a9ae2a37a11a3"}}
--- exit 0
### 20 dispatch
$ C:\Cripto\qualificacao\runtime\integration-crypto\venv-cain\Scripts\cain.exe research dispatch --domain crypto --state C:\Cripto\qualificacao\runtime\integration-crypto\transport-rc6-test\out-windows\it20\cain --spool C:\Cripto\qualificacao\runtime\integration-crypto\transport-rc6-test\out-windows\it20\spool
{"action": "dispatched", "file": "crypto/tasks/TASK-02bf95b3940c9a226f8a9ae2a37a11a3.json", "spool": "WRITTEN", "task_id": "crypto:TASK-02bf95b3940c9a226f8a9ae2a37a11a3"}
--- exit 0
### 20 consumer 0
{"action": "delivered", "attempt": 1, "class": "TERMINAL_RESULT", "episode_id": "crypto:episode-1", "result_file": "crypto/results/TASK-02bf95b3940c9a226f8a9ae2a37a11a3.9279aac284ebf3c2.json", "result_write": "WRITTEN", "status": "RESULT", "task_id": "crypto:TASK-02bf95b3940c9a226f8a9ae2a37a11a3"}
{"duration_ms": 400, "event": "job_finished", "job_id": "crypto-research-159fdfb2ad2ccd8f8d612a36", "level": "INFO", "run_id": "07f437e1a4fc4c58bceca6d8edd7d545", "run_status": "SUCCEEDED", "service": "predictor_ops", "timestamp": "2026-09-28T16:57:18.230642Z"}
--- exit 0
### 20 consumer 1
{"action": "busy", "code": "CONSUMER_BUSY", "domain": "crypto"}
--- exit 6
### 20 ingest
$ C:\Cripto\qualificacao\runtime\integration-crypto\venv-cain\Scripts\cain.exe research ingest --domain crypto --state C:\Cripto\qualificacao\runtime\integration-crypto\transport-rc6-test\out-windows\it20\cain --spool C:\Cripto\qualificacao\runtime\integration-crypto\transport-rc6-test\out-windows\it20\spool
{"action": "ingested", "class": "TERMINAL_RESULT", "fact": "fact:7ca64c2764d94fec8d8555173e6dd0c2", "file": "TASK-02bf95b3940c9a226f8a9ae2a37a11a3.9279aac284ebf3c2.json", "status": "RESULT", "task_id": "crypto:TASK-02bf95b3940c9a226f8a9ae2a37a11a3"}
--- exit 0
### 20 episodes
$ C:\Cripto\qualificacao\runtime\integration-crypto\venv-cain\Scripts\cain.exe research episodes --domain crypto --state C:\Cripto\qualificacao\runtime\integration-crypto\transport-rc6-test\out-windows\it20\cain
{"domain": "crypto", "episodes": [{"as_of": "2026-09-29T12:00:00Z", "decision": "ALLOW", "number": 1, "outbox": {"dispatches": 1, "retries_requested": 0, "status": "PUBLISHED", "task_id": "crypto:TASK-02bf95b3940c9a226f8a9ae2a37a11a3"}, "proposal_id": "cain:E2E-01", "reason_code": "ALLOWED", "receipt_sha256": "d364ff5a3e2d04c1d3032650a6d7a73088ee668bc2a361792e2e481b76ecccb4", "source": "operator", "task_id": "crypto:TASK-02bf95b3940c9a226f8a9ae2a37a11a3"}], "inbox": [{"class": "TERMINAL_RESULT", "fact_id": "fact:7ca64c2764d94fec8d8555173e6dd0c2", "payload_sha256": "2d7c5a0caca27aa97397def151db5c48b69a8a3021ef877822d67e8ad537a6bd", "status": "RESULT", "task_id": "crypto:TASK-02bf95b3940c9a226f8a9ae2a37a11a3"}], "memory": {"broken_at": null, "entries": 1, "head": "121ebaf2605dcc40f84c011e76f9ddf7f9dcb906c48af31476fd6589c8c17b49", "head_recorded_at": "2026-09-28T16:57:18.492721Z", "projection": "consistent", "status": "intact"}, "rejections": []}
--- exit 0
