[?2026h[?25l[1Gpulling manifest ⠋ [K[?25h[?2026l[?2026h[?25l[1Gpulling manifest ⠙ [K[?25h[?2026l[?2026h[?25l[1Gpulling manifest ⠹ [K[?25h[?2026l[?2026h[?25l[1Gpulling manifest ⠸ [K[?25h[?2026l[?2026h[?25l[1Gpulling manifest [K
pulling c5396e06af29:   1% ▕                  ▏ 4.7 MB/397 MB                  [K[?25h[?2026l[?2026h[?25l[A[1Gpulling manifest [K
pulling c5396e06af29:  13% ▕██                ▏  50 MB/397 MB                  [K[?25h[?2026l[?2026h[?25l[A[1Gpulling manifest [K
pulling c5396e06af29:  21% ▕███               ▏  85 MB/397 MB                  [K[?25h[?2026l[?2026h[?25l[A[1Gpulling manifest [K
pulling c5396e06af29:  24% ▕████              ▏  96 MB/397 MB                  [K[?25h[?2026l[?2026h[?25l[A[1Gpulling manifest [K
pulling c5396e06af29:  35% ▕██████            ▏ 138 MB/397 MB                  [K[?25h[?2026l[?2026h[?25l[A[1Gpulling manifest [K
pulling c5396e06af29:  45% ▕████████          ▏ 179 MB/397 MB                  [K[?25h[?2026l[?2026h[?25l[A[1Gpulling manifest [K
pulling c5396e06af29:  50% ▕█████████         ▏ 199 MB/397 MB                  [K[?25h[?2026l[?2026h[?25l[A[1Gpulling manifest [K
pulling c5396e06af29:  59% ▕██████████        ▏ 235 MB/397 MB                  [K[?25h[?2026l[?2026h[?25l[A[1Gpulling manifest [K
pulling c5396e06af29:  69% ▕████████████      ▏ 275 MB/397 MB                  [K[?25h[?2026l[?2026h[?25l[A[1Gpulling manifest [K
pulling c5396e06af29:  73% ▕█████████████     ▏ 291 MB/397 MB                  [K[?25h[?2026l[?2026h[?25l[A[1Gpulling manifest [K
pulling c5396e06af29:  80% ▕██████████████    ▏ 317 MB/397 MB  312 MB/s      0s[K[?25h[?2026l[?2026h[?25l[A[1Gpulling manifest [K
pulling c5396e06af29:  82% ▕██████████████    ▏ 326 MB/397 MB  312 MB/s      0s[K[?25h[?2026l[?2026h[?25l[A[1Gpulling manifest [K
pulling c5396e06af29:  85% ▕███████████████   ▏ 339 MB/397 MB  312 MB/s      0s[K[?25h[?2026l[?2026h[?25l[A[1Gpulling manifest [K
pulling c5396e06af29:  89% ▕████████████████  ▏ 355 MB/397 MB  312 MB/s      0s[K[?25h[?2026l[?2026h[?25l[A[1Gpulling manifest [K
pulling c5396e06af29:  92% ▕████████████████  ▏ 366 MB/397 MB  312 MB/s      0s[K[?25h[?2026l[?2026h[?25l[A[1Gpulling manifest [K
pulling c5396e06af29:  93% ▕████████████████  ▏ 371 MB/397 MB  312 MB/s      0s[K[?25h[?2026l[?2026h[?25l[A[1Gpulling manifest [K
pulling c5396e06af29:  95% ▕█████████████████ ▏ 378 MB/397 MB  312 MB/s      0s[K[?25h[?2026l[?2026h[?25l[A[1Gpulling manifest [K
pulling c5396e06af29:  96% ▕█████████████████ ▏ 382 MB/397 MB  312 MB/s      0s[K[?25h[?2026l[?2026h[?25l[A[1Gpulling manifest [K
pulling c5396e06af29:  97% ▕█████████████████ ▏ 386 MB/397 MB  312 MB/s      0s[K[?25h[?2026l[?2026h[?25l[A[1Gpulling manifest [K
pulling c5396e06af29:  99% ▕█████████████████ ▏ 394 MB/397 MB  312 MB/s      0s[K[?25h[?2026l[?2026h[?25l[A[1Gpulling manifest [K
pulling c5396e06af29: 100% ▕█████████████████ ▏ 397 MB/397 MB  196 MB/s      0s[K[?25h[?2026l[?2026h[?25l[A[1Gpulling manifest [K
pulling c5396e06af29: 100% ▕█████████████████ ▏ 397 MB/397 MB  196 MB/s      0s[K[?25h[?2026l[?2026h[?25l[A[1Gpulling manifest [K
pulling c5396e06af29: 100% ▕█████████████████ ▏ 397 MB/397 MB  196 MB/s      0s[K[?25h[?2026l[?2026h[?25l[A[1Gpulling manifest [K
pulling c5396e06af29: 100% ▕█████████████████ ▏ 397 MB/397 MB  196 MB/s      0s[K[?25h[?2026l[?2026h[?25l[A[1Gpulling manifest [K
pulling c5396e06af29: 100% ▕█████████████████ ▏ 397 MB/397 MB  196 MB/s      0s[K[?25h[?2026l[?2026h[?25l[A[1Gpulling manifest [K
pulling c5396e06af29: 100% ▕█████████████████ ▏ 397 MB/397 MB  196 MB/s      0s[K[?25h[?2026l[?2026h[?25l[A[1Gpulling manifest [K
pulling c5396e06af29: 100% ▕█████████████████ ▏ 397 MB/397 MB  196 MB/s      0s[K[?25h[?2026l[?2026h[?25l[A[1Gpulling manifest [K
pulling c5396e06af29: 100% ▕█████████████████ ▏ 397 MB/397 MB  196 MB/s      0s[K[?25h[?2026l[?2026h[?25l[A[1Gpulling manifest [K
pulling c5396e06af29: 100% ▕█████████████████ ▏ 397 MB/397 MB  196 MB/s      0s[K[?25h[?2026l[?2026h[?25l[A[1Gpulling manifest [K
pulling c5396e06af29: 100% ▕█████████████████ ▏ 397 MB/397 MB  196 MB/s      0s[K[?25h[?2026l[?2026h[?25l[A[1Gpulling manifest [K
pulling c5396e06af29: 100% ▕█████████████████ ▏ 397 MB/397 MB  196 MB/s      0s[K[?25h[?2026l[?2026h[?25l[A[1Gpulling manifest [K
pulling c5396e06af29: 100% ▕█████████████████ ▏ 397 MB/397 MB  196 MB/s      0s[K[?25h[?2026l[?2026h[?25l[A[1Gpulling manifest [K
pulling c5396e06af29: 100% ▕█████████████████ ▏ 397 MB/397 MB  196 MB/s      0s[K[?25h[?2026l[?2026h[?25l[A[1Gpulling manifest [K
pulling c5396e06af29: 100% ▕█████████████████ ▏ 397 MB/397 MB  196 MB/s      0s[K
verifying sha256 digest ⠋ [K[?25h[?2026l[?2026h[?25l[A[A[1Gpulling manifest [K
pulling c5396e06af29: 100% ▕█████████████████ ▏ 397 MB/397 MB  196 MB/s      0s[K
verifying sha256 digest ⠙ [K[?25h[?2026l[?2026h[?25l[A[A[1Gpulling manifest [K
pulling c5396e06af29: 100% ▕█████████████████ ▏ 397 MB/397 MB  196 MB/s      0s[K
verifying sha256 digest ⠹ [K[?25h[?2026l[?2026h[?25l[A[A[1Gpulling manifest [K
pulling c5396e06af29: 100% ▕█████████████████ ▏ 397 MB/397 MB  196 MB/s      0s[K
verifying sha256 digest [K
writing manifest [K
success [K[?25h[?2026l
