F...............                                                         [100%]
================================== FAILURES ===================================
______________ test_calibracao_do_bloco_exclui_jogo_em_andamento ______________

    def test_calibracao_do_bloco_exclui_jogo_em_andamento() -> None:
        rows = _rows()
        cfg = {
            "model": {"max_goals": 7, "goal_half_life_days": None, "calibration_window_years": 4},
            "elo": {},
            "backtest": {"walk_forward_window_rounds": 19},
        }
        fitted: list[list] = []
    
        def compute_ratings(ordered_rows, _cfg):
            return {}, [(0.0, row[3], row[4]) for row in ordered_rows]
    
        def fit_goal_model(history, sample_weights=None):
            fitted.append(list(history))
            return (0.0, 0.3, 0.1, 0.0)
    
        conn = MagicMock()
        conn.execute.return_value = []
        with (
            patch.object(w.db, "completed_matches_with_kickoff", return_value=rows),
            patch.object(w.ratings, "compute_ratings", side_effect=compute_ratings),
            patch.object(w, "_load_odds", return_value={"present": True}),
            patch.object(w, "_load_ext_index", return_value={}),
            patch.object(w, "_load_flat_markets", return_value={}),
            patch.object(w, "_load_lines", return_value={}),
            patch.object(w, "_find_odds", return_value=None),
            patch.object(w.model, "fit_goal_model", side_effect=fit_goal_model),
            patch.object(w.model, "predict_match", return_value={"lambda_a": 1.0, "lambda_b": 1.0}),
        ):
            w.run_walkforward(cfg, conn)
        assert fitted, "nenhum bloco calibrado"
        # O jogo em andamento (9 x 0) não pode estar na calibração do bloco que começa 00:30Z.
>       assert all((9, 0) not in {(h[1], h[2]) for h in history} for history in fitted)
E       assert False
E        +  where False = all(<generator object test_calibracao_do_bloco_exclui_jogo_em_andamento.<locals>.<genexpr> at 0x0000026376930D40>)

tests\test_walkforward_result_availability.py:71: AssertionError
=========================== short test summary info ===========================
FAILED tests/test_walkforward_result_availability.py::test_calibracao_do_bloco_exclui_jogo_em_andamento
1 failed, 15 passed in 63.11s (0:01:03)
