cleanroom-final run_at=2026-09-28T18:36:29Z where=owner_linux (PC 2) uv=uv 0.12.18 (x86_64-unknown-linux-gnu)
/home/superleo13/predictors/runtime/integration-brasileirao/priv/run-20260928T183300Z-br13/cain-venv/bin/../../wheels/brasileirao_predictor-0.3.0rc4-py3-none-any.whl: OK
/home/superleo13/predictors/runtime/integration-brasileirao/priv/run-20260928T183300Z-br13/cain-venv/bin/../../wheels/predictor_research_transport-0.1.0rc6-py3-none-any.whl: OK
/home/superleo13/predictors/runtime/integration-brasileirao/priv/run-20260928T183300Z-br13/cain-venv/bin/../../wheels/predictor_research_protocol-2.0.0rc2-py3-none-any.whl: OK
Using Python 3.13.15 environment at: /home/superleo13/predictors/runtime/integration-brasileirao/priv/run-20260928T183300Z-br13/cleanroom-final/conf-venv
Checked 60 packages in 0.67ms
All installed packages are compatible
brasileirao 0.3.0rc4 /home/superleo13/predictors/runtime/integration-brasileirao/priv/run-20260928T183300Z-br13/cleanroom-final/conf-venv/lib/python3.13/site-packages/brasileirao_predictor/__init__.py
adapter /home/superleo13/predictors/runtime/integration-brasileirao/priv/run-20260928T183300Z-br13/cleanroom-final/conf-venv/lib/python3.13/site-packages/brasileirao_predictor/adapters/research_v2.py
transport 0.1.0rc6 /home/superleo13/predictors/runtime/integration-brasileirao/priv/run-20260928T183300Z-br13/cleanroom-final/conf-venv/lib/python3.13/site-packages/research_transport/__init__.py
protocol 2.0.0rc2
============================= test session starts ==============================
platform linux -- Python 3.13.15, pytest-9.1.1, pluggy-1.6.0
rootdir: /home/superleo13/predictors/runtime/integration-brasileirao/priv/run-20260928T183300Z-br13/br-tree
configfile: pytest.ini
collected 89 items

tests/conformance/test_contract_conformance.py ......................... [ 28%]
.....                                                                    [ 33%]
tests/conformance/test_failure_recovery.py .........................     [ 61%]
tests/conformance/test_import_closure.py ......                          [ 68%]
tests/conformance/test_temporal_suite.py ............................    [100%]

- generated xml file: /home/superleo13/predictors/work/integration-brasileirao-evidence/qualification/integration-brasileirao/RAW_LOGS/runtime/run-20260928T183300Z-br13/cleanroom-final/conformance.junit.xml -
======================== 89 passed in 178.63s (0:02:58) ========================
[conformance exit 0]
Using Python 3.13.15 environment at: /home/superleo13/predictors/runtime/integration-brasileirao/priv/run-20260928T183300Z-br13/cleanroom-final/transport-venv
Checked 7 packages in 0.29ms
All installed packages are compatible
transport /home/superleo13/predictors/runtime/integration-brasileirao/priv/run-20260928T183300Z-br13/cleanroom-final/transport-venv/lib/python3.13/site-packages/research_transport/__init__.py ['brasileirao', 'crypto', 'stocks']
...................                                                      [100%]
==================================== PASSES ====================================
_________________ test_cli_reports_busy_and_publishes_nothing __________________
----------------------------- Captured stdout call -----------------------------
{"action": "delivered", "attempt": 1, "class": "TERMINAL_RESULT", "episode_id": "crypto:episode-1", "result_file": "crypto/results/TASK-26dc4901ed3cd0ad03b70e42297cf1ff.c91622f35e0746ea.json", "result_write": "WRITTEN", "status": "RESULT", "task_id": "crypto:TASK-26dc4901ed3cd0ad03b70e42297cf1ff"}
________________ test_cli_stdout_carries_only_the_report_lines _________________
------------------------------ Captured log call -------------------------------
WARNING  noisy-domain:test_transport.py:426 {"event": "job_finished"}
=========================== short test summary info ============================
PASSED test_transport.py::test_put_task_is_write_once_and_idempotent
PASSED test_transport.py::test_put_task_refuses_other_domain_and_non_canonical
PASSED test_transport.py::test_task_is_delivered_once_and_result_is_byte_identical
PASSED test_transport.py::test_interrupted_delivery_is_resent_and_the_domain_answers_duplicate
PASSED test_transport.py::test_retryable_waits_for_a_resend_requested_by_the_cain
PASSED test_transport.py::test_invalid_foreign_or_misnamed_task_files_are_rejected_without_calling_the_domain
PASSED test_transport.py::test_domain_that_did_not_receive_request_bytes_is_held
PASSED test_transport.py::test_payload_not_identical_to_authoritative_reread_is_held
PASSED test_transport.py::test_tasks_are_delivered_in_episode_order
PASSED test_transport.py::test_one_consumer_per_domain_at_a_time
PASSED test_transport.py::test_cli_reports_busy_and_publishes_nothing
PASSED test_transport.py::test_two_consumer_processes_on_the_same_task_deliver_once
PASSED test_transport.py::test_the_lock_of_a_consumer_that_died_is_released_and_its_task_resumed
PASSED test_transport.py::test_fault_point_kills_the_process_with_86
PASSED test_transport.py::test_only_allowlisted_adapters_load
PASSED test_transport.py::test_stocks_adapter_is_registered_by_module_name_only
PASSED test_transport.py::test_brasileirao_adapter_is_registered_by_module_name_only
PASSED test_transport.py::test_cli_refuses_a_domain_without_adapter
PASSED test_transport.py::test_cli_stdout_carries_only_the_report_lines
19 passed in 2.16s
[transport exit 0]
Using Python 3.13.15 environment at: /home/superleo13/predictors/runtime/integration-brasileirao/priv/run-20260928T183300Z-br13/cleanroom-final/cain-test-venv
Checked 29 packages in 0.44ms
All installed packages are compatible
cain 0.4.13rc13 /home/superleo13/predictors/runtime/integration-brasileirao/priv/run-20260928T183300Z-br13/cleanroom-final/cain-test-venv/lib/python3.13/site-packages/cain/__init__.py ['brasileirao', 'crypto', 'stocks']
........................................................................ [ 75%]
.......................                                                  [100%]
==================================== PASSES ====================================
____________ test_cli_in_process_covers_every_orchestration_command ____________
----------------------------- Captured stdout call -----------------------------
{"action": "duplicate", "file": "TASK-5d60fe842c623cb55c113d3b5507302c.11c700ceaa697897.json"}
{"action": "rejected", "code": "SCHEMA_INVALID", "file": "junk.json", "reason": "SCHEMA_INVALID: invalid JSON"}
=========================== short test summary info ============================
PASSED tests/integration/test_orchestration.py::test_full_cycle_remembers_the_result_in_the_domain_cube_only
PASSED tests/integration/test_orchestration.py::test_duplicate_deliveries_never_create_a_second_effect
PASSED tests/integration/test_orchestration.py::test_same_proposal_returns_the_recorded_episode_and_conflicting_id_is_refused
PASSED tests/integration/test_orchestration.py::test_foreign_unknown_and_tampered_results_are_rejected
PASSED tests/integration/test_orchestration.py::test_retryable_then_retry_then_result
PASSED tests/integration/test_orchestration.py::test_refusal_is_remembered_and_requires_human_stops_the_domain
PASSED tests/integration/test_orchestration.py::test_contradiction_is_preserved_not_decided_by_majority
PASSED tests/integration/test_orchestration.py::test_decision_receipt_is_byte_identical_in_three_new_processes
PASSED tests/integration/test_orchestration.py::test_process_death_during_proposal_recovers_with_the_same_receipt[after_decision_before_episode_commit]
PASSED tests/integration/test_orchestration.py::test_process_death_during_proposal_recovers_with_the_same_receipt[after_outbox_commit]
PASSED tests/integration/test_orchestration.py::test_process_death_in_dispatch_or_ingest_recovers_exactly_once[after_spool_write_before_ack]
PASSED tests/integration/test_orchestration.py::test_process_death_in_dispatch_or_ingest_recovers_exactly_once[after_inbox_commit_before_memory]
PASSED tests/integration/test_orchestration.py::test_process_death_in_dispatch_or_ingest_recovers_exactly_once[after_memory_commit]
PASSED tests/integration/test_orchestration.py::test_cli_refuses_unknown_domain_configuration
PASSED tests/integration/test_orchestration.py::test_no_capital_anywhere
PASSED tests/integration/test_orchestration.py::test_cli_in_process_covers_every_orchestration_command
PASSED tests/integration/test_orchestration.py::test_memory_never_keeps_the_domain_free_text_reason
PASSED tests/integration/test_orchestration.py::test_llm_proposal_is_audited_and_still_goes_through_the_policy
PASSED tests/integration/test_orchestration.py::test_llm_never_reproposes_a_request_the_domain_refused
PASSED tests/integration/test_orchestration.py::test_llm_proposal_cli_requires_state_and_output
PASSED tests/integration/test_orchestration.py::test_domain_refusal_code_is_remembered_and_the_hypothesis_is_not_proposed_again
PASSED tests/integration/test_orchestration.py::test_the_same_experiment_under_another_request_id_is_not_run_again
PASSED tests/integration/test_orchestration.py::test_free_text_refusal_reason_never_becomes_a_reason_code
PASSED tests/integration/test_orchestration.py::test_llm_only_chooses_among_hypotheses_the_policy_would_accept_now
PASSED tests/integration/test_orchestration.py::test_the_cain_assigns_an_unused_deterministic_placebo_seed
PASSED tests/integration/test_orchestration.py::test_llm_is_not_asked_when_no_hypothesis_is_eligible
PASSED tests/integration/test_orchestration.py::test_result_metrics_reach_the_memory_the_view_and_the_model_as_numbers_only
PASSED tests/integration/test_orchestration.py::test_without_declared_numbers_the_fact_the_view_and_the_prompt_stay_as_before
PASSED tests/integration/test_orchestration.py::test_the_model_context_fits_the_provider_budget_dropping_the_oldest_results
PASSED tests/unit/test_findings_pinned_sha.py::test_crypto_ingestion_refuses_a_moving_or_short_ref[origin/main]
PASSED tests/unit/test_findings_pinned_sha.py::test_crypto_ingestion_refuses_a_moving_or_short_ref[HEAD]
PASSED tests/unit/test_findings_pinned_sha.py::test_crypto_ingestion_refuses_a_moving_or_short_ref[341d270]
PASSED tests/unit/test_findings_pinned_sha.py::test_crypto_ingestion_refuses_a_moving_or_short_ref[341d270e4d709150c581c3cd93f4518d483009eb^]
PASSED tests/unit/test_loop_fenced.py::test_no_console_script_reaches_the_direct_evaluator_or_a_domain_package
PASSED tests/unit/test_loop_fenced.py::test_orchestration_is_reachable_from_the_cain_console_script
PASSED tests/unit/test_loop_fenced.py::test_cain_loop_is_not_a_command_and_the_lab_tool_still_runs
PASSED tests/unit/test_orchestration_brasileirao_config.py::test_packaged_brasileirao_configuration_comes_from_the_pinned_base_the_contract_and_the_loop
PASSED tests/unit/test_orchestration_brasileirao_config.py::test_allow_a_qualification_probe_when_nothing_blocks
PASSED tests/unit/test_orchestration_brasileirao_config.py::test_one_soak_hypothesis_per_cycle_is_proposable_and_not_held_by_another_hypothesis_contradiction
PASSED tests/unit/test_orchestration_brasileirao_config.py::test_closed_protected_and_loop_hypotheses_and_the_loop_family_are_never_reopened
PASSED tests/unit/test_orchestration_brasileirao_config.py::test_references_priority_and_domain_are_enforced
PASSED tests/unit/test_orchestration_brasileirao_config.py::test_a_request_with_parameters_is_refused_by_the_brasileirao_schema
PASSED tests/unit/test_orchestration_brasileirao_config.py::test_the_sealed_2025_holdout_goes_to_a_human
PASSED tests/unit/test_orchestration_brasileirao_config.py::test_negative_results_never_raise_priority_or_budget
PASSED tests/unit/test_orchestration_brasileirao_config.py::test_same_h9_in_three_domains_never_mixes_in_the_brasileirao_orchestration
PASSED tests/unit/test_orchestration_brasileirao_config.py::test_llm_template_probe_and_summary_of_a_request_without_parameters
PASSED tests/unit/test_orchestration_brasileirao_config.py::test_three_configurations_are_distinct_and_hashed
PASSED tests/unit/test_orchestration_policy.py::test_packaged_crypto_configuration_comes_from_the_pinned_base
PASSED tests/unit/test_orchestration_policy.py::test_allow_when_nothing_blocks
PASSED tests/unit/test_orchestration_policy.py::test_block_rules[value0-DOMAIN_MISMATCH]
PASSED tests/unit/test_orchestration_policy.py::test_block_rules[value1-DOMAIN_MISMATCH]
PASSED tests/unit/test_orchestration_policy.py::test_block_rules[value2-DOMAIN_MISMATCH]
PASSED tests/unit/test_orchestration_policy.py::test_block_rules[value3-DOMAIN_MISMATCH]
PASSED tests/unit/test_orchestration_policy.py::test_block_rules[value4-DOMAIN_MISMATCH]
PASSED tests/unit/test_orchestration_policy.py::test_block_rules[value5-SCHEMA_INVALID]
PASSED tests/unit/test_orchestration_policy.py::test_block_rules[value6-SCHEMA_INVALID]
PASSED tests/unit/test_orchestration_policy.py::test_block_rules[value7-FORBIDDEN_FIELD]
PASSED tests/unit/test_orchestration_policy.py::test_block_rules[value8-FORBIDDEN_FIELD]
PASSED tests/unit/test_orchestration_policy.py::test_block_rules[value9-FORBIDDEN_FIELD]
PASSED tests/unit/test_orchestration_policy.py::test_block_rules[value10-HYPOTHESIS_CLOSED]
PASSED tests/unit/test_orchestration_policy.py::test_block_rules[value11-HYPOTHESIS_CLOSED]
PASSED tests/unit/test_orchestration_policy.py::test_block_rules[value12-HYPOTHESIS_CLOSED]
PASSED tests/unit/test_orchestration_policy.py::test_block_rules[value13-COST_MODEL_MISMATCH]
PASSED tests/unit/test_orchestration_policy.py::test_block_rules[value14-SYMBOL_NOT_ALLOWED]
PASSED tests/unit/test_orchestration_policy.py::test_block_rules[value15-REFERENCE_NOT_ALLOWED]
PASSED tests/unit/test_orchestration_policy.py::test_block_rules[value16-PRIORITY_ABOVE_CAP]
PASSED tests/unit/test_orchestration_policy.py::test_same_h9_in_three_domains_never_mixes
PASSED tests/unit/test_orchestration_policy.py::test_duplicate_and_request_id_conflict
PASSED tests/unit/test_orchestration_policy.py::test_require_human_contradiction_new_hypothesis_and_reconciliation
PASSED tests/unit/test_orchestration_policy.py::test_require_human_when_the_domain_refused_the_hypothesis_as_not_admitted
PASSED tests/unit/test_orchestration_policy.py::test_abstain_on_open_task_and_budget
PASSED tests/unit/test_orchestration_policy.py::test_cooldown_after_negative_streak_then_allowed_again
PASSED tests/unit/test_orchestration_policy.py::test_negative_results_never_widen_what_is_allowed
PASSED tests/unit/test_orchestration_policy.py::test_economic_watch_is_not_a_signal
PASSED tests/unit/test_orchestration_policy.py::test_receipt_is_canonical_deterministic_and_names_policy_and_config
PASSED tests/unit/test_orchestration_policy.py::test_configuration_rejects_closed_hypothesis_made_proposable
PASSED tests/unit/test_orchestration_stocks_config.py::test_packaged_stocks_configuration_comes_from_the_pinned_base_and_the_contract
PASSED tests/unit/test_orchestration_stocks_config.py::test_allow_a_qualification_probe_when_nothing_blocks
PASSED tests/unit/test_orchestration_stocks_config.py::test_closed_hypotheses_and_frozen_families_are_never_reopened
PASSED tests/unit/test_orchestration_stocks_config.py::test_costs_references_priority_and_domain_are_enforced
PASSED tests/unit/test_orchestration_stocks_config.py::test_costs_are_compared_only_where_the_contract_declares_them
PASSED tests/unit/test_orchestration_stocks_config.py::test_llm_requests_carry_the_placebo_seed_only_where_the_contract_declares_it
PASSED tests/unit/test_orchestration_stocks_config.py::test_each_proposable_hypothesis_has_one_request_type_from_the_frozen_fixtures
PASSED tests/unit/test_orchestration_stocks_config.py::test_a_collection_hypothesis_is_never_sent_as_a_backtest
PASSED tests/unit/test_orchestration_stocks_config.py::test_the_same_experiment_under_another_id_adds_no_information
PASSED tests/unit/test_orchestration_stocks_config.py::test_rationale_counts_and_eligibility_are_checked_against_the_view
PASSED tests/unit/test_orchestration_stocks_config.py::test_overlaid_hypotheses_ask_for_their_own_experiment
PASSED tests/unit/test_orchestration_stocks_config.py::test_packaged_llm_only_hypotheses_are_negative_controls_with_their_own_seeds
PASSED tests/unit/test_orchestration_stocks_config.py::test_a_refused_task_is_never_a_request_template
PASSED tests/unit/test_orchestration_stocks_config.py::test_the_model_sees_what_each_allowed_hypothesis_would_request_never_costs
PASSED tests/unit/test_orchestration_stocks_config.py::test_a_false_refusal_claim_in_the_rationale_is_reported
PASSED tests/unit/test_orchestration_stocks_config.py::test_economic_watch_never_raises_priority_or_budget
PASSED tests/unit/test_orchestration_stocks_config.py::test_same_h9_in_three_domains_never_mixes_in_the_stocks_orchestration
PASSED tests/unit/test_orchestration_stocks_config.py::test_stocks_and_crypto_configurations_are_distinct_and_hashed
PASSED tests/unit/test_orchestration_stocks_config.py::test_the_families_of_the_stocks_main_are_frozen_too_d26
95 passed in 6.85s
[cain exit 0]
cleanroom-final status=0 done 2026-09-28T18:39:45Z
