# 2026-09-24T05:38:47Z prova do revert (prompt §10 BR_KICKOFF_ORDERING)
worktree HEAD cff7a3a50a00a5af23c569c57c3203e2d2f2d535
Checking patch brasileirao_scripts/backtest_walkforward.py...
Hunk #1 succeeded at 130 (offset -22 lines).
error: while searching for:
        frac1, n_frac = _ht_fraction(rows_ht, first_date)

        for i in range(lo, hi):
            d, home, away, hs, as_, tournament, neutral = rows[i][:7]
            diff = history[i][0]
            r = model.predict_match(diff, 0.0, params, 0.0, max_goals=max_goals)
            total = hs + as_

error: patch failed: brasileirao_scripts/backtest_walkforward.py:155
error: brasileirao_scripts/backtest_walkforward.py: patch does not apply
revert apply exit=1
== teste com o revert (deve FALHAR)
.                                                                        [100%]
1 passed in 15.94s
== restaurado
.                                                                        [100%]
1 passed in 6.27s
worktree removido: sim
C:/QUALIFICACAO/repos/brasileirao-predictor cff7a3a [qualification/brasileirao-stage-a]
C:/QUALIFICACAO/repos/br-dev                cff7a3a [wip/br-dev]
== final wheel publicada (v0.3.0rc1) inalterada:
sha256:ebea77228c527d81a578d49d40acf3547bc3c3bc9c54a33a0ba824dd78e2919d
