{"effective_proposal": "/home/runner/work/_temp/work/failures/F12/proposals/1.json", "template": "fixtures/proposals/e2e/01-allow.json", "sha256": "dceccae006433b0e8932679f28f8cdc898946829b2718da4f87a3383807d8f93"}
{"n": 1, "label": "propose 1", "at": "2026-09-28T18:18:07Z", "seconds": 0.144, "argv": ["/home/runner/work/_temp/work/rt/cain-venv/bin/cain", "research", "propose", "--domain", "stocks", "--state", "/home/runner/work/_temp/work/failures/F12/cain-state", "--proposal", "/home/runner/work/_temp/work/failures/F12/proposals/1.json", "--as-of", "2026-09-28T18:18:06Z"], "fault_env": {}, "exit": 0}
--- stdout
{"decision": "ALLOW", "episode_id": "stocks:episode-1", "reason_code": "ALLOWED", "receipt_sha256": "f27f8105c5e7a643fd440591048069ca8d4ad6f9fa0d6da97137d9d8c18ee9d6", "rule": "R14", "status": "RECORDED", "task": {"payload_sha256": "ea0b23fb5fb281ed9bc54d212cc474892f087db800e5fa126f8d306f58d48712", "previous_task_id": null, "task_id": "stocks:TASK-10c3e7186e83e5a5fa890788c06ea95a"}}
--- stderr
--- end
{"n": 2, "label": "dispatch 1", "at": "2026-09-28T18:18:07Z", "seconds": 0.121, "argv": ["/home/runner/work/_temp/work/rt/cain-venv/bin/cain", "research", "dispatch", "--domain", "stocks", "--state", "/home/runner/work/_temp/work/failures/F12/cain-state", "--spool", "/home/runner/work/_temp/work/failures/F12/spool"], "fault_env": {}, "exit": 0}
--- stdout
{"action": "dispatched", "file": "stocks/tasks/TASK-10c3e7186e83e5a5fa890788c06ea95a.json", "spool": "WRITTEN", "task_id": "stocks:TASK-10c3e7186e83e5a5fa890788c06ea95a"}
--- stderr
--- end
{"n": 3, "label": "consumer 1", "at": "2026-09-28T18:18:15Z", "seconds": 8.512, "argv": ["/home/runner/work/_temp/work/rt/consumer-venv/bin/predictor-research-consumer", "--domain", "stocks", "--spool", "/home/runner/work/_temp/work/failures/F12/spool", "--ledger", "/home/runner/work/_temp/work/failures/F12/consumer/ledger.sqlite", "--state", "/home/runner/work/_temp/work/failures/F12/domain-state", "--policy", "/home/runner/work/_temp/work/rt/op/policy.json", "--objects", "/home/runner/work/_temp/work/rt/op/objects"], "fault_env": {}, "exit": 0}
--- stdout
{"action": "delivered", "attempt": 1, "class": "TERMINAL_RESULT", "episode_id": "stocks:episode-1", "result_file": "stocks/results/TASK-10c3e7186e83e5a5fa890788c06ea95a.83581b909667fa8d.json", "result_write": "WRITTEN", "status": "RESULT", "task_id": "stocks:TASK-10c3e7186e83e5a5fa890788c06ea95a"}
--- stderr
{"duration_ms": 8230, "event": "job_finished", "job_id": "stocks-research-3f14ae9823f1edc1d81dc0e7", "level": "INFO", "run_id": "00ceb18dbf62417c9f08d4898417154c", "run_status": "SUCCEEDED", "service": "predictor_ops", "timestamp": "2026-09-28T18:18:15.648280Z"}
--- end
{"n": 4, "label": "ingest 1", "at": "2026-09-28T18:18:15Z", "seconds": 0.132, "argv": ["/home/runner/work/_temp/work/rt/cain-venv/bin/cain", "research", "ingest", "--domain", "stocks", "--state", "/home/runner/work/_temp/work/failures/F12/cain-state", "--spool", "/home/runner/work/_temp/work/failures/F12/spool"], "fault_env": {}, "exit": 0}
--- stdout
{"action": "ingested", "class": "TERMINAL_RESULT", "fact": "fact:cd8de8747f834e2db3f4c1bc8ef1019d", "file": "TASK-10c3e7186e83e5a5fa890788c06ea95a.83581b909667fa8d.json", "status": "RESULT", "task_id": "stocks:TASK-10c3e7186e83e5a5fa890788c06ea95a"}
--- stderr
--- end
{"n": 5, "label": "tamper other-payload", "at": "2026-09-28T18:18:15Z", "seconds": 0.059, "argv": ["/home/runner/work/_temp/work/rt/cain-venv/bin/python", "-I", "/home/runner/work/_temp/work/failures/F12/tamper.py", "other-payload", "/home/runner/work/_temp/work/failures/F12/spool/stocks/tasks/TASK-10c3e7186e83e5a5fa890788c06ea95a.json", "/home/runner/work/_temp/work/failures/F12/spool/stocks/results/TASK-10c3e7186e83e5a5fa890788c06ea95a.83581b909667fa8d.json", "/home/runner/work/_temp/work/failures/F12/spool/stocks/results/other-payload.json"], "fault_env": {}, "exit": 0}
--- stdout
{"mode": "other-payload", "bytes": 96417}
--- stderr
--- end
{"n": 6, "label": "ingest other payload", "at": "2026-09-28T18:18:16Z", "seconds": 0.125, "argv": ["/home/runner/work/_temp/work/rt/cain-venv/bin/cain", "research", "ingest", "--domain", "stocks", "--state", "/home/runner/work/_temp/work/failures/F12/cain-state", "--spool", "/home/runner/work/_temp/work/failures/F12/spool"], "fault_env": {}, "exit": 2}
--- stdout
{"action": "duplicate", "file": "TASK-10c3e7186e83e5a5fa890788c06ea95a.83581b909667fa8d.json"}
{"action": "rejected", "code": "CONFLICT", "file": "other-payload.json", "reason": "another domain payload was already ingested for this task"}
--- stderr
--- end
{"n": 7, "label": "re-dispatch over tampered spool file", "at": "2026-09-28T18:18:16Z", "seconds": 0.12, "argv": ["/home/runner/work/_temp/work/rt/cain-venv/bin/cain", "research", "dispatch", "--domain", "stocks", "--state", "/home/runner/work/_temp/work/failures/F12/cain-state", "--spool", "/home/runner/work/_temp/work/failures/F12/spool", "--resend"], "fault_env": {}, "exit": 2}
--- stdout
{"detail": "CONFLICT: tasks/TASK-10c3e7186e83e5a5fa890788c06ea95a.json already has other bytes", "error": "CONFLICT"}
--- stderr
--- end
{"n": 8, "label": "original kept", "at": "2026-09-28T18:18:16Z", "seconds": 0.119, "argv": ["/home/runner/work/_temp/work/rt/cain-venv/bin/cain", "research", "episodes", "--domain", "stocks", "--state", "/home/runner/work/_temp/work/failures/F12/cain-state"], "fault_env": {}, "exit": 0}
--- stdout
{"domain": "stocks", "episodes": [{"as_of": "2026-09-28T18:18:06Z", "decision": "ALLOW", "number": 1, "outbox": {"dispatches": 1, "retries_requested": 0, "status": "PUBLISHED", "task_id": "stocks:TASK-10c3e7186e83e5a5fa890788c06ea95a"}, "proposal_id": "cain:FM-F12-1", "reason_code": "ALLOWED", "receipt_sha256": "f27f8105c5e7a643fd440591048069ca8d4ad6f9fa0d6da97137d9d8c18ee9d6", "source": "operator", "task_id": "stocks:TASK-10c3e7186e83e5a5fa890788c06ea95a"}], "inbox": [{"class": "TERMINAL_RESULT", "fact_id": "fact:cd8de8747f834e2db3f4c1bc8ef1019d", "payload_sha256": "82a12cc06a8c176d6174c8aa1c366fa9178b8e6f22c9ccbb58ecc98c36df2f08", "status": "RESULT", "task_id": "stocks:TASK-10c3e7186e83e5a5fa890788c06ea95a"}], "memory": {"broken_at": null, "entries": 1, "head": "d32900ee551c24f06e6dcb7b0b14b26263c36c23161bc09f34ad46e0f17ab452", "head_recorded_at": "2026-09-28T18:18:15.821094Z", "projection": "consistent", "status": "intact"}, "rejections": [{"code": "CONFLICT", "file": "other-payload.json"}]}
--- stderr
--- end
