{"n": 1, "label": "crypto: propose real", "at": "2026-10-07T23:05:31Z", "seconds": 0.141, "argv": ["/home/runner/work/_temp/work/rt/cain-venv/bin/cain", "research", "propose", "--domain", "crypto", "--state", "/home/runner/work/_temp/work/isolation/shared/cain-state", "--proposal", "/home/runner/work/predictor-qualification/predictor-qualification/qualification/integration-crypto/fixtures/proposals/e2e/01-allow.json", "--as-of", "2026-10-07T23:05:31Z"], "fault_env": {}, "exit": 0}
--- stdout
{"decision": "ALLOW", "episode_id": "crypto:episode-1", "reason_code": "ALLOWED", "receipt_sha256": "d25417e6cf0f7e45081463010c78b692a0a4233e58c7a244c6ee9d710c054758", "rule": "R14", "status": "RECORDED", "task": {"payload_sha256": "5fe20eb7b93d743530485cae313699a24e6bde31926371024ff20b8d3ef89beb", "previous_task_id": null, "task_id": "crypto:TASK-02bf95b3940c9a226f8a9ae2a37a11a3"}}
--- stderr
--- end
{"n": 2, "label": "crypto: dispatch", "at": "2026-10-07T23:05:31Z", "seconds": 0.121, "argv": ["/home/runner/work/_temp/work/rt/cain-venv/bin/cain", "research", "dispatch", "--domain", "crypto", "--state", "/home/runner/work/_temp/work/isolation/shared/cain-state", "--spool", "/home/runner/work/_temp/work/isolation/shared/spool"], "fault_env": {}, "exit": 0}
--- stdout
{"action": "dispatched", "file": "crypto/tasks/TASK-02bf95b3940c9a226f8a9ae2a37a11a3.json", "spool": "WRITTEN", "task_id": "crypto:TASK-02bf95b3940c9a226f8a9ae2a37a11a3"}
--- stderr
--- end
{"n": 3, "label": "crypto: consumer", "at": "2026-10-07T23:05:31Z", "seconds": 0.44, "argv": ["/home/runner/work/_temp/work/rt/crypto-venv/bin/predictor-research-consumer", "--domain", "crypto", "--spool", "/home/runner/work/_temp/work/isolation/shared/spool", "--ledger", "/home/runner/work/_temp/work/isolation/shared/consumer/crypto-ledger.sqlite", "--state", "/home/runner/work/_temp/work/isolation/shared/crypto-domain-state", "--policy", "/home/runner/work/_temp/work/rt/crypto-op/policy.json", "--objects", "/home/runner/work/_temp/work/rt/crypto-op/objects"], "fault_env": {}, "exit": 0}
--- stdout
{"action": "delivered", "attempt": 1, "class": "TERMINAL_RESULT", "episode_id": "crypto:episode-1", "result_file": "crypto/results/TASK-02bf95b3940c9a226f8a9ae2a37a11a3.ae6d55a6892f3d56.json", "result_write": "WRITTEN", "status": "RESULT", "task_id": "crypto:TASK-02bf95b3940c9a226f8a9ae2a37a11a3"}
--- stderr
{"duration_ms": 206, "event": "job_finished", "job_id": "crypto-research-4f35584e10bfe55aacae8ba4", "level": "INFO", "run_id": "40c0b494c3b2458b9a95a3ba4b9a1c30", "run_status": "SUCCEEDED", "service": "predictor_ops", "timestamp": "2026-10-07T23:05:31.957958Z"}
--- end
{"n": 4, "label": "crypto: ingest", "at": "2026-10-07T23:05:32Z", "seconds": 0.129, "argv": ["/home/runner/work/_temp/work/rt/cain-venv/bin/cain", "research", "ingest", "--domain", "crypto", "--state", "/home/runner/work/_temp/work/isolation/shared/cain-state", "--spool", "/home/runner/work/_temp/work/isolation/shared/spool"], "fault_env": {}, "exit": 0}
--- stdout
{"action": "ingested", "class": "TERMINAL_RESULT", "fact": "fact:aa1d6b42de2746ef899d340c8f5b9d53", "file": "TASK-02bf95b3940c9a226f8a9ae2a37a11a3.ae6d55a6892f3d56.json", "status": "RESULT", "task_id": "crypto:TASK-02bf95b3940c9a226f8a9ae2a37a11a3"}
--- stderr
--- end
{"n": 5, "label": "crypto: ingest the real stocks result", "at": "2026-10-07T23:05:41Z", "seconds": 0.122, "argv": ["/home/runner/work/_temp/work/rt/cain-venv/bin/cain", "research", "ingest", "--domain", "crypto", "--state", "/home/runner/work/_temp/work/isolation/shared/cain-state", "--spool", "/home/runner/work/_temp/work/isolation/shared/spool"], "fault_env": {}, "exit": 2}
--- stdout
{"action": "duplicate", "file": "TASK-02bf95b3940c9a226f8a9ae2a37a11a3.ae6d55a6892f3d56.json"}
{"action": "rejected", "code": "DOMAIN_MISMATCH", "file": "cross-stocks-real.json", "reason": "result of domain stocks"}
--- stderr
--- end
{"n": 6, "label": "same H9: crypto:H9 -> crypto", "at": "2026-10-07T23:05:41Z", "seconds": 0.122, "argv": ["/home/runner/work/_temp/work/rt/cain-venv/bin/cain", "research", "propose", "--domain", "crypto", "--state", "/home/runner/work/_temp/work/isolation/shared/cain-state", "--proposal", "/home/runner/work/predictor-qualification/predictor-qualification/qualification/integration-crypto/fixtures/proposals/e2e/05-h9-closed.json", "--as-of", "2026-10-07T23:05:41Z"], "fault_env": {}, "exit": 0}
--- stdout
{"decision": "BLOCK", "episode_id": "crypto:episode-2", "reason_code": "HYPOTHESIS_CLOSED", "receipt_sha256": "8dab7e95104a49619b6ea571fe62f65aa615fd7b5bb09aceed1c399527983ece", "rule": "R05", "status": "RECORDED", "task": null}
--- stderr
--- end
{"n": 7, "label": "same H9: stocks:H9 -> crypto", "at": "2026-10-07T23:05:41Z", "seconds": 0.123, "argv": ["/home/runner/work/_temp/work/rt/cain-venv/bin/cain", "research", "propose", "--domain", "crypto", "--state", "/home/runner/work/_temp/work/isolation/shared/cain-state", "--proposal", "/home/runner/work/predictor-qualification/predictor-qualification/qualification/integration-crypto/fixtures/proposals/e2e/06-stocks-h9.json", "--as-of", "2026-10-07T23:05:41Z"], "fault_env": {}, "exit": 0}
--- stdout
{"decision": "BLOCK", "episode_id": "crypto:episode-3", "reason_code": "DOMAIN_MISMATCH", "receipt_sha256": "09d9d904beae08b58f11f270564ca5149b789188c057450d0c2d5ebeaf114739", "rule": "R01", "status": "RECORDED", "task": null}
--- stderr
--- end
