{"n": 1, "label": "propose 1", "at": "2026-10-07T23:40:22Z", "seconds": 0.105, "argv": ["/home/runner/work/_temp/work/rt/cain-venv/bin/cain", "research", "propose", "--domain", "crypto", "--state", "/home/runner/work/_temp/work/failures/F15/cain-state", "--proposal", "/home/runner/work/_temp/work/failures/F15/proposals/1.json", "--as-of", "2026-10-07T23:40:22Z"], "fault_env": {}, "exit": 0}
--- stdout
{"decision": "ALLOW", "episode_id": "crypto:episode-1", "reason_code": "ALLOWED", "receipt_sha256": "440b8b7ff2b549b6fde0f37e2629248032289edddecf5d1d467efa1d54a1b597", "rule": "R14", "status": "RECORDED", "task": {"payload_sha256": "a99fcf32c40dbeb9ddd98eddbc2ae7e8e52572d7b3c72939e8389fea3ceeac8d", "previous_task_id": null, "task_id": "crypto:TASK-47b7e70ff31159aad09914c90f5a83ea"}}
--- stderr
--- end
{"n": 2, "label": "dispatch", "at": "2026-10-07T23:40:22Z", "seconds": 0.082, "argv": ["/home/runner/work/_temp/work/rt/cain-venv/bin/cain", "research", "dispatch", "--domain", "crypto", "--state", "/home/runner/work/_temp/work/failures/F15/cain-state", "--spool", "/home/runner/work/_temp/work/failures/F15/spool"], "fault_env": {}, "exit": 0}
--- stdout
{"action": "dispatched", "file": "crypto/tasks/TASK-47b7e70ff31159aad09914c90f5a83ea.json", "spool": "WRITTEN", "task_id": "crypto:TASK-47b7e70ff31159aad09914c90f5a83ea"}
--- stderr
--- end
{"n": 3, "label": "consumer (fault)", "at": "2026-10-07T23:40:23Z", "seconds": 0.358, "argv": ["/home/runner/work/_temp/work/rt/consumer-venv/bin/predictor-research-consumer", "--domain", "crypto", "--spool", "/home/runner/work/_temp/work/failures/F15/spool", "--ledger", "/home/runner/work/_temp/work/failures/F15/consumer/ledger.sqlite", "--state", "/home/runner/work/_temp/work/failures/F15/domain-state", "--policy", "/home/runner/work/_temp/work/rt/op/policy.json", "--objects", "/home/runner/work/_temp/work/rt/op/objects"], "fault_env": {"PREDICTOR_RESEARCH_TRANSPORT_FAULT": "after_domain_before_result_write"}, "exit": 86}
--- stdout
--- stderr
{"duration_ms": 205, "event": "job_finished", "job_id": "crypto-research-a23ad8d0f16c6109144dc4d2", "level": "INFO", "run_id": "4252ea5813ba4e1997a27c8c65e66bc4", "run_status": "SUCCEEDED", "service": "predictor_ops", "timestamp": "2026-10-07T23:40:23.062626Z"}
--- end
{"n": 4, "label": "consumer restart over corrupted domain result", "at": "2026-10-07T23:40:23Z", "seconds": 0.112, "argv": ["/home/runner/work/_temp/work/rt/consumer-venv/bin/predictor-research-consumer", "--domain", "crypto", "--spool", "/home/runner/work/_temp/work/failures/F15/spool", "--ledger", "/home/runner/work/_temp/work/failures/F15/consumer/ledger.sqlite", "--state", "/home/runner/work/_temp/work/failures/F15/domain-state", "--policy", "/home/runner/work/_temp/work/rt/op/policy.json", "--objects", "/home/runner/work/_temp/work/rt/op/objects"], "fault_env": {}, "exit": 0}
--- stdout
{"action": "delivered", "attempt": 2, "class": "REQUIRES_HUMAN", "episode_id": "crypto:episode-1", "result_file": "crypto/results/TASK-47b7e70ff31159aad09914c90f5a83ea.5760c98ae9ec148a.json", "result_write": "WRITTEN", "status": "RECONCILIATION_REQUIRED", "task_id": "crypto:TASK-47b7e70ff31159aad09914c90f5a83ea"}
--- stderr
--- end
{"n": 5, "label": "ingest", "at": "2026-10-07T23:40:23Z", "seconds": 0.092, "argv": ["/home/runner/work/_temp/work/rt/cain-venv/bin/cain", "research", "ingest", "--domain", "crypto", "--state", "/home/runner/work/_temp/work/failures/F15/cain-state", "--spool", "/home/runner/work/_temp/work/failures/F15/spool"], "fault_env": {}, "exit": 0}
--- stdout
{"action": "ingested", "class": "REQUIRES_HUMAN", "fact": "fact:89545584ae644f8dbb33f6ab390eb9ae", "file": "TASK-47b7e70ff31159aad09914c90f5a83ea.5760c98ae9ec148a.json", "status": "RECONCILIATION_REQUIRED", "task_id": "crypto:TASK-47b7e70ff31159aad09914c90f5a83ea"}
--- stderr
--- end
{"n": 6, "label": "propose 2", "at": "2026-10-07T23:40:23Z", "seconds": 0.11, "argv": ["/home/runner/work/_temp/work/rt/cain-venv/bin/cain", "research", "propose", "--domain", "crypto", "--state", "/home/runner/work/_temp/work/failures/F15/cain-state", "--proposal", "/home/runner/work/_temp/work/failures/F15/proposals/2.json", "--as-of", "2026-10-07T23:40:23Z"], "fault_env": {}, "exit": 0}
--- stdout
{"decision": "REQUIRE_HUMAN", "episode_id": "crypto:episode-2", "reason_code": "DOMAIN_RECONCILIATION_PENDING", "receipt_sha256": "def09c0796142f145e5da70d9de610a826c0db859005bdf25b6768af02598e76", "rule": "R09", "status": "RECORDED", "task": null}
--- stderr
--- end
