mode=source ops_commit=7bd99ebaea09c74a2ac4243d8991a81c44625a6c date=2026-09-23T07:20:37Z uname=Linux runnervmtr4k5 6.17.0-1022-azure #22-Ubuntu SMP Mon Jul 27 17:24:03 UTC 2026 x86_64 x86_64 x86_64 GNU/Linux
uv 0.12.1 (x86_64-unknown-linux-gnu)
7bd99ebaea09c74a2ac4243d8991a81c44625a6c
Using CPython 3.13.14
Creating virtual environment at: .venv
Resolved 47 packages in 0.60ms
   Building predictor-ops @ file:///tmp/tmp.LG1kutgkdl/ops
Downloading pyright (5.9MiB)
Downloading pygments (1.2MiB)
Downloading ruff (10.9MiB)
Downloading pydantic-core (2.0MiB)
Downloading virtualenv (5.2MiB)
 Downloaded pydantic-core
 Downloaded ruff
 Downloaded virtualenv
 Downloaded pygments
 Downloaded pyright
      Built predictor-ops @ file:///tmp/tmp.LG1kutgkdl/ops
Prepared 46 packages in 907ms
Installed 46 packages in 111ms
 + annotated-types==0.8.0
 + build==1.5.0
 + certifi==2026.7.22
 + cfgv==3.5.0
 + charset-normalizer==3.4.9
 + coverage==7.15.2
 + distlib==0.4.3
 + filelock==3.32.2
 + googleapis-common-protos==1.75.0
 + hatchling==1.31.0
 + identify==2.6.19
 + idna==3.18
 + iniconfig==2.3.0
 + nodeenv==1.10.0
 + opentelemetry-api==1.44.0
 + opentelemetry-exporter-otlp-proto-common==1.44.0
 + opentelemetry-exporter-otlp-proto-http==1.44.0
 + opentelemetry-proto==1.44.0
 + opentelemetry-sdk==1.44.0
 + opentelemetry-semantic-conventions==0.65b0
 + packaging==26.2
 + pathspec==1.1.1
 + platformdirs==4.11.0
 + pluggy==1.6.0
 + pre-commit==4.6.1
 + predictor-ops==4.2.1 (from file:///tmp/tmp.LG1kutgkdl/ops)
 + protobuf==7.35.1
 + pydantic==2.13.4
 + pydantic-core==2.46.4
 + pydantic-settings==2.14.2
 + pygments==2.20.0
 + pyproject-hooks==1.2.0
 + pyright==1.1.411
 + pytest==9.1.1
 + pytest-cov==7.1.0
 + pytest-timeout==2.4.0
 + python-discovery==1.5.1
 + python-dotenv==1.2.2
 + pyyaml==6.0.3
 + requests==2.34.2
 + ruff==0.16.1
 + trove-classifiers==2026.6.1.19
 + typing-extensions==4.16.0
 + typing-inspection==0.4.2
 + urllib3==2.7.0
 + virtualenv==21.7.1
predictor_ops /tmp/tmp.LG1kutgkdl/ops/src/predictor_ops/__init__.py 3.13.14 (main, Jul 23 2026, 14:44:45) [Clang 22.1.3 ]
done 2026-09-23T07:21:25Z
