{"n": 1, "label": "propose 1", "at": "2026-09-30T00:02:59Z", "seconds": 0.134, "argv": ["/home/runner/work/_temp/work/rt/cain-venv/bin/cain", "research", "propose", "--domain", "crypto", "--state", "/home/runner/work/_temp/work/failures/F05/cain-state", "--proposal", "/home/runner/work/_temp/work/failures/F05/proposals/1.json", "--as-of", "2026-09-30T00:02:59Z"], "fault_env": {"CAIN_ORCHESTRATION_FAULT": "after_decision_before_episode_commit"}, "exit": 86}
--- stdout
--- stderr
--- end
{"n": 2, "label": "episodes after death", "at": "2026-09-30T00:02:59Z", "seconds": 0.122, "argv": ["/home/runner/work/_temp/work/rt/cain-venv/bin/cain", "research", "episodes", "--domain", "crypto", "--state", "/home/runner/work/_temp/work/failures/F05/cain-state"], "fault_env": {}, "exit": 0}
--- stdout
{"domain": "crypto", "episodes": [], "inbox": [], "memory": {"broken_at": null, "cube": "crypto", "facts": 0, "log": "shared across domains", "projection": "consistent", "status": "intact"}, "rejections": []}
--- stderr
--- end
{"n": 3, "label": "propose 1", "at": "2026-09-30T00:02:59Z", "seconds": 0.126, "argv": ["/home/runner/work/_temp/work/rt/cain-venv/bin/cain", "research", "propose", "--domain", "crypto", "--state", "/home/runner/work/_temp/work/failures/F05/cain-state", "--proposal", "/home/runner/work/_temp/work/failures/F05/proposals/1.json", "--as-of", "2026-09-30T00:02:59Z"], "fault_env": {}, "exit": 0}
--- stdout
{"decision": "ALLOW", "episode_id": "crypto:episode-1", "reason_code": "ALLOWED", "receipt_sha256": "1107cb7b95978140be9865b62811493194594b9b35ff503144ed2f41104bcae5", "rule": "R14", "status": "RECORDED", "task": {"payload_sha256": "5616e0052e40ad3b7eeb9fd1d9befacce2525ec2ae27ca01ef7898db356b6963", "previous_task_id": null, "task_id": "crypto:TASK-4ff0108bcf1189f7b8bacda300f22638"}}
--- stderr
--- end
{"n": 4, "label": "dispatch", "at": "2026-09-30T00:02:59Z", "seconds": 0.123, "argv": ["/home/runner/work/_temp/work/rt/cain-venv/bin/cain", "research", "dispatch", "--domain", "crypto", "--state", "/home/runner/work/_temp/work/failures/F05/cain-state", "--spool", "/home/runner/work/_temp/work/failures/F05/spool"], "fault_env": {}, "exit": 0}
--- stdout
{"action": "dispatched", "file": "crypto/tasks/TASK-4ff0108bcf1189f7b8bacda300f22638.json", "spool": "WRITTEN", "task_id": "crypto:TASK-4ff0108bcf1189f7b8bacda300f22638"}
--- stderr
--- end
{"n": 5, "label": "consumer", "at": "2026-09-30T00:03:00Z", "seconds": 0.454, "argv": ["/home/runner/work/_temp/work/rt/consumer-venv/bin/predictor-research-consumer", "--domain", "crypto", "--spool", "/home/runner/work/_temp/work/failures/F05/spool", "--ledger", "/home/runner/work/_temp/work/failures/F05/consumer/ledger.sqlite", "--state", "/home/runner/work/_temp/work/failures/F05/domain-state", "--policy", "/home/runner/work/_temp/work/rt/op/policy.json", "--objects", "/home/runner/work/_temp/work/rt/op/objects"], "fault_env": {}, "exit": 0}
--- stdout
{"action": "delivered", "attempt": 1, "class": "TERMINAL_RESULT", "episode_id": "crypto:episode-1", "result_file": "crypto/results/TASK-4ff0108bcf1189f7b8bacda300f22638.8eb73422e319fe0e.json", "result_write": "WRITTEN", "status": "RESULT", "task_id": "crypto:TASK-4ff0108bcf1189f7b8bacda300f22638"}
--- stderr
{"duration_ms": 207, "event": "job_finished", "job_id": "crypto-research-c68fdce964257b76def619b0", "level": "INFO", "run_id": "b8e2688b6856421290b45b0f1e4d6b9b", "run_status": "SUCCEEDED", "service": "predictor_ops", "timestamp": "2026-09-30T00:03:00.246993Z"}
--- end
{"n": 6, "label": "ingest", "at": "2026-09-30T00:03:00Z", "seconds": 0.128, "argv": ["/home/runner/work/_temp/work/rt/cain-venv/bin/cain", "research", "ingest", "--domain", "crypto", "--state", "/home/runner/work/_temp/work/failures/F05/cain-state", "--spool", "/home/runner/work/_temp/work/failures/F05/spool"], "fault_env": {}, "exit": 0}
--- stdout
{"action": "ingested", "class": "TERMINAL_RESULT", "fact": "fact:84d2f41502f0439da3cc9976293f5f87", "file": "TASK-4ff0108bcf1189f7b8bacda300f22638.8eb73422e319fe0e.json", "status": "RESULT", "task_id": "crypto:TASK-4ff0108bcf1189f7b8bacda300f22638"}
--- stderr
--- end
{"n": 7, "label": "one episode, one task", "at": "2026-09-30T00:03:00Z", "seconds": 0.125, "argv": ["/home/runner/work/_temp/work/rt/cain-venv/bin/cain", "research", "episodes", "--domain", "crypto", "--state", "/home/runner/work/_temp/work/failures/F05/cain-state"], "fault_env": {}, "exit": 0}
--- stdout
{"domain": "crypto", "episodes": [{"as_of": "2026-09-30T00:02:59Z", "decision": "ALLOW", "number": 1, "outbox": {"dispatches": 1, "retries_requested": 0, "status": "PUBLISHED", "task_id": "crypto:TASK-4ff0108bcf1189f7b8bacda300f22638"}, "proposal_id": "cain:FM-F05-1", "reason_code": "ALLOWED", "receipt_sha256": "1107cb7b95978140be9865b62811493194594b9b35ff503144ed2f41104bcae5", "source": "operator", "task_id": "crypto:TASK-4ff0108bcf1189f7b8bacda300f22638"}], "inbox": [{"class": "TERMINAL_RESULT", "fact_id": "fact:84d2f41502f0439da3cc9976293f5f87", "payload_sha256": "faca114682e8387f4868e0b827b5835a4b1e241b0c643a434c271a33fcf84093", "status": "RESULT", "task_id": "crypto:TASK-4ff0108bcf1189f7b8bacda300f22638"}], "memory": {"broken_at": null, "cube": "crypto", "facts": 1, "log": "shared across domains", "projection": "consistent", "status": "intact"}, "rejections": []}
--- stderr
--- end
