# git ls-remote 2026-09-24T02:23:30Z
== brasileirao-predictor
a51a68dd5d23734d6ac882cbcf95bc4d5c15b7a6	refs/heads/fix/walkforward-row-contract-20260919
a2f8665fdacebe0c2581777c7118ccc341ffd751	refs/heads/hygiene/HYG-004-uv-locked
3de65fadeba0cf68f75d64fbb2ae25854fb37c60	refs/heads/hygiene/HYG-015-retire-v1-workflows
e14f3394c1908fae6d2f25754e6ab3a6792dbf1e	refs/heads/main
4dbd35332344000d116ea2ac56903c77e73f9aa2	refs/tags/v0.2.0
== core-predictor
5a0841509f091ea0aa95bde0d3d65e2a1a9e984d	refs/heads/main
86fad6d50b3c48041abc8a28a46e05736de62af2	refs/tags/1.0.0
6588502a6a7a5b51bc89ba17024926da9687db3b	refs/tags/1.0.1
5e55c7a38c440803c97d8122267ca3e237c8aa37	refs/tags/v2.1.0
be1aba338909747a26adf9c2b1cf4bfcd65781c0	refs/tags/v2.1.0^{}
05a1d051660267fab93d9a6bc6eed8494a6f7613	refs/tags/v2.2.0
b6dc482bf77b4e9a522183ca07292ca5a54c8d78	refs/tags/v2.2.0^{}
4303c280ead1ce57f3635ce24f0109df9bcca08c	refs/tags/v2.2.1
7933e4aca0ceabf4e55b4922e2ffd53a9812957e	refs/tags/v2.2.1^{}
97e7e5347fb56e419d47334e9141e6488efab476	refs/tags/v2.3.0
f6754957eaed619a9a0e800668d845aec4c227f1	refs/tags/v2.3.0^{}
d209ddd89780d6a5deb11713fa9193cca43cbac8	refs/tags/v3.0.0
628b509d55b62cfdece94ad7fbae9737f2446048	refs/tags/v3.0.0^{}
111097bc920f707567066f4fbe1e7a4ca94208ff	refs/tags/v3.1.0
29eb8b73cc10d4599109a7dec7177a944fa730cc	refs/tags/v3.1.0^{}
9fd83179c800302be50d1c47a38d677656505625	refs/tags/v3.2.0
7bb212cfa06333886e11e849b209c5aab801c04b	refs/tags/v3.2.1
== predictor-ops
31d393973e27a34292e86df054fb5ea7e206570f	refs/heads/main
4a0481879d9a4ffd81dab0282b2e2ea92cd74e8c	refs/tags/v2.0.1
8d0ac13d265cb8483902edceecd83391dc5d88bd	refs/tags/v2.0.1^{}
ec278c68e3b945f9aa0f8e76ec19c8e35c61d78f	refs/tags/v3.0.0
3ca6995e3be1624b38976c638becdc3f897a7219	refs/tags/v3.0.0^{}
aab2da4557e1326b5b446346ae237ddc5c314e5b	refs/tags/v3.1.0
eff6fc795a12132c1a87b606bbf951b05623d3b2	refs/tags/v3.1.0^{}
67d823b5721ddaa70c9586eff54595dd636d7bdd	refs/tags/v4.0.0
6b695ea108cf23d90064b9299ce7993e67b4db26	refs/tags/v4.0.0^{}
a9a47437abc30dffaad39d9518d39805752d0cb9	refs/tags/v4.1.0
e804ac8b5173156737e2212d9bd47cd3f2072700	refs/tags/v4.2.0
500d6f348a94741ec48dd99df4480b1ba437b27d	refs/tags/v4.2.1
ddd91444282569ae8282e7c96e0ec372ef4e5144	refs/tags/v4.2.1^{}
9831b0d5e727972b1d85ff48be14ffa58677898b	refs/tags/v4.2.2rc1
== predictor-qualification
f21bbbcccb06252cd5bc156c4093d571d03f0933	refs/heads/main
9a3e3f04a8e50083fbaea4337dbf4219afd890d6	refs/heads/stocks/qualification
