{"n": 1, "label": "propose 1", "at": "2026-09-28T01:16:32Z", "seconds": 0.128, "argv": ["/home/runner/work/_temp/work/rt/cain-venv/bin/cain", "research", "propose", "--domain", "crypto", "--state", "/home/runner/work/_temp/work/failures/F05/cain-state", "--proposal", "/home/runner/work/_temp/work/failures/F05/proposals/1.json", "--as-of", "2026-09-28T01:16:32Z"], "fault_env": {"CAIN_ORCHESTRATION_FAULT": "after_decision_before_episode_commit"}, "exit": 86}
--- stdout
--- stderr
--- end
{"n": 2, "label": "episodes after death", "at": "2026-09-28T01:16:32Z", "seconds": 0.118, "argv": ["/home/runner/work/_temp/work/rt/cain-venv/bin/cain", "research", "episodes", "--domain", "crypto", "--state", "/home/runner/work/_temp/work/failures/F05/cain-state"], "fault_env": {}, "exit": 0}
--- stdout
{"domain": "crypto", "episodes": [], "inbox": [], "memory": {"broken_at": null, "entries": 0, "head": "cain-memory-log/1", "head_recorded_at": null, "projection": "consistent", "status": "intact"}, "rejections": []}
--- stderr
--- end
{"n": 3, "label": "propose 1", "at": "2026-09-28T01:16:33Z", "seconds": 0.121, "argv": ["/home/runner/work/_temp/work/rt/cain-venv/bin/cain", "research", "propose", "--domain", "crypto", "--state", "/home/runner/work/_temp/work/failures/F05/cain-state", "--proposal", "/home/runner/work/_temp/work/failures/F05/proposals/1.json", "--as-of", "2026-09-28T01:16:32Z"], "fault_env": {}, "exit": 0}
--- stdout
{"decision": "ALLOW", "episode_id": "crypto:episode-1", "reason_code": "ALLOWED", "receipt_sha256": "4e6871975b6e4dd49b821fb53a07b6c9b38a88603e88e64a415c3d63abb1d6a0", "rule": "R14", "status": "RECORDED", "task": {"payload_sha256": "5616e0052e40ad3b7eeb9fd1d9befacce2525ec2ae27ca01ef7898db356b6963", "previous_task_id": null, "task_id": "crypto:TASK-4ff0108bcf1189f7b8bacda300f22638"}}
--- stderr
--- end
{"n": 4, "label": "dispatch", "at": "2026-09-28T01:16:33Z", "seconds": 0.119, "argv": ["/home/runner/work/_temp/work/rt/cain-venv/bin/cain", "research", "dispatch", "--domain", "crypto", "--state", "/home/runner/work/_temp/work/failures/F05/cain-state", "--spool", "/home/runner/work/_temp/work/failures/F05/spool"], "fault_env": {}, "exit": 0}
--- stdout
{"action": "dispatched", "file": "crypto/tasks/TASK-4ff0108bcf1189f7b8bacda300f22638.json", "spool": "WRITTEN", "task_id": "crypto:TASK-4ff0108bcf1189f7b8bacda300f22638"}
--- stderr
--- end
{"n": 5, "label": "consumer", "at": "2026-09-28T01:16:33Z", "seconds": 0.446, "argv": ["/home/runner/work/_temp/work/rt/consumer-venv/bin/predictor-research-consumer", "--domain", "crypto", "--spool", "/home/runner/work/_temp/work/failures/F05/spool", "--ledger", "/home/runner/work/_temp/work/failures/F05/consumer/ledger.sqlite", "--state", "/home/runner/work/_temp/work/failures/F05/domain-state", "--policy", "/home/runner/work/_temp/work/rt/op/policy.json", "--objects", "/home/runner/work/_temp/work/rt/op/objects"], "fault_env": {}, "exit": 0}
--- stdout
{"action": "delivered", "attempt": 1, "class": "TERMINAL_RESULT", "episode_id": "crypto:episode-1", "result_file": "crypto/results/TASK-4ff0108bcf1189f7b8bacda300f22638.e3f41b2551801761.json", "result_write": "WRITTEN", "status": "RESULT", "task_id": "crypto:TASK-4ff0108bcf1189f7b8bacda300f22638"}
--- stderr
{"duration_ms": 207, "event": "job_finished", "job_id": "crypto-research-c68fdce964257b76def619b0", "level": "INFO", "run_id": "9ef6fd57b5f241139e4622c7a885566e", "run_status": "SUCCEEDED", "service": "predictor_ops", "timestamp": "2026-09-28T01:16:33.778768Z"}
--- end
{"n": 6, "label": "ingest", "at": "2026-09-28T01:16:33Z", "seconds": 0.124, "argv": ["/home/runner/work/_temp/work/rt/cain-venv/bin/cain", "research", "ingest", "--domain", "crypto", "--state", "/home/runner/work/_temp/work/failures/F05/cain-state", "--spool", "/home/runner/work/_temp/work/failures/F05/spool"], "fault_env": {}, "exit": 0}
--- stdout
{"action": "ingested", "class": "TERMINAL_RESULT", "fact": "fact:19f60c6055824f30b62f4ef1e57fbd0e", "file": "TASK-4ff0108bcf1189f7b8bacda300f22638.e3f41b2551801761.json", "status": "RESULT", "task_id": "crypto:TASK-4ff0108bcf1189f7b8bacda300f22638"}
--- stderr
--- end
{"n": 7, "label": "one episode, one task", "at": "2026-09-28T01:16:34Z", "seconds": 0.118, "argv": ["/home/runner/work/_temp/work/rt/cain-venv/bin/cain", "research", "episodes", "--domain", "crypto", "--state", "/home/runner/work/_temp/work/failures/F05/cain-state"], "fault_env": {}, "exit": 0}
--- stdout
{"domain": "crypto", "episodes": [{"as_of": "2026-09-28T01:16:32Z", "decision": "ALLOW", "number": 1, "outbox": {"dispatches": 1, "retries_requested": 0, "status": "PUBLISHED", "task_id": "crypto:TASK-4ff0108bcf1189f7b8bacda300f22638"}, "proposal_id": "cain:FM-F05-1", "reason_code": "ALLOWED", "receipt_sha256": "4e6871975b6e4dd49b821fb53a07b6c9b38a88603e88e64a415c3d63abb1d6a0", "source": "operator", "task_id": "crypto:TASK-4ff0108bcf1189f7b8bacda300f22638"}], "inbox": [{"class": "TERMINAL_RESULT", "fact_id": "fact:19f60c6055824f30b62f4ef1e57fbd0e", "payload_sha256": "4cf646d9c1161bdc796bcaecf0a38adc0b617a8d09df05b0e19e6bae848acb64", "status": "RESULT", "task_id": "crypto:TASK-4ff0108bcf1189f7b8bacda300f22638"}], "memory": {"broken_at": null, "entries": 1, "head": "c786756daa0d7896b63e2238b1014927f4d277193766d712f4f4babcf79ec160", "head_recorded_at": "2026-09-28T01:16:33.925778Z", "projection": "consistent", "status": "intact"}, "rejections": []}
--- stderr
--- end
