{"effective_proposal": "/home/runner/work/_temp/work/failures/F14/proposals/1.json", "template": "fixtures/proposals/e2e/01-allow.json", "sha256": "b7e9f1f9e01da006ebf0aecd497ee5cab9dafe322b1786685b8361a1946e21a6"}
{"n": 1, "label": "propose 1", "at": "2026-10-07T23:07:50Z", "seconds": 0.141, "argv": ["/home/runner/work/_temp/work/rt/cain-venv/bin/cain", "research", "propose", "--domain", "stocks", "--state", "/home/runner/work/_temp/work/failures/F14/cain-state", "--proposal", "/home/runner/work/_temp/work/failures/F14/proposals/1.json", "--as-of", "2026-10-07T23:07:50Z"], "fault_env": {}, "exit": 0}
--- stdout
{"decision": "ALLOW", "episode_id": "stocks:episode-1", "reason_code": "ALLOWED", "receipt_sha256": "0fc1d20c318d40a9800827d3116c77cb5705b0e69c9e64fd3f700b7b503212e7", "rule": "R14", "status": "RECORDED", "task": {"payload_sha256": "1d822c602fb9bf902620c0ff8d090bff42154f0815a8124afc846fc7384cccc4", "previous_task_id": null, "task_id": "stocks:TASK-d3c2a8370735433ce315b5574c486293"}}
--- stderr
--- end
{"n": 2, "label": "dispatch", "at": "2026-10-07T23:07:50Z", "seconds": 0.123, "argv": ["/home/runner/work/_temp/work/rt/cain-venv/bin/cain", "research", "dispatch", "--domain", "stocks", "--state", "/home/runner/work/_temp/work/failures/F14/cain-state", "--spool", "/home/runner/work/_temp/work/failures/F14/spool"], "fault_env": {}, "exit": 0}
--- stdout
{"action": "dispatched", "file": "stocks/tasks/TASK-d3c2a8370735433ce315b5574c486293.json", "spool": "WRITTEN", "task_id": "stocks:TASK-d3c2a8370735433ce315b5574c486293"}
--- stderr
--- end
{"n": 3, "label": "consumer with Ops worker crash", "at": "2026-10-07T23:07:51Z", "seconds": 0.377, "argv": ["/home/runner/work/_temp/work/rt/consumer-venv/bin/predictor-research-consumer", "--domain", "stocks", "--spool", "/home/runner/work/_temp/work/failures/F14/spool", "--ledger", "/home/runner/work/_temp/work/failures/F14/consumer/ledger.sqlite", "--state", "/home/runner/work/_temp/work/failures/F14/domain-state", "--policy", "/home/runner/work/_temp/work/rt/op/policy.json", "--objects", "/home/runner/work/_temp/work/rt/op/objects"], "fault_env": {"STOCKS_RESEARCH_FAULT": "ops_worker_crash"}, "exit": 0}
--- stdout
{"action": "delivered", "attempt": 1, "class": "RETRYABLE", "episode_id": "stocks:episode-1", "result_file": "stocks/results/TASK-d3c2a8370735433ce315b5574c486293.23df903488fa9773.json", "result_write": "WRITTEN", "status": "OPS_FAILED_RETRYABLE", "task_id": "stocks:TASK-d3c2a8370735433ce315b5574c486293"}
--- stderr
{"duration_ms": 106, "event": "job_finished", "job_id": "stocks-research-428ae4b33e9119df1855ee67", "level": "INFO", "run_id": "e72db6a05c774fbcba17999de6ee6ab4", "run_status": "FAILED", "service": "predictor_ops", "timestamp": "2026-10-07T23:07:51.271851Z"}
--- end
{"n": 4, "label": "ingest retryable", "at": "2026-10-07T23:07:51Z", "seconds": 0.126, "argv": ["/home/runner/work/_temp/work/rt/cain-venv/bin/cain", "research", "ingest", "--domain", "stocks", "--state", "/home/runner/work/_temp/work/failures/F14/cain-state", "--spool", "/home/runner/work/_temp/work/failures/F14/spool"], "fault_env": {}, "exit": 0}
--- stdout
{"action": "ingested", "class": "RETRYABLE", "fact": null, "file": "TASK-d3c2a8370735433ce315b5574c486293.23df903488fa9773.json", "status": "OPS_FAILED_RETRYABLE", "task_id": "stocks:TASK-d3c2a8370735433ce315b5574c486293"}
--- stderr
--- end
{"effective_proposal": "/home/runner/work/_temp/work/failures/F14/proposals/2.json", "template": "fixtures/proposals/e2e/01-allow.json", "sha256": "47d869ccd0061b08df1aa44f31f084efa499dcbffe9fe527618137b524e63212"}
{"n": 5, "label": "propose 2", "at": "2026-10-07T23:07:51Z", "seconds": 0.127, "argv": ["/home/runner/work/_temp/work/rt/cain-venv/bin/cain", "research", "propose", "--domain", "stocks", "--state", "/home/runner/work/_temp/work/failures/F14/cain-state", "--proposal", "/home/runner/work/_temp/work/failures/F14/proposals/2.json", "--as-of", "2026-10-07T23:07:51Z"], "fault_env": {}, "exit": 0}
--- stdout
{"decision": "ABSTAIN", "episode_id": "stocks:episode-2", "reason_code": "OPEN_TASK_PENDING", "receipt_sha256": "826c15ea233900ddaeacaeeb96a465bb0a075cbeacd168b7c682168ef09c81e4", "rule": "R12", "status": "RECORDED", "task": null}
--- stderr
--- end
{"n": 6, "label": "episodes", "at": "2026-10-07T23:07:51Z", "seconds": 0.122, "argv": ["/home/runner/work/_temp/work/rt/cain-venv/bin/cain", "research", "episodes", "--domain", "stocks", "--state", "/home/runner/work/_temp/work/failures/F14/cain-state"], "fault_env": {}, "exit": 0}
--- stdout
{"domain": "stocks", "episodes": [{"as_of": "2026-10-07T23:07:50Z", "decision": "ALLOW", "number": 1, "outbox": {"dispatches": 1, "retries_requested": 0, "status": "PUBLISHED", "task_id": "stocks:TASK-d3c2a8370735433ce315b5574c486293"}, "proposal_id": "cain:FM-F14-1", "reason_code": "ALLOWED", "receipt_sha256": "0fc1d20c318d40a9800827d3116c77cb5705b0e69c9e64fd3f700b7b503212e7", "source": "operator", "task_id": "stocks:TASK-d3c2a8370735433ce315b5574c486293"}, {"as_of": "2026-10-07T23:07:51Z", "decision": "ABSTAIN", "number": 2, "outbox": null, "proposal_id": "cain:FM-F14-2", "reason_code": "OPEN_TASK_PENDING", "receipt_sha256": "826c15ea233900ddaeacaeeb96a465bb0a075cbeacd168b7c682168ef09c81e4", "source": "operator", "task_id": null}], "inbox": [{"class": "RETRYABLE", "fact_id": null, "payload_sha256": null, "status": "OPS_FAILED_RETRYABLE", "task_id": "stocks:TASK-d3c2a8370735433ce315b5574c486293"}], "memory": {"broken_at": null, "cube": "stocks", "facts": 0, "log": "shared across domains", "projection": "consistent", "status": "intact"}, "rejections": []}
--- stderr
--- end
{"n": 7, "label": "retry", "at": "2026-10-07T23:07:51Z", "seconds": 0.121, "argv": ["/home/runner/work/_temp/work/rt/cain-venv/bin/cain", "research", "retry", "--domain", "stocks", "--state", "/home/runner/work/_temp/work/failures/F14/cain-state", "--spool", "/home/runner/work/_temp/work/failures/F14/spool", "--task-id", "stocks:TASK-d3c2a8370735433ce315b5574c486293"], "fault_env": {}, "exit": 0}
--- stdout
{"action": "retry_requested", "attempt": 1, "file": "stocks/retries/TASK-d3c2a8370735433ce315b5574c486293.1.json", "task_id": "stocks:TASK-d3c2a8370735433ce315b5574c486293"}
--- stderr
--- end
{"n": 8, "label": "consumer after retry", "at": "2026-10-07T23:08:00Z", "seconds": 8.427, "argv": ["/home/runner/work/_temp/work/rt/consumer-venv/bin/predictor-research-consumer", "--domain", "stocks", "--spool", "/home/runner/work/_temp/work/failures/F14/spool", "--ledger", "/home/runner/work/_temp/work/failures/F14/consumer/ledger.sqlite", "--state", "/home/runner/work/_temp/work/failures/F14/domain-state", "--policy", "/home/runner/work/_temp/work/rt/op/policy.json", "--objects", "/home/runner/work/_temp/work/rt/op/objects"], "fault_env": {}, "exit": 0}
--- stdout
{"action": "delivered", "attempt": 2, "class": "TERMINAL_RESULT", "episode_id": "stocks:episode-1", "result_file": "stocks/results/TASK-d3c2a8370735433ce315b5574c486293.ff71423fa0218d2e.json", "result_write": "WRITTEN", "status": "RESULT", "task_id": "stocks:TASK-d3c2a8370735433ce315b5574c486293"}
--- stderr
{"duration_ms": 8132, "event": "job_finished", "job_id": "stocks-research-428ae4b33e9119df1855ee67", "level": "INFO", "run_id": "416b6df0e77f4187bd2c6eb15d0dd806", "run_status": "SUCCEEDED", "service": "predictor_ops", "timestamp": "2026-10-07T23:08:00.170710Z"}
--- end
{"n": 9, "label": "ingest after retry", "at": "2026-10-07T23:08:00Z", "seconds": 0.135, "argv": ["/home/runner/work/_temp/work/rt/cain-venv/bin/cain", "research", "ingest", "--domain", "stocks", "--state", "/home/runner/work/_temp/work/failures/F14/cain-state", "--spool", "/home/runner/work/_temp/work/failures/F14/spool"], "fault_env": {}, "exit": 0}
--- stdout
{"action": "duplicate", "file": "TASK-d3c2a8370735433ce315b5574c486293.23df903488fa9773.json"}
{"action": "ingested", "class": "TERMINAL_RESULT", "fact": "fact:a808fe144af34660a4c247a3420bf9be", "file": "TASK-d3c2a8370735433ce315b5574c486293.ff71423fa0218d2e.json", "status": "RESULT", "task_id": "stocks:TASK-d3c2a8370735433ce315b5574c486293"}
--- stderr
--- end
{"n": 10, "label": "one RESULT after the retry", "at": "2026-10-07T23:08:00Z", "seconds": 0.134, "argv": ["/home/runner/work/_temp/work/rt/cain-venv/bin/cain", "research", "episodes", "--domain", "stocks", "--state", "/home/runner/work/_temp/work/failures/F14/cain-state"], "fault_env": {}, "exit": 0}
--- stdout
{"domain": "stocks", "episodes": [{"as_of": "2026-10-07T23:07:50Z", "decision": "ALLOW", "number": 1, "outbox": {"dispatches": 1, "retries_requested": 1, "status": "PUBLISHED", "task_id": "stocks:TASK-d3c2a8370735433ce315b5574c486293"}, "proposal_id": "cain:FM-F14-1", "reason_code": "ALLOWED", "receipt_sha256": "0fc1d20c318d40a9800827d3116c77cb5705b0e69c9e64fd3f700b7b503212e7", "source": "operator", "task_id": "stocks:TASK-d3c2a8370735433ce315b5574c486293"}, {"as_of": "2026-10-07T23:07:51Z", "decision": "ABSTAIN", "number": 2, "outbox": null, "proposal_id": "cain:FM-F14-2", "reason_code": "OPEN_TASK_PENDING", "receipt_sha256": "826c15ea233900ddaeacaeeb96a465bb0a075cbeacd168b7c682168ef09c81e4", "source": "operator", "task_id": null}], "inbox": [{"class": "RETRYABLE", "fact_id": null, "payload_sha256": null, "status": "OPS_FAILED_RETRYABLE", "task_id": "stocks:TASK-d3c2a8370735433ce315b5574c486293"}, {"class": "TERMINAL_RESULT", "fact_id": "fact:a808fe144af34660a4c247a3420bf9be", "payload_sha256": "be1b82d92f8884a2128476effaf9373d6d0a9069a99d8a6904b1a1c8d2d54255", "status": "RESULT", "task_id": "stocks:TASK-d3c2a8370735433ce315b5574c486293"}], "memory": {"broken_at": null, "cube": "stocks", "facts": 1, "log": "shared across domains", "projection": "consistent", "status": "intact"}, "rejections": []}
--- stderr
--- end
