{"n": 1, "label": "propose 1", "at": "2026-09-28T18:05:40Z", "seconds": 0.128, "argv": ["/home/runner/work/_temp/work/rt/cain-venv/bin/cain", "research", "propose", "--domain", "crypto", "--state", "/home/runner/work/_temp/work/failures/F04/cain-state", "--proposal", "/home/runner/work/_temp/work/failures/F04/proposals/1.json", "--as-of", "2026-09-28T18:05:40Z"], "fault_env": {}, "exit": 0}
--- stdout
{"decision": "ALLOW", "episode_id": "crypto:episode-1", "reason_code": "ALLOWED", "receipt_sha256": "a74321bea62569e58f97ac5125d389ece42d33c2460fbe18e05d0ba187a4ee3e", "rule": "R14", "status": "RECORDED", "task": {"payload_sha256": "e5877042a9ec500768f7527ffa334ea00cb9ee048a4f5ed5892da89b6d8ee8ab", "previous_task_id": null, "task_id": "crypto:TASK-cd70f43989e0a67f04b2fc511dcda98c"}}
--- stderr
--- end
{"n": 2, "label": "dispatch", "at": "2026-09-28T18:05:40Z", "seconds": 0.1, "argv": ["/home/runner/work/_temp/work/rt/cain-venv/bin/cain", "research", "dispatch", "--domain", "crypto", "--state", "/home/runner/work/_temp/work/failures/F04/cain-state", "--spool", "/home/runner/work/_temp/work/failures/F04/spool"], "fault_env": {}, "exit": 0}
--- stdout
{"action": "dispatched", "file": "crypto/tasks/TASK-cd70f43989e0a67f04b2fc511dcda98c.json", "spool": "WRITTEN", "task_id": "crypto:TASK-cd70f43989e0a67f04b2fc511dcda98c"}
--- stderr
--- end
{"n": 3, "label": "consumer", "at": "2026-09-28T18:05:40Z", "seconds": 0.42, "argv": ["/home/runner/work/_temp/work/rt/consumer-venv/bin/predictor-research-consumer", "--domain", "crypto", "--spool", "/home/runner/work/_temp/work/failures/F04/spool", "--ledger", "/home/runner/work/_temp/work/failures/F04/consumer/ledger.sqlite", "--state", "/home/runner/work/_temp/work/failures/F04/domain-state", "--policy", "/home/runner/work/_temp/work/rt/op/policy.json", "--objects", "/home/runner/work/_temp/work/rt/op/objects"], "fault_env": {}, "exit": 0}
--- stdout
{"action": "delivered", "attempt": 1, "class": "TERMINAL_RESULT", "episode_id": "crypto:episode-1", "result_file": "crypto/results/TASK-cd70f43989e0a67f04b2fc511dcda98c.3b42fd1879a04fdf.json", "result_write": "WRITTEN", "status": "RESULT", "task_id": "crypto:TASK-cd70f43989e0a67f04b2fc511dcda98c"}
--- stderr
{"duration_ms": 206, "event": "job_finished", "job_id": "crypto-research-c5eeff55c380abc8fc6925bc", "level": "INFO", "run_id": "6152a70539fc4135a7288a3608946008", "run_status": "SUCCEEDED", "service": "predictor_ops", "timestamp": "2026-09-28T18:05:40.792515Z"}
--- end
{"n": 4, "label": "ingest (fault)", "at": "2026-09-28T18:05:40Z", "seconds": 0.102, "argv": ["/home/runner/work/_temp/work/rt/cain-venv/bin/cain", "research", "ingest", "--domain", "crypto", "--state", "/home/runner/work/_temp/work/failures/F04/cain-state", "--spool", "/home/runner/work/_temp/work/failures/F04/spool"], "fault_env": {"CAIN_ORCHESTRATION_FAULT": "after_memory_commit"}, "exit": 86}
--- stdout
--- stderr
--- end
{"n": 5, "label": "ingest after restart", "at": "2026-09-28T18:05:41Z", "seconds": 0.105, "argv": ["/home/runner/work/_temp/work/rt/cain-venv/bin/cain", "research", "ingest", "--domain", "crypto", "--state", "/home/runner/work/_temp/work/failures/F04/cain-state", "--spool", "/home/runner/work/_temp/work/failures/F04/spool"], "fault_env": {}, "exit": 0}
--- stdout
{"action": "duplicate", "file": "TASK-cd70f43989e0a67f04b2fc511dcda98c.3b42fd1879a04fdf.json"}
--- stderr
--- end
{"n": 6, "label": "nothing new", "at": "2026-09-28T18:05:41Z", "seconds": 0.099, "argv": ["/home/runner/work/_temp/work/rt/cain-venv/bin/cain", "research", "episodes", "--domain", "crypto", "--state", "/home/runner/work/_temp/work/failures/F04/cain-state"], "fault_env": {}, "exit": 0}
--- stdout
{"domain": "crypto", "episodes": [{"as_of": "2026-09-28T18:05:40Z", "decision": "ALLOW", "number": 1, "outbox": {"dispatches": 1, "retries_requested": 0, "status": "PUBLISHED", "task_id": "crypto:TASK-cd70f43989e0a67f04b2fc511dcda98c"}, "proposal_id": "cain:FM-F04-1", "reason_code": "ALLOWED", "receipt_sha256": "a74321bea62569e58f97ac5125d389ece42d33c2460fbe18e05d0ba187a4ee3e", "source": "operator", "task_id": "crypto:TASK-cd70f43989e0a67f04b2fc511dcda98c"}], "inbox": [{"class": "TERMINAL_RESULT", "fact_id": "fact:e28ef776b63d463d819a72963021211e", "payload_sha256": "eab6b9b9035f6779633d35066e51c24ec9c3ee2ba68fe4a026f522cc1b1c214a", "status": "RESULT", "task_id": "crypto:TASK-cd70f43989e0a67f04b2fc511dcda98c"}], "memory": {"broken_at": null, "entries": 1, "head": "9f33d26396db9047b4ab702c8868987e10648bc7e1b97c54f286cc466048a373", "head_recorded_at": "2026-09-28T18:05:40.932247Z", "projection": "consistent", "status": "intact"}, "rejections": []}
--- stderr
--- end
