{"effective_proposal": "/home/runner/work/_temp/work/failures/F09/proposals/1.json", "template": "fixtures/proposals/e2e/01-allow.json", "sha256": "d562dcec7495684a694bb088b39d898cb147ca34142c32b65c804d25065ca0cf"}
{"n": 1, "label": "propose 1", "at": "2026-09-28T01:33:01Z", "seconds": 0.159, "argv": ["/home/runner/work/_temp/work/rt/cain-venv/bin/cain", "research", "propose", "--domain", "stocks", "--state", "/home/runner/work/_temp/work/failures/F09/cain-state", "--proposal", "/home/runner/work/_temp/work/failures/F09/proposals/1.json", "--as-of", "2026-09-28T01:33:01Z"], "fault_env": {}, "exit": 0}
--- stdout
{"decision": "ALLOW", "episode_id": "stocks:episode-1", "reason_code": "ALLOWED", "receipt_sha256": "63bbb9f75ddbe9734a54473217b19233c9a82710f0eb0091bcde04fce83dfb36", "rule": "R14", "status": "RECORDED", "task": {"payload_sha256": "751b038eeb93ef2fd4c8f9af16da13a76858042f0f86a0a7ce6824ea58c8c01a", "previous_task_id": null, "task_id": "stocks:TASK-3f7e9e092dd65fa405aba40d776319e5"}}
--- stderr
--- end
{"n": 2, "label": "dispatch 1", "at": "2026-09-28T01:33:01Z", "seconds": 0.142, "argv": ["/home/runner/work/_temp/work/rt/cain-venv/bin/cain", "research", "dispatch", "--domain", "stocks", "--state", "/home/runner/work/_temp/work/failures/F09/cain-state", "--spool", "/home/runner/work/_temp/work/failures/F09/spool"], "fault_env": {}, "exit": 0}
--- stdout
{"action": "dispatched", "file": "stocks/tasks/TASK-3f7e9e092dd65fa405aba40d776319e5.json", "spool": "WRITTEN", "task_id": "stocks:TASK-3f7e9e092dd65fa405aba40d776319e5"}
--- stderr
--- end
{"n": 3, "label": "consumer 1", "at": "2026-09-28T01:33:12Z", "seconds": 10.97, "argv": ["/home/runner/work/_temp/work/rt/consumer-venv/bin/predictor-research-consumer", "--domain", "stocks", "--spool", "/home/runner/work/_temp/work/failures/F09/spool", "--ledger", "/home/runner/work/_temp/work/failures/F09/consumer/ledger.sqlite", "--state", "/home/runner/work/_temp/work/failures/F09/domain-state", "--policy", "/home/runner/work/_temp/work/rt/op/policy.json", "--objects", "/home/runner/work/_temp/work/rt/op/objects"], "fault_env": {}, "exit": 0}
--- stdout
{"action": "delivered", "attempt": 1, "class": "TERMINAL_RESULT", "episode_id": "stocks:episode-1", "result_file": "stocks/results/TASK-3f7e9e092dd65fa405aba40d776319e5.4737717dfeb8a76b.json", "result_write": "WRITTEN", "status": "RESULT", "task_id": "stocks:TASK-3f7e9e092dd65fa405aba40d776319e5"}
--- stderr
{"duration_ms": 10641, "event": "job_finished", "job_id": "stocks-research-af0860f751083a497294ddca", "level": "INFO", "run_id": "4e1534c4c8d74631b6bed07bc726f101", "run_status": "SUCCEEDED", "service": "predictor_ops", "timestamp": "2026-09-28T01:33:12.426027Z"}
--- end
{"n": 4, "label": "ingest 1", "at": "2026-09-28T01:33:12Z", "seconds": 0.157, "argv": ["/home/runner/work/_temp/work/rt/cain-venv/bin/cain", "research", "ingest", "--domain", "stocks", "--state", "/home/runner/work/_temp/work/failures/F09/cain-state", "--spool", "/home/runner/work/_temp/work/failures/F09/spool"], "fault_env": {}, "exit": 0}
--- stdout
{"action": "ingested", "class": "TERMINAL_RESULT", "fact": "fact:edcce0c49c2e4166af8b483864fa9e3a", "file": "TASK-3f7e9e092dd65fa405aba40d776319e5.4737717dfeb8a76b.json", "status": "RESULT", "task_id": "stocks:TASK-3f7e9e092dd65fa405aba40d776319e5"}
--- stderr
--- end
{"n": 5, "label": "ingest redelivery", "at": "2026-09-28T01:33:12Z", "seconds": 0.144, "argv": ["/home/runner/work/_temp/work/rt/cain-venv/bin/cain", "research", "ingest", "--domain", "stocks", "--state", "/home/runner/work/_temp/work/failures/F09/cain-state", "--spool", "/home/runner/work/_temp/work/failures/F09/spool"], "fault_env": {}, "exit": 0}
--- stdout
{"action": "duplicate", "file": "TASK-3f7e9e092dd65fa405aba40d776319e5.4737717dfeb8a76b.json"}
{"action": "duplicate", "file": "redelivered-TASK-3f7e9e092dd65fa405aba40d776319e5.4737717dfeb8a76b.json"}
--- stderr
--- end
{"n": 6, "label": "no second fact", "at": "2026-09-28T01:33:12Z", "seconds": 0.14, "argv": ["/home/runner/work/_temp/work/rt/cain-venv/bin/cain", "research", "episodes", "--domain", "stocks", "--state", "/home/runner/work/_temp/work/failures/F09/cain-state"], "fault_env": {}, "exit": 0}
--- stdout
{"domain": "stocks", "episodes": [{"as_of": "2026-09-28T01:33:01Z", "decision": "ALLOW", "number": 1, "outbox": {"dispatches": 1, "retries_requested": 0, "status": "PUBLISHED", "task_id": "stocks:TASK-3f7e9e092dd65fa405aba40d776319e5"}, "proposal_id": "cain:FM-F09-1", "reason_code": "ALLOWED", "receipt_sha256": "63bbb9f75ddbe9734a54473217b19233c9a82710f0eb0091bcde04fce83dfb36", "source": "operator", "task_id": "stocks:TASK-3f7e9e092dd65fa405aba40d776319e5"}], "inbox": [{"class": "TERMINAL_RESULT", "fact_id": "fact:edcce0c49c2e4166af8b483864fa9e3a", "payload_sha256": "9cfb3950355b0830232c882eb73a2da7d4ebab9b5e909e3bb441164ad8802b53", "status": "RESULT", "task_id": "stocks:TASK-3f7e9e092dd65fa405aba40d776319e5"}], "memory": {"broken_at": null, "entries": 1, "head": "a62f02d2f76e7d5facb3120ff52a877a5b559ffa4c2f64a515ca0d8125a90c51", "head_recorded_at": "2026-09-28T01:33:12.624186Z", "projection": "consistent", "status": "intact"}, "rejections": []}
--- stderr
--- end
