commit=25cdf4d date=2026-09-24T13:36:23Z uv 0.12.18 (x86_64-unknown-linux-gnu)
Building wheel from source distribution...
Successfully built /home/superleo13/predictors/runtime/brasileirao2/out/publish-candidates/build/dist1/brasileirao_predictor-0.3.0rc3.tar.gz
Successfully built /home/superleo13/predictors/runtime/brasileirao2/out/publish-candidates/build/dist1/brasileirao_predictor-0.3.0rc3-py3-none-any.whl
Building wheel from source distribution...
Successfully built /home/superleo13/predictors/runtime/brasileirao2/out/publish-candidates/build/dist2/brasileirao_predictor-0.3.0rc3.tar.gz
Successfully built /home/superleo13/predictors/runtime/brasileirao2/out/publish-candidates/build/dist2/brasileirao_predictor-0.3.0rc3-py3-none-any.whl
403e6a022b10e2b6d05ef1828894bf3ad0b1d049301e3dfce9cf79dc262000ea  dist1/brasileirao_predictor-0.3.0rc3-py3-none-any.whl
306d2149424c53b48d74000b392e8785afc29f48710bd3fa2a04e85eb13f59b4  dist1/brasileirao_predictor-0.3.0rc3.tar.gz
403e6a022b10e2b6d05ef1828894bf3ad0b1d049301e3dfce9cf79dc262000ea  dist2/brasileirao_predictor-0.3.0rc3-py3-none-any.whl
306d2149424c53b48d74000b392e8785afc29f48710bd3fa2a04e85eb13f59b4  dist2/brasileirao_predictor-0.3.0rc3.tar.gz
REPRODUCIBLE wheel sha256=403e6a022b10e2b6d05ef1828894bf3ad0b1d049301e3dfce9cf79dc262000ea
REPRODUCIBLE sdist sha256=306d2149424c53b48d74000b392e8785afc29f48710bd3fa2a04e85eb13f59b4
brasileirao_predictor/model.py                 2025-09-19 00:00:00        26772
brasileirao_predictor/pit.py                   2025-09-19 00:00:00         2328
brasileirao_predictor/adapters/__init__.py     2025-09-19 00:00:00          405
brasileirao_predictor/research_runtime/execution.py 2025-09-19 00:00:00        51800
brasileirao_predictor/research_runtime/faults.py 2025-09-19 00:00:00         1840
brasileirao_predictor/research_runtime/runner.py 2025-09-19 00:00:00        13794
brasileirao_predictor/research_runtime/worker.py 2025-09-19 00:00:00        36629
brasileirao_predictor-0.3.0rc3.dist-info/entry_points.txt 2025-09-19 00:00:00          349
[exit 0]
