Using CPython 3.13.14
Creating virtual environment at: .venv
Resolved 16 packages in 0.99ms
   Building stocks-predictor @ file:///tmp/tmp.siUZyLH4Nd/src
Downloading ruff (9.8MiB)
Downloading pygments (1.2MiB)
Downloading pyright (5.9MiB)
 Downloaded ruff
 Downloaded pygments
 Downloaded pyright
      Built stocks-predictor @ file:///tmp/tmp.siUZyLH4Nd/src
Prepared 14 packages in 797ms
Installed 15 packages in 95ms
 + build==1.6.0
 + coverage==7.16.0
 + iniconfig==2.3.0
 + nodeenv==1.10.0
 + packaging==26.3
 + pluggy==1.6.0
 + predictor-core==3.2.1 (from https://github.com/leonardosovienski/core-predictor/releases/download/v3.2.1/predictor_core-3.2.1-py3-none-any.whl)
 + pygments==2.21.0
 + pyproject-hooks==1.2.0
 + pyright==1.1.411
 + pytest==9.1.1
 + pyyaml==6.0.3
 + ruff==0.16.5
 + stocks-predictor==0.2.0 (from file:///tmp/tmp.siUZyLH4Nd/src)
 + typing-extensions==4.16.0
[exit 0]
