{"n": 1, "label": "propose 01-allow", "at": "2026-09-28T03:49:10Z", "seconds": 0.196, "argv": ["/home/superleo13/predictors/runtime/integration-brasileirao/priv/run-20260928T034216Z-br/cain-venv/bin/cain", "research", "propose", "--domain", "brasileirao", "--state", "/home/superleo13/predictors/runtime/integration-brasileirao/priv/run-20260928T034216Z-br/e2e/cain-state", "--proposal", "/home/superleo13/predictors/work/integration-brasileirao-evidence/qualification/integration-brasileirao/fixtures/proposals/e2e/01-allow.json", "--as-of", "2026-09-28T03:49:10Z"], "fault_env": {}, "exit": 0, "stdout_sha256": "e8f82ad8d31d665561b718f6a123406ceb7c87957d1f93c5c3e48a4cc83d157a", "stdout_bytes": 396, "stderr_sha256": "e3b0c44298fc1c149afbf4c8996fb92427ae41e4649b934ca495991b7852b855", "stderr_bytes": 0}
--- stdout
{"decision": "ALLOW", "episode_id": "brasileirao:episode-1", "reason_code": "ALLOWED", "receipt_sha256": "871a003d8cab3de9e1e1e9645f69dab0c6c172adebd70e100a94646543c7d5d8", "rule": "R14", "status": "RECORDED", "task": {"payload_sha256": "6e8a8a5094e4233b9d161e8605851efc7b7d07da7f1d358cb6e31ca58129cf0b", "previous_task_id": null, "task_id": "brasileirao:TASK-1dbe590d60e927b6bd034bcafe5d0cf2"}}
--- end
{"n": 2, "label": "dispatch 01-allow", "at": "2026-09-28T03:49:10Z", "seconds": 0.113, "argv": ["/home/superleo13/predictors/runtime/integration-brasileirao/priv/run-20260928T034216Z-br/cain-venv/bin/cain", "research", "dispatch", "--domain", "brasileirao", "--state", "/home/superleo13/predictors/runtime/integration-brasileirao/priv/run-20260928T034216Z-br/e2e/cain-state", "--spool", "/home/superleo13/predictors/runtime/integration-brasileirao/priv/run-20260928T034216Z-br/e2e/spool"], "fault_env": {}, "exit": 0, "stdout_sha256": "18c2ebb7c3fcd854f1615331a2766812de3b25c4dc465ec4d2a4cc4dc35b2282", "stdout_bytes": 181, "stderr_sha256": "e3b0c44298fc1c149afbf4c8996fb92427ae41e4649b934ca495991b7852b855", "stderr_bytes": 0}
--- stdout
{"action": "dispatched", "file": "brasileirao/tasks/TASK-1dbe590d60e927b6bd034bcafe5d0cf2.json", "spool": "WRITTEN", "task_id": "brasileirao:TASK-1dbe590d60e927b6bd034bcafe5d0cf2"}
--- end
{"n": 3, "label": "consumer 01-allow", "at": "2026-09-28T03:49:13Z", "seconds": 3.297, "argv": ["/home/superleo13/predictors/runtime/integration-brasileirao/priv/run-20260928T034216Z-br/consumer-venv/bin/predictor-research-consumer", "--domain", "brasileirao", "--spool", "/home/superleo13/predictors/runtime/integration-brasileirao/priv/run-20260928T034216Z-br/e2e/spool", "--ledger", "/home/superleo13/predictors/runtime/integration-brasileirao/priv/run-20260928T034216Z-br/e2e/consumer-brasileirao/ledger.sqlite", "--state", "/home/superleo13/predictors/runtime/integration-brasileirao/priv/run-20260928T034216Z-br/e2e/domain-state-brasileirao", "--policy", "/home/superleo13/predictors/runtime/integration-brasileirao/priv/run-20260928T034216Z-br/op/policy.json", "--objects", "/home/superleo13/predictors/runtime/integration-brasileirao/priv/run-20260928T034216Z-br/op/obj"], "fault_env": {}, "exit": 0, "stdout_sha256": "d3400821a6871e0d38f604b9608980a5d87b37f2f3f3c1bd0c4335d611833bdb", "stdout_bytes": 314, "stderr_sha256": "e3b0c44298fc1c149afbf4c8996fb92427ae41e4649b934ca495991b7852b855", "stderr_bytes": 0}
--- stdout
{"action": "delivered", "attempt": 1, "class": "TERMINAL_RESULT", "episode_id": "brasileirao:episode-1", "result_file": "brasileirao/results/TASK-1dbe590d60e927b6bd034bcafe5d0cf2.6a74ca7acbf35bda.json", "result_write": "WRITTEN", "status": "RESULT", "task_id": "brasileirao:TASK-1dbe590d60e927b6bd034bcafe5d0cf2"}
--- end
{"n": 4, "label": "ingest 01-allow", "at": "2026-09-28T03:49:13Z", "seconds": 0.121, "argv": ["/home/superleo13/predictors/runtime/integration-brasileirao/priv/run-20260928T034216Z-br/cain-venv/bin/cain", "research", "ingest", "--domain", "brasileirao", "--state", "/home/superleo13/predictors/runtime/integration-brasileirao/priv/run-20260928T034216Z-br/e2e/cain-state", "--spool", "/home/superleo13/predictors/runtime/integration-brasileirao/priv/run-20260928T034216Z-br/e2e/spool"], "fault_env": {}, "exit": 0, "stdout_sha256": "f60d049be79353c545e8ef804e9b570a01261dcd7be6937c46a7f7c4562936dd", "stdout_bytes": 255, "stderr_sha256": "e3b0c44298fc1c149afbf4c8996fb92427ae41e4649b934ca495991b7852b855", "stderr_bytes": 0}
--- stdout
{"action": "ingested", "class": "TERMINAL_RESULT", "fact": "fact:e8d8b3cdbb1d44e4bc225f9352b50e25", "file": "TASK-1dbe590d60e927b6bd034bcafe5d0cf2.6a74ca7acbf35bda.json", "status": "RESULT", "task_id": "brasileirao:TASK-1dbe590d60e927b6bd034bcafe5d0cf2"}
--- end
{"n": 5, "label": "propose 02-allow-restarts", "at": "2026-09-28T03:49:13Z", "seconds": 0.108, "argv": ["/home/superleo13/predictors/runtime/integration-brasileirao/priv/run-20260928T034216Z-br/cain-venv/bin/cain", "research", "propose", "--domain", "brasileirao", "--state", "/home/superleo13/predictors/runtime/integration-brasileirao/priv/run-20260928T034216Z-br/e2e/cain-state", "--proposal", "/home/superleo13/predictors/work/integration-brasileirao-evidence/qualification/integration-brasileirao/fixtures/proposals/e2e/02-allow-restarts.json", "--as-of", "2026-09-28T03:49:13Z"], "fault_env": {}, "exit": 0, "stdout_sha256": "d6fa25866e027fcaed7ad021731a1158a8aa8d6c4f3a29871f66fea366431129", "stdout_bytes": 443, "stderr_sha256": "e3b0c44298fc1c149afbf4c8996fb92427ae41e4649b934ca495991b7852b855", "stderr_bytes": 0}
--- stdout
{"decision": "ALLOW", "episode_id": "brasileirao:episode-2", "reason_code": "ALLOWED", "receipt_sha256": "355c0ea7af0f9e1451ca660562e66effb37f8fd2f7a4fcb345370a720e48e4c6", "rule": "R14", "status": "RECORDED", "task": {"payload_sha256": "0a5392f0763df0dc31be1cae1ea4c65f5975d8b8e95b802ce3a5696e30388a24", "previous_task_id": "brasileirao:TASK-1dbe590d60e927b6bd034bcafe5d0cf2", "task_id": "brasileirao:TASK-2026a6ea02942cdd62f6c1acede805f8"}}
--- end
{"n": 6, "label": "dispatch 02", "at": "2026-09-28T03:49:14Z", "seconds": 0.103, "argv": ["/home/superleo13/predictors/runtime/integration-brasileirao/priv/run-20260928T034216Z-br/cain-venv/bin/cain", "research", "dispatch", "--domain", "brasileirao", "--state", "/home/superleo13/predictors/runtime/integration-brasileirao/priv/run-20260928T034216Z-br/e2e/cain-state", "--spool", "/home/superleo13/predictors/runtime/integration-brasileirao/priv/run-20260928T034216Z-br/e2e/spool"], "fault_env": {}, "exit": 0, "stdout_sha256": "db8e05c75c7a64e82f1cc97a57af55ed191e8c5e2485a66129195dd90abef1c1", "stdout_bytes": 181, "stderr_sha256": "e3b0c44298fc1c149afbf4c8996fb92427ae41e4649b934ca495991b7852b855", "stderr_bytes": 0}
--- stdout
{"action": "dispatched", "file": "brasileirao/tasks/TASK-2026a6ea02942cdd62f6c1acede805f8.json", "spool": "WRITTEN", "task_id": "brasileirao:TASK-2026a6ea02942cdd62f6c1acede805f8"}
--- end
{"n": 7, "label": "consumer 02 (fault)", "at": "2026-09-28T03:49:19Z", "seconds": 5.221, "argv": ["/home/superleo13/predictors/runtime/integration-brasileirao/priv/run-20260928T034216Z-br/consumer-venv/bin/predictor-research-consumer", "--domain", "brasileirao", "--spool", "/home/superleo13/predictors/runtime/integration-brasileirao/priv/run-20260928T034216Z-br/e2e/spool", "--ledger", "/home/superleo13/predictors/runtime/integration-brasileirao/priv/run-20260928T034216Z-br/e2e/consumer-brasileirao/ledger.sqlite", "--state", "/home/superleo13/predictors/runtime/integration-brasileirao/priv/run-20260928T034216Z-br/e2e/domain-state-brasileirao", "--policy", "/home/superleo13/predictors/runtime/integration-brasileirao/priv/run-20260928T034216Z-br/op/policy.json", "--objects", "/home/superleo13/predictors/runtime/integration-brasileirao/priv/run-20260928T034216Z-br/op/obj"], "fault_env": {"PREDICTOR_RESEARCH_TRANSPORT_FAULT": "after_domain_before_result_write"}, "exit": 86, "stdout_sha256": "e3b0c44298fc1c149afbf4c8996fb92427ae41e4649b934ca495991b7852b855", "stdout_bytes": 0, "stderr_sha256": "e3b0c44298fc1c149afbf4c8996fb92427ae41e4649b934ca495991b7852b855", "stderr_bytes": 0}
--- stdout
--- end
{"n": 8, "label": "consumer 02 (restart)", "at": "2026-09-28T03:49:19Z", "seconds": 0.196, "argv": ["/home/superleo13/predictors/runtime/integration-brasileirao/priv/run-20260928T034216Z-br/consumer-venv/bin/predictor-research-consumer", "--domain", "brasileirao", "--spool", "/home/superleo13/predictors/runtime/integration-brasileirao/priv/run-20260928T034216Z-br/e2e/spool", "--ledger", "/home/superleo13/predictors/runtime/integration-brasileirao/priv/run-20260928T034216Z-br/e2e/consumer-brasileirao/ledger.sqlite", "--state", "/home/superleo13/predictors/runtime/integration-brasileirao/priv/run-20260928T034216Z-br/e2e/domain-state-brasileirao", "--policy", "/home/superleo13/predictors/runtime/integration-brasileirao/priv/run-20260928T034216Z-br/op/policy.json", "--objects", "/home/superleo13/predictors/runtime/integration-brasileirao/priv/run-20260928T034216Z-br/op/obj"], "fault_env": {}, "exit": 0, "stdout_sha256": "dfad2d3c273d02f68f4ef7d3c60b92b8539531a23c2176a5622e6f6a495d6553", "stdout_bytes": 490, "stderr_sha256": "e3b0c44298fc1c149afbf4c8996fb92427ae41e4649b934ca495991b7852b855", "stderr_bytes": 0}
--- stdout
{"action": "skipped", "episode_id": "brasileirao:episode-1", "state": "TERMINAL_RESULT", "status": "RESULT", "task_id": "brasileirao:TASK-1dbe590d60e927b6bd034bcafe5d0cf2"}
{"action": "delivered", "attempt": 2, "class": "TERMINAL_RESULT", "episode_id": "brasileirao:episode-2", "result_file": "brasileirao/results/TASK-2026a6ea02942cdd62f6c1acede805f8.ac9d6864c1dba5f3.json", "result_write": "WRITTEN", "status": "DUPLICATE", "task_id": "brasileirao:TASK-2026a6ea02942cdd62f6c1acede805f8"}
--- end
{"n": 9, "label": "ingest 02 (fault)", "at": "2026-09-28T03:49:19Z", "seconds": 0.116, "argv": ["/home/superleo13/predictors/runtime/integration-brasileirao/priv/run-20260928T034216Z-br/cain-venv/bin/cain", "research", "ingest", "--domain", "brasileirao", "--state", "/home/superleo13/predictors/runtime/integration-brasileirao/priv/run-20260928T034216Z-br/e2e/cain-state", "--spool", "/home/superleo13/predictors/runtime/integration-brasileirao/priv/run-20260928T034216Z-br/e2e/spool"], "fault_env": {"CAIN_ORCHESTRATION_FAULT": "after_inbox_commit_before_memory"}, "exit": 86, "stdout_sha256": "e3b0c44298fc1c149afbf4c8996fb92427ae41e4649b934ca495991b7852b855", "stdout_bytes": 0, "stderr_sha256": "e3b0c44298fc1c149afbf4c8996fb92427ae41e4649b934ca495991b7852b855", "stderr_bytes": 0}
--- stdout
--- end
{"n": 10, "label": "ingest 02 (restart)", "at": "2026-09-28T03:49:19Z", "seconds": 0.125, "argv": ["/home/superleo13/predictors/runtime/integration-brasileirao/priv/run-20260928T034216Z-br/cain-venv/bin/cain", "research", "ingest", "--domain", "brasileirao", "--state", "/home/superleo13/predictors/runtime/integration-brasileirao/priv/run-20260928T034216Z-br/e2e/cain-state", "--spool", "/home/superleo13/predictors/runtime/integration-brasileirao/priv/run-20260928T034216Z-br/e2e/spool"], "fault_env": {}, "exit": 0, "stdout_sha256": "15b56c3ececec0e742a38f3b66741b36c3e9c6004fa5a848307bcb09288a0b4a", "stdout_bytes": 260, "stderr_sha256": "e3b0c44298fc1c149afbf4c8996fb92427ae41e4649b934ca495991b7852b855", "stderr_bytes": 0}
--- stdout
{"action": "duplicate", "file": "TASK-1dbe590d60e927b6bd034bcafe5d0cf2.6a74ca7acbf35bda.json"}
{"action": "remembered", "fact_id": "fact:9ac0cfeb34ee4ee992bb9eec42f455e0", "file": "TASK-2026a6ea02942cdd62f6c1acede805f8.ac9d6864c1dba5f3.json", "reused": false}
--- end
{"n": 11, "label": "ingest interleaved other domains", "at": "2026-09-28T03:49:19Z", "seconds": 0.13, "argv": ["/home/superleo13/predictors/runtime/integration-brasileirao/priv/run-20260928T034216Z-br/cain-venv/bin/cain", "research", "ingest", "--domain", "brasileirao", "--state", "/home/superleo13/predictors/runtime/integration-brasileirao/priv/run-20260928T034216Z-br/e2e/cain-state", "--spool", "/home/superleo13/predictors/runtime/integration-brasileirao/priv/run-20260928T034216Z-br/e2e/spool"], "fault_env": {}, "exit": 2, "stdout_sha256": "c2710d99d0460b6351aa4ea897d5c01e06203129f26741c542154b2744833bd7", "stdout_bytes": 645, "stderr_sha256": "e3b0c44298fc1c149afbf4c8996fb92427ae41e4649b934ca495991b7852b855", "stderr_bytes": 0}
--- stdout
{"action": "duplicate", "file": "TASK-1dbe590d60e927b6bd034bcafe5d0cf2.6a74ca7acbf35bda.json"}
{"action": "duplicate", "file": "TASK-2026a6ea02942cdd62f6c1acede805f8.ac9d6864c1dba5f3.json"}
{"action": "rejected", "code": "TASK_NOT_FOUND", "file": "interleaved-brasileirao-result-h9.json", "reason": "brasileirao:TASK-a217b64758a0bb915918e79a09d87ac7 was not emitted by this CAIN"}
{"action": "rejected", "code": "DOMAIN_MISMATCH", "file": "interleaved-crypto-result-h9.json", "reason": "result of domain crypto"}
{"action": "rejected", "code": "DOMAIN_MISMATCH", "file": "interleaved-stocks-result-h9.json", "reason": "result of domain stocks"}
--- end
{"n": 12, "label": "propose 03-canary", "at": "2026-09-28T03:49:19Z", "seconds": 0.102, "argv": ["/home/superleo13/predictors/runtime/integration-brasileirao/priv/run-20260928T034216Z-br/cain-venv/bin/cain", "research", "propose", "--domain", "brasileirao", "--state", "/home/superleo13/predictors/runtime/integration-brasileirao/priv/run-20260928T034216Z-br/e2e/cain-state", "--proposal", "/home/superleo13/predictors/work/integration-brasileirao-evidence/qualification/integration-brasileirao/fixtures/proposals/e2e/03-canary.json", "--as-of", "2026-09-28T03:49:19Z"], "fault_env": {}, "exit": 0, "stdout_sha256": "ea00a7c63327a39da26fd3093f007e305f678948b96bad328947da0b67ddc915", "stdout_bytes": 443, "stderr_sha256": "e3b0c44298fc1c149afbf4c8996fb92427ae41e4649b934ca495991b7852b855", "stderr_bytes": 0}
--- stdout
{"decision": "ALLOW", "episode_id": "brasileirao:episode-3", "reason_code": "ALLOWED", "receipt_sha256": "4442c6a7c3bb01a10f64618a5d4e34a6cb6aaa704bb9194e45674d7f417b3569", "rule": "R14", "status": "RECORDED", "task": {"payload_sha256": "5e477530047e2b15d86a86f8251ebd77f2c2824c5592e234e55eeb43f94825c1", "previous_task_id": "brasileirao:TASK-2026a6ea02942cdd62f6c1acede805f8", "task_id": "brasileirao:TASK-96f42e4a16376ff5f6d3b08e610599b6"}}
--- end
{"n": 13, "label": "dispatch 03-canary", "at": "2026-09-28T03:49:20Z", "seconds": 0.104, "argv": ["/home/superleo13/predictors/runtime/integration-brasileirao/priv/run-20260928T034216Z-br/cain-venv/bin/cain", "research", "dispatch", "--domain", "brasileirao", "--state", "/home/superleo13/predictors/runtime/integration-brasileirao/priv/run-20260928T034216Z-br/e2e/cain-state", "--spool", "/home/superleo13/predictors/runtime/integration-brasileirao/priv/run-20260928T034216Z-br/e2e/spool"], "fault_env": {}, "exit": 0, "stdout_sha256": "a66e5b0c6e2170f40da693f61c7c4698f97cb1d57e53e77850320ef0239fcfb5", "stdout_bytes": 181, "stderr_sha256": "e3b0c44298fc1c149afbf4c8996fb92427ae41e4649b934ca495991b7852b855", "stderr_bytes": 0}
--- stdout
{"action": "dispatched", "file": "brasileirao/tasks/TASK-96f42e4a16376ff5f6d3b08e610599b6.json", "spool": "WRITTEN", "task_id": "brasileirao:TASK-96f42e4a16376ff5f6d3b08e610599b6"}
--- end
{"n": 14, "label": "consumer 03-canary", "at": "2026-09-28T03:49:23Z", "seconds": 3.229, "argv": ["/home/superleo13/predictors/runtime/integration-brasileirao/priv/run-20260928T034216Z-br/consumer-venv/bin/predictor-research-consumer", "--domain", "brasileirao", "--spool", "/home/superleo13/predictors/runtime/integration-brasileirao/priv/run-20260928T034216Z-br/e2e/spool", "--ledger", "/home/superleo13/predictors/runtime/integration-brasileirao/priv/run-20260928T034216Z-br/e2e/consumer-brasileirao/ledger.sqlite", "--state", "/home/superleo13/predictors/runtime/integration-brasileirao/priv/run-20260928T034216Z-br/e2e/domain-state-brasileirao", "--policy", "/home/superleo13/predictors/runtime/integration-brasileirao/priv/run-20260928T034216Z-br/op/policy.json", "--objects", "/home/superleo13/predictors/runtime/integration-brasileirao/priv/run-20260928T034216Z-br/op/obj"], "fault_env": {}, "exit": 0, "stdout_sha256": "02b3fd517f9c79824ebcce20c1e5f831748835e61f13652601cdfd74d94964f0", "stdout_bytes": 663, "stderr_sha256": "e3b0c44298fc1c149afbf4c8996fb92427ae41e4649b934ca495991b7852b855", "stderr_bytes": 0}
--- stdout
{"action": "skipped", "episode_id": "brasileirao:episode-1", "state": "TERMINAL_RESULT", "status": "RESULT", "task_id": "brasileirao:TASK-1dbe590d60e927b6bd034bcafe5d0cf2"}
{"action": "skipped", "episode_id": "brasileirao:episode-2", "state": "TERMINAL_RESULT", "status": "DUPLICATE", "task_id": "brasileirao:TASK-2026a6ea02942cdd62f6c1acede805f8"}
{"action": "delivered", "attempt": 1, "class": "TERMINAL_RESULT", "episode_id": "brasileirao:episode-3", "result_file": "brasileirao/results/TASK-96f42e4a16376ff5f6d3b08e610599b6.26865652a1a8e3f1.json", "result_write": "WRITTEN", "status": "RESULT", "task_id": "brasileirao:TASK-96f42e4a16376ff5f6d3b08e610599b6"}
--- end
{"n": 15, "label": "ingest 03-canary", "at": "2026-09-28T03:49:23Z", "seconds": 0.118, "argv": ["/home/superleo13/predictors/runtime/integration-brasileirao/priv/run-20260928T034216Z-br/cain-venv/bin/cain", "research", "ingest", "--domain", "brasileirao", "--state", "/home/superleo13/predictors/runtime/integration-brasileirao/priv/run-20260928T034216Z-br/e2e/cain-state", "--spool", "/home/superleo13/predictors/runtime/integration-brasileirao/priv/run-20260928T034216Z-br/e2e/spool"], "fault_env": {}, "exit": 0, "stdout_sha256": "eff724c1211f5de094655ea6a406d4b1de0ebbafbe2a050383f4e1f8797f3037", "stdout_bytes": 794, "stderr_sha256": "e3b0c44298fc1c149afbf4c8996fb92427ae41e4649b934ca495991b7852b855", "stderr_bytes": 0}
--- stdout
{"action": "duplicate", "file": "TASK-1dbe590d60e927b6bd034bcafe5d0cf2.6a74ca7acbf35bda.json"}
{"action": "duplicate", "file": "TASK-2026a6ea02942cdd62f6c1acede805f8.ac9d6864c1dba5f3.json"}
{"action": "ingested", "class": "TERMINAL_RESULT", "fact": "fact:89ae4dd5e01647b1ba25b38d5073db3e", "file": "TASK-96f42e4a16376ff5f6d3b08e610599b6.26865652a1a8e3f1.json", "status": "RESULT", "task_id": "brasileirao:TASK-96f42e4a16376ff5f6d3b08e610599b6"}
{"action": "skipped", "code": "TASK_NOT_FOUND", "file": "interleaved-brasileirao-result-h9.json", "state": "REJECTED"}
{"action": "skipped", "code": "DOMAIN_MISMATCH", "file": "interleaved-crypto-result-h9.json", "state": "REJECTED"}
{"action": "skipped", "code": "DOMAIN_MISMATCH", "file": "interleaved-stocks-result-h9.json", "state": "REJECTED"}
--- end
{"n": 16, "label": "propose 04-canary-control", "at": "2026-09-28T03:49:23Z", "seconds": 0.102, "argv": ["/home/superleo13/predictors/runtime/integration-brasileirao/priv/run-20260928T034216Z-br/cain-venv/bin/cain", "research", "propose", "--domain", "brasileirao", "--state", "/home/superleo13/predictors/runtime/integration-brasileirao/priv/run-20260928T034216Z-br/e2e/cain-state", "--proposal", "/home/superleo13/predictors/work/integration-brasileirao-evidence/qualification/integration-brasileirao/fixtures/proposals/e2e/04-canary-control.json", "--as-of", "2026-09-28T03:49:23Z"], "fault_env": {}, "exit": 0, "stdout_sha256": "3bc0d9ac3d731f87ebbc54d74cb6b48a43fa9838c3eea219db42605f18ef720a", "stdout_bytes": 443, "stderr_sha256": "e3b0c44298fc1c149afbf4c8996fb92427ae41e4649b934ca495991b7852b855", "stderr_bytes": 0}
--- stdout
{"decision": "ALLOW", "episode_id": "brasileirao:episode-4", "reason_code": "ALLOWED", "receipt_sha256": "20794d2a5800bee8632c0c6d03cafeddd633df1b2e757241924c2382d529d325", "rule": "R14", "status": "RECORDED", "task": {"payload_sha256": "09a6ddca1660b3351e538dfd89846c669628d033c496f58514d2588af3ff05e0", "previous_task_id": "brasileirao:TASK-96f42e4a16376ff5f6d3b08e610599b6", "task_id": "brasileirao:TASK-d5ad8e6222f8bd92d3779f375f28c473"}}
--- end
{"n": 17, "label": "dispatch 04-canary-control", "at": "2026-09-28T03:49:23Z", "seconds": 0.098, "argv": ["/home/superleo13/predictors/runtime/integration-brasileirao/priv/run-20260928T034216Z-br/cain-venv/bin/cain", "research", "dispatch", "--domain", "brasileirao", "--state", "/home/superleo13/predictors/runtime/integration-brasileirao/priv/run-20260928T034216Z-br/e2e/cain-state", "--spool", "/home/superleo13/predictors/runtime/integration-brasileirao/priv/run-20260928T034216Z-br/e2e/spool"], "fault_env": {}, "exit": 0, "stdout_sha256": "e05a702876046936700bd81357769d87ec3ffc335a390e9be31585020b74e06b", "stdout_bytes": 181, "stderr_sha256": "e3b0c44298fc1c149afbf4c8996fb92427ae41e4649b934ca495991b7852b855", "stderr_bytes": 0}
--- stdout
{"action": "dispatched", "file": "brasileirao/tasks/TASK-d5ad8e6222f8bd92d3779f375f28c473.json", "spool": "WRITTEN", "task_id": "brasileirao:TASK-d5ad8e6222f8bd92d3779f375f28c473"}
--- end
{"n": 18, "label": "consumer 04-canary-control", "at": "2026-09-28T03:49:26Z", "seconds": 3.176, "argv": ["/home/superleo13/predictors/runtime/integration-brasileirao/priv/run-20260928T034216Z-br/consumer-venv/bin/predictor-research-consumer", "--domain", "brasileirao", "--spool", "/home/superleo13/predictors/runtime/integration-brasileirao/priv/run-20260928T034216Z-br/e2e/spool", "--ledger", "/home/superleo13/predictors/runtime/integration-brasileirao/priv/run-20260928T034216Z-br/e2e/consumer-brasileirao/ledger.sqlite", "--state", "/home/superleo13/predictors/runtime/integration-brasileirao/priv/run-20260928T034216Z-br/e2e/domain-state-brasileirao", "--policy", "/home/superleo13/predictors/runtime/integration-brasileirao/priv/run-20260928T034216Z-br/op/policy.json", "--objects", "/home/superleo13/predictors/runtime/integration-brasileirao/priv/run-20260928T034216Z-br/op/obj"], "fault_env": {}, "exit": 0, "stdout_sha256": "c267924eebd28dd23436685ede1d30e64c5f05e626e64062f605060d9bd0aa0d", "stdout_bytes": 836, "stderr_sha256": "e3b0c44298fc1c149afbf4c8996fb92427ae41e4649b934ca495991b7852b855", "stderr_bytes": 0}
--- stdout
{"action": "skipped", "episode_id": "brasileirao:episode-1", "state": "TERMINAL_RESULT", "status": "RESULT", "task_id": "brasileirao:TASK-1dbe590d60e927b6bd034bcafe5d0cf2"}
{"action": "skipped", "episode_id": "brasileirao:episode-2", "state": "TERMINAL_RESULT", "status": "DUPLICATE", "task_id": "brasileirao:TASK-2026a6ea02942cdd62f6c1acede805f8"}
{"action": "skipped", "episode_id": "brasileirao:episode-3", "state": "TERMINAL_RESULT", "status": "RESULT", "task_id": "brasileirao:TASK-96f42e4a16376ff5f6d3b08e610599b6"}
{"action": "delivered", "attempt": 1, "class": "TERMINAL_RESULT", "episode_id": "brasileirao:episode-4", "result_file": "brasileirao/results/TASK-d5ad8e6222f8bd92d3779f375f28c473.7c792cf4316a10f4.json", "result_write": "WRITTEN", "status": "RESULT", "task_id": "brasileirao:TASK-d5ad8e6222f8bd92d3779f375f28c473"}
--- end
{"n": 19, "label": "ingest 04-canary-control", "at": "2026-09-28T03:49:26Z", "seconds": 0.129, "argv": ["/home/superleo13/predictors/runtime/integration-brasileirao/priv/run-20260928T034216Z-br/cain-venv/bin/cain", "research", "ingest", "--domain", "brasileirao", "--state", "/home/superleo13/predictors/runtime/integration-brasileirao/priv/run-20260928T034216Z-br/e2e/cain-state", "--spool", "/home/superleo13/predictors/runtime/integration-brasileirao/priv/run-20260928T034216Z-br/e2e/spool"], "fault_env": {}, "exit": 0, "stdout_sha256": "7555258d4a3b9237a27369189f560a97347dbf5a1127357aecacf0578bb20797", "stdout_bytes": 889, "stderr_sha256": "e3b0c44298fc1c149afbf4c8996fb92427ae41e4649b934ca495991b7852b855", "stderr_bytes": 0}
--- stdout
{"action": "duplicate", "file": "TASK-1dbe590d60e927b6bd034bcafe5d0cf2.6a74ca7acbf35bda.json"}
{"action": "duplicate", "file": "TASK-2026a6ea02942cdd62f6c1acede805f8.ac9d6864c1dba5f3.json"}
{"action": "duplicate", "file": "TASK-96f42e4a16376ff5f6d3b08e610599b6.26865652a1a8e3f1.json"}
{"action": "ingested", "class": "TERMINAL_RESULT", "fact": "fact:94322ae9d42a497dbb819ca2efe5efc1", "file": "TASK-d5ad8e6222f8bd92d3779f375f28c473.7c792cf4316a10f4.json", "status": "RESULT", "task_id": "brasileirao:TASK-d5ad8e6222f8bd92d3779f375f28c473"}
{"action": "skipped", "code": "TASK_NOT_FOUND", "file": "interleaved-brasileirao-result-h9.json", "state": "REJECTED"}
{"action": "skipped", "code": "DOMAIN_MISMATCH", "file": "interleaved-crypto-result-h9.json", "state": "REJECTED"}
{"action": "skipped", "code": "DOMAIN_MISMATCH", "file": "interleaved-stocks-result-h9.json", "state": "REJECTED"}
--- end
{"n": 20, "label": "propose 05-duplicate", "at": "2026-09-28T03:49:26Z", "seconds": 0.104, "argv": ["/home/superleo13/predictors/runtime/integration-brasileirao/priv/run-20260928T034216Z-br/cain-venv/bin/cain", "research", "propose", "--domain", "brasileirao", "--state", "/home/superleo13/predictors/runtime/integration-brasileirao/priv/run-20260928T034216Z-br/e2e/cain-state", "--proposal", "/home/superleo13/predictors/work/integration-brasileirao-evidence/qualification/integration-brasileirao/fixtures/proposals/e2e/05-duplicate.json", "--as-of", "2026-09-28T03:49:26Z"], "fault_env": {}, "exit": 0, "stdout_sha256": "adf87a156633f08e540427c0f44fda56d9fdb7156ab0bf3ee0537ccfe7754991", "stdout_bytes": 238, "stderr_sha256": "e3b0c44298fc1c149afbf4c8996fb92427ae41e4649b934ca495991b7852b855", "stderr_bytes": 0}
--- stdout
{"decision": "DUPLICATE", "episode_id": "brasileirao:episode-5", "reason_code": "DUPLICATE_REQUEST", "receipt_sha256": "e46303dc19e569b36f9d9e7b8e0b9f7dc21c79fb9665b21a19fffe9055c06a09", "rule": "R08", "status": "RECORDED", "task": null}
--- end
{"n": 21, "label": "propose 06-h9-protected", "at": "2026-09-28T03:49:27Z", "seconds": 0.101, "argv": ["/home/superleo13/predictors/runtime/integration-brasileirao/priv/run-20260928T034216Z-br/cain-venv/bin/cain", "research", "propose", "--domain", "brasileirao", "--state", "/home/superleo13/predictors/runtime/integration-brasileirao/priv/run-20260928T034216Z-br/e2e/cain-state", "--proposal", "/home/superleo13/predictors/work/integration-brasileirao-evidence/qualification/integration-brasileirao/fixtures/proposals/e2e/06-h9-protected.json", "--as-of", "2026-09-28T03:49:26Z"], "fault_env": {}, "exit": 0, "stdout_sha256": "5456cb8e82e3130976ff28aa7d5929ab8827f69b9d7cfae5f3ce00d0d721357b", "stdout_bytes": 234, "stderr_sha256": "e3b0c44298fc1c149afbf4c8996fb92427ae41e4649b934ca495991b7852b855", "stderr_bytes": 0}
--- stdout
{"decision": "BLOCK", "episode_id": "brasileirao:episode-6", "reason_code": "HYPOTHESIS_CLOSED", "receipt_sha256": "e60fa2a24ddb8552384320e81b9e756430b9e06bf14afde95749e4e810e7c695", "rule": "R05", "status": "RECORDED", "task": null}
--- end
{"n": 22, "label": "propose 07-crypto-h9", "at": "2026-09-28T03:49:27Z", "seconds": 0.104, "argv": ["/home/superleo13/predictors/runtime/integration-brasileirao/priv/run-20260928T034216Z-br/cain-venv/bin/cain", "research", "propose", "--domain", "brasileirao", "--state", "/home/superleo13/predictors/runtime/integration-brasileirao/priv/run-20260928T034216Z-br/e2e/cain-state", "--proposal", "/home/superleo13/predictors/work/integration-brasileirao-evidence/qualification/integration-brasileirao/fixtures/proposals/e2e/07-crypto-h9.json", "--as-of", "2026-09-28T03:49:27Z"], "fault_env": {}, "exit": 0, "stdout_sha256": "957b9d8b3088af3c82194f03540ea2b88627c747a216adc661a7145f5f3ef90d", "stdout_bytes": 232, "stderr_sha256": "e3b0c44298fc1c149afbf4c8996fb92427ae41e4649b934ca495991b7852b855", "stderr_bytes": 0}
--- stdout
{"decision": "BLOCK", "episode_id": "brasileirao:episode-7", "reason_code": "DOMAIN_MISMATCH", "receipt_sha256": "01a5a676f6d11570799a356981661e891bb3fa4781ac902b99456fffc828503d", "rule": "R01", "status": "RECORDED", "task": null}
--- end
{"n": 23, "label": "propose 08-stocks-h9", "at": "2026-09-28T03:49:27Z", "seconds": 0.102, "argv": ["/home/superleo13/predictors/runtime/integration-brasileirao/priv/run-20260928T034216Z-br/cain-venv/bin/cain", "research", "propose", "--domain", "brasileirao", "--state", "/home/superleo13/predictors/runtime/integration-brasileirao/priv/run-20260928T034216Z-br/e2e/cain-state", "--proposal", "/home/superleo13/predictors/work/integration-brasileirao-evidence/qualification/integration-brasileirao/fixtures/proposals/e2e/08-stocks-h9.json", "--as-of", "2026-09-28T03:49:27Z"], "fault_env": {}, "exit": 0, "stdout_sha256": "a40b900784e4aad5629b52d3e016ebc3038740b748cedd33a1dfc2668c4520d2", "stdout_bytes": 232, "stderr_sha256": "e3b0c44298fc1c149afbf4c8996fb92427ae41e4649b934ca495991b7852b855", "stderr_bytes": 0}
--- stdout
{"decision": "BLOCK", "episode_id": "brasileirao:episode-8", "reason_code": "DOMAIN_MISMATCH", "receipt_sha256": "30257306d7d869dc24e46ae5b81defc756fe281710bc26e71223b3d418dd7a4c", "rule": "R01", "status": "RECORDED", "task": null}
--- end
{"n": 24, "label": "propose 09-frozen-family", "at": "2026-09-28T03:49:27Z", "seconds": 0.103, "argv": ["/home/superleo13/predictors/runtime/integration-brasileirao/priv/run-20260928T034216Z-br/cain-venv/bin/cain", "research", "propose", "--domain", "brasileirao", "--state", "/home/superleo13/predictors/runtime/integration-brasileirao/priv/run-20260928T034216Z-br/e2e/cain-state", "--proposal", "/home/superleo13/predictors/work/integration-brasileirao-evidence/qualification/integration-brasileirao/fixtures/proposals/e2e/09-frozen-family.json", "--as-of", "2026-09-28T03:49:27Z"], "fault_env": {}, "exit": 0, "stdout_sha256": "d11eaa5991fdb41f90e82ad7640e11f8f2e4b92315051523d6258730b487a655", "stdout_bytes": 234, "stderr_sha256": "e3b0c44298fc1c149afbf4c8996fb92427ae41e4649b934ca495991b7852b855", "stderr_bytes": 0}
--- stdout
{"decision": "BLOCK", "episode_id": "brasileirao:episode-9", "reason_code": "HYPOTHESIS_CLOSED", "receipt_sha256": "64d6122ebcf2ed5d90750eeb43689dced86eef045f80f96e9353fc793a0f3f9e", "rule": "R05", "status": "RECORDED", "task": null}
--- end
{"n": 25, "label": "propose 10-next", "at": "2026-09-28T03:49:27Z", "seconds": 0.106, "argv": ["/home/superleo13/predictors/runtime/integration-brasileirao/priv/run-20260928T034216Z-br/cain-venv/bin/cain", "research", "propose", "--domain", "brasileirao", "--state", "/home/superleo13/predictors/runtime/integration-brasileirao/priv/run-20260928T034216Z-br/e2e/cain-state", "--proposal", "/home/superleo13/predictors/work/integration-brasileirao-evidence/qualification/integration-brasileirao/fixtures/proposals/e2e/10-next.json", "--as-of", "2026-09-28T03:49:27Z"], "fault_env": {}, "exit": 0, "stdout_sha256": "bffe80830ad078940836774b8e7eb40ba7a32bd86771440702500dd6a12aa1d8", "stdout_bytes": 444, "stderr_sha256": "e3b0c44298fc1c149afbf4c8996fb92427ae41e4649b934ca495991b7852b855", "stderr_bytes": 0}
--- stdout
{"decision": "ALLOW", "episode_id": "brasileirao:episode-10", "reason_code": "ALLOWED", "receipt_sha256": "094cd9b8871829aaf9d5690c03404a86c77633bf4b7dd56e47c5873a18927f3a", "rule": "R14", "status": "RECORDED", "task": {"payload_sha256": "fcb0f5326451a7189ac1699d3bf071c4fbee048caf0ed2f883bf30c4f2bc47de", "previous_task_id": "brasileirao:TASK-d5ad8e6222f8bd92d3779f375f28c473", "task_id": "brasileirao:TASK-8b7665ad1ddb534b586d04e2bbf4ce69"}}
--- end
{"n": 26, "label": "dispatch 10-next", "at": "2026-09-28T03:49:27Z", "seconds": 0.103, "argv": ["/home/superleo13/predictors/runtime/integration-brasileirao/priv/run-20260928T034216Z-br/cain-venv/bin/cain", "research", "dispatch", "--domain", "brasileirao", "--state", "/home/superleo13/predictors/runtime/integration-brasileirao/priv/run-20260928T034216Z-br/e2e/cain-state", "--spool", "/home/superleo13/predictors/runtime/integration-brasileirao/priv/run-20260928T034216Z-br/e2e/spool"], "fault_env": {}, "exit": 0, "stdout_sha256": "c99c651a6db17f7ade060f6a689d928f54e55d14fc0e60cbdf57e387af58d86f", "stdout_bytes": 181, "stderr_sha256": "e3b0c44298fc1c149afbf4c8996fb92427ae41e4649b934ca495991b7852b855", "stderr_bytes": 0}
--- stdout
{"action": "dispatched", "file": "brasileirao/tasks/TASK-8b7665ad1ddb534b586d04e2bbf4ce69.json", "spool": "WRITTEN", "task_id": "brasileirao:TASK-8b7665ad1ddb534b586d04e2bbf4ce69"}
--- end
{"n": 27, "label": "consumer 10-next", "at": "2026-09-28T03:49:31Z", "seconds": 3.713, "argv": ["/home/superleo13/predictors/runtime/integration-brasileirao/priv/run-20260928T034216Z-br/consumer-venv/bin/predictor-research-consumer", "--domain", "brasileirao", "--spool", "/home/superleo13/predictors/runtime/integration-brasileirao/priv/run-20260928T034216Z-br/e2e/spool", "--ledger", "/home/superleo13/predictors/runtime/integration-brasileirao/priv/run-20260928T034216Z-br/e2e/consumer-brasileirao/ledger.sqlite", "--state", "/home/superleo13/predictors/runtime/integration-brasileirao/priv/run-20260928T034216Z-br/e2e/domain-state-brasileirao", "--policy", "/home/superleo13/predictors/runtime/integration-brasileirao/priv/run-20260928T034216Z-br/op/policy.json", "--objects", "/home/superleo13/predictors/runtime/integration-brasileirao/priv/run-20260928T034216Z-br/op/obj"], "fault_env": {}, "exit": 0, "stdout_sha256": "f9da59edbee5d34ec50fa6e2efd7447f9afc376cc52a25f9e37f926b8158bf8c", "stdout_bytes": 1010, "stderr_sha256": "e3b0c44298fc1c149afbf4c8996fb92427ae41e4649b934ca495991b7852b855", "stderr_bytes": 0}
--- stdout
{"action": "skipped", "episode_id": "brasileirao:episode-1", "state": "TERMINAL_RESULT", "status": "RESULT", "task_id": "brasileirao:TASK-1dbe590d60e927b6bd034bcafe5d0cf2"}
{"action": "skipped", "episode_id": "brasileirao:episode-2", "state": "TERMINAL_RESULT", "status": "DUPLICATE", "task_id": "brasileirao:TASK-2026a6ea02942cdd62f6c1acede805f8"}
{"action": "skipped", "episode_id": "brasileirao:episode-3", "state": "TERMINAL_RESULT", "status": "RESULT", "task_id": "brasileirao:TASK-96f42e4a16376ff5f6d3b08e610599b6"}
{"action": "skipped", "episode_id": "brasileirao:episode-4", "state": "TERMINAL_RESULT", "status": "RESULT", "task_id": "brasileirao:TASK-d5ad8e6222f8bd92d3779f375f28c473"}
{"action": "delivered", "attempt": 1, "class": "TERMINAL_RESULT", "episode_id": "brasileirao:episode-10", "result_file": "brasileirao/results/TASK-8b7665ad1ddb534b586d04e2bbf4ce69.369716188108210f.json", "result_write": "WRITTEN", "status": "RESULT", "task_id": "brasileirao:TASK-8b7665ad1ddb534b586d04e2bbf4ce69"}
--- end
{"n": 28, "label": "ingest 10-next", "at": "2026-09-28T03:49:31Z", "seconds": 0.129, "argv": ["/home/superleo13/predictors/runtime/integration-brasileirao/priv/run-20260928T034216Z-br/cain-venv/bin/cain", "research", "ingest", "--domain", "brasileirao", "--state", "/home/superleo13/predictors/runtime/integration-brasileirao/priv/run-20260928T034216Z-br/e2e/cain-state", "--spool", "/home/superleo13/predictors/runtime/integration-brasileirao/priv/run-20260928T034216Z-br/e2e/spool"], "fault_env": {}, "exit": 0, "stdout_sha256": "ed36906771d455ff067249b39bf35634b8685fd200a0823df517d7edbf537857", "stdout_bytes": 984, "stderr_sha256": "e3b0c44298fc1c149afbf4c8996fb92427ae41e4649b934ca495991b7852b855", "stderr_bytes": 0}
--- stdout
{"action": "duplicate", "file": "TASK-1dbe590d60e927b6bd034bcafe5d0cf2.6a74ca7acbf35bda.json"}
{"action": "duplicate", "file": "TASK-2026a6ea02942cdd62f6c1acede805f8.ac9d6864c1dba5f3.json"}
{"action": "ingested", "class": "TERMINAL_RESULT", "fact": "fact:7007257e669c4fa5b6645f2fd4fe228e", "file": "TASK-8b7665ad1ddb534b586d04e2bbf4ce69.369716188108210f.json", "status": "RESULT", "task_id": "brasileirao:TASK-8b7665ad1ddb534b586d04e2bbf4ce69"}
{"action": "duplicate", "file": "TASK-96f42e4a16376ff5f6d3b08e610599b6.26865652a1a8e3f1.json"}
{"action": "duplicate", "file": "TASK-d5ad8e6222f8bd92d3779f375f28c473.7c792cf4316a10f4.json"}
{"action": "skipped", "code": "TASK_NOT_FOUND", "file": "interleaved-brasileirao-result-h9.json", "state": "REJECTED"}
{"action": "skipped", "code": "DOMAIN_MISMATCH", "file": "interleaved-crypto-result-h9.json", "state": "REJECTED"}
{"action": "skipped", "code": "DOMAIN_MISMATCH", "file": "interleaved-stocks-result-h9.json", "state": "REJECTED"}
--- end
{"n": 29, "label": "show brasileirao:REQ-IB-E2E-001", "at": "2026-09-28T03:49:31Z", "seconds": 0.147, "argv": ["/home/superleo13/predictors/runtime/integration-brasileirao/priv/run-20260928T034216Z-br/consumer-venv/bin/brasileirao-research", "--state", "/home/superleo13/predictors/runtime/integration-brasileirao/priv/run-20260928T034216Z-br/e2e/domain-state-brasileirao", "show", "brasileirao:REQ-IB-E2E-001"], "fault_env": {}, "exit": 0, "stdout_sha256": "87c4d6f9d1d55f44ae62fbbd5ed853682172899604eea8ea0a46b35ffcdc69e9", "stdout_bytes": 121507, "stderr_sha256": "e3b0c44298fc1c149afbf4c8996fb92427ae41e4649b934ca495991b7852b855", "stderr_bytes": 0}
--- stdout
(stdout do domínio só no log privado)
--- end
{"n": 30, "label": "show brasileirao:REQ-IB-E2E-002", "at": "2026-09-28T03:49:31Z", "seconds": 0.155, "argv": ["/home/superleo13/predictors/runtime/integration-brasileirao/priv/run-20260928T034216Z-br/consumer-venv/bin/brasileirao-research", "--state", "/home/superleo13/predictors/runtime/integration-brasileirao/priv/run-20260928T034216Z-br/e2e/domain-state-brasileirao", "show", "brasileirao:REQ-IB-E2E-002"], "fault_env": {}, "exit": 0, "stdout_sha256": "d1eed9ce6dc9b85a038f9198e6faa558145cb8c332e099ded6ce12f5f086a136", "stdout_bytes": 294251, "stderr_sha256": "e3b0c44298fc1c149afbf4c8996fb92427ae41e4649b934ca495991b7852b855", "stderr_bytes": 0}
--- stdout
(stdout do domínio só no log privado)
--- end
{"n": 31, "label": "show brasileirao:REQ-IB-E2E-010", "at": "2026-09-28T03:49:31Z", "seconds": 0.157, "argv": ["/home/superleo13/predictors/runtime/integration-brasileirao/priv/run-20260928T034216Z-br/consumer-venv/bin/brasileirao-research", "--state", "/home/superleo13/predictors/runtime/integration-brasileirao/priv/run-20260928T034216Z-br/e2e/domain-state-brasileirao", "show", "brasileirao:REQ-IB-E2E-010"], "fault_env": {}, "exit": 0, "stdout_sha256": "592c266f82df5c2d70dc6e1272d4205a80265aa85a19a31f337047b1f8e34c35", "stdout_bytes": 293841, "stderr_sha256": "e3b0c44298fc1c149afbf4c8996fb92427ae41e4649b934ca495991b7852b855", "stderr_bytes": 0}
--- stdout
(stdout do domínio só no log privado)
--- end
{"n": 32, "label": "show brasileirao:REQ-IB-E2E-003", "at": "2026-09-28T03:49:32Z", "seconds": 0.15, "argv": ["/home/superleo13/predictors/runtime/integration-brasileirao/priv/run-20260928T034216Z-br/consumer-venv/bin/brasileirao-research", "--state", "/home/superleo13/predictors/runtime/integration-brasileirao/priv/run-20260928T034216Z-br/e2e/domain-state-brasileirao", "show", "brasileirao:REQ-IB-E2E-003"], "fault_env": {}, "exit": 0, "stdout_sha256": "767493997303fe67e13573a25ae5ea73e4e6dc2e5017a3c88914f04ffc7aee65", "stdout_bytes": 121605, "stderr_sha256": "e3b0c44298fc1c149afbf4c8996fb92427ae41e4649b934ca495991b7852b855", "stderr_bytes": 0}
--- stdout
(stdout do domínio só no log privado)
--- end
{"n": 33, "label": "show brasileirao:REQ-IB-E2E-004", "at": "2026-09-28T03:49:32Z", "seconds": 0.148, "argv": ["/home/superleo13/predictors/runtime/integration-brasileirao/priv/run-20260928T034216Z-br/consumer-venv/bin/brasileirao-research", "--state", "/home/superleo13/predictors/runtime/integration-brasileirao/priv/run-20260928T034216Z-br/e2e/domain-state-brasileirao", "show", "brasileirao:REQ-IB-E2E-004"], "fault_env": {}, "exit": 0, "stdout_sha256": "880f5f324a482a5876eca92a32d3930f31cd1f76cc4e13ad3dda2a3cc60006f6", "stdout_bytes": 121591, "stderr_sha256": "e3b0c44298fc1c149afbf4c8996fb92427ae41e4649b934ca495991b7852b855", "stderr_bytes": 0}
--- stdout
(stdout do domínio só no log privado)
--- end
{"n": 34, "label": "episodes final", "at": "2026-09-28T03:49:32Z", "seconds": 0.086, "argv": ["/home/superleo13/predictors/runtime/integration-brasileirao/priv/run-20260928T034216Z-br/cain-venv/bin/cain", "research", "episodes", "--domain", "brasileirao", "--state", "/home/superleo13/predictors/runtime/integration-brasileirao/priv/run-20260928T034216Z-br/e2e/cain-state"], "fault_env": {}, "exit": 0, "stdout_sha256": "a750823dd79475f8c6183cf7a576c0356db413304f31cb4b4aa9e81be888215c", "stdout_bytes": 5372, "stderr_sha256": "e3b0c44298fc1c149afbf4c8996fb92427ae41e4649b934ca495991b7852b855", "stderr_bytes": 0}
--- stdout
{"domain": "brasileirao", "episodes": [{"as_of": "2026-09-28T03:49:10Z", "decision": "ALLOW", "number": 1, "outbox": {"dispatches": 1, "retries_requested": 0, "status": "PUBLISHED", "task_id": "brasileirao:TASK-1dbe590d60e927b6bd034bcafe5d0cf2"}, "proposal_id": "cain:IB-E2E-01", "reason_code": "ALLOWED", "receipt_sha256": "871a003d8cab3de9e1e1e9645f69dab0c6c172adebd70e100a94646543c7d5d8", "source": "operator", "task_id": "brasileirao:TASK-1dbe590d60e927b6bd034bcafe5d0cf2"}, {"as_of": "2026-09-28T03:49:13Z", "decision": "ALLOW", "number": 2, "outbox": {"dispatches": 1, "retries_requested": 0, "status": "PUBLISHED", "task_id": "brasileirao:TASK-2026a6ea02942cdd62f6c1acede805f8"}, "proposal_id": "cain:IB-E2E-02", "reason_code": "ALLOWED", "receipt_sha256": "355c0ea7af0f9e1451ca660562e66effb37f8fd2f7a4fcb345370a720e48e4c6", "source": "operator", "task_id": "brasileirao:TASK-2026a6ea02942cdd62f6c1acede805f8"}, {"as_of": "2026-09-28T03:49:19Z", "decision": "ALLOW", "number": 3, "outbox": {"dispatches": 1, "retries_requested": 0, "status": "PUBLISHED", "task_id": "brasileirao:TASK-96f42e4a16376ff5f6d3b08e610599b6"}, "proposal_id": "cain:IB-E2E-03", "reason_code": "ALLOWED", "receipt_sha256": "4442c6a7c3bb01a10f64618a5d4e34a6cb6aaa704bb9194e45674d7f417b3569", "source": "operator", "task_id": "brasileirao:TASK-96f42e4a16376ff5f6d3b08e610599b6"}, {"as_of": "2026-09-28T03:49:23Z", "decision": "ALLOW", "number": 4, "outbox": {"dispatches": 1, "retries_requested": 0, "status": "PUBLISHED", "task_id": "brasileirao:TASK-d5ad8e6222f8bd92d3779f375f28c473"}, "proposal_id": "cain:IB-E2E-04", "reason_code": "ALLOWED", "receipt_sha256": "20794d2a5800bee8632c0c6d03cafeddd633df1b2e757241924c2382d529d325", "source": "operator", "task_id": "brasileirao:TASK-d5ad8e6222f8bd92d3779f375f28c473"}, {"as_of": "2026-09-28T03:49:26Z", "decision": "DUPLICATE", "number": 5, "outbox": null, "proposal_id": "cain:IB-E2E-05", "reason_code": "DUPLICATE_REQUEST", "receipt_sha256": "e46303dc19e569b36f9d9e7b8e0b9f7dc21c79fb9665b21a19fffe9055c06a09", "source": "operator", "task_id": null}, {"as_of": "2026-09-28T03:49:26Z", "decision": "BLOCK", "number": 6, "outbox": null, "proposal_id": "cain:IB-E2E-06", "reason_code": "HYPOTHESIS_CLOSED", "receipt_sha256": "e60fa2a24ddb8552384320e81b9e756430b9e06bf14afde95749e4e810e7c695", "source": "operator", "task_id": null}, {"as_of": "2026-09-28T03:49:27Z", "decision": "BLOCK", "number": 7, "outbox": null, "proposal_id": "cain:IB-E2E-07", "reason_code": "DOMAIN_MISMATCH", "receipt_sha256": "01a5a676f6d11570799a356981661e891bb3fa4781ac902b99456fffc828503d", "source": "operator", "task_id": null}, {"as_of": "2026-09-28T03:49:27Z", "decision": "BLOCK", "number": 8, "outbox": null, "proposal_id": "cain:IB-E2E-08", "reason_code": "DOMAIN_MISMATCH", "receipt_sha256": "30257306d7d869dc24e46ae5b81defc756fe281710bc26e71223b3d418dd7a4c", "source": "operator", "task_id": null}, {"as_of": "2026-09-28T03:49:27Z", "decision": "BLOCK", "number": 9, "outbox": null, "proposal_id": "cain:IB-E2E-09", "reason_code": "HYPOTHESIS_CLOSED", "receipt_sha256": "64d6122ebcf2ed5d90750eeb43689dced86eef045f80f96e9353fc793a0f3f9e", "source": "operator", "task_id": null}, {"as_of": "2026-09-28T03:49:27Z", "decision": "ALLOW", "number": 10, "outbox": {"dispatches": 1, "retries_requested": 0, "status": "PUBLISHED", "task_id": "brasileirao:TASK-8b7665ad1ddb534b586d04e2bbf4ce69"}, "proposal_id": "cain:IB-E2E-10", "reason_code": "ALLOWED", "receipt_sha256": "094cd9b8871829aaf9d5690c03404a86c77633bf4b7dd56e47c5873a18927f3a", "source": "operator", "task_id": "brasileirao:TASK-8b7665ad1ddb534b586d04e2bbf4ce69"}], "inbox": [{"class": "TERMINAL_RESULT", "fact_id": "fact:e8d8b3cdbb1d44e4bc225f9352b50e25", "payload_sha256": "a085b635c8cfc89d0c20619a9de632d0c3082d58563dfbb4654d163059361425", "status": "RESULT", "task_id": "brasileirao:TASK-1dbe590d60e927b6bd034bcafe5d0cf2"}, {"class": "TERMINAL_RESULT", "fact_id": "fact:9ac0cfeb34ee4ee992bb9eec42f455e0", "payload_sha256": "d565b5d89f84ee08ac5c7113e91292edf002cd599abcc9a7a0a874fc630ad456", "status": "DUPLICATE", "task_id": "brasileirao:TASK-2026a6ea02942cdd62f6c1acede805f8"}, {"class": "TERMINAL_RESULT", "fact_id": "fact:89ae4dd5e01647b1ba25b38d5073db3e", "payload_sha256": "f6d052b3f435ff4c963e1f3dad8b30ec399b075ad0d1908a4aa95a9a57706c4d", "status": "RESULT", "task_id": "brasileirao:TASK-96f42e4a16376ff5f6d3b08e610599b6"}, {"class": "TERMINAL_RESULT", "fact_id": "fact:94322ae9d42a497dbb819ca2efe5efc1", "payload_sha256": "fa929fe929c5936e3dac64680c93cd8ea6b7c7fde527be9e2a3bd2f52ed601fa", "status": "RESULT", "task_id": "brasileirao:TASK-d5ad8e6222f8bd92d3779f375f28c473"}, {"class": "TERMINAL_RESULT", "fact_id": "fact:7007257e669c4fa5b6645f2fd4fe228e", "payload_sha256": "6ea27cc35f57ccdae6c8950786277cbc90ad917ea07874c89aca4521f94323fa", "status": "RESULT", "task_id": "brasileirao:TASK-8b7665ad1ddb534b586d04e2bbf4ce69"}], "memory": {"broken_at": null, "entries": 5, "head": "ae87aab27d12f8a05d8c1bb7b9e74511d4720a372979a6b270b5e7f55529a838", "head_recorded_at": "2026-09-28T03:49:31.432159Z", "projection": "consistent", "status": "intact"}, "rejections": [{"code": "TASK_NOT_FOUND", "file": "interleaved-brasileirao-result-h9.json"}, {"code": "DOMAIN_MISMATCH", "file": "interleaved-crypto-result-h9.json"}, {"code": "DOMAIN_MISMATCH", "file": "interleaved-stocks-result-h9.json"}]}
--- end
