{"n": 1, "label": "propose 1", "at": "2026-09-28T14:24:22Z", "seconds": 0.148, "argv": ["/home/runner/work/_temp/work/rt/cain-venv/bin/cain", "research", "propose", "--domain", "crypto", "--state", "/home/runner/work/_temp/work/failures/F02/cain-state", "--proposal", "/home/runner/work/_temp/work/failures/F02/proposals/1.json", "--as-of", "2026-09-28T14:24:22Z"], "fault_env": {}, "exit": 0}
--- stdout
{"decision": "ALLOW", "episode_id": "crypto:episode-1", "reason_code": "ALLOWED", "receipt_sha256": "c4b7ffd61a2f81d96038a9eb3de9076c5db997a5b1f7d17bf2990011e5c6955b", "rule": "R14", "status": "RECORDED", "task": {"payload_sha256": "6fb99ad75c4593ed524fe32f73864f2b310af10418de69505fe32bb9fd2978b8", "previous_task_id": null, "task_id": "crypto:TASK-1ad58274042746ffd3513960f89476c7"}}
--- stderr
--- end
{"n": 2, "label": "dispatch (fault)", "at": "2026-09-28T14:24:22Z", "seconds": 0.11, "argv": ["/home/runner/work/_temp/work/rt/cain-venv/bin/cain", "research", "dispatch", "--domain", "crypto", "--state", "/home/runner/work/_temp/work/failures/F02/cain-state", "--spool", "/home/runner/work/_temp/work/failures/F02/spool"], "fault_env": {"CAIN_ORCHESTRATION_FAULT": "after_spool_write_before_ack"}, "exit": 86}
--- stdout
--- stderr
--- end
{"n": 3, "label": "dispatch after restart", "at": "2026-09-28T14:24:22Z", "seconds": 0.125, "argv": ["/home/runner/work/_temp/work/rt/cain-venv/bin/cain", "research", "dispatch", "--domain", "crypto", "--state", "/home/runner/work/_temp/work/failures/F02/cain-state", "--spool", "/home/runner/work/_temp/work/failures/F02/spool"], "fault_env": {}, "exit": 0}
--- stdout
{"action": "dispatched", "file": "crypto/tasks/TASK-1ad58274042746ffd3513960f89476c7.json", "spool": "EXISTS", "task_id": "crypto:TASK-1ad58274042746ffd3513960f89476c7"}
--- stderr
--- end
{"n": 4, "label": "consumer", "at": "2026-09-28T14:24:22Z", "seconds": 0.457, "argv": ["/home/runner/work/_temp/work/rt/consumer-venv/bin/predictor-research-consumer", "--domain", "crypto", "--spool", "/home/runner/work/_temp/work/failures/F02/spool", "--ledger", "/home/runner/work/_temp/work/failures/F02/consumer/ledger.sqlite", "--state", "/home/runner/work/_temp/work/failures/F02/domain-state", "--policy", "/home/runner/work/_temp/work/rt/op/policy.json", "--objects", "/home/runner/work/_temp/work/rt/op/objects"], "fault_env": {}, "exit": 0}
--- stdout
{"action": "delivered", "attempt": 1, "class": "TERMINAL_RESULT", "episode_id": "crypto:episode-1", "result_file": "crypto/results/TASK-1ad58274042746ffd3513960f89476c7.a727446819f76fd0.json", "result_write": "WRITTEN", "status": "RESULT", "task_id": "crypto:TASK-1ad58274042746ffd3513960f89476c7"}
--- stderr
{"duration_ms": 207, "event": "job_finished", "job_id": "crypto-research-a6e8223c91b24d4888dde718", "level": "INFO", "run_id": "4dc0e1e9b2394e3897740cadf7c8e89e", "run_status": "SUCCEEDED", "service": "predictor_ops", "timestamp": "2026-09-28T14:24:22.815415Z"}
--- end
{"n": 5, "label": "ingest", "at": "2026-09-28T14:24:22Z", "seconds": 0.131, "argv": ["/home/runner/work/_temp/work/rt/cain-venv/bin/cain", "research", "ingest", "--domain", "crypto", "--state", "/home/runner/work/_temp/work/failures/F02/cain-state", "--spool", "/home/runner/work/_temp/work/failures/F02/spool"], "fault_env": {}, "exit": 0}
--- stdout
{"action": "ingested", "class": "TERMINAL_RESULT", "fact": "fact:aa149b9647084bc1a8de3776bba087c5", "file": "TASK-1ad58274042746ffd3513960f89476c7.a727446819f76fd0.json", "status": "RESULT", "task_id": "crypto:TASK-1ad58274042746ffd3513960f89476c7"}
--- stderr
--- end
{"n": 6, "label": "domain saw one request", "at": "2026-09-28T14:24:23Z", "seconds": 0.122, "argv": ["/home/runner/work/_temp/work/rt/cain-venv/bin/cain", "research", "episodes", "--domain", "crypto", "--state", "/home/runner/work/_temp/work/failures/F02/cain-state"], "fault_env": {}, "exit": 0}
--- stdout
{"domain": "crypto", "episodes": [{"as_of": "2026-09-28T14:24:22Z", "decision": "ALLOW", "number": 1, "outbox": {"dispatches": 1, "retries_requested": 0, "status": "PUBLISHED", "task_id": "crypto:TASK-1ad58274042746ffd3513960f89476c7"}, "proposal_id": "cain:FM-F02-1", "reason_code": "ALLOWED", "receipt_sha256": "c4b7ffd61a2f81d96038a9eb3de9076c5db997a5b1f7d17bf2990011e5c6955b", "source": "operator", "task_id": "crypto:TASK-1ad58274042746ffd3513960f89476c7"}], "inbox": [{"class": "TERMINAL_RESULT", "fact_id": "fact:aa149b9647084bc1a8de3776bba087c5", "payload_sha256": "9421bf63aa4e86a8af2330a64b176eaaaead74dca60eccaa6b9a0f6f3ffa2327", "status": "RESULT", "task_id": "crypto:TASK-1ad58274042746ffd3513960f89476c7"}], "memory": {"broken_at": null, "entries": 1, "head": "fa50fb70f0d5a8b1fd9042602a0b4a29948dfa0668d6eb48781807f0ed70e070", "head_recorded_at": "2026-09-28T14:24:22.969557Z", "projection": "consistent", "status": "intact"}, "rejections": []}
--- stderr
--- end
