### propose fault=None
{"decision": "ALLOW", "episode_id": "crypto:episode-1", "reason_code": "ALLOWED", "receipt_sha256": "d364ff5a3e2d04c1d3032650a6d7a73088ee668bc2a361792e2e481b76ecccb4", "rule": "R14", "status": "RECORDED", "task": {"payload_sha256": "5fe20eb7b93d743530485cae313699a24e6bde31926371024ff20b8d3ef89beb", "previous_task_id": null, "task_id": "crypto:TASK-02bf95b3940c9a226f8a9ae2a37a11a3"}}
--- exit 0
### dispatch fault=None
{"action": "dispatched", "file": "crypto/tasks/TASK-02bf95b3940c9a226f8a9ae2a37a11a3.json", "spool": "WRITTEN", "task_id": "crypto:TASK-02bf95b3940c9a226f8a9ae2a37a11a3"}
--- exit 0
### before_domain 1 consumer A fault=before_domain
--- exit 86
### before_domain 1 consumer B fault=None
{"action": "delivered", "attempt": 2, "class": "TERMINAL_RESULT", "episode_id": "crypto:episode-1", "result_file": "crypto/results/TASK-02bf95b3940c9a226f8a9ae2a37a11a3.92a3c693c41d5e8d.json", "result_write": "WRITTEN", "status": "RESULT", "task_id": "crypto:TASK-02bf95b3940c9a226f8a9ae2a37a11a3"}
{"duration_ms": 414, "event": "job_finished", "job_id": "crypto-research-159fdfb2ad2ccd8f8d612a36", "level": "INFO", "run_id": "bcc2c9068a3643d2943afbe1e3158fec", "run_status": "SUCCEEDED", "service": "predictor_ops", "timestamp": "2026-09-28T16:58:47.800135Z"}
--- exit 0
### ingest fault=None
{"action": "ingested", "class": "TERMINAL_RESULT", "fact": "fact:c33eb07445954ab3854b0ad9c3dca408", "file": "TASK-02bf95b3940c9a226f8a9ae2a37a11a3.92a3c693c41d5e8d.json", "status": "RESULT", "task_id": "crypto:TASK-02bf95b3940c9a226f8a9ae2a37a11a3"}
--- exit 0
### episodes fault=None
{"domain": "crypto", "episodes": [{"as_of": "2026-09-29T12:00:00Z", "decision": "ALLOW", "number": 1, "outbox": {"dispatches": 1, "retries_requested": 0, "status": "PUBLISHED", "task_id": "crypto:TASK-02bf95b3940c9a226f8a9ae2a37a11a3"}, "proposal_id": "cain:E2E-01", "reason_code": "ALLOWED", "receipt_sha256": "d364ff5a3e2d04c1d3032650a6d7a73088ee668bc2a361792e2e481b76ecccb4", "source": "operator", "task_id": "crypto:TASK-02bf95b3940c9a226f8a9ae2a37a11a3"}], "inbox": [{"class": "TERMINAL_RESULT", "fact_id": "fact:c33eb07445954ab3854b0ad9c3dca408", "payload_sha256": "68e6daf8a746a41393df22299558ee2c2ca3ac3ab2f1910f0f076bb57c66dd21", "status": "RESULT", "task_id": "crypto:TASK-02bf95b3940c9a226f8a9ae2a37a11a3"}], "memory": {"broken_at": null, "entries": 1, "head": "e903e619475f30438e89fef3d7171f60974dfbff2db0e1fc916dd580be5d69c9", "head_recorded_at": "2026-09-28T16:58:48.084594Z", "projection": "consistent", "status": "intact"}, "rejections": []}
--- exit 0
### propose fault=None
{"decision": "ALLOW", "episode_id": "crypto:episode-1", "reason_code": "ALLOWED", "receipt_sha256": "d364ff5a3e2d04c1d3032650a6d7a73088ee668bc2a361792e2e481b76ecccb4", "rule": "R14", "status": "RECORDED", "task": {"payload_sha256": "5fe20eb7b93d743530485cae313699a24e6bde31926371024ff20b8d3ef89beb", "previous_task_id": null, "task_id": "crypto:TASK-02bf95b3940c9a226f8a9ae2a37a11a3"}}
--- exit 0
### dispatch fault=None
{"action": "dispatched", "file": "crypto/tasks/TASK-02bf95b3940c9a226f8a9ae2a37a11a3.json", "spool": "WRITTEN", "task_id": "crypto:TASK-02bf95b3940c9a226f8a9ae2a37a11a3"}
--- exit 0
### before_domain 2 consumer A fault=before_domain
--- exit 86
### before_domain 2 consumer B fault=None
{"action": "delivered", "attempt": 2, "class": "TERMINAL_RESULT", "episode_id": "crypto:episode-1", "result_file": "crypto/results/TASK-02bf95b3940c9a226f8a9ae2a37a11a3.6cf57b5444822dce.json", "result_write": "WRITTEN", "status": "RESULT", "task_id": "crypto:TASK-02bf95b3940c9a226f8a9ae2a37a11a3"}
{"duration_ms": 404, "event": "job_finished", "job_id": "crypto-research-159fdfb2ad2ccd8f8d612a36", "level": "INFO", "run_id": "05b8b67781b442a1badf1a53bfc7ebbb", "run_status": "SUCCEEDED", "service": "predictor_ops", "timestamp": "2026-09-28T16:58:49.721962Z"}
--- exit 0
### ingest fault=None
{"action": "ingested", "class": "TERMINAL_RESULT", "fact": "fact:503b5cd5bf81450cb02aa7a7ed4650d1", "file": "TASK-02bf95b3940c9a226f8a9ae2a37a11a3.6cf57b5444822dce.json", "status": "RESULT", "task_id": "crypto:TASK-02bf95b3940c9a226f8a9ae2a37a11a3"}
--- exit 0
### episodes fault=None
{"domain": "crypto", "episodes": [{"as_of": "2026-09-29T12:00:00Z", "decision": "ALLOW", "number": 1, "outbox": {"dispatches": 1, "retries_requested": 0, "status": "PUBLISHED", "task_id": "crypto:TASK-02bf95b3940c9a226f8a9ae2a37a11a3"}, "proposal_id": "cain:E2E-01", "reason_code": "ALLOWED", "receipt_sha256": "d364ff5a3e2d04c1d3032650a6d7a73088ee668bc2a361792e2e481b76ecccb4", "source": "operator", "task_id": "crypto:TASK-02bf95b3940c9a226f8a9ae2a37a11a3"}], "inbox": [{"class": "TERMINAL_RESULT", "fact_id": "fact:503b5cd5bf81450cb02aa7a7ed4650d1", "payload_sha256": "546b836027d53af77c9a255826b3f990d0af03bda9ac63089dd0f74ed24742bf", "status": "RESULT", "task_id": "crypto:TASK-02bf95b3940c9a226f8a9ae2a37a11a3"}], "memory": {"broken_at": null, "entries": 1, "head": "2b49a0487e5545a7cb016ff2340e17f3577d5426a49fb8a4abaa18243612f4df", "head_recorded_at": "2026-09-28T16:58:49.996328Z", "projection": "consistent", "status": "intact"}, "rejections": []}
--- exit 0
### propose fault=None
{"decision": "ALLOW", "episode_id": "crypto:episode-1", "reason_code": "ALLOWED", "receipt_sha256": "d364ff5a3e2d04c1d3032650a6d7a73088ee668bc2a361792e2e481b76ecccb4", "rule": "R14", "status": "RECORDED", "task": {"payload_sha256": "5fe20eb7b93d743530485cae313699a24e6bde31926371024ff20b8d3ef89beb", "previous_task_id": null, "task_id": "crypto:TASK-02bf95b3940c9a226f8a9ae2a37a11a3"}}
--- exit 0
### dispatch fault=None
{"action": "dispatched", "file": "crypto/tasks/TASK-02bf95b3940c9a226f8a9ae2a37a11a3.json", "spool": "WRITTEN", "task_id": "crypto:TASK-02bf95b3940c9a226f8a9ae2a37a11a3"}
--- exit 0
### before_domain 3 consumer A fault=before_domain
--- exit 86
### before_domain 3 consumer B fault=None
{"action": "delivered", "attempt": 2, "class": "TERMINAL_RESULT", "episode_id": "crypto:episode-1", "result_file": "crypto/results/TASK-02bf95b3940c9a226f8a9ae2a37a11a3.ff4fbcccad2af6df.json", "result_write": "WRITTEN", "status": "RESULT", "task_id": "crypto:TASK-02bf95b3940c9a226f8a9ae2a37a11a3"}
{"duration_ms": 407, "event": "job_finished", "job_id": "crypto-research-159fdfb2ad2ccd8f8d612a36", "level": "INFO", "run_id": "00aeb80b133940759ec3eaa7ce2c7ed1", "run_status": "SUCCEEDED", "service": "predictor_ops", "timestamp": "2026-09-28T16:58:51.646134Z"}
--- exit 0
### ingest fault=None
{"action": "ingested", "class": "TERMINAL_RESULT", "fact": "fact:e722642295934770859459cf098aaa74", "file": "TASK-02bf95b3940c9a226f8a9ae2a37a11a3.ff4fbcccad2af6df.json", "status": "RESULT", "task_id": "crypto:TASK-02bf95b3940c9a226f8a9ae2a37a11a3"}
--- exit 0
### episodes fault=None
{"domain": "crypto", "episodes": [{"as_of": "2026-09-29T12:00:00Z", "decision": "ALLOW", "number": 1, "outbox": {"dispatches": 1, "retries_requested": 0, "status": "PUBLISHED", "task_id": "crypto:TASK-02bf95b3940c9a226f8a9ae2a37a11a3"}, "proposal_id": "cain:E2E-01", "reason_code": "ALLOWED", "receipt_sha256": "d364ff5a3e2d04c1d3032650a6d7a73088ee668bc2a361792e2e481b76ecccb4", "source": "operator", "task_id": "crypto:TASK-02bf95b3940c9a226f8a9ae2a37a11a3"}], "inbox": [{"class": "TERMINAL_RESULT", "fact_id": "fact:e722642295934770859459cf098aaa74", "payload_sha256": "16baa73b6d362fc213816b457b8a5d765fc53cfe3f5fad5d58a18827a6d2ebaf", "status": "RESULT", "task_id": "crypto:TASK-02bf95b3940c9a226f8a9ae2a37a11a3"}], "memory": {"broken_at": null, "entries": 1, "head": "2396c932ff5bb0a933e89ea9735c81314cd4eaf33a54d9d2ff6d106bdbe7dae1", "head_recorded_at": "2026-09-28T16:58:51.918552Z", "projection": "consistent", "status": "intact"}, "rejections": []}
--- exit 0
### propose fault=None
{"decision": "ALLOW", "episode_id": "crypto:episode-1", "reason_code": "ALLOWED", "receipt_sha256": "d364ff5a3e2d04c1d3032650a6d7a73088ee668bc2a361792e2e481b76ecccb4", "rule": "R14", "status": "RECORDED", "task": {"payload_sha256": "5fe20eb7b93d743530485cae313699a24e6bde31926371024ff20b8d3ef89beb", "previous_task_id": null, "task_id": "crypto:TASK-02bf95b3940c9a226f8a9ae2a37a11a3"}}
--- exit 0
### dispatch fault=None
{"action": "dispatched", "file": "crypto/tasks/TASK-02bf95b3940c9a226f8a9ae2a37a11a3.json", "spool": "WRITTEN", "task_id": "crypto:TASK-02bf95b3940c9a226f8a9ae2a37a11a3"}
--- exit 0
### after_domain_before_result_write 1 consumer A fault=after_domain_before_result_write
{"duration_ms": 427, "event": "job_finished", "job_id": "crypto-research-159fdfb2ad2ccd8f8d612a36", "level": "INFO", "run_id": "76fb26136ea541289a942fda9c7c0837", "run_status": "SUCCEEDED", "service": "predictor_ops", "timestamp": "2026-09-28T16:58:53.329672Z"}
--- exit 86
### after_domain_before_result_write 1 consumer B fault=None
{"action": "delivered", "attempt": 2, "class": "TERMINAL_RESULT", "episode_id": "crypto:episode-1", "result_file": "crypto/results/TASK-02bf95b3940c9a226f8a9ae2a37a11a3.d908eff61c912215.json", "result_write": "WRITTEN", "status": "DUPLICATE", "task_id": "crypto:TASK-02bf95b3940c9a226f8a9ae2a37a11a3"}
--- exit 0
### ingest fault=None
{"action": "ingested", "class": "TERMINAL_RESULT", "fact": "fact:943e1daaf76d4115abd5e81b3ae9d6dc", "file": "TASK-02bf95b3940c9a226f8a9ae2a37a11a3.d908eff61c912215.json", "status": "DUPLICATE", "task_id": "crypto:TASK-02bf95b3940c9a226f8a9ae2a37a11a3"}
--- exit 0
### episodes fault=None
{"domain": "crypto", "episodes": [{"as_of": "2026-09-29T12:00:00Z", "decision": "ALLOW", "number": 1, "outbox": {"dispatches": 1, "retries_requested": 0, "status": "PUBLISHED", "task_id": "crypto:TASK-02bf95b3940c9a226f8a9ae2a37a11a3"}, "proposal_id": "cain:E2E-01", "reason_code": "ALLOWED", "receipt_sha256": "d364ff5a3e2d04c1d3032650a6d7a73088ee668bc2a361792e2e481b76ecccb4", "source": "operator", "task_id": "crypto:TASK-02bf95b3940c9a226f8a9ae2a37a11a3"}], "inbox": [{"class": "TERMINAL_RESULT", "fact_id": "fact:943e1daaf76d4115abd5e81b3ae9d6dc", "payload_sha256": "a7b39af9e8d61b3f3766208dfc9065c43d2d9e370be5c4c886bccf295fc9f2a6", "status": "DUPLICATE", "task_id": "crypto:TASK-02bf95b3940c9a226f8a9ae2a37a11a3"}], "memory": {"broken_at": null, "entries": 1, "head": "7513d8c7ee010ccc04024929b61b2d092ffdd8215beea9c8738d5238f0ff110d", "head_recorded_at": "2026-09-28T16:58:53.850991Z", "projection": "consistent", "status": "intact"}, "rejections": []}
--- exit 0
### propose fault=None
{"decision": "ALLOW", "episode_id": "crypto:episode-1", "reason_code": "ALLOWED", "receipt_sha256": "d364ff5a3e2d04c1d3032650a6d7a73088ee668bc2a361792e2e481b76ecccb4", "rule": "R14", "status": "RECORDED", "task": {"payload_sha256": "5fe20eb7b93d743530485cae313699a24e6bde31926371024ff20b8d3ef89beb", "previous_task_id": null, "task_id": "crypto:TASK-02bf95b3940c9a226f8a9ae2a37a11a3"}}
--- exit 0
### dispatch fault=None
{"action": "dispatched", "file": "crypto/tasks/TASK-02bf95b3940c9a226f8a9ae2a37a11a3.json", "spool": "WRITTEN", "task_id": "crypto:TASK-02bf95b3940c9a226f8a9ae2a37a11a3"}
--- exit 0
### after_domain_before_result_write 2 consumer A fault=after_domain_before_result_write
{"duration_ms": 404, "event": "job_finished", "job_id": "crypto-research-159fdfb2ad2ccd8f8d612a36", "level": "INFO", "run_id": "59c15e5b0b2a4bfe91536f0f5f67ed38", "run_status": "SUCCEEDED", "service": "predictor_ops", "timestamp": "2026-09-28T16:58:55.244291Z"}
--- exit 86
### after_domain_before_result_write 2 consumer B fault=None
{"action": "delivered", "attempt": 2, "class": "TERMINAL_RESULT", "episode_id": "crypto:episode-1", "result_file": "crypto/results/TASK-02bf95b3940c9a226f8a9ae2a37a11a3.d57fed8ad549582c.json", "result_write": "WRITTEN", "status": "DUPLICATE", "task_id": "crypto:TASK-02bf95b3940c9a226f8a9ae2a37a11a3"}
--- exit 0
### ingest fault=None
{"action": "ingested", "class": "TERMINAL_RESULT", "fact": "fact:06775deb25dd482f99a51cae46b358bb", "file": "TASK-02bf95b3940c9a226f8a9ae2a37a11a3.d57fed8ad549582c.json", "status": "DUPLICATE", "task_id": "crypto:TASK-02bf95b3940c9a226f8a9ae2a37a11a3"}
--- exit 0
### episodes fault=None
{"domain": "crypto", "episodes": [{"as_of": "2026-09-29T12:00:00Z", "decision": "ALLOW", "number": 1, "outbox": {"dispatches": 1, "retries_requested": 0, "status": "PUBLISHED", "task_id": "crypto:TASK-02bf95b3940c9a226f8a9ae2a37a11a3"}, "proposal_id": "cain:E2E-01", "reason_code": "ALLOWED", "receipt_sha256": "d364ff5a3e2d04c1d3032650a6d7a73088ee668bc2a361792e2e481b76ecccb4", "source": "operator", "task_id": "crypto:TASK-02bf95b3940c9a226f8a9ae2a37a11a3"}], "inbox": [{"class": "TERMINAL_RESULT", "fact_id": "fact:06775deb25dd482f99a51cae46b358bb", "payload_sha256": "8420eca814c48c3acbe7bd77c1ffd1bc75137981307c63ea5da03ff07d1bed72", "status": "DUPLICATE", "task_id": "crypto:TASK-02bf95b3940c9a226f8a9ae2a37a11a3"}], "memory": {"broken_at": null, "entries": 1, "head": "fccb2e4a2cb7b1ce031ed01a16f6a79d1cb74d3ecab29a6a4b1e91d7eab2b96f", "head_recorded_at": "2026-09-28T16:58:55.765805Z", "projection": "consistent", "status": "intact"}, "rejections": []}
--- exit 0
### propose fault=None
{"decision": "ALLOW", "episode_id": "crypto:episode-1", "reason_code": "ALLOWED", "receipt_sha256": "d364ff5a3e2d04c1d3032650a6d7a73088ee668bc2a361792e2e481b76ecccb4", "rule": "R14", "status": "RECORDED", "task": {"payload_sha256": "5fe20eb7b93d743530485cae313699a24e6bde31926371024ff20b8d3ef89beb", "previous_task_id": null, "task_id": "crypto:TASK-02bf95b3940c9a226f8a9ae2a37a11a3"}}
--- exit 0
### dispatch fault=None
{"action": "dispatched", "file": "crypto/tasks/TASK-02bf95b3940c9a226f8a9ae2a37a11a3.json", "spool": "WRITTEN", "task_id": "crypto:TASK-02bf95b3940c9a226f8a9ae2a37a11a3"}
--- exit 0
### after_domain_before_result_write 3 consumer A fault=after_domain_before_result_write
{"duration_ms": 411, "event": "job_finished", "job_id": "crypto-research-159fdfb2ad2ccd8f8d612a36", "level": "INFO", "run_id": "617f77a89789468a8f77912dd11e3b6e", "run_status": "SUCCEEDED", "service": "predictor_ops", "timestamp": "2026-09-28T16:58:57.190370Z"}
--- exit 86
### after_domain_before_result_write 3 consumer B fault=None
{"action": "delivered", "attempt": 2, "class": "TERMINAL_RESULT", "episode_id": "crypto:episode-1", "result_file": "crypto/results/TASK-02bf95b3940c9a226f8a9ae2a37a11a3.5d8c123acf92ed94.json", "result_write": "WRITTEN", "status": "DUPLICATE", "task_id": "crypto:TASK-02bf95b3940c9a226f8a9ae2a37a11a3"}
--- exit 0
### ingest fault=None
{"action": "ingested", "class": "TERMINAL_RESULT", "fact": "fact:87bb23404a1b43db8c72b570410d849f", "file": "TASK-02bf95b3940c9a226f8a9ae2a37a11a3.5d8c123acf92ed94.json", "status": "DUPLICATE", "task_id": "crypto:TASK-02bf95b3940c9a226f8a9ae2a37a11a3"}
--- exit 0
### episodes fault=None
{"domain": "crypto", "episodes": [{"as_of": "2026-09-29T12:00:00Z", "decision": "ALLOW", "number": 1, "outbox": {"dispatches": 1, "retries_requested": 0, "status": "PUBLISHED", "task_id": "crypto:TASK-02bf95b3940c9a226f8a9ae2a37a11a3"}, "proposal_id": "cain:E2E-01", "reason_code": "ALLOWED", "receipt_sha256": "d364ff5a3e2d04c1d3032650a6d7a73088ee668bc2a361792e2e481b76ecccb4", "source": "operator", "task_id": "crypto:TASK-02bf95b3940c9a226f8a9ae2a37a11a3"}], "inbox": [{"class": "TERMINAL_RESULT", "fact_id": "fact:87bb23404a1b43db8c72b570410d849f", "payload_sha256": "13010481f741dff06cd41cafb4cfbf705c2c7fda43e05d8f0282c36e700371d2", "status": "DUPLICATE", "task_id": "crypto:TASK-02bf95b3940c9a226f8a9ae2a37a11a3"}], "memory": {"broken_at": null, "entries": 1, "head": "1084dc95c8f672333b5233b4f6a3932f837a4a88cc97f1cbd1214c156fd5b39c", "head_recorded_at": "2026-09-28T16:58:57.721306Z", "projection": "consistent", "status": "intact"}, "rejections": []}
--- exit 0
### propose fault=None
{"decision": "ALLOW", "episode_id": "crypto:episode-1", "reason_code": "ALLOWED", "receipt_sha256": "d364ff5a3e2d04c1d3032650a6d7a73088ee668bc2a361792e2e481b76ecccb4", "rule": "R14", "status": "RECORDED", "task": {"payload_sha256": "5fe20eb7b93d743530485cae313699a24e6bde31926371024ff20b8d3ef89beb", "previous_task_id": null, "task_id": "crypto:TASK-02bf95b3940c9a226f8a9ae2a37a11a3"}}
--- exit 0
### dispatch fault=None
{"action": "dispatched", "file": "crypto/tasks/TASK-02bf95b3940c9a226f8a9ae2a37a11a3.json", "spool": "WRITTEN", "task_id": "crypto:TASK-02bf95b3940c9a226f8a9ae2a37a11a3"}
--- exit 0
### after_result_write 1 consumer A fault=after_result_write
{"duration_ms": 403, "event": "job_finished", "job_id": "crypto-research-159fdfb2ad2ccd8f8d612a36", "level": "INFO", "run_id": "6f25c5e277f4413b926fd0b3b5053109", "run_status": "SUCCEEDED", "service": "predictor_ops", "timestamp": "2026-09-28T16:58:59.133553Z"}
--- exit 86
### after_result_write 1 consumer B fault=None
{"action": "delivered", "attempt": 2, "class": "TERMINAL_RESULT", "episode_id": "crypto:episode-1", "result_file": "crypto/results/TASK-02bf95b3940c9a226f8a9ae2a37a11a3.74a4d01f739b03e8.json", "result_write": "WRITTEN", "status": "DUPLICATE", "task_id": "crypto:TASK-02bf95b3940c9a226f8a9ae2a37a11a3"}
--- exit 0
### ingest fault=None
{"action": "ingested", "class": "TERMINAL_RESULT", "fact": "fact:191fffa7bc3a42b7b91366a40d14d06c", "file": "TASK-02bf95b3940c9a226f8a9ae2a37a11a3.2015bfeac3a8d944.json", "status": "RESULT", "task_id": "crypto:TASK-02bf95b3940c9a226f8a9ae2a37a11a3"}
{"action": "ingested", "class": "TERMINAL_RESULT", "fact": "fact:191fffa7bc3a42b7b91366a40d14d06c", "file": "TASK-02bf95b3940c9a226f8a9ae2a37a11a3.74a4d01f739b03e8.json", "status": "DUPLICATE", "task_id": "crypto:TASK-02bf95b3940c9a226f8a9ae2a37a11a3"}
--- exit 0
### episodes fault=None
{"domain": "crypto", "episodes": [{"as_of": "2026-09-29T12:00:00Z", "decision": "ALLOW", "number": 1, "outbox": {"dispatches": 1, "retries_requested": 0, "status": "PUBLISHED", "task_id": "crypto:TASK-02bf95b3940c9a226f8a9ae2a37a11a3"}, "proposal_id": "cain:E2E-01", "reason_code": "ALLOWED", "receipt_sha256": "d364ff5a3e2d04c1d3032650a6d7a73088ee668bc2a361792e2e481b76ecccb4", "source": "operator", "task_id": "crypto:TASK-02bf95b3940c9a226f8a9ae2a37a11a3"}], "inbox": [{"class": "TERMINAL_RESULT", "fact_id": "fact:191fffa7bc3a42b7b91366a40d14d06c", "payload_sha256": "a564680beba9f0563a908150da36fe84b42320b489173047b3964ae44d4b57c2", "status": "RESULT", "task_id": "crypto:TASK-02bf95b3940c9a226f8a9ae2a37a11a3"}, {"class": "TERMINAL_RESULT", "fact_id": "fact:191fffa7bc3a42b7b91366a40d14d06c", "payload_sha256": "a564680beba9f0563a908150da36fe84b42320b489173047b3964ae44d4b57c2", "status": "DUPLICATE", "task_id": "crypto:TASK-02bf95b3940c9a226f8a9ae2a37a11a3"}], "memory": {"broken_at": null, "entries": 1, "head": "89fd37e02ed2e1a26b7e327b72b8905b412bff1027a8bde475af79ea01354696", "head_recorded_at": "2026-09-28T16:58:59.658582Z", "projection": "consistent", "status": "intact"}, "rejections": []}
--- exit 0
### propose fault=None
{"decision": "ALLOW", "episode_id": "crypto:episode-1", "reason_code": "ALLOWED", "receipt_sha256": "d364ff5a3e2d04c1d3032650a6d7a73088ee668bc2a361792e2e481b76ecccb4", "rule": "R14", "status": "RECORDED", "task": {"payload_sha256": "5fe20eb7b93d743530485cae313699a24e6bde31926371024ff20b8d3ef89beb", "previous_task_id": null, "task_id": "crypto:TASK-02bf95b3940c9a226f8a9ae2a37a11a3"}}
--- exit 0
### dispatch fault=None
{"action": "dispatched", "file": "crypto/tasks/TASK-02bf95b3940c9a226f8a9ae2a37a11a3.json", "spool": "WRITTEN", "task_id": "crypto:TASK-02bf95b3940c9a226f8a9ae2a37a11a3"}
--- exit 0
### after_result_write 2 consumer A fault=after_result_write
{"duration_ms": 418, "event": "job_finished", "job_id": "crypto-research-159fdfb2ad2ccd8f8d612a36", "level": "INFO", "run_id": "342f977a473b44cea25dfb17cd5fe2e9", "run_status": "SUCCEEDED", "service": "predictor_ops", "timestamp": "2026-09-28T16:59:01.109052Z"}
--- exit 86
### after_result_write 2 consumer B fault=None
{"action": "delivered", "attempt": 2, "class": "TERMINAL_RESULT", "episode_id": "crypto:episode-1", "result_file": "crypto/results/TASK-02bf95b3940c9a226f8a9ae2a37a11a3.daa6bc628fc32b5d.json", "result_write": "WRITTEN", "status": "DUPLICATE", "task_id": "crypto:TASK-02bf95b3940c9a226f8a9ae2a37a11a3"}
--- exit 0
### ingest fault=None
{"action": "ingested", "class": "TERMINAL_RESULT", "fact": "fact:dff4ce6fb4cd4d14b3ac8533de4676a0", "file": "TASK-02bf95b3940c9a226f8a9ae2a37a11a3.39b544fdd782abfa.json", "status": "RESULT", "task_id": "crypto:TASK-02bf95b3940c9a226f8a9ae2a37a11a3"}
{"action": "ingested", "class": "TERMINAL_RESULT", "fact": "fact:dff4ce6fb4cd4d14b3ac8533de4676a0", "file": "TASK-02bf95b3940c9a226f8a9ae2a37a11a3.daa6bc628fc32b5d.json", "status": "DUPLICATE", "task_id": "crypto:TASK-02bf95b3940c9a226f8a9ae2a37a11a3"}
--- exit 0
### episodes fault=None
{"domain": "crypto", "episodes": [{"as_of": "2026-09-29T12:00:00Z", "decision": "ALLOW", "number": 1, "outbox": {"dispatches": 1, "retries_requested": 0, "status": "PUBLISHED", "task_id": "crypto:TASK-02bf95b3940c9a226f8a9ae2a37a11a3"}, "proposal_id": "cain:E2E-01", "reason_code": "ALLOWED", "receipt_sha256": "d364ff5a3e2d04c1d3032650a6d7a73088ee668bc2a361792e2e481b76ecccb4", "source": "operator", "task_id": "crypto:TASK-02bf95b3940c9a226f8a9ae2a37a11a3"}], "inbox": [{"class": "TERMINAL_RESULT", "fact_id": "fact:dff4ce6fb4cd4d14b3ac8533de4676a0", "payload_sha256": "c2eb740f03ea394b31a01886105c00d8498ac86e6aeea1603d98d11a66395185", "status": "RESULT", "task_id": "crypto:TASK-02bf95b3940c9a226f8a9ae2a37a11a3"}, {"class": "TERMINAL_RESULT", "fact_id": "fact:dff4ce6fb4cd4d14b3ac8533de4676a0", "payload_sha256": "c2eb740f03ea394b31a01886105c00d8498ac86e6aeea1603d98d11a66395185", "status": "DUPLICATE", "task_id": "crypto:TASK-02bf95b3940c9a226f8a9ae2a37a11a3"}], "memory": {"broken_at": null, "entries": 1, "head": "4829c5b437b21d25db210c5f1923e8ec36b3c8709438b18d012c9836ad725b3e", "head_recorded_at": "2026-09-28T16:59:01.640035Z", "projection": "consistent", "status": "intact"}, "rejections": []}
--- exit 0
### propose fault=None
{"decision": "ALLOW", "episode_id": "crypto:episode-1", "reason_code": "ALLOWED", "receipt_sha256": "d364ff5a3e2d04c1d3032650a6d7a73088ee668bc2a361792e2e481b76ecccb4", "rule": "R14", "status": "RECORDED", "task": {"payload_sha256": "5fe20eb7b93d743530485cae313699a24e6bde31926371024ff20b8d3ef89beb", "previous_task_id": null, "task_id": "crypto:TASK-02bf95b3940c9a226f8a9ae2a37a11a3"}}
--- exit 0
### dispatch fault=None
{"action": "dispatched", "file": "crypto/tasks/TASK-02bf95b3940c9a226f8a9ae2a37a11a3.json", "spool": "WRITTEN", "task_id": "crypto:TASK-02bf95b3940c9a226f8a9ae2a37a11a3"}
--- exit 0
### after_result_write 3 consumer A fault=after_result_write
{"duration_ms": 428, "event": "job_finished", "job_id": "crypto-research-159fdfb2ad2ccd8f8d612a36", "level": "INFO", "run_id": "ce72a4f39beb4af5b7363579e897ccd1", "run_status": "SUCCEEDED", "service": "predictor_ops", "timestamp": "2026-09-28T16:59:03.088668Z"}
--- exit 86
### after_result_write 3 consumer B fault=None
{"action": "delivered", "attempt": 2, "class": "TERMINAL_RESULT", "episode_id": "crypto:episode-1", "result_file": "crypto/results/TASK-02bf95b3940c9a226f8a9ae2a37a11a3.363c5791fe681f2a.json", "result_write": "WRITTEN", "status": "DUPLICATE", "task_id": "crypto:TASK-02bf95b3940c9a226f8a9ae2a37a11a3"}
--- exit 0
### ingest fault=None
{"action": "ingested", "class": "TERMINAL_RESULT", "fact": "fact:deb1816388db49bd8ac932ea8f2c7c35", "file": "TASK-02bf95b3940c9a226f8a9ae2a37a11a3.363c5791fe681f2a.json", "status": "DUPLICATE", "task_id": "crypto:TASK-02bf95b3940c9a226f8a9ae2a37a11a3"}
{"action": "ingested", "class": "TERMINAL_RESULT", "fact": "fact:deb1816388db49bd8ac932ea8f2c7c35", "file": "TASK-02bf95b3940c9a226f8a9ae2a37a11a3.5b0eb4927dc2c42b.json", "status": "RESULT", "task_id": "crypto:TASK-02bf95b3940c9a226f8a9ae2a37a11a3"}
--- exit 0
### episodes fault=None
{"domain": "crypto", "episodes": [{"as_of": "2026-09-29T12:00:00Z", "decision": "ALLOW", "number": 1, "outbox": {"dispatches": 1, "retries_requested": 0, "status": "PUBLISHED", "task_id": "crypto:TASK-02bf95b3940c9a226f8a9ae2a37a11a3"}, "proposal_id": "cain:E2E-01", "reason_code": "ALLOWED", "receipt_sha256": "d364ff5a3e2d04c1d3032650a6d7a73088ee668bc2a361792e2e481b76ecccb4", "source": "operator", "task_id": "crypto:TASK-02bf95b3940c9a226f8a9ae2a37a11a3"}], "inbox": [{"class": "TERMINAL_RESULT", "fact_id": "fact:deb1816388db49bd8ac932ea8f2c7c35", "payload_sha256": "9ae1491a96383f7d485e6cc9522769514843950872e85ecece025590ffb9dc34", "status": "DUPLICATE", "task_id": "crypto:TASK-02bf95b3940c9a226f8a9ae2a37a11a3"}, {"class": "TERMINAL_RESULT", "fact_id": "fact:deb1816388db49bd8ac932ea8f2c7c35", "payload_sha256": "9ae1491a96383f7d485e6cc9522769514843950872e85ecece025590ffb9dc34", "status": "RESULT", "task_id": "crypto:TASK-02bf95b3940c9a226f8a9ae2a37a11a3"}], "memory": {"broken_at": null, "entries": 1, "head": "da92c6abd418a5e0a764a0d22fc11700489453b0c864780e666d9107953f0fbd", "head_recorded_at": "2026-09-28T16:59:03.613442Z", "projection": "consistent", "status": "intact"}, "rejections": []}
--- exit 0
