run_at 2026-09-28T15:29:14Z commit 6f857b232eaa63f3fccda6a16f92dbfc8983ab3b (diagnóstico local, WSL do PC 2)
gitleaks tar sha256 esperado=9991e0b2903da4c8f6122b5c3186448b927a5da4deef1fe45271c3793f4ee29c obtido=9991e0b2903da4c8f6122b5c3186448b927a5da4deef1fe45271c3793f4ee29c
gitleaks 8.24.3
arquivos rastreados: 1905
=== passo 1: árvore completa do commit
    ○
    │╲
    │ ○
    ○ ░
    ░    gitleaks
[90m12:29PM[0m [32mINF[0m [1mscanned ~205431480 bytes (205.43 MB) in 2.92s[0m
[90m12:29PM[0m [32mINF[0m [1mno leaks found[0m
passo1_exit 0 achados=0
=== passo 2: controle (token sintético em stocks_predictor/trials_gate.py)
    ○
    │╲
    │ ○
    ○ ░
    ░    gitleaks
[90m12:29PM[0m [32mINF[0m [1mscanned ~205431537 bytes (205.43 MB) in 3.02s[0m
[90m12:29PM[0m [33mWRN[0m [1mleaks found: 1[0m
controle_detectou_token_sintetico True achados=1
passo2_exit 2
RESULTADO PASS
