secrets	UNKNOWN STEP	﻿2026-09-28T00:41:08.0291153Z Current runner version: '2.337.0'
secrets	UNKNOWN STEP	2026-09-28T00:41:08.0319279Z ##[group]Runner Image Provisioner
secrets	UNKNOWN STEP	2026-09-28T00:41:08.0320852Z Hosted Compute Agent
secrets	UNKNOWN STEP	2026-09-28T00:41:08.0321837Z Version: 20260828.587
secrets	UNKNOWN STEP	2026-09-28T00:41:08.0322887Z Commit: abac92662cab4cc7352de4f9f9d2e2419aad9c29
secrets	UNKNOWN STEP	2026-09-28T00:41:08.0324220Z Build Date: 2026-08-28T16:44:25Z
secrets	UNKNOWN STEP	2026-09-28T00:41:08.0325203Z Worker ID: {7d58d6f9-dd7d-4d51-afff-3f3488c6c25c}
secrets	UNKNOWN STEP	2026-09-28T00:41:08.0326365Z Azure Region: westcentralus
secrets	UNKNOWN STEP	2026-09-28T00:41:08.0327251Z ##[endgroup]
secrets	UNKNOWN STEP	2026-09-28T00:41:08.0328755Z ##[group]Operating System
secrets	UNKNOWN STEP	2026-09-28T00:41:08.0329595Z Ubuntu
secrets	UNKNOWN STEP	2026-09-28T00:41:08.0330418Z 24.04.5
secrets	UNKNOWN STEP	2026-09-28T00:41:08.0331144Z LTS
secrets	UNKNOWN STEP	2026-09-28T00:41:08.0331778Z ##[endgroup]
secrets	UNKNOWN STEP	2026-09-28T00:41:08.0332414Z ##[group]Runner Image
secrets	UNKNOWN STEP	2026-09-28T00:41:08.0333436Z Image: ubuntu-24.04
secrets	UNKNOWN STEP	2026-09-28T00:41:08.0334048Z Version: 20260920.314.1
secrets	UNKNOWN STEP	2026-09-28T00:41:08.0335430Z Included Software: https://github.com/actions/runner-images/blob/ubuntu24/20260920.314/images/ubuntu/Ubuntu2404-Readme.md
secrets	UNKNOWN STEP	2026-09-28T00:41:08.0337274Z Image Release: https://github.com/actions/runner-images/releases/tag/ubuntu24%2F20260920.314
secrets	UNKNOWN STEP	2026-09-28T00:41:08.0338389Z ##[endgroup]
secrets	UNKNOWN STEP	2026-09-28T00:41:08.0339561Z ##[group]GITHUB_TOKEN Permissions
secrets	UNKNOWN STEP	2026-09-28T00:41:08.0342044Z Contents: read
secrets	UNKNOWN STEP	2026-09-28T00:41:08.0342727Z Metadata: read
secrets	UNKNOWN STEP	2026-09-28T00:41:08.0343298Z ##[endgroup]
secrets	UNKNOWN STEP	2026-09-28T00:41:08.0346074Z Secret source: Actions
secrets	UNKNOWN STEP	2026-09-28T00:41:08.0347449Z Cache mode: write
secrets	UNKNOWN STEP	2026-09-28T00:41:08.0348899Z Prepare workflow directory
secrets	UNKNOWN STEP	2026-09-28T00:41:08.0693200Z Prepare all required actions
secrets	UNKNOWN STEP	2026-09-28T00:41:08.0741648Z Getting action download info
secrets	UNKNOWN STEP	2026-09-28T00:41:08.3841906Z Download action repository 'actions/checkout@3d3c42e5aac5ba805825da76410c181273ba90b1' (SHA:3d3c42e5aac5ba805825da76410c181273ba90b1)
secrets	UNKNOWN STEP	2026-09-28T00:41:08.4828616Z Download action repository 'gitleaks/gitleaks-action@e0c47f4f8be36e29cdc102c57e68cb5cbf0e8d1e' (SHA:e0c47f4f8be36e29cdc102c57e68cb5cbf0e8d1e)
secrets	UNKNOWN STEP	2026-09-28T00:41:09.0145321Z Download action repository 'actions/upload-artifact@043fb46d1a93c77aae656e7c1c64a875d1fc6a0a' (SHA:043fb46d1a93c77aae656e7c1c64a875d1fc6a0a)
secrets	UNKNOWN STEP	2026-09-28T00:41:09.1990841Z Complete job name: secrets
secrets	UNKNOWN STEP	2026-09-28T00:41:09.2795006Z ##[group]Run actions/checkout@3d3c42e5aac5ba805825da76410c181273ba90b1
secrets	UNKNOWN STEP	2026-09-28T00:41:09.2796166Z with:
secrets	UNKNOWN STEP	2026-09-28T00:41:09.2796651Z   fetch-depth: 0
secrets	UNKNOWN STEP	2026-09-28T00:41:09.2797482Z   repository: leonardosovienski/stocks-predictor
secrets	UNKNOWN STEP	2026-09-28T00:41:09.2801576Z   token: ***
secrets	UNKNOWN STEP	2026-09-28T00:41:09.2802063Z   ssh-strict: true
secrets	UNKNOWN STEP	2026-09-28T00:41:09.2802556Z   ssh-user: git
secrets	UNKNOWN STEP	2026-09-28T00:41:09.2803051Z   persist-credentials: true
secrets	UNKNOWN STEP	2026-09-28T00:41:09.2803603Z   clean: true
secrets	UNKNOWN STEP	2026-09-28T00:41:09.2804098Z   sparse-checkout-cone-mode: true
secrets	UNKNOWN STEP	2026-09-28T00:41:09.2804669Z   fetch-tags: false
secrets	UNKNOWN STEP	2026-09-28T00:41:09.2805163Z   show-progress: true
secrets	UNKNOWN STEP	2026-09-28T00:41:09.2805687Z   lfs: false
secrets	UNKNOWN STEP	2026-09-28T00:41:09.2806173Z   submodules: false
secrets	UNKNOWN STEP	2026-09-28T00:41:09.2806675Z   set-safe-directory: true
secrets	UNKNOWN STEP	2026-09-28T00:41:09.2807391Z   allow-unsafe-pr-checkout: false
secrets	UNKNOWN STEP	2026-09-28T00:41:09.2808239Z ##[endgroup]
secrets	UNKNOWN STEP	2026-09-28T00:41:09.3849221Z Syncing repository: leonardosovienski/stocks-predictor
secrets	UNKNOWN STEP	2026-09-28T00:41:09.3852274Z ##[group]Getting Git version info
secrets	UNKNOWN STEP	2026-09-28T00:41:09.3853675Z Working directory is '/home/runner/work/stocks-predictor/stocks-predictor'
secrets	UNKNOWN STEP	2026-09-28T00:41:09.3855757Z [command]/usr/bin/git version
secrets	UNKNOWN STEP	2026-09-28T00:41:09.3870869Z git version 2.55.0
secrets	UNKNOWN STEP	2026-09-28T00:41:09.3891185Z ##[endgroup]
secrets	UNKNOWN STEP	2026-09-28T00:41:09.3901748Z Temporarily overriding HOME='/home/runner/work/_temp/7bbfdd52-893b-47fb-a548-ccfc94cb4a38' before making global git config changes
secrets	UNKNOWN STEP	2026-09-28T00:41:09.3904465Z Adding repository directory to the temporary git global config as a safe directory
secrets	UNKNOWN STEP	2026-09-28T00:41:09.3907971Z [command]/usr/bin/git config --global --add safe.directory /home/runner/work/stocks-predictor/stocks-predictor
secrets	UNKNOWN STEP	2026-09-28T00:41:09.3955709Z Deleting the contents of '/home/runner/work/stocks-predictor/stocks-predictor'
secrets	UNKNOWN STEP	2026-09-28T00:41:09.3959872Z ##[group]Determining repository object format
secrets	UNKNOWN STEP	2026-09-28T00:41:09.3962081Z ##[endgroup]
secrets	UNKNOWN STEP	2026-09-28T00:41:09.3963499Z ##[group]Initializing the repository
secrets	UNKNOWN STEP	2026-09-28T00:41:09.3965937Z [command]/usr/bin/git init /home/runner/work/stocks-predictor/stocks-predictor
secrets	UNKNOWN STEP	2026-09-28T00:41:09.4067359Z hint: Using 'master' as the name for the initial branch. This default branch name
secrets	UNKNOWN STEP	2026-09-28T00:41:09.4070020Z hint: will change to "main" in Git 3.0. To configure the initial branch name
secrets	UNKNOWN STEP	2026-09-28T00:41:09.4071958Z hint: to use in all of your new repositories, which will suppress this warning,
secrets	UNKNOWN STEP	2026-09-28T00:41:09.4072851Z hint: call:
secrets	UNKNOWN STEP	2026-09-28T00:41:09.4073314Z hint:
secrets	UNKNOWN STEP	2026-09-28T00:41:09.4074026Z hint: 	git config --global init.defaultBranch <name>
secrets	UNKNOWN STEP	2026-09-28T00:41:09.4074810Z hint:
secrets	UNKNOWN STEP	2026-09-28T00:41:09.4075481Z hint: Names commonly chosen instead of 'master' are 'main', 'trunk' and
secrets	UNKNOWN STEP	2026-09-28T00:41:09.4076512Z hint: 'development'. The just-created branch can be renamed via this command:
secrets	UNKNOWN STEP	2026-09-28T00:41:09.4077807Z hint:
secrets	UNKNOWN STEP	2026-09-28T00:41:09.4078604Z hint: 	git branch -m <name>
secrets	UNKNOWN STEP	2026-09-28T00:41:09.4079337Z hint:
secrets	UNKNOWN STEP	2026-09-28T00:41:09.4080056Z hint: Disable this message with "git config set advice.defaultBranchName false"
secrets	UNKNOWN STEP	2026-09-28T00:41:09.4081550Z Initialized empty Git repository in /home/runner/work/stocks-predictor/stocks-predictor/.git/
secrets	UNKNOWN STEP	2026-09-28T00:41:09.4084299Z [command]/usr/bin/git remote add origin https://github.com/leonardosovienski/stocks-predictor
secrets	UNKNOWN STEP	2026-09-28T00:41:09.4131824Z ##[endgroup]
secrets	UNKNOWN STEP	2026-09-28T00:41:09.4132707Z ##[group]Disabling automatic garbage collection
secrets	UNKNOWN STEP	2026-09-28T00:41:09.4136053Z [command]/usr/bin/git config --local gc.auto 0
secrets	UNKNOWN STEP	2026-09-28T00:41:09.4174357Z ##[endgroup]
secrets	UNKNOWN STEP	2026-09-28T00:41:09.4175731Z ##[group]Setting up auth
secrets	UNKNOWN STEP	2026-09-28T00:41:09.4176372Z Removing SSH command configuration
secrets	UNKNOWN STEP	2026-09-28T00:41:09.4180450Z [command]/usr/bin/git config --local --name-only --get-regexp core\.sshCommand
secrets	UNKNOWN STEP	2026-09-28T00:41:09.4224096Z [command]/usr/bin/git submodule foreach --recursive sh -c "git config --local --name-only --get-regexp 'core\.sshCommand' && git config --local --unset-all 'core.sshCommand' || :"
secrets	UNKNOWN STEP	2026-09-28T00:41:09.4574290Z Removing HTTP extra header
secrets	UNKNOWN STEP	2026-09-28T00:41:09.4581108Z [command]/usr/bin/git config --local --name-only --get-regexp http\.https\:\/\/github\.com\/\.extraheader
secrets	UNKNOWN STEP	2026-09-28T00:41:09.4621940Z [command]/usr/bin/git submodule foreach --recursive sh -c "git config --local --name-only --get-regexp 'http\.https\:\/\/github\.com\/\.extraheader' && git config --local --unset-all 'http.https://github.com/.extraheader' || :"
secrets	UNKNOWN STEP	2026-09-28T00:41:09.4881478Z Removing includeIf entries pointing to credentials config files
secrets	UNKNOWN STEP	2026-09-28T00:41:09.4887279Z [command]/usr/bin/git config --local --name-only --get-regexp ^includeIf\.gitdir:
secrets	UNKNOWN STEP	2026-09-28T00:41:09.4928015Z [command]/usr/bin/git submodule foreach --recursive git config --local --show-origin --name-only --get-regexp remote.origin.url
secrets	UNKNOWN STEP	2026-09-28T00:41:09.5188114Z [command]/usr/bin/git config --file /home/runner/work/_temp/git-credentials-9087db2d-7747-44c2-b97c-60bfbf0fc3ef.config http.https://github.com/.extraheader AUTHORIZATION: basic ***
secrets	UNKNOWN STEP	2026-09-28T00:41:09.5235019Z [command]/usr/bin/git config --local includeIf.gitdir:/home/runner/work/stocks-predictor/stocks-predictor/.git.path /home/runner/work/_temp/git-credentials-9087db2d-7747-44c2-b97c-60bfbf0fc3ef.config
secrets	UNKNOWN STEP	2026-09-28T00:41:09.5272416Z [command]/usr/bin/git config --local includeIf.gitdir:/home/runner/work/stocks-predictor/stocks-predictor/.git/worktrees/*.path /home/runner/work/_temp/git-credentials-9087db2d-7747-44c2-b97c-60bfbf0fc3ef.config
secrets	UNKNOWN STEP	2026-09-28T00:41:09.5313993Z [command]/usr/bin/git config --local includeIf.gitdir:/github/workspace/.git.path /github/runner_temp/git-credentials-9087db2d-7747-44c2-b97c-60bfbf0fc3ef.config
secrets	UNKNOWN STEP	2026-09-28T00:41:09.5352643Z [command]/usr/bin/git config --local includeIf.gitdir:/github/workspace/.git/worktrees/*.path /github/runner_temp/git-credentials-9087db2d-7747-44c2-b97c-60bfbf0fc3ef.config
secrets	UNKNOWN STEP	2026-09-28T00:41:09.5386762Z ##[endgroup]
secrets	UNKNOWN STEP	2026-09-28T00:41:09.5387819Z ##[group]Fetching the repository
secrets	UNKNOWN STEP	2026-09-28T00:41:09.5394099Z [command]/usr/bin/git -c protocol.version=2 fetch --no-tags --prune --no-recurse-submodules origin +refs/heads/*:refs/remotes/origin/* +refs/tags/*:refs/tags/*
secrets	UNKNOWN STEP	2026-09-28T00:41:11.6816401Z From https://github.com/leonardosovienski/stocks-predictor
secrets	UNKNOWN STEP	2026-09-28T00:41:11.6817754Z  * [new branch]      evidence/prompt1-segredos-20260924 -> origin/evidence/prompt1-segredos-20260924
secrets	UNKNOWN STEP	2026-09-28T00:41:11.6818956Z  * [new branch]      evidence/prompt1-segredos-20260924-v2 -> origin/evidence/prompt1-segredos-20260924-v2
secrets	UNKNOWN STEP	2026-09-28T00:41:11.6820128Z  * [new branch]      evidence/prompt2-auditoria-20260924 -> origin/evidence/prompt2-auditoria-20260924
secrets	UNKNOWN STEP	2026-09-28T00:41:11.6821158Z  * [new branch]      feature/cain-findings-20260926 -> origin/feature/cain-findings-20260926
secrets	UNKNOWN STEP	2026-09-28T00:41:11.6821958Z  * [new branch]      feature/prompt3a-pit-protocol-20260924 -> origin/feature/prompt3a-pit-protocol-20260924
secrets	UNKNOWN STEP	2026-09-28T00:41:11.6822778Z  * [new branch]      feature/prompt3b-validation-20260924 -> origin/feature/prompt3b-validation-20260924
secrets	UNKNOWN STEP	2026-09-28T00:41:11.6823630Z  * [new branch]      feature/prompt3c-chronos-20260924 -> origin/feature/prompt3c-chronos-20260924
secrets	UNKNOWN STEP	2026-09-28T00:41:11.6824593Z  * [new branch]      feature/prompt3c-forecast-20260924 -> origin/feature/prompt3c-forecast-20260924
secrets	UNKNOWN STEP	2026-09-28T00:41:11.6825359Z  * [new branch]      feature/prompt4-reassessment-20260924 -> origin/feature/prompt4-reassessment-20260924
secrets	UNKNOWN STEP	2026-09-28T00:41:11.6826114Z  * [new branch]      integration-stocks/adapter-20260927 -> origin/integration-stocks/adapter-20260927
secrets	UNKNOWN STEP	2026-09-28T00:41:11.6826731Z  * [new branch]      main       -> origin/main
secrets	UNKNOWN STEP	2026-09-28T00:41:11.6827641Z  * [new branch]      review/coerencia-20260925 -> origin/review/coerencia-20260925
secrets	UNKNOWN STEP	2026-09-28T00:41:11.6828381Z  * [new tag]         v0.2.0     -> v0.2.0
secrets	UNKNOWN STEP	2026-09-28T00:41:11.6828982Z  * [new tag]         v0.3.0rc1  -> v0.3.0rc1
secrets	UNKNOWN STEP	2026-09-28T00:41:11.6829400Z  * [new tag]         v0.3.0rc2  -> v0.3.0rc2
secrets	UNKNOWN STEP	2026-09-28T00:41:11.6830985Z [command]/usr/bin/git branch --list --remote origin/integration-stocks/adapter-20260927
secrets	UNKNOWN STEP	2026-09-28T00:41:11.6860808Z   origin/integration-stocks/adapter-20260927
secrets	UNKNOWN STEP	2026-09-28T00:41:11.6869856Z [command]/usr/bin/git rev-parse refs/remotes/origin/integration-stocks/adapter-20260927
secrets	UNKNOWN STEP	2026-09-28T00:41:11.6899326Z 6f857b232eaa63f3fccda6a16f92dbfc8983ab3b
secrets	UNKNOWN STEP	2026-09-28T00:41:11.6903439Z ##[endgroup]
secrets	UNKNOWN STEP	2026-09-28T00:41:11.6903934Z ##[group]Determining the checkout info
secrets	UNKNOWN STEP	2026-09-28T00:41:11.6905213Z ##[endgroup]
secrets	UNKNOWN STEP	2026-09-28T00:41:11.6909353Z [command]/usr/bin/git sparse-checkout disable
secrets	UNKNOWN STEP	2026-09-28T00:41:11.6968631Z [command]/usr/bin/git config --local --unset-all extensions.worktreeConfig
secrets	UNKNOWN STEP	2026-09-28T00:41:11.7006256Z ##[group]Checking out the ref
secrets	UNKNOWN STEP	2026-09-28T00:41:11.7011603Z [command]/usr/bin/git checkout --progress --force -B integration-stocks/adapter-20260927 refs/remotes/origin/integration-stocks/adapter-20260927
secrets	UNKNOWN STEP	2026-09-28T00:41:12.2102342Z Switched to a new branch 'integration-stocks/adapter-20260927'
secrets	UNKNOWN STEP	2026-09-28T00:41:12.2106014Z branch 'integration-stocks/adapter-20260927' set up to track 'origin/integration-stocks/adapter-20260927'.
secrets	UNKNOWN STEP	2026-09-28T00:41:12.2139272Z ##[endgroup]
secrets	UNKNOWN STEP	2026-09-28T00:41:12.2201446Z [command]/usr/bin/git log -1 --format=%H
secrets	UNKNOWN STEP	2026-09-28T00:41:12.2239457Z 6f857b232eaa63f3fccda6a16f92dbfc8983ab3b
secrets	UNKNOWN STEP	2026-09-28T00:41:12.2478205Z ##[group]Run gitleaks/gitleaks-action@e0c47f4f8be36e29cdc102c57e68cb5cbf0e8d1e
secrets	UNKNOWN STEP	2026-09-28T00:41:12.2478649Z env:
secrets	UNKNOWN STEP	2026-09-28T00:41:12.2481145Z   GITHUB_TOKEN: ***
secrets	UNKNOWN STEP	2026-09-28T00:41:12.2481398Z   GITLEAKS_VERSION: 8.24.3
secrets	UNKNOWN STEP	2026-09-28T00:41:12.2481658Z   GITLEAKS_ENABLE_COMMENTS: false
secrets	UNKNOWN STEP	2026-09-28T00:41:12.2481914Z ##[endgroup]
secrets	UNKNOWN STEP	2026-09-28T00:41:12.4217943Z (node:2312) [DEP0040] DeprecationWarning: The `punycode` module is deprecated. Please use a userland alternative instead.
secrets	UNKNOWN STEP	2026-09-28T00:41:12.4218673Z (Use `node --trace-deprecation ...` to show where the warning was created)
secrets	UNKNOWN STEP	2026-09-28T00:41:12.4341901Z (node:2312) [DEP0169] DeprecationWarning: `url.parse()` behavior is not standardized and prone to errors that have security implications. Use the WHATWG URL API instead. CVEs are not issued for `url.parse()` vulnerabilities.
secrets	UNKNOWN STEP	2026-09-28T00:41:12.7594858Z [leonardosovienski] is an individual user. No license key is required.
secrets	UNKNOWN STEP	2026-09-28T00:41:12.7595601Z gitleaks version: 8.24.3
secrets	UNKNOWN STEP	2026-09-28T00:41:12.7597501Z Version to install: 8.24.3 (target directory: /tmp/gitleaks-8.24.3)
secrets	UNKNOWN STEP	2026-09-28T00:41:12.9302499Z Cache hit for: gitleaks-cache-8.24.3-linux-x64
secrets	UNKNOWN STEP	2026-09-28T00:41:13.8159217Z Received 5712917 of 5712917 (100.0%), 8.1 MBs/sec
secrets	UNKNOWN STEP	2026-09-28T00:41:13.8161139Z Cache Size: ~5 MB (5712917 B)
secrets	UNKNOWN STEP	2026-09-28T00:41:13.8190539Z [command]/usr/bin/tar -xf /home/runner/work/_temp/a0747edc-cca6-4657-8958-ebe6c4df0a69/cache.tzst -P -C /home/runner/work/stocks-predictor/stocks-predictor --use-compress-program unzstd
secrets	UNKNOWN STEP	2026-09-28T00:41:13.8555251Z Cache restored successfully
secrets	UNKNOWN STEP	2026-09-28T00:41:13.8561415Z Gitleaks restored from cache
secrets	UNKNOWN STEP	2026-09-28T00:41:13.8564936Z event type: workflow_dispatch
secrets	UNKNOWN STEP	2026-09-28T00:41:13.8567127Z gitleaks cmd: gitleaks detect --redact -v --exit-code=2 --report-format=sarif --report-path=results.sarif --log-level=debug
secrets	UNKNOWN STEP	2026-09-28T00:41:13.8581400Z [command]/tmp/gitleaks-8.24.3/gitleaks detect --redact -v --exit-code=2 --report-format=sarif --report-path=results.sarif --log-level=debug
secrets	UNKNOWN STEP	2026-09-28T00:41:14.1259470Z 
secrets	UNKNOWN STEP	2026-09-28T00:41:14.1260088Z     ○
secrets	UNKNOWN STEP	2026-09-28T00:41:14.1260408Z     │╲
secrets	UNKNOWN STEP	2026-09-28T00:41:14.1260630Z     │ ○
secrets	UNKNOWN STEP	2026-09-28T00:41:14.1260851Z     ○ ░
secrets	UNKNOWN STEP	2026-09-28T00:41:14.1261234Z     ░    gitleaks
secrets	UNKNOWN STEP	2026-09-28T00:41:14.1331965Z 
secrets	UNKNOWN STEP	2026-09-28T00:41:14.1337526Z ^[[90m12:41AM^[[0m DBG using github.com/wasilibs/go-re2 regex engine
secrets	UNKNOWN STEP	2026-09-28T00:41:14.1338609Z ^[[90m12:41AM^[[0m DBG using existing gitleaks config .gitleaks.toml from `(--source)/.gitleaks.toml`
secrets	UNKNOWN STEP	2026-09-28T00:41:14.2632736Z ^[[90m12:41AM^[[0m DBG extending config with default config
secrets	UNKNOWN STEP	2026-09-28T00:41:14.2640194Z ^[[90m12:41AM^[[0m DBG found .gitleaksignore file: .gitleaksignore
secrets	UNKNOWN STEP	2026-09-28T00:41:14.2641000Z ^[[90m12:41AM^[[0m DBG found .gitleaksignore file: .gitleaksignore
secrets	UNKNOWN STEP	2026-09-28T00:41:14.2642995Z ^[[90m12:41AM^[[0m DBG executing: /usr/bin/git -C . log -p -U0 --full-history --all
secrets	UNKNOWN STEP	2026-09-28T00:41:14.2698558Z ^[[90m12:41AM^[[0m DBG SCM platform parsed from host ^[[36mhost=^[[0mgithub.com ^[[36mplatform=^[[0mgithub
secrets	UNKNOWN STEP	2026-09-28T00:41:14.3650680Z Finding:     ...`from config import H1_FROZEN_KEYS, ^[[1;3;mREDACTED^[[0m` |
secrets	UNKNOWN STEP	2026-09-28T00:41:14.3655894Z Secret:      ^[[1;3;mREDACTED^[[0m
secrets	UNKNOWN STEP	2026-09-28T00:41:14.3659477Z RuleID:      generic-api-key
secrets	UNKNOWN STEP	2026-09-28T00:41:14.3660331Z Entropy:     3.521641
secrets	UNKNOWN STEP	2026-09-28T00:41:14.3675856Z File:        docs/evidence/2026-09-24-prompt1-segredos.md
secrets	UNKNOWN STEP	2026-09-28T00:41:14.3676550Z Line:        57
secrets	UNKNOWN STEP	2026-09-28T00:41:14.3677495Z Commit:      9f7cce367817fe0f91bcac779b2abacd7005a8ce
secrets	UNKNOWN STEP	2026-09-28T00:41:14.3678011Z Author:      leonardosovienski
secrets	UNKNOWN STEP	2026-09-28T00:41:14.3678530Z Email:       86319239+leonardosovienski@users.noreply.github.com
secrets	UNKNOWN STEP	2026-09-28T00:41:14.3679090Z Date:        2026-09-24T16:44:16Z
secrets	UNKNOWN STEP	2026-09-28T00:41:14.3679647Z Fingerprint: 9f7cce367817fe0f91bcac779b2abacd7005a8ce:docs/evidence/2026-09-24-prompt1-segredos.md:generic-api-key:57
secrets	UNKNOWN STEP	2026-09-28T00:41:14.3680781Z Link:        https://github.com/leonardosovienski/stocks-predictor/blob/9f7cce367817fe0f91bcac779b2abacd7005a8ce/docs/evidence/2026-09-24-prompt1-segredos.md?plain=1#L57
secrets	UNKNOWN STEP	2026-09-28T00:41:14.3681944Z 
secrets	UNKNOWN STEP	2026-09-28T00:41:14.9093758Z ^[[90m12:41AM^[[0m DBG skipping finding: fingerprint ^[[36mfinding=^[[0mREDACTED ^[[36mfingerprint=^[[0md57ffa65d8c8a68b70fec87a07744cffa864cb27:docs/engineering/2026-09-10-r8/evidence.json:generic-api-key:156
secrets	UNKNOWN STEP	2026-09-28T00:41:14.9118684Z ^[[90m12:41AM^[[0m DBG skipping finding: fingerprint ^[[36mfinding=^[[0mREDACTED ^[[36mfingerprint=^[[0md57ffa65d8c8a68b70fec87a07744cffa864cb27:docs/engineering/2026-09-10-r8/evidence.json:generic-api-key:173
secrets	UNKNOWN STEP	2026-09-28T00:41:27.7252480Z ^[[90m12:41AM^[[0m DBG skipping finding: fingerprint ^[[36mfinding=^[[0mREDACTED ^[[36mfingerprint=^[[0m3b5e8b1398d9c68d66e74d27cee39b81f5710c19:src/trials_gate.py:generic-api-key:85
secrets	UNKNOWN STEP	2026-09-28T00:41:27.8049396Z ^[[90m12:41AM^[[0m DBG skipping finding: fingerprint ^[[36mfinding=^[[0mREDACTED ^[[36mfingerprint=^[[0m36f83dc9fecd9bd11b29cf837a07b2f1d37a207a:vendor/predictor_core/CORE_MANIFEST.json:generic-api-key:11
secrets	UNKNOWN STEP	2026-09-28T00:41:32.2828328Z ^[[90m12:41AM^[[0m ^[[32mINF^[[0m ^[[1m393 commits scanned.^[[0m
secrets	UNKNOWN STEP	2026-09-28T00:41:32.2829046Z ^[[90m12:41AM^[[0m DBG Note: this number might be smaller than expected due to commits with no additions
secrets	UNKNOWN STEP	2026-09-28T00:41:32.2829877Z ^[[90m12:41AM^[[0m ^[[32mINF^[[0m ^[[1mscanned ~276454864 bytes (276.45 MB) in 18.2s^[[0m
secrets	UNKNOWN STEP	2026-09-28T00:41:32.2830416Z ^[[90m12:41AM^[[0m ^[[33mWRN^[[0m ^[[1mleaks found: 1^[[0m
secrets	UNKNOWN STEP	2026-09-28T00:41:32.2991518Z Artifact name is valid!
secrets	UNKNOWN STEP	2026-09-28T00:41:32.2995751Z Root directory input is valid!
secrets	UNKNOWN STEP	2026-09-28T00:41:32.5972608Z Beginning upload of artifact content to blob storage
secrets	UNKNOWN STEP	2026-09-28T00:41:32.8027036Z Uploaded bytes 7654
secrets	UNKNOWN STEP	2026-09-28T00:41:32.8578131Z Finished uploading artifact content to blob storage!
secrets	UNKNOWN STEP	2026-09-28T00:41:32.8579025Z SHA256 digest of uploaded artifact zip is 01c182c80ff41c2aca6c003aeb3ec85a3d2014ad39091163c167b4ce64cb58d5
secrets	UNKNOWN STEP	2026-09-28T00:41:32.8580800Z Finalizing artifact upload
secrets	UNKNOWN STEP	2026-09-28T00:41:33.1848240Z Artifact gitleaks-results.sarif.zip successfully finalized. Artifact ID 10945789125
secrets	UNKNOWN STEP	2026-09-28T00:41:33.1893577Z ##[warning]🛑 Leaks detected, see job summary for details
secrets	UNKNOWN STEP	2026-09-28T00:41:33.2094124Z ##[group]Run actions/upload-artifact@043fb46d1a93c77aae656e7c1c64a875d1fc6a0a
secrets	UNKNOWN STEP	2026-09-28T00:41:33.2094558Z with:
secrets	UNKNOWN STEP	2026-09-28T00:41:33.2094789Z   name: complete-tree-secrets
secrets	UNKNOWN STEP	2026-09-28T00:41:33.2095296Z   path: /home/runner/work/_temp/stocks-current-tree.sarif
secrets	UNKNOWN STEP	/home/runner/work/_temp/stocks-scan-control.sarif
secrets	UNKNOWN STEP	
secrets	UNKNOWN STEP	2026-09-28T00:41:33.2095813Z   retention-days: 30
secrets	UNKNOWN STEP	2026-09-28T00:41:33.2096058Z   if-no-files-found: error
secrets	UNKNOWN STEP	2026-09-28T00:41:33.2096318Z   compression-level: 6
secrets	UNKNOWN STEP	2026-09-28T00:41:33.2096553Z   overwrite: false
secrets	UNKNOWN STEP	2026-09-28T00:41:33.2096798Z   include-hidden-files: false
secrets	UNKNOWN STEP	2026-09-28T00:41:33.2097257Z   archive: true
secrets	UNKNOWN STEP	2026-09-28T00:41:33.2097482Z ##[endgroup]
secrets	UNKNOWN STEP	2026-09-28T00:41:33.3471044Z Multiple search paths detected. Calculating the least common ancestor of all paths
secrets	UNKNOWN STEP	2026-09-28T00:41:33.3476156Z The least common ancestor is /home/runner/work/_temp. This will be the root directory of the artifact
secrets	UNKNOWN STEP	2026-09-28T00:41:33.3483089Z ##[error]No files were found with the provided path: /home/runner/work/_temp/stocks-current-tree.sarif
secrets	UNKNOWN STEP	/home/runner/work/_temp/stocks-scan-control.sarif. No artifacts will be uploaded.
secrets	UNKNOWN STEP	2026-09-28T00:41:33.3699432Z Post job cleanup.
secrets	UNKNOWN STEP	2026-09-28T00:41:33.4606557Z [command]/usr/bin/git version
secrets	UNKNOWN STEP	2026-09-28T00:41:33.4650065Z git version 2.55.0
secrets	UNKNOWN STEP	2026-09-28T00:41:33.4684598Z Temporarily overriding HOME='/home/runner/work/_temp/5fc08485-f6ca-4be6-b855-108871477758' before making global git config changes
secrets	UNKNOWN STEP	2026-09-28T00:41:33.4686139Z Adding repository directory to the temporary git global config as a safe directory
secrets	UNKNOWN STEP	2026-09-28T00:41:33.4699645Z [command]/usr/bin/git config --global --add safe.directory /home/runner/work/stocks-predictor/stocks-predictor
secrets	UNKNOWN STEP	2026-09-28T00:41:33.4744312Z Removing SSH command configuration
secrets	UNKNOWN STEP	2026-09-28T00:41:33.4746502Z [command]/usr/bin/git config --local --name-only --get-regexp core\.sshCommand
secrets	UNKNOWN STEP	2026-09-28T00:41:33.4783553Z [command]/usr/bin/git submodule foreach --recursive sh -c "git config --local --name-only --get-regexp 'core\.sshCommand' && git config --local --unset-all 'core.sshCommand' || :"
secrets	UNKNOWN STEP	2026-09-28T00:41:33.5055811Z Removing HTTP extra header
secrets	UNKNOWN STEP	2026-09-28T00:41:33.5063570Z [command]/usr/bin/git config --local --name-only --get-regexp http\.https\:\/\/github\.com\/\.extraheader
secrets	UNKNOWN STEP	2026-09-28T00:41:33.5106376Z [command]/usr/bin/git submodule foreach --recursive sh -c "git config --local --name-only --get-regexp 'http\.https\:\/\/github\.com\/\.extraheader' && git config --local --unset-all 'http.https://github.com/.extraheader' || :"
secrets	UNKNOWN STEP	2026-09-28T00:41:33.5381894Z Removing includeIf entries pointing to credentials config files
secrets	UNKNOWN STEP	2026-09-28T00:41:33.5390444Z [command]/usr/bin/git config --local --name-only --get-regexp ^includeIf\.gitdir:
secrets	UNKNOWN STEP	2026-09-28T00:41:33.5427752Z includeif.gitdir:/home/runner/work/stocks-predictor/stocks-predictor/.git.path
secrets	UNKNOWN STEP	2026-09-28T00:41:33.5429417Z includeif.gitdir:/home/runner/work/stocks-predictor/stocks-predictor/.git/worktrees/*.path
secrets	UNKNOWN STEP	2026-09-28T00:41:33.5430439Z includeif.gitdir:/github/workspace/.git.path
secrets	UNKNOWN STEP	2026-09-28T00:41:33.5431227Z includeif.gitdir:/github/workspace/.git/worktrees/*.path
secrets	UNKNOWN STEP	2026-09-28T00:41:33.5437871Z [command]/usr/bin/git config --local --get-all includeif.gitdir:/home/runner/work/stocks-predictor/stocks-predictor/.git.path
secrets	UNKNOWN STEP	2026-09-28T00:41:33.5480481Z /home/runner/work/_temp/git-credentials-9087db2d-7747-44c2-b97c-60bfbf0fc3ef.config
secrets	UNKNOWN STEP	2026-09-28T00:41:33.5484913Z [command]/usr/bin/git config --local --unset includeif.gitdir:/home/runner/work/stocks-predictor/stocks-predictor/.git.path \/home\/runner\/work\/_temp\/git\-credentials\-9087db2d\-7747\-44c2\-b97c\-60bfbf0fc3ef\.config
secrets	UNKNOWN STEP	2026-09-28T00:41:33.5533579Z [command]/usr/bin/git config --local --get-all includeif.gitdir:/home/runner/work/stocks-predictor/stocks-predictor/.git/worktrees/*.path
secrets	UNKNOWN STEP	2026-09-28T00:41:33.5570096Z /home/runner/work/_temp/git-credentials-9087db2d-7747-44c2-b97c-60bfbf0fc3ef.config
secrets	UNKNOWN STEP	2026-09-28T00:41:33.5579685Z [command]/usr/bin/git config --local --unset includeif.gitdir:/home/runner/work/stocks-predictor/stocks-predictor/.git/worktrees/*.path \/home\/runner\/work\/_temp\/git\-credentials\-9087db2d\-7747\-44c2\-b97c\-60bfbf0fc3ef\.config
secrets	UNKNOWN STEP	2026-09-28T00:41:33.5661935Z [command]/usr/bin/git config --local --get-all includeif.gitdir:/github/workspace/.git.path
secrets	UNKNOWN STEP	2026-09-28T00:41:33.5693443Z /github/runner_temp/git-credentials-9087db2d-7747-44c2-b97c-60bfbf0fc3ef.config
secrets	UNKNOWN STEP	2026-09-28T00:41:33.5701625Z [command]/usr/bin/git config --local --unset includeif.gitdir:/github/workspace/.git.path \/github\/runner_temp\/git\-credentials\-9087db2d\-7747\-44c2\-b97c\-60bfbf0fc3ef\.config
secrets	UNKNOWN STEP	2026-09-28T00:41:33.5742056Z [command]/usr/bin/git config --local --get-all includeif.gitdir:/github/workspace/.git/worktrees/*.path
secrets	UNKNOWN STEP	2026-09-28T00:41:33.5772038Z /github/runner_temp/git-credentials-9087db2d-7747-44c2-b97c-60bfbf0fc3ef.config
secrets	UNKNOWN STEP	2026-09-28T00:41:33.5781056Z [command]/usr/bin/git config --local --unset includeif.gitdir:/github/workspace/.git/worktrees/*.path \/github\/runner_temp\/git\-credentials\-9087db2d\-7747\-44c2\-b97c\-60bfbf0fc3ef\.config
secrets	UNKNOWN STEP	2026-09-28T00:41:33.5822717Z [command]/usr/bin/git submodule foreach --recursive git config --local --show-origin --name-only --get-regexp remote.origin.url
secrets	UNKNOWN STEP	2026-09-28T00:41:33.6079999Z Removing credentials config '/home/runner/work/_temp/git-credentials-9087db2d-7747-44c2-b97c-60bfbf0fc3ef.config'
secrets	UNKNOWN STEP	2026-09-28T00:41:33.6270790Z Cleaning up orphan processes
