{"n": 1, "label": "propose 1", "at": "2026-09-27T23:01:11Z", "seconds": 0.13, "argv": ["/home/runner/work/_temp/work/rt/cain-venv/bin/cain", "research", "propose", "--domain", "crypto", "--state", "/home/runner/work/_temp/work/failures/F10/cain-state", "--proposal", "/home/runner/work/_temp/work/failures/F10/proposals/1.json", "--as-of", "2026-09-27T23:01:11Z"], "fault_env": {}, "exit": 0}
--- stdout
{"decision": "ALLOW", "episode_id": "crypto:episode-1", "reason_code": "ALLOWED", "receipt_sha256": "b263fb8e3faad4407738ba5926577e4db34ecc5336677d10e8eed7cef0207100", "rule": "R14", "status": "RECORDED", "task": {"payload_sha256": "ce064b16fa538de60597686adf880d881b14115b153843de12de0d6bd11ba0ed", "previous_task_id": null, "task_id": "crypto:TASK-1f666f0d35938548f5d439a6e3d46a98"}}
--- stderr
--- end
{"n": 2, "label": "dispatch 1", "at": "2026-09-27T23:01:12Z", "seconds": 0.114, "argv": ["/home/runner/work/_temp/work/rt/cain-venv/bin/cain", "research", "dispatch", "--domain", "crypto", "--state", "/home/runner/work/_temp/work/failures/F10/cain-state", "--spool", "/home/runner/work/_temp/work/failures/F10/spool"], "fault_env": {}, "exit": 0}
--- stdout
{"action": "dispatched", "file": "crypto/tasks/TASK-1f666f0d35938548f5d439a6e3d46a98.json", "spool": "WRITTEN", "task_id": "crypto:TASK-1f666f0d35938548f5d439a6e3d46a98"}
--- stderr
--- end
{"n": 3, "label": "consumer 1", "at": "2026-09-27T23:01:12Z", "seconds": 0.427, "argv": ["/home/runner/work/_temp/work/rt/consumer-venv/bin/predictor-research-consumer", "--domain", "crypto", "--spool", "/home/runner/work/_temp/work/failures/F10/spool", "--ledger", "/home/runner/work/_temp/work/failures/F10/consumer/ledger.sqlite", "--state", "/home/runner/work/_temp/work/failures/F10/domain-state", "--policy", "/home/runner/work/_temp/work/rt/op/policy.json", "--objects", "/home/runner/work/_temp/work/rt/op/objects"], "fault_env": {}, "exit": 0}
--- stdout
{"action": "delivered", "attempt": 1, "class": "TERMINAL_RESULT", "episode_id": "crypto:episode-1", "result_file": "crypto/results/TASK-1f666f0d35938548f5d439a6e3d46a98.75139c5e22665fd8.json", "result_write": "WRITTEN", "status": "RESULT", "task_id": "crypto:TASK-1f666f0d35938548f5d439a6e3d46a98"}
--- stderr
{"duration_ms": 206, "event": "job_finished", "job_id": "crypto-research-c8cfa6bb156a72f86909260b", "level": "INFO", "run_id": "0cc995f0c9b34300a1e586d87fb3cd4d", "run_status": "SUCCEEDED", "service": "predictor_ops", "timestamp": "2026-09-27T23:01:12.436894Z"}
--- end
{"n": 4, "label": "ingest 1", "at": "2026-09-27T23:01:12Z", "seconds": 0.122, "argv": ["/home/runner/work/_temp/work/rt/cain-venv/bin/cain", "research", "ingest", "--domain", "crypto", "--state", "/home/runner/work/_temp/work/failures/F10/cain-state", "--spool", "/home/runner/work/_temp/work/failures/F10/spool"], "fault_env": {}, "exit": 0}
--- stdout
{"action": "ingested", "class": "TERMINAL_RESULT", "fact": "fact:d422e945793b43cdafb8c4a870becbf3", "file": "TASK-1f666f0d35938548f5d439a6e3d46a98.75139c5e22665fd8.json", "status": "RESULT", "task_id": "crypto:TASK-1f666f0d35938548f5d439a6e3d46a98"}
--- stderr
--- end
{"n": 5, "label": "propose 2", "at": "2026-09-27T23:01:12Z", "seconds": 0.115, "argv": ["/home/runner/work/_temp/work/rt/cain-venv/bin/cain", "research", "propose", "--domain", "crypto", "--state", "/home/runner/work/_temp/work/failures/F10/cain-state", "--proposal", "/home/runner/work/_temp/work/failures/F10/proposals/2.json", "--as-of", "2026-09-27T23:01:12Z"], "fault_env": {}, "exit": 0}
--- stdout
{"decision": "ALLOW", "episode_id": "crypto:episode-2", "reason_code": "ALLOWED", "receipt_sha256": "05b15b4c5327711e5e3dc4b5d7a21bbacb13c9ae6602bbc6e066624f5333999e", "rule": "R14", "status": "RECORDED", "task": {"payload_sha256": "a38c93f30d71d4c7310235f560be21527e7b8720629cfc79ba855184c44c4fd2", "previous_task_id": "crypto:TASK-1f666f0d35938548f5d439a6e3d46a98", "task_id": "crypto:TASK-fe0d545866305674f36a15ffb165643c"}}
--- stderr
--- end
{"n": 6, "label": "dispatch 2", "at": "2026-09-27T23:01:12Z", "seconds": 0.114, "argv": ["/home/runner/work/_temp/work/rt/cain-venv/bin/cain", "research", "dispatch", "--domain", "crypto", "--state", "/home/runner/work/_temp/work/failures/F10/cain-state", "--spool", "/home/runner/work/_temp/work/failures/F10/spool"], "fault_env": {}, "exit": 0}
--- stdout
{"action": "dispatched", "file": "crypto/tasks/TASK-fe0d545866305674f36a15ffb165643c.json", "spool": "WRITTEN", "task_id": "crypto:TASK-fe0d545866305674f36a15ffb165643c"}
--- stderr
--- end
{"n": 7, "label": "consumer 2", "at": "2026-09-27T23:01:13Z", "seconds": 0.427, "argv": ["/home/runner/work/_temp/work/rt/consumer-venv/bin/predictor-research-consumer", "--domain", "crypto", "--spool", "/home/runner/work/_temp/work/failures/F10/spool", "--ledger", "/home/runner/work/_temp/work/failures/F10/consumer/ledger.sqlite", "--state", "/home/runner/work/_temp/work/failures/F10/domain-state", "--policy", "/home/runner/work/_temp/work/rt/op/policy.json", "--objects", "/home/runner/work/_temp/work/rt/op/objects"], "fault_env": {}, "exit": 0}
--- stdout
{"action": "skipped", "episode_id": "crypto:episode-1", "state": "TERMINAL_RESULT", "status": "RESULT", "task_id": "crypto:TASK-1f666f0d35938548f5d439a6e3d46a98"}
{"action": "delivered", "attempt": 1, "class": "TERMINAL_RESULT", "episode_id": "crypto:episode-2", "result_file": "crypto/results/TASK-fe0d545866305674f36a15ffb165643c.7805aa6aab0f81d6.json", "result_write": "WRITTEN", "status": "RESULT", "task_id": "crypto:TASK-fe0d545866305674f36a15ffb165643c"}
--- stderr
{"duration_ms": 206, "event": "job_finished", "job_id": "crypto-research-2740742cfd5818eaeb414576", "level": "INFO", "run_id": "c26b0383a6974f21a1c89f29465320fb", "run_status": "SUCCEEDED", "service": "predictor_ops", "timestamp": "2026-09-27T23:01:13.217833Z"}
--- end
{"n": 8, "label": "ingest out of order", "at": "2026-09-27T23:01:13Z", "seconds": 0.119, "argv": ["/home/runner/work/_temp/work/rt/cain-venv/bin/cain", "research", "ingest", "--domain", "crypto", "--state", "/home/runner/work/_temp/work/failures/F10/cain-state", "--spool", "/home/runner/work/_temp/work/failures/F10/spool"], "fault_env": {}, "exit": 0}
--- stdout
{"action": "duplicate", "file": "00-late-TASK-1f666f0d35938548f5d439a6e3d46a98.75139c5e22665fd8.json"}
{"action": "duplicate", "file": "TASK-1f666f0d35938548f5d439a6e3d46a98.75139c5e22665fd8.json"}
{"action": "ingested", "class": "TERMINAL_RESULT", "fact": "fact:355e41a2c62f4562814944ff21dfe5bd", "file": "TASK-fe0d545866305674f36a15ffb165643c.7805aa6aab0f81d6.json", "status": "RESULT", "task_id": "crypto:TASK-fe0d545866305674f36a15ffb165643c"}
--- stderr
--- end
{"n": 9, "label": "episodes", "at": "2026-09-27T23:01:13Z", "seconds": 0.113, "argv": ["/home/runner/work/_temp/work/rt/cain-venv/bin/cain", "research", "episodes", "--domain", "crypto", "--state", "/home/runner/work/_temp/work/failures/F10/cain-state"], "fault_env": {}, "exit": 0}
--- stdout
{"domain": "crypto", "episodes": [{"as_of": "2026-09-27T23:01:11Z", "decision": "ALLOW", "number": 1, "outbox": {"dispatches": 1, "retries_requested": 0, "status": "PUBLISHED", "task_id": "crypto:TASK-1f666f0d35938548f5d439a6e3d46a98"}, "proposal_id": "cain:FM-F10-1", "reason_code": "ALLOWED", "receipt_sha256": "b263fb8e3faad4407738ba5926577e4db34ecc5336677d10e8eed7cef0207100", "source": "operator", "task_id": "crypto:TASK-1f666f0d35938548f5d439a6e3d46a98"}, {"as_of": "2026-09-27T23:01:12Z", "decision": "ALLOW", "number": 2, "outbox": {"dispatches": 1, "retries_requested": 0, "status": "PUBLISHED", "task_id": "crypto:TASK-fe0d545866305674f36a15ffb165643c"}, "proposal_id": "cain:FM-F10-2", "reason_code": "ALLOWED", "receipt_sha256": "05b15b4c5327711e5e3dc4b5d7a21bbacb13c9ae6602bbc6e066624f5333999e", "source": "operator", "task_id": "crypto:TASK-fe0d545866305674f36a15ffb165643c"}], "inbox": [{"class": "TERMINAL_RESULT", "fact_id": "fact:d422e945793b43cdafb8c4a870becbf3", "payload_sha256": "c1624fbd3a3ec6db1692c074c355a9c10b84f7913c47da915d0e5e0c5cb175d9", "status": "RESULT", "task_id": "crypto:TASK-1f666f0d35938548f5d439a6e3d46a98"}, {"class": "TERMINAL_RESULT", "fact_id": "fact:355e41a2c62f4562814944ff21dfe5bd", "payload_sha256": "8bcf4379bdb367aaaf1d448a2892887dcccb4548262f6db49938bc4da9fc0896", "status": "RESULT", "task_id": "crypto:TASK-fe0d545866305674f36a15ffb165643c"}], "memory": {"broken_at": null, "entries": 2, "head": "d535a008db82adf83e8a6424d697834a87e93401138866ea11e61e07dec87639", "head_recorded_at": "2026-09-27T23:01:13.356332Z", "projection": "consistent", "status": "intact"}, "rejections": []}
--- stderr
--- end
{"n": 10, "label": "two tasks, two results", "at": "2026-09-27T23:01:13Z", "seconds": 0.115, "argv": ["/home/runner/work/_temp/work/rt/cain-venv/bin/cain", "research", "episodes", "--domain", "crypto", "--state", "/home/runner/work/_temp/work/failures/F10/cain-state"], "fault_env": {}, "exit": 0}
--- stdout
{"domain": "crypto", "episodes": [{"as_of": "2026-09-27T23:01:11Z", "decision": "ALLOW", "number": 1, "outbox": {"dispatches": 1, "retries_requested": 0, "status": "PUBLISHED", "task_id": "crypto:TASK-1f666f0d35938548f5d439a6e3d46a98"}, "proposal_id": "cain:FM-F10-1", "reason_code": "ALLOWED", "receipt_sha256": "b263fb8e3faad4407738ba5926577e4db34ecc5336677d10e8eed7cef0207100", "source": "operator", "task_id": "crypto:TASK-1f666f0d35938548f5d439a6e3d46a98"}, {"as_of": "2026-09-27T23:01:12Z", "decision": "ALLOW", "number": 2, "outbox": {"dispatches": 1, "retries_requested": 0, "status": "PUBLISHED", "task_id": "crypto:TASK-fe0d545866305674f36a15ffb165643c"}, "proposal_id": "cain:FM-F10-2", "reason_code": "ALLOWED", "receipt_sha256": "05b15b4c5327711e5e3dc4b5d7a21bbacb13c9ae6602bbc6e066624f5333999e", "source": "operator", "task_id": "crypto:TASK-fe0d545866305674f36a15ffb165643c"}], "inbox": [{"class": "TERMINAL_RESULT", "fact_id": "fact:d422e945793b43cdafb8c4a870becbf3", "payload_sha256": "c1624fbd3a3ec6db1692c074c355a9c10b84f7913c47da915d0e5e0c5cb175d9", "status": "RESULT", "task_id": "crypto:TASK-1f666f0d35938548f5d439a6e3d46a98"}, {"class": "TERMINAL_RESULT", "fact_id": "fact:355e41a2c62f4562814944ff21dfe5bd", "payload_sha256": "8bcf4379bdb367aaaf1d448a2892887dcccb4548262f6db49938bc4da9fc0896", "status": "RESULT", "task_id": "crypto:TASK-fe0d545866305674f36a15ffb165643c"}], "memory": {"broken_at": null, "entries": 2, "head": "d535a008db82adf83e8a6424d697834a87e93401138866ea11e61e07dec87639", "head_recorded_at": "2026-09-27T23:01:13.356332Z", "projection": "consistent", "status": "intact"}, "rejections": []}
--- stderr
--- end
