adding 'cain_research-0.4.13rc13.dist-info/RECORD'
removing build/bdist.linux-x86_64/wheel
Successfully built dist/cain_research-0.4.13rc13-py3-none-any.whl
total 428
drwxr-xr-x  2 root root   4096 Sep 28 18:51 .
drwxr-xr-x 17 root root   4096 Sep 28 18:51 ..
-rw-r--r--  1 root root      1 Sep 28 18:51 .gitignore
-rw-r--r--  1 root root 425080 Sep 28 18:51 cain_research-0.4.13rc13-py3-none-any.whl
f178096030647d07f203257ce45d069340b1cb2f6c26c7f80459a066c64740c4  dist/cain_research-0.4.13rc13-py3-none-any.whl
      - run: uv build --wheel --out-dir dist
      - name: Verify noneditable distribution outside checkout
        shell: bash
        run: |
          uv export --locked --no-emit-project --format requirements-txt --output-file lock-requirements.txt
          uv run --locked python tools/verify_wheel.py --wheel dist/cain_research-*.whl --requirements lock-requirements.txt
      - uses: actions/upload-artifact@v4
                        invalidated
    invalidate          Invalidate an object and flag every dependent for
                        review
    relate              Record a typed relation between two objects (an event)
    sandbox             Container sandbox for model-generated code (attack
                        suite included)
    run                 Processa um pedido
    chat                Conversa interativa com estado persistente
    profile             Inspeciona ou remove preferências explícitas
    doctor              Verifica configuração e disponibilidade do modelo

options:
  -h, --help            show this help message and exit
No broken requirements found.
{"wheel": "cain_research-0.4.13rc13-py3-none-any.whl", "verification": "passed", "installation": "hashed lock requirements, noneditable clean venv"}
exit=0
