{"n": 1, "label": "propose 1", "at": "2026-10-07T23:40:14Z", "seconds": 0.104, "argv": ["/home/runner/work/_temp/work/rt/cain-venv/bin/cain", "research", "propose", "--domain", "crypto", "--state", "/home/runner/work/_temp/work/failures/F07/cain-state", "--proposal", "/home/runner/work/_temp/work/failures/F07/proposals/1.json", "--as-of", "2026-10-07T23:40:14Z"], "fault_env": {}, "exit": 0}
--- stdout
{"decision": "ALLOW", "episode_id": "crypto:episode-1", "reason_code": "ALLOWED", "receipt_sha256": "0d0a80d76e389f5ec02c93b033a875e0e7df1a1a521612eb272b9030d580511a", "rule": "R14", "status": "RECORDED", "task": {"payload_sha256": "f7689c417f71a0c2d1b0e412d9c4d5cbf46674bff4ab140519f477a5a5ee8d25", "previous_task_id": null, "task_id": "crypto:TASK-e7a6c2ad4bdc728910407f451dca25fc"}}
--- stderr
--- end
{"n": 2, "label": "dispatch", "at": "2026-10-07T23:40:14Z", "seconds": 0.089, "argv": ["/home/runner/work/_temp/work/rt/cain-venv/bin/cain", "research", "dispatch", "--domain", "crypto", "--state", "/home/runner/work/_temp/work/failures/F07/cain-state", "--spool", "/home/runner/work/_temp/work/failures/F07/spool"], "fault_env": {}, "exit": 0}
--- stdout
{"action": "dispatched", "file": "crypto/tasks/TASK-e7a6c2ad4bdc728910407f451dca25fc.json", "spool": "WRITTEN", "task_id": "crypto:TASK-e7a6c2ad4bdc728910407f451dca25fc"}
--- stderr
--- end
{"n": 3, "label": "ingest while consumer is out", "at": "2026-10-07T23:40:14Z", "seconds": 0.086, "argv": ["/home/runner/work/_temp/work/rt/cain-venv/bin/cain", "research", "ingest", "--domain", "crypto", "--state", "/home/runner/work/_temp/work/failures/F07/cain-state", "--spool", "/home/runner/work/_temp/work/failures/F07/spool"], "fault_env": {}, "exit": 0}
--- stdout
--- stderr
--- end
{"n": 4, "label": "propose 2", "at": "2026-10-07T23:40:14Z", "seconds": 0.09, "argv": ["/home/runner/work/_temp/work/rt/cain-venv/bin/cain", "research", "propose", "--domain", "crypto", "--state", "/home/runner/work/_temp/work/failures/F07/cain-state", "--proposal", "/home/runner/work/_temp/work/failures/F07/proposals/2.json", "--as-of", "2026-10-07T23:40:14Z"], "fault_env": {}, "exit": 0}
--- stdout
{"decision": "ABSTAIN", "episode_id": "crypto:episode-2", "reason_code": "OPEN_TASK_PENDING", "receipt_sha256": "49d3a42cd766feea4652fd3e39089f5f7299f52791048c1c3a79e4056b802e12", "rule": "R12", "status": "RECORDED", "task": null}
--- stderr
--- end
{"n": 5, "label": "consumer back", "at": "2026-10-07T23:40:15Z", "seconds": 0.382, "argv": ["/home/runner/work/_temp/work/rt/consumer-venv/bin/predictor-research-consumer", "--domain", "crypto", "--spool", "/home/runner/work/_temp/work/failures/F07/spool", "--ledger", "/home/runner/work/_temp/work/failures/F07/consumer/ledger.sqlite", "--state", "/home/runner/work/_temp/work/failures/F07/domain-state", "--policy", "/home/runner/work/_temp/work/rt/op/policy.json", "--objects", "/home/runner/work/_temp/work/rt/op/objects"], "fault_env": {}, "exit": 0}
--- stdout
{"action": "delivered", "attempt": 1, "class": "TERMINAL_RESULT", "episode_id": "crypto:episode-1", "result_file": "crypto/results/TASK-e7a6c2ad4bdc728910407f451dca25fc.f5a175cc62a0776e.json", "result_write": "WRITTEN", "status": "RESULT", "task_id": "crypto:TASK-e7a6c2ad4bdc728910407f451dca25fc"}
--- stderr
{"duration_ms": 206, "event": "job_finished", "job_id": "crypto-research-5115dfd0719a901690bcd5f4", "level": "INFO", "run_id": "ce05077b3778431480b489e02c2c509a", "run_status": "SUCCEEDED", "service": "predictor_ops", "timestamp": "2026-10-07T23:40:15.224053Z"}
--- end
{"n": 6, "label": "ingest", "at": "2026-10-07T23:40:15Z", "seconds": 0.087, "argv": ["/home/runner/work/_temp/work/rt/cain-venv/bin/cain", "research", "ingest", "--domain", "crypto", "--state", "/home/runner/work/_temp/work/failures/F07/cain-state", "--spool", "/home/runner/work/_temp/work/failures/F07/spool"], "fault_env": {}, "exit": 0}
--- stdout
{"action": "ingested", "class": "TERMINAL_RESULT", "fact": "fact:796dcdc3f4674653b377e24472b27b58", "file": "TASK-e7a6c2ad4bdc728910407f451dca25fc.f5a175cc62a0776e.json", "status": "RESULT", "task_id": "crypto:TASK-e7a6c2ad4bdc728910407f451dca25fc"}
--- stderr
--- end
{"n": 7, "label": "processed once", "at": "2026-10-07T23:40:15Z", "seconds": 0.082, "argv": ["/home/runner/work/_temp/work/rt/cain-venv/bin/cain", "research", "episodes", "--domain", "crypto", "--state", "/home/runner/work/_temp/work/failures/F07/cain-state"], "fault_env": {}, "exit": 0}
--- stdout
{"domain": "crypto", "episodes": [{"as_of": "2026-10-07T23:40:14Z", "decision": "ALLOW", "number": 1, "outbox": {"dispatches": 1, "retries_requested": 0, "status": "PUBLISHED", "task_id": "crypto:TASK-e7a6c2ad4bdc728910407f451dca25fc"}, "proposal_id": "cain:FM-F07-1", "reason_code": "ALLOWED", "receipt_sha256": "0d0a80d76e389f5ec02c93b033a875e0e7df1a1a521612eb272b9030d580511a", "source": "operator", "task_id": "crypto:TASK-e7a6c2ad4bdc728910407f451dca25fc"}, {"as_of": "2026-10-07T23:40:14Z", "decision": "ABSTAIN", "number": 2, "outbox": null, "proposal_id": "cain:FM-F07-2", "reason_code": "OPEN_TASK_PENDING", "receipt_sha256": "49d3a42cd766feea4652fd3e39089f5f7299f52791048c1c3a79e4056b802e12", "source": "operator", "task_id": null}], "inbox": [{"class": "TERMINAL_RESULT", "fact_id": "fact:796dcdc3f4674653b377e24472b27b58", "payload_sha256": "2e56f34be3ed373a4451497b6f89dab8148864c324e713b0b8bf8e118d305677", "status": "RESULT", "task_id": "crypto:TASK-e7a6c2ad4bdc728910407f451dca25fc"}], "memory": {"broken_at": null, "cube": "crypto", "facts": 1, "log": "shared across domains", "projection": "consistent", "status": "intact"}, "rejections": []}
--- stderr
--- end
