{"effective_proposal": "/home/runner/work/_temp/work/failures/F04/proposals/1.json", "template": "fixtures/proposals/e2e/01-allow.json", "sha256": "226650a2aec70a02c3c7e6d98b0fe6c723bfb51199363f9da9dd30739f641558"}
{"n": 1, "label": "propose 1", "at": "2026-09-28T15:17:25Z", "seconds": 0.147, "argv": ["/home/runner/work/_temp/work/rt/cain-venv/bin/cain", "research", "propose", "--domain", "stocks", "--state", "/home/runner/work/_temp/work/failures/F04/cain-state", "--proposal", "/home/runner/work/_temp/work/failures/F04/proposals/1.json", "--as-of", "2026-09-28T15:17:25Z"], "fault_env": {}, "exit": 0}
--- stdout
{"decision": "ALLOW", "episode_id": "stocks:episode-1", "reason_code": "ALLOWED", "receipt_sha256": "b1b442272fbc9aefe8cbbcf7cf237c84507b02fe64d5b00e23ca9fd86e788fd5", "rule": "R14", "status": "RECORDED", "task": {"payload_sha256": "7a38f133c9ad1abb920fcb77ce229c53940d532bddccc3fb59ef66609100d374", "previous_task_id": null, "task_id": "stocks:TASK-b8ac96738d90caff4c79eb64c2e02986"}}
--- stderr
--- end
{"n": 2, "label": "dispatch", "at": "2026-09-28T15:17:26Z", "seconds": 0.132, "argv": ["/home/runner/work/_temp/work/rt/cain-venv/bin/cain", "research", "dispatch", "--domain", "stocks", "--state", "/home/runner/work/_temp/work/failures/F04/cain-state", "--spool", "/home/runner/work/_temp/work/failures/F04/spool"], "fault_env": {}, "exit": 0}
--- stdout
{"action": "dispatched", "file": "stocks/tasks/TASK-b8ac96738d90caff4c79eb64c2e02986.json", "spool": "WRITTEN", "task_id": "stocks:TASK-b8ac96738d90caff4c79eb64c2e02986"}
--- stderr
--- end
{"n": 3, "label": "consumer", "at": "2026-09-28T15:17:34Z", "seconds": 8.719, "argv": ["/home/runner/work/_temp/work/rt/consumer-venv/bin/predictor-research-consumer", "--domain", "stocks", "--spool", "/home/runner/work/_temp/work/failures/F04/spool", "--ledger", "/home/runner/work/_temp/work/failures/F04/consumer/ledger.sqlite", "--state", "/home/runner/work/_temp/work/failures/F04/domain-state", "--policy", "/home/runner/work/_temp/work/rt/op/policy.json", "--objects", "/home/runner/work/_temp/work/rt/op/objects"], "fault_env": {}, "exit": 0}
--- stdout
{"action": "delivered", "attempt": 1, "class": "TERMINAL_RESULT", "episode_id": "stocks:episode-1", "result_file": "stocks/results/TASK-b8ac96738d90caff4c79eb64c2e02986.a3670463b82d6fc3.json", "result_write": "WRITTEN", "status": "RESULT", "task_id": "stocks:TASK-b8ac96738d90caff4c79eb64c2e02986"}
--- stderr
{"duration_ms": 8431, "event": "job_finished", "job_id": "stocks-research-99b0fd5206894ae9de6b777f", "level": "INFO", "run_id": "4ff913e9ad384152884bb31730735c26", "run_status": "SUCCEEDED", "service": "predictor_ops", "timestamp": "2026-09-28T15:17:34.749300Z"}
--- end
{"n": 4, "label": "ingest (fault)", "at": "2026-09-28T15:17:34Z", "seconds": 0.125, "argv": ["/home/runner/work/_temp/work/rt/cain-venv/bin/cain", "research", "ingest", "--domain", "stocks", "--state", "/home/runner/work/_temp/work/failures/F04/cain-state", "--spool", "/home/runner/work/_temp/work/failures/F04/spool"], "fault_env": {"CAIN_ORCHESTRATION_FAULT": "after_memory_commit"}, "exit": 86}
--- stdout
--- stderr
--- end
{"n": 5, "label": "ingest after restart", "at": "2026-09-28T15:17:35Z", "seconds": 0.127, "argv": ["/home/runner/work/_temp/work/rt/cain-venv/bin/cain", "research", "ingest", "--domain", "stocks", "--state", "/home/runner/work/_temp/work/failures/F04/cain-state", "--spool", "/home/runner/work/_temp/work/failures/F04/spool"], "fault_env": {}, "exit": 0}
--- stdout
{"action": "duplicate", "file": "TASK-b8ac96738d90caff4c79eb64c2e02986.a3670463b82d6fc3.json"}
--- stderr
--- end
{"n": 6, "label": "nothing new", "at": "2026-09-28T15:17:35Z", "seconds": 0.129, "argv": ["/home/runner/work/_temp/work/rt/cain-venv/bin/cain", "research", "episodes", "--domain", "stocks", "--state", "/home/runner/work/_temp/work/failures/F04/cain-state"], "fault_env": {}, "exit": 0}
--- stdout
{"domain": "stocks", "episodes": [{"as_of": "2026-09-28T15:17:25Z", "decision": "ALLOW", "number": 1, "outbox": {"dispatches": 1, "retries_requested": 0, "status": "PUBLISHED", "task_id": "stocks:TASK-b8ac96738d90caff4c79eb64c2e02986"}, "proposal_id": "cain:FM-F04-1", "reason_code": "ALLOWED", "receipt_sha256": "b1b442272fbc9aefe8cbbcf7cf237c84507b02fe64d5b00e23ca9fd86e788fd5", "source": "operator", "task_id": "stocks:TASK-b8ac96738d90caff4c79eb64c2e02986"}], "inbox": [{"class": "TERMINAL_RESULT", "fact_id": "fact:40eafba98985497fbaf14155b34199a7", "payload_sha256": "9ab73ad65f28bb0b61c8e22deb9f214d4753c647b02ba8d9fbcd3655e57bba9a", "status": "RESULT", "task_id": "stocks:TASK-b8ac96738d90caff4c79eb64c2e02986"}], "memory": {"broken_at": null, "entries": 1, "head": "5b357e335ee50a64b0ec683d8346994ab8b8dbdec55fb3133643fc96fffda1f9", "head_recorded_at": "2026-09-28T15:17:34.923597Z", "projection": "consistent", "status": "intact"}, "rejections": []}
--- stderr
--- end
