{"effective_proposal": "/home/runner/work/_temp/work/failures/F09/proposals/1.json", "template": "fixtures/proposals/e2e/01-allow.json", "sha256": "d562dcec7495684a694bb088b39d898cb147ca34142c32b65c804d25065ca0cf"}
{"n": 1, "label": "propose 1", "at": "2026-09-28T18:17:30Z", "seconds": 0.14, "argv": ["/home/runner/work/_temp/work/rt/cain-venv/bin/cain", "research", "propose", "--domain", "stocks", "--state", "/home/runner/work/_temp/work/failures/F09/cain-state", "--proposal", "/home/runner/work/_temp/work/failures/F09/proposals/1.json", "--as-of", "2026-09-28T18:17:30Z"], "fault_env": {}, "exit": 0}
--- stdout
{"decision": "ALLOW", "episode_id": "stocks:episode-1", "reason_code": "ALLOWED", "receipt_sha256": "e0d9a1cfc41afec20f5b4c42ed2cee8a306c6f567f5e28233daf5e1bd8ea9035", "rule": "R14", "status": "RECORDED", "task": {"payload_sha256": "751b038eeb93ef2fd4c8f9af16da13a76858042f0f86a0a7ce6824ea58c8c01a", "previous_task_id": null, "task_id": "stocks:TASK-3f7e9e092dd65fa405aba40d776319e5"}}
--- stderr
--- end
{"n": 2, "label": "dispatch 1", "at": "2026-09-28T18:17:30Z", "seconds": 0.121, "argv": ["/home/runner/work/_temp/work/rt/cain-venv/bin/cain", "research", "dispatch", "--domain", "stocks", "--state", "/home/runner/work/_temp/work/failures/F09/cain-state", "--spool", "/home/runner/work/_temp/work/failures/F09/spool"], "fault_env": {}, "exit": 0}
--- stdout
{"action": "dispatched", "file": "stocks/tasks/TASK-3f7e9e092dd65fa405aba40d776319e5.json", "spool": "WRITTEN", "task_id": "stocks:TASK-3f7e9e092dd65fa405aba40d776319e5"}
--- stderr
--- end
{"n": 3, "label": "consumer 1", "at": "2026-09-28T18:17:39Z", "seconds": 8.408, "argv": ["/home/runner/work/_temp/work/rt/consumer-venv/bin/predictor-research-consumer", "--domain", "stocks", "--spool", "/home/runner/work/_temp/work/failures/F09/spool", "--ledger", "/home/runner/work/_temp/work/failures/F09/consumer/ledger.sqlite", "--state", "/home/runner/work/_temp/work/failures/F09/domain-state", "--policy", "/home/runner/work/_temp/work/rt/op/policy.json", "--objects", "/home/runner/work/_temp/work/rt/op/objects"], "fault_env": {}, "exit": 0}
--- stdout
{"action": "delivered", "attempt": 1, "class": "TERMINAL_RESULT", "episode_id": "stocks:episode-1", "result_file": "stocks/results/TASK-3f7e9e092dd65fa405aba40d776319e5.22ea14fc37be850b.json", "result_write": "WRITTEN", "status": "RESULT", "task_id": "stocks:TASK-3f7e9e092dd65fa405aba40d776319e5"}
--- stderr
{"duration_ms": 8130, "event": "job_finished", "job_id": "stocks-research-40359372a2d69fd9f6637c3e", "level": "INFO", "run_id": "eba86791c8ff4d95ba2b8baa036df432", "run_status": "SUCCEEDED", "service": "predictor_ops", "timestamp": "2026-09-28T18:17:39.286331Z"}
--- end
{"n": 4, "label": "ingest 1", "at": "2026-09-28T18:17:39Z", "seconds": 0.131, "argv": ["/home/runner/work/_temp/work/rt/cain-venv/bin/cain", "research", "ingest", "--domain", "stocks", "--state", "/home/runner/work/_temp/work/failures/F09/cain-state", "--spool", "/home/runner/work/_temp/work/failures/F09/spool"], "fault_env": {}, "exit": 0}
--- stdout
{"action": "ingested", "class": "TERMINAL_RESULT", "fact": "fact:ad028ca040914e848c9e16f26b0aebe5", "file": "TASK-3f7e9e092dd65fa405aba40d776319e5.22ea14fc37be850b.json", "status": "RESULT", "task_id": "stocks:TASK-3f7e9e092dd65fa405aba40d776319e5"}
--- stderr
--- end
{"n": 5, "label": "ingest redelivery", "at": "2026-09-28T18:17:39Z", "seconds": 0.118, "argv": ["/home/runner/work/_temp/work/rt/cain-venv/bin/cain", "research", "ingest", "--domain", "stocks", "--state", "/home/runner/work/_temp/work/failures/F09/cain-state", "--spool", "/home/runner/work/_temp/work/failures/F09/spool"], "fault_env": {}, "exit": 0}
--- stdout
{"action": "duplicate", "file": "TASK-3f7e9e092dd65fa405aba40d776319e5.22ea14fc37be850b.json"}
{"action": "duplicate", "file": "redelivered-TASK-3f7e9e092dd65fa405aba40d776319e5.22ea14fc37be850b.json"}
--- stderr
--- end
{"n": 6, "label": "no second fact", "at": "2026-09-28T18:17:39Z", "seconds": 0.118, "argv": ["/home/runner/work/_temp/work/rt/cain-venv/bin/cain", "research", "episodes", "--domain", "stocks", "--state", "/home/runner/work/_temp/work/failures/F09/cain-state"], "fault_env": {}, "exit": 0}
--- stdout
{"domain": "stocks", "episodes": [{"as_of": "2026-09-28T18:17:30Z", "decision": "ALLOW", "number": 1, "outbox": {"dispatches": 1, "retries_requested": 0, "status": "PUBLISHED", "task_id": "stocks:TASK-3f7e9e092dd65fa405aba40d776319e5"}, "proposal_id": "cain:FM-F09-1", "reason_code": "ALLOWED", "receipt_sha256": "e0d9a1cfc41afec20f5b4c42ed2cee8a306c6f567f5e28233daf5e1bd8ea9035", "source": "operator", "task_id": "stocks:TASK-3f7e9e092dd65fa405aba40d776319e5"}], "inbox": [{"class": "TERMINAL_RESULT", "fact_id": "fact:ad028ca040914e848c9e16f26b0aebe5", "payload_sha256": "9977ee3001a1bd0ac57fae733259c8ba4fa81c981c4f9fb0fc30cdad1d8baf33", "status": "RESULT", "task_id": "stocks:TASK-3f7e9e092dd65fa405aba40d776319e5"}], "memory": {"broken_at": null, "entries": 1, "head": "558ce158dae1a0d741358152a0e020aecc7c2587c5f567cebe517422b2258a3f", "head_recorded_at": "2026-09-28T18:17:39.454291Z", "projection": "consistent", "status": "intact"}, "rejections": []}
--- stderr
--- end
