{"effective_proposal": "/home/superleo13/predictors/runtime/integration-brasileirao/priv/run-20260928T183300Z-br13/failure-matrix/F13/proposals/1.json", "template": "fixtures/proposals/e2e/01-allow.json", "sha256": "da29ef52605b854c5923ef40513bccf9d896e8b0b1839c8207a26ab2350b6b29", "changes": ["events", "hypothesis_id", "request_id", "season"]}
{"n": 1, "domain": "brasileirao", "label": "propose 1", "at": "2026-09-28T18:41:55Z", "seconds": 0.166, "argv": ["/home/superleo13/predictors/runtime/integration-brasileirao/priv/run-20260928T183300Z-br13/cain-venv/bin/cain", "research", "propose", "--domain", "brasileirao", "--state", "/home/superleo13/predictors/runtime/integration-brasileirao/priv/run-20260928T183300Z-br13/failure-matrix/F13/cain-state", "--proposal", "/home/superleo13/predictors/runtime/integration-brasileirao/priv/run-20260928T183300Z-br13/failure-matrix/F13/proposals/1.json", "--as-of", "2026-09-28T18:41:55Z"], "fault_env": {}, "exit": 0, "stdout_sha256": "876baa495aeb6ab24c0faedb24e992a75b8eecc59b37036c9e06c86e63275b83", "stdout_bytes": 396, "stderr_sha256": "e3b0c44298fc1c149afbf4c8996fb92427ae41e4649b934ca495991b7852b855", "stderr_bytes": 0}
--- stdout
{"decision": "ALLOW", "episode_id": "brasileirao:episode-1", "reason_code": "ALLOWED", "receipt_sha256": "199aec61054ea771b6188add6d26a354a3a822ca7ff71590a744729e7d7343f1", "rule": "R14", "status": "RECORDED", "task": {"payload_sha256": "1ec4a88024bfa9f2449b7894d7ec95d49c9b589fc2b6d5985cd0e2dad1062d27", "previous_task_id": null, "task_id": "brasileirao:TASK-62edb3f3bdba689cc8f39b10441922b8"}}
--- end
{"n": 2, "domain": "brasileirao", "label": "dispatch 1", "at": "2026-09-28T18:41:55Z", "seconds": 0.109, "argv": ["/home/superleo13/predictors/runtime/integration-brasileirao/priv/run-20260928T183300Z-br13/cain-venv/bin/cain", "research", "dispatch", "--domain", "brasileirao", "--state", "/home/superleo13/predictors/runtime/integration-brasileirao/priv/run-20260928T183300Z-br13/failure-matrix/F13/cain-state", "--spool", "/home/superleo13/predictors/runtime/integration-brasileirao/priv/run-20260928T183300Z-br13/failure-matrix/F13/spool"], "fault_env": {}, "exit": 0, "stdout_sha256": "5a2dbc8147869f42b946c5682be227acc5c3c87c8f4cbc539be22022b2fcaa94", "stdout_bytes": 181, "stderr_sha256": "e3b0c44298fc1c149afbf4c8996fb92427ae41e4649b934ca495991b7852b855", "stderr_bytes": 0}
--- stdout
{"action": "dispatched", "file": "brasileirao/tasks/TASK-62edb3f3bdba689cc8f39b10441922b8.json", "spool": "WRITTEN", "task_id": "brasileirao:TASK-62edb3f3bdba689cc8f39b10441922b8"}
--- end
{"n": 3, "domain": "brasileirao", "label": "consumer 1", "at": "2026-09-28T18:41:58Z", "seconds": 3.211, "argv": ["/home/superleo13/predictors/runtime/integration-brasileirao/priv/run-20260928T183300Z-br13/consumer-venv/bin/predictor-research-consumer", "--domain", "brasileirao", "--spool", "/home/superleo13/predictors/runtime/integration-brasileirao/priv/run-20260928T183300Z-br13/failure-matrix/F13/spool", "--ledger", "/home/superleo13/predictors/runtime/integration-brasileirao/priv/run-20260928T183300Z-br13/failure-matrix/F13/consumer-brasileirao/ledger.sqlite", "--state", "/home/superleo13/predictors/runtime/integration-brasileirao/priv/run-20260928T183300Z-br13/failure-matrix/F13/domain-state-brasileirao", "--policy", "/home/superleo13/predictors/runtime/integration-brasileirao/priv/run-20260928T183300Z-br13/op/policy.json", "--objects", "/home/superleo13/predictors/runtime/integration-brasileirao/priv/run-20260928T183300Z-br13/op/obj"], "fault_env": {}, "exit": 0, "stdout_sha256": "5ff457af8ab886c85a28b9cdc526380c48ab2be5ddf42ed2fdeb60cc8cf2e380", "stdout_bytes": 314, "stderr_sha256": "e3b0c44298fc1c149afbf4c8996fb92427ae41e4649b934ca495991b7852b855", "stderr_bytes": 0}
--- stdout
{"action": "delivered", "attempt": 1, "class": "TERMINAL_RESULT", "episode_id": "brasileirao:episode-1", "result_file": "brasileirao/results/TASK-62edb3f3bdba689cc8f39b10441922b8.5fb257c789a03715.json", "result_write": "WRITTEN", "status": "RESULT", "task_id": "brasileirao:TASK-62edb3f3bdba689cc8f39b10441922b8"}
--- end
{"n": 4, "domain": "brasileirao", "label": "ingest 1", "at": "2026-09-28T18:41:58Z", "seconds": 0.125, "argv": ["/home/superleo13/predictors/runtime/integration-brasileirao/priv/run-20260928T183300Z-br13/cain-venv/bin/cain", "research", "ingest", "--domain", "brasileirao", "--state", "/home/superleo13/predictors/runtime/integration-brasileirao/priv/run-20260928T183300Z-br13/failure-matrix/F13/cain-state", "--spool", "/home/superleo13/predictors/runtime/integration-brasileirao/priv/run-20260928T183300Z-br13/failure-matrix/F13/spool"], "fault_env": {}, "exit": 0, "stdout_sha256": "52d59d389850d15e6fa4980e8fc74bddf0c5eec101c96152cd73356ca9afabbe", "stdout_bytes": 255, "stderr_sha256": "e3b0c44298fc1c149afbf4c8996fb92427ae41e4649b934ca495991b7852b855", "stderr_bytes": 0}
--- stdout
{"action": "ingested", "class": "TERMINAL_RESULT", "fact": "fact:f0de8ac99d434471b9e83f9c116129c2", "file": "TASK-62edb3f3bdba689cc8f39b10441922b8.5fb257c789a03715.json", "status": "RESULT", "task_id": "brasileirao:TASK-62edb3f3bdba689cc8f39b10441922b8"}
--- end
{"n": 5, "domain": "brasileirao", "label": "tamper other-episode", "at": "2026-09-28T18:41:58Z", "seconds": 0.048, "argv": ["/home/superleo13/predictors/runtime/integration-brasileirao/priv/run-20260928T183300Z-br13/cain-venv/bin/python", "-I", "/home/superleo13/predictors/runtime/integration-brasileirao/priv/run-20260928T183300Z-br13/failure-matrix/F13/tamper.py", "other-episode", "/home/superleo13/predictors/runtime/integration-brasileirao/priv/run-20260928T183300Z-br13/failure-matrix/F13/spool/brasileirao/tasks/TASK-62edb3f3bdba689cc8f39b10441922b8.json", "/home/superleo13/predictors/runtime/integration-brasileirao/priv/run-20260928T183300Z-br13/failure-matrix/F13/spool/brasileirao/results/TASK-62edb3f3bdba689cc8f39b10441922b8.5fb257c789a03715.json", "/home/superleo13/predictors/runtime/integration-brasileirao/priv/run-20260928T183300Z-br13/failure-matrix/F13/spool/brasileirao/results/other-episode.json"], "fault_env": {}, "exit": 0, "stdout_sha256": "43d5ac9f5b08b9e36c7fbb560f49993f7658606eefb2bcfab35b8ecd61c0ec3c", "stdout_bytes": 43, "stderr_sha256": "e3b0c44298fc1c149afbf4c8996fb92427ae41e4649b934ca495991b7852b855", "stderr_bytes": 0}
--- stdout
{"mode": "other-episode", "bytes": 124482}
--- end
{"effective_proposal": "/home/superleo13/predictors/runtime/integration-brasileirao/priv/run-20260928T183300Z-br13/failure-matrix/F13/proposals/stocks-01.json", "template": "integration-stocks/fixtures/proposals/e2e/01-allow.json", "sha256": "39d76d5e06b9e177f5b0ea74101e0f7a87d342963e7524f1556717bc0ee0a35c", "changes": []}
{"n": 6, "domain": "crypto", "label": "crypto: propose real", "at": "2026-09-28T18:41:58Z", "seconds": 0.102, "argv": ["/home/superleo13/predictors/runtime/integration-brasileirao/priv/run-20260928T183300Z-br13/cain-venv/bin/cain", "research", "propose", "--domain", "crypto", "--state", "/home/superleo13/predictors/runtime/integration-brasileirao/priv/run-20260928T183300Z-br13/failure-matrix/F13/cain-state", "--proposal", "/home/superleo13/predictors/work/integration-brasileirao-evidence/qualification/integration-crypto/fixtures/proposals/e2e/01-allow.json", "--as-of", "2026-09-28T18:41:58Z"], "fault_env": {}, "exit": 0, "stdout_sha256": "432526e6257d2d57537cc13442973b88d05bd8f4f88b585e6cb5eead94035608", "stdout_bytes": 386, "stderr_sha256": "e3b0c44298fc1c149afbf4c8996fb92427ae41e4649b934ca495991b7852b855", "stderr_bytes": 0}
--- stdout
{"decision": "ALLOW", "episode_id": "crypto:episode-1", "reason_code": "ALLOWED", "receipt_sha256": "7b09241368013c71f7406f3d2bac1a80a3cb0cab55aefb4f7821470349d12d8b", "rule": "R14", "status": "RECORDED", "task": {"payload_sha256": "5fe20eb7b93d743530485cae313699a24e6bde31926371024ff20b8d3ef89beb", "previous_task_id": null, "task_id": "crypto:TASK-02bf95b3940c9a226f8a9ae2a37a11a3"}}
--- end
{"n": 7, "domain": "crypto", "label": "crypto: dispatch", "at": "2026-09-28T18:41:59Z", "seconds": 0.102, "argv": ["/home/superleo13/predictors/runtime/integration-brasileirao/priv/run-20260928T183300Z-br13/cain-venv/bin/cain", "research", "dispatch", "--domain", "crypto", "--state", "/home/superleo13/predictors/runtime/integration-brasileirao/priv/run-20260928T183300Z-br13/failure-matrix/F13/cain-state", "--spool", "/home/superleo13/predictors/runtime/integration-brasileirao/priv/run-20260928T183300Z-br13/failure-matrix/F13/spool"], "fault_env": {}, "exit": 0, "stdout_sha256": "bc61f88a021d22cee302c6bc655c9eba871612efac89ceb2b7aecd125b582b9c", "stdout_bytes": 171, "stderr_sha256": "e3b0c44298fc1c149afbf4c8996fb92427ae41e4649b934ca495991b7852b855", "stderr_bytes": 0}
--- stdout
{"action": "dispatched", "file": "crypto/tasks/TASK-02bf95b3940c9a226f8a9ae2a37a11a3.json", "spool": "WRITTEN", "task_id": "crypto:TASK-02bf95b3940c9a226f8a9ae2a37a11a3"}
--- end
{"n": 8, "domain": "crypto", "label": "crypto: consumer", "at": "2026-09-28T18:41:59Z", "seconds": 0.466, "argv": ["/home/superleo13/predictors/runtime/integration-brasileirao/priv/run-20260928T183300Z-br13/crypto-venv/bin/predictor-research-consumer", "--domain", "crypto", "--spool", "/home/superleo13/predictors/runtime/integration-brasileirao/priv/run-20260928T183300Z-br13/failure-matrix/F13/spool", "--ledger", "/home/superleo13/predictors/runtime/integration-brasileirao/priv/run-20260928T183300Z-br13/failure-matrix/F13/consumer-crypto/ledger.sqlite", "--state", "/home/superleo13/predictors/runtime/integration-brasileirao/priv/run-20260928T183300Z-br13/failure-matrix/F13/domain-state-crypto", "--policy", "/home/superleo13/predictors/runtime/integration-brasileirao/priv/run-20260928T183300Z-br13/crypto-op/policy.json", "--objects", "/home/superleo13/predictors/runtime/integration-brasileirao/priv/run-20260928T183300Z-br13/crypto-op/objects"], "fault_env": {}, "exit": 0, "stdout_sha256": "bbb722cbe0d7be32196d7d5f55f7448dd28e4adadb68723da2ddf460bd5b21c4", "stdout_bytes": 299, "stderr_sha256": "bca373fc9e55f4941afea0a8b6d31cd9cc2c957187a44b64526841fa256a46ab", "stderr_bytes": 262}
--- stdout
{"action": "delivered", "attempt": 1, "class": "TERMINAL_RESULT", "episode_id": "crypto:episode-1", "result_file": "crypto/results/TASK-02bf95b3940c9a226f8a9ae2a37a11a3.8a22f8c622acfb11.json", "result_write": "WRITTEN", "status": "RESULT", "task_id": "crypto:TASK-02bf95b3940c9a226f8a9ae2a37a11a3"}
--- end
{"n": 9, "domain": "crypto", "label": "crypto: ingest", "at": "2026-09-28T18:41:59Z", "seconds": 0.108, "argv": ["/home/superleo13/predictors/runtime/integration-brasileirao/priv/run-20260928T183300Z-br13/cain-venv/bin/cain", "research", "ingest", "--domain", "crypto", "--state", "/home/superleo13/predictors/runtime/integration-brasileirao/priv/run-20260928T183300Z-br13/failure-matrix/F13/cain-state", "--spool", "/home/superleo13/predictors/runtime/integration-brasileirao/priv/run-20260928T183300Z-br13/failure-matrix/F13/spool"], "fault_env": {}, "exit": 0, "stdout_sha256": "546c7c933cc96f59b91def110c744c0bed443a37e87d2c3d3ec908756b9ee456", "stdout_bytes": 250, "stderr_sha256": "e3b0c44298fc1c149afbf4c8996fb92427ae41e4649b934ca495991b7852b855", "stderr_bytes": 0}
--- stdout
{"action": "ingested", "class": "TERMINAL_RESULT", "fact": "fact:30ec08b426a441c98e3b603af4256159", "file": "TASK-02bf95b3940c9a226f8a9ae2a37a11a3.8a22f8c622acfb11.json", "status": "RESULT", "task_id": "crypto:TASK-02bf95b3940c9a226f8a9ae2a37a11a3"}
--- end
{"n": 10, "domain": "stocks", "label": "stocks: propose real", "at": "2026-09-28T18:41:59Z", "seconds": 0.103, "argv": ["/home/superleo13/predictors/runtime/integration-brasileirao/priv/run-20260928T183300Z-br13/cain-venv/bin/cain", "research", "propose", "--domain", "stocks", "--state", "/home/superleo13/predictors/runtime/integration-brasileirao/priv/run-20260928T183300Z-br13/failure-matrix/F13/cain-state", "--proposal", "/home/superleo13/predictors/runtime/integration-brasileirao/priv/run-20260928T183300Z-br13/failure-matrix/F13/proposals/stocks-01.json", "--as-of", "2026-09-28T18:41:59Z"], "fault_env": {}, "exit": 0, "stdout_sha256": "dd45f48ea7366f29cba9bc011f2dd256c3e2bb566a288649b31dd64987a765af", "stdout_bytes": 386, "stderr_sha256": "e3b0c44298fc1c149afbf4c8996fb92427ae41e4649b934ca495991b7852b855", "stderr_bytes": 0}
--- stdout
{"decision": "ALLOW", "episode_id": "stocks:episode-1", "reason_code": "ALLOWED", "receipt_sha256": "c7f8cc7986c80c0f16c9bfcf510466bdd1b2af330ca09140017ba5e4017b05a3", "rule": "R14", "status": "RECORDED", "task": {"payload_sha256": "0b87097255a398a305a3a54735ebc3bad25bfd27b179d453d3f1db299c05cad5", "previous_task_id": null, "task_id": "stocks:TASK-d6efe57849ec5f14547af45741a1b754"}}
--- end
{"n": 11, "domain": "stocks", "label": "stocks: dispatch", "at": "2026-09-28T18:41:59Z", "seconds": 0.102, "argv": ["/home/superleo13/predictors/runtime/integration-brasileirao/priv/run-20260928T183300Z-br13/cain-venv/bin/cain", "research", "dispatch", "--domain", "stocks", "--state", "/home/superleo13/predictors/runtime/integration-brasileirao/priv/run-20260928T183300Z-br13/failure-matrix/F13/cain-state", "--spool", "/home/superleo13/predictors/runtime/integration-brasileirao/priv/run-20260928T183300Z-br13/failure-matrix/F13/spool"], "fault_env": {}, "exit": 0, "stdout_sha256": "a7325cb0580d2d125ffb0af6f1d3ff0a450bf81e296c30ecc67aa7636311785b", "stdout_bytes": 171, "stderr_sha256": "e3b0c44298fc1c149afbf4c8996fb92427ae41e4649b934ca495991b7852b855", "stderr_bytes": 0}
--- stdout
{"action": "dispatched", "file": "stocks/tasks/TASK-d6efe57849ec5f14547af45741a1b754.json", "spool": "WRITTEN", "task_id": "stocks:TASK-d6efe57849ec5f14547af45741a1b754"}
--- end
{"n": 12, "domain": "stocks", "label": "stocks: consumer", "at": "2026-09-28T18:42:06Z", "seconds": 6.266, "argv": ["/home/superleo13/predictors/runtime/integration-brasileirao/priv/run-20260928T183300Z-br13/stocks-venv/bin/predictor-research-consumer", "--domain", "stocks", "--spool", "/home/superleo13/predictors/runtime/integration-brasileirao/priv/run-20260928T183300Z-br13/failure-matrix/F13/spool", "--ledger", "/home/superleo13/predictors/runtime/integration-brasileirao/priv/run-20260928T183300Z-br13/failure-matrix/F13/consumer-stocks/ledger.sqlite", "--state", "/home/superleo13/predictors/runtime/integration-brasileirao/priv/run-20260928T183300Z-br13/failure-matrix/F13/domain-state-stocks", "--policy", "/home/superleo13/predictors/runtime/integration-brasileirao/priv/run-20260928T183300Z-br13/stocks-op/policy.json", "--objects", "/home/superleo13/predictors/runtime/integration-brasileirao/priv/run-20260928T183300Z-br13/stocks-op/objects"], "fault_env": {}, "exit": 0, "stdout_sha256": "2fc1b0c15dc60a2bc067f1d7efa5922c027d710ca175dff489427168ca31c0fb", "stdout_bytes": 299, "stderr_sha256": "04e046e079a2f7dd9308bbe31a13dad7c3b2be84083932fb74168a0fe6165125", "stderr_bytes": 263}
--- stdout
{"action": "delivered", "attempt": 1, "class": "TERMINAL_RESULT", "episode_id": "stocks:episode-1", "result_file": "stocks/results/TASK-d6efe57849ec5f14547af45741a1b754.9b85fcc67402dc78.json", "result_write": "WRITTEN", "status": "RESULT", "task_id": "stocks:TASK-d6efe57849ec5f14547af45741a1b754"}
--- end
{"n": 13, "domain": "stocks", "label": "stocks: ingest", "at": "2026-09-28T18:42:06Z", "seconds": 0.131, "argv": ["/home/superleo13/predictors/runtime/integration-brasileirao/priv/run-20260928T183300Z-br13/cain-venv/bin/cain", "research", "ingest", "--domain", "stocks", "--state", "/home/superleo13/predictors/runtime/integration-brasileirao/priv/run-20260928T183300Z-br13/failure-matrix/F13/cain-state", "--spool", "/home/superleo13/predictors/runtime/integration-brasileirao/priv/run-20260928T183300Z-br13/failure-matrix/F13/spool"], "fault_env": {}, "exit": 0, "stdout_sha256": "7e594fbb5d809e049f8eaea83bda7a29bdeb4d538c1b4aab07577c8468e16003", "stdout_bytes": 250, "stderr_sha256": "e3b0c44298fc1c149afbf4c8996fb92427ae41e4649b934ca495991b7852b855", "stderr_bytes": 0}
--- stdout
{"action": "ingested", "class": "TERMINAL_RESULT", "fact": "fact:e35b543def014e36a0d3cd7c7dbe8d51", "file": "TASK-d6efe57849ec5f14547af45741a1b754.9b85fcc67402dc78.json", "status": "RESULT", "task_id": "stocks:TASK-d6efe57849ec5f14547af45741a1b754"}
--- end
{"n": 14, "domain": "brasileirao", "label": "ingest wrong tasks", "at": "2026-09-28T18:42:06Z", "seconds": 0.124, "argv": ["/home/superleo13/predictors/runtime/integration-brasileirao/priv/run-20260928T183300Z-br13/cain-venv/bin/cain", "research", "ingest", "--domain", "brasileirao", "--state", "/home/superleo13/predictors/runtime/integration-brasileirao/priv/run-20260928T183300Z-br13/failure-matrix/F13/cain-state", "--spool", "/home/superleo13/predictors/runtime/integration-brasileirao/priv/run-20260928T183300Z-br13/failure-matrix/F13/spool"], "fault_env": {}, "exit": 2, "stdout_sha256": "5c7372ae171d78860e923039259d640e8f0dccaa515ebb05cc2cffa60ae9b70e", "stdout_bytes": 650, "stderr_sha256": "e3b0c44298fc1c149afbf4c8996fb92427ae41e4649b934ca495991b7852b855", "stderr_bytes": 0}
--- stdout
{"action": "duplicate", "file": "TASK-62edb3f3bdba689cc8f39b10441922b8.5fb257c789a03715.json"}
{"action": "rejected", "code": "TASK_NOT_FOUND", "file": "brasileirao-h9.json", "reason": "brasileirao:TASK-a217b64758a0bb915918e79a09d87ac7 was not emitted by this CAIN"}
{"action": "rejected", "code": "DOMAIN_MISMATCH", "file": "crypto-real.json", "reason": "result of domain crypto"}
{"action": "rejected", "code": "CORRELATION_MISMATCH", "file": "other-episode.json", "reason": "CORRELATION_MISMATCH: episode_id differs from the task"}
{"action": "rejected", "code": "DOMAIN_MISMATCH", "file": "stocks-real.json", "reason": "result of domain stocks"}
--- end
{"n": 15, "domain": "brasileirao", "label": "nothing ingested", "at": "2026-09-28T18:42:06Z", "seconds": 0.098, "argv": ["/home/superleo13/predictors/runtime/integration-brasileirao/priv/run-20260928T183300Z-br13/cain-venv/bin/cain", "research", "episodes", "--domain", "brasileirao", "--state", "/home/superleo13/predictors/runtime/integration-brasileirao/priv/run-20260928T183300Z-br13/failure-matrix/F13/cain-state"], "fault_env": {}, "exit": 0, "stdout_sha256": "1e476c5bf69b08902504469407bf962d7471d53e06a90be7e164b6e14e543f35", "stdout_bytes": 1218, "stderr_sha256": "e3b0c44298fc1c149afbf4c8996fb92427ae41e4649b934ca495991b7852b855", "stderr_bytes": 0}
--- stdout
{"domain": "brasileirao", "episodes": [{"as_of": "2026-09-28T18:41:55Z", "decision": "ALLOW", "number": 1, "outbox": {"dispatches": 1, "retries_requested": 0, "status": "PUBLISHED", "task_id": "brasileirao:TASK-62edb3f3bdba689cc8f39b10441922b8"}, "proposal_id": "cain:IB-FM-F13-1", "reason_code": "ALLOWED", "receipt_sha256": "199aec61054ea771b6188add6d26a354a3a822ca7ff71590a744729e7d7343f1", "source": "operator", "task_id": "brasileirao:TASK-62edb3f3bdba689cc8f39b10441922b8"}], "inbox": [{"class": "TERMINAL_RESULT", "fact_id": "fact:f0de8ac99d434471b9e83f9c116129c2", "payload_sha256": "5bf5157311671adb2af3025673bed2bcada3b4f04015fd04269ef7dace9e963a", "status": "RESULT", "task_id": "brasileirao:TASK-62edb3f3bdba689cc8f39b10441922b8"}], "memory": {"broken_at": null, "entries": 3, "head": "2d55ef15391b058569bbf1cbfa620ea0a945f42201dbb5bb9604c5f01b2cf35a", "head_recorded_at": "2026-09-28T18:42:06.241056Z", "projection": "consistent", "status": "intact"}, "rejections": [{"code": "TASK_NOT_FOUND", "file": "brasileirao-h9.json"}, {"code": "DOMAIN_MISMATCH", "file": "crypto-real.json"}, {"code": "CORRELATION_MISMATCH", "file": "other-episode.json"}, {"code": "DOMAIN_MISMATCH", "file": "stocks-real.json"}]}
--- end
