# 2026-09-23T06:03:46Z conferência final
## HYG-006 clones
C:/QUALIFICACAO/repos/cain branch=main HEAD=8b8915aa7c9053b8f078a9fba20b7029180d114c origin/main=8b8915aa7c9053b8f078a9fba20b7029180d114c porcelain=0
C:/QUALIFICACAO/repos/ecosystem-predictor branch=main HEAD=0a4f87e53d3d131e449096f82ba7b0c672b91d85 origin/main=0a4f87e53d3d131e449096f82ba7b0c672b91d85 porcelain=0
C:/QUALIFICACAO/repos/core-predictor branch=main HEAD=5a0841509f091ea0aa95bde0d3d65e2a1a9e984d origin/main=5a0841509f091ea0aa95bde0d3d65e2a1a9e984d porcelain=0
C:/QUALIFICACAO/repos/predictor-ops branch=main HEAD=7bd99ebaea09c74a2ac4243d8991a81c44625a6c origin/main=7bd99ebaea09c74a2ac4243d8991a81c44625a6c porcelain=0
C:/QUALIFICACAO/repos/brasileirao-predictor branch=main HEAD=e14f3394c1908fae6d2f25754e6ab3a6792dbf1e origin/main=e14f3394c1908fae6d2f25754e6ab3a6792dbf1e porcelain=0
C:/Cripto/qualificacao/cripto-predictor branch=main HEAD=5fd4e1b06c79231fd3d9485a1483f3b65e854bea origin/main=5fd4e1b06c79231fd3d9485a1483f3b65e854bea porcelain=0
C:/STOCKS/work/qualification/stocks-predictor branch=main HEAD=4e98a67b68c55888a4788663f3d5bf0899966cb4 origin/main=4e98a67b68c55888a4788663f3d5bf0899966cb4 porcelain=0
## HYG-015 brasileirao
triggers=[workflow_dispatch,] cabeçalho_D13=1
## workflows no push do HEAD de cada main
== cain 8b8915aa7c9053b8f078a9fba20b7029180d114c
  CI [push] success 35822857468
== ecosystem-predictor 0a4f87e53d3d131e449096f82ba7b0c672b91d85
  Full-history security regression [push] success 35823752896
  CI [push] success 35823752886
== core-predictor 5a0841509f091ea0aa95bde0d3d65e2a1a9e984d
  CI [push] success 35823003554
  CodeQL [dynamic] success 35823003519
== predictor-ops 7bd99ebaea09c74a2ac4243d8991a81c44625a6c
  CodeQL [dynamic] success 35823068277
  CI [push] success 35823068759
== brasileirao-predictor e14f3394c1908fae6d2f25754e6ab3a6792dbf1e
  CI Pipeline [push] success 35824710652
  Scoped synthetic publication validation [push] success 35824710697
== cripto-predictor 5fd4e1b06c79231fd3d9485a1483f3b65e854bea
  CI [push] success 35822807920
== stocks-predictor 4e98a67b68c55888a4788663f3d5bf0899966cb4
  CI Pipeline [push] success 35822899971
## HF-008 brasileirao: arquivos congelados 34d73e2 -> e14f339
(vazio = bytes inalterados)
