provision	Set up job	﻿2026-09-23T05:21:46.7641389Z Current runner version: '2.337.0'
provision	Set up job	2026-09-23T05:21:46.7663366Z ##[group]Runner Image Provisioner
provision	Set up job	2026-09-23T05:21:46.7664045Z Hosted Compute Agent
provision	Set up job	2026-09-23T05:21:46.7664479Z Version: 20260828.587
provision	Set up job	2026-09-23T05:21:46.7664951Z Commit: abac92662cab4cc7352de4f9f9d2e2419aad9c29
provision	Set up job	2026-09-23T05:21:46.7665471Z Build Date: 2026-08-28T16:44:25Z
provision	Set up job	2026-09-23T05:21:46.7665956Z Worker ID: {826551be-79b6-405c-8b75-b32c124e4b43}
provision	Set up job	2026-09-23T05:21:46.7666493Z Azure Region: centralus
provision	Set up job	2026-09-23T05:21:46.7666929Z ##[endgroup]
provision	Set up job	2026-09-23T05:21:46.7667865Z ##[group]Operating System
provision	Set up job	2026-09-23T05:21:46.7668280Z Ubuntu
provision	Set up job	2026-09-23T05:21:46.7668656Z 24.04.5
provision	Set up job	2026-09-23T05:21:46.7669008Z LTS
provision	Set up job	2026-09-23T05:21:46.7669348Z ##[endgroup]
provision	Set up job	2026-09-23T05:21:46.7669755Z ##[group]Runner Image
provision	Set up job	2026-09-23T05:21:46.7670188Z Image: ubuntu-24.04
provision	Set up job	2026-09-23T05:21:46.7670579Z Version: 20260907.300.1
provision	Set up job	2026-09-23T05:21:46.7671284Z Included Software: https://github.com/actions/runner-images/blob/ubuntu24/20260907.300/images/ubuntu/Ubuntu2404-Readme.md
provision	Set up job	2026-09-23T05:21:46.7672790Z Image Release: https://github.com/actions/runner-images/releases/tag/ubuntu24%2F20260907.300
provision	Set up job	2026-09-23T05:21:46.7673463Z ##[endgroup]
provision	Set up job	2026-09-23T05:21:46.7674540Z ##[group]GITHUB_TOKEN Permissions
provision	Set up job	2026-09-23T05:21:46.7676276Z Contents: read
provision	Set up job	2026-09-23T05:21:46.7676719Z Metadata: read
provision	Set up job	2026-09-23T05:21:46.7677097Z ##[endgroup]
provision	Set up job	2026-09-23T05:21:46.7678522Z Secret source: Actions
provision	Set up job	2026-09-23T05:21:46.7679203Z Cache mode: write
provision	Set up job	2026-09-23T05:21:46.7679660Z Prepare workflow directory
provision	Set up job	2026-09-23T05:21:46.7905019Z Prepare all required actions
provision	Set up job	2026-09-23T05:21:46.7940128Z Getting action download info
provision	Set up job	2026-09-23T05:21:47.0348827Z Download action repository 'actions/checkout@v4' (SHA:11d5960a326750d5838078e36cf38b85af677262)
provision	Set up job	2026-09-23T05:21:47.2614020Z Download action repository 'actions/upload-artifact@v4' (SHA:ea165f8d65b6e75b540449e92b4886f43607fa02)
provision	Set up job	2026-09-23T05:21:47.6774040Z Complete job name: provision
provision	Run actions/checkout@v4	﻿2026-09-23T05:21:47.7305436Z Node 20 is being deprecated. This workflow is running with Node 24 by default. If you need to temporarily use Node 20, you can set the ACTIONS_ALLOW_USE_UNSECURE_NODE_VERSION=true environment variable. For more information see: https://github.blog/changelog/2025-09-19-deprecation-of-node-20-on-github-actions-runners/
provision	Run actions/checkout@v4	2026-09-23T05:21:47.7312208Z ##[group]Run actions/checkout@v4
provision	Run actions/checkout@v4	2026-09-23T05:21:47.7313427Z with:
provision	Run actions/checkout@v4	2026-09-23T05:21:47.7314120Z   repository: leonardosovienski/predictor-qualification
provision	Run actions/checkout@v4	2026-09-23T05:21:47.7317467Z   token: ***
provision	Run actions/checkout@v4	2026-09-23T05:21:47.7318032Z   ssh-strict: true
provision	Run actions/checkout@v4	2026-09-23T05:21:47.7318594Z   ssh-user: git
provision	Run actions/checkout@v4	2026-09-23T05:21:47.7319213Z   persist-credentials: true
provision	Run actions/checkout@v4	2026-09-23T05:21:47.7319871Z   clean: true
provision	Run actions/checkout@v4	2026-09-23T05:21:47.7320458Z   sparse-checkout-cone-mode: true
provision	Run actions/checkout@v4	2026-09-23T05:21:47.7321097Z   fetch-depth: 1
provision	Run actions/checkout@v4	2026-09-23T05:21:47.7321657Z   fetch-tags: false
provision	Run actions/checkout@v4	2026-09-23T05:21:47.7322252Z   show-progress: true
provision	Run actions/checkout@v4	2026-09-23T05:21:47.7322975Z   lfs: false
provision	Run actions/checkout@v4	2026-09-23T05:21:47.7323542Z   submodules: false
provision	Run actions/checkout@v4	2026-09-23T05:21:47.7324240Z   set-safe-directory: true
provision	Run actions/checkout@v4	2026-09-23T05:21:47.7324870Z   allow-unsafe-pr-checkout: false
provision	Run actions/checkout@v4	2026-09-23T05:21:47.7325664Z ##[endgroup]
provision	Run actions/checkout@v4	2026-09-23T05:21:47.8092979Z Syncing repository: leonardosovienski/predictor-qualification
provision	Run actions/checkout@v4	2026-09-23T05:21:47.8095372Z ##[group]Getting Git version info
provision	Run actions/checkout@v4	2026-09-23T05:21:47.8096698Z Working directory is '/home/runner/work/predictor-qualification/predictor-qualification'
provision	Run actions/checkout@v4	2026-09-23T05:21:47.8098503Z [command]/usr/bin/git version
provision	Run actions/checkout@v4	2026-09-23T05:21:47.8212831Z git version 2.55.0
provision	Run actions/checkout@v4	2026-09-23T05:21:47.8230075Z ##[endgroup]
provision	Run actions/checkout@v4	2026-09-23T05:21:47.8244322Z Temporarily overriding HOME='/home/runner/work/_temp/fece298f-3b44-42cf-a7e4-f1785273b88d' before making global git config changes
provision	Run actions/checkout@v4	2026-09-23T05:21:47.8246553Z Adding repository directory to the temporary git global config as a safe directory
provision	Run actions/checkout@v4	2026-09-23T05:21:47.8249827Z [command]/usr/bin/git config --global --add safe.directory /home/runner/work/predictor-qualification/predictor-qualification
provision	Run actions/checkout@v4	2026-09-23T05:21:47.8294441Z Deleting the contents of '/home/runner/work/predictor-qualification/predictor-qualification'
provision	Run actions/checkout@v4	2026-09-23T05:21:47.8298743Z ##[group]Initializing the repository
provision	Run actions/checkout@v4	2026-09-23T05:21:47.8303020Z [command]/usr/bin/git init /home/runner/work/predictor-qualification/predictor-qualification
provision	Run actions/checkout@v4	2026-09-23T05:21:47.8437335Z hint: Using 'master' as the name for the initial branch. This default branch name
provision	Run actions/checkout@v4	2026-09-23T05:21:47.8439434Z hint: will change to "main" in Git 3.0. To configure the initial branch name
provision	Run actions/checkout@v4	2026-09-23T05:21:47.8441400Z hint: to use in all of your new repositories, which will suppress this warning,
provision	Run actions/checkout@v4	2026-09-23T05:21:47.8442876Z hint: call:
provision	Run actions/checkout@v4	2026-09-23T05:21:47.8443684Z hint:
provision	Run actions/checkout@v4	2026-09-23T05:21:47.8445244Z hint: 	git config --global init.defaultBranch <name>
provision	Run actions/checkout@v4	2026-09-23T05:21:47.8446401Z hint:
provision	Run actions/checkout@v4	2026-09-23T05:21:47.8447430Z hint: Names commonly chosen instead of 'master' are 'main', 'trunk' and
provision	Run actions/checkout@v4	2026-09-23T05:21:47.8450834Z hint: 'development'. The just-created branch can be renamed via this command:
provision	Run actions/checkout@v4	2026-09-23T05:21:47.8452524Z hint:
provision	Run actions/checkout@v4	2026-09-23T05:21:47.8453736Z hint: 	git branch -m <name>
provision	Run actions/checkout@v4	2026-09-23T05:21:47.8454640Z hint:
provision	Run actions/checkout@v4	2026-09-23T05:21:47.8456131Z hint: Disable this message with "git config set advice.defaultBranchName false"
provision	Run actions/checkout@v4	2026-09-23T05:21:47.8457845Z Initialized empty Git repository in /home/runner/work/predictor-qualification/predictor-qualification/.git/
provision	Run actions/checkout@v4	2026-09-23T05:21:47.8461139Z [command]/usr/bin/git remote add origin https://github.com/leonardosovienski/predictor-qualification
provision	Run actions/checkout@v4	2026-09-23T05:21:47.8464820Z ##[endgroup]
provision	Run actions/checkout@v4	2026-09-23T05:21:47.8466394Z ##[group]Disabling automatic garbage collection
provision	Run actions/checkout@v4	2026-09-23T05:21:47.8470136Z [command]/usr/bin/git config --local gc.auto 0
provision	Run actions/checkout@v4	2026-09-23T05:21:47.8474140Z ##[endgroup]
provision	Run actions/checkout@v4	2026-09-23T05:21:47.8475880Z ##[group]Setting up auth
provision	Run actions/checkout@v4	2026-09-23T05:21:47.8477153Z [command]/usr/bin/git config --local --name-only --get-regexp core\.sshCommand
provision	Run actions/checkout@v4	2026-09-23T05:21:47.8497869Z [command]/usr/bin/git submodule foreach --recursive sh -c "git config --local --name-only --get-regexp 'core\.sshCommand' && git config --local --unset-all 'core.sshCommand' || :"
provision	Run actions/checkout@v4	2026-09-23T05:21:48.1229214Z [command]/usr/bin/git config --local --name-only --get-regexp http\.https\:\/\/github\.com\/\.extraheader
provision	Run actions/checkout@v4	2026-09-23T05:21:48.1257798Z [command]/usr/bin/git submodule foreach --recursive sh -c "git config --local --name-only --get-regexp 'http\.https\:\/\/github\.com\/\.extraheader' && git config --local --unset-all 'http.https://github.com/.extraheader' || :"
provision	Run actions/checkout@v4	2026-09-23T05:21:48.1408839Z [command]/usr/bin/git config --local --name-only --get-regexp ^includeIf\.gitdir:
provision	Run actions/checkout@v4	2026-09-23T05:21:48.1433025Z [command]/usr/bin/git submodule foreach --recursive git config --local --show-origin --name-only --get-regexp remote.origin.url
provision	Run actions/checkout@v4	2026-09-23T05:21:48.1583444Z [command]/usr/bin/git config --local http.https://github.com/.extraheader AUTHORIZATION: basic ***
provision	Run actions/checkout@v4	2026-09-23T05:21:48.1608658Z ##[endgroup]
provision	Run actions/checkout@v4	2026-09-23T05:21:48.1610183Z ##[group]Fetching the repository
provision	Run actions/checkout@v4	2026-09-23T05:21:48.1617091Z [command]/usr/bin/git -c protocol.version=2 fetch --no-tags --prune --no-recurse-submodules --depth=1 origin +b5178b8ed671d8f4f45f2d9b7cc7df34ca2670db:refs/remotes/origin/hygiene/HYG-012-runtime-roots-linux-vm
provision	Run actions/checkout@v4	2026-09-23T05:21:48.6959941Z From https://github.com/leonardosovienski/predictor-qualification
provision	Run actions/checkout@v4	2026-09-23T05:21:48.6962213Z  * [new ref]         b5178b8ed671d8f4f45f2d9b7cc7df34ca2670db -> origin/hygiene/HYG-012-runtime-roots-linux-vm
provision	Run actions/checkout@v4	2026-09-23T05:21:48.6966586Z ##[endgroup]
provision	Run actions/checkout@v4	2026-09-23T05:21:48.6967846Z ##[group]Determining the checkout info
provision	Run actions/checkout@v4	2026-09-23T05:21:48.6969114Z ##[endgroup]
provision	Run actions/checkout@v4	2026-09-23T05:21:48.6970324Z [command]/usr/bin/git sparse-checkout disable
provision	Run actions/checkout@v4	2026-09-23T05:21:48.7105058Z [command]/usr/bin/git config --local --unset-all extensions.worktreeConfig
provision	Run actions/checkout@v4	2026-09-23T05:21:48.7127102Z ##[group]Checking out the ref
provision	Run actions/checkout@v4	2026-09-23T05:21:48.7131272Z [command]/usr/bin/git checkout --progress --force -B hygiene/HYG-012-runtime-roots-linux-vm refs/remotes/origin/hygiene/HYG-012-runtime-roots-linux-vm
provision	Run actions/checkout@v4	2026-09-23T05:21:48.7190426Z Switched to a new branch 'hygiene/HYG-012-runtime-roots-linux-vm'
provision	Run actions/checkout@v4	2026-09-23T05:21:48.7194051Z branch 'hygiene/HYG-012-runtime-roots-linux-vm' set up to track 'origin/hygiene/HYG-012-runtime-roots-linux-vm'.
provision	Run actions/checkout@v4	2026-09-23T05:21:48.7197759Z ##[endgroup]
provision	Run actions/checkout@v4	2026-09-23T05:21:48.7227288Z [command]/usr/bin/git log -1 --format=%H
provision	Run actions/checkout@v4	2026-09-23T05:21:48.7243525Z b5178b8ed671d8f4f45f2d9b7cc7df34ca2670db
provision	Provision	﻿2026-09-23T05:21:48.7417636Z ##[group]Run bash qualification/shared/HYGIENE/scripts/provision_linux_vm.sh "$RUNNER_TEMP/qualificacao" main
provision	Provision	2026-09-23T05:21:48.7419573Z ^[[36;1mbash qualification/shared/HYGIENE/scripts/provision_linux_vm.sh "$RUNNER_TEMP/qualificacao" main^[[0m
provision	Provision	2026-09-23T05:21:48.7445348Z shell: /usr/bin/bash -e {0}
provision	Provision	2026-09-23T05:21:48.7446094Z ##[endgroup]
provision	Provision	2026-09-23T05:21:49.2326529Z /tmp/tmp.fHEPi1PbzQ/uv-x86_64-unknown-linux-gnu.tar.gz: OK
provision	Provision	2026-09-23T05:21:49.6575716Z Downloading cpython-3.13.15-linux-x86_64-gnu (download) (33.2MiB)
provision	Provision	2026-09-23T05:21:50.5415385Z  Downloaded cpython-3.13.15-linux-x86_64-gnu (download)
provision	Provision	2026-09-23T05:21:50.5514441Z Installed Python 3.13.15 in 1.01s
provision	Provision	2026-09-23T05:21:50.5515323Z  + cpython-3.13.15-linux-x86_64-gnu (python3.13)
provision	Provision	2026-09-23T05:22:06.9803281Z {
provision	Provision	2026-09-23T05:22:06.9804329Z   "schema": "provision-receipt/1",
provision	Provision	2026-09-23T05:22:06.9804792Z   "generated_at": "2026-09-23T05:22:06Z",
provision	Provision	2026-09-23T05:22:06.9805747Z   "os": "Ubuntu 24.04.5 LTS",
provision	Provision	2026-09-23T05:22:06.9806350Z   "kernel": "6.17.0-1022-azure",
provision	Provision	2026-09-23T05:22:06.9806917Z   "uv": "uv 0.12.18 (x86_64-unknown-linux-gnu)",
provision	Provision	2026-09-23T05:22:06.9807469Z   "uv_asset_sha256": "89eadd7c76fc063887959510d5ba0ab1264dfd5f1143b925ddb73021a40acf16",
provision	Provision	2026-09-23T05:22:06.9807902Z   "python": "3.13.15",
provision	Provision	2026-09-23T05:22:06.9808444Z   "python_path": "/home/runner/work/_temp/qualificacao/tools/python/cpython-3.13-linux-x86_64-gnu/bin/python3.13",
provision	Provision	2026-09-23T05:22:06.9808954Z   "ref": "main",
provision	Provision	2026-09-23T05:22:06.9809292Z   "repos": {
provision	Provision	2026-09-23T05:22:06.9809606Z     "cain": "5fe340a41809ddbe3f0dc795c7d9eb258014eaa6",
provision	Provision	2026-09-23T05:22:06.9810040Z     "ecosystem-predictor": "a879525c49f1b3ac2050a3a70b10a322501b1e56",
provision	Provision	2026-09-23T05:22:06.9810489Z     "core-predictor": "9bf43efe92459a0b484cac00f51170b2c70d420f",
provision	Provision	2026-09-23T05:22:06.9810875Z     "predictor-ops": "b19e69527c0fda5cb1f96281d3a984fea1431768",
provision	Provision	2026-09-23T05:22:06.9811263Z     "brasileirao-predictor": "34d73e25104425aee2eeda1e8f7a2c01902a686e",
provision	Provision	2026-09-23T05:22:06.9811662Z     "cripto-predictor": "acdf2891226e845073be3b7532ba7f90b4e8be7b",
provision	Provision	2026-09-23T05:22:06.9812062Z     "stocks-predictor": "5cf27f44f579cb40d8b873c0f10005360427a2d0"
provision	Provision	2026-09-23T05:22:06.9813165Z   }
provision	Provision	2026-09-23T05:22:06.9813478Z }
provision	Provision	2026-09-23T05:22:06.9813725Z PROVISION_OK
provision	Idempotent re-run	﻿2026-09-23T05:22:06.9844379Z ##[group]Run bash qualification/shared/HYGIENE/scripts/provision_linux_vm.sh "$RUNNER_TEMP/qualificacao" main
provision	Idempotent re-run	2026-09-23T05:22:06.9845025Z ^[[36;1mbash qualification/shared/HYGIENE/scripts/provision_linux_vm.sh "$RUNNER_TEMP/qualificacao" main^[[0m
provision	Idempotent re-run	2026-09-23T05:22:06.9863442Z shell: /usr/bin/bash -e {0}
provision	Idempotent re-run	2026-09-23T05:22:06.9863805Z ##[endgroup]
provision	Idempotent re-run	2026-09-23T05:22:07.0925447Z Python 3.13 is already installed
provision	Idempotent re-run	2026-09-23T05:22:08.2283250Z {
provision	Idempotent re-run	2026-09-23T05:22:08.2284575Z   "schema": "provision-receipt/1",
provision	Idempotent re-run	2026-09-23T05:22:08.2285490Z   "generated_at": "2026-09-23T05:22:08Z",
provision	Idempotent re-run	2026-09-23T05:22:08.2285958Z   "os": "Ubuntu 24.04.5 LTS",
provision	Idempotent re-run	2026-09-23T05:22:08.2286574Z   "kernel": "6.17.0-1022-azure",
provision	Idempotent re-run	2026-09-23T05:22:08.2287012Z   "uv": "uv 0.12.18 (x86_64-unknown-linux-gnu)",
provision	Idempotent re-run	2026-09-23T05:22:08.2287623Z   "uv_asset_sha256": "89eadd7c76fc063887959510d5ba0ab1264dfd5f1143b925ddb73021a40acf16",
provision	Idempotent re-run	2026-09-23T05:22:08.2288191Z   "python": "3.13.15",
provision	Idempotent re-run	2026-09-23T05:22:08.2288840Z   "python_path": "/home/runner/work/_temp/qualificacao/tools/python/cpython-3.13-linux-x86_64-gnu/bin/python3.13",
provision	Idempotent re-run	2026-09-23T05:22:08.2289748Z   "ref": "main",
provision	Idempotent re-run	2026-09-23T05:22:08.2290167Z   "repos": {
provision	Idempotent re-run	2026-09-23T05:22:08.2290809Z     "cain": "5fe340a41809ddbe3f0dc795c7d9eb258014eaa6",
provision	Idempotent re-run	2026-09-23T05:22:08.2291465Z     "ecosystem-predictor": "a879525c49f1b3ac2050a3a70b10a322501b1e56",
provision	Idempotent re-run	2026-09-23T05:22:08.2292103Z     "core-predictor": "9bf43efe92459a0b484cac00f51170b2c70d420f",
provision	Idempotent re-run	2026-09-23T05:22:08.2293252Z     "predictor-ops": "b19e69527c0fda5cb1f96281d3a984fea1431768",
provision	Idempotent re-run	2026-09-23T05:22:08.2294335Z     "brasileirao-predictor": "34d73e25104425aee2eeda1e8f7a2c01902a686e",
provision	Idempotent re-run	2026-09-23T05:22:08.2295163Z     "cripto-predictor": "acdf2891226e845073be3b7532ba7f90b4e8be7b",
provision	Idempotent re-run	2026-09-23T05:22:08.2295812Z     "stocks-predictor": "5cf27f44f579cb40d8b873c0f10005360427a2d0"
provision	Idempotent re-run	2026-09-23T05:22:08.2296469Z   }
provision	Idempotent re-run	2026-09-23T05:22:08.2296859Z }
provision	Idempotent re-run	2026-09-23T05:22:08.2297303Z PROVISION_OK
provision	Run actions/upload-artifact@v4	﻿2026-09-23T05:22:08.2373900Z Node 20 is being deprecated. This workflow is running with Node 24 by default. If you need to temporarily use Node 20, you can set the ACTIONS_ALLOW_USE_UNSECURE_NODE_VERSION=true environment variable. For more information see: https://github.blog/changelog/2025-09-19-deprecation-of-node-20-on-github-actions-runners/
provision	Run actions/upload-artifact@v4	2026-09-23T05:22:08.2375540Z ##[group]Run actions/upload-artifact@v4
provision	Run actions/upload-artifact@v4	2026-09-23T05:22:08.2375861Z with:
provision	Run actions/upload-artifact@v4	2026-09-23T05:22:08.2376109Z   name: provision-receipt
provision	Run actions/upload-artifact@v4	2026-09-23T05:22:08.2376445Z   path: /home/runner/work/_temp/qualificacao/PROVISION_RECEIPT.json
provision	Run actions/upload-artifact@v4	2026-09-23T05:22:08.2376791Z   if-no-files-found: error
provision	Run actions/upload-artifact@v4	2026-09-23T05:22:08.2377030Z   compression-level: 6
provision	Run actions/upload-artifact@v4	2026-09-23T05:22:08.2377296Z   overwrite: false
provision	Run actions/upload-artifact@v4	2026-09-23T05:22:08.2377520Z   include-hidden-files: false
provision	Run actions/upload-artifact@v4	2026-09-23T05:22:08.2377753Z ##[endgroup]
provision	Run actions/upload-artifact@v4	2026-09-23T05:22:08.3563106Z (node:2272) [DEP0040] DeprecationWarning: The `punycode` module is deprecated. Please use a userland alternative instead.
provision	Run actions/upload-artifact@v4	2026-09-23T05:22:08.3563775Z (Use `node --trace-deprecation ...` to show where the warning was created)
provision	Run actions/upload-artifact@v4	2026-09-23T05:22:08.3596169Z With the provided path, there will be 1 file uploaded
provision	Run actions/upload-artifact@v4	2026-09-23T05:22:08.3600141Z Artifact name is valid!
provision	Run actions/upload-artifact@v4	2026-09-23T05:22:08.3606572Z Root directory input is valid!
provision	Run actions/upload-artifact@v4	2026-09-23T05:22:08.6327465Z Beginning upload of artifact content to blob storage
provision	Run actions/upload-artifact@v4	2026-09-23T05:22:08.6449756Z (node:2272) [DEP0169] DeprecationWarning: `url.parse()` behavior is not standardized and prone to errors that have security implications. Use the WHATWG URL API instead. CVEs are not issued for `url.parse()` vulnerabilities.
provision	Run actions/upload-artifact@v4	2026-09-23T05:22:08.7597574Z Uploaded bytes 707
provision	Run actions/upload-artifact@v4	2026-09-23T05:22:08.7939156Z Finished uploading artifact content to blob storage!
provision	Run actions/upload-artifact@v4	2026-09-23T05:22:08.7940283Z SHA256 digest of uploaded artifact zip is 798da5cbf6576fb0d9cbb88e5b118d01e6400ba6e1ef8aac7d3e5c244dd3e4f2
provision	Run actions/upload-artifact@v4	2026-09-23T05:22:08.7941139Z Finalizing artifact upload
provision	Run actions/upload-artifact@v4	2026-09-23T05:22:08.9957836Z Artifact provision-receipt.zip successfully finalized. Artifact ID 10733638279
provision	Run actions/upload-artifact@v4	2026-09-23T05:22:08.9958555Z Artifact provision-receipt has been successfully uploaded! Final size is 707 bytes. Artifact ID is 10733638279
provision	Run actions/upload-artifact@v4	2026-09-23T05:22:08.9963787Z Artifact download URL: https://github.com/leonardosovienski/predictor-qualification/actions/runs/35822087078/artifacts/10733638279
provision	Post Run actions/checkout@v4	﻿2026-09-23T05:22:09.0113500Z Node 20 is being deprecated. This workflow is running with Node 24 by default. If you need to temporarily use Node 20, you can set the ACTIONS_ALLOW_USE_UNSECURE_NODE_VERSION=true environment variable. For more information see: https://github.blog/changelog/2025-09-19-deprecation-of-node-20-on-github-actions-runners/
provision	Post Run actions/checkout@v4	2026-09-23T05:22:09.0114542Z Post job cleanup.
provision	Post Run actions/checkout@v4	2026-09-23T05:22:09.0721097Z [command]/usr/bin/git version
provision	Post Run actions/checkout@v4	2026-09-23T05:22:09.0748724Z git version 2.55.0
provision	Post Run actions/checkout@v4	2026-09-23T05:22:09.0773472Z Temporarily overriding HOME='/home/runner/work/_temp/9fb424cc-fd47-413f-b340-886267f7bc08' before making global git config changes
provision	Post Run actions/checkout@v4	2026-09-23T05:22:09.0774620Z Adding repository directory to the temporary git global config as a safe directory
provision	Post Run actions/checkout@v4	2026-09-23T05:22:09.0778002Z [command]/usr/bin/git config --global --add safe.directory /home/runner/work/predictor-qualification/predictor-qualification
provision	Post Run actions/checkout@v4	2026-09-23T05:22:09.0804762Z [command]/usr/bin/git config --local --name-only --get-regexp core\.sshCommand
provision	Post Run actions/checkout@v4	2026-09-23T05:22:09.0829148Z [command]/usr/bin/git submodule foreach --recursive sh -c "git config --local --name-only --get-regexp 'core\.sshCommand' && git config --local --unset-all 'core.sshCommand' || :"
provision	Post Run actions/checkout@v4	2026-09-23T05:22:09.0984680Z [command]/usr/bin/git config --local --name-only --get-regexp http\.https\:\/\/github\.com\/\.extraheader
provision	Post Run actions/checkout@v4	2026-09-23T05:22:09.1001407Z http.https://github.com/.extraheader
provision	Post Run actions/checkout@v4	2026-09-23T05:22:09.1008275Z [command]/usr/bin/git config --local --unset-all http.https://github.com/.extraheader
provision	Post Run actions/checkout@v4	2026-09-23T05:22:09.1038271Z [command]/usr/bin/git submodule foreach --recursive sh -c "git config --local --name-only --get-regexp 'http\.https\:\/\/github\.com\/\.extraheader' && git config --local --unset-all 'http.https://github.com/.extraheader' || :"
provision	Post Run actions/checkout@v4	2026-09-23T05:22:09.1188920Z [command]/usr/bin/git config --local --name-only --get-regexp ^includeIf\.gitdir:
provision	Post Run actions/checkout@v4	2026-09-23T05:22:09.1211136Z [command]/usr/bin/git submodule foreach --recursive git config --local --show-origin --name-only --get-regexp remote.origin.url
provision	Complete job	﻿2026-09-23T05:22:09.1463360Z Cleaning up orphan processes
provision	Complete job	2026-09-23T05:22:09.1636655Z ##[warning]Node.js 20 is deprecated. The following actions target Node.js 20 but are being forced to run on Node.js 24: actions/checkout@v4, actions/upload-artifact@v4. For more information see: https://github.blog/changelog/2025-09-19-deprecation-of-node-20-on-github-actions-runners/
