# 2026-09-23T04:01:27Z HYG-001 investigação de reprodutibilidade
uv: uv 0.12.18 (01cb90c1a 2026-09-22 x86_64-pc-windows-msvc); python 3.13.14 (uv managed); SOURCE_DATE_EPOCH=1758240000
ecosystem main=a879525c49f1b3ac2050a3a70b10a322501b1e56; tree packages/ = 30011f9f (igual ao commit auditado 869f4d1)

## hashes auditados (ecosystem audits/cain-cripto-20260920/STACK_MANIFEST.json)
    {"distribution":"predictor-research-bundle","version":"1.0.1rc1","sha256":"50ca64dc5525f7d9d0fb635f4bfb8669426439bcb7a26b7dd944c27944dfd683","published":false,"installed_and_tested":true},
    {"distribution":"predictor-research-protocol","version":"1.0.3rc1","sha256":"9aacfa87672d7fcf527146cd49a685daea87e310fbe615c99da5bde76ee75d79","published":false,"installed_and_tested":true},
    {"distribution":"predictor-research-snapshot","version":"1.0.2rc1","sha256":"040068d9c26f6c46a54259ca6b86ac7c1a1fc321e01720309f95831f5fefeec3","published":false,"installed_and_tested":true}

## build lf (hyg001_build.sh, 2x)
65cf40c59c4f65d013a1134051fb94aa7c75b44f4ea6c71a54e25519143d0ea9 *predictor_research_bundle-1.0.1rc1-py3-none-any.whl
312ab9742271de9f0efe6912f5828122d546751e559f493bede01c8fc6a24032 *predictor_research_protocol-1.0.3rc1-py3-none-any.whl
3bd4c0414ac2d457923601e3f919f6353b5cb9370a0f420a7a3ffc013a0aafad *predictor_research_snapshot-1.0.2rc1-py3-none-any.whl
65cf40c59c4f65d013a1134051fb94aa7c75b44f4ea6c71a54e25519143d0ea9 *predictor_research_bundle-1.0.1rc1-py3-none-any.whl
312ab9742271de9f0efe6912f5828122d546751e559f493bede01c8fc6a24032 *predictor_research_protocol-1.0.3rc1-py3-none-any.whl
3bd4c0414ac2d457923601e3f919f6353b5cb9370a0f420a7a3ffc013a0aafad *predictor_research_snapshot-1.0.2rc1-py3-none-any.whl

## build crlf (hyg001_build.sh, 2x)
9395f209766f6d68a6f042a218d31f955ac41bcc47eb49f3a486fc6509cc163d *predictor_research_bundle-1.0.1rc1-py3-none-any.whl
9aacfa87672d7fcf527146cd49a685daea87e310fbe615c99da5bde76ee75d79 *predictor_research_protocol-1.0.3rc1-py3-none-any.whl
9253be11f358fa6c77651c90d9fed266faf2171352959fdf6d6625a64dd54d62 *predictor_research_snapshot-1.0.2rc1-py3-none-any.whl
9395f209766f6d68a6f042a218d31f955ac41bcc47eb49f3a486fc6509cc163d *predictor_research_bundle-1.0.1rc1-py3-none-any.whl
9aacfa87672d7fcf527146cd49a685daea87e310fbe615c99da5bde76ee75d79 *predictor_research_protocol-1.0.3rc1-py3-none-any.whl
9253be11f358fa6c77651c90d9fed266faf2171352959fdf6d6625a64dd54d62 *predictor_research_snapshot-1.0.2rc1-py3-none-any.whl

## build 126a929 (hyg001_build.sh, 2x)
9395f209766f6d68a6f042a218d31f955ac41bcc47eb49f3a486fc6509cc163d *predictor_research_bundle-1.0.1rc1-py3-none-any.whl
d3066d6c4ead0a0abca9c13d66dcaf58b6b1a12836eae3da1751c8aab18c2257 *predictor_research_protocol-1.0.2rc1-py3-none-any.whl
9253be11f358fa6c77651c90d9fed266faf2171352959fdf6d6625a64dd54d62 *predictor_research_snapshot-1.0.2rc1-py3-none-any.whl
9395f209766f6d68a6f042a218d31f955ac41bcc47eb49f3a486fc6509cc163d *predictor_research_bundle-1.0.1rc1-py3-none-any.whl
d3066d6c4ead0a0abca9c13d66dcaf58b6b1a12836eae3da1751c8aab18c2257 *predictor_research_protocol-1.0.2rc1-py3-none-any.whl
9253be11f358fa6c77651c90d9fed266faf2171352959fdf6d6625a64dd54d62 *predictor_research_snapshot-1.0.2rc1-py3-none-any.whl

## wheels auditados localizados (C:/Cripto/work/cain-cripto-integration-20260919, só leitura)
177253c8bfd0183e7b6bc99a001e24be9df94954dac687d88580b7b2c710a10c *artifacts-final-20260920-a/cain_research-0.4.13rc3-py3-none-any.whl
5ee96b892d7e0bcaf39080242d71e78a487d351898c6e80ccc3a1ea42b883356 *artifacts-final-20260920-a/cripto_predictor-1.1.1rc2-py3-none-any.whl
a918d8170d7b55a7fc65f552475e01158bbb3ad553581ac3b5d9cff5852ebc5c *artifacts-final-20260920-a/ecosystem_predictor-0.2.0-py3-none-any.whl
50ca64dc5525f7d9d0fb635f4bfb8669426439bcb7a26b7dd944c27944dfd683 *artifacts-final-20260920-a/predictor_research_bundle-1.0.1rc1-py3-none-any.whl
7fb8f53876f876866934b22e10a6f6571852f1e8d152dacbf1c25f2e7d825112 *artifacts-final-20260920-a/predictor_research_protocol-1.0.2rc1-py3-none-any.whl
040068d9c26f6c46a54259ca6b86ac7c1a1fc321e01720309f95831f5fefeec3 *artifacts-final-20260920-a/predictor_research_snapshot-1.0.2rc1-py3-none-any.whl
177253c8bfd0183e7b6bc99a001e24be9df94954dac687d88580b7b2c710a10c *artifacts-final-20260920-b/cain_research-0.4.13rc3-py3-none-any.whl
5ee96b892d7e0bcaf39080242d71e78a487d351898c6e80ccc3a1ea42b883356 *artifacts-final-20260920-b/cripto_predictor-1.1.1rc2-py3-none-any.whl
a918d8170d7b55a7fc65f552475e01158bbb3ad553581ac3b5d9cff5852ebc5c *artifacts-final-20260920-b/ecosystem_predictor-0.2.0-py3-none-any.whl
50ca64dc5525f7d9d0fb635f4bfb8669426439bcb7a26b7dd944c27944dfd683 *artifacts-final-20260920-b/predictor_research_bundle-1.0.1rc1-py3-none-any.whl
7fb8f53876f876866934b22e10a6f6571852f1e8d152dacbf1c25f2e7d825112 *artifacts-final-20260920-b/predictor_research_protocol-1.0.2rc1-py3-none-any.whl
040068d9c26f6c46a54259ca6b86ac7c1a1fc321e01720309f95831f5fefeec3 *artifacts-final-20260920-b/predictor_research_snapshot-1.0.2rc1-py3-none-any.whl
a918d8170d7b55a7fc65f552475e01158bbb3ad553581ac3b5d9cff5852ebc5c *artifacts-final-ecosystem-126a929/ecosystem_predictor-0.2.0-py3-none-any.whl
50ca64dc5525f7d9d0fb635f4bfb8669426439bcb7a26b7dd944c27944dfd683 *artifacts-final-ecosystem-126a929/predictor_research_bundle-1.0.1rc1-py3-none-any.whl
7fb8f53876f876866934b22e10a6f6571852f1e8d152dacbf1c25f2e7d825112 *artifacts-final-ecosystem-126a929/predictor_research_protocol-1.0.2rc1-py3-none-any.whl
040068d9c26f6c46a54259ca6b86ac7c1a1fc321e01720309f95831f5fefeec3 *artifacts-final-ecosystem-126a929/predictor_research_snapshot-1.0.2rc1-py3-none-any.whl

## comparação aud × build LF, conteúdo com EOL normalizado
files=18 eol_normalized_mismatches=0 (snapshot, bundle, protocol; RECORD excluído)
