# 2026-09-23T04:23:20Z HYG-001 build final
script sha256=3dbf89f92528d8266b0751c5cc2c30c9ba6585c49c3c124655d20cd71600c257
uv 0.12.18 (01cb90c1a 2026-09-22 x86_64-pc-windows-msvc); python=C:\QUALIFICACAO\tools\python\cpython-3.13.14-windows-x86_64-none\python.exe
$ bash hyg001_build.sh ecosystem-predictor a879525c49f1b3ac2050a3a70b10a322501b1e56 <out> lf
creating 'C:\\QUALIFICACAO\\tools\\build\\hyg001-final\\dist-a\\.tmp-k_or3g54\\predictor_research_protocol-1.0.3rc1-py3-none-any.whl' and adding 'build\\bdist.win-amd64\\wheel' to it
Successfully built C:\QUALIFICACAO\tools\build\hyg001-final\dist-a\predictor_research_protocol-1.0.3rc1-py3-none-any.whl
creating 'C:\\QUALIFICACAO\\tools\\build\\hyg001-final\\dist-a\\.tmp-b1tcy6og\\predictor_research_snapshot-1.0.2rc1-py3-none-any.whl' and adding 'build\\bdist.win-amd64\\wheel' to it
Successfully built C:\QUALIFICACAO\tools\build\hyg001-final\dist-a\predictor_research_snapshot-1.0.2rc1-py3-none-any.whl
creating 'C:\\QUALIFICACAO\\tools\\build\\hyg001-final\\dist-a\\.tmp-hs9nmqrq\\predictor_research_bundle-1.0.1rc1-py3-none-any.whl' and adding 'build\\bdist.win-amd64\\wheel' to it
Successfully built C:\QUALIFICACAO\tools\build\hyg001-final\dist-a\predictor_research_bundle-1.0.1rc1-py3-none-any.whl
creating 'C:\\QUALIFICACAO\\tools\\build\\hyg001-final\\dist-b\\.tmp-m3qzt6wj\\predictor_research_protocol-1.0.3rc1-py3-none-any.whl' and adding 'build\\bdist.win-amd64\\wheel' to it
Successfully built C:\QUALIFICACAO\tools\build\hyg001-final\dist-b\predictor_research_protocol-1.0.3rc1-py3-none-any.whl
creating 'C:\\QUALIFICACAO\\tools\\build\\hyg001-final\\dist-b\\.tmp-x_ppdu78\\predictor_research_snapshot-1.0.2rc1-py3-none-any.whl' and adding 'build\\bdist.win-amd64\\wheel' to it
Successfully built C:\QUALIFICACAO\tools\build\hyg001-final\dist-b\predictor_research_snapshot-1.0.2rc1-py3-none-any.whl
creating 'C:\\QUALIFICACAO\\tools\\build\\hyg001-final\\dist-b\\.tmp-a1h_mwbc\\predictor_research_bundle-1.0.1rc1-py3-none-any.whl' and adding 'build\\bdist.win-amd64\\wheel' to it
Successfully built C:\QUALIFICACAO\tools\build\hyg001-final\dist-b\predictor_research_bundle-1.0.1rc1-py3-none-any.whl
65cf40c59c4f65d013a1134051fb94aa7c75b44f4ea6c71a54e25519143d0ea9 *predictor_research_bundle-1.0.1rc1-py3-none-any.whl
312ab9742271de9f0efe6912f5828122d546751e559f493bede01c8fc6a24032 *predictor_research_protocol-1.0.3rc1-py3-none-any.whl
3bd4c0414ac2d457923601e3f919f6353b5cb9370a0f420a7a3ffc013a0aafad *predictor_research_snapshot-1.0.2rc1-py3-none-any.whl
65cf40c59c4f65d013a1134051fb94aa7c75b44f4ea6c71a54e25519143d0ea9 *predictor_research_bundle-1.0.1rc1-py3-none-any.whl
312ab9742271de9f0efe6912f5828122d546751e559f493bede01c8fc6a24032 *predictor_research_protocol-1.0.3rc1-py3-none-any.whl
3bd4c0414ac2d457923601e3f919f6353b5cb9370a0f420a7a3ffc013a0aafad *predictor_research_snapshot-1.0.2rc1-py3-none-any.whl
REPRODUCIBLE=YES
exit=0
