# 2026-09-23T03:36:01Z HYG-010
$ git rev-parse HEAD origin/main
1819e0598bfe9f0be2ac51afd2d70ec03c86d676
1819e0598bfe9f0be2ac51afd2d70ec03c86d676
$ sha256sum -c MANIFEST.sha256
qualification/COMMON_QUALIFICATION_CORE.md: OK
qualification/ATTESTATION_SCHEMA.json: OK
prompts/baseline_comum_rev8.md: OK
prompts/fase0_higiene_rev8.md: OK
prompts/prompt_etapa_a_brasileirao_rev8.md: OK
prompts/prompt_etapa_a_cripto_rev8.md: OK
prompts/prompt_etapa_a_stocks_rev8.md: OK
prompts/prompt_etapa_b_integracao_rev8.md: OK
prompts/prompt_preparacao_envelope_v2_rev8.md: OK
exit=0
$ git ls-files --eol qualification/COMMON_QUALIFICATION_CORE.md qualification/ATTESTATION_SCHEMA.json
i/lf    w/lf    attr/text eol=lf      	qualification/ATTESTATION_SCHEMA.json
i/lf    w/lf    attr/text eol=lf      	qualification/COMMON_QUALIFICATION_CORE.md
$ cat .gitattributes
qualification/** text eol=lf
prompts/** text eol=lf
*.json text eol=lf
*.md text eol=lf
$ git show origin/main:qualification/COMMON_QUALIFICATION_CORE.md | sha256sum
50e8f49859daae6dcdf17164781d1837d8b656796924c35060f8d35855ee36e1 *-
3594e35044626264a18270ee4e079e653e3b940f1e7a72d36f2b70972f5bf970 *-
