# 2026-09-23T05:37:16Z HF-004: exame dos 17 objetos soltos (só leitura)
$ ainda presentes?
present 0268df2bc87efee22b39107931bfdf688bd4bba8 blob 2152B
present 160ba902e854c9176d0c6827286297f01d438b4f blob 15180B
present 23f31bc361d21196a32df3ebd869a814611c86ba tree 598B
present 392e967b904ecacd06b69f34c79fb6250b3a2418 blob 1924B
present 3f62edc8ee10552e469a563ea84327942b173c08 blob 1632B
present 4383398bea32678051fa8075ec513882c36b5784 blob 72431B
present 63e952c29c6582b7f24070e8d71d510adf84d6eb blob 25902B
present 65bd8ec0cd239ee67e91ab8ea39b0d2f7e5e1cdd blob 36364B
present 7ad2727bbb4682262b7a8703f4e51c48a48e1a37 blob 23563B
present 834f233438bb20cfdfe3972d3fe4d7fee7e2b5f7 blob 7084B
present a80f57fd595c46467e36d5ba53b8cf3ce37ed643 blob 1867B
present b11c1018374a1450f72b2aa652e41e330f1a8c3d blob 6450B
present be969739c2365917efd19e5e3d67a9bcdbfc321d blob 10449B
present c3792be9f6970463fd97aeafae686a7adecbed8a blob 1511B
present da6d89387b19b413b1ff74288b81fa83484f348e blob 1612B
present ee2b0525ca0cbfa9ceac5564a827c02c2735f010 tree 79B
present f3eccb4f0ebb69edc264effef91ca5cf867bd516 blob 3626B
$ git rev-list --objects --all --reflog --indexed-objects | grep <oids>  (alcançabilidade)
reachable_objects_listed=2156 rev-list_exit=0
hits_among_17=17
$ refs/stash
sem stash
$ trees
tree 23f31bc361d21196a32df3ebd869a814611c86ba:
100644 blob 65bd8ec0cd239ee67e91ab8ea39b0d2f7e5e1cdd	hypothesis_sources.json
100644 blob be969739c2365917efd19e5e3d67a9bcdbfc321d	prepare_hypothesis_catalog.py
100644 blob 1b40c6f87955971ae2a71811c6149d7032dc2612	summarize_independent_review.py
100644 blob 2ccd3d6b35816525642ad4b719e9bcfe73652f2f	verify_agent_capabilities.py
100644 blob 525f1b42a9a02ace6c47ba3dac50b5e51daf59f7	verify_grounded_analysis.py
100644 blob 2fdc8ad1d4fef72187719b2fe4708469fcdeca98	verify_grounded_workflows.py
100644 blob c4ab7c9152d50aa0a779514cf87bc56f43687ace	verify_individual_models.py
100644 blob 2fd0cf6e24c905e7f6725b67f449493e69d83d8b	verify_project_coverage.py
100644 blob 811ef4d37f12319bdcb6df57e3909160c9e328cb	verify_research_delivery.py
100644 blob 38fc01534f50d9279a3e434584719c8e1a05fbeb	verify_research_inspection.py
100644 blob 35e5ddde562791bf224e72ce05a25a703c385a65	verify_wheel.py
tree ee2b0525ca0cbfa9ceac5564a827c02c2735f010:
100644 blob 834f233438bb20cfdfe3972d3fe4d7fee7e2b5f7	__init__.py
100644 blob 465feee4fbbb47978f58521028cce5ad7b23b8c7	streaming.py

$ índices que referenciam os 17 (GIT_INDEX_FILE=<index> git ls-files -s, só leitura)
4  C:/CAIN/projeto/.git/worktrees/checkout/index  (mtime 2026-09-16T00:20:03Z, gitdir=C:/CAIN/work/stocks-remediation-20260915/checkout/.git)
4  C:/CAIN/projeto/.git/worktrees/checkout1/index  (mtime 2026-09-19T15:22:33Z, gitdir=C:/CAIN/work/stocks-study-20260915/checkout/.git)
4  C:/CAIN/projeto/.git/worktrees/correction-checkout/index  (mtime 2026-09-17T01:37:58Z, gitdir=C:/CAIN/work/stocks-conversation-20260916/correction-checkout/.git)
4  C:/CAIN/projeto/.git/worktrees/crypto-grounded-review-git-20260919/index  (mtime 2026-09-19T15:18:57Z, gitdir=C:/CAIN/work/crypto-grounded-review-git-20260919/.git)
6  C:/CAIN/projeto/.git/worktrees/final-clean-cain/index  (mtime 2026-09-21T02:00:55Z, gitdir=C:/CRIPTO/work/cain-cripto-integration-20260919/final-clean-cain/.git)
6  C:/CAIN/projeto/.git/worktrees/impl-cain/index  (mtime 2026-09-20T00:41:33Z, gitdir=C:/CRIPTO/work/cain-cripto-integration-20260919/impl-cain/.git)
6  C:/CAIN/projeto/.git/worktrees/publish-provider-diagnostics-20260919/index  (mtime 2026-09-19T15:47:37Z, gitdir=C:/CAIN/work/publish-provider-diagnostics-20260919/.git)
11  C:/CAIN/projeto/.git/worktrees/source/index  (mtime 2026-09-15T23:55:49Z, gitdir=C:/CAIN/work/publicacao-20260915/source/.git)
6  C:/CAIN/projeto/.git/worktrees/source1/index  (mtime 2026-09-21T01:56:24Z, gitdir=C:/CAIN/work/consolidacao-main-20260915/source/.git)
4  C:/CAIN/projeto/.git/worktrees/stocks-chat-handoff-20260916/index  (mtime 2026-09-16T23:06:30Z, gitdir=C:/CAIN/work/stocks-chat-handoff-20260916/.git)
$ cache-tree / reflog
worktree checkout HEAD=ref: refs/heads/checkpoint/stocks-remediation-20260915
worktree checkout1 HEAD=ref: refs/heads/fix/stocks-conversation-20260916
worktree correction-checkout HEAD=f9a48d80a46f7a538a489c99374f0e775e862e74
worktree crypto-grounded-review-git-20260919 HEAD=ref: refs/heads/fix/crypto-grounded-review-20260919
worktree final-clean-cain HEAD=5fe340a41809ddbe3f0dc795c7d9eb258014eaa6
worktree impl-cain HEAD=ref: refs/heads/integration/cain-crypto-protocol-20260919
worktree publish-provider-diagnostics-20260919 HEAD=ref: refs/heads/fix/provider-diagnostics-20260919
worktree source HEAD=7d64d4ca4dc13c2cee1f42e22b16ae4d8d902da2
worktree source1 HEAD=ref: refs/heads/main
worktree stocks-chat-handoff-20260916 HEAD=ref: refs/heads/docs/stocks-chat-handoff-20260916
