# 2026-09-23T04:18:59Z HYG-001 download anônimo + sha256
$ curl -sSfL https://github.com/leonardosovienski/ecosystem-predictor/releases/download/predictor-research-protocol-v1.0.3rc1/predictor_research_protocol-1.0.3rc1-py3-none-any.whl
exit=0
312ab9742271de9f0efe6912f5828122d546751e559f493bede01c8fc6a24032
$ curl -sSfL https://github.com/leonardosovienski/ecosystem-predictor/releases/download/predictor-research-snapshot-v1.0.2rc1/predictor_research_snapshot-1.0.2rc1-py3-none-any.whl
exit=0
3bd4c0414ac2d457923601e3f919f6353b5cb9370a0f420a7a3ffc013a0aafad
$ curl -sSfL https://github.com/leonardosovienski/ecosystem-predictor/releases/download/predictor-research-bundle-v1.0.1rc1/predictor_research_bundle-1.0.1rc1-py3-none-any.whl
exit=0
65cf40c59c4f65d013a1134051fb94aa7c75b44f4ea6c71a54e25519143d0ea9

## build local (dist-a)
65cf40c59c4f65d013a1134051fb94aa7c75b44f4ea6c71a54e25519143d0ea9 *predictor_research_bundle-1.0.1rc1-py3-none-any.whl
312ab9742271de9f0efe6912f5828122d546751e559f493bede01c8fc6a24032 *predictor_research_protocol-1.0.3rc1-py3-none-any.whl
3bd4c0414ac2d457923601e3f919f6353b5cb9370a0f420a7a3ffc013a0aafad *predictor_research_snapshot-1.0.2rc1-py3-none-any.whl

## gh release view (digest do GitHub, isPrerelease, immutable)
predictor-research-protocol-v1.0.3rc1 prerelease=true immutable=false target=a879525c49f1b3ac2050a3a70b10a322501b1e56 predictor_research_protocol-1.0.3rc1-py3-none-any.whl sha256:312ab9742271de9f0efe6912f5828122d546751e559f493bede01c8fc6a24032 https://github.com/leonardosovienski/ecosystem-predictor/releases/download/predictor-research-protocol-v1.0.3rc1/predictor_research_protocol-1.0.3rc1-py3-none-any.whl
predictor-research-snapshot-v1.0.2rc1 prerelease=true immutable=false target=a879525c49f1b3ac2050a3a70b10a322501b1e56 predictor_research_snapshot-1.0.2rc1-py3-none-any.whl sha256:3bd4c0414ac2d457923601e3f919f6353b5cb9370a0f420a7a3ffc013a0aafad https://github.com/leonardosovienski/ecosystem-predictor/releases/download/predictor-research-snapshot-v1.0.2rc1/predictor_research_snapshot-1.0.2rc1-py3-none-any.whl
predictor-research-bundle-v1.0.1rc1 prerelease=true immutable=false target=a879525c49f1b3ac2050a3a70b10a322501b1e56 predictor_research_bundle-1.0.1rc1-py3-none-any.whl sha256:65cf40c59c4f65d013a1134051fb94aa7c75b44f4ea6c71a54e25519143d0ea9 https://github.com/leonardosovienski/ecosystem-predictor/releases/download/predictor-research-bundle-v1.0.1rc1/predictor_research_bundle-1.0.1rc1-py3-none-any.whl
tag→commit:
a879525c49f1b3ac2050a3a70b10a322501b1e56	refs/tags/predictor-research-bundle-v1.0.1rc1
a879525c49f1b3ac2050a3a70b10a322501b1e56	refs/tags/predictor-research-protocol-v1.0.3rc1
a879525c49f1b3ac2050a3a70b10a322501b1e56	refs/tags/predictor-research-snapshot-v1.0.2rc1
