# 2026-09-23T05:50:50Z workflows executados no commit HEAD do main de cada repo (gh run list --commit)
== cain 8b8915aa7c9053b8f078a9fba20b7029180d114c
  CI [push] success 35822857468
== ecosystem-predictor 0a4f87e53d3d131e449096f82ba7b0c672b91d85
  Full-history security regression [push] success 35823752896
  CI [push] success 35823752886
== core-predictor 5a0841509f091ea0aa95bde0d3d65e2a1a9e984d
  CI [push] success 35823003554
  CodeQL [dynamic] success 35823003519
== predictor-ops 7bd99ebaea09c74a2ac4243d8991a81c44625a6c
  CodeQL [dynamic] success 35823068277
  CI [push] success 35823068759
== brasileirao-predictor 34d73e25104425aee2eeda1e8f7a2c01902a686e
  Cain report exporter [push] success 35621550331
  CI Pipeline [push] failure 35621550349
  Scoped synthetic publication validation [push] success 35621550156
== cripto-predictor 5fd4e1b06c79231fd3d9485a1483f3b65e854bea
  CI [push] success 35822807920
== stocks-predictor 4e98a67b68c55888a4788663f3d5bf0899966cb4
  CI Pipeline [push] success 35822899971
