# 2026-09-23T03:41:44Z verificação da preservação
$ git bundle verify (em clone temporário fora de C:\CAIN)
C:/QUALIFICACAO/preserve/cain-24f784c-20260922/cain-all.bundle is okay
The bundle contains these 43 refs:
24f784c5dde1fa66c262ad5899f4fd8d02526adf HEAD
4d560ddafb0d3c6a81a148c39c724dd4c781d1b0 refs/heads/checkpoint/stocks-remediation-20260915
809cd45ac2c0f44f7fed245600c9d797611e69c5 refs/heads/docs/stocks-chat-handoff-20260916
4af00eace4d2f1c4b606cf7f3d0f28b8762f0f40 refs/heads/feat/stocks-validation-campaign-20260916
fe7abab3704e234a1666b30c4f3e6faa5415a033 refs/heads/fix/crypto-grounded-review-20260919
c13f9ff6f5314b0cab57325b7b4f87d91248011b refs/heads/fix/document-source-fields-20260916
6f9d254776b2a3c251f6cce14529087c57ebbeae refs/heads/fix/provider-diagnostics-20260919
d7c0462f4b5ee27fdaf6139b8212809ea83d0f43 refs/heads/fix/stocks-conversation-20260916
4d1968ee32a7a53f9718cb7304cb4151c53bffed refs/heads/fix/stocks-study-readiness-20260915
ad430505290cd4bf5e5ad4de6c2e5f15f956c221 refs/heads/integration/cain-crypto-protocol-20260919
5fe340a41809ddbe3f0dc795c7d9eb258014eaa6 refs/heads/main
5fe340a41809ddbe3f0dc795c7d9eb258014eaa6 refs/remotes/origin/HEAD
e402de57cd0e01cd24ba4d3e64aa739a8028028e refs/remotes/origin/checkpoint/brasileirao-auditoria-20260916
4d560ddafb0d3c6a81a148c39c724dd4c781d1b0 refs/remotes/origin/checkpoint/stocks-remediation-20260915
28dc778238795d68463cd52c330b49e39fe7f951 refs/remotes/origin/feat/stocks-validation-campaign-20260916
fe7abab3704e234a1666b30c4f3e6faa5415a033 refs/remotes/origin/fix/crypto-grounded-review-20260919
fa29b3cdd22ee367170949b9b733d25550a363b2 refs/remotes/origin/fix/document-source-fields-20260916
71b043cc5a5f2c7d9df42a8eabe22dd510e390cc refs/remotes/origin/fix/provider-diagnostics-20260919
d7c0462f4b5ee27fdaf6139b8212809ea83d0f43 refs/remotes/origin/fix/stocks-conversation-20260916
4d1968ee32a7a53f9718cb7304cb4151c53bffed refs/remotes/origin/fix/stocks-study-readiness-20260915
5fe340a41809ddbe3f0dc795c7d9eb258014eaa6 refs/remotes/origin/main
37cdc604d4c3bbb66684c018c76a4ea38713ee2a refs/tags/v0.4.5
5ba4177a11b9312900e5035517aa5ef25d509859 worktrees/candidate/HEAD
d849a8581827c1e85e717858d8150a502c1d57f5 worktrees/candidate1/HEAD
a6130501e3666caeeb97020d58bb59630c39121b worktrees/candidate2/HEAD
4d560ddafb0d3c6a81a148c39c724dd4c781d1b0 worktrees/checkout/HEAD
d7c0462f4b5ee27fdaf6139b8212809ea83d0f43 worktrees/checkout1/HEAD
f9a48d80a46f7a538a489c99374f0e775e862e74 worktrees/correction-checkout/HEAD
fe7abab3704e234a1666b30c4f3e6faa5415a033 worktrees/crypto-grounded-review-git-20260919/HEAD
5fe340a41809ddbe3f0dc795c7d9eb258014eaa6 worktrees/final-clean-cain/HEAD
ad430505290cd4bf5e5ad4de6c2e5f15f956c221 worktrees/impl-cain/HEAD
231ffa8791b6cd89de0a025ddb4ec02298e8cd45 worktrees/independent-baseline-20260911/HEAD
dc114fcbfeb7e709468da129408851d3e7665ced worktrees/independent-delivered-20260911/HEAD
780b020540e67bd6c8268033c5a012cab207fcd1 worktrees/independent-review-20260911/HEAD
e1786feb70f1a0175be8238b0cf4c1ecaec2637b worktrees/individual-model-tests-20260911/HEAD
6f9d254776b2a3c251f6cce14529087c57ebbeae worktrees/publish-provider-diagnostics-20260919/HEAD
ad8ace3fa830249a693ede123bc956aae5c70d37 worktrees/readiness-main-20260914/HEAD
945f58e9d780d8121c584e7d9bd271d0a7c40296 worktrees/research-bundle-v1/HEAD
231ffa8791b6cd89de0a025ddb4ec02298e8cd45 worktrees/research-capabilities-20260911/HEAD
7d64d4ca4dc13c2cee1f42e22b16ae4d8d902da2 worktrees/source/HEAD
5fe340a41809ddbe3f0dc795c7d9eb258014eaa6 worktrees/source1/HEAD
809cd45ac2c0f44f7fed245600c9d797611e69c5 worktrees/stocks-chat-handoff-20260916/HEAD
44d6118ae0ea1553324fe7689753fa474ee629a0 worktrees/stocks-main-install-20260912/HEAD
The bundle records a complete history.
The bundle uses this hash algorithm: sha1
verify exit=0
heads=43
Note: switching to '24f784c5dde1fa66c262ad5899f4fd8d02526adf'.

You are in 'detached HEAD' state. You can look around, make experimental
changes and commit them, and you can discard any commits you make in this
state without impacting any branches by switching back to a branch.

If you want to create a new branch to retain commits you create, you may
do so (now or later) by using -c with the switch command. Example:

  git switch -c <new-branch-name>

Or undo this operation with:

  git switch -

Turn off this advice by setting config variable advice.detachedHead to false

$ git apply --check tracked_changes.patch
apply exit=0
$ comparação byte a byte cópias × C:\CAIN\projeto
compared=17 mismatches=0
$ find C:/CAIN -newer marker (escritas em C:\CAIN desde o início da preservação)
(varredura de C:/CAIN inteiro interrompida após ~40 min)

$ find C:/CAIN/projeto -newer marker   (marker criado 2026-09-23T03:41:18Z, antes da preservação)
exit=0
count=17
/c/CAIN/projeto/.git/objects/02/68df2bc87efee22b39107931bfdf688bd4bba8
/c/CAIN/projeto/.git/objects/16/0ba902e854c9176d0c6827286297f01d438b4f
/c/CAIN/projeto/.git/objects/23/f31bc361d21196a32df3ebd869a814611c86ba
/c/CAIN/projeto/.git/objects/39/2e967b904ecacd06b69f34c79fb6250b3a2418
/c/CAIN/projeto/.git/objects/3f/62edc8ee10552e469a563ea84327942b173c08
/c/CAIN/projeto/.git/objects/43/83398bea32678051fa8075ec513882c36b5784
/c/CAIN/projeto/.git/objects/63/e952c29c6582b7f24070e8d71d510adf84d6eb
/c/CAIN/projeto/.git/objects/65/bd8ec0cd239ee67e91ab8ea39b0d2f7e5e1cdd
/c/CAIN/projeto/.git/objects/7a/d2727bbb4682262b7a8703f4e51c48a48e1a37
/c/CAIN/projeto/.git/objects/83/4f233438bb20cfdfe3972d3fe4d7fee7e2b5f7
/c/CAIN/projeto/.git/objects/a8/0f57fd595c46467e36d5ba53b8cf3ce37ed643
/c/CAIN/projeto/.git/objects/b1/1c1018374a1450f72b2aa652e41e330f1a8c3d
/c/CAIN/projeto/.git/objects/be/969739c2365917efd19e5e3d67a9bcdbfc321d
/c/CAIN/projeto/.git/objects/c3/792be9f6970463fd97aeafae686a7adecbed8a
/c/CAIN/projeto/.git/objects/da/6d89387b19b413b1ff74288b81fa83484f348e
/c/CAIN/projeto/.git/objects/ee/2b0525ca0cbfa9ceac5564a827c02c2735f010
/c/CAIN/projeto/.git/objects/f3/eccb4f0ebb69edc264effef91ca5cf867bd516
$ find C:/CAIN -maxdepth 1 -newer marker
count=0
(a varredura de C:/CAIN inteiro foi interrompida após ~40 min, sem resultado; substituída pelas duas acima)
$ fingerprint agora × fingerprint_before
SAME

## objetos soltos novos em C:/CAIN/projeto/.git/objects (tipo, mtime UTC)
0268df2bc87efee22b39107931bfdf688bd4bba8 blob 2026-09-23T03:41:42
160ba902e854c9176d0c6827286297f01d438b4f blob 2026-09-23T03:41:42
23f31bc361d21196a32df3ebd869a814611c86ba tree 2026-09-23T03:41:42
392e967b904ecacd06b69f34c79fb6250b3a2418 blob 2026-09-23T03:41:42
3f62edc8ee10552e469a563ea84327942b173c08 blob 2026-09-23T03:41:42
4383398bea32678051fa8075ec513882c36b5784 blob 2026-09-23T03:41:42
63e952c29c6582b7f24070e8d71d510adf84d6eb blob 2026-09-23T03:41:42
65bd8ec0cd239ee67e91ab8ea39b0d2f7e5e1cdd blob 2026-09-23T03:41:42
7ad2727bbb4682262b7a8703f4e51c48a48e1a37 blob 2026-09-23T03:41:42
834f233438bb20cfdfe3972d3fe4d7fee7e2b5f7 blob 2026-09-23T03:41:42
a80f57fd595c46467e36d5ba53b8cf3ce37ed643 blob 2026-09-23T03:41:42
b11c1018374a1450f72b2aa652e41e330f1a8c3d blob 2026-09-23T03:41:42
be969739c2365917efd19e5e3d67a9bcdbfc321d blob 2026-09-23T03:41:42
c3792be9f6970463fd97aeafae686a7adecbed8a blob 2026-09-23T03:41:42
da6d89387b19b413b1ff74288b81fa83484f348e blob 2026-09-23T03:41:42
ee2b0525ca0cbfa9ceac5564a827c02c2735f010 tree 2026-09-23T03:41:42
f3eccb4f0ebb69edc264effef91ca5cf867bd516 blob 2026-09-23T03:41:42

## reprodução em cópia fiel (clone do bundle + patch + não rastreados, mesma sequência de comandos, GIT_OPTIONAL_LOCKS=0)
objetos soltos criados: 0 em todos os passos (status, porcelain, diff --binary, diff --stat, ls-files, bundle create)

## objetos soltos nos demais repos (mtime UTC)
predictor-qualification: 28 objetos em 03:26:50-51, antes do primeiro comando do agente (03:36:01) — escrita do harness no diretório de trabalho da sessão
clones novos (7): 0

## artefatos da preservação (C:/QUALIFICACAO/preserve/cain-24f784c-20260922/MANIFEST.sha256; conteúdo das cópias não é publicado)
e3b0c44298fc1c149afbf4c8996fb92427ae41e4649b934ca495991b7852b855 *./bundle_create.log
125358a9bdbca2bc08ccfe8b9c3a05e0e80610000fdc24c4d4e43606fe551a6c *./cain-all.bundle
a22e809066684b218d5f5fe44ebd319cee94125e92a93ce2d4d9007f166f4e15 *./fingerprint_after.txt
a22e809066684b218d5f5fe44ebd319cee94125e92a93ce2d4d9007f166f4e15 *./fingerprint_before.txt
b2228d24dec12a7448548c054ac61372dfceb3b05f8d1d81a6f87425c0b97967 *./git_status.txt
4e3e86fc2c807719c4aecba1d33f55be4f3ee78f7e1edbf772dfe0f8a922e459 *./git_status_porcelain.txt
4de25ff1a911bfd6a1a15b33cf7bb06ac7a80b7b7e0800a1a86d1591a4d89075 *./tracked_changes.patch
46302826f147f622bbb9204817c029b966c51e212fe8b98585b192156d350aa3 *./tracked_changes.stat.txt
files_in_manifest=25 (17 cópias + 8 artefatos)
MANIFEST.sha256 sha256=8a5a522db60604970be191b22bbc2c50f10cedf193893d562405b367f314ff47
