# 2026-09-23T03:40:25Z
$ git -C /c/QUALIFICACAO/repos/brasileirao-predictor config --local core.longpaths true
$ git restore --source=HEAD --staged --worktree :/
exit=0
== /c/QUALIFICACAO/repos/brasileirao-predictor
34d73e25104425aee2eeda1e8f7a2c01902a686e
34d73e25104425aee2eeda1e8f7a2c01902a686e
## main...origin/main
== /c/QUALIFICACAO/repos/cain
5fe340a41809ddbe3f0dc795c7d9eb258014eaa6
5fe340a41809ddbe3f0dc795c7d9eb258014eaa6
## main...origin/main
== /c/QUALIFICACAO/repos/core-predictor
9bf43efe92459a0b484cac00f51170b2c70d420f
9bf43efe92459a0b484cac00f51170b2c70d420f
## main...origin/main
== /c/QUALIFICACAO/repos/ecosystem-predictor
a879525c49f1b3ac2050a3a70b10a322501b1e56
a879525c49f1b3ac2050a3a70b10a322501b1e56
## main...origin/main
== /c/QUALIFICACAO/repos/predictor-ops
b19e69527c0fda5cb1f96281d3a984fea1431768
b19e69527c0fda5cb1f96281d3a984fea1431768
## main...origin/main
== /c/Cripto/qualificacao/cripto-predictor
acdf2891226e845073be3b7532ba7f90b4e8be7b
acdf2891226e845073be3b7532ba7f90b4e8be7b
## main...origin/main
== /c/STOCKS/work/qualification/stocks-predictor
5cf27f44f579cb40d8b873c0f10005360427a2d0
5cf27f44f579cb40d8b873c0f10005360427a2d0
## main...origin/main
