{"n": 1, "label": "propose 1", "at": "2026-09-28T18:05:41Z", "seconds": 0.113, "argv": ["/home/runner/work/_temp/work/rt/cain-venv/bin/cain", "research", "propose", "--domain", "crypto", "--state", "/home/runner/work/_temp/work/failures/F05/cain-state", "--proposal", "/home/runner/work/_temp/work/failures/F05/proposals/1.json", "--as-of", "2026-09-28T18:05:41Z"], "fault_env": {"CAIN_ORCHESTRATION_FAULT": "after_decision_before_episode_commit"}, "exit": 86}
--- stdout
--- stderr
--- end
{"n": 2, "label": "episodes after death", "at": "2026-09-28T18:05:41Z", "seconds": 0.1, "argv": ["/home/runner/work/_temp/work/rt/cain-venv/bin/cain", "research", "episodes", "--domain", "crypto", "--state", "/home/runner/work/_temp/work/failures/F05/cain-state"], "fault_env": {}, "exit": 0}
--- stdout
{"domain": "crypto", "episodes": [], "inbox": [], "memory": {"broken_at": null, "entries": 0, "head": "cain-memory-log/1", "head_recorded_at": null, "projection": "consistent", "status": "intact"}, "rejections": []}
--- stderr
--- end
{"n": 3, "label": "propose 1", "at": "2026-09-28T18:05:41Z", "seconds": 0.103, "argv": ["/home/runner/work/_temp/work/rt/cain-venv/bin/cain", "research", "propose", "--domain", "crypto", "--state", "/home/runner/work/_temp/work/failures/F05/cain-state", "--proposal", "/home/runner/work/_temp/work/failures/F05/proposals/1.json", "--as-of", "2026-09-28T18:05:41Z"], "fault_env": {}, "exit": 0}
--- stdout
{"decision": "ALLOW", "episode_id": "crypto:episode-1", "reason_code": "ALLOWED", "receipt_sha256": "25041a0809557737028dd908e1a219fdba0226dc70e5acc058d8ea9927bf8685", "rule": "R14", "status": "RECORDED", "task": {"payload_sha256": "5616e0052e40ad3b7eeb9fd1d9befacce2525ec2ae27ca01ef7898db356b6963", "previous_task_id": null, "task_id": "crypto:TASK-4ff0108bcf1189f7b8bacda300f22638"}}
--- stderr
--- end
{"n": 4, "label": "dispatch", "at": "2026-09-28T18:05:41Z", "seconds": 0.104, "argv": ["/home/runner/work/_temp/work/rt/cain-venv/bin/cain", "research", "dispatch", "--domain", "crypto", "--state", "/home/runner/work/_temp/work/failures/F05/cain-state", "--spool", "/home/runner/work/_temp/work/failures/F05/spool"], "fault_env": {}, "exit": 0}
--- stdout
{"action": "dispatched", "file": "crypto/tasks/TASK-4ff0108bcf1189f7b8bacda300f22638.json", "spool": "WRITTEN", "task_id": "crypto:TASK-4ff0108bcf1189f7b8bacda300f22638"}
--- stderr
--- end
{"n": 5, "label": "consumer", "at": "2026-09-28T18:05:42Z", "seconds": 0.418, "argv": ["/home/runner/work/_temp/work/rt/consumer-venv/bin/predictor-research-consumer", "--domain", "crypto", "--spool", "/home/runner/work/_temp/work/failures/F05/spool", "--ledger", "/home/runner/work/_temp/work/failures/F05/consumer/ledger.sqlite", "--state", "/home/runner/work/_temp/work/failures/F05/domain-state", "--policy", "/home/runner/work/_temp/work/rt/op/policy.json", "--objects", "/home/runner/work/_temp/work/rt/op/objects"], "fault_env": {}, "exit": 0}
--- stdout
{"action": "delivered", "attempt": 1, "class": "TERMINAL_RESULT", "episode_id": "crypto:episode-1", "result_file": "crypto/results/TASK-4ff0108bcf1189f7b8bacda300f22638.f6030cf227c36c3b.json", "result_write": "WRITTEN", "status": "RESULT", "task_id": "crypto:TASK-4ff0108bcf1189f7b8bacda300f22638"}
--- stderr
{"duration_ms": 206, "event": "job_finished", "job_id": "crypto-research-c68fdce964257b76def619b0", "level": "INFO", "run_id": "9f0722a2f7834bc1b7c7b6bc9e695a96", "run_status": "SUCCEEDED", "service": "predictor_ops", "timestamp": "2026-09-28T18:05:42.062177Z"}
--- end
{"n": 6, "label": "ingest", "at": "2026-09-28T18:05:42Z", "seconds": 0.109, "argv": ["/home/runner/work/_temp/work/rt/cain-venv/bin/cain", "research", "ingest", "--domain", "crypto", "--state", "/home/runner/work/_temp/work/failures/F05/cain-state", "--spool", "/home/runner/work/_temp/work/failures/F05/spool"], "fault_env": {}, "exit": 0}
--- stdout
{"action": "ingested", "class": "TERMINAL_RESULT", "fact": "fact:24051793308d428ea279c1b3b0f3985a", "file": "TASK-4ff0108bcf1189f7b8bacda300f22638.f6030cf227c36c3b.json", "status": "RESULT", "task_id": "crypto:TASK-4ff0108bcf1189f7b8bacda300f22638"}
--- stderr
--- end
{"n": 7, "label": "one episode, one task", "at": "2026-09-28T18:05:42Z", "seconds": 0.101, "argv": ["/home/runner/work/_temp/work/rt/cain-venv/bin/cain", "research", "episodes", "--domain", "crypto", "--state", "/home/runner/work/_temp/work/failures/F05/cain-state"], "fault_env": {}, "exit": 0}
--- stdout
{"domain": "crypto", "episodes": [{"as_of": "2026-09-28T18:05:41Z", "decision": "ALLOW", "number": 1, "outbox": {"dispatches": 1, "retries_requested": 0, "status": "PUBLISHED", "task_id": "crypto:TASK-4ff0108bcf1189f7b8bacda300f22638"}, "proposal_id": "cain:FM-F05-1", "reason_code": "ALLOWED", "receipt_sha256": "25041a0809557737028dd908e1a219fdba0226dc70e5acc058d8ea9927bf8685", "source": "operator", "task_id": "crypto:TASK-4ff0108bcf1189f7b8bacda300f22638"}], "inbox": [{"class": "TERMINAL_RESULT", "fact_id": "fact:24051793308d428ea279c1b3b0f3985a", "payload_sha256": "efc94d9b3b545e301b03f863e92e381dc87b0cf3ef7db84eec5967127588b9a3", "status": "RESULT", "task_id": "crypto:TASK-4ff0108bcf1189f7b8bacda300f22638"}], "memory": {"broken_at": null, "entries": 1, "head": "8a9f644bfde3d3d33a71b330bb76a98660ce05bd8caf208b71b373428cb7fbc0", "head_recorded_at": "2026-09-28T18:05:42.196800Z", "projection": "consistent", "status": "intact"}, "rejections": []}
--- stderr
--- end
