{"n": 1, "label": "propose 01-allow", "at": "2026-09-28T14:24:11Z", "seconds": 0.158, "argv": ["/home/runner/work/_temp/work/rt/cain-venv/bin/cain", "research", "propose", "--domain", "crypto", "--state", "/home/runner/work/_temp/work/e2e/cain-state", "--proposal", "/home/runner/work/predictor-qualification/predictor-qualification/qualification/integration-crypto/fixtures/proposals/e2e/01-allow.json", "--as-of", "2026-09-28T14:24:11Z"], "fault_env": {}, "exit": 0}
--- stdout
{"decision": "ALLOW", "episode_id": "crypto:episode-1", "reason_code": "ALLOWED", "receipt_sha256": "54cdba7afdd6b4225e439f83c72495025e05f95df1ec288d71c5e2d211e970b5", "rule": "R14", "status": "RECORDED", "task": {"payload_sha256": "5fe20eb7b93d743530485cae313699a24e6bde31926371024ff20b8d3ef89beb", "previous_task_id": null, "task_id": "crypto:TASK-02bf95b3940c9a226f8a9ae2a37a11a3"}}
--- stderr
--- end
{"n": 2, "label": "dispatch 01-allow", "at": "2026-09-28T14:24:11Z", "seconds": 0.13, "argv": ["/home/runner/work/_temp/work/rt/cain-venv/bin/cain", "research", "dispatch", "--domain", "crypto", "--state", "/home/runner/work/_temp/work/e2e/cain-state", "--spool", "/home/runner/work/_temp/work/e2e/spool"], "fault_env": {}, "exit": 0}
--- stdout
{"action": "dispatched", "file": "crypto/tasks/TASK-02bf95b3940c9a226f8a9ae2a37a11a3.json", "spool": "WRITTEN", "task_id": "crypto:TASK-02bf95b3940c9a226f8a9ae2a37a11a3"}
--- stderr
--- end
{"n": 3, "label": "consumer 01-allow", "at": "2026-09-28T14:24:12Z", "seconds": 0.475, "argv": ["/home/runner/work/_temp/work/rt/consumer-venv/bin/predictor-research-consumer", "--domain", "crypto", "--spool", "/home/runner/work/_temp/work/e2e/spool", "--ledger", "/home/runner/work/_temp/work/e2e/consumer/ledger.sqlite", "--state", "/home/runner/work/_temp/work/e2e/domain-state", "--policy", "/home/runner/work/_temp/work/rt/op/policy.json", "--objects", "/home/runner/work/_temp/work/rt/op/objects"], "fault_env": {}, "exit": 0}
--- stdout
{"action": "delivered", "attempt": 1, "class": "TERMINAL_RESULT", "episode_id": "crypto:episode-1", "result_file": "crypto/results/TASK-02bf95b3940c9a226f8a9ae2a37a11a3.87c9f14c56ddd417.json", "result_write": "WRITTEN", "status": "RESULT", "task_id": "crypto:TASK-02bf95b3940c9a226f8a9ae2a37a11a3"}
--- stderr
{"duration_ms": 207, "event": "job_finished", "job_id": "crypto-research-159fdfb2ad2ccd8f8d612a36", "level": "INFO", "run_id": "a4bd7f6ded3b406780692205c1726262", "run_status": "SUCCEEDED", "service": "predictor_ops", "timestamp": "2026-09-28T14:24:12.312936Z"}
--- end
{"n": 4, "label": "ingest 01-allow", "at": "2026-09-28T14:24:12Z", "seconds": 0.136, "argv": ["/home/runner/work/_temp/work/rt/cain-venv/bin/cain", "research", "ingest", "--domain", "crypto", "--state", "/home/runner/work/_temp/work/e2e/cain-state", "--spool", "/home/runner/work/_temp/work/e2e/spool"], "fault_env": {}, "exit": 0}
--- stdout
{"action": "ingested", "class": "TERMINAL_RESULT", "fact": "fact:02d802981d1f458eb3cd4e70e8eed8a8", "file": "TASK-02bf95b3940c9a226f8a9ae2a37a11a3.87c9f14c56ddd417.json", "status": "RESULT", "task_id": "crypto:TASK-02bf95b3940c9a226f8a9ae2a37a11a3"}
--- stderr
--- end
{"n": 5, "label": "propose 02-allow-restarts", "at": "2026-09-28T14:24:12Z", "seconds": 0.132, "argv": ["/home/runner/work/_temp/work/rt/cain-venv/bin/cain", "research", "propose", "--domain", "crypto", "--state", "/home/runner/work/_temp/work/e2e/cain-state", "--proposal", "/home/runner/work/predictor-qualification/predictor-qualification/qualification/integration-crypto/fixtures/proposals/e2e/02-allow-restarts.json", "--as-of", "2026-09-28T14:24:12Z"], "fault_env": {}, "exit": 0}
--- stdout
{"decision": "ALLOW", "episode_id": "crypto:episode-2", "reason_code": "ALLOWED", "receipt_sha256": "75928b40dc4ad6029092ed9c7851f2e16c64f05b5ce38796ebf2959cf5976ea8", "rule": "R14", "status": "RECORDED", "task": {"payload_sha256": "2f1a51cc878bbc2b90b9a06125dc4eb586e279b9f4b95229dff11a5f8596ce6c", "previous_task_id": "crypto:TASK-02bf95b3940c9a226f8a9ae2a37a11a3", "task_id": "crypto:TASK-9cb8ddb312aff3b4be933e167ae7e943"}}
--- stderr
--- end
{"n": 6, "label": "dispatch 02", "at": "2026-09-28T14:24:12Z", "seconds": 0.131, "argv": ["/home/runner/work/_temp/work/rt/cain-venv/bin/cain", "research", "dispatch", "--domain", "crypto", "--state", "/home/runner/work/_temp/work/e2e/cain-state", "--spool", "/home/runner/work/_temp/work/e2e/spool"], "fault_env": {}, "exit": 0}
--- stdout
{"action": "dispatched", "file": "crypto/tasks/TASK-9cb8ddb312aff3b4be933e167ae7e943.json", "spool": "WRITTEN", "task_id": "crypto:TASK-9cb8ddb312aff3b4be933e167ae7e943"}
--- stderr
--- end
{"n": 7, "label": "consumer 02 (fault)", "at": "2026-09-28T14:24:13Z", "seconds": 0.43, "argv": ["/home/runner/work/_temp/work/rt/consumer-venv/bin/predictor-research-consumer", "--domain", "crypto", "--spool", "/home/runner/work/_temp/work/e2e/spool", "--ledger", "/home/runner/work/_temp/work/e2e/consumer/ledger.sqlite", "--state", "/home/runner/work/_temp/work/e2e/domain-state", "--policy", "/home/runner/work/_temp/work/rt/op/policy.json", "--objects", "/home/runner/work/_temp/work/rt/op/objects"], "fault_env": {"PREDICTOR_RESEARCH_TRANSPORT_FAULT": "after_domain_before_result_write"}, "exit": 86}
--- stdout
--- stderr
{"duration_ms": 208, "event": "job_finished", "job_id": "crypto-research-5bcaf205a05986e27358fb68", "level": "INFO", "run_id": "7c907c69d7154b559a24bb648a4c6e4e", "run_status": "SUCCEEDED", "service": "predictor_ops", "timestamp": "2026-09-28T14:24:13.175434Z"}
--- end
{"n": 8, "label": "consumer 02 (restart)", "at": "2026-09-28T14:24:13Z", "seconds": 0.196, "argv": ["/home/runner/work/_temp/work/rt/consumer-venv/bin/predictor-research-consumer", "--domain", "crypto", "--spool", "/home/runner/work/_temp/work/e2e/spool", "--ledger", "/home/runner/work/_temp/work/e2e/consumer/ledger.sqlite", "--state", "/home/runner/work/_temp/work/e2e/domain-state", "--policy", "/home/runner/work/_temp/work/rt/op/policy.json", "--objects", "/home/runner/work/_temp/work/rt/op/objects"], "fault_env": {}, "exit": 0}
--- stdout
{"action": "skipped", "episode_id": "crypto:episode-1", "state": "TERMINAL_RESULT", "status": "RESULT", "task_id": "crypto:TASK-02bf95b3940c9a226f8a9ae2a37a11a3"}
{"action": "delivered", "attempt": 2, "class": "TERMINAL_RESULT", "episode_id": "crypto:episode-2", "result_file": "crypto/results/TASK-9cb8ddb312aff3b4be933e167ae7e943.761c7696bf3bfbd0.json", "result_write": "WRITTEN", "status": "DUPLICATE", "task_id": "crypto:TASK-9cb8ddb312aff3b4be933e167ae7e943"}
--- stderr
--- end
{"n": 9, "label": "ingest 02 (fault)", "at": "2026-09-28T14:24:13Z", "seconds": 0.119, "argv": ["/home/runner/work/_temp/work/rt/cain-venv/bin/cain", "research", "ingest", "--domain", "crypto", "--state", "/home/runner/work/_temp/work/e2e/cain-state", "--spool", "/home/runner/work/_temp/work/e2e/spool"], "fault_env": {"CAIN_ORCHESTRATION_FAULT": "after_inbox_commit_before_memory"}, "exit": 86}
--- stdout
--- stderr
--- end
{"n": 10, "label": "ingest 02 (restart)", "at": "2026-09-28T14:24:13Z", "seconds": 0.131, "argv": ["/home/runner/work/_temp/work/rt/cain-venv/bin/cain", "research", "ingest", "--domain", "crypto", "--state", "/home/runner/work/_temp/work/e2e/cain-state", "--spool", "/home/runner/work/_temp/work/e2e/spool"], "fault_env": {}, "exit": 0}
--- stdout
{"action": "duplicate", "file": "TASK-02bf95b3940c9a226f8a9ae2a37a11a3.87c9f14c56ddd417.json"}
{"action": "remembered", "fact_id": "fact:61b3e588903c408a93f3a7aa4184ce95", "file": "TASK-9cb8ddb312aff3b4be933e167ae7e943.761c7696bf3bfbd0.json", "reused": false}
--- stderr
--- end
{"n": 11, "label": "ingest interleaved other domains", "at": "2026-09-28T14:24:13Z", "seconds": 0.137, "argv": ["/home/runner/work/_temp/work/rt/cain-venv/bin/cain", "research", "ingest", "--domain", "crypto", "--state", "/home/runner/work/_temp/work/e2e/cain-state", "--spool", "/home/runner/work/_temp/work/e2e/spool"], "fault_env": {}, "exit": 2}
--- stdout
{"action": "duplicate", "file": "TASK-02bf95b3940c9a226f8a9ae2a37a11a3.87c9f14c56ddd417.json"}
{"action": "duplicate", "file": "TASK-9cb8ddb312aff3b4be933e167ae7e943.761c7696bf3bfbd0.json"}
{"action": "rejected", "code": "DOMAIN_MISMATCH", "file": "interleaved-fixtures-v2-brasileirao-result-h9.json", "reason": "result of domain brasileirao"}
{"action": "rejected", "code": "TASK_NOT_FOUND", "file": "interleaved-fixtures-v2-crypto-result-h9.json", "reason": "crypto:TASK-45b3afb3f4c777ae5aa52020f98afc6a was not emitted by this CAIN"}
{"action": "rejected", "code": "DOMAIN_MISMATCH", "file": "interleaved-fixtures-v2-stocks-result-h9.json", "reason": "result of domain stocks"}
--- stderr
--- end
{"n": 12, "label": "propose 03-canary", "at": "2026-09-28T14:24:13Z", "seconds": 0.133, "argv": ["/home/runner/work/_temp/work/rt/cain-venv/bin/cain", "research", "propose", "--domain", "crypto", "--state", "/home/runner/work/_temp/work/e2e/cain-state", "--proposal", "/home/runner/work/predictor-qualification/predictor-qualification/qualification/integration-crypto/fixtures/proposals/e2e/03-canary.json", "--as-of", "2026-09-28T14:24:13Z"], "fault_env": {}, "exit": 0}
--- stdout
{"decision": "ALLOW", "episode_id": "crypto:episode-3", "reason_code": "ALLOWED", "receipt_sha256": "97d169db0bd13a47b510c9fd67efc05300835be88028410cfd15d63156df6216", "rule": "R14", "status": "RECORDED", "task": {"payload_sha256": "1cfa943e5152e6695e47cf670549cea81f0f052ead927c9905b74498bc2892bf", "previous_task_id": "crypto:TASK-9cb8ddb312aff3b4be933e167ae7e943", "task_id": "crypto:TASK-6f9d23e232884c4e3d510523e881874a"}}
--- stderr
--- end
{"n": 13, "label": "dispatch 03-canary", "at": "2026-09-28T14:24:14Z", "seconds": 0.132, "argv": ["/home/runner/work/_temp/work/rt/cain-venv/bin/cain", "research", "dispatch", "--domain", "crypto", "--state", "/home/runner/work/_temp/work/e2e/cain-state", "--spool", "/home/runner/work/_temp/work/e2e/spool"], "fault_env": {}, "exit": 0}
--- stdout
{"action": "dispatched", "file": "crypto/tasks/TASK-6f9d23e232884c4e3d510523e881874a.json", "spool": "WRITTEN", "task_id": "crypto:TASK-6f9d23e232884c4e3d510523e881874a"}
--- stderr
--- end
{"n": 14, "label": "consumer 03-canary", "at": "2026-09-28T14:24:14Z", "seconds": 0.446, "argv": ["/home/runner/work/_temp/work/rt/consumer-venv/bin/predictor-research-consumer", "--domain", "crypto", "--spool", "/home/runner/work/_temp/work/e2e/spool", "--ledger", "/home/runner/work/_temp/work/e2e/consumer/ledger.sqlite", "--state", "/home/runner/work/_temp/work/e2e/domain-state", "--policy", "/home/runner/work/_temp/work/rt/op/policy.json", "--objects", "/home/runner/work/_temp/work/rt/op/objects"], "fault_env": {}, "exit": 0}
--- stdout
{"action": "skipped", "episode_id": "crypto:episode-1", "state": "TERMINAL_RESULT", "status": "RESULT", "task_id": "crypto:TASK-02bf95b3940c9a226f8a9ae2a37a11a3"}
{"action": "skipped", "episode_id": "crypto:episode-2", "state": "TERMINAL_RESULT", "status": "DUPLICATE", "task_id": "crypto:TASK-9cb8ddb312aff3b4be933e167ae7e943"}
{"action": "delivered", "attempt": 1, "class": "TERMINAL_REFUSAL", "episode_id": "crypto:episode-3", "result_file": "crypto/results/TASK-6f9d23e232884c4e3d510523e881874a.214bb03fe08044fc.json", "result_write": "WRITTEN", "status": "TEMPORAL_INTEGRITY_VIOLATION", "task_id": "crypto:TASK-6f9d23e232884c4e3d510523e881874a"}
--- stderr
{"duration_ms": 207, "event": "job_finished", "job_id": "crypto-research-ab932b7c3d1ebadc820a47f9", "level": "INFO", "run_id": "971b28d9362b453fac3016c3c0879a89", "run_status": "FAILED", "service": "predictor_ops", "timestamp": "2026-09-28T14:24:14.455122Z"}
--- end
{"n": 15, "label": "ingest 03-canary", "at": "2026-09-28T14:24:14Z", "seconds": 0.134, "argv": ["/home/runner/work/_temp/work/rt/cain-venv/bin/cain", "research", "ingest", "--domain", "crypto", "--state", "/home/runner/work/_temp/work/e2e/cain-state", "--spool", "/home/runner/work/_temp/work/e2e/spool"], "fault_env": {}, "exit": 0}
--- stdout
{"action": "duplicate", "file": "TASK-02bf95b3940c9a226f8a9ae2a37a11a3.87c9f14c56ddd417.json"}
{"action": "ingested", "class": "TERMINAL_REFUSAL", "fact": "fact:555d2e443adf447ba4cef14b0a737e11", "file": "TASK-6f9d23e232884c4e3d510523e881874a.214bb03fe08044fc.json", "status": "TEMPORAL_INTEGRITY_VIOLATION", "task_id": "crypto:TASK-6f9d23e232884c4e3d510523e881874a"}
{"action": "duplicate", "file": "TASK-9cb8ddb312aff3b4be933e167ae7e943.761c7696bf3bfbd0.json"}
{"action": "skipped", "code": "DOMAIN_MISMATCH", "file": "interleaved-fixtures-v2-brasileirao-result-h9.json", "state": "REJECTED"}
{"action": "skipped", "code": "TASK_NOT_FOUND", "file": "interleaved-fixtures-v2-crypto-result-h9.json", "state": "REJECTED"}
{"action": "skipped", "code": "DOMAIN_MISMATCH", "file": "interleaved-fixtures-v2-stocks-result-h9.json", "state": "REJECTED"}
--- stderr
--- end
{"n": 16, "label": "propose 04-duplicate", "at": "2026-09-28T14:24:14Z", "seconds": 0.128, "argv": ["/home/runner/work/_temp/work/rt/cain-venv/bin/cain", "research", "propose", "--domain", "crypto", "--state", "/home/runner/work/_temp/work/e2e/cain-state", "--proposal", "/home/runner/work/predictor-qualification/predictor-qualification/qualification/integration-crypto/fixtures/proposals/e2e/04-duplicate.json", "--as-of", "2026-09-28T14:24:14Z"], "fault_env": {}, "exit": 0}
--- stdout
{"decision": "DUPLICATE", "episode_id": "crypto:episode-4", "reason_code": "DUPLICATE_REQUEST", "receipt_sha256": "d47718f249c1fa8754c0d0a350add9c0d111d31eef6229236d2e91ad2b1cb7d3", "rule": "R08", "status": "RECORDED", "task": null}
--- stderr
--- end
{"n": 17, "label": "propose 05-h9-closed", "at": "2026-09-28T14:24:14Z", "seconds": 0.129, "argv": ["/home/runner/work/_temp/work/rt/cain-venv/bin/cain", "research", "propose", "--domain", "crypto", "--state", "/home/runner/work/_temp/work/e2e/cain-state", "--proposal", "/home/runner/work/predictor-qualification/predictor-qualification/qualification/integration-crypto/fixtures/proposals/e2e/05-h9-closed.json", "--as-of", "2026-09-28T14:24:14Z"], "fault_env": {}, "exit": 0}
--- stdout
{"decision": "BLOCK", "episode_id": "crypto:episode-5", "reason_code": "HYPOTHESIS_CLOSED", "receipt_sha256": "b7da5ade9e18712588f1423cc27b501c24b9ab7544764cc802b07fc994b4f9f9", "rule": "R05", "status": "RECORDED", "task": null}
--- stderr
--- end
{"n": 18, "label": "propose 06-stocks-h9", "at": "2026-09-28T14:24:15Z", "seconds": 0.129, "argv": ["/home/runner/work/_temp/work/rt/cain-venv/bin/cain", "research", "propose", "--domain", "crypto", "--state", "/home/runner/work/_temp/work/e2e/cain-state", "--proposal", "/home/runner/work/predictor-qualification/predictor-qualification/qualification/integration-crypto/fixtures/proposals/e2e/06-stocks-h9.json", "--as-of", "2026-09-28T14:24:14Z"], "fault_env": {}, "exit": 0}
--- stdout
{"decision": "BLOCK", "episode_id": "crypto:episode-6", "reason_code": "DOMAIN_MISMATCH", "receipt_sha256": "f287ccf940e14cee6bbcbe27f1f9e2bc445d845323030fd06b7cdf6f015270f5", "rule": "R01", "status": "RECORDED", "task": null}
--- stderr
--- end
{"n": 19, "label": "propose 07-next", "at": "2026-09-28T14:24:15Z", "seconds": 0.132, "argv": ["/home/runner/work/_temp/work/rt/cain-venv/bin/cain", "research", "propose", "--domain", "crypto", "--state", "/home/runner/work/_temp/work/e2e/cain-state", "--proposal", "/home/runner/work/predictor-qualification/predictor-qualification/qualification/integration-crypto/fixtures/proposals/e2e/07-next.json", "--as-of", "2026-09-28T14:24:15Z"], "fault_env": {}, "exit": 0}
--- stdout
{"decision": "ALLOW", "episode_id": "crypto:episode-7", "reason_code": "ALLOWED", "receipt_sha256": "3217b377bfe33899bbf3cda42281212079658b97cbefc82000ad4d97c00b7724", "rule": "R14", "status": "RECORDED", "task": {"payload_sha256": "2adbe0ec65ffcf947ec57ee38c71047536a6f04e103382c11ad849ba74039d65", "previous_task_id": "crypto:TASK-6f9d23e232884c4e3d510523e881874a", "task_id": "crypto:TASK-4fd811d6e4fd160bfab2e5c2995cc0ce"}}
--- stderr
--- end
{"n": 20, "label": "dispatch 07-next", "at": "2026-09-28T14:24:15Z", "seconds": 0.131, "argv": ["/home/runner/work/_temp/work/rt/cain-venv/bin/cain", "research", "dispatch", "--domain", "crypto", "--state", "/home/runner/work/_temp/work/e2e/cain-state", "--spool", "/home/runner/work/_temp/work/e2e/spool"], "fault_env": {}, "exit": 0}
--- stdout
{"action": "dispatched", "file": "crypto/tasks/TASK-4fd811d6e4fd160bfab2e5c2995cc0ce.json", "spool": "WRITTEN", "task_id": "crypto:TASK-4fd811d6e4fd160bfab2e5c2995cc0ce"}
--- stderr
--- end
{"n": 21, "label": "consumer 07-next", "at": "2026-09-28T14:24:15Z", "seconds": 0.45, "argv": ["/home/runner/work/_temp/work/rt/consumer-venv/bin/predictor-research-consumer", "--domain", "crypto", "--spool", "/home/runner/work/_temp/work/e2e/spool", "--ledger", "/home/runner/work/_temp/work/e2e/consumer/ledger.sqlite", "--state", "/home/runner/work/_temp/work/e2e/domain-state", "--policy", "/home/runner/work/_temp/work/rt/op/policy.json", "--objects", "/home/runner/work/_temp/work/rt/op/objects"], "fault_env": {}, "exit": 0}
--- stdout
{"action": "skipped", "episode_id": "crypto:episode-1", "state": "TERMINAL_RESULT", "status": "RESULT", "task_id": "crypto:TASK-02bf95b3940c9a226f8a9ae2a37a11a3"}
{"action": "skipped", "episode_id": "crypto:episode-2", "state": "TERMINAL_RESULT", "status": "DUPLICATE", "task_id": "crypto:TASK-9cb8ddb312aff3b4be933e167ae7e943"}
{"action": "skipped", "episode_id": "crypto:episode-3", "state": "TERMINAL_REFUSAL", "status": "TEMPORAL_INTEGRITY_VIOLATION", "task_id": "crypto:TASK-6f9d23e232884c4e3d510523e881874a"}
{"action": "delivered", "attempt": 1, "class": "TERMINAL_RESULT", "episode_id": "crypto:episode-7", "result_file": "crypto/results/TASK-4fd811d6e4fd160bfab2e5c2995cc0ce.eea65ba5762667d9.json", "result_write": "WRITTEN", "status": "RESULT", "task_id": "crypto:TASK-4fd811d6e4fd160bfab2e5c2995cc0ce"}
--- stderr
{"duration_ms": 207, "event": "job_finished", "job_id": "crypto-research-645789279a2ea8a96756748e", "level": "INFO", "run_id": "b9155bc3f37642709df9c0949301e019", "run_status": "SUCCEEDED", "service": "predictor_ops", "timestamp": "2026-09-28T14:24:15.677190Z"}
--- end
{"n": 22, "label": "ingest 07-next", "at": "2026-09-28T14:24:15Z", "seconds": 0.135, "argv": ["/home/runner/work/_temp/work/rt/cain-venv/bin/cain", "research", "ingest", "--domain", "crypto", "--state", "/home/runner/work/_temp/work/e2e/cain-state", "--spool", "/home/runner/work/_temp/work/e2e/spool"], "fault_env": {}, "exit": 0}
--- stdout
{"action": "duplicate", "file": "TASK-02bf95b3940c9a226f8a9ae2a37a11a3.87c9f14c56ddd417.json"}
{"action": "ingested", "class": "TERMINAL_RESULT", "fact": "fact:06b22ff47c0947eab38f4551aa4f642b", "file": "TASK-4fd811d6e4fd160bfab2e5c2995cc0ce.eea65ba5762667d9.json", "status": "RESULT", "task_id": "crypto:TASK-4fd811d6e4fd160bfab2e5c2995cc0ce"}
{"action": "duplicate", "file": "TASK-6f9d23e232884c4e3d510523e881874a.214bb03fe08044fc.json"}
{"action": "duplicate", "file": "TASK-9cb8ddb312aff3b4be933e167ae7e943.761c7696bf3bfbd0.json"}
{"action": "skipped", "code": "DOMAIN_MISMATCH", "file": "interleaved-fixtures-v2-brasileirao-result-h9.json", "state": "REJECTED"}
{"action": "skipped", "code": "TASK_NOT_FOUND", "file": "interleaved-fixtures-v2-crypto-result-h9.json", "state": "REJECTED"}
{"action": "skipped", "code": "DOMAIN_MISMATCH", "file": "interleaved-fixtures-v2-stocks-result-h9.json", "state": "REJECTED"}
--- stderr
--- end
{"n": 23, "label": "show crypto:REQ-IC-E2E-001", "at": "2026-09-28T14:24:16Z", "seconds": 0.156, "argv": ["/home/runner/work/_temp/work/rt/consumer-venv/bin/cripto-research", "--state", "/home/runner/work/_temp/work/e2e/domain-state", "show", "crypto:REQ-IC-E2E-001"], "fault_env": {}, "exit": 0}
--- stdout
{"request_id": "crypto:REQ-IC-E2E-001", "result": {"admission_id": "crypto:ADM-100af211c3f0ea359667d6c13067c933", "capital_permission": false, "core_facts": {"dataset_fingerprint": "1e6356ed1c918f083af953f558a5d23fc6d777ec95bb6cdbde16ee34d257dddb", "identity": {"package": "predictor-core", "record_sha256": "eb8c5553379422a4317e5d6749a98912e95e873d52c80d7fa1fd87e6d96977c2", "version": "3.2.1"}, "scientific_state_source": "core_trial_registry", "statistics": {"gross_ci_high": 0.006996997357178977, "gross_ci_low": -0.0267681010718645, "mean_gross_return": -0.008918560462211353, "mean_net_return": -0.011837964885288278, "net_ci_high": 0.004154202549486669, "net_ci_low": -0.029805573956479887}, "temporal_validation": {"data_cutoff": "2026-08-31T00:00:00Z", "inequality": "available_at <= data_cutoff and observed_at monotonic and observed_at <= available_at", "max_available_at": "2026-08-31T00:00:00Z", "method": "predictor_core.measurement.replay", "rows": 52, "status": "PASS"}, "trial_ids": ["crypto:TRIAL-159fdfb2ad2ccd8f8d612a364c7c61ed"], "trial_registry": "predictor_core.contracts.trial_v2.TrialRegistryV2", "trial_row_hash": "58a31561888f23f906ba4252a1dc91c091b9d2b05c2faf4edf8eb127292cf502"}, "domain_facts": {"baseline_comparison": {"baseline_id": "crypto:BASELINE-FLAT", "gross_delta_bps": -89, "net_delta_bps": -118, "outcome": "LOSES"}, "baseline_identity": {"content_hash": "4cfdb5417495d2ab5067d67ad9d199d59d330fa4600a8d451b32a7b62e6be136", "name": "flat", "revision_id": "baseline:flat:real-v1", "version": "v1"}, "cost_model_identity": {"content_hash": "6168c2abe0d77bcceffc084905a6a2ba54a8cbdf5a1a55f48fbc1e30f3e44e65", "name": "v3-frozen", "revision_id": "cost_model:v3-frozen:real-v1", "version": "v1"}, "costs": {"cost_aware_decision": "NO_TRADE", "mean_funding_pnl_bps": 1, "mean_total_cost_bps": 29, "model": "GarimpoInvestimentos.v3.costs.CostModel", "round_trip_friction_bps": 30, "slippage_bps_per_leg": 5, "taker_fee_bps_per_leg": 10}, "data_cutoff": "2026-08-31T00:00:00Z", "data_quality": {"ok": true}, "dataset_identity": {"content_hash": "0d04cf7c11e8b27fd294a3c354dee3750c9de9d2b312f0044436e7a1751b9a33", "name": "real-in-sample", "revision_id": "dataset:real-in-sample:v1", "version": "v1"}, "effect_sha256": "b71e3bd36c06972918e00c741e0db8c9c9aee8efbda648a7a8cf2428c7f4398e", "evidence_identity": {"content_hash": "6f36df6bf689e20cc90c92fcd74baca040d4d6fa1a25368c71f35baf0fcf4bc9", "name": "none", "revision_id": "evidence:none:real-v1", "version": "v1"}, "handler": "crypto.handlers.backtest_existing_hypothesis.v1", "identity": {"package": "cripto-predictor", "record_sha256": "0cde203bc21746dc97498403c0d24fe62e4982340a720e8c7af049514462a262", "version": "1.2.0rc3"}, "metrics": {"ci": {"confidence": 0.95, "n_boot": 500, "scheme": "iid", "seed": 17}, "gross_ci_high_bps": 70, "gross_ci_low_bps": -268, "gross_return_bps": -89, "long_observations": 28, "max_drawdown_bps": -5497, "net_ci_high_bps": 42, "net_ci_low_bps": -298, "net_return_bps": -118, "sample_size": 52, "short_observations": 24, "turnover_round_trips": 52}, "model_identity": {"content_hash": "07225498b8d4834d762a198bc63ee650512fdf02e536d1b0a623bbe9a6fb3582", "name": "fixed-shadow", "revision_id": "protocol:fixed-shadow:real-v1", "version": "v1"}, "placebo_seed": 101}, "economic_state": "NO_EDGE", "experiment_id": "crypto:EXP-159fdfb2ad2ccd8f8d612a364c7c61ed", "hypothesis_id": "crypto:QUAL-SHADOW-REAL-001", "operational_state": "SUCCEEDED", "ops_facts": {"attempt_ids": ["crypto:ATTEMPT-83c40cdf73634167af5369f0c8c59092"], "attempts": 1, "economic_lock_id": "economic-add5ab5689956f5960dad049b78a2692bafed5b5faa5ddeaf30d4af385b83c5f", "exit_code": 0, "finished_at": "2026-09-28T14:24:12.310Z", "heartbeat_at": "2026-09-28T14:24:12.108Z", "identity": {"package": "predictor-ops", "record_sha256": "1c7946e1d994f63bc3e732fe4666edfb42967f3a7b7b11664af63ca572f0018f", "version": "4.2.2rc1"}, "job_id": "crypto-research-159fdfb2ad2ccd8f8d612a36", "operational_state": "SUCCEEDED", "ops_record_hash": "4916b11af7e73fdeb971d61e18ad9db6b3e00c812848cbfdf2405b781fc0569d", "ops_run_id": "a4bd7f6ded3b406780692205c1726262", "ops_run_ids": ["a4bd7f6ded3b406780692205c1726262"], "retry_count": 0, "started_at": "2026-09-28T14:24:12.102Z"}, "produced_at": "2026-09-28T14:24:12.315140Z", "provenance": {"admission_policy_hash": "78e8b2d76c589c02254b299bcc633eaddfe82d6a93e7849a9b91d11f31563729", "admission_policy_id": "crypto-integration-qualification", "admission_policy_version": 1, "handler_identity": "crypto.handlers.backtest_existing_hypothesis.v1", "journal_identity": "f983dd4631ad0b83ff9ed05e04ea0bc479963ad0ddd58e9064c0242a44b3e112", "logical_experiment_hash": "159fdfb2ad2ccd8f8d612a364c7c61ed5a4812b54434fdc793613ca14e7b9244", "reference_materialization_receipt_hash": "fac8871eb85c9aeb6121810cb386142a5d419af3efd3465c12c2dd545066c5e5", "request_content_hash": "5fe20eb7b93d743530485cae313699a24e6bde31926371024ff20b8d3ef89beb", "resolved_references_hash": "257b00d8d257e56401219b8ae046e9e5a1d90efaba5ab7cc654a493d0f59ee64"}, "request_id": "crypto:REQ-IC-E2E-001", "research_id": "crypto:RESEARCH-INTEGRATION-QUALIFICATION", "result_id": "crypto:RESULT-159fdfb2ad2ccd8f8d612a364c7c61ed", "result_state": "INCONCLUSIVE", "schema_version": "crypto-research-result/1", "scientific_state": "INCONCLUSIVE"}, "result_sha256": "f5a1e7129c612b16a542dd6e98612abd30d0cec62b6624f64e36ea19a40b5632", "source": "authoritative_result_store", "status": "RESULT"}
--- stderr
--- end
{"n": 24, "label": "show crypto:REQ-IC-E2E-007", "at": "2026-09-28T14:24:16Z", "seconds": 0.158, "argv": ["/home/runner/work/_temp/work/rt/consumer-venv/bin/cripto-research", "--state", "/home/runner/work/_temp/work/e2e/domain-state", "show", "crypto:REQ-IC-E2E-007"], "fault_env": {}, "exit": 0}
--- stdout
{"request_id": "crypto:REQ-IC-E2E-007", "result": {"admission_id": "crypto:ADM-bdb7a97aa541747fc0c58fc078b08cc7", "capital_permission": false, "core_facts": {"dataset_fingerprint": "1e6356ed1c918f083af953f558a5d23fc6d777ec95bb6cdbde16ee34d257dddb", "identity": {"package": "predictor-core", "record_sha256": "eb8c5553379422a4317e5d6749a98912e95e873d52c80d7fa1fd87e6d96977c2", "version": "3.2.1"}, "scientific_state_source": "core_trial_registry", "statistics": {"gross_ci_high": 0.02549230760890503, "gross_ci_low": -0.007312083742153127, "mean_gross_return": 0.00956909474953309, "mean_net_return": 0.00645209648030232, "net_ci_high": 0.022429989535761308, "net_ci_low": -0.010557930824002516}, "temporal_validation": {"data_cutoff": "2026-08-31T00:00:00Z", "inequality": "available_at <= data_cutoff and observed_at monotonic and observed_at <= available_at", "max_available_at": "2026-08-31T00:00:00Z", "method": "predictor_core.measurement.replay", "rows": 52, "status": "PASS"}, "trial_ids": ["crypto:TRIAL-645789279a2ea8a96756748ea5e18d06"], "trial_registry": "predictor_core.contracts.trial_v2.TrialRegistryV2", "trial_row_hash": "11c9fe13c7f6e1f9f8997df0ff4e048159da9f158fdf4fe3393eeeb52e19de79"}, "domain_facts": {"baseline_comparison": {"baseline_id": "crypto:BASELINE-FLAT", "gross_delta_bps": 96, "net_delta_bps": 65, "outcome": "BEATS"}, "baseline_identity": {"content_hash": "4cfdb5417495d2ab5067d67ad9d199d59d330fa4600a8d451b32a7b62e6be136", "name": "flat", "revision_id": "baseline:flat:real-v1", "version": "v1"}, "cost_model_identity": {"content_hash": "6168c2abe0d77bcceffc084905a6a2ba54a8cbdf5a1a55f48fbc1e30f3e44e65", "name": "v3-frozen", "revision_id": "cost_model:v3-frozen:real-v1", "version": "v1"}, "costs": {"cost_aware_decision": "NO_TRADE", "mean_funding_pnl_bps": -1, "mean_total_cost_bps": 31, "model": "GarimpoInvestimentos.v3.costs.CostModel", "round_trip_friction_bps": 30, "slippage_bps_per_leg": 5, "taker_fee_bps_per_leg": 10}, "data_cutoff": "2026-08-31T00:00:00Z", "data_quality": {"ok": true}, "dataset_identity": {"content_hash": "0d04cf7c11e8b27fd294a3c354dee3750c9de9d2b312f0044436e7a1751b9a33", "name": "real-in-sample", "revision_id": "dataset:real-in-sample:v1", "version": "v1"}, "effect_sha256": "6d6c4bfc9072deaef3b0aaac49b584a7bd139e7b39991432b27d6bff30b213da", "evidence_identity": {"content_hash": "6f36df6bf689e20cc90c92fcd74baca040d4d6fa1a25368c71f35baf0fcf4bc9", "name": "none", "revision_id": "evidence:none:real-v1", "version": "v1"}, "handler": "crypto.handlers.backtest_existing_hypothesis.v1", "identity": {"package": "cripto-predictor", "record_sha256": "0cde203bc21746dc97498403c0d24fe62e4982340a720e8c7af049514462a262", "version": "1.2.0rc3"}, "metrics": {"ci": {"confidence": 0.95, "n_boot": 500, "scheme": "iid", "seed": 17}, "gross_ci_high_bps": 255, "gross_ci_low_bps": -73, "gross_return_bps": 96, "long_observations": 25, "max_drawdown_bps": -3460, "net_ci_high_bps": 224, "net_ci_low_bps": -106, "net_return_bps": 65, "sample_size": 52, "short_observations": 27, "turnover_round_trips": 52}, "model_identity": {"content_hash": "07225498b8d4834d762a198bc63ee650512fdf02e536d1b0a623bbe9a6fb3582", "name": "fixed-shadow", "revision_id": "protocol:fixed-shadow:real-v1", "version": "v1"}, "placebo_seed": 107}, "economic_state": "NO_EDGE", "experiment_id": "crypto:EXP-645789279a2ea8a96756748ea5e18d06", "hypothesis_id": "crypto:QUAL-SHADOW-REAL-003", "operational_state": "SUCCEEDED", "ops_facts": {"attempt_ids": ["crypto:ATTEMPT-fc5d06afaee940e5b9cea3d93d4093a5"], "attempts": 1, "economic_lock_id": "economic-9a27ed46a24d4b15168df07f939135cee648d929bfee7ae744a249e9c6494515", "exit_code": 0, "finished_at": "2026-09-28T14:24:15.674Z", "heartbeat_at": "2026-09-28T14:24:15.473Z", "identity": {"package": "predictor-ops", "record_sha256": "1c7946e1d994f63bc3e732fe4666edfb42967f3a7b7b11664af63ca572f0018f", "version": "4.2.2rc1"}, "job_id": "crypto-research-645789279a2ea8a96756748e", "operational_state": "SUCCEEDED", "ops_record_hash": "acf949662a16b63c882b21d2337cf57ba22cc2baaf93b469747c4ac07b932cdd", "ops_run_id": "b9155bc3f37642709df9c0949301e019", "ops_run_ids": ["b9155bc3f37642709df9c0949301e019"], "retry_count": 0, "started_at": "2026-09-28T14:24:15.466Z"}, "produced_at": "2026-09-28T14:24:15.679255Z", "provenance": {"admission_policy_hash": "78e8b2d76c589c02254b299bcc633eaddfe82d6a93e7849a9b91d11f31563729", "admission_policy_id": "crypto-integration-qualification", "admission_policy_version": 1, "handler_identity": "crypto.handlers.backtest_existing_hypothesis.v1", "journal_identity": "6fcc55f616e62c8a8e0e19ac4c4c72de4452d937a2f889bfa4b3243251e033f9", "logical_experiment_hash": "645789279a2ea8a96756748ea5e18d06f23890cfccfc239d1bf2335d9dfb4bfa", "reference_materialization_receipt_hash": "5536ad76fe491507a020a0ce81c5a3867fffea9638c2d9aa6deb8ae16074ca13", "request_content_hash": "2adbe0ec65ffcf947ec57ee38c71047536a6f04e103382c11ad849ba74039d65", "resolved_references_hash": "257b00d8d257e56401219b8ae046e9e5a1d90efaba5ab7cc654a493d0f59ee64"}, "request_id": "crypto:REQ-IC-E2E-007", "research_id": "crypto:RESEARCH-INTEGRATION-QUALIFICATION", "result_id": "crypto:RESULT-645789279a2ea8a96756748ea5e18d06", "result_state": "INCONCLUSIVE", "schema_version": "crypto-research-result/1", "scientific_state": "INCONCLUSIVE"}, "result_sha256": "3a71d92e2b43bcf950bc53aad1324e84e3e3c94dc76a2f25d3e5b6cd10864ec9", "source": "authoritative_result_store", "status": "RESULT"}
--- stderr
--- end
{"n": 25, "label": "show crypto:REQ-IC-E2E-002", "at": "2026-09-28T14:24:16Z", "seconds": 0.154, "argv": ["/home/runner/work/_temp/work/rt/consumer-venv/bin/cripto-research", "--state", "/home/runner/work/_temp/work/e2e/domain-state", "show", "crypto:REQ-IC-E2E-002"], "fault_env": {}, "exit": 0}
--- stdout
{"request_id": "crypto:REQ-IC-E2E-002", "result": {"admission_id": "crypto:ADM-fa7fb4ebb9ff3525cf75d7fe91da7a13", "capital_permission": false, "core_facts": {"dataset_fingerprint": "1e6356ed1c918f083af953f558a5d23fc6d777ec95bb6cdbde16ee34d257dddb", "identity": {"package": "predictor-core", "record_sha256": "eb8c5553379422a4317e5d6749a98912e95e873d52c80d7fa1fd87e6d96977c2", "version": "3.2.1"}, "scientific_state_source": "core_trial_registry", "statistics": {"gross_ci_high": 0.01724139371241597, "gross_ci_low": -0.014975141675945583, "mean_gross_return": 0.0005936615531716641, "mean_net_return": -0.002306859023751414, "net_ci_high": 0.014394415058569816, "net_ci_low": -0.017987947637484045}, "temporal_validation": {"data_cutoff": "2026-08-31T00:00:00Z", "inequality": "available_at <= data_cutoff and observed_at monotonic and observed_at <= available_at", "max_available_at": "2026-08-31T00:00:00Z", "method": "predictor_core.measurement.replay", "rows": 52, "status": "PASS"}, "trial_ids": ["crypto:TRIAL-5bcaf205a05986e27358fb68064445d8"], "trial_registry": "predictor_core.contracts.trial_v2.TrialRegistryV2", "trial_row_hash": "e2fdefc6946bbf00150d34317668145411959f9774a85c328620c94e38dedcc9"}, "domain_facts": {"baseline_comparison": {"baseline_id": "crypto:BASELINE-FLAT", "gross_delta_bps": 6, "net_delta_bps": -23, "outcome": "LOSES"}, "baseline_identity": {"content_hash": "4cfdb5417495d2ab5067d67ad9d199d59d330fa4600a8d451b32a7b62e6be136", "name": "flat", "revision_id": "baseline:flat:real-v1", "version": "v1"}, "cost_model_identity": {"content_hash": "6168c2abe0d77bcceffc084905a6a2ba54a8cbdf5a1a55f48fbc1e30f3e44e65", "name": "v3-frozen", "revision_id": "cost_model:v3-frozen:real-v1", "version": "v1"}, "costs": {"cost_aware_decision": "NO_TRADE", "mean_funding_pnl_bps": 1, "mean_total_cost_bps": 29, "model": "GarimpoInvestimentos.v3.costs.CostModel", "round_trip_friction_bps": 30, "slippage_bps_per_leg": 5, "taker_fee_bps_per_leg": 10}, "data_cutoff": "2026-08-31T00:00:00Z", "data_quality": {"ok": true}, "dataset_identity": {"content_hash": "0d04cf7c11e8b27fd294a3c354dee3750c9de9d2b312f0044436e7a1751b9a33", "name": "real-in-sample", "revision_id": "dataset:real-in-sample:v1", "version": "v1"}, "effect_sha256": "66619bcec80014667b489a4cee7b30a5730cbc9ea972a1d245e8fdffdc71bedb", "evidence_identity": {"content_hash": "6f36df6bf689e20cc90c92fcd74baca040d4d6fa1a25368c71f35baf0fcf4bc9", "name": "none", "revision_id": "evidence:none:real-v1", "version": "v1"}, "handler": "crypto.handlers.backtest_existing_hypothesis.v1", "identity": {"package": "cripto-predictor", "record_sha256": "0cde203bc21746dc97498403c0d24fe62e4982340a720e8c7af049514462a262", "version": "1.2.0rc3"}, "metrics": {"ci": {"confidence": 0.95, "n_boot": 500, "scheme": "iid", "seed": 17}, "gross_ci_high_bps": 172, "gross_ci_low_bps": -150, "gross_return_bps": 6, "long_observations": 25, "max_drawdown_bps": -4988, "net_ci_high_bps": 144, "net_ci_low_bps": -180, "net_return_bps": -23, "sample_size": 52, "short_observations": 27, "turnover_round_trips": 52}, "model_identity": {"content_hash": "07225498b8d4834d762a198bc63ee650512fdf02e536d1b0a623bbe9a6fb3582", "name": "fixed-shadow", "revision_id": "protocol:fixed-shadow:real-v1", "version": "v1"}, "placebo_seed": 102}, "economic_state": "NO_EDGE", "experiment_id": "crypto:EXP-5bcaf205a05986e27358fb68064445d8", "hypothesis_id": "crypto:QUAL-SHADOW-REAL-002", "operational_state": "SUCCEEDED", "ops_facts": {"attempt_ids": ["crypto:ATTEMPT-fcac1f81631d4bdc9f43c29ba85d65ba"], "attempts": 1, "economic_lock_id": "economic-4b9da2052ba4badf00e0babd39fdf80ef9511e4fb27691236e065ff9eba7bbe3", "exit_code": 0, "finished_at": "2026-09-28T14:24:13.172Z", "heartbeat_at": "2026-09-28T14:24:12.971Z", "identity": {"package": "predictor-ops", "record_sha256": "1c7946e1d994f63bc3e732fe4666edfb42967f3a7b7b11664af63ca572f0018f", "version": "4.2.2rc1"}, "job_id": "crypto-research-5bcaf205a05986e27358fb68", "operational_state": "SUCCEEDED", "ops_record_hash": "ef33d5ac93cb954b73f878d829b31ea6e116d5039707bf03890ac90829922862", "ops_run_id": "7c907c69d7154b559a24bb648a4c6e4e", "ops_run_ids": ["7c907c69d7154b559a24bb648a4c6e4e"], "retry_count": 0, "started_at": "2026-09-28T14:24:12.964Z"}, "produced_at": "2026-09-28T14:24:13.177555Z", "provenance": {"admission_policy_hash": "78e8b2d76c589c02254b299bcc633eaddfe82d6a93e7849a9b91d11f31563729", "admission_policy_id": "crypto-integration-qualification", "admission_policy_version": 1, "handler_identity": "crypto.handlers.backtest_existing_hypothesis.v1", "journal_identity": "3cee217fd0bb42469bdc27565eb2fd1da08e8b26432c0cf8bb6f8ea6b4b344a6", "logical_experiment_hash": "5bcaf205a05986e27358fb68064445d85b47a0f98a066f7e99e2edc97fe60584", "reference_materialization_receipt_hash": "22662733cef762aa90fbc75cd72df6de9355f2cc4dd42721106c83770d0a6ba8", "request_content_hash": "2f1a51cc878bbc2b90b9a06125dc4eb586e279b9f4b95229dff11a5f8596ce6c", "resolved_references_hash": "257b00d8d257e56401219b8ae046e9e5a1d90efaba5ab7cc654a493d0f59ee64"}, "request_id": "crypto:REQ-IC-E2E-002", "research_id": "crypto:RESEARCH-INTEGRATION-QUALIFICATION", "result_id": "crypto:RESULT-5bcaf205a05986e27358fb68064445d8", "result_state": "INCONCLUSIVE", "schema_version": "crypto-research-result/1", "scientific_state": "INCONCLUSIVE"}, "result_sha256": "13e23f7a08f086b9d80a8afbd965c3b458c00a6365d7c84ad82228db936ce93c", "source": "authoritative_result_store", "status": "RESULT"}
--- stderr
--- end
{"n": 26, "label": "show canary", "at": "2026-09-28T14:24:16Z", "seconds": 0.149, "argv": ["/home/runner/work/_temp/work/rt/consumer-venv/bin/cripto-research", "--state", "/home/runner/work/_temp/work/e2e/domain-state", "show", "crypto:REQ-IC-E2E-003"], "fault_env": {}, "exit": 3}
--- stdout
{"request_id": "crypto:REQ-IC-E2E-003", "status": "NOT_FOUND"}
--- stderr
--- end
{"n": 27, "label": "episodes final", "at": "2026-09-28T14:24:16Z", "seconds": 0.125, "argv": ["/home/runner/work/_temp/work/rt/cain-venv/bin/cain", "research", "episodes", "--domain", "crypto", "--state", "/home/runner/work/_temp/work/e2e/cain-state"], "fault_env": {}, "exit": 0}
--- stdout
{"domain": "crypto", "episodes": [{"as_of": "2026-09-28T14:24:11Z", "decision": "ALLOW", "number": 1, "outbox": {"dispatches": 1, "retries_requested": 0, "status": "PUBLISHED", "task_id": "crypto:TASK-02bf95b3940c9a226f8a9ae2a37a11a3"}, "proposal_id": "cain:E2E-01", "reason_code": "ALLOWED", "receipt_sha256": "54cdba7afdd6b4225e439f83c72495025e05f95df1ec288d71c5e2d211e970b5", "source": "operator", "task_id": "crypto:TASK-02bf95b3940c9a226f8a9ae2a37a11a3"}, {"as_of": "2026-09-28T14:24:12Z", "decision": "ALLOW", "number": 2, "outbox": {"dispatches": 1, "retries_requested": 0, "status": "PUBLISHED", "task_id": "crypto:TASK-9cb8ddb312aff3b4be933e167ae7e943"}, "proposal_id": "cain:E2E-02", "reason_code": "ALLOWED", "receipt_sha256": "75928b40dc4ad6029092ed9c7851f2e16c64f05b5ce38796ebf2959cf5976ea8", "source": "operator", "task_id": "crypto:TASK-9cb8ddb312aff3b4be933e167ae7e943"}, {"as_of": "2026-09-28T14:24:13Z", "decision": "ALLOW", "number": 3, "outbox": {"dispatches": 1, "retries_requested": 0, "status": "PUBLISHED", "task_id": "crypto:TASK-6f9d23e232884c4e3d510523e881874a"}, "proposal_id": "cain:E2E-03", "reason_code": "ALLOWED", "receipt_sha256": "97d169db0bd13a47b510c9fd67efc05300835be88028410cfd15d63156df6216", "source": "operator", "task_id": "crypto:TASK-6f9d23e232884c4e3d510523e881874a"}, {"as_of": "2026-09-28T14:24:14Z", "decision": "DUPLICATE", "number": 4, "outbox": null, "proposal_id": "cain:E2E-04", "reason_code": "DUPLICATE_REQUEST", "receipt_sha256": "d47718f249c1fa8754c0d0a350add9c0d111d31eef6229236d2e91ad2b1cb7d3", "source": "operator", "task_id": null}, {"as_of": "2026-09-28T14:24:14Z", "decision": "BLOCK", "number": 5, "outbox": null, "proposal_id": "cain:E2E-05", "reason_code": "HYPOTHESIS_CLOSED", "receipt_sha256": "b7da5ade9e18712588f1423cc27b501c24b9ab7544764cc802b07fc994b4f9f9", "source": "operator", "task_id": null}, {"as_of": "2026-09-28T14:24:14Z", "decision": "BLOCK", "number": 6, "outbox": null, "proposal_id": "cain:E2E-06", "reason_code": "DOMAIN_MISMATCH", "receipt_sha256": "f287ccf940e14cee6bbcbe27f1f9e2bc445d845323030fd06b7cdf6f015270f5", "source": "operator", "task_id": null}, {"as_of": "2026-09-28T14:24:15Z", "decision": "ALLOW", "number": 7, "outbox": {"dispatches": 1, "retries_requested": 0, "status": "PUBLISHED", "task_id": "crypto:TASK-4fd811d6e4fd160bfab2e5c2995cc0ce"}, "proposal_id": "cain:E2E-07", "reason_code": "ALLOWED", "receipt_sha256": "3217b377bfe33899bbf3cda42281212079658b97cbefc82000ad4d97c00b7724", "source": "operator", "task_id": "crypto:TASK-4fd811d6e4fd160bfab2e5c2995cc0ce"}], "inbox": [{"class": "TERMINAL_RESULT", "fact_id": "fact:02d802981d1f458eb3cd4e70e8eed8a8", "payload_sha256": "f5a1e7129c612b16a542dd6e98612abd30d0cec62b6624f64e36ea19a40b5632", "status": "RESULT", "task_id": "crypto:TASK-02bf95b3940c9a226f8a9ae2a37a11a3"}, {"class": "TERMINAL_RESULT", "fact_id": "fact:61b3e588903c408a93f3a7aa4184ce95", "payload_sha256": "13e23f7a08f086b9d80a8afbd965c3b458c00a6365d7c84ad82228db936ce93c", "status": "DUPLICATE", "task_id": "crypto:TASK-9cb8ddb312aff3b4be933e167ae7e943"}, {"class": "TERMINAL_REFUSAL", "fact_id": "fact:555d2e443adf447ba4cef14b0a737e11", "payload_sha256": null, "status": "TEMPORAL_INTEGRITY_VIOLATION", "task_id": "crypto:TASK-6f9d23e232884c4e3d510523e881874a"}, {"class": "TERMINAL_RESULT", "fact_id": "fact:06b22ff47c0947eab38f4551aa4f642b", "payload_sha256": "3a71d92e2b43bcf950bc53aad1324e84e3e3c94dc76a2f25d3e5b6cd10864ec9", "status": "RESULT", "task_id": "crypto:TASK-4fd811d6e4fd160bfab2e5c2995cc0ce"}], "memory": {"broken_at": null, "entries": 4, "head": "e891d5820ca4dfcd99644fc022a877ac4ba13683b72027b8770033d36e607f3a", "head_recorded_at": "2026-09-28T14:24:15.835775Z", "projection": "consistent", "status": "intact"}, "rejections": [{"code": "DOMAIN_MISMATCH", "file": "interleaved-fixtures-v2-brasileirao-result-h9.json"}, {"code": "TASK_NOT_FOUND", "file": "interleaved-fixtures-v2-crypto-result-h9.json"}, {"code": "DOMAIN_MISMATCH", "file": "interleaved-fixtures-v2-stocks-result-h9.json"}]}
--- stderr
--- end
