{"effective_proposal": "/home/runner/work/_temp/work/failures/F03/proposals/1.json", "template": "fixtures/proposals/e2e/01-allow.json", "sha256": "ab55cbc8e94caa61c215c76d59e4278209d84355386193a95f3a8df7144ef7c8"}
{"n": 1, "label": "propose 1", "at": "2026-09-28T01:31:50Z", "seconds": 0.162, "argv": ["/home/runner/work/_temp/work/rt/cain-venv/bin/cain", "research", "propose", "--domain", "stocks", "--state", "/home/runner/work/_temp/work/failures/F03/cain-state", "--proposal", "/home/runner/work/_temp/work/failures/F03/proposals/1.json", "--as-of", "2026-09-28T01:31:50Z"], "fault_env": {}, "exit": 0}
--- stdout
{"decision": "ALLOW", "episode_id": "stocks:episode-1", "reason_code": "ALLOWED", "receipt_sha256": "fc632fbf56aefc9448f6fb09d077efd67779ad3a32851cc220e10c8b59e461f2", "rule": "R14", "status": "RECORDED", "task": {"payload_sha256": "0c845050a149f217e7f2a934df40205773e0366c50f9ac857cbae35162d0ff04", "previous_task_id": null, "task_id": "stocks:TASK-fd6fedc61565dbd8b96acc853c4d00ab"}}
--- stderr
--- end
{"n": 2, "label": "dispatch", "at": "2026-09-28T01:31:50Z", "seconds": 0.142, "argv": ["/home/runner/work/_temp/work/rt/cain-venv/bin/cain", "research", "dispatch", "--domain", "stocks", "--state", "/home/runner/work/_temp/work/failures/F03/cain-state", "--spool", "/home/runner/work/_temp/work/failures/F03/spool"], "fault_env": {}, "exit": 0}
--- stdout
{"action": "dispatched", "file": "stocks/tasks/TASK-fd6fedc61565dbd8b96acc853c4d00ab.json", "spool": "WRITTEN", "task_id": "stocks:TASK-fd6fedc61565dbd8b96acc853c4d00ab"}
--- stderr
--- end
{"n": 3, "label": "consumer", "at": "2026-09-28T01:32:01Z", "seconds": 10.773, "argv": ["/home/runner/work/_temp/work/rt/consumer-venv/bin/predictor-research-consumer", "--domain", "stocks", "--spool", "/home/runner/work/_temp/work/failures/F03/spool", "--ledger", "/home/runner/work/_temp/work/failures/F03/consumer/ledger.sqlite", "--state", "/home/runner/work/_temp/work/failures/F03/domain-state", "--policy", "/home/runner/work/_temp/work/rt/op/policy.json", "--objects", "/home/runner/work/_temp/work/rt/op/objects"], "fault_env": {}, "exit": 0}
--- stdout
{"action": "delivered", "attempt": 1, "class": "TERMINAL_RESULT", "episode_id": "stocks:episode-1", "result_file": "stocks/results/TASK-fd6fedc61565dbd8b96acc853c4d00ab.b55554f6c05aa857.json", "result_write": "WRITTEN", "status": "RESULT", "task_id": "stocks:TASK-fd6fedc61565dbd8b96acc853c4d00ab"}
--- stderr
{"duration_ms": 10441, "event": "job_finished", "job_id": "stocks-research-48a63e43e1f1c4566b9f69c2", "level": "INFO", "run_id": "c71f9205b9b94b0fb897c7c6bb01c483", "run_status": "SUCCEEDED", "service": "predictor_ops", "timestamp": "2026-09-28T01:32:01.238290Z"}
--- end
{"n": 4, "label": "ingest (fault)", "at": "2026-09-28T01:32:01Z", "seconds": 0.13, "argv": ["/home/runner/work/_temp/work/rt/cain-venv/bin/cain", "research", "ingest", "--domain", "stocks", "--state", "/home/runner/work/_temp/work/failures/F03/cain-state", "--spool", "/home/runner/work/_temp/work/failures/F03/spool"], "fault_env": {"CAIN_ORCHESTRATION_FAULT": "after_inbox_commit_before_memory"}, "exit": 86}
--- stdout
--- stderr
--- end
{"n": 5, "label": "inbox without fact before recovery", "at": "2026-09-28T01:32:01Z", "seconds": 0.144, "argv": ["/home/runner/work/_temp/work/rt/cain-venv/bin/cain", "research", "episodes", "--domain", "stocks", "--state", "/home/runner/work/_temp/work/failures/F03/cain-state"], "fault_env": {}, "exit": 0}
--- stdout
{"domain": "stocks", "episodes": [{"as_of": "2026-09-28T01:31:50Z", "decision": "ALLOW", "number": 1, "outbox": {"dispatches": 1, "retries_requested": 0, "status": "PUBLISHED", "task_id": "stocks:TASK-fd6fedc61565dbd8b96acc853c4d00ab"}, "proposal_id": "cain:FM-F03-1", "reason_code": "ALLOWED", "receipt_sha256": "fc632fbf56aefc9448f6fb09d077efd67779ad3a32851cc220e10c8b59e461f2", "source": "operator", "task_id": "stocks:TASK-fd6fedc61565dbd8b96acc853c4d00ab"}], "inbox": [{"class": "TERMINAL_RESULT", "fact_id": null, "payload_sha256": "906855d25f2db06d33f9ebec2704bd7a8c661a72d0b9b1dc11a20f41538ba5a8", "status": "RESULT", "task_id": "stocks:TASK-fd6fedc61565dbd8b96acc853c4d00ab"}], "memory": {"broken_at": null, "entries": 0, "head": "cain-memory-log/1", "head_recorded_at": null, "projection": "consistent", "status": "intact"}, "rejections": []}
--- stderr
--- end
{"n": 6, "label": "ingest after restart", "at": "2026-09-28T01:32:01Z", "seconds": 0.151, "argv": ["/home/runner/work/_temp/work/rt/cain-venv/bin/cain", "research", "ingest", "--domain", "stocks", "--state", "/home/runner/work/_temp/work/failures/F03/cain-state", "--spool", "/home/runner/work/_temp/work/failures/F03/spool"], "fault_env": {}, "exit": 0}
--- stdout
{"action": "remembered", "fact_id": "fact:89fde969e0764c93ab4610565c42c578", "file": "TASK-fd6fedc61565dbd8b96acc853c4d00ab.b55554f6c05aa857.json", "reused": false}
--- stderr
--- end
{"n": 7, "label": "memory completed once", "at": "2026-09-28T01:32:01Z", "seconds": 0.143, "argv": ["/home/runner/work/_temp/work/rt/cain-venv/bin/cain", "research", "episodes", "--domain", "stocks", "--state", "/home/runner/work/_temp/work/failures/F03/cain-state"], "fault_env": {}, "exit": 0}
--- stdout
{"domain": "stocks", "episodes": [{"as_of": "2026-09-28T01:31:50Z", "decision": "ALLOW", "number": 1, "outbox": {"dispatches": 1, "retries_requested": 0, "status": "PUBLISHED", "task_id": "stocks:TASK-fd6fedc61565dbd8b96acc853c4d00ab"}, "proposal_id": "cain:FM-F03-1", "reason_code": "ALLOWED", "receipt_sha256": "fc632fbf56aefc9448f6fb09d077efd67779ad3a32851cc220e10c8b59e461f2", "source": "operator", "task_id": "stocks:TASK-fd6fedc61565dbd8b96acc853c4d00ab"}], "inbox": [{"class": "TERMINAL_RESULT", "fact_id": "fact:89fde969e0764c93ab4610565c42c578", "payload_sha256": "906855d25f2db06d33f9ebec2704bd7a8c661a72d0b9b1dc11a20f41538ba5a8", "status": "RESULT", "task_id": "stocks:TASK-fd6fedc61565dbd8b96acc853c4d00ab"}], "memory": {"broken_at": null, "entries": 1, "head": "8304cbe8d7f3dabc40e8574b744cd00fc87fbd85e616ef566f1100b7c2371229", "head_recorded_at": "2026-09-28T01:32:01.707265Z", "projection": "consistent", "status": "intact"}, "rejections": []}
--- stderr
--- end
