{"n": 1, "label": "propose 1", "at": "2026-10-07T22:35:19Z", "seconds": 0.152, "argv": ["/home/runner/work/_temp/work/rt/cain-venv/bin/cain", "research", "propose", "--domain", "crypto", "--state", "/home/runner/work/_temp/work/failures/F07/cain-state", "--proposal", "/home/runner/work/_temp/work/failures/F07/proposals/1.json", "--as-of", "2026-10-07T22:35:19Z"], "fault_env": {}, "exit": 0}
--- stdout
{"decision": "ALLOW", "episode_id": "crypto:episode-1", "reason_code": "ALLOWED", "receipt_sha256": "9969f2a6e64fc93e0ad40292e5ce1e29b492964617af2fc8ba5dc300c487e711", "rule": "R14", "status": "RECORDED", "task": {"payload_sha256": "f7689c417f71a0c2d1b0e412d9c4d5cbf46674bff4ab140519f477a5a5ee8d25", "previous_task_id": null, "task_id": "crypto:TASK-e7a6c2ad4bdc728910407f451dca25fc"}}
--- stderr
--- end
{"n": 2, "label": "dispatch", "at": "2026-10-07T22:35:19Z", "seconds": 0.118, "argv": ["/home/runner/work/_temp/work/rt/cain-venv/bin/cain", "research", "dispatch", "--domain", "crypto", "--state", "/home/runner/work/_temp/work/failures/F07/cain-state", "--spool", "/home/runner/work/_temp/work/failures/F07/spool"], "fault_env": {}, "exit": 0}
--- stdout
{"action": "dispatched", "file": "crypto/tasks/TASK-e7a6c2ad4bdc728910407f451dca25fc.json", "spool": "WRITTEN", "task_id": "crypto:TASK-e7a6c2ad4bdc728910407f451dca25fc"}
--- stderr
--- end
{"n": 3, "label": "ingest while consumer is out", "at": "2026-10-07T22:35:19Z", "seconds": 0.112, "argv": ["/home/runner/work/_temp/work/rt/cain-venv/bin/cain", "research", "ingest", "--domain", "crypto", "--state", "/home/runner/work/_temp/work/failures/F07/cain-state", "--spool", "/home/runner/work/_temp/work/failures/F07/spool"], "fault_env": {}, "exit": 0}
--- stdout
--- stderr
--- end
{"n": 4, "label": "propose 2", "at": "2026-10-07T22:35:20Z", "seconds": 0.119, "argv": ["/home/runner/work/_temp/work/rt/cain-venv/bin/cain", "research", "propose", "--domain", "crypto", "--state", "/home/runner/work/_temp/work/failures/F07/cain-state", "--proposal", "/home/runner/work/_temp/work/failures/F07/proposals/2.json", "--as-of", "2026-10-07T22:35:19Z"], "fault_env": {}, "exit": 0}
--- stdout
{"decision": "ABSTAIN", "episode_id": "crypto:episode-2", "reason_code": "OPEN_TASK_PENDING", "receipt_sha256": "764d8d25ee53411f83999842166d5eb44220e539372684deb9845e0b4c9412d8", "rule": "R12", "status": "RECORDED", "task": null}
--- stderr
--- end
{"n": 5, "label": "consumer back", "at": "2026-10-07T22:35:20Z", "seconds": 0.457, "argv": ["/home/runner/work/_temp/work/rt/consumer-venv/bin/predictor-research-consumer", "--domain", "crypto", "--spool", "/home/runner/work/_temp/work/failures/F07/spool", "--ledger", "/home/runner/work/_temp/work/failures/F07/consumer/ledger.sqlite", "--state", "/home/runner/work/_temp/work/failures/F07/domain-state", "--policy", "/home/runner/work/_temp/work/rt/op/policy.json", "--objects", "/home/runner/work/_temp/work/rt/op/objects"], "fault_env": {}, "exit": 0}
--- stdout
{"action": "delivered", "attempt": 1, "class": "TERMINAL_RESULT", "episode_id": "crypto:episode-1", "result_file": "crypto/results/TASK-e7a6c2ad4bdc728910407f451dca25fc.7b8b2614595e103a.json", "result_write": "WRITTEN", "status": "RESULT", "task_id": "crypto:TASK-e7a6c2ad4bdc728910407f451dca25fc"}
--- stderr
{"duration_ms": 207, "event": "job_finished", "job_id": "crypto-research-5115dfd0719a901690bcd5f4", "level": "INFO", "run_id": "d637b951376a4afc9707dd1bd2341ea2", "run_status": "SUCCEEDED", "service": "predictor_ops", "timestamp": "2026-10-07T22:35:20.434463Z"}
--- end
{"n": 6, "label": "ingest", "at": "2026-10-07T22:35:20Z", "seconds": 0.122, "argv": ["/home/runner/work/_temp/work/rt/cain-venv/bin/cain", "research", "ingest", "--domain", "crypto", "--state", "/home/runner/work/_temp/work/failures/F07/cain-state", "--spool", "/home/runner/work/_temp/work/failures/F07/spool"], "fault_env": {}, "exit": 0}
--- stdout
{"action": "ingested", "class": "TERMINAL_RESULT", "fact": "fact:c475b34907de463293f68f9c7e6801db", "file": "TASK-e7a6c2ad4bdc728910407f451dca25fc.7b8b2614595e103a.json", "status": "RESULT", "task_id": "crypto:TASK-e7a6c2ad4bdc728910407f451dca25fc"}
--- stderr
--- end
{"n": 7, "label": "processed once", "at": "2026-10-07T22:35:20Z", "seconds": 0.116, "argv": ["/home/runner/work/_temp/work/rt/cain-venv/bin/cain", "research", "episodes", "--domain", "crypto", "--state", "/home/runner/work/_temp/work/failures/F07/cain-state"], "fault_env": {}, "exit": 0}
--- stdout
{"domain": "crypto", "episodes": [{"as_of": "2026-10-07T22:35:19Z", "decision": "ALLOW", "number": 1, "outbox": {"dispatches": 1, "retries_requested": 0, "status": "PUBLISHED", "task_id": "crypto:TASK-e7a6c2ad4bdc728910407f451dca25fc"}, "proposal_id": "cain:FM-F07-1", "reason_code": "ALLOWED", "receipt_sha256": "9969f2a6e64fc93e0ad40292e5ce1e29b492964617af2fc8ba5dc300c487e711", "source": "operator", "task_id": "crypto:TASK-e7a6c2ad4bdc728910407f451dca25fc"}, {"as_of": "2026-10-07T22:35:19Z", "decision": "ABSTAIN", "number": 2, "outbox": null, "proposal_id": "cain:FM-F07-2", "reason_code": "OPEN_TASK_PENDING", "receipt_sha256": "764d8d25ee53411f83999842166d5eb44220e539372684deb9845e0b4c9412d8", "source": "operator", "task_id": null}], "inbox": [{"class": "TERMINAL_RESULT", "fact_id": "fact:c475b34907de463293f68f9c7e6801db", "payload_sha256": "de479bf218d224cc03c16dcc632e6ba0fb8e9952e5cfe40434e4384d1a1c5ab3", "status": "RESULT", "task_id": "crypto:TASK-e7a6c2ad4bdc728910407f451dca25fc"}], "memory": {"broken_at": null, "cube": "crypto", "facts": 1, "log": "shared across domains", "projection": "consistent", "status": "intact"}, "rejections": []}
--- stderr
--- end
