{"n": 1, "label": "propose 01-allow", "at": "2026-10-07T23:40:03Z", "seconds": 0.282, "argv": ["/home/runner/work/_temp/work/rt/cain-venv/bin/cain", "research", "propose", "--domain", "crypto", "--state", "/home/runner/work/_temp/work/e2e/cain-state", "--proposal", "/home/runner/work/predictor-qualification/predictor-qualification/qualification/integration-crypto/fixtures/proposals/e2e/01-allow.json", "--as-of", "2026-10-07T23:40:02Z"], "fault_env": {}, "exit": 0}
--- stdout
{"decision": "ALLOW", "episode_id": "crypto:episode-1", "reason_code": "ALLOWED", "receipt_sha256": "a27166dba3ec6fbb933dad56a08b7d14776d6986f7022c62ea1d26d9db27e2af", "rule": "R14", "status": "RECORDED", "task": {"payload_sha256": "5fe20eb7b93d743530485cae313699a24e6bde31926371024ff20b8d3ef89beb", "previous_task_id": null, "task_id": "crypto:TASK-02bf95b3940c9a226f8a9ae2a37a11a3"}}
--- stderr
--- end
{"n": 2, "label": "dispatch 01-allow", "at": "2026-10-07T23:40:03Z", "seconds": 0.08, "argv": ["/home/runner/work/_temp/work/rt/cain-venv/bin/cain", "research", "dispatch", "--domain", "crypto", "--state", "/home/runner/work/_temp/work/e2e/cain-state", "--spool", "/home/runner/work/_temp/work/e2e/spool"], "fault_env": {}, "exit": 0}
--- stdout
{"action": "dispatched", "file": "crypto/tasks/TASK-02bf95b3940c9a226f8a9ae2a37a11a3.json", "spool": "WRITTEN", "task_id": "crypto:TASK-02bf95b3940c9a226f8a9ae2a37a11a3"}
--- stderr
--- end
{"n": 3, "label": "consumer 01-allow", "at": "2026-10-07T23:40:03Z", "seconds": 0.398, "argv": ["/home/runner/work/_temp/work/rt/consumer-venv/bin/predictor-research-consumer", "--domain", "crypto", "--spool", "/home/runner/work/_temp/work/e2e/spool", "--ledger", "/home/runner/work/_temp/work/e2e/consumer/ledger.sqlite", "--state", "/home/runner/work/_temp/work/e2e/domain-state", "--policy", "/home/runner/work/_temp/work/rt/op/policy.json", "--objects", "/home/runner/work/_temp/work/rt/op/objects"], "fault_env": {}, "exit": 0}
--- stdout
{"action": "delivered", "attempt": 1, "class": "TERMINAL_RESULT", "episode_id": "crypto:episode-1", "result_file": "crypto/results/TASK-02bf95b3940c9a226f8a9ae2a37a11a3.239f7069db419d74.json", "result_write": "WRITTEN", "status": "RESULT", "task_id": "crypto:TASK-02bf95b3940c9a226f8a9ae2a37a11a3"}
--- stderr
{"duration_ms": 205, "event": "job_finished", "job_id": "crypto-research-4f35584e10bfe55aacae8ba4", "level": "INFO", "run_id": "ab6a59db4811406eb429a68acea92c54", "run_status": "SUCCEEDED", "service": "predictor_ops", "timestamp": "2026-10-07T23:40:03.599509Z"}
--- end
{"n": 4, "label": "ingest 01-allow", "at": "2026-10-07T23:40:03Z", "seconds": 0.083, "argv": ["/home/runner/work/_temp/work/rt/cain-venv/bin/cain", "research", "ingest", "--domain", "crypto", "--state", "/home/runner/work/_temp/work/e2e/cain-state", "--spool", "/home/runner/work/_temp/work/e2e/spool"], "fault_env": {}, "exit": 0}
--- stdout
{"action": "ingested", "class": "TERMINAL_RESULT", "fact": "fact:739dd73de499456a997071f601a0b59e", "file": "TASK-02bf95b3940c9a226f8a9ae2a37a11a3.239f7069db419d74.json", "status": "RESULT", "task_id": "crypto:TASK-02bf95b3940c9a226f8a9ae2a37a11a3"}
--- stderr
--- end
{"n": 5, "label": "propose 02-allow-restarts", "at": "2026-10-07T23:40:03Z", "seconds": 0.081, "argv": ["/home/runner/work/_temp/work/rt/cain-venv/bin/cain", "research", "propose", "--domain", "crypto", "--state", "/home/runner/work/_temp/work/e2e/cain-state", "--proposal", "/home/runner/work/predictor-qualification/predictor-qualification/qualification/integration-crypto/fixtures/proposals/e2e/02-allow-restarts.json", "--as-of", "2026-10-07T23:40:03Z"], "fault_env": {}, "exit": 0}
--- stdout
{"decision": "ALLOW", "episode_id": "crypto:episode-2", "reason_code": "ALLOWED", "receipt_sha256": "ca7aa64bf9a028733b7ab1f84b3980187453e8b945b3f1c5b760138b4929dca2", "rule": "R14", "status": "RECORDED", "task": {"payload_sha256": "2f1a51cc878bbc2b90b9a06125dc4eb586e279b9f4b95229dff11a5f8596ce6c", "previous_task_id": "crypto:TASK-02bf95b3940c9a226f8a9ae2a37a11a3", "task_id": "crypto:TASK-9cb8ddb312aff3b4be933e167ae7e943"}}
--- stderr
--- end
{"n": 6, "label": "dispatch 02", "at": "2026-10-07T23:40:03Z", "seconds": 0.079, "argv": ["/home/runner/work/_temp/work/rt/cain-venv/bin/cain", "research", "dispatch", "--domain", "crypto", "--state", "/home/runner/work/_temp/work/e2e/cain-state", "--spool", "/home/runner/work/_temp/work/e2e/spool"], "fault_env": {}, "exit": 0}
--- stdout
{"action": "dispatched", "file": "crypto/tasks/TASK-9cb8ddb312aff3b4be933e167ae7e943.json", "spool": "WRITTEN", "task_id": "crypto:TASK-9cb8ddb312aff3b4be933e167ae7e943"}
--- stderr
--- end
{"n": 7, "label": "consumer 02 (fault)", "at": "2026-10-07T23:40:04Z", "seconds": 0.346, "argv": ["/home/runner/work/_temp/work/rt/consumer-venv/bin/predictor-research-consumer", "--domain", "crypto", "--spool", "/home/runner/work/_temp/work/e2e/spool", "--ledger", "/home/runner/work/_temp/work/e2e/consumer/ledger.sqlite", "--state", "/home/runner/work/_temp/work/e2e/domain-state", "--policy", "/home/runner/work/_temp/work/rt/op/policy.json", "--objects", "/home/runner/work/_temp/work/rt/op/objects"], "fault_env": {"PREDICTOR_RESEARCH_TRANSPORT_FAULT": "after_domain_before_result_write"}, "exit": 86}
--- stdout
--- stderr
{"duration_ms": 205, "event": "job_finished", "job_id": "crypto-research-327b53f9a3d13b6f7c81760b", "level": "INFO", "run_id": "ea5847d1bc3144d4b4ec4cb5a49e7e84", "run_status": "SUCCEEDED", "service": "predictor_ops", "timestamp": "2026-10-07T23:40:04.210383Z"}
--- end
{"n": 8, "label": "consumer 02 (restart)", "at": "2026-10-07T23:40:04Z", "seconds": 0.119, "argv": ["/home/runner/work/_temp/work/rt/consumer-venv/bin/predictor-research-consumer", "--domain", "crypto", "--spool", "/home/runner/work/_temp/work/e2e/spool", "--ledger", "/home/runner/work/_temp/work/e2e/consumer/ledger.sqlite", "--state", "/home/runner/work/_temp/work/e2e/domain-state", "--policy", "/home/runner/work/_temp/work/rt/op/policy.json", "--objects", "/home/runner/work/_temp/work/rt/op/objects"], "fault_env": {}, "exit": 0}
--- stdout
{"action": "skipped", "episode_id": "crypto:episode-1", "state": "TERMINAL_RESULT", "status": "RESULT", "task_id": "crypto:TASK-02bf95b3940c9a226f8a9ae2a37a11a3"}
{"action": "delivered", "attempt": 2, "class": "TERMINAL_RESULT", "episode_id": "crypto:episode-2", "result_file": "crypto/results/TASK-9cb8ddb312aff3b4be933e167ae7e943.a96dc43f33caa2cc.json", "result_write": "WRITTEN", "status": "DUPLICATE", "task_id": "crypto:TASK-9cb8ddb312aff3b4be933e167ae7e943"}
--- stderr
--- end
{"n": 9, "label": "ingest 02 (fault)", "at": "2026-10-07T23:40:04Z", "seconds": 0.072, "argv": ["/home/runner/work/_temp/work/rt/cain-venv/bin/cain", "research", "ingest", "--domain", "crypto", "--state", "/home/runner/work/_temp/work/e2e/cain-state", "--spool", "/home/runner/work/_temp/work/e2e/spool"], "fault_env": {"CAIN_ORCHESTRATION_FAULT": "after_inbox_commit_before_memory"}, "exit": 86}
--- stdout
--- stderr
--- end
{"n": 10, "label": "ingest 02 (restart)", "at": "2026-10-07T23:40:04Z", "seconds": 0.083, "argv": ["/home/runner/work/_temp/work/rt/cain-venv/bin/cain", "research", "ingest", "--domain", "crypto", "--state", "/home/runner/work/_temp/work/e2e/cain-state", "--spool", "/home/runner/work/_temp/work/e2e/spool"], "fault_env": {}, "exit": 0}
--- stdout
{"action": "duplicate", "file": "TASK-02bf95b3940c9a226f8a9ae2a37a11a3.239f7069db419d74.json"}
{"action": "remembered", "fact_id": "fact:a12f20b686104446bcf221ad66b8f9a4", "file": "TASK-9cb8ddb312aff3b4be933e167ae7e943.a96dc43f33caa2cc.json", "reused": false}
--- stderr
--- end
{"n": 11, "label": "ingest interleaved other domains", "at": "2026-10-07T23:40:04Z", "seconds": 0.086, "argv": ["/home/runner/work/_temp/work/rt/cain-venv/bin/cain", "research", "ingest", "--domain", "crypto", "--state", "/home/runner/work/_temp/work/e2e/cain-state", "--spool", "/home/runner/work/_temp/work/e2e/spool"], "fault_env": {}, "exit": 2}
--- stdout
{"action": "duplicate", "file": "TASK-02bf95b3940c9a226f8a9ae2a37a11a3.239f7069db419d74.json"}
{"action": "duplicate", "file": "TASK-9cb8ddb312aff3b4be933e167ae7e943.a96dc43f33caa2cc.json"}
{"action": "rejected", "code": "DOMAIN_MISMATCH", "file": "interleaved-fixtures-v2-brasileirao-result-h9.json", "reason": "result of domain brasileirao"}
{"action": "rejected", "code": "TASK_NOT_FOUND", "file": "interleaved-fixtures-v2-crypto-result-h9.json", "reason": "crypto:TASK-45b3afb3f4c777ae5aa52020f98afc6a was not emitted by this CAIN"}
{"action": "rejected", "code": "DOMAIN_MISMATCH", "file": "interleaved-fixtures-v2-stocks-result-h9.json", "reason": "result of domain stocks"}
--- stderr
--- end
{"n": 12, "label": "propose 03-canary", "at": "2026-10-07T23:40:04Z", "seconds": 0.085, "argv": ["/home/runner/work/_temp/work/rt/cain-venv/bin/cain", "research", "propose", "--domain", "crypto", "--state", "/home/runner/work/_temp/work/e2e/cain-state", "--proposal", "/home/runner/work/predictor-qualification/predictor-qualification/qualification/integration-crypto/fixtures/proposals/e2e/03-canary.json", "--as-of", "2026-10-07T23:40:04Z"], "fault_env": {}, "exit": 0}
--- stdout
{"decision": "ALLOW", "episode_id": "crypto:episode-3", "reason_code": "ALLOWED", "receipt_sha256": "f3f09ce381f95758c1f8651ddf63f79b0271d5859ff5b0f984ad2c73d8c0243a", "rule": "R14", "status": "RECORDED", "task": {"payload_sha256": "1cfa943e5152e6695e47cf670549cea81f0f052ead927c9905b74498bc2892bf", "previous_task_id": "crypto:TASK-9cb8ddb312aff3b4be933e167ae7e943", "task_id": "crypto:TASK-6f9d23e232884c4e3d510523e881874a"}}
--- stderr
--- end
{"n": 13, "label": "dispatch 03-canary", "at": "2026-10-07T23:40:04Z", "seconds": 0.087, "argv": ["/home/runner/work/_temp/work/rt/cain-venv/bin/cain", "research", "dispatch", "--domain", "crypto", "--state", "/home/runner/work/_temp/work/e2e/cain-state", "--spool", "/home/runner/work/_temp/work/e2e/spool"], "fault_env": {}, "exit": 0}
--- stdout
{"action": "dispatched", "file": "crypto/tasks/TASK-6f9d23e232884c4e3d510523e881874a.json", "spool": "WRITTEN", "task_id": "crypto:TASK-6f9d23e232884c4e3d510523e881874a"}
--- stderr
--- end
{"n": 14, "label": "consumer 03-canary", "at": "2026-10-07T23:40:05Z", "seconds": 0.356, "argv": ["/home/runner/work/_temp/work/rt/consumer-venv/bin/predictor-research-consumer", "--domain", "crypto", "--spool", "/home/runner/work/_temp/work/e2e/spool", "--ledger", "/home/runner/work/_temp/work/e2e/consumer/ledger.sqlite", "--state", "/home/runner/work/_temp/work/e2e/domain-state", "--policy", "/home/runner/work/_temp/work/rt/op/policy.json", "--objects", "/home/runner/work/_temp/work/rt/op/objects"], "fault_env": {}, "exit": 0}
--- stdout
{"action": "skipped", "episode_id": "crypto:episode-1", "state": "TERMINAL_RESULT", "status": "RESULT", "task_id": "crypto:TASK-02bf95b3940c9a226f8a9ae2a37a11a3"}
{"action": "skipped", "episode_id": "crypto:episode-2", "state": "TERMINAL_RESULT", "status": "DUPLICATE", "task_id": "crypto:TASK-9cb8ddb312aff3b4be933e167ae7e943"}
{"action": "delivered", "attempt": 1, "class": "TERMINAL_REFUSAL", "episode_id": "crypto:episode-3", "result_file": "crypto/results/TASK-6f9d23e232884c4e3d510523e881874a.1a46116adbd140fa.json", "result_write": "WRITTEN", "status": "TEMPORAL_INTEGRITY_VIOLATION", "task_id": "crypto:TASK-6f9d23e232884c4e3d510523e881874a"}
--- stderr
{"duration_ms": 205, "event": "job_finished", "job_id": "crypto-research-a4c38dde917c45f0a685a978", "level": "INFO", "run_id": "270c39c3dd504d5f8d17bfc3896a92ac", "run_status": "FAILED", "service": "predictor_ops", "timestamp": "2026-10-07T23:40:05.091083Z"}
--- end
{"n": 15, "label": "ingest 03-canary", "at": "2026-10-07T23:40:05Z", "seconds": 0.085, "argv": ["/home/runner/work/_temp/work/rt/cain-venv/bin/cain", "research", "ingest", "--domain", "crypto", "--state", "/home/runner/work/_temp/work/e2e/cain-state", "--spool", "/home/runner/work/_temp/work/e2e/spool"], "fault_env": {}, "exit": 0}
--- stdout
{"action": "duplicate", "file": "TASK-02bf95b3940c9a226f8a9ae2a37a11a3.239f7069db419d74.json"}
{"action": "ingested", "class": "TERMINAL_REFUSAL", "fact": "fact:0c51c07a342640f7a9a301f7631f54a5", "file": "TASK-6f9d23e232884c4e3d510523e881874a.1a46116adbd140fa.json", "status": "TEMPORAL_INTEGRITY_VIOLATION", "task_id": "crypto:TASK-6f9d23e232884c4e3d510523e881874a"}
{"action": "duplicate", "file": "TASK-9cb8ddb312aff3b4be933e167ae7e943.a96dc43f33caa2cc.json"}
{"action": "skipped", "code": "DOMAIN_MISMATCH", "file": "interleaved-fixtures-v2-brasileirao-result-h9.json", "state": "REJECTED"}
{"action": "skipped", "code": "TASK_NOT_FOUND", "file": "interleaved-fixtures-v2-crypto-result-h9.json", "state": "REJECTED"}
{"action": "skipped", "code": "DOMAIN_MISMATCH", "file": "interleaved-fixtures-v2-stocks-result-h9.json", "state": "REJECTED"}
--- stderr
--- end
{"n": 16, "label": "propose 04-duplicate", "at": "2026-10-07T23:40:05Z", "seconds": 0.093, "argv": ["/home/runner/work/_temp/work/rt/cain-venv/bin/cain", "research", "propose", "--domain", "crypto", "--state", "/home/runner/work/_temp/work/e2e/cain-state", "--proposal", "/home/runner/work/predictor-qualification/predictor-qualification/qualification/integration-crypto/fixtures/proposals/e2e/04-duplicate.json", "--as-of", "2026-10-07T23:40:05Z"], "fault_env": {}, "exit": 0}
--- stdout
{"decision": "DUPLICATE", "episode_id": "crypto:episode-4", "reason_code": "DUPLICATE_REQUEST", "receipt_sha256": "8fa21b1b5e5a766b31f1decedf8e11cbe45a256d33635f4268421a929b7b9f0e", "rule": "R08", "status": "RECORDED", "task": null}
--- stderr
--- end
{"n": 17, "label": "propose 05-h9-closed", "at": "2026-10-07T23:40:05Z", "seconds": 0.084, "argv": ["/home/runner/work/_temp/work/rt/cain-venv/bin/cain", "research", "propose", "--domain", "crypto", "--state", "/home/runner/work/_temp/work/e2e/cain-state", "--proposal", "/home/runner/work/predictor-qualification/predictor-qualification/qualification/integration-crypto/fixtures/proposals/e2e/05-h9-closed.json", "--as-of", "2026-10-07T23:40:05Z"], "fault_env": {}, "exit": 0}
--- stdout
{"decision": "BLOCK", "episode_id": "crypto:episode-5", "reason_code": "HYPOTHESIS_CLOSED", "receipt_sha256": "5c2a8312281a7fe80fb96294141c69d16529f7e0dc76ddec1c546061b821b85c", "rule": "R05", "status": "RECORDED", "task": null}
--- stderr
--- end
{"n": 18, "label": "propose 06-stocks-h9", "at": "2026-10-07T23:40:05Z", "seconds": 0.084, "argv": ["/home/runner/work/_temp/work/rt/cain-venv/bin/cain", "research", "propose", "--domain", "crypto", "--state", "/home/runner/work/_temp/work/e2e/cain-state", "--proposal", "/home/runner/work/predictor-qualification/predictor-qualification/qualification/integration-crypto/fixtures/proposals/e2e/06-stocks-h9.json", "--as-of", "2026-10-07T23:40:05Z"], "fault_env": {}, "exit": 0}
--- stdout
{"decision": "BLOCK", "episode_id": "crypto:episode-6", "reason_code": "DOMAIN_MISMATCH", "receipt_sha256": "cd25445d07dc77f3f87e27b719674b17c0d4b6424bcbd8730005b75bae14215c", "rule": "R01", "status": "RECORDED", "task": null}
--- stderr
--- end
{"n": 19, "label": "propose 07-next", "at": "2026-10-07T23:40:05Z", "seconds": 0.085, "argv": ["/home/runner/work/_temp/work/rt/cain-venv/bin/cain", "research", "propose", "--domain", "crypto", "--state", "/home/runner/work/_temp/work/e2e/cain-state", "--proposal", "/home/runner/work/predictor-qualification/predictor-qualification/qualification/integration-crypto/fixtures/proposals/e2e/07-next.json", "--as-of", "2026-10-07T23:40:05Z"], "fault_env": {}, "exit": 0}
--- stdout
{"decision": "ALLOW", "episode_id": "crypto:episode-7", "reason_code": "ALLOWED", "receipt_sha256": "2a249a241f1b7cc260e273c081cc90487fceb5e158455cf4b549857de6ca9d3c", "rule": "R14", "status": "RECORDED", "task": {"payload_sha256": "2adbe0ec65ffcf947ec57ee38c71047536a6f04e103382c11ad849ba74039d65", "previous_task_id": "crypto:TASK-6f9d23e232884c4e3d510523e881874a", "task_id": "crypto:TASK-4fd811d6e4fd160bfab2e5c2995cc0ce"}}
--- stderr
--- end
{"n": 20, "label": "dispatch 07-next", "at": "2026-10-07T23:40:05Z", "seconds": 0.08, "argv": ["/home/runner/work/_temp/work/rt/cain-venv/bin/cain", "research", "dispatch", "--domain", "crypto", "--state", "/home/runner/work/_temp/work/e2e/cain-state", "--spool", "/home/runner/work/_temp/work/e2e/spool"], "fault_env": {}, "exit": 0}
--- stdout
{"action": "dispatched", "file": "crypto/tasks/TASK-4fd811d6e4fd160bfab2e5c2995cc0ce.json", "spool": "WRITTEN", "task_id": "crypto:TASK-4fd811d6e4fd160bfab2e5c2995cc0ce"}
--- stderr
--- end
{"n": 21, "label": "consumer 07-next", "at": "2026-10-07T23:40:05Z", "seconds": 0.368, "argv": ["/home/runner/work/_temp/work/rt/consumer-venv/bin/predictor-research-consumer", "--domain", "crypto", "--spool", "/home/runner/work/_temp/work/e2e/spool", "--ledger", "/home/runner/work/_temp/work/e2e/consumer/ledger.sqlite", "--state", "/home/runner/work/_temp/work/e2e/domain-state", "--policy", "/home/runner/work/_temp/work/rt/op/policy.json", "--objects", "/home/runner/work/_temp/work/rt/op/objects"], "fault_env": {}, "exit": 0}
--- stdout
{"action": "skipped", "episode_id": "crypto:episode-1", "state": "TERMINAL_RESULT", "status": "RESULT", "task_id": "crypto:TASK-02bf95b3940c9a226f8a9ae2a37a11a3"}
{"action": "skipped", "episode_id": "crypto:episode-2", "state": "TERMINAL_RESULT", "status": "DUPLICATE", "task_id": "crypto:TASK-9cb8ddb312aff3b4be933e167ae7e943"}
{"action": "skipped", "episode_id": "crypto:episode-3", "state": "TERMINAL_REFUSAL", "status": "TEMPORAL_INTEGRITY_VIOLATION", "task_id": "crypto:TASK-6f9d23e232884c4e3d510523e881874a"}
{"action": "delivered", "attempt": 1, "class": "TERMINAL_RESULT", "episode_id": "crypto:episode-7", "result_file": "crypto/results/TASK-4fd811d6e4fd160bfab2e5c2995cc0ce.9996a6c799134e37.json", "result_write": "WRITTEN", "status": "RESULT", "task_id": "crypto:TASK-4fd811d6e4fd160bfab2e5c2995cc0ce"}
--- stderr
{"duration_ms": 205, "event": "job_finished", "job_id": "crypto-research-0d775e8f1ff2cbc13f65619e", "level": "INFO", "run_id": "0e0e0fe3e370459cb8de93da405d7212", "run_status": "SUCCEEDED", "service": "predictor_ops", "timestamp": "2026-10-07T23:40:05.961334Z"}
--- end
{"n": 22, "label": "ingest 07-next", "at": "2026-10-07T23:40:06Z", "seconds": 0.088, "argv": ["/home/runner/work/_temp/work/rt/cain-venv/bin/cain", "research", "ingest", "--domain", "crypto", "--state", "/home/runner/work/_temp/work/e2e/cain-state", "--spool", "/home/runner/work/_temp/work/e2e/spool"], "fault_env": {}, "exit": 0}
--- stdout
{"action": "duplicate", "file": "TASK-02bf95b3940c9a226f8a9ae2a37a11a3.239f7069db419d74.json"}
{"action": "ingested", "class": "TERMINAL_RESULT", "fact": "fact:a2986524d67c441e84ebc4ebb0ff9ebc", "file": "TASK-4fd811d6e4fd160bfab2e5c2995cc0ce.9996a6c799134e37.json", "status": "RESULT", "task_id": "crypto:TASK-4fd811d6e4fd160bfab2e5c2995cc0ce"}
{"action": "duplicate", "file": "TASK-6f9d23e232884c4e3d510523e881874a.1a46116adbd140fa.json"}
{"action": "duplicate", "file": "TASK-9cb8ddb312aff3b4be933e167ae7e943.a96dc43f33caa2cc.json"}
{"action": "skipped", "code": "DOMAIN_MISMATCH", "file": "interleaved-fixtures-v2-brasileirao-result-h9.json", "state": "REJECTED"}
{"action": "skipped", "code": "TASK_NOT_FOUND", "file": "interleaved-fixtures-v2-crypto-result-h9.json", "state": "REJECTED"}
{"action": "skipped", "code": "DOMAIN_MISMATCH", "file": "interleaved-fixtures-v2-stocks-result-h9.json", "state": "REJECTED"}
--- stderr
--- end
{"n": 23, "label": "show crypto:REQ-IC-E2E-001", "at": "2026-10-07T23:40:06Z", "seconds": 0.104, "argv": ["/home/runner/work/_temp/work/rt/consumer-venv/bin/cripto-research", "--state", "/home/runner/work/_temp/work/e2e/domain-state", "show", "crypto:REQ-IC-E2E-001"], "fault_env": {}, "exit": 0}
--- stdout
{"request_id": "crypto:REQ-IC-E2E-001", "result": {"admission_id": "crypto:ADM-d13d84a871f65a7c4e635d8ec9e54437", "capital_permission": false, "core_facts": {"dataset_fingerprint": "1e6356ed1c918f083af953f558a5d23fc6d777ec95bb6cdbde16ee34d257dddb", "identity": {"package": "predictor-core", "record_sha256": "eb8c5553379422a4317e5d6749a98912e95e873d52c80d7fa1fd87e6d96977c2", "version": "3.2.1"}, "scientific_state_source": "core_trial_registry", "statistics": {"gross_ci_high": 0.006996997357178977, "gross_ci_low": -0.0267681010718645, "mean_gross_return": -0.008918560462211353, "mean_net_return": -0.011837964885288278, "net_ci_high": 0.004154202549486669, "net_ci_low": -0.029805573956479887}, "temporal_validation": {"data_cutoff": "2026-08-31T00:00:00Z", "inequality": "available_at <= data_cutoff and observed_at monotonic and observed_at <= available_at", "max_available_at": "2026-08-31T00:00:00Z", "method": "predictor_core.measurement.replay", "rows": 52, "status": "PASS"}, "trial_ids": ["crypto:TRIAL-4f35584e10bfe55aacae8ba4350599ba"], "trial_registry": "predictor_core.contracts.trial_v2.TrialRegistryV2", "trial_row_hash": "48ec25ec82b632badecd54341c7a78971272976b83e06f3fc34d919d3a6134cb"}, "domain_facts": {"baseline_comparison": {"baseline_id": "crypto:BASELINE-FLAT", "gross_delta_bps": -89, "net_delta_bps": -118, "outcome": "LOSES"}, "baseline_identity": {"content_hash": "4cfdb5417495d2ab5067d67ad9d199d59d330fa4600a8d451b32a7b62e6be136", "name": "flat", "revision_id": "baseline:flat:real-v1", "version": "v1"}, "cost_model_identity": {"content_hash": "6168c2abe0d77bcceffc084905a6a2ba54a8cbdf5a1a55f48fbc1e30f3e44e65", "name": "v3-frozen", "revision_id": "cost_model:v3-frozen:real-v1", "version": "v1"}, "costs": {"cost_aware_decision": "NO_TRADE", "mean_funding_pnl_bps": 1, "mean_total_cost_bps": 29, "model": "GarimpoInvestimentos.v3.costs.CostModel", "round_trip_friction_bps": 30, "slippage_bps_per_leg": 5, "taker_fee_bps_per_leg": 10}, "data_cutoff": "2026-08-31T00:00:00Z", "data_quality": {"ok": true}, "dataset_identity": {"content_hash": "0d04cf7c11e8b27fd294a3c354dee3750c9de9d2b312f0044436e7a1751b9a33", "name": "real-in-sample", "revision_id": "dataset:real-in-sample:v1", "version": "v1"}, "effect_sha256": "112b238b4d054381d49865d93b077168f2d2c314bed522f6ac24608ddb1caf09", "evidence_identity": {"content_hash": "6f36df6bf689e20cc90c92fcd74baca040d4d6fa1a25368c71f35baf0fcf4bc9", "name": "none", "revision_id": "evidence:none:real-v1", "version": "v1"}, "handler": "crypto.handlers.backtest_existing_hypothesis.v1", "identity": {"package": "cripto-predictor", "record_sha256": "bed93b8c315c5ef486ebab8754db887db9ba2b6cc20d0d652c1f060608ff806d", "version": "1.2.0rc4"}, "metrics": {"ci": {"confidence": 0.95, "n_boot": 500, "scheme": "iid", "seed": 17}, "gross_ci_high_bps": 70, "gross_ci_low_bps": -268, "gross_return_bps": -89, "long_observations": 28, "max_drawdown_bps": -5497, "net_ci_high_bps": 42, "net_ci_low_bps": -298, "net_return_bps": -118, "sample_size": 52, "short_observations": 24, "turnover_round_trips": 52}, "model_identity": {"content_hash": "07225498b8d4834d762a198bc63ee650512fdf02e536d1b0a623bbe9a6fb3582", "name": "fixed-shadow", "revision_id": "protocol:fixed-shadow:real-v1", "version": "v1"}, "placebo_seed": 101}, "economic_state": "NO_EDGE", "experiment_id": "crypto:EXP-4f35584e10bfe55aacae8ba4350599ba", "hypothesis_id": "crypto:QUAL-SHADOW-REAL-001", "operational_state": "SUCCEEDED", "ops_facts": {"attempt_ids": ["crypto:ATTEMPT-febfa130faa045dfb836fc3964fcaa44"], "attempts": 1, "economic_lock_id": "economic-c2a2c8234e782287fcc272e489061a14608a930413f337fd95f76b193c953447", "exit_code": 0, "finished_at": "2026-10-07T23:40:03.596Z", "heartbeat_at": "2026-10-07T23:40:03.395Z", "identity": {"package": "predictor-ops", "record_sha256": "1c7946e1d994f63bc3e732fe4666edfb42967f3a7b7b11664af63ca572f0018f", "version": "4.2.2rc1"}, "job_id": "crypto-research-4f35584e10bfe55aacae8ba4", "operational_state": "SUCCEEDED", "ops_record_hash": "aa5d7f6e1c670bc6e80ec8dbc21a1ae3eb6c7b9da7afed6f0853c16a21297fb2", "ops_run_id": "ab6a59db4811406eb429a68acea92c54", "ops_run_ids": ["ab6a59db4811406eb429a68acea92c54"], "retry_count": 0, "started_at": "2026-10-07T23:40:03.391Z"}, "produced_at": "2026-10-07T23:40:03.601418Z", "provenance": {"admission_policy_hash": "cbced4e4c812c2f5ff573d61aa62b233eb400c70365249bc2afe920cdc62ba66", "admission_policy_id": "crypto-integration-qualification", "admission_policy_version": 1, "handler_identity": "crypto.handlers.backtest_existing_hypothesis.v1", "journal_identity": "ae760350a67e111c6988b88cea4b15513594aee81e69d23f7057690fb0c48865", "logical_experiment_hash": "4f35584e10bfe55aacae8ba4350599ba94ded7a5ccafe2e4c0e2d45959e81451", "reference_materialization_receipt_hash": "ded7276d16d3db21ef6475ae4fb0e5c159a01b14aa87e760590b0c90ac3b582e", "request_content_hash": "5fe20eb7b93d743530485cae313699a24e6bde31926371024ff20b8d3ef89beb", "resolved_references_hash": "257b00d8d257e56401219b8ae046e9e5a1d90efaba5ab7cc654a493d0f59ee64"}, "request_id": "crypto:REQ-IC-E2E-001", "research_id": "crypto:RESEARCH-INTEGRATION-QUALIFICATION", "result_id": "crypto:RESULT-4f35584e10bfe55aacae8ba4350599ba", "result_state": "INCONCLUSIVE", "schema_version": "crypto-research-result/1", "scientific_state": "INCONCLUSIVE"}, "result_sha256": "d1f1b496f18f53c186e4c0e94da552c2a3664ea3df704c6b7c8e1b95caf2702a", "source": "authoritative_result_store", "status": "RESULT"}
--- stderr
--- end
{"n": 24, "label": "show crypto:REQ-IC-E2E-007", "at": "2026-10-07T23:40:06Z", "seconds": 0.107, "argv": ["/home/runner/work/_temp/work/rt/consumer-venv/bin/cripto-research", "--state", "/home/runner/work/_temp/work/e2e/domain-state", "show", "crypto:REQ-IC-E2E-007"], "fault_env": {}, "exit": 0}
--- stdout
{"request_id": "crypto:REQ-IC-E2E-007", "result": {"admission_id": "crypto:ADM-95194c782a3b0602516235824721040d", "capital_permission": false, "core_facts": {"dataset_fingerprint": "1e6356ed1c918f083af953f558a5d23fc6d777ec95bb6cdbde16ee34d257dddb", "identity": {"package": "predictor-core", "record_sha256": "eb8c5553379422a4317e5d6749a98912e95e873d52c80d7fa1fd87e6d96977c2", "version": "3.2.1"}, "scientific_state_source": "core_trial_registry", "statistics": {"gross_ci_high": 0.02549230760890503, "gross_ci_low": -0.007312083742153127, "mean_gross_return": 0.00956909474953309, "mean_net_return": 0.00645209648030232, "net_ci_high": 0.022429989535761308, "net_ci_low": -0.010557930824002516}, "temporal_validation": {"data_cutoff": "2026-08-31T00:00:00Z", "inequality": "available_at <= data_cutoff and observed_at monotonic and observed_at <= available_at", "max_available_at": "2026-08-31T00:00:00Z", "method": "predictor_core.measurement.replay", "rows": 52, "status": "PASS"}, "trial_ids": ["crypto:TRIAL-0d775e8f1ff2cbc13f65619e422ffea9"], "trial_registry": "predictor_core.contracts.trial_v2.TrialRegistryV2", "trial_row_hash": "30f311d21c76a7859c53ec45d4b9416582913aa4a4efbd96c61be98a73b53b9b"}, "domain_facts": {"baseline_comparison": {"baseline_id": "crypto:BASELINE-FLAT", "gross_delta_bps": 96, "net_delta_bps": 65, "outcome": "BEATS"}, "baseline_identity": {"content_hash": "4cfdb5417495d2ab5067d67ad9d199d59d330fa4600a8d451b32a7b62e6be136", "name": "flat", "revision_id": "baseline:flat:real-v1", "version": "v1"}, "cost_model_identity": {"content_hash": "6168c2abe0d77bcceffc084905a6a2ba54a8cbdf5a1a55f48fbc1e30f3e44e65", "name": "v3-frozen", "revision_id": "cost_model:v3-frozen:real-v1", "version": "v1"}, "costs": {"cost_aware_decision": "NO_TRADE", "mean_funding_pnl_bps": -1, "mean_total_cost_bps": 31, "model": "GarimpoInvestimentos.v3.costs.CostModel", "round_trip_friction_bps": 30, "slippage_bps_per_leg": 5, "taker_fee_bps_per_leg": 10}, "data_cutoff": "2026-08-31T00:00:00Z", "data_quality": {"ok": true}, "dataset_identity": {"content_hash": "0d04cf7c11e8b27fd294a3c354dee3750c9de9d2b312f0044436e7a1751b9a33", "name": "real-in-sample", "revision_id": "dataset:real-in-sample:v1", "version": "v1"}, "effect_sha256": "99fd910a9b12f244090565401e6f8db525a40175cda7162c888b1abb7d56f431", "evidence_identity": {"content_hash": "6f36df6bf689e20cc90c92fcd74baca040d4d6fa1a25368c71f35baf0fcf4bc9", "name": "none", "revision_id": "evidence:none:real-v1", "version": "v1"}, "handler": "crypto.handlers.backtest_existing_hypothesis.v1", "identity": {"package": "cripto-predictor", "record_sha256": "bed93b8c315c5ef486ebab8754db887db9ba2b6cc20d0d652c1f060608ff806d", "version": "1.2.0rc4"}, "metrics": {"ci": {"confidence": 0.95, "n_boot": 500, "scheme": "iid", "seed": 17}, "gross_ci_high_bps": 255, "gross_ci_low_bps": -73, "gross_return_bps": 96, "long_observations": 25, "max_drawdown_bps": -3460, "net_ci_high_bps": 224, "net_ci_low_bps": -106, "net_return_bps": 65, "sample_size": 52, "short_observations": 27, "turnover_round_trips": 52}, "model_identity": {"content_hash": "07225498b8d4834d762a198bc63ee650512fdf02e536d1b0a623bbe9a6fb3582", "name": "fixed-shadow", "revision_id": "protocol:fixed-shadow:real-v1", "version": "v1"}, "placebo_seed": 107}, "economic_state": "NO_EDGE", "experiment_id": "crypto:EXP-0d775e8f1ff2cbc13f65619e422ffea9", "hypothesis_id": "crypto:QUAL-SHADOW-REAL-003", "operational_state": "SUCCEEDED", "ops_facts": {"attempt_ids": ["crypto:ATTEMPT-2ae02b597e9c4896bd8b5d502685f5c3"], "attempts": 1, "economic_lock_id": "economic-8b229670eb3e0d8f518bd86b73aa6c9ba15d56fc70e8df0b31dd9b7dc97ba135", "exit_code": 0, "finished_at": "2026-10-07T23:40:05.959Z", "heartbeat_at": "2026-10-07T23:40:05.758Z", "identity": {"package": "predictor-ops", "record_sha256": "1c7946e1d994f63bc3e732fe4666edfb42967f3a7b7b11664af63ca572f0018f", "version": "4.2.2rc1"}, "job_id": "crypto-research-0d775e8f1ff2cbc13f65619e", "operational_state": "SUCCEEDED", "ops_record_hash": "ceb8dcbbd8c8a52d0c23373091f95f852adedaa8936df6dcfe6dd31ca0405acc", "ops_run_id": "0e0e0fe3e370459cb8de93da405d7212", "ops_run_ids": ["0e0e0fe3e370459cb8de93da405d7212"], "retry_count": 0, "started_at": "2026-10-07T23:40:05.754Z"}, "produced_at": "2026-10-07T23:40:05.963122Z", "provenance": {"admission_policy_hash": "cbced4e4c812c2f5ff573d61aa62b233eb400c70365249bc2afe920cdc62ba66", "admission_policy_id": "crypto-integration-qualification", "admission_policy_version": 1, "handler_identity": "crypto.handlers.backtest_existing_hypothesis.v1", "journal_identity": "dad574a3fe692e8e0c76161528ed65a77c0164e206d7993fb3e103ded3acedee", "logical_experiment_hash": "0d775e8f1ff2cbc13f65619e422ffea92fb078a52f36f8cb493aa42d273f24b9", "reference_materialization_receipt_hash": "fc043c011f1efa04ac362a503f2f12789146fe27452a0e4e385bed8ffba9399d", "request_content_hash": "2adbe0ec65ffcf947ec57ee38c71047536a6f04e103382c11ad849ba74039d65", "resolved_references_hash": "257b00d8d257e56401219b8ae046e9e5a1d90efaba5ab7cc654a493d0f59ee64"}, "request_id": "crypto:REQ-IC-E2E-007", "research_id": "crypto:RESEARCH-INTEGRATION-QUALIFICATION", "result_id": "crypto:RESULT-0d775e8f1ff2cbc13f65619e422ffea9", "result_state": "INCONCLUSIVE", "schema_version": "crypto-research-result/1", "scientific_state": "INCONCLUSIVE"}, "result_sha256": "fe300321c2803c76f7e1bb54316be46b80aa13cb394f2c8e1297d0ebdfc395ef", "source": "authoritative_result_store", "status": "RESULT"}
--- stderr
--- end
{"n": 25, "label": "show crypto:REQ-IC-E2E-002", "at": "2026-10-07T23:40:06Z", "seconds": 0.108, "argv": ["/home/runner/work/_temp/work/rt/consumer-venv/bin/cripto-research", "--state", "/home/runner/work/_temp/work/e2e/domain-state", "show", "crypto:REQ-IC-E2E-002"], "fault_env": {}, "exit": 0}
--- stdout
{"request_id": "crypto:REQ-IC-E2E-002", "result": {"admission_id": "crypto:ADM-62706739b274b31c7d1bc25064727470", "capital_permission": false, "core_facts": {"dataset_fingerprint": "1e6356ed1c918f083af953f558a5d23fc6d777ec95bb6cdbde16ee34d257dddb", "identity": {"package": "predictor-core", "record_sha256": "eb8c5553379422a4317e5d6749a98912e95e873d52c80d7fa1fd87e6d96977c2", "version": "3.2.1"}, "scientific_state_source": "core_trial_registry", "statistics": {"gross_ci_high": 0.01724139371241597, "gross_ci_low": -0.014975141675945583, "mean_gross_return": 0.0005936615531716641, "mean_net_return": -0.002306859023751414, "net_ci_high": 0.014394415058569816, "net_ci_low": -0.017987947637484045}, "temporal_validation": {"data_cutoff": "2026-08-31T00:00:00Z", "inequality": "available_at <= data_cutoff and observed_at monotonic and observed_at <= available_at", "max_available_at": "2026-08-31T00:00:00Z", "method": "predictor_core.measurement.replay", "rows": 52, "status": "PASS"}, "trial_ids": ["crypto:TRIAL-327b53f9a3d13b6f7c81760b9efb34d2"], "trial_registry": "predictor_core.contracts.trial_v2.TrialRegistryV2", "trial_row_hash": "c26c0d61ef1bbb9a7c9df2cc48d160c443df8230e8782f44514eaabf63bc1640"}, "domain_facts": {"baseline_comparison": {"baseline_id": "crypto:BASELINE-FLAT", "gross_delta_bps": 6, "net_delta_bps": -23, "outcome": "LOSES"}, "baseline_identity": {"content_hash": "4cfdb5417495d2ab5067d67ad9d199d59d330fa4600a8d451b32a7b62e6be136", "name": "flat", "revision_id": "baseline:flat:real-v1", "version": "v1"}, "cost_model_identity": {"content_hash": "6168c2abe0d77bcceffc084905a6a2ba54a8cbdf5a1a55f48fbc1e30f3e44e65", "name": "v3-frozen", "revision_id": "cost_model:v3-frozen:real-v1", "version": "v1"}, "costs": {"cost_aware_decision": "NO_TRADE", "mean_funding_pnl_bps": 1, "mean_total_cost_bps": 29, "model": "GarimpoInvestimentos.v3.costs.CostModel", "round_trip_friction_bps": 30, "slippage_bps_per_leg": 5, "taker_fee_bps_per_leg": 10}, "data_cutoff": "2026-08-31T00:00:00Z", "data_quality": {"ok": true}, "dataset_identity": {"content_hash": "0d04cf7c11e8b27fd294a3c354dee3750c9de9d2b312f0044436e7a1751b9a33", "name": "real-in-sample", "revision_id": "dataset:real-in-sample:v1", "version": "v1"}, "effect_sha256": "b170ef9feb18294f43f5ff1b0df80e60065d1caaf103db20470f0d99cb8f62c1", "evidence_identity": {"content_hash": "6f36df6bf689e20cc90c92fcd74baca040d4d6fa1a25368c71f35baf0fcf4bc9", "name": "none", "revision_id": "evidence:none:real-v1", "version": "v1"}, "handler": "crypto.handlers.backtest_existing_hypothesis.v1", "identity": {"package": "cripto-predictor", "record_sha256": "bed93b8c315c5ef486ebab8754db887db9ba2b6cc20d0d652c1f060608ff806d", "version": "1.2.0rc4"}, "metrics": {"ci": {"confidence": 0.95, "n_boot": 500, "scheme": "iid", "seed": 17}, "gross_ci_high_bps": 172, "gross_ci_low_bps": -150, "gross_return_bps": 6, "long_observations": 25, "max_drawdown_bps": -4988, "net_ci_high_bps": 144, "net_ci_low_bps": -180, "net_return_bps": -23, "sample_size": 52, "short_observations": 27, "turnover_round_trips": 52}, "model_identity": {"content_hash": "07225498b8d4834d762a198bc63ee650512fdf02e536d1b0a623bbe9a6fb3582", "name": "fixed-shadow", "revision_id": "protocol:fixed-shadow:real-v1", "version": "v1"}, "placebo_seed": 102}, "economic_state": "NO_EDGE", "experiment_id": "crypto:EXP-327b53f9a3d13b6f7c81760b9efb34d2", "hypothesis_id": "crypto:QUAL-SHADOW-REAL-002", "operational_state": "SUCCEEDED", "ops_facts": {"attempt_ids": ["crypto:ATTEMPT-8b83339e5de84bd4aea66e216b5270a2"], "attempts": 1, "economic_lock_id": "economic-e202eccf6b3a7cdcae226a1cd48399f0de8041ec4df1267eae5efa9f06fb9421", "exit_code": 0, "finished_at": "2026-10-07T23:40:04.207Z", "heartbeat_at": "2026-10-07T23:40:04.006Z", "identity": {"package": "predictor-ops", "record_sha256": "1c7946e1d994f63bc3e732fe4666edfb42967f3a7b7b11664af63ca572f0018f", "version": "4.2.2rc1"}, "job_id": "crypto-research-327b53f9a3d13b6f7c81760b", "operational_state": "SUCCEEDED", "ops_record_hash": "dbdc06e1218807675d56fb24e79a3ffc684a58520c61dcc5a7fdccd48ed24e15", "ops_run_id": "ea5847d1bc3144d4b4ec4cb5a49e7e84", "ops_run_ids": ["ea5847d1bc3144d4b4ec4cb5a49e7e84"], "retry_count": 0, "started_at": "2026-10-07T23:40:04.002Z"}, "produced_at": "2026-10-07T23:40:04.212507Z", "provenance": {"admission_policy_hash": "cbced4e4c812c2f5ff573d61aa62b233eb400c70365249bc2afe920cdc62ba66", "admission_policy_id": "crypto-integration-qualification", "admission_policy_version": 1, "handler_identity": "crypto.handlers.backtest_existing_hypothesis.v1", "journal_identity": "10a1d05f04f7fd6f71ad90b9221e60e4626ba5c0af552b871d6819df8a8fd9c3", "logical_experiment_hash": "327b53f9a3d13b6f7c81760b9efb34d25d4d63c3f15036a7104ae24c97785386", "reference_materialization_receipt_hash": "f41fdf83a49af6c85af4dbe3d9554ffda2f1ac2ea013eecc9bc69029ba13b35b", "request_content_hash": "2f1a51cc878bbc2b90b9a06125dc4eb586e279b9f4b95229dff11a5f8596ce6c", "resolved_references_hash": "257b00d8d257e56401219b8ae046e9e5a1d90efaba5ab7cc654a493d0f59ee64"}, "request_id": "crypto:REQ-IC-E2E-002", "research_id": "crypto:RESEARCH-INTEGRATION-QUALIFICATION", "result_id": "crypto:RESULT-327b53f9a3d13b6f7c81760b9efb34d2", "result_state": "INCONCLUSIVE", "schema_version": "crypto-research-result/1", "scientific_state": "INCONCLUSIVE"}, "result_sha256": "5e325caa0fd77a66f39b14630c2ceb4370d80dc70114cfe677b93b3d0847d498", "source": "authoritative_result_store", "status": "RESULT"}
--- stderr
--- end
{"n": 26, "label": "show canary", "at": "2026-10-07T23:40:06Z", "seconds": 0.107, "argv": ["/home/runner/work/_temp/work/rt/consumer-venv/bin/cripto-research", "--state", "/home/runner/work/_temp/work/e2e/domain-state", "show", "crypto:REQ-IC-E2E-003"], "fault_env": {}, "exit": 3}
--- stdout
{"request_id": "crypto:REQ-IC-E2E-003", "status": "NOT_FOUND"}
--- stderr
--- end
{"n": 27, "label": "episodes final", "at": "2026-10-07T23:40:06Z", "seconds": 0.083, "argv": ["/home/runner/work/_temp/work/rt/cain-venv/bin/cain", "research", "episodes", "--domain", "crypto", "--state", "/home/runner/work/_temp/work/e2e/cain-state"], "fault_env": {}, "exit": 0}
--- stdout
{"domain": "crypto", "episodes": [{"as_of": "2026-10-07T23:40:02Z", "decision": "ALLOW", "number": 1, "outbox": {"dispatches": 1, "retries_requested": 0, "status": "PUBLISHED", "task_id": "crypto:TASK-02bf95b3940c9a226f8a9ae2a37a11a3"}, "proposal_id": "cain:E2E-01", "reason_code": "ALLOWED", "receipt_sha256": "a27166dba3ec6fbb933dad56a08b7d14776d6986f7022c62ea1d26d9db27e2af", "source": "operator", "task_id": "crypto:TASK-02bf95b3940c9a226f8a9ae2a37a11a3"}, {"as_of": "2026-10-07T23:40:03Z", "decision": "ALLOW", "number": 2, "outbox": {"dispatches": 1, "retries_requested": 0, "status": "PUBLISHED", "task_id": "crypto:TASK-9cb8ddb312aff3b4be933e167ae7e943"}, "proposal_id": "cain:E2E-02", "reason_code": "ALLOWED", "receipt_sha256": "ca7aa64bf9a028733b7ab1f84b3980187453e8b945b3f1c5b760138b4929dca2", "source": "operator", "task_id": "crypto:TASK-9cb8ddb312aff3b4be933e167ae7e943"}, {"as_of": "2026-10-07T23:40:04Z", "decision": "ALLOW", "number": 3, "outbox": {"dispatches": 1, "retries_requested": 0, "status": "PUBLISHED", "task_id": "crypto:TASK-6f9d23e232884c4e3d510523e881874a"}, "proposal_id": "cain:E2E-03", "reason_code": "ALLOWED", "receipt_sha256": "f3f09ce381f95758c1f8651ddf63f79b0271d5859ff5b0f984ad2c73d8c0243a", "source": "operator", "task_id": "crypto:TASK-6f9d23e232884c4e3d510523e881874a"}, {"as_of": "2026-10-07T23:40:05Z", "decision": "DUPLICATE", "number": 4, "outbox": null, "proposal_id": "cain:E2E-04", "reason_code": "DUPLICATE_REQUEST", "receipt_sha256": "8fa21b1b5e5a766b31f1decedf8e11cbe45a256d33635f4268421a929b7b9f0e", "source": "operator", "task_id": null}, {"as_of": "2026-10-07T23:40:05Z", "decision": "BLOCK", "number": 5, "outbox": null, "proposal_id": "cain:E2E-05", "reason_code": "HYPOTHESIS_CLOSED", "receipt_sha256": "5c2a8312281a7fe80fb96294141c69d16529f7e0dc76ddec1c546061b821b85c", "source": "operator", "task_id": null}, {"as_of": "2026-10-07T23:40:05Z", "decision": "BLOCK", "number": 6, "outbox": null, "proposal_id": "cain:E2E-06", "reason_code": "DOMAIN_MISMATCH", "receipt_sha256": "cd25445d07dc77f3f87e27b719674b17c0d4b6424bcbd8730005b75bae14215c", "source": "operator", "task_id": null}, {"as_of": "2026-10-07T23:40:05Z", "decision": "ALLOW", "number": 7, "outbox": {"dispatches": 1, "retries_requested": 0, "status": "PUBLISHED", "task_id": "crypto:TASK-4fd811d6e4fd160bfab2e5c2995cc0ce"}, "proposal_id": "cain:E2E-07", "reason_code": "ALLOWED", "receipt_sha256": "2a249a241f1b7cc260e273c081cc90487fceb5e158455cf4b549857de6ca9d3c", "source": "operator", "task_id": "crypto:TASK-4fd811d6e4fd160bfab2e5c2995cc0ce"}], "inbox": [{"class": "TERMINAL_RESULT", "fact_id": "fact:739dd73de499456a997071f601a0b59e", "payload_sha256": "d1f1b496f18f53c186e4c0e94da552c2a3664ea3df704c6b7c8e1b95caf2702a", "status": "RESULT", "task_id": "crypto:TASK-02bf95b3940c9a226f8a9ae2a37a11a3"}, {"class": "TERMINAL_RESULT", "fact_id": "fact:a12f20b686104446bcf221ad66b8f9a4", "payload_sha256": "5e325caa0fd77a66f39b14630c2ceb4370d80dc70114cfe677b93b3d0847d498", "status": "DUPLICATE", "task_id": "crypto:TASK-9cb8ddb312aff3b4be933e167ae7e943"}, {"class": "TERMINAL_REFUSAL", "fact_id": "fact:0c51c07a342640f7a9a301f7631f54a5", "payload_sha256": null, "status": "TEMPORAL_INTEGRITY_VIOLATION", "task_id": "crypto:TASK-6f9d23e232884c4e3d510523e881874a"}, {"class": "TERMINAL_RESULT", "fact_id": "fact:a2986524d67c441e84ebc4ebb0ff9ebc", "payload_sha256": "fe300321c2803c76f7e1bb54316be46b80aa13cb394f2c8e1297d0ebdfc395ef", "status": "RESULT", "task_id": "crypto:TASK-4fd811d6e4fd160bfab2e5c2995cc0ce"}], "memory": {"broken_at": null, "cube": "crypto", "facts": 4, "log": "shared across domains", "projection": "consistent", "status": "intact"}, "rejections": [{"code": "DOMAIN_MISMATCH", "file": "interleaved-fixtures-v2-brasileirao-result-h9.json"}, {"code": "TASK_NOT_FOUND", "file": "interleaved-fixtures-v2-crypto-result-h9.json"}, {"code": "DOMAIN_MISMATCH", "file": "interleaved-fixtures-v2-stocks-result-h9.json"}]}
--- stderr
--- end
