### cripto-predictor status
{"version": "1.1.1rc4", "status": "NOT_PROBED", "modes": ["ingest", "analyze", "history", "migrate-history", "research"], "capital_permission": false}

exit 0 research: [] origins {'GarimpoInvestimentos': 'C:\\CRIPTO\\qualificacao\\cripto-predictor\\GarimpoInvestimentos\\__init__.py'} n 3
### cripto-predictor --help
usage: cripto-predictor [--ingest] [--assets IDS] [--discover N] [--summary] [--output-dir PATH]
Fail-closed cryptocurrency research pipeline (no capital authorization).
Offline research tools: cripto-predictor research --help
Causal opportunity research: cripto-predictor profit-recovery --help
Read-only history: cripto-predictor history --database PATH [--limit N]
Explicit legacy import: cripto-predictor migrate-history --database PATH --csv PATH

exit 0 research: [] origins {'GarimpoInvestimentos': 'C:\\CRIPTO\\qualificacao\\cripto-predictor\\GarimpoInvestimentos\\__init__.py'} n 3
### cripto-predictor-job --help
usage: cripto-predictor-job [-h] [--timeout TIMEOUT]
                            {phase1,backtest,watchdog,v3-daily,observation-daily,observation-live,microstructure-live,attest-renew,backup,quality-snapshot,discover,external-coinmetrics}

Run cripto-predictor jobs via predictor_ops

positional arguments:
  {phase1,backtest,watchdog,v3-daily,observation-daily,observation-live,microstructure-live,attest-renew,backup,quality-snapshot,discover,external-coinmetrics}

options:
  -h, --help            show this help message and exit
  --timeout TIMEOUT

exit 0 research: [] origins {'predictor_core': 'C:\\Cripto\\qualificacao\\cripto-predictor\\.venv\\Lib\\site-packages\\predictor_core\\__init__.py', 'predictor_ops': 'C:\\Cripto\\qualificacao\\cripto-predictor\\.venv\\Lib\\site-packages\\predictor_ops\\__init__.py', 'GarimpoInvestimentos': 'C:\\CRIPTO\\qualificacao\\cripto-predictor\\GarimpoInvestimentos\\__init__.py'} n 27
