test (ubuntu-latest, 3.13)	Set up job	﻿2026-09-23T05:19:41.9229903Z Current runner version: '2.337.0'
test (ubuntu-latest, 3.13)	Set up job	2026-09-23T05:19:41.9255046Z ##[group]Runner Image Provisioner
test (ubuntu-latest, 3.13)	Set up job	2026-09-23T05:19:41.9256095Z Hosted Compute Agent
test (ubuntu-latest, 3.13)	Set up job	2026-09-23T05:19:41.9256995Z Version: 20260828.587
test (ubuntu-latest, 3.13)	Set up job	2026-09-23T05:19:41.9257633Z Commit: abac92662cab4cc7352de4f9f9d2e2419aad9c29
test (ubuntu-latest, 3.13)	Set up job	2026-09-23T05:19:41.9258369Z Build Date: 2026-08-28T16:44:25Z
test (ubuntu-latest, 3.13)	Set up job	2026-09-23T05:19:41.9259131Z Worker ID: {aa649ba9-d3fd-4ebe-bdcc-e0f6018ca112}
test (ubuntu-latest, 3.13)	Set up job	2026-09-23T05:19:41.9259849Z Azure Region: westus
test (ubuntu-latest, 3.13)	Set up job	2026-09-23T05:19:41.9260444Z ##[endgroup]
test (ubuntu-latest, 3.13)	Set up job	2026-09-23T05:19:41.9262102Z ##[group]Operating System
test (ubuntu-latest, 3.13)	Set up job	2026-09-23T05:19:41.9262778Z Ubuntu
test (ubuntu-latest, 3.13)	Set up job	2026-09-23T05:19:41.9263385Z 24.04.5
test (ubuntu-latest, 3.13)	Set up job	2026-09-23T05:19:41.9263927Z LTS
test (ubuntu-latest, 3.13)	Set up job	2026-09-23T05:19:41.9264464Z ##[endgroup]
test (ubuntu-latest, 3.13)	Set up job	2026-09-23T05:19:41.9265021Z ##[group]Runner Image
test (ubuntu-latest, 3.13)	Set up job	2026-09-23T05:19:41.9265635Z Image: ubuntu-24.04
test (ubuntu-latest, 3.13)	Set up job	2026-09-23T05:19:41.9266431Z Version: 20260907.300.1
test (ubuntu-latest, 3.13)	Set up job	2026-09-23T05:19:41.9267520Z Included Software: https://github.com/actions/runner-images/blob/ubuntu24/20260907.300/images/ubuntu/Ubuntu2404-Readme.md
test (ubuntu-latest, 3.13)	Set up job	2026-09-23T05:19:41.9269309Z Image Release: https://github.com/actions/runner-images/releases/tag/ubuntu24%2F20260907.300
test (ubuntu-latest, 3.13)	Set up job	2026-09-23T05:19:41.9270301Z ##[endgroup]
test (ubuntu-latest, 3.13)	Set up job	2026-09-23T05:19:41.9271465Z ##[group]GITHUB_TOKEN Permissions
test (ubuntu-latest, 3.13)	Set up job	2026-09-23T05:19:41.9273527Z Contents: read
test (ubuntu-latest, 3.13)	Set up job	2026-09-23T05:19:41.9274232Z Metadata: read
test (ubuntu-latest, 3.13)	Set up job	2026-09-23T05:19:41.9274816Z ##[endgroup]
test (ubuntu-latest, 3.13)	Set up job	2026-09-23T05:19:41.9277376Z Secret source: Actions
test (ubuntu-latest, 3.13)	Set up job	2026-09-23T05:19:41.9278345Z Cache mode: write
test (ubuntu-latest, 3.13)	Set up job	2026-09-23T05:19:41.9279165Z Prepare workflow directory
test (ubuntu-latest, 3.13)	Set up job	2026-09-23T05:19:41.9610598Z Prepare all required actions
test (ubuntu-latest, 3.13)	Set up job	2026-09-23T05:19:41.9660643Z Getting action download info
test (ubuntu-latest, 3.13)	Set up job	2026-09-23T05:19:42.3524862Z Download action repository 'actions/checkout@v7' (SHA:3d3c42e5aac5ba805825da76410c181273ba90b1)
test (ubuntu-latest, 3.13)	Set up job	2026-09-23T05:19:42.4738033Z Download action repository 'astral-sh/setup-uv@v7' (SHA:37802adc94f370d6bfd71619e3f0bf239e1f3b78)
test (ubuntu-latest, 3.13)	Set up job	2026-09-23T05:19:43.1062468Z Complete job name: test (ubuntu-latest, 3.13)
test (ubuntu-latest, 3.13)	Run actions/checkout@v7	﻿2026-09-23T05:19:43.1822800Z ##[group]Run actions/checkout@v7
test (ubuntu-latest, 3.13)	Run actions/checkout@v7	2026-09-23T05:19:43.1823779Z with:
test (ubuntu-latest, 3.13)	Run actions/checkout@v7	2026-09-23T05:19:43.1824323Z   repository: leonardosovienski/predictor-ops
test (ubuntu-latest, 3.13)	Run actions/checkout@v7	2026-09-23T05:19:43.1828846Z   token: ***
test (ubuntu-latest, 3.13)	Run actions/checkout@v7	2026-09-23T05:19:43.1829353Z   ssh-strict: true
test (ubuntu-latest, 3.13)	Run actions/checkout@v7	2026-09-23T05:19:43.1829832Z   ssh-user: git
test (ubuntu-latest, 3.13)	Run actions/checkout@v7	2026-09-23T05:19:43.1830314Z   persist-credentials: true
test (ubuntu-latest, 3.13)	Run actions/checkout@v7	2026-09-23T05:19:43.1830830Z   clean: true
test (ubuntu-latest, 3.13)	Run actions/checkout@v7	2026-09-23T05:19:43.1831309Z   sparse-checkout-cone-mode: true
test (ubuntu-latest, 3.13)	Run actions/checkout@v7	2026-09-23T05:19:43.1831863Z   fetch-depth: 1
test (ubuntu-latest, 3.13)	Run actions/checkout@v7	2026-09-23T05:19:43.1832375Z   fetch-tags: false
test (ubuntu-latest, 3.13)	Run actions/checkout@v7	2026-09-23T05:19:43.1832856Z   show-progress: true
test (ubuntu-latest, 3.13)	Run actions/checkout@v7	2026-09-23T05:19:43.1833344Z   lfs: false
test (ubuntu-latest, 3.13)	Run actions/checkout@v7	2026-09-23T05:19:43.1833798Z   submodules: false
test (ubuntu-latest, 3.13)	Run actions/checkout@v7	2026-09-23T05:19:43.1834291Z   set-safe-directory: true
test (ubuntu-latest, 3.13)	Run actions/checkout@v7	2026-09-23T05:19:43.1834828Z   allow-unsafe-pr-checkout: false
test (ubuntu-latest, 3.13)	Run actions/checkout@v7	2026-09-23T05:19:43.1835720Z ##[endgroup]
test (ubuntu-latest, 3.13)	Run actions/checkout@v7	2026-09-23T05:19:43.2873664Z Syncing repository: leonardosovienski/predictor-ops
test (ubuntu-latest, 3.13)	Run actions/checkout@v7	2026-09-23T05:19:43.2876807Z ##[group]Getting Git version info
test (ubuntu-latest, 3.13)	Run actions/checkout@v7	2026-09-23T05:19:43.2878328Z Working directory is '/home/runner/work/predictor-ops/predictor-ops'
test (ubuntu-latest, 3.13)	Run actions/checkout@v7	2026-09-23T05:19:43.2880448Z [command]/usr/bin/git version
test (ubuntu-latest, 3.13)	Run actions/checkout@v7	2026-09-23T05:19:43.2960627Z git version 2.55.0
test (ubuntu-latest, 3.13)	Run actions/checkout@v7	2026-09-23T05:19:43.2985977Z ##[endgroup]
test (ubuntu-latest, 3.13)	Run actions/checkout@v7	2026-09-23T05:19:43.3007149Z Temporarily overriding HOME='/home/runner/work/_temp/e3b0e39e-98d5-4b2e-9835-017c501557fe' before making global git config changes
test (ubuntu-latest, 3.13)	Run actions/checkout@v7	2026-09-23T05:19:43.3009888Z Adding repository directory to the temporary git global config as a safe directory
test (ubuntu-latest, 3.13)	Run actions/checkout@v7	2026-09-23T05:19:43.3023516Z [command]/usr/bin/git config --global --add safe.directory /home/runner/work/predictor-ops/predictor-ops
test (ubuntu-latest, 3.13)	Run actions/checkout@v7	2026-09-23T05:19:43.3077946Z Deleting the contents of '/home/runner/work/predictor-ops/predictor-ops'
test (ubuntu-latest, 3.13)	Run actions/checkout@v7	2026-09-23T05:19:43.3081875Z ##[group]Determining repository object format
test (ubuntu-latest, 3.13)	Run actions/checkout@v7	2026-09-23T05:19:43.3083991Z ##[endgroup]
test (ubuntu-latest, 3.13)	Run actions/checkout@v7	2026-09-23T05:19:43.3085549Z ##[group]Initializing the repository
test (ubuntu-latest, 3.13)	Run actions/checkout@v7	2026-09-23T05:19:43.3089474Z [command]/usr/bin/git init /home/runner/work/predictor-ops/predictor-ops
test (ubuntu-latest, 3.13)	Run actions/checkout@v7	2026-09-23T05:19:43.3227495Z hint: Using 'master' as the name for the initial branch. This default branch name
test (ubuntu-latest, 3.13)	Run actions/checkout@v7	2026-09-23T05:19:43.3230257Z hint: will change to "main" in Git 3.0. To configure the initial branch name
test (ubuntu-latest, 3.13)	Run actions/checkout@v7	2026-09-23T05:19:43.3232476Z hint: to use in all of your new repositories, which will suppress this warning,
test (ubuntu-latest, 3.13)	Run actions/checkout@v7	2026-09-23T05:19:43.3233761Z hint: call:
test (ubuntu-latest, 3.13)	Run actions/checkout@v7	2026-09-23T05:19:43.3234524Z hint:
test (ubuntu-latest, 3.13)	Run actions/checkout@v7	2026-09-23T05:19:43.3235337Z hint: 	git config --global init.defaultBranch <name>
test (ubuntu-latest, 3.13)	Run actions/checkout@v7	2026-09-23T05:19:43.3236885Z hint:
test (ubuntu-latest, 3.13)	Run actions/checkout@v7	2026-09-23T05:19:43.3237618Z hint: Names commonly chosen instead of 'master' are 'main', 'trunk' and
test (ubuntu-latest, 3.13)	Run actions/checkout@v7	2026-09-23T05:19:43.3238859Z hint: 'development'. The just-created branch can be renamed via this command:
test (ubuntu-latest, 3.13)	Run actions/checkout@v7	2026-09-23T05:19:43.3239881Z hint:
test (ubuntu-latest, 3.13)	Run actions/checkout@v7	2026-09-23T05:19:43.3240508Z hint: 	git branch -m <name>
test (ubuntu-latest, 3.13)	Run actions/checkout@v7	2026-09-23T05:19:43.3241060Z hint:
test (ubuntu-latest, 3.13)	Run actions/checkout@v7	2026-09-23T05:19:43.3242208Z hint: Disable this message with "git config set advice.defaultBranchName false"
test (ubuntu-latest, 3.13)	Run actions/checkout@v7	2026-09-23T05:19:43.3243957Z Initialized empty Git repository in /home/runner/work/predictor-ops/predictor-ops/.git/
test (ubuntu-latest, 3.13)	Run actions/checkout@v7	2026-09-23T05:19:43.3246150Z [command]/usr/bin/git remote add origin https://github.com/leonardosovienski/predictor-ops
test (ubuntu-latest, 3.13)	Run actions/checkout@v7	2026-09-23T05:19:43.3302532Z ##[endgroup]
test (ubuntu-latest, 3.13)	Run actions/checkout@v7	2026-09-23T05:19:43.3304106Z ##[group]Disabling automatic garbage collection
test (ubuntu-latest, 3.13)	Run actions/checkout@v7	2026-09-23T05:19:43.3311055Z [command]/usr/bin/git config --local gc.auto 0
test (ubuntu-latest, 3.13)	Run actions/checkout@v7	2026-09-23T05:19:43.3343742Z ##[endgroup]
test (ubuntu-latest, 3.13)	Run actions/checkout@v7	2026-09-23T05:19:43.3351199Z ##[group]Setting up auth
test (ubuntu-latest, 3.13)	Run actions/checkout@v7	2026-09-23T05:19:43.3352009Z Removing SSH command configuration
test (ubuntu-latest, 3.13)	Run actions/checkout@v7	2026-09-23T05:19:43.3359466Z [command]/usr/bin/git config --local --name-only --get-regexp core\.sshCommand
test (ubuntu-latest, 3.13)	Run actions/checkout@v7	2026-09-23T05:19:43.3389096Z [command]/usr/bin/git submodule foreach --recursive sh -c "git config --local --name-only --get-regexp 'core\.sshCommand' && git config --local --unset-all 'core.sshCommand' || :"
test (ubuntu-latest, 3.13)	Run actions/checkout@v7	2026-09-23T05:19:43.3824943Z Removing HTTP extra header
test (ubuntu-latest, 3.13)	Run actions/checkout@v7	2026-09-23T05:19:43.3828548Z [command]/usr/bin/git config --local --name-only --get-regexp http\.https\:\/\/github\.com\/\.extraheader
test (ubuntu-latest, 3.13)	Run actions/checkout@v7	2026-09-23T05:19:43.3867028Z [command]/usr/bin/git submodule foreach --recursive sh -c "git config --local --name-only --get-regexp 'http\.https\:\/\/github\.com\/\.extraheader' && git config --local --unset-all 'http.https://github.com/.extraheader' || :"
test (ubuntu-latest, 3.13)	Run actions/checkout@v7	2026-09-23T05:19:43.4108339Z Removing includeIf entries pointing to credentials config files
test (ubuntu-latest, 3.13)	Run actions/checkout@v7	2026-09-23T05:19:43.4122243Z [command]/usr/bin/git config --local --name-only --get-regexp ^includeIf\.gitdir:
test (ubuntu-latest, 3.13)	Run actions/checkout@v7	2026-09-23T05:19:43.4149314Z [command]/usr/bin/git submodule foreach --recursive git config --local --show-origin --name-only --get-regexp remote.origin.url
test (ubuntu-latest, 3.13)	Run actions/checkout@v7	2026-09-23T05:19:43.4381535Z [command]/usr/bin/git config --file /home/runner/work/_temp/git-credentials-39ef74cc-691a-433d-b144-316bd4671f07.config http.https://github.com/.extraheader AUTHORIZATION: basic ***
test (ubuntu-latest, 3.13)	Run actions/checkout@v7	2026-09-23T05:19:43.4422448Z [command]/usr/bin/git config --local includeIf.gitdir:/home/runner/work/predictor-ops/predictor-ops/.git.path /home/runner/work/_temp/git-credentials-39ef74cc-691a-433d-b144-316bd4671f07.config
test (ubuntu-latest, 3.13)	Run actions/checkout@v7	2026-09-23T05:19:43.4457539Z [command]/usr/bin/git config --local includeIf.gitdir:/home/runner/work/predictor-ops/predictor-ops/.git/worktrees/*.path /home/runner/work/_temp/git-credentials-39ef74cc-691a-433d-b144-316bd4671f07.config
test (ubuntu-latest, 3.13)	Run actions/checkout@v7	2026-09-23T05:19:43.4497677Z [command]/usr/bin/git config --local includeIf.gitdir:/github/workspace/.git.path /github/runner_temp/git-credentials-39ef74cc-691a-433d-b144-316bd4671f07.config
test (ubuntu-latest, 3.13)	Run actions/checkout@v7	2026-09-23T05:19:43.4533188Z [command]/usr/bin/git config --local includeIf.gitdir:/github/workspace/.git/worktrees/*.path /github/runner_temp/git-credentials-39ef74cc-691a-433d-b144-316bd4671f07.config
test (ubuntu-latest, 3.13)	Run actions/checkout@v7	2026-09-23T05:19:43.4563738Z ##[endgroup]
test (ubuntu-latest, 3.13)	Run actions/checkout@v7	2026-09-23T05:19:43.4564614Z ##[group]Fetching the repository
test (ubuntu-latest, 3.13)	Run actions/checkout@v7	2026-09-23T05:19:43.4570658Z [command]/usr/bin/git -c protocol.version=2 fetch --no-tags --prune --no-recurse-submodules --depth=1 origin +b19e69527c0fda5cb1f96281d3a984fea1431768:refs/remotes/origin/main
test (ubuntu-latest, 3.13)	Run actions/checkout@v7	2026-09-23T05:19:44.1547501Z From https://github.com/leonardosovienski/predictor-ops
test (ubuntu-latest, 3.13)	Run actions/checkout@v7	2026-09-23T05:19:44.1549250Z  * [new ref]         b19e69527c0fda5cb1f96281d3a984fea1431768 -> origin/main
test (ubuntu-latest, 3.13)	Run actions/checkout@v7	2026-09-23T05:19:44.1558164Z [command]/usr/bin/git branch --list --remote origin/main
test (ubuntu-latest, 3.13)	Run actions/checkout@v7	2026-09-23T05:19:44.1587662Z   origin/main
test (ubuntu-latest, 3.13)	Run actions/checkout@v7	2026-09-23T05:19:44.1595781Z [command]/usr/bin/git rev-parse refs/remotes/origin/main
test (ubuntu-latest, 3.13)	Run actions/checkout@v7	2026-09-23T05:19:44.1622639Z b19e69527c0fda5cb1f96281d3a984fea1431768
test (ubuntu-latest, 3.13)	Run actions/checkout@v7	2026-09-23T05:19:44.1629508Z ##[endgroup]
test (ubuntu-latest, 3.13)	Run actions/checkout@v7	2026-09-23T05:19:44.1631814Z ##[group]Determining the checkout info
test (ubuntu-latest, 3.13)	Run actions/checkout@v7	2026-09-23T05:19:44.1634540Z ##[endgroup]
test (ubuntu-latest, 3.13)	Run actions/checkout@v7	2026-09-23T05:19:44.1636043Z [command]/usr/bin/git sparse-checkout disable
test (ubuntu-latest, 3.13)	Run actions/checkout@v7	2026-09-23T05:19:44.1691705Z [command]/usr/bin/git config --local --unset-all extensions.worktreeConfig
test (ubuntu-latest, 3.13)	Run actions/checkout@v7	2026-09-23T05:19:44.1728647Z ##[group]Checking out the ref
test (ubuntu-latest, 3.13)	Run actions/checkout@v7	2026-09-23T05:19:44.1732388Z [command]/usr/bin/git checkout --progress --force -B main refs/remotes/origin/main
test (ubuntu-latest, 3.13)	Run actions/checkout@v7	2026-09-23T05:19:44.1851673Z Switched to a new branch 'main'
test (ubuntu-latest, 3.13)	Run actions/checkout@v7	2026-09-23T05:19:44.1857612Z branch 'main' set up to track 'origin/main'.
test (ubuntu-latest, 3.13)	Run actions/checkout@v7	2026-09-23T05:19:44.1867352Z ##[endgroup]
test (ubuntu-latest, 3.13)	Run actions/checkout@v7	2026-09-23T05:19:44.1912251Z [command]/usr/bin/git log -1 --format=%H
test (ubuntu-latest, 3.13)	Run actions/checkout@v7	2026-09-23T05:19:44.1941884Z b19e69527c0fda5cb1f96281d3a984fea1431768
test (ubuntu-latest, 3.13)	Run astral-sh/setup-uv@v7	﻿2026-09-23T05:19:44.2450449Z ##[group]Run astral-sh/setup-uv@v7
test (ubuntu-latest, 3.13)	Run astral-sh/setup-uv@v7	2026-09-23T05:19:44.2451671Z with:
test (ubuntu-latest, 3.13)	Run astral-sh/setup-uv@v7	2026-09-23T05:19:44.2452513Z   version: 0.12.1
test (ubuntu-latest, 3.13)	Run astral-sh/setup-uv@v7	2026-09-23T05:19:44.2453459Z   enable-cache: true
test (ubuntu-latest, 3.13)	Run astral-sh/setup-uv@v7	2026-09-23T05:19:44.2454476Z   activate-environment: false
test (ubuntu-latest, 3.13)	Run astral-sh/setup-uv@v7	2026-09-23T05:19:44.2455999Z   working-directory: /home/runner/work/predictor-ops/predictor-ops
test (ubuntu-latest, 3.13)	Run astral-sh/setup-uv@v7	2026-09-23T05:19:44.2466058Z   github-token: ***
test (ubuntu-latest, 3.13)	Run astral-sh/setup-uv@v7	2026-09-23T05:19:44.2468593Z   cache-dependency-glob: **/*requirements*.txt
test (ubuntu-latest, 3.13)	Run astral-sh/setup-uv@v7	**/*requirements*.in
test (ubuntu-latest, 3.13)	Run astral-sh/setup-uv@v7	**/*constraints*.txt
test (ubuntu-latest, 3.13)	Run astral-sh/setup-uv@v7	**/*constraints*.in
test (ubuntu-latest, 3.13)	Run astral-sh/setup-uv@v7	**/pyproject.toml
test (ubuntu-latest, 3.13)	Run astral-sh/setup-uv@v7	**/uv.lock
test (ubuntu-latest, 3.13)	Run astral-sh/setup-uv@v7	**/*.py.lock
test (ubuntu-latest, 3.13)	Run astral-sh/setup-uv@v7	
test (ubuntu-latest, 3.13)	Run astral-sh/setup-uv@v7	2026-09-23T05:19:44.2471283Z   restore-cache: true
test (ubuntu-latest, 3.13)	Run astral-sh/setup-uv@v7	2026-09-23T05:19:44.2472258Z   save-cache: true
test (ubuntu-latest, 3.13)	Run astral-sh/setup-uv@v7	2026-09-23T05:19:44.2473189Z   prune-cache: true
test (ubuntu-latest, 3.13)	Run astral-sh/setup-uv@v7	2026-09-23T05:19:44.2474138Z   cache-python: false
test (ubuntu-latest, 3.13)	Run astral-sh/setup-uv@v7	2026-09-23T05:19:44.2475161Z   ignore-nothing-to-cache: false
test (ubuntu-latest, 3.13)	Run astral-sh/setup-uv@v7	2026-09-23T05:19:44.2476458Z   ignore-empty-workdir: false
test (ubuntu-latest, 3.13)	Run astral-sh/setup-uv@v7	2026-09-23T05:19:44.2477604Z   add-problem-matchers: true
test (ubuntu-latest, 3.13)	Run astral-sh/setup-uv@v7	2026-09-23T05:19:44.2478708Z   resolution-strategy: highest
test (ubuntu-latest, 3.13)	Run astral-sh/setup-uv@v7	2026-09-23T05:19:44.2479782Z ##[endgroup]
test (ubuntu-latest, 3.13)	Run astral-sh/setup-uv@v7	2026-09-23T05:19:44.4247509Z Fetching version data from https://raw.githubusercontent.com/astral-sh/versions/main/v1/uv.ndjson ...
test (ubuntu-latest, 3.13)	Run astral-sh/setup-uv@v7	2026-09-23T05:19:44.5003893Z Downloading uv from "https://releases.astral.sh/github/uv/releases/download/0.12.1/uv-x86_64-unknown-linux-gnu.tar.gz" ...
test (ubuntu-latest, 3.13)	Run astral-sh/setup-uv@v7	2026-09-23T05:19:44.6614403Z [command]/usr/bin/tar xz --warning=no-unknown-keyword --overwrite -C /home/runner/work/_temp/10f4845a-cab3-483b-9aa6-47ced6d7c2e3 -f /home/runner/work/_temp/c4534635-91a6-4832-81c1-3e5ab8725a99
test (ubuntu-latest, 3.13)	Run astral-sh/setup-uv@v7	2026-09-23T05:19:45.0915641Z Added /home/runner/.local/bin to the path
test (ubuntu-latest, 3.13)	Run astral-sh/setup-uv@v7	2026-09-23T05:19:45.0919448Z Added /opt/hostedtoolcache/uv/0.12.1/x86_64 to the path
test (ubuntu-latest, 3.13)	Run astral-sh/setup-uv@v7	2026-09-23T05:19:45.0921724Z Set UV_PYTHON_INSTALL_DIR to /home/runner/work/_temp/uv-python-dir
test (ubuntu-latest, 3.13)	Run astral-sh/setup-uv@v7	2026-09-23T05:19:45.0924161Z Added /home/runner/work/_temp/uv-python-dir to the path
test (ubuntu-latest, 3.13)	Run astral-sh/setup-uv@v7	2026-09-23T05:19:45.0948728Z Set UV_CACHE_DIR to /home/runner/work/_temp/setup-uv-cache
test (ubuntu-latest, 3.13)	Run astral-sh/setup-uv@v7	2026-09-23T05:19:45.0950255Z Successfully installed uv version 0.12.1
test (ubuntu-latest, 3.13)	Run astral-sh/setup-uv@v7	2026-09-23T05:19:45.2058066Z Searching files using cache dependency glob: /home/runner/work/predictor-ops/predictor-ops/**/*requirements*.txt,/home/runner/work/predictor-ops/predictor-ops/**/*requirements*.in,/home/runner/work/predictor-ops/predictor-ops/**/*constraints*.txt,/home/runner/work/predictor-ops/predictor-ops/**/*constraints*.in,/home/runner/work/predictor-ops/predictor-ops/**/pyproject.toml,/home/runner/work/predictor-ops/predictor-ops/**/uv.lock,/home/runner/work/predictor-ops/predictor-ops/**/*.py.lock
test (ubuntu-latest, 3.13)	Run astral-sh/setup-uv@v7	2026-09-23T05:19:45.2646822Z /home/runner/work/predictor-ops/predictor-ops/pyproject.toml
test (ubuntu-latest, 3.13)	Run astral-sh/setup-uv@v7	2026-09-23T05:19:45.2713347Z /home/runner/work/predictor-ops/predictor-ops/uv.lock
test (ubuntu-latest, 3.13)	Run astral-sh/setup-uv@v7	2026-09-23T05:19:45.2723938Z Found 2 files to hash.
test (ubuntu-latest, 3.13)	Run astral-sh/setup-uv@v7	2026-09-23T05:19:45.2801185Z Trying to restore cache from GitHub Actions cache with key: setup-uv-2-x86_64-unknown-linux-gnu-ubuntu-24.04-unknown-pruned-e20cb2d377334e7f554ea4b028fd10820536efb5539679bb34c378c6d23c0c07
test (ubuntu-latest, 3.13)	Run astral-sh/setup-uv@v7	2026-09-23T05:19:45.5129475Z No GitHub Actions cache found for key: setup-uv-2-x86_64-unknown-linux-gnu-ubuntu-24.04-unknown-pruned-e20cb2d377334e7f554ea4b028fd10820536efb5539679bb34c378c6d23c0c07
test (ubuntu-latest, 3.13)	Run uv python install 3.13	﻿2026-09-23T05:19:45.5871430Z ##[group]Run uv python install 3.13
test (ubuntu-latest, 3.13)	Run uv python install 3.13	2026-09-23T05:19:45.5872666Z ^[[36;1muv python install 3.13^[[0m
test (ubuntu-latest, 3.13)	Run uv python install 3.13	2026-09-23T05:19:45.5917923Z shell: /usr/bin/bash -e {0}
test (ubuntu-latest, 3.13)	Run uv python install 3.13	2026-09-23T05:19:45.5918945Z env:
test (ubuntu-latest, 3.13)	Run uv python install 3.13	2026-09-23T05:19:45.5919996Z   UV_PYTHON_INSTALL_DIR: /home/runner/work/_temp/uv-python-dir
test (ubuntu-latest, 3.13)	Run uv python install 3.13	2026-09-23T05:19:45.5921548Z   UV_CACHE_DIR: /home/runner/work/_temp/setup-uv-cache
test (ubuntu-latest, 3.13)	Run uv python install 3.13	2026-09-23T05:19:45.5922777Z ##[endgroup]
test (ubuntu-latest, 3.13)	Run uv python install 3.13	2026-09-23T05:19:45.7245607Z Downloading cpython-3.13.14-linux-x86_64-gnu (download) (33.2MiB)
test (ubuntu-latest, 3.13)	Run uv python install 3.13	2026-09-23T05:19:46.6881307Z  Downloaded cpython-3.13.14-linux-x86_64-gnu (download)
test (ubuntu-latest, 3.13)	Run uv python install 3.13	2026-09-23T05:19:46.6948450Z Installed Python 3.13.14 in 1.08s
test (ubuntu-latest, 3.13)	Run uv python install 3.13	2026-09-23T05:19:46.6949401Z  + cpython-3.13.14-linux-x86_64-gnu (python3.13)
test (ubuntu-latest, 3.13)	Run uv sync --python 3.13 --all-extras	﻿2026-09-23T05:19:46.7007225Z ##[group]Run uv sync --python 3.13 --all-extras
test (ubuntu-latest, 3.13)	Run uv sync --python 3.13 --all-extras	2026-09-23T05:19:46.7007701Z ^[[36;1muv sync --python 3.13 --all-extras^[[0m
test (ubuntu-latest, 3.13)	Run uv sync --python 3.13 --all-extras	2026-09-23T05:19:46.7044157Z shell: /usr/bin/bash -e {0}
test (ubuntu-latest, 3.13)	Run uv sync --python 3.13 --all-extras	2026-09-23T05:19:46.7044429Z env:
test (ubuntu-latest, 3.13)	Run uv sync --python 3.13 --all-extras	2026-09-23T05:19:46.7044736Z   UV_PYTHON_INSTALL_DIR: /home/runner/work/_temp/uv-python-dir
test (ubuntu-latest, 3.13)	Run uv sync --python 3.13 --all-extras	2026-09-23T05:19:46.7045155Z   UV_CACHE_DIR: /home/runner/work/_temp/setup-uv-cache
test (ubuntu-latest, 3.13)	Run uv sync --python 3.13 --all-extras	2026-09-23T05:19:46.7045471Z ##[endgroup]
test (ubuntu-latest, 3.13)	Run uv sync --python 3.13 --all-extras	2026-09-23T05:19:46.8656695Z Using CPython 3.13.14
test (ubuntu-latest, 3.13)	Run uv sync --python 3.13 --all-extras	2026-09-23T05:19:46.8657277Z Creating virtual environment at: .venv
test (ubuntu-latest, 3.13)	Run uv sync --python 3.13 --all-extras	2026-09-23T05:19:46.8679029Z Resolved 47 packages in 0.65ms
test (ubuntu-latest, 3.13)	Run uv sync --python 3.13 --all-extras	2026-09-23T05:19:46.8791063Z    Building predictor-ops @ file:///home/runner/work/predictor-ops/predictor-ops
test (ubuntu-latest, 3.13)	Run uv sync --python 3.13 --all-extras	2026-09-23T05:19:46.9767042Z Downloading ruff (10.9MiB)
test (ubuntu-latest, 3.13)	Run uv sync --python 3.13 --all-extras	2026-09-23T05:19:46.9775352Z Downloading virtualenv (5.2MiB)
test (ubuntu-latest, 3.13)	Run uv sync --python 3.13 --all-extras	2026-09-23T05:19:46.9781673Z Downloading pyright (5.9MiB)
test (ubuntu-latest, 3.13)	Run uv sync --python 3.13 --all-extras	2026-09-23T05:19:46.9784037Z Downloading pygments (1.2MiB)
test (ubuntu-latest, 3.13)	Run uv sync --python 3.13 --all-extras	2026-09-23T05:19:46.9792374Z Downloading pydantic-core (2.0MiB)
test (ubuntu-latest, 3.13)	Run uv sync --python 3.13 --all-extras	2026-09-23T05:19:47.3483415Z  Downloaded pygments
test (ubuntu-latest, 3.13)	Run uv sync --python 3.13 --all-extras	2026-09-23T05:19:47.3734734Z  Downloaded pydantic-core
test (ubuntu-latest, 3.13)	Run uv sync --python 3.13 --all-extras	2026-09-23T05:19:47.5129108Z  Downloaded virtualenv
test (ubuntu-latest, 3.13)	Run uv sync --python 3.13 --all-extras	2026-09-23T05:19:47.5249461Z  Downloaded ruff
test (ubuntu-latest, 3.13)	Run uv sync --python 3.13 --all-extras	2026-09-23T05:19:47.9606597Z       Built predictor-ops @ file:///home/runner/work/predictor-ops/predictor-ops
test (ubuntu-latest, 3.13)	Run uv sync --python 3.13 --all-extras	2026-09-23T05:19:49.3501698Z  Downloaded pyright
test (ubuntu-latest, 3.13)	Run uv sync --python 3.13 --all-extras	2026-09-23T05:19:49.3506706Z Prepared 46 packages in 2.48s
test (ubuntu-latest, 3.13)	Run uv sync --python 3.13 --all-extras	2026-09-23T05:19:49.6141855Z Installed 46 packages in 263ms
test (ubuntu-latest, 3.13)	Run uv sync --python 3.13 --all-extras	2026-09-23T05:19:49.6143319Z  + annotated-types==0.8.0
test (ubuntu-latest, 3.13)	Run uv sync --python 3.13 --all-extras	2026-09-23T05:19:49.6147085Z  + build==1.5.0
test (ubuntu-latest, 3.13)	Run uv sync --python 3.13 --all-extras	2026-09-23T05:19:49.6160066Z  + certifi==2026.7.22
test (ubuntu-latest, 3.13)	Run uv sync --python 3.13 --all-extras	2026-09-23T05:19:49.6160708Z  + cfgv==3.5.0
test (ubuntu-latest, 3.13)	Run uv sync --python 3.13 --all-extras	2026-09-23T05:19:49.6161145Z  + charset-normalizer==3.4.9
test (ubuntu-latest, 3.13)	Run uv sync --python 3.13 --all-extras	2026-09-23T05:19:49.6161591Z  + coverage==7.15.2
test (ubuntu-latest, 3.13)	Run uv sync --python 3.13 --all-extras	2026-09-23T05:19:49.6161965Z  + distlib==0.4.3
test (ubuntu-latest, 3.13)	Run uv sync --python 3.13 --all-extras	2026-09-23T05:19:49.6162326Z  + filelock==3.32.2
test (ubuntu-latest, 3.13)	Run uv sync --python 3.13 --all-extras	2026-09-23T05:19:49.6170272Z  + googleapis-common-protos==1.75.0
test (ubuntu-latest, 3.13)	Run uv sync --python 3.13 --all-extras	2026-09-23T05:19:49.6179640Z  + hatchling==1.31.0
test (ubuntu-latest, 3.13)	Run uv sync --python 3.13 --all-extras	2026-09-23T05:19:49.6180208Z  + identify==2.6.19
test (ubuntu-latest, 3.13)	Run uv sync --python 3.13 --all-extras	2026-09-23T05:19:49.6180811Z  + idna==3.18
test (ubuntu-latest, 3.13)	Run uv sync --python 3.13 --all-extras	2026-09-23T05:19:49.6206441Z  + iniconfig==2.3.0
test (ubuntu-latest, 3.13)	Run uv sync --python 3.13 --all-extras	2026-09-23T05:19:49.6207176Z  + nodeenv==1.10.0
test (ubuntu-latest, 3.13)	Run uv sync --python 3.13 --all-extras	2026-09-23T05:19:49.6207610Z  + opentelemetry-api==1.44.0
test (ubuntu-latest, 3.13)	Run uv sync --python 3.13 --all-extras	2026-09-23T05:19:49.6208156Z  + opentelemetry-exporter-otlp-proto-common==1.44.0
test (ubuntu-latest, 3.13)	Run uv sync --python 3.13 --all-extras	2026-09-23T05:19:49.6208843Z  + opentelemetry-exporter-otlp-proto-http==1.44.0
test (ubuntu-latest, 3.13)	Run uv sync --python 3.13 --all-extras	2026-09-23T05:19:49.6209427Z  + opentelemetry-proto==1.44.0
test (ubuntu-latest, 3.13)	Run uv sync --python 3.13 --all-extras	2026-09-23T05:19:49.6209872Z  + opentelemetry-sdk==1.44.0
test (ubuntu-latest, 3.13)	Run uv sync --python 3.13 --all-extras	2026-09-23T05:19:49.6210354Z  + opentelemetry-semantic-conventions==0.65b0
test (ubuntu-latest, 3.13)	Run uv sync --python 3.13 --all-extras	2026-09-23T05:19:49.6210873Z  + packaging==26.2
test (ubuntu-latest, 3.13)	Run uv sync --python 3.13 --all-extras	2026-09-23T05:19:49.6211271Z  + pathspec==1.1.1
test (ubuntu-latest, 3.13)	Run uv sync --python 3.13 --all-extras	2026-09-23T05:19:49.6211629Z  + platformdirs==4.11.0
test (ubuntu-latest, 3.13)	Run uv sync --python 3.13 --all-extras	2026-09-23T05:19:49.6211999Z  + pluggy==1.6.0
test (ubuntu-latest, 3.13)	Run uv sync --python 3.13 --all-extras	2026-09-23T05:19:49.6212355Z  + pre-commit==4.6.1
test (ubuntu-latest, 3.13)	Run uv sync --python 3.13 --all-extras	2026-09-23T05:19:49.6212966Z  + predictor-ops==4.2.1 (from file:///home/runner/work/predictor-ops/predictor-ops)
test (ubuntu-latest, 3.13)	Run uv sync --python 3.13 --all-extras	2026-09-23T05:19:49.6213686Z  + protobuf==7.35.1
test (ubuntu-latest, 3.13)	Run uv sync --python 3.13 --all-extras	2026-09-23T05:19:49.6214319Z  + pydantic==2.13.4
test (ubuntu-latest, 3.13)	Run uv sync --python 3.13 --all-extras	2026-09-23T05:19:49.6214715Z  + pydantic-core==2.46.4
test (ubuntu-latest, 3.13)	Run uv sync --python 3.13 --all-extras	2026-09-23T05:19:49.6215125Z  + pydantic-settings==2.14.2
test (ubuntu-latest, 3.13)	Run uv sync --python 3.13 --all-extras	2026-09-23T05:19:49.6215533Z  + pygments==2.20.0
test (ubuntu-latest, 3.13)	Run uv sync --python 3.13 --all-extras	2026-09-23T05:19:49.6215897Z  + pyproject-hooks==1.2.0
test (ubuntu-latest, 3.13)	Run uv sync --python 3.13 --all-extras	2026-09-23T05:19:49.6216473Z  + pyright==1.1.411
test (ubuntu-latest, 3.13)	Run uv sync --python 3.13 --all-extras	2026-09-23T05:19:49.6216834Z  + pytest==9.1.1
test (ubuntu-latest, 3.13)	Run uv sync --python 3.13 --all-extras	2026-09-23T05:19:49.6217184Z  + pytest-cov==7.1.0
test (ubuntu-latest, 3.13)	Run uv sync --python 3.13 --all-extras	2026-09-23T05:19:49.6217556Z  + pytest-timeout==2.4.0
test (ubuntu-latest, 3.13)	Run uv sync --python 3.13 --all-extras	2026-09-23T05:19:49.6217961Z  + python-discovery==1.5.1
test (ubuntu-latest, 3.13)	Run uv sync --python 3.13 --all-extras	2026-09-23T05:19:49.6218361Z  + python-dotenv==1.2.2
test (ubuntu-latest, 3.13)	Run uv sync --python 3.13 --all-extras	2026-09-23T05:19:49.6218745Z  + pyyaml==6.0.3
test (ubuntu-latest, 3.13)	Run uv sync --python 3.13 --all-extras	2026-09-23T05:19:49.6219112Z  + requests==2.34.2
test (ubuntu-latest, 3.13)	Run uv sync --python 3.13 --all-extras	2026-09-23T05:19:49.6219474Z  + ruff==0.16.1
test (ubuntu-latest, 3.13)	Run uv sync --python 3.13 --all-extras	2026-09-23T05:19:49.6219837Z  + trove-classifiers==2026.6.1.19
test (ubuntu-latest, 3.13)	Run uv sync --python 3.13 --all-extras	2026-09-23T05:19:49.6318632Z  + typing-extensions==4.16.0
test (ubuntu-latest, 3.13)	Run uv sync --python 3.13 --all-extras	2026-09-23T05:19:49.6319158Z  + typing-inspection==0.4.2
test (ubuntu-latest, 3.13)	Run uv sync --python 3.13 --all-extras	2026-09-23T05:19:49.6319622Z  + urllib3==2.7.0
test (ubuntu-latest, 3.13)	Run uv sync --python 3.13 --all-extras	2026-09-23T05:19:49.6320012Z  + virtualenv==21.7.1
test (ubuntu-latest, 3.13)	Run uv run ruff check .	﻿2026-09-23T05:19:49.6362509Z ##[group]Run uv run ruff check .
test (ubuntu-latest, 3.13)	Run uv run ruff check .	2026-09-23T05:19:49.6363228Z ^[[36;1muv run ruff check .^[[0m
test (ubuntu-latest, 3.13)	Run uv run ruff check .	2026-09-23T05:19:49.6411925Z shell: /usr/bin/bash -e {0}
test (ubuntu-latest, 3.13)	Run uv run ruff check .	2026-09-23T05:19:49.6412340Z env:
test (ubuntu-latest, 3.13)	Run uv run ruff check .	2026-09-23T05:19:49.6412802Z   UV_PYTHON_INSTALL_DIR: /home/runner/work/_temp/uv-python-dir
test (ubuntu-latest, 3.13)	Run uv run ruff check .	2026-09-23T05:19:49.6413475Z   UV_CACHE_DIR: /home/runner/work/_temp/setup-uv-cache
test (ubuntu-latest, 3.13)	Run uv run ruff check .	2026-09-23T05:19:49.6413953Z ##[endgroup]
test (ubuntu-latest, 3.13)	Run uv run ruff check .	2026-09-23T05:19:49.7733958Z All checks passed!
test (ubuntu-latest, 3.13)	Run uv run ruff format --check .	﻿2026-09-23T05:19:49.8060782Z ##[group]Run uv run ruff format --check .
test (ubuntu-latest, 3.13)	Run uv run ruff format --check .	2026-09-23T05:19:49.8061164Z ^[[36;1muv run ruff format --check .^[[0m
test (ubuntu-latest, 3.13)	Run uv run ruff format --check .	2026-09-23T05:19:49.8096968Z shell: /usr/bin/bash -e {0}
test (ubuntu-latest, 3.13)	Run uv run ruff format --check .	2026-09-23T05:19:49.8097230Z env:
test (ubuntu-latest, 3.13)	Run uv run ruff format --check .	2026-09-23T05:19:49.8097514Z   UV_PYTHON_INSTALL_DIR: /home/runner/work/_temp/uv-python-dir
test (ubuntu-latest, 3.13)	Run uv run ruff format --check .	2026-09-23T05:19:49.8097925Z   UV_CACHE_DIR: /home/runner/work/_temp/setup-uv-cache
test (ubuntu-latest, 3.13)	Run uv run ruff format --check .	2026-09-23T05:19:49.8098238Z ##[endgroup]
test (ubuntu-latest, 3.13)	Run uv run ruff format --check .	2026-09-23T05:19:49.9145298Z 47 files already formatted
test (ubuntu-latest, 3.13)	Run uv run pyright	﻿2026-09-23T05:19:49.9200130Z ##[group]Run uv run pyright
test (ubuntu-latest, 3.13)	Run uv run pyright	2026-09-23T05:19:49.9200482Z ^[[36;1muv run pyright^[[0m
test (ubuntu-latest, 3.13)	Run uv run pyright	2026-09-23T05:19:49.9241848Z shell: /usr/bin/bash -e {0}
test (ubuntu-latest, 3.13)	Run uv run pyright	2026-09-23T05:19:49.9242256Z env:
test (ubuntu-latest, 3.13)	Run uv run pyright	2026-09-23T05:19:49.9242703Z   UV_PYTHON_INSTALL_DIR: /home/runner/work/_temp/uv-python-dir
test (ubuntu-latest, 3.13)	Run uv run pyright	2026-09-23T05:19:49.9243383Z   UV_CACHE_DIR: /home/runner/work/_temp/setup-uv-cache
test (ubuntu-latest, 3.13)	Run uv run pyright	2026-09-23T05:19:49.9243903Z ##[endgroup]
test (ubuntu-latest, 3.13)	Run uv run pyright	2026-09-23T05:19:53.9248410Z 0 errors, 0 warnings, 0 informations
test (ubuntu-latest, 3.13)	Run uv run pyright	2026-09-23T05:19:53.9528445Z WARNING: there is a new pyright version available (v1.1.411 -> v1.1.414).
test (ubuntu-latest, 3.13)	Run uv run pyright	2026-09-23T05:19:53.9529091Z Please install the new version or set PYRIGHT_PYTHON_FORCE_VERSION to `latest`
test (ubuntu-latest, 3.13)	Run uv run pyright	2026-09-23T05:19:53.9529450Z 
test (ubuntu-latest, 3.13)	Run uv run python -W error::ResourceWarning -m pytest --cov --cov-report=term-missing	﻿2026-09-23T05:19:53.9728046Z ##[group]Run uv run python -W error::ResourceWarning -m pytest --cov --cov-report=term-missing
test (ubuntu-latest, 3.13)	Run uv run python -W error::ResourceWarning -m pytest --cov --cov-report=term-missing	2026-09-23T05:19:53.9729239Z ^[[36;1muv run python -W error::ResourceWarning -m pytest --cov --cov-report=term-missing^[[0m
test (ubuntu-latest, 3.13)	Run uv run python -W error::ResourceWarning -m pytest --cov --cov-report=term-missing	2026-09-23T05:19:53.9765636Z shell: /usr/bin/bash -e {0}
test (ubuntu-latest, 3.13)	Run uv run python -W error::ResourceWarning -m pytest --cov --cov-report=term-missing	2026-09-23T05:19:53.9765888Z env:
test (ubuntu-latest, 3.13)	Run uv run python -W error::ResourceWarning -m pytest --cov --cov-report=term-missing	2026-09-23T05:19:53.9766179Z   UV_PYTHON_INSTALL_DIR: /home/runner/work/_temp/uv-python-dir
test (ubuntu-latest, 3.13)	Run uv run python -W error::ResourceWarning -m pytest --cov --cov-report=term-missing	2026-09-23T05:19:53.9766825Z   UV_CACHE_DIR: /home/runner/work/_temp/setup-uv-cache
test (ubuntu-latest, 3.13)	Run uv run python -W error::ResourceWarning -m pytest --cov --cov-report=term-missing	2026-09-23T05:19:53.9767133Z ##[endgroup]
test (ubuntu-latest, 3.13)	Run uv run python -W error::ResourceWarning -m pytest --cov --cov-report=term-missing	2026-09-23T05:19:55.1422852Z ============================= test session starts ==============================
test (ubuntu-latest, 3.13)	Run uv run python -W error::ResourceWarning -m pytest --cov --cov-report=term-missing	2026-09-23T05:19:55.1423725Z platform linux -- Python 3.13.14, pytest-9.1.1, pluggy-1.6.0
test (ubuntu-latest, 3.13)	Run uv run python -W error::ResourceWarning -m pytest --cov --cov-report=term-missing	2026-09-23T05:19:55.1424447Z rootdir: /home/runner/work/predictor-ops/predictor-ops
test (ubuntu-latest, 3.13)	Run uv run python -W error::ResourceWarning -m pytest --cov --cov-report=term-missing	2026-09-23T05:19:55.1425068Z configfile: pyproject.toml
test (ubuntu-latest, 3.13)	Run uv run python -W error::ResourceWarning -m pytest --cov --cov-report=term-missing	2026-09-23T05:19:55.1425511Z testpaths: tests_v2
test (ubuntu-latest, 3.13)	Run uv run python -W error::ResourceWarning -m pytest --cov --cov-report=term-missing	2026-09-23T05:19:55.1425927Z plugins: cov-7.1.0, timeout-2.4.0
test (ubuntu-latest, 3.13)	Run uv run python -W error::ResourceWarning -m pytest --cov --cov-report=term-missing	2026-09-23T05:19:55.1426675Z timeout: 30.0s
test (ubuntu-latest, 3.13)	Run uv run python -W error::ResourceWarning -m pytest --cov --cov-report=term-missing	2026-09-23T05:19:55.1427156Z timeout method: signal
test (ubuntu-latest, 3.13)	Run uv run python -W error::ResourceWarning -m pytest --cov --cov-report=term-missing	2026-09-23T05:19:55.1427610Z timeout func_only: False
test (ubuntu-latest, 3.13)	Run uv run python -W error::ResourceWarning -m pytest --cov --cov-report=term-missing	2026-09-23T05:19:55.1428046Z collected 87 items
test (ubuntu-latest, 3.13)	Run uv run python -W error::ResourceWarning -m pytest --cov --cov-report=term-missing	2026-09-23T05:19:55.1428292Z 
test (ubuntu-latest, 3.13)	Run uv run python -W error::ResourceWarning -m pytest --cov --cov-report=term-missing	2026-09-23T05:19:55.1533540Z tests_v2/test_architecture_safety.py ........                            [  9%]
test (ubuntu-latest, 3.13)	Run uv run python -W error::ResourceWarning -m pytest --cov --cov-report=term-missing	2026-09-23T05:19:55.7543994Z tests_v2/test_cli.py ......                                              [ 16%]
test (ubuntu-latest, 3.13)	Run uv run python -W error::ResourceWarning -m pytest --cov --cov-report=term-missing	2026-09-23T05:19:55.7689885Z tests_v2/test_health.py ........                                         [ 25%]
test (ubuntu-latest, 3.13)	Run uv run python -W error::ResourceWarning -m pytest --cov --cov-report=term-missing	2026-09-23T05:19:55.7763238Z tests_v2/test_models_config.py .....                                     [ 31%]
test (ubuntu-latest, 3.13)	Run uv run python -W error::ResourceWarning -m pytest --cov --cov-report=term-missing	2026-09-23T05:19:56.0236236Z tests_v2/test_operational_safety.py ......                               [ 37%]
test (ubuntu-latest, 3.13)	Run uv run python -W error::ResourceWarning -m pytest --cov --cov-report=term-missing	2026-09-23T05:19:58.0066130Z tests_v2/test_process_cleanup.py ........                                [ 47%]
test (ubuntu-latest, 3.13)	Run uv run python -W error::ResourceWarning -m pytest --cov --cov-report=term-missing	2026-09-23T05:19:59.5612318Z tests_v2/test_process_tree.py .                                          [ 48%]
test (ubuntu-latest, 3.13)	Run uv run python -W error::ResourceWarning -m pytest --cov --cov-report=term-missing	2026-09-23T05:20:04.9069663Z tests_v2/test_provenance.py ......                                       [ 55%]
test (ubuntu-latest, 3.13)	Run uv run python -W error::ResourceWarning -m pytest --cov --cov-report=term-missing	2026-09-23T05:20:04.9506545Z tests_v2/test_redaction_adversarial.py ....                              [ 59%]
test (ubuntu-latest, 3.13)	Run uv run python -W error::ResourceWarning -m pytest --cov --cov-report=term-missing	2026-09-23T05:20:05.5202556Z tests_v2/test_runner.py .......                                          [ 67%]
test (ubuntu-latest, 3.13)	Run uv run python -W error::ResourceWarning -m pytest --cov --cov-report=term-missing	2026-09-23T05:20:05.6870103Z tests_v2/test_runner_extended.py ......                                  [ 74%]
test (ubuntu-latest, 3.13)	Run uv run python -W error::ResourceWarning -m pytest --cov --cov-report=term-missing	2026-09-23T05:20:06.4639863Z tests_v2/test_runtime.py .....                                           [ 80%]
test (ubuntu-latest, 3.13)	Run uv run python -W error::ResourceWarning -m pytest --cov --cov-report=term-missing	2026-09-23T05:20:06.6948398Z tests_v2/test_stabilization.py ...........                               [ 93%]
test (ubuntu-latest, 3.13)	Run uv run python -W error::ResourceWarning -m pytest --cov --cov-report=term-missing	2026-09-23T05:20:06.6976013Z tests_v2/test_version_contract.py .                                      [ 94%]
test (ubuntu-latest, 3.13)	Run uv run python -W error::ResourceWarning -m pytest --cov --cov-report=term-missing	2026-09-23T05:20:06.8563304Z tests_v2/test_windows_adapter.py .....                                   [100%]
test (ubuntu-latest, 3.13)	Run uv run python -W error::ResourceWarning -m pytest --cov --cov-report=term-missing	2026-09-23T05:20:06.8564105Z 
test (ubuntu-latest, 3.13)	Run uv run python -W error::ResourceWarning -m pytest --cov --cov-report=term-missing	2026-09-23T05:20:06.8564441Z ================================ tests coverage ================================
test (ubuntu-latest, 3.13)	Run uv run python -W error::ResourceWarning -m pytest --cov --cov-report=term-missing	2026-09-23T05:20:06.8565417Z _______________ coverage: platform linux, python 3.13.14-final-0 _______________
test (ubuntu-latest, 3.13)	Run uv run python -W error::ResourceWarning -m pytest --cov --cov-report=term-missing	2026-09-23T05:20:06.8565859Z 
test (ubuntu-latest, 3.13)	Run uv run python -W error::ResourceWarning -m pytest --cov --cov-report=term-missing	2026-09-23T05:20:06.8566069Z Name                                 Stmts   Miss Branch BrPart  Cover   Missing
test (ubuntu-latest, 3.13)	Run uv run python -W error::ResourceWarning -m pytest --cov --cov-report=term-missing	2026-09-23T05:20:06.8569258Z --------------------------------------------------------------------------------
test (ubuntu-latest, 3.13)	Run uv run python -W error::ResourceWarning -m pytest --cov --cov-report=term-missing	2026-09-23T05:20:06.8569905Z src/predictor_ops/__init__.py            9      2      0      0    78%   7-8
test (ubuntu-latest, 3.13)	Run uv run python -W error::ResourceWarning -m pytest --cov --cov-report=term-missing	2026-09-23T05:20:06.8570527Z src/predictor_ops/cli.py                64      3     16      3    92%   51, 56, 75
test (ubuntu-latest, 3.13)	Run uv run python -W error::ResourceWarning -m pytest --cov --cov-report=term-missing	2026-09-23T05:20:06.8571074Z src/predictor_ops/config.py             30      4      2      1    84%   35, 38-40
test (ubuntu-latest, 3.13)	Run uv run python -W error::ResourceWarning -m pytest --cov --cov-report=term-missing	2026-09-23T05:20:06.8571621Z src/predictor_ops/health.py             46      2     12      0    97%   44-45
test (ubuntu-latest, 3.13)	Run uv run python -W error::ResourceWarning -m pytest --cov --cov-report=term-missing	2026-09-23T05:20:06.8572209Z src/predictor_ops/models.py            148      8     26      5    91%   54, 97, 99, 141, 147-149, 163
test (ubuntu-latest, 3.13)	Run uv run python -W error::ResourceWarning -m pytest --cov --cov-report=term-missing	2026-09-23T05:20:06.8572849Z src/predictor_ops/observability.py      43     14      8      3    67%   19->21, 26-28, 46-56
test (ubuntu-latest, 3.13)	Run uv run python -W error::ResourceWarning -m pytest --cov --cov-report=term-missing	2026-09-23T05:20:06.8573432Z src/predictor_ops/operations.py         60      0     26      0   100%
test (ubuntu-latest, 3.13)	Run uv run python -W error::ResourceWarning -m pytest --cov --cov-report=term-missing	2026-09-23T05:20:06.8574300Z src/predictor_ops/processes.py          77     77     30      0     0%   3-142
test (ubuntu-latest, 3.13)	Run uv run python -W error::ResourceWarning -m pytest --cov --cov-report=term-missing	2026-09-23T05:20:06.8574903Z src/predictor_ops/provenance.py         82      8     30      2    89%   20-21, 27-28, 29->31, 51-53, 67
test (ubuntu-latest, 3.13)	Run uv run python -W error::ResourceWarning -m pytest --cov --cov-report=term-missing	2026-09-23T05:20:06.8575489Z src/predictor_ops/redaction.py          42      0     12      0   100%
test (ubuntu-latest, 3.13)	Run uv run python -W error::ResourceWarning -m pytest --cov --cov-report=term-missing	2026-09-23T05:20:06.8576544Z src/predictor_ops/runner.py            221     31     64     10    85%   40-42, 44-47, 86-87, 92, 111, 117-118, 120, 195-196, 197->209, 245, 253-263, 282->291, 335-336, 343-344
test (ubuntu-latest, 3.13)	Run uv run python -W error::ResourceWarning -m pytest --cov --cov-report=term-missing	2026-09-23T05:20:06.8577517Z src/predictor_ops/runtime.py           164     31     32      8    77%   33-35, 41-44, 50-52, 87-89, 105, 111, 119, 140-141, 178-183, 188-195, 201-202, 211
test (ubuntu-latest, 3.13)	Run uv run python -W error::ResourceWarning -m pytest --cov --cov-report=term-missing	2026-09-23T05:20:06.8578224Z src/predictor_ops/windows.py            49      0     14      0   100%
test (ubuntu-latest, 3.13)	Run uv run python -W error::ResourceWarning -m pytest --cov --cov-report=term-missing	2026-09-23T05:20:06.8578728Z --------------------------------------------------------------------------------
test (ubuntu-latest, 3.13)	Run uv run python -W error::ResourceWarning -m pytest --cov --cov-report=term-missing	2026-09-23T05:20:06.8579183Z TOTAL                                 1035    180    272     32    81%
test (ubuntu-latest, 3.13)	Run uv run python -W error::ResourceWarning -m pytest --cov --cov-report=term-missing	2026-09-23T05:20:06.8579632Z Required test coverage of 80.0% reached. Total coverage: 80.57%
test (ubuntu-latest, 3.13)	Run uv run python -W error::ResourceWarning -m pytest --cov --cov-report=term-missing	2026-09-23T05:20:06.8580092Z ============================= 87 passed in 12.22s ==============================
test (ubuntu-latest, 3.13)	Run uv run python -W error::ResourceWarning -m pytest posix_integration -q	﻿2026-09-23T05:20:06.9073605Z ##[group]Run uv run python -W error::ResourceWarning -m pytest posix_integration -q
test (ubuntu-latest, 3.13)	Run uv run python -W error::ResourceWarning -m pytest posix_integration -q	2026-09-23T05:20:06.9074405Z ^[[36;1muv run python -W error::ResourceWarning -m pytest posix_integration -q^[[0m
test (ubuntu-latest, 3.13)	Run uv run python -W error::ResourceWarning -m pytest posix_integration -q	2026-09-23T05:20:06.9111333Z shell: /usr/bin/bash -e {0}
test (ubuntu-latest, 3.13)	Run uv run python -W error::ResourceWarning -m pytest posix_integration -q	2026-09-23T05:20:06.9111586Z env:
test (ubuntu-latest, 3.13)	Run uv run python -W error::ResourceWarning -m pytest posix_integration -q	2026-09-23T05:20:06.9111868Z   UV_PYTHON_INSTALL_DIR: /home/runner/work/_temp/uv-python-dir
test (ubuntu-latest, 3.13)	Run uv run python -W error::ResourceWarning -m pytest posix_integration -q	2026-09-23T05:20:06.9112270Z   UV_CACHE_DIR: /home/runner/work/_temp/setup-uv-cache
test (ubuntu-latest, 3.13)	Run uv run python -W error::ResourceWarning -m pytest posix_integration -q	2026-09-23T05:20:06.9112577Z ##[endgroup]
test (ubuntu-latest, 3.13)	Run uv run python -W error::ResourceWarning -m pytest posix_integration -q	2026-09-23T05:20:07.3537359Z .                                                                        [100%]
test (ubuntu-latest, 3.13)	Run uv run python -W error::ResourceWarning -m pytest posix_integration -q	2026-09-23T05:20:07.3537866Z 1 passed in 0.28s
test (ubuntu-latest, 3.13)	Run uvx pip-audit	﻿2026-09-23T05:20:07.3777290Z ##[group]Run uvx pip-audit
test (ubuntu-latest, 3.13)	Run uvx pip-audit	2026-09-23T05:20:07.3777643Z ^[[36;1muvx pip-audit^[[0m
test (ubuntu-latest, 3.13)	Run uvx pip-audit	2026-09-23T05:20:07.3814226Z shell: /usr/bin/bash -e {0}
test (ubuntu-latest, 3.13)	Run uvx pip-audit	2026-09-23T05:20:07.3814486Z env:
test (ubuntu-latest, 3.13)	Run uvx pip-audit	2026-09-23T05:20:07.3814778Z   UV_PYTHON_INSTALL_DIR: /home/runner/work/_temp/uv-python-dir
test (ubuntu-latest, 3.13)	Run uvx pip-audit	2026-09-23T05:20:07.3815184Z   UV_CACHE_DIR: /home/runner/work/_temp/setup-uv-cache
test (ubuntu-latest, 3.13)	Run uvx pip-audit	2026-09-23T05:20:07.3815504Z ##[endgroup]
test (ubuntu-latest, 3.13)	Run uvx pip-audit	2026-09-23T05:20:07.8562138Z Downloading pygments (1.2MiB)
test (ubuntu-latest, 3.13)	Run uvx pip-audit	2026-09-23T05:20:07.8564144Z Downloading pip (1.7MiB)
test (ubuntu-latest, 3.13)	Run uvx pip-audit	2026-09-23T05:20:08.0224594Z  Downloaded pygments
test (ubuntu-latest, 3.13)	Run uvx pip-audit	2026-09-23T05:20:08.0397952Z  Downloaded pip
test (ubuntu-latest, 3.13)	Run uvx pip-audit	2026-09-23T05:20:08.0652628Z Installed 28 packages in 25ms
test (ubuntu-latest, 3.13)	Run uvx pip-audit	2026-09-23T05:20:09.6479416Z No known vulnerabilities found
test (ubuntu-latest, 3.13)	Run uvx detect-secrets scan --only-verified --all-files --exclude-files 'uv.lock|dist/|.git/|.venv/' > /tmp/secrets.json	﻿2026-09-23T05:20:09.6960458Z ##[group]Run uvx detect-secrets scan --only-verified --all-files --exclude-files 'uv.lock|dist/|.git/|.venv/' > /tmp/secrets.json
test (ubuntu-latest, 3.13)	Run uvx detect-secrets scan --only-verified --all-files --exclude-files 'uv.lock|dist/|.git/|.venv/' > /tmp/secrets.json	2026-09-23T05:20:09.6961383Z ^[[36;1muvx detect-secrets scan --only-verified --all-files --exclude-files 'uv.lock|dist/|.git/|.venv/' > /tmp/secrets.json^[[0m
test (ubuntu-latest, 3.13)	Run uvx detect-secrets scan --only-verified --all-files --exclude-files 'uv.lock|dist/|.git/|.venv/' > /tmp/secrets.json	2026-09-23T05:20:09.6962213Z ^[[36;1muv run python -c "import json; data=json.load(open('/tmp/secrets.json')); assert not data['results'], data['results']"^[[0m
test (ubuntu-latest, 3.13)	Run uvx detect-secrets scan --only-verified --all-files --exclude-files 'uv.lock|dist/|.git/|.venv/' > /tmp/secrets.json	2026-09-23T05:20:09.7001023Z shell: /usr/bin/bash --noprofile --norc -e -o pipefail {0}
test (ubuntu-latest, 3.13)	Run uvx detect-secrets scan --only-verified --all-files --exclude-files 'uv.lock|dist/|.git/|.venv/' > /tmp/secrets.json	2026-09-23T05:20:09.7001382Z env:
test (ubuntu-latest, 3.13)	Run uvx detect-secrets scan --only-verified --all-files --exclude-files 'uv.lock|dist/|.git/|.venv/' > /tmp/secrets.json	2026-09-23T05:20:09.7001686Z   UV_PYTHON_INSTALL_DIR: /home/runner/work/_temp/uv-python-dir
test (ubuntu-latest, 3.13)	Run uvx detect-secrets scan --only-verified --all-files --exclude-files 'uv.lock|dist/|.git/|.venv/' > /tmp/secrets.json	2026-09-23T05:20:09.7002102Z   UV_CACHE_DIR: /home/runner/work/_temp/setup-uv-cache
test (ubuntu-latest, 3.13)	Run uvx detect-secrets scan --only-verified --all-files --exclude-files 'uv.lock|dist/|.git/|.venv/' > /tmp/secrets.json	2026-09-23T05:20:09.7002407Z ##[endgroup]
test (ubuntu-latest, 3.13)	Run uvx detect-secrets scan --only-verified --all-files --exclude-files 'uv.lock|dist/|.git/|.venv/' > /tmp/secrets.json	2026-09-23T05:20:09.9913358Z Installed 7 packages in 4ms
test (ubuntu-latest, 3.13)	Run uv build	﻿2026-09-23T05:20:12.1241903Z ##[group]Run uv build
test (ubuntu-latest, 3.13)	Run uv build	2026-09-23T05:20:12.1242192Z ^[[36;1muv build^[[0m
test (ubuntu-latest, 3.13)	Run uv build	2026-09-23T05:20:12.1278122Z shell: /usr/bin/bash -e {0}
test (ubuntu-latest, 3.13)	Run uv build	2026-09-23T05:20:12.1278386Z env:
test (ubuntu-latest, 3.13)	Run uv build	2026-09-23T05:20:12.1278674Z   UV_PYTHON_INSTALL_DIR: /home/runner/work/_temp/uv-python-dir
test (ubuntu-latest, 3.13)	Run uv build	2026-09-23T05:20:12.1279086Z   UV_CACHE_DIR: /home/runner/work/_temp/setup-uv-cache
test (ubuntu-latest, 3.13)	Run uv build	2026-09-23T05:20:12.1279392Z ##[endgroup]
test (ubuntu-latest, 3.13)	Run uv build	2026-09-23T05:20:12.1455088Z Building source distribution...
test (ubuntu-latest, 3.13)	Run uv build	2026-09-23T05:20:12.4463532Z Building wheel from source distribution...
test (ubuntu-latest, 3.13)	Run uv build	2026-09-23T05:20:12.7065449Z Successfully built dist/predictor_ops-4.2.1.tar.gz
test (ubuntu-latest, 3.13)	Run uv build	2026-09-23T05:20:12.7066615Z Successfully built dist/predictor_ops-4.2.1-py3-none-any.whl
test (ubuntu-latest, 3.13)	Run isolated="$(mktemp -d)"	﻿2026-09-23T05:20:12.7128555Z ##[group]Run isolated="$(mktemp -d)"
test (ubuntu-latest, 3.13)	Run isolated="$(mktemp -d)"	2026-09-23T05:20:12.7129159Z ^[[36;1misolated="$(mktemp -d)"^[[0m
test (ubuntu-latest, 3.13)	Run isolated="$(mktemp -d)"	2026-09-23T05:20:12.7129741Z ^[[36;1muv venv "$isolated/venv" --python "3.13"^[[0m
test (ubuntu-latest, 3.13)	Run isolated="$(mktemp -d)"	2026-09-23T05:20:12.7130443Z ^[[36;1muv pip install --python "$isolated/venv" dist/*.whl^[[0m
test (ubuntu-latest, 3.13)	Run isolated="$(mktemp -d)"	2026-09-23T05:20:12.7131311Z ^[[36;1mcp scripts/validate_installed.py "$isolated/validate_installed.py"^[[0m
test (ubuntu-latest, 3.13)	Run isolated="$(mktemp -d)"	2026-09-23T05:20:12.7132053Z ^[[36;1mcd "$isolated"^[[0m
test (ubuntu-latest, 3.13)	Run isolated="$(mktemp -d)"	2026-09-23T05:20:12.7132569Z ^[[36;1m"$isolated/venv/bin/predictor-ops" --version^[[0m
test (ubuntu-latest, 3.13)	Run isolated="$(mktemp -d)"	2026-09-23T05:20:12.7133262Z ^[[36;1m"$isolated/venv/bin/python" validate_installed.py^[[0m
test (ubuntu-latest, 3.13)	Run isolated="$(mktemp -d)"	2026-09-23T05:20:12.7186049Z shell: /usr/bin/bash --noprofile --norc -e -o pipefail {0}
test (ubuntu-latest, 3.13)	Run isolated="$(mktemp -d)"	2026-09-23T05:20:12.7186925Z env:
test (ubuntu-latest, 3.13)	Run isolated="$(mktemp -d)"	2026-09-23T05:20:12.7187416Z   UV_PYTHON_INSTALL_DIR: /home/runner/work/_temp/uv-python-dir
test (ubuntu-latest, 3.13)	Run isolated="$(mktemp -d)"	2026-09-23T05:20:12.7188136Z   UV_CACHE_DIR: /home/runner/work/_temp/setup-uv-cache
test (ubuntu-latest, 3.13)	Run isolated="$(mktemp -d)"	2026-09-23T05:20:12.7188685Z ##[endgroup]
test (ubuntu-latest, 3.13)	Run isolated="$(mktemp -d)"	2026-09-23T05:20:12.7490207Z Using CPython 3.13.14
test (ubuntu-latest, 3.13)	Run isolated="$(mktemp -d)"	2026-09-23T05:20:12.7490879Z Creating virtual environment at: /tmp/tmp.4H2CXaWluH/venv
test (ubuntu-latest, 3.13)	Run isolated="$(mktemp -d)"	2026-09-23T05:20:12.7498249Z Activate with: /tmp/tmp.4H2CXaWluH/venv/bin/activate
test (ubuntu-latest, 3.13)	Run isolated="$(mktemp -d)"	2026-09-23T05:20:12.7988305Z Using Python 3.13.14 environment at: /tmp/tmp.4H2CXaWluH/venv
test (ubuntu-latest, 3.13)	Run isolated="$(mktemp -d)"	2026-09-23T05:20:13.1559762Z Resolved 8 packages in 356ms
test (ubuntu-latest, 3.13)	Run isolated="$(mktemp -d)"	2026-09-23T05:20:13.1949908Z Downloading pydantic-core (2.0MiB)
test (ubuntu-latest, 3.13)	Run isolated="$(mktemp -d)"	2026-09-23T05:20:13.3372268Z  Downloaded pydantic-core
test (ubuntu-latest, 3.13)	Run isolated="$(mktemp -d)"	2026-09-23T05:20:13.3375465Z Prepared 6 packages in 181ms
test (ubuntu-latest, 3.13)	Run isolated="$(mktemp -d)"	2026-09-23T05:20:13.3409843Z Installed 8 packages in 3ms
test (ubuntu-latest, 3.13)	Run isolated="$(mktemp -d)"	2026-09-23T05:20:13.3410347Z  + annotated-types==0.8.0
test (ubuntu-latest, 3.13)	Run isolated="$(mktemp -d)"	2026-09-23T05:20:13.3411669Z  + predictor-ops==4.2.1 (from file:///home/runner/work/predictor-ops/predictor-ops/dist/predictor_ops-4.2.1-py3-none-any.whl)
test (ubuntu-latest, 3.13)	Run isolated="$(mktemp -d)"	2026-09-23T05:20:13.3412763Z  + pydantic==2.13.5
test (ubuntu-latest, 3.13)	Run isolated="$(mktemp -d)"	2026-09-23T05:20:13.3413160Z  + pydantic-core==2.46.5
test (ubuntu-latest, 3.13)	Run isolated="$(mktemp -d)"	2026-09-23T05:20:13.3413576Z  + pydantic-settings==2.15.0
test (ubuntu-latest, 3.13)	Run isolated="$(mktemp -d)"	2026-09-23T05:20:13.3413999Z  + python-dotenv==1.2.3
test (ubuntu-latest, 3.13)	Run isolated="$(mktemp -d)"	2026-09-23T05:20:13.3414380Z  + typing-extensions==4.16.0
test (ubuntu-latest, 3.13)	Run isolated="$(mktemp -d)"	2026-09-23T05:20:13.3414838Z  + typing-inspection==0.4.4
test (ubuntu-latest, 3.13)	Run isolated="$(mktemp -d)"	2026-09-23T05:20:13.6171933Z predictor-ops 4.2.1
test (ubuntu-latest, 3.13)	Run isolated="$(mktemp -d)"	2026-09-23T05:20:13.7870806Z {"duration_ms": 28, "event": "job_finished", "job_id": "success", "level": "INFO", "run_id": "3f68ed51e8e14612a0bc17e6d961e66f", "run_status": "SUCCEEDED", "service": "predictor_ops", "timestamp": "2026-09-23T05:20:13.786728Z"}
test (ubuntu-latest, 3.13)	Run isolated="$(mktemp -d)"	2026-09-23T05:20:13.8203734Z {"duration_ms": 31, "event": "job_finished", "job_id": "partial", "level": "INFO", "run_id": "720448a1cc7d4def8112ab0c02f3f74c", "run_status": "PARTIAL", "service": "predictor_ops", "timestamp": "2026-09-23T05:20:13.820132Z"}
test (ubuntu-latest, 3.13)	Run isolated="$(mktemp -d)"	2026-09-23T05:20:13.8471237Z {"duration_ms": 25, "event": "job_finished", "job_id": "failure", "level": "INFO", "run_id": "5189a243910849159a9837d7ab39121f", "run_status": "FAILED", "service": "predictor_ops", "timestamp": "2026-09-23T05:20:13.846848Z"}
test (ubuntu-latest, 3.13)	Run isolated="$(mktemp -d)"	2026-09-23T05:20:14.0643857Z {"duration_ms": 215, "event": "job_finished", "job_id": "timeout", "level": "INFO", "run_id": "1539191574574791a261e19ebe605ddc", "run_status": "FAILED", "service": "predictor_ops", "timestamp": "2026-09-23T05:20:14.064111Z"}
test (ubuntu-latest, 3.13)	Run isolated="$(mktemp -d)"	2026-09-23T05:20:14.0709876Z {"duration_ms": 5, "event": "job_finished", "job_id": "interruption", "level": "INFO", "run_id": "e75bb16d47674337825393ce65ef21c9", "run_status": "FAILED", "service": "predictor_ops", "timestamp": "2026-09-23T05:20:14.070729Z"}
test (ubuntu-latest, 3.13)	Run isolated="$(mktemp -d)"	2026-09-23T05:20:14.1775604Z {"duration_ms": 104, "event": "job_finished", "job_id": "reuse", "level": "INFO", "run_id": "818e83a0e6d849abb7362d9cc0a24d8d", "run_status": "SUCCEEDED", "service": "predictor_ops", "timestamp": "2026-09-23T05:20:14.177290Z"}
test (ubuntu-latest, 3.13)	Run isolated="$(mktemp -d)"	2026-09-23T05:20:14.2838097Z {"duration_ms": 104, "event": "job_finished", "job_id": "reuse", "level": "INFO", "run_id": "17d314dde64e449b96b39452518f6cae", "run_status": "SUCCEEDED", "service": "predictor_ops", "timestamp": "2026-09-23T05:20:14.283535Z"}
test (ubuntu-latest, 3.13)	Run isolated="$(mktemp -d)"	2026-09-23T05:20:14.2849043Z {"identity": {"identity_status": "VALIDATED", "kind": "wheel", "mode": "strict", "verified_files": 22, "version": "4.2.1"}, "module": "/tmp/tmp.4H2CXaWluH/venv/lib/python3.13/site-packages/predictor_ops/__init__.py", "results": [{"case": "success", "exit_code": 0, "status": "SUCCEEDED"}, {"case": "partial", "exit_code": 2, "status": "PARTIAL"}, {"case": "failure", "exit_code": 9, "status": "FAILED"}, {"case": "timeout", "exit_code": 124, "status": "FAILED"}, {"case": "interruption", "exit_code": 130, "status": "FAILED"}], "version": "4.2.1"}
test (ubuntu-latest, 3.13)	Post Run astral-sh/setup-uv@v7	﻿2026-09-23T05:20:14.3168437Z Post job cleanup.
test (ubuntu-latest, 3.13)	Post Run astral-sh/setup-uv@v7	2026-09-23T05:20:14.4300913Z UV_CACHE_DIR is already set to /home/runner/work/_temp/setup-uv-cache
test (ubuntu-latest, 3.13)	Post Run astral-sh/setup-uv@v7	2026-09-23T05:20:14.4306987Z UV_PYTHON_INSTALL_DIR is already set to /home/runner/work/_temp/uv-python-dir
test (ubuntu-latest, 3.13)	Post Run astral-sh/setup-uv@v7	2026-09-23T05:20:14.4316860Z Pruning cache...
test (ubuntu-latest, 3.13)	Post Run astral-sh/setup-uv@v7	2026-09-23T05:20:14.4333099Z [command]/opt/hostedtoolcache/uv/0.12.1/x86_64/uv cache prune --ci --force
test (ubuntu-latest, 3.13)	Post Run astral-sh/setup-uv@v7	2026-09-23T05:20:14.4504130Z Pruning cache at: /home/runner/work/_temp/setup-uv-cache
test (ubuntu-latest, 3.13)	Post Run astral-sh/setup-uv@v7	2026-09-23T05:20:14.7254735Z Removed 11923 files (141.5MiB)
test (ubuntu-latest, 3.13)	Post Run astral-sh/setup-uv@v7	2026-09-23T05:20:14.7283890Z Including uv cache path: /home/runner/work/_temp/setup-uv-cache
test (ubuntu-latest, 3.13)	Post Run astral-sh/setup-uv@v7	2026-09-23T05:20:14.7429995Z [command]/usr/bin/tar --posix -cf cache.tzst --exclude cache.tzst -P -C /home/runner/work/predictor-ops/predictor-ops --files-from manifest.txt --use-compress-program zstdmt
test (ubuntu-latest, 3.13)	Post Run astral-sh/setup-uv@v7	2026-09-23T05:20:15.0298539Z ##[warning]Failed to save: Unable to reserve cache with key setup-uv-2-x86_64-unknown-linux-gnu-ubuntu-24.04-unknown-pruned-e20cb2d377334e7f554ea4b028fd10820536efb5539679bb34c378c6d23c0c07, another job may be creating this cache.
test (ubuntu-latest, 3.13)	Post Run astral-sh/setup-uv@v7	2026-09-23T05:20:15.0308791Z uv cache saved with key: setup-uv-2-x86_64-unknown-linux-gnu-ubuntu-24.04-unknown-pruned-e20cb2d377334e7f554ea4b028fd10820536efb5539679bb34c378c6d23c0c07
test (ubuntu-latest, 3.13)	Post Run actions/checkout@v7	﻿2026-09-23T05:20:15.0917180Z Post job cleanup.
test (ubuntu-latest, 3.13)	Post Run actions/checkout@v7	2026-09-23T05:20:15.1756997Z [command]/usr/bin/git version
test (ubuntu-latest, 3.13)	Post Run actions/checkout@v7	2026-09-23T05:20:15.1790553Z git version 2.55.0
test (ubuntu-latest, 3.13)	Post Run actions/checkout@v7	2026-09-23T05:20:15.1838952Z Temporarily overriding HOME='/home/runner/work/_temp/422f7e41-f738-4fc0-a8e4-3cc3a1eebde5' before making global git config changes
test (ubuntu-latest, 3.13)	Post Run actions/checkout@v7	2026-09-23T05:20:15.1840374Z Adding repository directory to the temporary git global config as a safe directory
test (ubuntu-latest, 3.13)	Post Run actions/checkout@v7	2026-09-23T05:20:15.1844622Z [command]/usr/bin/git config --global --add safe.directory /home/runner/work/predictor-ops/predictor-ops
test (ubuntu-latest, 3.13)	Post Run actions/checkout@v7	2026-09-23T05:20:15.1876782Z Removing SSH command configuration
test (ubuntu-latest, 3.13)	Post Run actions/checkout@v7	2026-09-23T05:20:15.1883557Z [command]/usr/bin/git config --local --name-only --get-regexp core\.sshCommand
test (ubuntu-latest, 3.13)	Post Run actions/checkout@v7	2026-09-23T05:20:15.1919093Z [command]/usr/bin/git submodule foreach --recursive sh -c "git config --local --name-only --get-regexp 'core\.sshCommand' && git config --local --unset-all 'core.sshCommand' || :"
test (ubuntu-latest, 3.13)	Post Run actions/checkout@v7	2026-09-23T05:20:15.2169095Z Removing HTTP extra header
test (ubuntu-latest, 3.13)	Post Run actions/checkout@v7	2026-09-23T05:20:15.2175553Z [command]/usr/bin/git config --local --name-only --get-regexp http\.https\:\/\/github\.com\/\.extraheader
test (ubuntu-latest, 3.13)	Post Run actions/checkout@v7	2026-09-23T05:20:15.2212730Z [command]/usr/bin/git submodule foreach --recursive sh -c "git config --local --name-only --get-regexp 'http\.https\:\/\/github\.com\/\.extraheader' && git config --local --unset-all 'http.https://github.com/.extraheader' || :"
test (ubuntu-latest, 3.13)	Post Run actions/checkout@v7	2026-09-23T05:20:15.2491902Z Removing includeIf entries pointing to credentials config files
test (ubuntu-latest, 3.13)	Post Run actions/checkout@v7	2026-09-23T05:20:15.2500330Z [command]/usr/bin/git config --local --name-only --get-regexp ^includeIf\.gitdir:
test (ubuntu-latest, 3.13)	Post Run actions/checkout@v7	2026-09-23T05:20:15.2540315Z includeif.gitdir:/home/runner/work/predictor-ops/predictor-ops/.git.path
test (ubuntu-latest, 3.13)	Post Run actions/checkout@v7	2026-09-23T05:20:15.2548901Z includeif.gitdir:/home/runner/work/predictor-ops/predictor-ops/.git/worktrees/*.path
test (ubuntu-latest, 3.13)	Post Run actions/checkout@v7	2026-09-23T05:20:15.2550367Z includeif.gitdir:/github/workspace/.git.path
test (ubuntu-latest, 3.13)	Post Run actions/checkout@v7	2026-09-23T05:20:15.2551294Z includeif.gitdir:/github/workspace/.git/worktrees/*.path
test (ubuntu-latest, 3.13)	Post Run actions/checkout@v7	2026-09-23T05:20:15.2553634Z [command]/usr/bin/git config --local --get-all includeif.gitdir:/home/runner/work/predictor-ops/predictor-ops/.git.path
test (ubuntu-latest, 3.13)	Post Run actions/checkout@v7	2026-09-23T05:20:15.2578939Z /home/runner/work/_temp/git-credentials-39ef74cc-691a-433d-b144-316bd4671f07.config
test (ubuntu-latest, 3.13)	Post Run actions/checkout@v7	2026-09-23T05:20:15.2592236Z [command]/usr/bin/git config --local --unset includeif.gitdir:/home/runner/work/predictor-ops/predictor-ops/.git.path \/home\/runner\/work\/_temp\/git\-credentials\-39ef74cc\-691a\-433d\-b144\-316bd4671f07\.config
test (ubuntu-latest, 3.13)	Post Run actions/checkout@v7	2026-09-23T05:20:15.2637609Z [command]/usr/bin/git config --local --get-all includeif.gitdir:/home/runner/work/predictor-ops/predictor-ops/.git/worktrees/*.path
test (ubuntu-latest, 3.13)	Post Run actions/checkout@v7	2026-09-23T05:20:15.2668586Z /home/runner/work/_temp/git-credentials-39ef74cc-691a-433d-b144-316bd4671f07.config
test (ubuntu-latest, 3.13)	Post Run actions/checkout@v7	2026-09-23T05:20:15.2682213Z [command]/usr/bin/git config --local --unset includeif.gitdir:/home/runner/work/predictor-ops/predictor-ops/.git/worktrees/*.path \/home\/runner\/work\/_temp\/git\-credentials\-39ef74cc\-691a\-433d\-b144\-316bd4671f07\.config
test (ubuntu-latest, 3.13)	Post Run actions/checkout@v7	2026-09-23T05:20:15.2732195Z [command]/usr/bin/git config --local --get-all includeif.gitdir:/github/workspace/.git.path
test (ubuntu-latest, 3.13)	Post Run actions/checkout@v7	2026-09-23T05:20:15.2759935Z /github/runner_temp/git-credentials-39ef74cc-691a-433d-b144-316bd4671f07.config
test (ubuntu-latest, 3.13)	Post Run actions/checkout@v7	2026-09-23T05:20:15.2776953Z [command]/usr/bin/git config --local --unset includeif.gitdir:/github/workspace/.git.path \/github\/runner_temp\/git\-credentials\-39ef74cc\-691a\-433d\-b144\-316bd4671f07\.config
test (ubuntu-latest, 3.13)	Post Run actions/checkout@v7	2026-09-23T05:20:15.2806674Z [command]/usr/bin/git config --local --get-all includeif.gitdir:/github/workspace/.git/worktrees/*.path
test (ubuntu-latest, 3.13)	Post Run actions/checkout@v7	2026-09-23T05:20:15.2841870Z /github/runner_temp/git-credentials-39ef74cc-691a-433d-b144-316bd4671f07.config
test (ubuntu-latest, 3.13)	Post Run actions/checkout@v7	2026-09-23T05:20:15.2853012Z [command]/usr/bin/git config --local --unset includeif.gitdir:/github/workspace/.git/worktrees/*.path \/github\/runner_temp\/git\-credentials\-39ef74cc\-691a\-433d\-b144\-316bd4671f07\.config
test (ubuntu-latest, 3.13)	Post Run actions/checkout@v7	2026-09-23T05:20:15.2897184Z [command]/usr/bin/git submodule foreach --recursive git config --local --show-origin --name-only --get-regexp remote.origin.url
test (ubuntu-latest, 3.13)	Post Run actions/checkout@v7	2026-09-23T05:20:15.3141516Z Removing credentials config '/home/runner/work/_temp/git-credentials-39ef74cc-691a-433d-b144-316bd4671f07.config'
test (ubuntu-latest, 3.13)	Complete job	﻿2026-09-23T05:20:15.3282106Z Cleaning up orphan processes
