test (windows-latest, 3.13)	Set up job	﻿2026-09-23T05:19:39.7282875Z Current runner version: '2.337.0'
test (windows-latest, 3.13)	Set up job	2026-09-23T05:19:39.7345211Z ##[group]Runner Image Provisioner
test (windows-latest, 3.13)	Set up job	2026-09-23T05:19:39.7346093Z Hosted Compute Agent
test (windows-latest, 3.13)	Set up job	2026-09-23T05:19:39.7346723Z Version: 20260828.587
test (windows-latest, 3.13)	Set up job	2026-09-23T05:19:39.7347340Z Commit: abac92662cab4cc7352de4f9f9d2e2419aad9c29
test (windows-latest, 3.13)	Set up job	2026-09-23T05:19:39.7348030Z Build Date: 2026-08-28T16:44:25Z
test (windows-latest, 3.13)	Set up job	2026-09-23T05:19:39.7348692Z Worker ID: {43c8778c-2728-4200-99f1-6331aad9f284}
test (windows-latest, 3.13)	Set up job	2026-09-23T05:19:39.7349663Z Azure Region: northcentralus
test (windows-latest, 3.13)	Set up job	2026-09-23T05:19:39.7350259Z ##[endgroup]
test (windows-latest, 3.13)	Set up job	2026-09-23T05:19:39.7351624Z ##[group]Operating System
test (windows-latest, 3.13)	Set up job	2026-09-23T05:19:39.7352326Z Microsoft Windows Server 2025
test (windows-latest, 3.13)	Set up job	2026-09-23T05:19:39.7352931Z 10.0.26100
test (windows-latest, 3.13)	Set up job	2026-09-23T05:19:39.7353412Z Datacenter
test (windows-latest, 3.13)	Set up job	2026-09-23T05:19:39.7353889Z ##[endgroup]
test (windows-latest, 3.13)	Set up job	2026-09-23T05:19:39.7354397Z ##[group]Runner Image
test (windows-latest, 3.13)	Set up job	2026-09-23T05:19:39.7354954Z Image: windows-2025-vs2026
test (windows-latest, 3.13)	Set up job	2026-09-23T05:19:39.7355566Z Version: 20260907.229.1
test (windows-latest, 3.13)	Set up job	2026-09-23T05:19:39.7356679Z Included Software: https://github.com/actions/runner-images/blob/win25-vs2026/20260907.229/images/windows/Windows2025-VS2026-Readme.md
test (windows-latest, 3.13)	Set up job	2026-09-23T05:19:39.7358640Z Image Release: https://github.com/actions/runner-images/releases/tag/win25-vs2026%2F20260907.229
test (windows-latest, 3.13)	Set up job	2026-09-23T05:19:39.7359588Z ##[endgroup]
test (windows-latest, 3.13)	Set up job	2026-09-23T05:19:39.7360669Z ##[group]GITHUB_TOKEN Permissions
test (windows-latest, 3.13)	Set up job	2026-09-23T05:19:39.7362440Z Contents: read
test (windows-latest, 3.13)	Set up job	2026-09-23T05:19:39.7363130Z Metadata: read
test (windows-latest, 3.13)	Set up job	2026-09-23T05:19:39.7363653Z ##[endgroup]
test (windows-latest, 3.13)	Set up job	2026-09-23T05:19:39.7366031Z Secret source: Actions
test (windows-latest, 3.13)	Set up job	2026-09-23T05:19:39.7366944Z Cache mode: write
test (windows-latest, 3.13)	Set up job	2026-09-23T05:19:39.7367639Z Prepare workflow directory
test (windows-latest, 3.13)	Set up job	2026-09-23T05:19:39.7748962Z Prepare all required actions
test (windows-latest, 3.13)	Set up job	2026-09-23T05:19:39.7796759Z Getting action download info
test (windows-latest, 3.13)	Set up job	2026-09-23T05:19:39.9654049Z Download action repository 'actions/checkout@v7' (SHA:3d3c42e5aac5ba805825da76410c181273ba90b1)
test (windows-latest, 3.13)	Set up job	2026-09-23T05:19:40.0990042Z Download action repository 'astral-sh/setup-uv@v7' (SHA:37802adc94f370d6bfd71619e3f0bf239e1f3b78)
test (windows-latest, 3.13)	Set up job	2026-09-23T05:19:40.5901290Z Complete job name: test (windows-latest, 3.13)
test (windows-latest, 3.13)	Run actions/checkout@v7	﻿2026-09-23T05:19:40.7256956Z ##[group]Run actions/checkout@v7
test (windows-latest, 3.13)	Run actions/checkout@v7	2026-09-23T05:19:40.7258037Z with:
test (windows-latest, 3.13)	Run actions/checkout@v7	2026-09-23T05:19:40.7258884Z   repository: leonardosovienski/predictor-ops
test (windows-latest, 3.13)	Run actions/checkout@v7	2026-09-23T05:19:40.7263438Z   token: ***
test (windows-latest, 3.13)	Run actions/checkout@v7	2026-09-23T05:19:40.7263903Z   ssh-strict: true
test (windows-latest, 3.13)	Run actions/checkout@v7	2026-09-23T05:19:40.7264300Z   ssh-user: git
test (windows-latest, 3.13)	Run actions/checkout@v7	2026-09-23T05:19:40.7264700Z   persist-credentials: true
test (windows-latest, 3.13)	Run actions/checkout@v7	2026-09-23T05:19:40.7265161Z   clean: true
test (windows-latest, 3.13)	Run actions/checkout@v7	2026-09-23T05:19:40.7265560Z   sparse-checkout-cone-mode: true
test (windows-latest, 3.13)	Run actions/checkout@v7	2026-09-23T05:19:40.7266031Z   fetch-depth: 1
test (windows-latest, 3.13)	Run actions/checkout@v7	2026-09-23T05:19:40.7266419Z   fetch-tags: false
test (windows-latest, 3.13)	Run actions/checkout@v7	2026-09-23T05:19:40.7266814Z   show-progress: true
test (windows-latest, 3.13)	Run actions/checkout@v7	2026-09-23T05:19:40.7267209Z   lfs: false
test (windows-latest, 3.13)	Run actions/checkout@v7	2026-09-23T05:19:40.7267588Z   submodules: false
test (windows-latest, 3.13)	Run actions/checkout@v7	2026-09-23T05:19:40.7267986Z   set-safe-directory: true
test (windows-latest, 3.13)	Run actions/checkout@v7	2026-09-23T05:19:40.7268441Z   allow-unsafe-pr-checkout: false
test (windows-latest, 3.13)	Run actions/checkout@v7	2026-09-23T05:19:40.7269237Z ##[endgroup]
test (windows-latest, 3.13)	Run actions/checkout@v7	2026-09-23T05:19:40.8871307Z Syncing repository: leonardosovienski/predictor-ops
test (windows-latest, 3.13)	Run actions/checkout@v7	2026-09-23T05:19:40.8873146Z ##[group]Getting Git version info
test (windows-latest, 3.13)	Run actions/checkout@v7	2026-09-23T05:19:40.8874252Z Working directory is 'D:\a\predictor-ops\predictor-ops'
test (windows-latest, 3.13)	Run actions/checkout@v7	2026-09-23T05:19:40.9725311Z [command]"C:\Program Files\Git\bin\git.exe" version
test (windows-latest, 3.13)	Run actions/checkout@v7	2026-09-23T05:19:41.1366584Z git version 2.55.0.windows.5
test (windows-latest, 3.13)	Run actions/checkout@v7	2026-09-23T05:19:41.1417175Z ##[endgroup]
test (windows-latest, 3.13)	Run actions/checkout@v7	2026-09-23T05:19:41.1433833Z Temporarily overriding HOME='D:\a\_temp\f177ebe7-5056-48c2-aec7-ae364de9bb72' before making global git config changes
test (windows-latest, 3.13)	Run actions/checkout@v7	2026-09-23T05:19:41.1435133Z Adding repository directory to the temporary git global config as a safe directory
test (windows-latest, 3.13)	Run actions/checkout@v7	2026-09-23T05:19:41.1444249Z [command]"C:\Program Files\Git\bin\git.exe" config --global --add safe.directory D:\a\predictor-ops\predictor-ops
test (windows-latest, 3.13)	Run actions/checkout@v7	2026-09-23T05:19:41.1772324Z Deleting the contents of 'D:\a\predictor-ops\predictor-ops'
test (windows-latest, 3.13)	Run actions/checkout@v7	2026-09-23T05:19:41.1777720Z ##[group]Determining repository object format
test (windows-latest, 3.13)	Run actions/checkout@v7	2026-09-23T05:19:41.1780116Z ##[endgroup]
test (windows-latest, 3.13)	Run actions/checkout@v7	2026-09-23T05:19:41.1781038Z ##[group]Initializing the repository
test (windows-latest, 3.13)	Run actions/checkout@v7	2026-09-23T05:19:41.1788198Z [command]"C:\Program Files\Git\bin\git.exe" init D:\a\predictor-ops\predictor-ops
test (windows-latest, 3.13)	Run actions/checkout@v7	2026-09-23T05:19:41.2250177Z Initialized empty Git repository in D:/a/predictor-ops/predictor-ops/.git/
test (windows-latest, 3.13)	Run actions/checkout@v7	2026-09-23T05:19:41.2292945Z [command]"C:\Program Files\Git\bin\git.exe" remote add origin https://github.com/leonardosovienski/predictor-ops
test (windows-latest, 3.13)	Run actions/checkout@v7	2026-09-23T05:19:41.2625803Z ##[endgroup]
test (windows-latest, 3.13)	Run actions/checkout@v7	2026-09-23T05:19:41.2627263Z ##[group]Disabling automatic garbage collection
test (windows-latest, 3.13)	Run actions/checkout@v7	2026-09-23T05:19:41.2639095Z [command]"C:\Program Files\Git\bin\git.exe" config --local gc.auto 0
test (windows-latest, 3.13)	Run actions/checkout@v7	2026-09-23T05:19:41.3037570Z ##[endgroup]
test (windows-latest, 3.13)	Run actions/checkout@v7	2026-09-23T05:19:41.3038829Z ##[group]Setting up auth
test (windows-latest, 3.13)	Run actions/checkout@v7	2026-09-23T05:19:41.3039619Z Removing SSH command configuration
test (windows-latest, 3.13)	Run actions/checkout@v7	2026-09-23T05:19:41.3048643Z [command]"C:\Program Files\Git\bin\git.exe" config --local --name-only --get-regexp core\.sshCommand
test (windows-latest, 3.13)	Run actions/checkout@v7	2026-09-23T05:19:41.3375705Z [command]"C:\Program Files\Git\bin\git.exe" submodule foreach --recursive "sh -c \"git config --local --name-only --get-regexp 'core\.sshCommand' && git config --local --unset-all 'core.sshCommand' || :\""
test (windows-latest, 3.13)	Run actions/checkout@v7	2026-09-23T05:19:42.4972863Z Removing HTTP extra header
test (windows-latest, 3.13)	Run actions/checkout@v7	2026-09-23T05:19:42.4982995Z [command]"C:\Program Files\Git\bin\git.exe" config --local --name-only --get-regexp http\.https\:\/\/github\.com\/\.extraheader
test (windows-latest, 3.13)	Run actions/checkout@v7	2026-09-23T05:19:42.5284826Z [command]"C:\Program Files\Git\bin\git.exe" submodule foreach --recursive "sh -c \"git config --local --name-only --get-regexp 'http\.https\:\/\/github\.com\/\.extraheader' && git config --local --unset-all 'http.https://github.com/.extraheader' || :\""
test (windows-latest, 3.13)	Run actions/checkout@v7	2026-09-23T05:19:43.1188915Z Removing includeIf entries pointing to credentials config files
test (windows-latest, 3.13)	Run actions/checkout@v7	2026-09-23T05:19:43.1200661Z [command]"C:\Program Files\Git\bin\git.exe" config --local --name-only --get-regexp ^includeIf\.gitdir:
test (windows-latest, 3.13)	Run actions/checkout@v7	2026-09-23T05:19:43.1509705Z [command]"C:\Program Files\Git\bin\git.exe" submodule foreach --recursive "git config --local --show-origin --name-only --get-regexp remote.origin.url"
test (windows-latest, 3.13)	Run actions/checkout@v7	2026-09-23T05:19:43.7181935Z [command]"C:\Program Files\Git\bin\git.exe" config --file D:\a\_temp\git-credentials-c2d5c3d1-6b0c-47ca-8d44-6f35b87ca33a.config http.https://github.com/.extraheader "AUTHORIZATION: basic ***"
test (windows-latest, 3.13)	Run actions/checkout@v7	2026-09-23T05:19:43.7505200Z [command]"C:\Program Files\Git\bin\git.exe" config --local includeIf.gitdir:D:/a/predictor-ops/predictor-ops/.git.path D:\a\_temp\git-credentials-c2d5c3d1-6b0c-47ca-8d44-6f35b87ca33a.config
test (windows-latest, 3.13)	Run actions/checkout@v7	2026-09-23T05:19:43.7815286Z [command]"C:\Program Files\Git\bin\git.exe" config --local includeIf.gitdir:D:/a/predictor-ops/predictor-ops/.git/worktrees/*.path D:\a\_temp\git-credentials-c2d5c3d1-6b0c-47ca-8d44-6f35b87ca33a.config
test (windows-latest, 3.13)	Run actions/checkout@v7	2026-09-23T05:19:43.8135332Z [command]"C:\Program Files\Git\bin\git.exe" config --local includeIf.gitdir:/github/workspace/.git.path /github/runner_temp/git-credentials-c2d5c3d1-6b0c-47ca-8d44-6f35b87ca33a.config
test (windows-latest, 3.13)	Run actions/checkout@v7	2026-09-23T05:19:43.8462925Z [command]"C:\Program Files\Git\bin\git.exe" config --local includeIf.gitdir:/github/workspace/.git/worktrees/*.path /github/runner_temp/git-credentials-c2d5c3d1-6b0c-47ca-8d44-6f35b87ca33a.config
test (windows-latest, 3.13)	Run actions/checkout@v7	2026-09-23T05:19:43.8768798Z ##[endgroup]
test (windows-latest, 3.13)	Run actions/checkout@v7	2026-09-23T05:19:43.8769440Z ##[group]Fetching the repository
test (windows-latest, 3.13)	Run actions/checkout@v7	2026-09-23T05:19:43.8780494Z [command]"C:\Program Files\Git\bin\git.exe" -c protocol.version=2 fetch --no-tags --prune --no-recurse-submodules --depth=1 origin +b19e69527c0fda5cb1f96281d3a984fea1431768:refs/remotes/origin/main
test (windows-latest, 3.13)	Run actions/checkout@v7	2026-09-23T05:19:44.6824367Z From https://github.com/leonardosovienski/predictor-ops
test (windows-latest, 3.13)	Run actions/checkout@v7	2026-09-23T05:19:44.6826620Z  * [new ref]         b19e69527c0fda5cb1f96281d3a984fea1431768 -> origin/main
test (windows-latest, 3.13)	Run actions/checkout@v7	2026-09-23T05:19:44.6872443Z [command]"C:\Program Files\Git\bin\git.exe" branch --list --remote origin/main
test (windows-latest, 3.13)	Run actions/checkout@v7	2026-09-23T05:19:44.7166528Z   origin/main
test (windows-latest, 3.13)	Run actions/checkout@v7	2026-09-23T05:19:44.7206777Z [command]"C:\Program Files\Git\bin\git.exe" rev-parse refs/remotes/origin/main
test (windows-latest, 3.13)	Run actions/checkout@v7	2026-09-23T05:19:44.7495211Z b19e69527c0fda5cb1f96281d3a984fea1431768
test (windows-latest, 3.13)	Run actions/checkout@v7	2026-09-23T05:19:44.7532083Z ##[endgroup]
test (windows-latest, 3.13)	Run actions/checkout@v7	2026-09-23T05:19:44.7532600Z ##[group]Determining the checkout info
test (windows-latest, 3.13)	Run actions/checkout@v7	2026-09-23T05:19:44.7533237Z ##[endgroup]
test (windows-latest, 3.13)	Run actions/checkout@v7	2026-09-23T05:19:44.7542657Z [command]"C:\Program Files\Git\bin\git.exe" sparse-checkout disable
test (windows-latest, 3.13)	Run actions/checkout@v7	2026-09-23T05:19:44.7924433Z [command]"C:\Program Files\Git\bin\git.exe" config --local --unset-all extensions.worktreeConfig
test (windows-latest, 3.13)	Run actions/checkout@v7	2026-09-23T05:19:44.8245307Z ##[group]Checking out the ref
test (windows-latest, 3.13)	Run actions/checkout@v7	2026-09-23T05:19:44.8254495Z [command]"C:\Program Files\Git\bin\git.exe" checkout --progress --force -B main refs/remotes/origin/main
test (windows-latest, 3.13)	Run actions/checkout@v7	2026-09-23T05:19:44.9013770Z Switched to a new branch 'main'
test (windows-latest, 3.13)	Run actions/checkout@v7	2026-09-23T05:19:44.9042817Z branch 'main' set up to track 'origin/main'.
test (windows-latest, 3.13)	Run actions/checkout@v7	2026-09-23T05:19:44.9095838Z ##[endgroup]
test (windows-latest, 3.13)	Run actions/checkout@v7	2026-09-23T05:19:44.9458108Z [command]"C:\Program Files\Git\bin\git.exe" log -1 --format=%H
test (windows-latest, 3.13)	Run actions/checkout@v7	2026-09-23T05:19:44.9747738Z b19e69527c0fda5cb1f96281d3a984fea1431768
test (windows-latest, 3.13)	Run astral-sh/setup-uv@v7	﻿2026-09-23T05:19:45.0298037Z ##[group]Run astral-sh/setup-uv@v7
test (windows-latest, 3.13)	Run astral-sh/setup-uv@v7	2026-09-23T05:19:45.0298386Z with:
test (windows-latest, 3.13)	Run astral-sh/setup-uv@v7	2026-09-23T05:19:45.0298565Z   version: 0.12.1
test (windows-latest, 3.13)	Run astral-sh/setup-uv@v7	2026-09-23T05:19:45.0298757Z   enable-cache: true
test (windows-latest, 3.13)	Run astral-sh/setup-uv@v7	2026-09-23T05:19:45.0298968Z   activate-environment: false
test (windows-latest, 3.13)	Run astral-sh/setup-uv@v7	2026-09-23T05:19:45.0299283Z   working-directory: D:\a\predictor-ops\predictor-ops
test (windows-latest, 3.13)	Run astral-sh/setup-uv@v7	2026-09-23T05:19:45.0302069Z   github-token: ***
test (windows-latest, 3.13)	Run astral-sh/setup-uv@v7	2026-09-23T05:19:45.0302631Z   cache-dependency-glob: **/*requirements*.txt
test (windows-latest, 3.13)	Run astral-sh/setup-uv@v7	**/*requirements*.in
test (windows-latest, 3.13)	Run astral-sh/setup-uv@v7	**/*constraints*.txt
test (windows-latest, 3.13)	Run astral-sh/setup-uv@v7	**/*constraints*.in
test (windows-latest, 3.13)	Run astral-sh/setup-uv@v7	**/pyproject.toml
test (windows-latest, 3.13)	Run astral-sh/setup-uv@v7	**/uv.lock
test (windows-latest, 3.13)	Run astral-sh/setup-uv@v7	**/*.py.lock
test (windows-latest, 3.13)	Run astral-sh/setup-uv@v7	
test (windows-latest, 3.13)	Run astral-sh/setup-uv@v7	2026-09-23T05:19:45.0303378Z   restore-cache: true
test (windows-latest, 3.13)	Run astral-sh/setup-uv@v7	2026-09-23T05:19:45.0303705Z   save-cache: true
test (windows-latest, 3.13)	Run astral-sh/setup-uv@v7	2026-09-23T05:19:45.0303893Z   prune-cache: true
test (windows-latest, 3.13)	Run astral-sh/setup-uv@v7	2026-09-23T05:19:45.0304082Z   cache-python: false
test (windows-latest, 3.13)	Run astral-sh/setup-uv@v7	2026-09-23T05:19:45.0304290Z   ignore-nothing-to-cache: false
test (windows-latest, 3.13)	Run astral-sh/setup-uv@v7	2026-09-23T05:19:45.0304542Z   ignore-empty-workdir: false
test (windows-latest, 3.13)	Run astral-sh/setup-uv@v7	2026-09-23T05:19:45.0304818Z   add-problem-matchers: true
test (windows-latest, 3.13)	Run astral-sh/setup-uv@v7	2026-09-23T05:19:45.0305046Z   resolution-strategy: highest
test (windows-latest, 3.13)	Run astral-sh/setup-uv@v7	2026-09-23T05:19:45.0305257Z ##[endgroup]
test (windows-latest, 3.13)	Run astral-sh/setup-uv@v7	2026-09-23T05:19:45.2432208Z Fetching version data from https://raw.githubusercontent.com/astral-sh/versions/main/v1/uv.ndjson ...
test (windows-latest, 3.13)	Run astral-sh/setup-uv@v7	2026-09-23T05:19:45.3101465Z Downloading uv from "https://releases.astral.sh/github/uv/releases/download/0.12.1/uv-x86_64-pc-windows-msvc.zip" ...
test (windows-latest, 3.13)	Run astral-sh/setup-uv@v7	2026-09-23T05:19:45.7669181Z [command]C:\Windows\system32\tar.exe x -C D:\a\_temp\188ac806-ebd5-446c-a2b5-108a71909b1b -f D:\a\_temp\39477e7b-87da-498e-b68e-fd16fc706dea
test (windows-latest, 3.13)	Run astral-sh/setup-uv@v7	2026-09-23T05:19:45.9520852Z Set UV_TOOL_BIN_DIR to D:\a\_temp\uv-tool-bin-dir
test (windows-latest, 3.13)	Run astral-sh/setup-uv@v7	2026-09-23T05:19:45.9524214Z Added D:\a\_temp\uv-tool-bin-dir to the path
test (windows-latest, 3.13)	Run astral-sh/setup-uv@v7	2026-09-23T05:19:45.9534278Z Added C:\hostedtoolcache\windows\uv\0.12.1\x86_64 to the path
test (windows-latest, 3.13)	Run astral-sh/setup-uv@v7	2026-09-23T05:19:45.9537395Z Set UV_TOOL_DIR to D:\a\_temp\uv-tool-dir
test (windows-latest, 3.13)	Run astral-sh/setup-uv@v7	2026-09-23T05:19:45.9540245Z Set UV_PYTHON_INSTALL_DIR to D:\a\_temp\uv-python-dir
test (windows-latest, 3.13)	Run astral-sh/setup-uv@v7	2026-09-23T05:19:45.9543853Z Added D:\a\_temp\uv-python-dir to the path
test (windows-latest, 3.13)	Run astral-sh/setup-uv@v7	2026-09-23T05:19:45.9564048Z Set UV_CACHE_DIR to D:\a\_temp\setup-uv-cache
test (windows-latest, 3.13)	Run astral-sh/setup-uv@v7	2026-09-23T05:19:45.9564705Z Successfully installed uv version 0.12.1
test (windows-latest, 3.13)	Run astral-sh/setup-uv@v7	2026-09-23T05:19:47.9705433Z Searching files using cache dependency glob: D:\a\predictor-ops\predictor-ops\**\*requirements*.txt,D:\a\predictor-ops\predictor-ops\**\*requirements*.in,D:\a\predictor-ops\predictor-ops\**\*constraints*.txt,D:\a\predictor-ops\predictor-ops\**\*constraints*.in,D:\a\predictor-ops\predictor-ops\**\pyproject.toml,D:\a\predictor-ops\predictor-ops\**\uv.lock,D:\a\predictor-ops\predictor-ops\**\*.py.lock
test (windows-latest, 3.13)	Run astral-sh/setup-uv@v7	2026-09-23T05:19:48.0471809Z D:\a\predictor-ops\predictor-ops\pyproject.toml
test (windows-latest, 3.13)	Run astral-sh/setup-uv@v7	2026-09-23T05:19:48.0572381Z D:\a\predictor-ops\predictor-ops\uv.lock
test (windows-latest, 3.13)	Run astral-sh/setup-uv@v7	2026-09-23T05:19:48.0587399Z Found 2 files to hash.
test (windows-latest, 3.13)	Run astral-sh/setup-uv@v7	2026-09-23T05:19:48.0598120Z Trying to restore cache from GitHub Actions cache with key: setup-uv-2-x86_64-pc-windows-msvc-windows-2025-3.14.7-pruned-fcfaeb09c88346f1897fd214a88dc34b22180d68880be0c95de4e09d1eb25af6
test (windows-latest, 3.13)	Run astral-sh/setup-uv@v7	2026-09-23T05:19:48.2884514Z No GitHub Actions cache found for key: setup-uv-2-x86_64-pc-windows-msvc-windows-2025-3.14.7-pruned-fcfaeb09c88346f1897fd214a88dc34b22180d68880be0c95de4e09d1eb25af6
test (windows-latest, 3.13)	Run uv python install 3.13	﻿2026-09-23T05:19:48.3812746Z ##[group]Run uv python install 3.13
test (windows-latest, 3.13)	Run uv python install 3.13	2026-09-23T05:19:48.3813148Z ^[[36;1muv python install 3.13^[[0m
test (windows-latest, 3.13)	Run uv python install 3.13	2026-09-23T05:19:48.3894387Z shell: C:\Program Files\PowerShell\7\pwsh.EXE -command ". '{0}'"
test (windows-latest, 3.13)	Run uv python install 3.13	2026-09-23T05:19:48.3895003Z env:
test (windows-latest, 3.13)	Run uv python install 3.13	2026-09-23T05:19:48.3895249Z   UV_TOOL_BIN_DIR: D:\a\_temp\uv-tool-bin-dir
test (windows-latest, 3.13)	Run uv python install 3.13	2026-09-23T05:19:48.3895532Z   UV_TOOL_DIR: D:\a\_temp\uv-tool-dir
test (windows-latest, 3.13)	Run uv python install 3.13	2026-09-23T05:19:48.3895802Z   UV_PYTHON_INSTALL_DIR: D:\a\_temp\uv-python-dir
test (windows-latest, 3.13)	Run uv python install 3.13	2026-09-23T05:19:48.3896087Z   UV_CACHE_DIR: D:\a\_temp\setup-uv-cache
test (windows-latest, 3.13)	Run uv python install 3.13	2026-09-23T05:19:48.3896329Z ##[endgroup]
test (windows-latest, 3.13)	Run uv python install 3.13	2026-09-23T05:19:48.8957702Z Downloading cpython-3.13.14-windows-x86_64-none (download) (20.9MiB)
test (windows-latest, 3.13)	Run uv python install 3.13	2026-09-23T05:19:50.2820763Z  Downloaded cpython-3.13.14-windows-x86_64-none (download)
test (windows-latest, 3.13)	Run uv python install 3.13	2026-09-23T05:19:50.2954097Z Installed Python 3.13.14 in 1.53s
test (windows-latest, 3.13)	Run uv python install 3.13	2026-09-23T05:19:50.2956028Z  + cpython-3.13.14-windows-x86_64-none (python3.13.exe)
test (windows-latest, 3.13)	Run uv python install 3.13	2026-09-23T05:19:50.2993129Z warning: `C:\Users\runneradmin\.local\bin` is not on your PATH. To use installed Python executables, run `$env:PATH = "C:\Users\runneradmin\.local\bin;$env:PATH"` or `uv python update-shell`.
test (windows-latest, 3.13)	Run uv sync --python 3.13 --all-extras	﻿2026-09-23T05:19:50.4468303Z ##[group]Run uv sync --python 3.13 --all-extras
test (windows-latest, 3.13)	Run uv sync --python 3.13 --all-extras	2026-09-23T05:19:50.4468760Z ^[[36;1muv sync --python 3.13 --all-extras^[[0m
test (windows-latest, 3.13)	Run uv sync --python 3.13 --all-extras	2026-09-23T05:19:50.4537654Z shell: C:\Program Files\PowerShell\7\pwsh.EXE -command ". '{0}'"
test (windows-latest, 3.13)	Run uv sync --python 3.13 --all-extras	2026-09-23T05:19:50.4537995Z env:
test (windows-latest, 3.13)	Run uv sync --python 3.13 --all-extras	2026-09-23T05:19:50.4538195Z   UV_TOOL_BIN_DIR: D:\a\_temp\uv-tool-bin-dir
test (windows-latest, 3.13)	Run uv sync --python 3.13 --all-extras	2026-09-23T05:19:50.4538464Z   UV_TOOL_DIR: D:\a\_temp\uv-tool-dir
test (windows-latest, 3.13)	Run uv sync --python 3.13 --all-extras	2026-09-23T05:19:50.4538745Z   UV_PYTHON_INSTALL_DIR: D:\a\_temp\uv-python-dir
test (windows-latest, 3.13)	Run uv sync --python 3.13 --all-extras	2026-09-23T05:19:50.4539027Z   UV_CACHE_DIR: D:\a\_temp\setup-uv-cache
test (windows-latest, 3.13)	Run uv sync --python 3.13 --all-extras	2026-09-23T05:19:50.4539273Z ##[endgroup]
test (windows-latest, 3.13)	Run uv sync --python 3.13 --all-extras	2026-09-23T05:19:50.9632742Z Using CPython 3.13.14
test (windows-latest, 3.13)	Run uv sync --python 3.13 --all-extras	2026-09-23T05:19:50.9634291Z Creating virtual environment at: .venv
test (windows-latest, 3.13)	Run uv sync --python 3.13 --all-extras	2026-09-23T05:19:50.9814580Z Resolved 47 packages in 1ms
test (windows-latest, 3.13)	Run uv sync --python 3.13 --all-extras	2026-09-23T05:19:51.0005467Z    Building predictor-ops @ file:///D:/a/predictor-ops/predictor-ops
test (windows-latest, 3.13)	Run uv sync --python 3.13 --all-extras	2026-09-23T05:19:51.1177086Z Downloading pygments (1.2MiB)
test (windows-latest, 3.13)	Run uv sync --python 3.13 --all-extras	2026-09-23T05:19:51.1363036Z Downloading pyright (5.9MiB)
test (windows-latest, 3.13)	Run uv sync --python 3.13 --all-extras	2026-09-23T05:19:51.1374486Z Downloading pydantic-core (2.0MiB)
test (windows-latest, 3.13)	Run uv sync --python 3.13 --all-extras	2026-09-23T05:19:51.1386543Z Downloading virtualenv (5.2MiB)
test (windows-latest, 3.13)	Run uv sync --python 3.13 --all-extras	2026-09-23T05:19:51.1509878Z Downloading ruff (11.4MiB)
test (windows-latest, 3.13)	Run uv sync --python 3.13 --all-extras	2026-09-23T05:19:51.4152807Z  Downloaded pydantic-core
test (windows-latest, 3.13)	Run uv sync --python 3.13 --all-extras	2026-09-23T05:19:51.6634270Z  Downloaded ruff
test (windows-latest, 3.13)	Run uv sync --python 3.13 --all-extras	2026-09-23T05:19:51.6792817Z  Downloaded virtualenv
test (windows-latest, 3.13)	Run uv sync --python 3.13 --all-extras	2026-09-23T05:19:51.7938377Z  Downloaded pygments
test (windows-latest, 3.13)	Run uv sync --python 3.13 --all-extras	2026-09-23T05:19:53.0786489Z       Built predictor-ops @ file:///D:/a/predictor-ops/predictor-ops
test (windows-latest, 3.13)	Run uv sync --python 3.13 --all-extras	2026-09-23T05:19:53.9779209Z  Downloaded pyright
test (windows-latest, 3.13)	Run uv sync --python 3.13 --all-extras	2026-09-23T05:19:53.9787253Z Prepared 47 packages in 2.99s
test (windows-latest, 3.13)	Run uv sync --python 3.13 --all-extras	2026-09-23T05:19:54.8965632Z Installed 47 packages in 917ms
test (windows-latest, 3.13)	Run uv sync --python 3.13 --all-extras	2026-09-23T05:19:54.8968660Z  + annotated-types==0.8.0
test (windows-latest, 3.13)	Run uv sync --python 3.13 --all-extras	2026-09-23T05:19:54.8969895Z  + build==1.5.0
test (windows-latest, 3.13)	Run uv sync --python 3.13 --all-extras	2026-09-23T05:19:54.8971172Z  + certifi==2026.7.22
test (windows-latest, 3.13)	Run uv sync --python 3.13 --all-extras	2026-09-23T05:19:54.8972452Z  + cfgv==3.5.0
test (windows-latest, 3.13)	Run uv sync --python 3.13 --all-extras	2026-09-23T05:19:54.8973725Z  + charset-normalizer==3.4.9
test (windows-latest, 3.13)	Run uv sync --python 3.13 --all-extras	2026-09-23T05:19:54.8974774Z  + colorama==0.4.6
test (windows-latest, 3.13)	Run uv sync --python 3.13 --all-extras	2026-09-23T05:19:54.8975691Z  + coverage==7.15.2
test (windows-latest, 3.13)	Run uv sync --python 3.13 --all-extras	2026-09-23T05:19:54.8976672Z  + distlib==0.4.3
test (windows-latest, 3.13)	Run uv sync --python 3.13 --all-extras	2026-09-23T05:19:54.8977487Z  + filelock==3.32.2
test (windows-latest, 3.13)	Run uv sync --python 3.13 --all-extras	2026-09-23T05:19:54.8978720Z  + googleapis-common-protos==1.75.0
test (windows-latest, 3.13)	Run uv sync --python 3.13 --all-extras	2026-09-23T05:19:54.8980009Z  + hatchling==1.31.0
test (windows-latest, 3.13)	Run uv sync --python 3.13 --all-extras	2026-09-23T05:19:54.8981334Z  + identify==2.6.19
test (windows-latest, 3.13)	Run uv sync --python 3.13 --all-extras	2026-09-23T05:19:54.8982741Z  + idna==3.18
test (windows-latest, 3.13)	Run uv sync --python 3.13 --all-extras	2026-09-23T05:19:54.8983912Z  + iniconfig==2.3.0
test (windows-latest, 3.13)	Run uv sync --python 3.13 --all-extras	2026-09-23T05:19:54.8985445Z  + nodeenv==1.10.0
test (windows-latest, 3.13)	Run uv sync --python 3.13 --all-extras	2026-09-23T05:19:54.8986841Z  + opentelemetry-api==1.44.0
test (windows-latest, 3.13)	Run uv sync --python 3.13 --all-extras	2026-09-23T05:19:54.8988204Z  + opentelemetry-exporter-otlp-proto-common==1.44.0
test (windows-latest, 3.13)	Run uv sync --python 3.13 --all-extras	2026-09-23T05:19:54.8989639Z  + opentelemetry-exporter-otlp-proto-http==1.44.0
test (windows-latest, 3.13)	Run uv sync --python 3.13 --all-extras	2026-09-23T05:19:54.8991014Z  + opentelemetry-proto==1.44.0
test (windows-latest, 3.13)	Run uv sync --python 3.13 --all-extras	2026-09-23T05:19:54.8992338Z  + opentelemetry-sdk==1.44.0
test (windows-latest, 3.13)	Run uv sync --python 3.13 --all-extras	2026-09-23T05:19:54.8993686Z  + opentelemetry-semantic-conventions==0.65b0
test (windows-latest, 3.13)	Run uv sync --python 3.13 --all-extras	2026-09-23T05:19:54.8994854Z  + packaging==26.2
test (windows-latest, 3.13)	Run uv sync --python 3.13 --all-extras	2026-09-23T05:19:54.8996122Z  + pathspec==1.1.1
test (windows-latest, 3.13)	Run uv sync --python 3.13 --all-extras	2026-09-23T05:19:54.8997373Z  + platformdirs==4.11.0
test (windows-latest, 3.13)	Run uv sync --python 3.13 --all-extras	2026-09-23T05:19:54.8998643Z  + pluggy==1.6.0
test (windows-latest, 3.13)	Run uv sync --python 3.13 --all-extras	2026-09-23T05:19:54.9000139Z  + pre-commit==4.6.1
test (windows-latest, 3.13)	Run uv sync --python 3.13 --all-extras	2026-09-23T05:19:54.9002076Z  + predictor-ops==4.2.1 (from file:///D:/a/predictor-ops/predictor-ops)
test (windows-latest, 3.13)	Run uv sync --python 3.13 --all-extras	2026-09-23T05:19:54.9003762Z  + protobuf==7.35.1
test (windows-latest, 3.13)	Run uv sync --python 3.13 --all-extras	2026-09-23T05:19:54.9004970Z  + pydantic==2.13.4
test (windows-latest, 3.13)	Run uv sync --python 3.13 --all-extras	2026-09-23T05:19:54.9006295Z  + pydantic-core==2.46.4
test (windows-latest, 3.13)	Run uv sync --python 3.13 --all-extras	2026-09-23T05:19:54.9007632Z  + pydantic-settings==2.14.2
test (windows-latest, 3.13)	Run uv sync --python 3.13 --all-extras	2026-09-23T05:19:54.9008908Z  + pygments==2.20.0
test (windows-latest, 3.13)	Run uv sync --python 3.13 --all-extras	2026-09-23T05:19:54.9010345Z  + pyproject-hooks==1.2.0
test (windows-latest, 3.13)	Run uv sync --python 3.13 --all-extras	2026-09-23T05:19:54.9011547Z  + pyright==1.1.411
test (windows-latest, 3.13)	Run uv sync --python 3.13 --all-extras	2026-09-23T05:19:54.9012819Z  + pytest==9.1.1
test (windows-latest, 3.13)	Run uv sync --python 3.13 --all-extras	2026-09-23T05:19:54.9014100Z  + pytest-cov==7.1.0
test (windows-latest, 3.13)	Run uv sync --python 3.13 --all-extras	2026-09-23T05:19:54.9015365Z  + pytest-timeout==2.4.0
test (windows-latest, 3.13)	Run uv sync --python 3.13 --all-extras	2026-09-23T05:19:54.9016664Z  + python-discovery==1.5.1
test (windows-latest, 3.13)	Run uv sync --python 3.13 --all-extras	2026-09-23T05:19:54.9017936Z  + python-dotenv==1.2.2
test (windows-latest, 3.13)	Run uv sync --python 3.13 --all-extras	2026-09-23T05:19:54.9019228Z  + pyyaml==6.0.3
test (windows-latest, 3.13)	Run uv sync --python 3.13 --all-extras	2026-09-23T05:19:54.9020577Z  + requests==2.34.2
test (windows-latest, 3.13)	Run uv sync --python 3.13 --all-extras	2026-09-23T05:19:54.9021865Z  + ruff==0.16.1
test (windows-latest, 3.13)	Run uv sync --python 3.13 --all-extras	2026-09-23T05:19:54.9023539Z  + trove-classifiers==2026.6.1.19
test (windows-latest, 3.13)	Run uv sync --python 3.13 --all-extras	2026-09-23T05:19:54.9025023Z  + typing-extensions==4.16.0
test (windows-latest, 3.13)	Run uv sync --python 3.13 --all-extras	2026-09-23T05:19:54.9027951Z  + typing-inspection==0.4.2
test (windows-latest, 3.13)	Run uv sync --python 3.13 --all-extras	2026-09-23T05:19:54.9028183Z  + urllib3==2.7.0
test (windows-latest, 3.13)	Run uv sync --python 3.13 --all-extras	2026-09-23T05:19:54.9029618Z  + virtualenv==21.7.1
test (windows-latest, 3.13)	Run uv run ruff check .	﻿2026-09-23T05:19:55.0922341Z ##[group]Run uv run ruff check .
test (windows-latest, 3.13)	Run uv run ruff check .	2026-09-23T05:19:55.0923026Z ^[[36;1muv run ruff check .^[[0m
test (windows-latest, 3.13)	Run uv run ruff check .	2026-09-23T05:19:55.1047422Z shell: C:\Program Files\PowerShell\7\pwsh.EXE -command ". '{0}'"
test (windows-latest, 3.13)	Run uv run ruff check .	2026-09-23T05:19:55.1047797Z env:
test (windows-latest, 3.13)	Run uv run ruff check .	2026-09-23T05:19:55.1048008Z   UV_TOOL_BIN_DIR: D:\a\_temp\uv-tool-bin-dir
test (windows-latest, 3.13)	Run uv run ruff check .	2026-09-23T05:19:55.1048307Z   UV_TOOL_DIR: D:\a\_temp\uv-tool-dir
test (windows-latest, 3.13)	Run uv run ruff check .	2026-09-23T05:19:55.1048583Z   UV_PYTHON_INSTALL_DIR: D:\a\_temp\uv-python-dir
test (windows-latest, 3.13)	Run uv run ruff check .	2026-09-23T05:19:55.1048879Z   UV_CACHE_DIR: D:\a\_temp\setup-uv-cache
test (windows-latest, 3.13)	Run uv run ruff check .	2026-09-23T05:19:55.1049114Z ##[endgroup]
test (windows-latest, 3.13)	Run uv run ruff check .	2026-09-23T05:19:55.5676497Z All checks passed!
test (windows-latest, 3.13)	Run uv run ruff format --check .	﻿2026-09-23T05:19:55.7018538Z ##[group]Run uv run ruff format --check .
test (windows-latest, 3.13)	Run uv run ruff format --check .	2026-09-23T05:19:55.7018957Z ^[[36;1muv run ruff format --check .^[[0m
test (windows-latest, 3.13)	Run uv run ruff format --check .	2026-09-23T05:19:55.7086170Z shell: C:\Program Files\PowerShell\7\pwsh.EXE -command ". '{0}'"
test (windows-latest, 3.13)	Run uv run ruff format --check .	2026-09-23T05:19:55.7086555Z env:
test (windows-latest, 3.13)	Run uv run ruff format --check .	2026-09-23T05:19:55.7086803Z   UV_TOOL_BIN_DIR: D:\a\_temp\uv-tool-bin-dir
test (windows-latest, 3.13)	Run uv run ruff format --check .	2026-09-23T05:19:55.7087089Z   UV_TOOL_DIR: D:\a\_temp\uv-tool-dir
test (windows-latest, 3.13)	Run uv run ruff format --check .	2026-09-23T05:19:55.7087361Z   UV_PYTHON_INSTALL_DIR: D:\a\_temp\uv-python-dir
test (windows-latest, 3.13)	Run uv run ruff format --check .	2026-09-23T05:19:55.7088093Z   UV_CACHE_DIR: D:\a\_temp\setup-uv-cache
test (windows-latest, 3.13)	Run uv run ruff format --check .	2026-09-23T05:19:55.7088343Z ##[endgroup]
test (windows-latest, 3.13)	Run uv run ruff format --check .	2026-09-23T05:19:56.0215325Z 47 files already formatted
test (windows-latest, 3.13)	Run uv run pyright	﻿2026-09-23T05:19:56.1524640Z ##[group]Run uv run pyright
test (windows-latest, 3.13)	Run uv run pyright	2026-09-23T05:19:56.1525016Z ^[[36;1muv run pyright^[[0m
test (windows-latest, 3.13)	Run uv run pyright	2026-09-23T05:19:56.1594516Z shell: C:\Program Files\PowerShell\7\pwsh.EXE -command ". '{0}'"
test (windows-latest, 3.13)	Run uv run pyright	2026-09-23T05:19:56.1594862Z env:
test (windows-latest, 3.13)	Run uv run pyright	2026-09-23T05:19:56.1595070Z   UV_TOOL_BIN_DIR: D:\a\_temp\uv-tool-bin-dir
test (windows-latest, 3.13)	Run uv run pyright	2026-09-23T05:19:56.1595358Z   UV_TOOL_DIR: D:\a\_temp\uv-tool-dir
test (windows-latest, 3.13)	Run uv run pyright	2026-09-23T05:19:56.1595645Z   UV_PYTHON_INSTALL_DIR: D:\a\_temp\uv-python-dir
test (windows-latest, 3.13)	Run uv run pyright	2026-09-23T05:19:56.1595953Z   UV_CACHE_DIR: D:\a\_temp\setup-uv-cache
test (windows-latest, 3.13)	Run uv run pyright	2026-09-23T05:19:56.1596214Z ##[endgroup]
test (windows-latest, 3.13)	Run uv run pyright	2026-09-23T05:20:03.7367423Z 0 errors, 0 warnings, 0 informations
test (windows-latest, 3.13)	Run uv run pyright	2026-09-23T05:20:03.7826695Z WARNING: there is a new pyright version available (v1.1.411 -> v1.1.414).
test (windows-latest, 3.13)	Run uv run pyright	2026-09-23T05:20:03.7827595Z Please install the new version or set PYRIGHT_PYTHON_FORCE_VERSION to `latest`
test (windows-latest, 3.13)	Run uv run pyright	2026-09-23T05:20:03.7827970Z 
test (windows-latest, 3.13)	Run uv run python -W error::ResourceWarning -m pytest --cov --cov-report=term-missing	﻿2026-09-23T05:20:03.9245152Z ##[group]Run uv run python -W error::ResourceWarning -m pytest --cov --cov-report=term-missing
test (windows-latest, 3.13)	Run uv run python -W error::ResourceWarning -m pytest --cov --cov-report=term-missing	2026-09-23T05:20:03.9245921Z ^[[36;1muv run python -W error::ResourceWarning -m pytest --cov --cov-report=term-missing^[[0m
test (windows-latest, 3.13)	Run uv run python -W error::ResourceWarning -m pytest --cov --cov-report=term-missing	2026-09-23T05:20:03.9312845Z shell: C:\Program Files\PowerShell\7\pwsh.EXE -command ". '{0}'"
test (windows-latest, 3.13)	Run uv run python -W error::ResourceWarning -m pytest --cov --cov-report=term-missing	2026-09-23T05:20:03.9313184Z env:
test (windows-latest, 3.13)	Run uv run python -W error::ResourceWarning -m pytest --cov --cov-report=term-missing	2026-09-23T05:20:03.9313608Z   UV_TOOL_BIN_DIR: D:\a\_temp\uv-tool-bin-dir
test (windows-latest, 3.13)	Run uv run python -W error::ResourceWarning -m pytest --cov --cov-report=term-missing	2026-09-23T05:20:03.9313892Z   UV_TOOL_DIR: D:\a\_temp\uv-tool-dir
test (windows-latest, 3.13)	Run uv run python -W error::ResourceWarning -m pytest --cov --cov-report=term-missing	2026-09-23T05:20:03.9314169Z   UV_PYTHON_INSTALL_DIR: D:\a\_temp\uv-python-dir
test (windows-latest, 3.13)	Run uv run python -W error::ResourceWarning -m pytest --cov --cov-report=term-missing	2026-09-23T05:20:03.9314469Z   UV_CACHE_DIR: D:\a\_temp\setup-uv-cache
test (windows-latest, 3.13)	Run uv run python -W error::ResourceWarning -m pytest --cov --cov-report=term-missing	2026-09-23T05:20:03.9315475Z ##[endgroup]
test (windows-latest, 3.13)	Run uv run python -W error::ResourceWarning -m pytest --cov --cov-report=term-missing	2026-09-23T05:20:06.1248377Z ============================= test session starts =============================
test (windows-latest, 3.13)	Run uv run python -W error::ResourceWarning -m pytest --cov --cov-report=term-missing	2026-09-23T05:20:06.1248907Z platform win32 -- Python 3.13.14, pytest-9.1.1, pluggy-1.6.0
test (windows-latest, 3.13)	Run uv run python -W error::ResourceWarning -m pytest --cov --cov-report=term-missing	2026-09-23T05:20:06.1249278Z rootdir: D:\a\predictor-ops\predictor-ops
test (windows-latest, 3.13)	Run uv run python -W error::ResourceWarning -m pytest --cov --cov-report=term-missing	2026-09-23T05:20:06.1249570Z configfile: pyproject.toml
test (windows-latest, 3.13)	Run uv run python -W error::ResourceWarning -m pytest --cov --cov-report=term-missing	2026-09-23T05:20:06.1249857Z testpaths: tests_v2
test (windows-latest, 3.13)	Run uv run python -W error::ResourceWarning -m pytest --cov --cov-report=term-missing	2026-09-23T05:20:06.1250071Z plugins: cov-7.1.0, timeout-2.4.0
test (windows-latest, 3.13)	Run uv run python -W error::ResourceWarning -m pytest --cov --cov-report=term-missing	2026-09-23T05:20:06.1250296Z timeout: 30.0s
test (windows-latest, 3.13)	Run uv run python -W error::ResourceWarning -m pytest --cov --cov-report=term-missing	2026-09-23T05:20:06.1250478Z timeout method: thread
test (windows-latest, 3.13)	Run uv run python -W error::ResourceWarning -m pytest --cov --cov-report=term-missing	2026-09-23T05:20:06.1250676Z timeout func_only: False
test (windows-latest, 3.13)	Run uv run python -W error::ResourceWarning -m pytest --cov --cov-report=term-missing	2026-09-23T05:20:06.1250874Z collected 87 items
test (windows-latest, 3.13)	Run uv run python -W error::ResourceWarning -m pytest --cov --cov-report=term-missing	2026-09-23T05:20:06.1250981Z 
test (windows-latest, 3.13)	Run uv run python -W error::ResourceWarning -m pytest --cov --cov-report=term-missing	2026-09-23T05:20:06.1448482Z tests_v2\test_architecture_safety.py ........                            [  9%]
test (windows-latest, 3.13)	Run uv run python -W error::ResourceWarning -m pytest --cov --cov-report=term-missing	2026-09-23T05:20:07.2045941Z tests_v2\test_cli.py ......                                              [ 16%]
test (windows-latest, 3.13)	Run uv run python -W error::ResourceWarning -m pytest --cov --cov-report=term-missing	2026-09-23T05:20:07.2418662Z tests_v2\test_health.py ........                                         [ 25%]
test (windows-latest, 3.13)	Run uv run python -W error::ResourceWarning -m pytest --cov --cov-report=term-missing	2026-09-23T05:20:07.2573202Z tests_v2\test_models_config.py .....                                     [ 31%]
test (windows-latest, 3.13)	Run uv run python -W error::ResourceWarning -m pytest --cov --cov-report=term-missing	2026-09-23T05:20:07.8583053Z tests_v2\test_operational_safety.py ......                               [ 37%]
test (windows-latest, 3.13)	Run uv run python -W error::ResourceWarning -m pytest --cov --cov-report=term-missing	2026-09-23T05:20:13.6863062Z tests_v2\test_process_cleanup.py ........                                [ 47%]
test (windows-latest, 3.13)	Run uv run python -W error::ResourceWarning -m pytest --cov --cov-report=term-missing	2026-09-23T05:20:15.2816564Z tests_v2\test_process_tree.py .                                          [ 48%]
test (windows-latest, 3.13)	Run uv run python -W error::ResourceWarning -m pytest --cov --cov-report=term-missing	2026-09-23T05:20:25.1712450Z tests_v2\test_provenance.py ......                                       [ 55%]
test (windows-latest, 3.13)	Run uv run python -W error::ResourceWarning -m pytest --cov --cov-report=term-missing	2026-09-23T05:20:25.2272302Z tests_v2\test_redaction_adversarial.py ....                              [ 59%]
test (windows-latest, 3.13)	Run uv run python -W error::ResourceWarning -m pytest --cov --cov-report=term-missing	2026-09-23T05:20:26.3605526Z tests_v2\test_runner.py .......                                          [ 67%]
test (windows-latest, 3.13)	Run uv run python -W error::ResourceWarning -m pytest --cov --cov-report=term-missing	2026-09-23T05:20:27.8790132Z tests_v2\test_runner_extended.py ......                                  [ 74%]
test (windows-latest, 3.13)	Run uv run python -W error::ResourceWarning -m pytest --cov --cov-report=term-missing	2026-09-23T05:20:29.0235690Z tests_v2\test_runtime.py .....                                           [ 80%]
test (windows-latest, 3.13)	Run uv run python -W error::ResourceWarning -m pytest --cov --cov-report=term-missing	2026-09-23T05:20:29.7713120Z tests_v2\test_stabilization.py ...........                               [ 93%]
test (windows-latest, 3.13)	Run uv run python -W error::ResourceWarning -m pytest --cov --cov-report=term-missing	2026-09-23T05:20:29.7762465Z tests_v2\test_version_contract.py .                                      [ 94%]
test (windows-latest, 3.13)	Run uv run python -W error::ResourceWarning -m pytest --cov --cov-report=term-missing	2026-09-23T05:20:30.0089671Z tests_v2\test_windows_adapter.py .....                                   [100%]
test (windows-latest, 3.13)	Run uv run python -W error::ResourceWarning -m pytest --cov --cov-report=term-missing	2026-09-23T05:20:30.0090470Z 
test (windows-latest, 3.13)	Run uv run python -W error::ResourceWarning -m pytest --cov --cov-report=term-missing	2026-09-23T05:20:30.0090993Z =============================== tests coverage ================================
test (windows-latest, 3.13)	Run uv run python -W error::ResourceWarning -m pytest --cov --cov-report=term-missing	2026-09-23T05:20:30.0091687Z ______________ coverage: platform win32, python 3.13.14-final-0 _______________
test (windows-latest, 3.13)	Run uv run python -W error::ResourceWarning -m pytest --cov --cov-report=term-missing	2026-09-23T05:20:30.0092171Z 
test (windows-latest, 3.13)	Run uv run python -W error::ResourceWarning -m pytest --cov --cov-report=term-missing	2026-09-23T05:20:30.0092450Z Name                                 Stmts   Miss Branch BrPart  Cover   Missing
test (windows-latest, 3.13)	Run uv run python -W error::ResourceWarning -m pytest --cov --cov-report=term-missing	2026-09-23T05:20:30.0093355Z --------------------------------------------------------------------------------
test (windows-latest, 3.13)	Run uv run python -W error::ResourceWarning -m pytest --cov --cov-report=term-missing	2026-09-23T05:20:30.0094074Z src\predictor_ops\__init__.py            9      2      0      0    78%   7-8
test (windows-latest, 3.13)	Run uv run python -W error::ResourceWarning -m pytest --cov --cov-report=term-missing	2026-09-23T05:20:30.0094808Z src\predictor_ops\cli.py                64      3     16      3    92%   51, 56, 75
test (windows-latest, 3.13)	Run uv run python -W error::ResourceWarning -m pytest --cov --cov-report=term-missing	2026-09-23T05:20:30.0095604Z src\predictor_ops\config.py             30      4      2      1    84%   35, 38-40
test (windows-latest, 3.13)	Run uv run python -W error::ResourceWarning -m pytest --cov --cov-report=term-missing	2026-09-23T05:20:30.0096382Z src\predictor_ops\health.py             46      2     12      0    97%   44-45
test (windows-latest, 3.13)	Run uv run python -W error::ResourceWarning -m pytest --cov --cov-report=term-missing	2026-09-23T05:20:30.0097193Z src\predictor_ops\models.py            148      8     26      5    91%   54, 97, 99, 141, 147-149, 163
test (windows-latest, 3.13)	Run uv run python -W error::ResourceWarning -m pytest --cov --cov-report=term-missing	2026-09-23T05:20:30.0102039Z src\predictor_ops\observability.py      43     14      8      3    67%   19->21, 26-28, 46-56
test (windows-latest, 3.13)	Run uv run python -W error::ResourceWarning -m pytest --cov --cov-report=term-missing	2026-09-23T05:20:30.0103361Z src\predictor_ops\operations.py         60      0     26      0   100%
test (windows-latest, 3.13)	Run uv run python -W error::ResourceWarning -m pytest --cov --cov-report=term-missing	2026-09-23T05:20:30.0104508Z src\predictor_ops\processes.py          77     19     30     11    68%   14, 18-20, 24-26, 90, 94-97, 103, 106, 111, 120, 123, 128, 134, 137->exit
test (windows-latest, 3.13)	Run uv run python -W error::ResourceWarning -m pytest --cov --cov-report=term-missing	2026-09-23T05:20:30.0105168Z src\predictor_ops\provenance.py         82      8     30      2    89%   20-21, 27-28, 29->31, 51-53, 67
test (windows-latest, 3.13)	Run uv run python -W error::ResourceWarning -m pytest --cov --cov-report=term-missing	2026-09-23T05:20:30.0105682Z src\predictor_ops\redaction.py          42      0     12      0   100%
test (windows-latest, 3.13)	Run uv run python -W error::ResourceWarning -m pytest --cov --cov-report=term-missing	2026-09-23T05:20:30.0106365Z src\predictor_ops\runner.py            221     37     64      9    82%   43-63, 86-87, 92, 110->112, 117-118, 120, 195-196, 197->209, 249, 252->264, 258-262, 282->291, 335-336, 343-344
test (windows-latest, 3.13)	Run uv run python -W error::ResourceWarning -m pytest --cov --cov-report=term-missing	2026-09-23T05:20:30.0108451Z src\predictor_ops\runtime.py           164     29     32      9    79%   37-39, 41-44, 54-56, 87-89, 105, 111, 119, 140-141, 182->196, 185-195, 201-202, 211
test (windows-latest, 3.13)	Run uv run python -W error::ResourceWarning -m pytest --cov --cov-report=term-missing	2026-09-23T05:20:30.0109149Z src\predictor_ops\windows.py            49      0     14      0   100%
test (windows-latest, 3.13)	Run uv run python -W error::ResourceWarning -m pytest --cov --cov-report=term-missing	2026-09-23T05:20:30.0109562Z --------------------------------------------------------------------------------
test (windows-latest, 3.13)	Run uv run python -W error::ResourceWarning -m pytest --cov --cov-report=term-missing	2026-09-23T05:20:30.0109931Z TOTAL                                 1035    126    272     43    86%
test (windows-latest, 3.13)	Run uv run python -W error::ResourceWarning -m pytest --cov --cov-report=term-missing	2026-09-23T05:20:30.0110288Z Required test coverage of 80.0% reached. Total coverage: 85.85%
test (windows-latest, 3.13)	Run uv run python -W error::ResourceWarning -m pytest --cov --cov-report=term-missing	2026-09-23T05:20:30.0110658Z ============================= 87 passed in 24.66s =============================
test (windows-latest, 3.13)	Run uv run python -W error::ResourceWarning -m pytest windows_integration -q	﻿2026-09-23T05:20:30.1844334Z ##[group]Run uv run python -W error::ResourceWarning -m pytest windows_integration -q
test (windows-latest, 3.13)	Run uv run python -W error::ResourceWarning -m pytest windows_integration -q	2026-09-23T05:20:30.1845031Z ^[[36;1muv run python -W error::ResourceWarning -m pytest windows_integration -q^[[0m
test (windows-latest, 3.13)	Run uv run python -W error::ResourceWarning -m pytest windows_integration -q	2026-09-23T05:20:30.1919106Z shell: C:\Program Files\PowerShell\7\pwsh.EXE -command ". '{0}'"
test (windows-latest, 3.13)	Run uv run python -W error::ResourceWarning -m pytest windows_integration -q	2026-09-23T05:20:30.1919458Z env:
test (windows-latest, 3.13)	Run uv run python -W error::ResourceWarning -m pytest windows_integration -q	2026-09-23T05:20:30.1919658Z   UV_TOOL_BIN_DIR: D:\a\_temp\uv-tool-bin-dir
test (windows-latest, 3.13)	Run uv run python -W error::ResourceWarning -m pytest windows_integration -q	2026-09-23T05:20:30.1919944Z   UV_TOOL_DIR: D:\a\_temp\uv-tool-dir
test (windows-latest, 3.13)	Run uv run python -W error::ResourceWarning -m pytest windows_integration -q	2026-09-23T05:20:30.1920225Z   UV_PYTHON_INSTALL_DIR: D:\a\_temp\uv-python-dir
test (windows-latest, 3.13)	Run uv run python -W error::ResourceWarning -m pytest windows_integration -q	2026-09-23T05:20:30.1920508Z   UV_CACHE_DIR: D:\a\_temp\setup-uv-cache
test (windows-latest, 3.13)	Run uv run python -W error::ResourceWarning -m pytest windows_integration -q	2026-09-23T05:20:30.1920743Z ##[endgroup]
test (windows-latest, 3.13)	Run uv run python -W error::ResourceWarning -m pytest windows_integration -q	2026-09-23T05:20:38.7861051Z ..                                                                       [100%]
test (windows-latest, 3.13)	Run uv run python -W error::ResourceWarning -m pytest windows_integration -q	2026-09-23T05:20:38.7861651Z 2 passed in 8.06s
test (windows-latest, 3.13)	Run uv build	﻿2026-09-23T05:20:38.9607748Z ##[group]Run uv build
test (windows-latest, 3.13)	Run uv build	2026-09-23T05:20:38.9608057Z ^[[36;1muv build^[[0m
test (windows-latest, 3.13)	Run uv build	2026-09-23T05:20:38.9674921Z shell: C:\Program Files\PowerShell\7\pwsh.EXE -command ". '{0}'"
test (windows-latest, 3.13)	Run uv build	2026-09-23T05:20:38.9675266Z env:
test (windows-latest, 3.13)	Run uv build	2026-09-23T05:20:38.9675469Z   UV_TOOL_BIN_DIR: D:\a\_temp\uv-tool-bin-dir
test (windows-latest, 3.13)	Run uv build	2026-09-23T05:20:38.9676217Z   UV_TOOL_DIR: D:\a\_temp\uv-tool-dir
test (windows-latest, 3.13)	Run uv build	2026-09-23T05:20:38.9676525Z   UV_PYTHON_INSTALL_DIR: D:\a\_temp\uv-python-dir
test (windows-latest, 3.13)	Run uv build	2026-09-23T05:20:38.9676822Z   UV_CACHE_DIR: D:\a\_temp\setup-uv-cache
test (windows-latest, 3.13)	Run uv build	2026-09-23T05:20:38.9677066Z ##[endgroup]
test (windows-latest, 3.13)	Run uv build	2026-09-23T05:20:39.2457166Z Building source distribution...
test (windows-latest, 3.13)	Run uv build	2026-09-23T05:20:39.8286065Z Building wheel from source distribution...
test (windows-latest, 3.13)	Run uv build	2026-09-23T05:20:40.3689966Z Successfully built dist\predictor_ops-4.2.1.tar.gz
test (windows-latest, 3.13)	Run uv build	2026-09-23T05:20:40.3690851Z Successfully built dist\predictor_ops-4.2.1-py3-none-any.whl
test (windows-latest, 3.13)	Run $isolated = Join-Path $env:RUNNER_TEMP "predictor-ops-smoke"	﻿2026-09-23T05:20:40.5013972Z ##[group]Run $isolated = Join-Path $env:RUNNER_TEMP "predictor-ops-smoke"
test (windows-latest, 3.13)	Run $isolated = Join-Path $env:RUNNER_TEMP "predictor-ops-smoke"	2026-09-23T05:20:40.5014634Z ^[[36;1m$isolated = Join-Path $env:RUNNER_TEMP "predictor-ops-smoke"^[[0m
test (windows-latest, 3.13)	Run $isolated = Join-Path $env:RUNNER_TEMP "predictor-ops-smoke"	2026-09-23T05:20:40.5015031Z ^[[36;1muv venv "$isolated\venv" --python "3.13"^[[0m
test (windows-latest, 3.13)	Run $isolated = Join-Path $env:RUNNER_TEMP "predictor-ops-smoke"	2026-09-23T05:20:40.5015467Z ^[[36;1muv pip install --python "$isolated\venv" (Get-ChildItem dist\*.whl).FullName^[[0m
test (windows-latest, 3.13)	Run $isolated = Join-Path $env:RUNNER_TEMP "predictor-ops-smoke"	2026-09-23T05:20:40.5016026Z ^[[36;1mCopy-Item scripts/validate_installed.py "$isolated/validate_installed.py"^[[0m
test (windows-latest, 3.13)	Run $isolated = Join-Path $env:RUNNER_TEMP "predictor-ops-smoke"	2026-09-23T05:20:40.5016448Z ^[[36;1mSet-Location $isolated^[[0m
test (windows-latest, 3.13)	Run $isolated = Join-Path $env:RUNNER_TEMP "predictor-ops-smoke"	2026-09-23T05:20:40.5016753Z ^[[36;1m& "$isolated\venv\Scripts\predictor-ops.exe" --version^[[0m
test (windows-latest, 3.13)	Run $isolated = Join-Path $env:RUNNER_TEMP "predictor-ops-smoke"	2026-09-23T05:20:40.5017161Z ^[[36;1m& "$isolated\venv\Scripts\python.exe" validate_installed.py^[[0m
test (windows-latest, 3.13)	Run $isolated = Join-Path $env:RUNNER_TEMP "predictor-ops-smoke"	2026-09-23T05:20:40.5086732Z shell: C:\Program Files\PowerShell\7\pwsh.EXE -command ". '{0}'"
test (windows-latest, 3.13)	Run $isolated = Join-Path $env:RUNNER_TEMP "predictor-ops-smoke"	2026-09-23T05:20:40.5087079Z env:
test (windows-latest, 3.13)	Run $isolated = Join-Path $env:RUNNER_TEMP "predictor-ops-smoke"	2026-09-23T05:20:40.5087286Z   UV_TOOL_BIN_DIR: D:\a\_temp\uv-tool-bin-dir
test (windows-latest, 3.13)	Run $isolated = Join-Path $env:RUNNER_TEMP "predictor-ops-smoke"	2026-09-23T05:20:40.5087791Z   UV_TOOL_DIR: D:\a\_temp\uv-tool-dir
test (windows-latest, 3.13)	Run $isolated = Join-Path $env:RUNNER_TEMP "predictor-ops-smoke"	2026-09-23T05:20:40.5088238Z   UV_PYTHON_INSTALL_DIR: D:\a\_temp\uv-python-dir
test (windows-latest, 3.13)	Run $isolated = Join-Path $env:RUNNER_TEMP "predictor-ops-smoke"	2026-09-23T05:20:40.5088674Z   UV_CACHE_DIR: D:\a\_temp\setup-uv-cache
test (windows-latest, 3.13)	Run $isolated = Join-Path $env:RUNNER_TEMP "predictor-ops-smoke"	2026-09-23T05:20:40.5089005Z ##[endgroup]
test (windows-latest, 3.13)	Run $isolated = Join-Path $env:RUNNER_TEMP "predictor-ops-smoke"	2026-09-23T05:20:40.8520539Z Using CPython 3.13.14
test (windows-latest, 3.13)	Run $isolated = Join-Path $env:RUNNER_TEMP "predictor-ops-smoke"	2026-09-23T05:20:40.8521058Z Creating virtual environment at: D:\a\_temp\predictor-ops-smoke\venv
test (windows-latest, 3.13)	Run $isolated = Join-Path $env:RUNNER_TEMP "predictor-ops-smoke"	2026-09-23T05:20:40.8664005Z Activate with: D:\a\_temp\predictor-ops-smoke\venv\Scripts\activate
test (windows-latest, 3.13)	Run $isolated = Join-Path $env:RUNNER_TEMP "predictor-ops-smoke"	2026-09-23T05:20:41.0179579Z Using Python 3.13.14 environment at: D:\a\_temp\predictor-ops-smoke\venv
test (windows-latest, 3.13)	Run $isolated = Join-Path $env:RUNNER_TEMP "predictor-ops-smoke"	2026-09-23T05:20:41.1900120Z Resolved 8 packages in 170ms
test (windows-latest, 3.13)	Run $isolated = Join-Path $env:RUNNER_TEMP "predictor-ops-smoke"	2026-09-23T05:20:41.1978474Z Downloading pydantic-core (1.9MiB)
test (windows-latest, 3.13)	Run $isolated = Join-Path $env:RUNNER_TEMP "predictor-ops-smoke"	2026-09-23T05:20:41.2269893Z  Downloaded pydantic-core
test (windows-latest, 3.13)	Run $isolated = Join-Path $env:RUNNER_TEMP "predictor-ops-smoke"	2026-09-23T05:20:41.2614540Z Prepared 6 packages in 70ms
test (windows-latest, 3.13)	Run $isolated = Join-Path $env:RUNNER_TEMP "predictor-ops-smoke"	2026-09-23T05:20:41.2861444Z Installed 8 packages in 24ms
test (windows-latest, 3.13)	Run $isolated = Join-Path $env:RUNNER_TEMP "predictor-ops-smoke"	2026-09-23T05:20:41.2863466Z  + annotated-types==0.8.0
test (windows-latest, 3.13)	Run $isolated = Join-Path $env:RUNNER_TEMP "predictor-ops-smoke"	2026-09-23T05:20:41.2865731Z  + predictor-ops==4.2.1 (from file:///D:/a/predictor-ops/predictor-ops/dist/predictor_ops-4.2.1-py3-none-any.whl)
test (windows-latest, 3.13)	Run $isolated = Join-Path $env:RUNNER_TEMP "predictor-ops-smoke"	2026-09-23T05:20:41.2866489Z  + pydantic==2.13.5
test (windows-latest, 3.13)	Run $isolated = Join-Path $env:RUNNER_TEMP "predictor-ops-smoke"	2026-09-23T05:20:41.2868118Z  + pydantic-core==2.46.5
test (windows-latest, 3.13)	Run $isolated = Join-Path $env:RUNNER_TEMP "predictor-ops-smoke"	2026-09-23T05:20:41.2869378Z  + pydantic-settings==2.15.0
test (windows-latest, 3.13)	Run $isolated = Join-Path $env:RUNNER_TEMP "predictor-ops-smoke"	2026-09-23T05:20:41.2871013Z  + python-dotenv==1.2.3
test (windows-latest, 3.13)	Run $isolated = Join-Path $env:RUNNER_TEMP "predictor-ops-smoke"	2026-09-23T05:20:41.2872112Z  + typing-extensions==4.16.0
test (windows-latest, 3.13)	Run $isolated = Join-Path $env:RUNNER_TEMP "predictor-ops-smoke"	2026-09-23T05:20:41.2873774Z  + typing-inspection==0.4.4
test (windows-latest, 3.13)	Run $isolated = Join-Path $env:RUNNER_TEMP "predictor-ops-smoke"	2026-09-23T05:20:41.7832623Z predictor-ops 4.2.1
test (windows-latest, 3.13)	Run $isolated = Join-Path $env:RUNNER_TEMP "predictor-ops-smoke"	2026-09-23T05:20:42.1859384Z {"duration_ms": 144, "event": "job_finished", "job_id": "success", "level": "INFO", "run_id": "562ed8b520c949c88344e5b191bf740c", "run_status": "SUCCEEDED", "service": "predictor_ops", "timestamp": "2026-09-23T05:20:42.185252Z"}
test (windows-latest, 3.13)	Run $isolated = Join-Path $env:RUNNER_TEMP "predictor-ops-smoke"	2026-09-23T05:20:42.2827112Z {"duration_ms": 78, "event": "job_finished", "job_id": "partial", "level": "INFO", "run_id": "3049ca83894b4b9281d47806d23eb3fb", "run_status": "PARTIAL", "service": "predictor_ops", "timestamp": "2026-09-23T05:20:42.282116Z"}
test (windows-latest, 3.13)	Run $isolated = Join-Path $env:RUNNER_TEMP "predictor-ops-smoke"	2026-09-23T05:20:42.4135586Z {"duration_ms": 109, "event": "job_finished", "job_id": "failure", "level": "INFO", "run_id": "fa6d215e92784e45bf95746f07ef0b21", "run_status": "FAILED", "service": "predictor_ops", "timestamp": "2026-09-23T05:20:42.412914Z"}
test (windows-latest, 3.13)	Run $isolated = Join-Path $env:RUNNER_TEMP "predictor-ops-smoke"	2026-09-23T05:20:42.6995021Z {"duration_ms": 266, "event": "job_finished", "job_id": "timeout", "level": "INFO", "run_id": "445b818fe34b4018939f4bb0243d21cb", "run_status": "FAILED", "service": "predictor_ops", "timestamp": "2026-09-23T05:20:42.698972Z"}
test (windows-latest, 3.13)	Run $isolated = Join-Path $env:RUNNER_TEMP "predictor-ops-smoke"	2026-09-23T05:20:42.7709509Z {"duration_ms": 49, "event": "job_finished", "job_id": "interruption", "level": "INFO", "run_id": "4f25f74d6b3e48aa9e816b2d9e9381d9", "run_status": "FAILED", "service": "predictor_ops", "timestamp": "2026-09-23T05:20:42.770429Z"}
test (windows-latest, 3.13)	Run $isolated = Join-Path $env:RUNNER_TEMP "predictor-ops-smoke"	2026-09-23T05:20:42.9439562Z {"duration_ms": 151, "event": "job_finished", "job_id": "reuse", "level": "INFO", "run_id": "c64d7817ac904dd39e9cc8437618c263", "run_status": "SUCCEEDED", "service": "predictor_ops", "timestamp": "2026-09-23T05:20:42.943424Z"}
test (windows-latest, 3.13)	Run $isolated = Join-Path $env:RUNNER_TEMP "predictor-ops-smoke"	2026-09-23T05:20:43.1184996Z {"duration_ms": 154, "event": "job_finished", "job_id": "reuse", "level": "INFO", "run_id": "6ebaa2e7f1994451a2c933d786fa4ec3", "run_status": "SUCCEEDED", "service": "predictor_ops", "timestamp": "2026-09-23T05:20:43.117967Z"}
test (windows-latest, 3.13)	Run $isolated = Join-Path $env:RUNNER_TEMP "predictor-ops-smoke"	2026-09-23T05:20:43.1245750Z {"identity": {"identity_status": "VALIDATED", "kind": "wheel", "mode": "strict", "verified_files": 22, "version": "4.2.1"}, "module": "D:\\a\\_temp\\predictor-ops-smoke\\venv\\Lib\\site-packages\\predictor_ops\\__init__.py", "results": [{"case": "success", "exit_code": 0, "status": "SUCCEEDED"}, {"case": "partial", "exit_code": 2, "status": "PARTIAL"}, {"case": "failure", "exit_code": 9, "status": "FAILED"}, {"case": "timeout", "exit_code": 124, "status": "FAILED"}, {"case": "interruption", "exit_code": 130, "status": "FAILED"}], "version": "4.2.1"}
test (windows-latest, 3.13)	Post Run astral-sh/setup-uv@v7	﻿2026-09-23T05:20:43.2463812Z Post job cleanup.
test (windows-latest, 3.13)	Post Run astral-sh/setup-uv@v7	2026-09-23T05:20:43.3917414Z UV_CACHE_DIR is already set to D:\a\_temp\setup-uv-cache
test (windows-latest, 3.13)	Post Run astral-sh/setup-uv@v7	2026-09-23T05:20:43.3924380Z UV_PYTHON_INSTALL_DIR is already set to D:\a\_temp\uv-python-dir
test (windows-latest, 3.13)	Post Run astral-sh/setup-uv@v7	2026-09-23T05:20:43.3935946Z Pruning cache...
test (windows-latest, 3.13)	Post Run astral-sh/setup-uv@v7	2026-09-23T05:20:43.3971807Z [command]C:\hostedtoolcache\windows\uv\0.12.1\x86_64\uv.exe cache prune --ci --force
test (windows-latest, 3.13)	Post Run astral-sh/setup-uv@v7	2026-09-23T05:20:43.4176835Z Pruning cache at: D:\a\_temp\setup-uv-cache
test (windows-latest, 3.13)	Post Run astral-sh/setup-uv@v7	2026-09-23T05:20:44.2618698Z Removed 7905 files (88.5MiB)
test (windows-latest, 3.13)	Post Run astral-sh/setup-uv@v7	2026-09-23T05:20:44.2668119Z Including uv cache path: D:\a\_temp\setup-uv-cache
test (windows-latest, 3.13)	Post Run astral-sh/setup-uv@v7	2026-09-23T05:20:44.3908566Z [command]"C:\Program Files\Git\usr\bin\tar.exe" --posix -cf cache.tzst --exclude cache.tzst -P -C D:/a/predictor-ops/predictor-ops --files-from manifest.txt --force-local --use-compress-program "zstd -T0"
test (windows-latest, 3.13)	Post Run astral-sh/setup-uv@v7	2026-09-23T05:20:44.8984742Z Sent 1746741 of 1746741 (100.0%), 5.9 MBs/sec
test (windows-latest, 3.13)	Post Run astral-sh/setup-uv@v7	2026-09-23T05:20:45.0144962Z uv cache saved with key: setup-uv-2-x86_64-pc-windows-msvc-windows-2025-3.14.7-pruned-fcfaeb09c88346f1897fd214a88dc34b22180d68880be0c95de4e09d1eb25af6
test (windows-latest, 3.13)	Post Run actions/checkout@v7	﻿2026-09-23T05:20:45.1043833Z Post job cleanup.
test (windows-latest, 3.13)	Post Run actions/checkout@v7	2026-09-23T05:20:45.3012576Z [command]"C:\Program Files\Git\bin\git.exe" version
test (windows-latest, 3.13)	Post Run actions/checkout@v7	2026-09-23T05:20:45.3311689Z git version 2.55.0.windows.5
test (windows-latest, 3.13)	Post Run actions/checkout@v7	2026-09-23T05:20:45.3377975Z Temporarily overriding HOME='D:\a\_temp\b2781c5d-d5aa-4382-9fdf-8f9b7db0088f' before making global git config changes
test (windows-latest, 3.13)	Post Run actions/checkout@v7	2026-09-23T05:20:45.3379247Z Adding repository directory to the temporary git global config as a safe directory
test (windows-latest, 3.13)	Post Run actions/checkout@v7	2026-09-23T05:20:45.3389170Z [command]"C:\Program Files\Git\bin\git.exe" config --global --add safe.directory D:\a\predictor-ops\predictor-ops
test (windows-latest, 3.13)	Post Run actions/checkout@v7	2026-09-23T05:20:45.3678009Z Removing SSH command configuration
test (windows-latest, 3.13)	Post Run actions/checkout@v7	2026-09-23T05:20:45.3688673Z [command]"C:\Program Files\Git\bin\git.exe" config --local --name-only --get-regexp core\.sshCommand
test (windows-latest, 3.13)	Post Run actions/checkout@v7	2026-09-23T05:20:45.4049188Z [command]"C:\Program Files\Git\bin\git.exe" submodule foreach --recursive "sh -c \"git config --local --name-only --get-regexp 'core\.sshCommand' && git config --local --unset-all 'core.sshCommand' || :\""
test (windows-latest, 3.13)	Post Run actions/checkout@v7	2026-09-23T05:20:45.9512038Z Removing HTTP extra header
test (windows-latest, 3.13)	Post Run actions/checkout@v7	2026-09-23T05:20:45.9522790Z [command]"C:\Program Files\Git\bin\git.exe" config --local --name-only --get-regexp http\.https\:\/\/github\.com\/\.extraheader
test (windows-latest, 3.13)	Post Run actions/checkout@v7	2026-09-23T05:20:45.9851372Z [command]"C:\Program Files\Git\bin\git.exe" submodule foreach --recursive "sh -c \"git config --local --name-only --get-regexp 'http\.https\:\/\/github\.com\/\.extraheader' && git config --local --unset-all 'http.https://github.com/.extraheader' || :\""
test (windows-latest, 3.13)	Post Run actions/checkout@v7	2026-09-23T05:20:46.5287503Z Removing includeIf entries pointing to credentials config files
test (windows-latest, 3.13)	Post Run actions/checkout@v7	2026-09-23T05:20:46.5298815Z [command]"C:\Program Files\Git\bin\git.exe" config --local --name-only --get-regexp ^includeIf\.gitdir:
test (windows-latest, 3.13)	Post Run actions/checkout@v7	2026-09-23T05:20:46.5565246Z includeif.gitdir:D:/a/predictor-ops/predictor-ops/.git.path
test (windows-latest, 3.13)	Post Run actions/checkout@v7	2026-09-23T05:20:46.5566397Z includeif.gitdir:D:/a/predictor-ops/predictor-ops/.git/worktrees/*.path
test (windows-latest, 3.13)	Post Run actions/checkout@v7	2026-09-23T05:20:46.5567127Z includeif.gitdir:/github/workspace/.git.path
test (windows-latest, 3.13)	Post Run actions/checkout@v7	2026-09-23T05:20:46.5567724Z includeif.gitdir:/github/workspace/.git/worktrees/*.path
test (windows-latest, 3.13)	Post Run actions/checkout@v7	2026-09-23T05:20:46.5608073Z [command]"C:\Program Files\Git\bin\git.exe" config --local --get-all includeif.gitdir:D:/a/predictor-ops/predictor-ops/.git.path
test (windows-latest, 3.13)	Post Run actions/checkout@v7	2026-09-23T05:20:46.5865251Z D:\a\_temp\git-credentials-c2d5c3d1-6b0c-47ca-8d44-6f35b87ca33a.config
test (windows-latest, 3.13)	Post Run actions/checkout@v7	2026-09-23T05:20:46.5905441Z [command]"C:\Program Files\Git\bin\git.exe" config --local --unset includeif.gitdir:D:/a/predictor-ops/predictor-ops/.git.path D\:\\a\\_temp\\git\-credentials\-c2d5c3d1\-6b0c\-47ca\-8d44\-6f35b87ca33a\.config
test (windows-latest, 3.13)	Post Run actions/checkout@v7	2026-09-23T05:20:46.6207025Z [command]"C:\Program Files\Git\bin\git.exe" config --local --get-all includeif.gitdir:D:/a/predictor-ops/predictor-ops/.git/worktrees/*.path
test (windows-latest, 3.13)	Post Run actions/checkout@v7	2026-09-23T05:20:46.6467285Z D:\a\_temp\git-credentials-c2d5c3d1-6b0c-47ca-8d44-6f35b87ca33a.config
test (windows-latest, 3.13)	Post Run actions/checkout@v7	2026-09-23T05:20:46.6505684Z [command]"C:\Program Files\Git\bin\git.exe" config --local --unset includeif.gitdir:D:/a/predictor-ops/predictor-ops/.git/worktrees/*.path D\:\\a\\_temp\\git\-credentials\-c2d5c3d1\-6b0c\-47ca\-8d44\-6f35b87ca33a\.config
test (windows-latest, 3.13)	Post Run actions/checkout@v7	2026-09-23T05:20:46.6795257Z [command]"C:\Program Files\Git\bin\git.exe" config --local --get-all includeif.gitdir:/github/workspace/.git.path
test (windows-latest, 3.13)	Post Run actions/checkout@v7	2026-09-23T05:20:46.7050702Z /github/runner_temp/git-credentials-c2d5c3d1-6b0c-47ca-8d44-6f35b87ca33a.config
test (windows-latest, 3.13)	Post Run actions/checkout@v7	2026-09-23T05:20:46.7088388Z [command]"C:\Program Files\Git\bin\git.exe" config --local --unset includeif.gitdir:/github/workspace/.git.path \/github\/runner_temp\/git\-credentials\-c2d5c3d1\-6b0c\-47ca\-8d44\-6f35b87ca33a\.config
test (windows-latest, 3.13)	Post Run actions/checkout@v7	2026-09-23T05:20:46.7382447Z [command]"C:\Program Files\Git\bin\git.exe" config --local --get-all includeif.gitdir:/github/workspace/.git/worktrees/*.path
test (windows-latest, 3.13)	Post Run actions/checkout@v7	2026-09-23T05:20:46.7631661Z /github/runner_temp/git-credentials-c2d5c3d1-6b0c-47ca-8d44-6f35b87ca33a.config
test (windows-latest, 3.13)	Post Run actions/checkout@v7	2026-09-23T05:20:46.7701919Z [command]"C:\Program Files\Git\bin\git.exe" config --local --unset includeif.gitdir:/github/workspace/.git/worktrees/*.path \/github\/runner_temp\/git\-credentials\-c2d5c3d1\-6b0c\-47ca\-8d44\-6f35b87ca33a\.config
test (windows-latest, 3.13)	Post Run actions/checkout@v7	2026-09-23T05:20:46.8003198Z [command]"C:\Program Files\Git\bin\git.exe" submodule foreach --recursive "git config --local --show-origin --name-only --get-regexp remote.origin.url"
test (windows-latest, 3.13)	Post Run actions/checkout@v7	2026-09-23T05:20:47.3112379Z Removing credentials config 'D:\a\_temp\git-credentials-c2d5c3d1-6b0c-47ca-8d44-6f35b87ca33a.config'
test (windows-latest, 3.13)	Complete job	﻿2026-09-23T05:20:47.3313183Z Cleaning up orphan processes
