# 2026-09-24T08:51:34Z attest.py check (jsonschema 4.26.0) em 3983de1259e095b68874e00a053db88e6fe2f541
$ python attest.py check qualification/brasileirao/ATTESTATION_PARTIAL_attestation.json
OK
[exit 0]
$ python attest.py check qualification/brasileirao/ATTESTATION_PARTIAL_baseline.json
C7.1(2): counts não bate com FINDINGS.json
[exit 1]
$ python attest.py check qualification/brasileirao/ATTESTATION_PARTIAL_cleanroom-baseline.json
C7.1(2): counts não bate com FINDINGS.json
[exit 1]
$ python attest.py check qualification/brasileirao/ATTESTATION_PARTIAL_cleanroom-final.json
C7.1(2): counts não bate com FINDINGS.json
C7.1(3): sha256 divergente qualification/brasileirao/FINDINGS.json
C7.1(3): sha256 divergente qualification/brasileirao/HOSTED_CI_REPORT.md
C7.1(3): sha256 divergente qualification/brasileirao/RAW_LOGS/secrets/scan_evidence_and_br_diff.json
[exit 1]
$ python attest.py check qualification/brasileirao/ATTESTATION_PARTIAL_contract-admission.json
C7.1(2): counts não bate com FINDINGS.json
C7.1(3): sha256 divergente qualification/brasileirao/FINDINGS.json
C7.1(3): sha256 divergente qualification/brasileirao/HOSTED_CI_REPORT.md
C7.1(3): sha256 divergente qualification/brasileirao/RAW_LOGS/secrets/scan_evidence_and_br_diff.json
[exit 1]
$ python attest.py check qualification/brasileirao/ATTESTATION_PARTIAL_contract-sign-off.json
OK
[exit 0]
$ python attest.py check qualification/brasileirao/ATTESTATION_PARTIAL_e2e.json
C7.1(2): counts não bate com FINDINGS.json
C7.1(3): sha256 divergente qualification/brasileirao/FINDINGS.json
C7.1(3): sha256 divergente qualification/brasileirao/HOSTED_CI_REPORT.md
C7.1(3): sha256 divergente qualification/brasileirao/RAW_LOGS/secrets/scan_evidence_and_br_diff.json
[exit 1]
$ python attest.py check qualification/brasileirao/ATTESTATION_PARTIAL_freeze-parameters.json
C7.1(2): counts não bate com FINDINGS.json
[exit 1]
$ python attest.py check qualification/brasileirao/ATTESTATION_PARTIAL_hosted-ci.json
C7.1(2): counts não bate com FINDINGS.json
C7.1(3): sha256 divergente qualification/brasileirao/FINDINGS.json
C7.1(3): sha256 divergente qualification/brasileirao/HOSTED_CI_REPORT.md
C7.1(3): sha256 divergente qualification/brasileirao/RAW_LOGS/secrets/scan_evidence_and_br_diff.json
[exit 1]
$ python attest.py check qualification/brasileirao/ATTESTATION_PARTIAL_idempotency-failure.json
C7.1(2): counts não bate com FINDINGS.json
C7.1(3): sha256 divergente qualification/brasileirao/FINDINGS.json
C7.1(3): sha256 divergente qualification/brasileirao/HOSTED_CI_REPORT.md
C7.1(3): sha256 divergente qualification/brasileirao/RAW_LOGS/secrets/scan_evidence_and_br_diff.json
[exit 1]
$ python attest.py check qualification/brasileirao/ATTESTATION_PARTIAL_ops-mapping.json
C7.1(2): counts não bate com FINDINGS.json
C7.1(3): sha256 divergente qualification/brasileirao/FINDINGS.json
C7.1(3): sha256 divergente qualification/brasileirao/HOSTED_CI_REPORT.md
C7.1(3): sha256 divergente qualification/brasileirao/RAW_LOGS/secrets/scan_evidence_and_br_diff.json
[exit 1]
$ python attest.py check qualification/brasileirao/ATTESTATION_PARTIAL_publish-candidates.json
C7.1(2): counts não bate com FINDINGS.json
C7.1(3): sha256 divergente qualification/brasileirao/FINDINGS.json
C7.1(3): sha256 divergente qualification/brasileirao/HOSTED_CI_REPORT.md
C7.1(3): sha256 divergente qualification/brasileirao/RAW_LOGS/secrets/scan_evidence_and_br_diff.json
[exit 1]
$ python attest.py check qualification/brasileirao/ATTESTATION_PARTIAL_soak.json
C7.1(2): counts não bate com FINDINGS.json
C7.1(3): sha256 divergente qualification/brasileirao/FINDINGS.json
C7.1(3): sha256 divergente qualification/brasileirao/HOSTED_CI_REPORT.md
C7.1(3): sha256 divergente qualification/brasileirao/RAW_LOGS/secrets/scan_evidence_and_br_diff.json
[exit 1]
$ python attest.py check qualification/brasileirao/ATTESTATION_PARTIAL_temporal-suite.json
C7.1(2): counts não bate com FINDINGS.json
C7.1(3): sha256 divergente qualification/brasileirao/FINDINGS.json
C7.1(3): sha256 divergente qualification/brasileirao/HOSTED_CI_REPORT.md
C7.1(3): sha256 divergente qualification/brasileirao/RAW_LOGS/secrets/scan_evidence_and_br_diff.json
[exit 1]
$ python attest.py check qualification/brasileirao/ATTESTATION_PARTIAL_truth-map.json
C7.1(2): counts não bate com FINDINGS.json
[exit 1]
$ python attest.py check qualification/brasileirao/ATTESTATION_PARTIAL_windows-smoke.json
C7.1(2): counts não bate com FINDINGS.json
C7.1(3): sha256 divergente qualification/brasileirao/FINDINGS.json
C7.1(3): sha256 divergente qualification/brasileirao/HOSTED_CI_REPORT.md
C7.1(3): sha256 divergente qualification/brasileirao/RAW_LOGS/secrets/scan_evidence_and_br_diff.json
[exit 1]
