# 2026-09-24T08:51:54Z CI do main do brasileirao-predictor (HEAD e540f97, árvore = 04b42c9) e do final_commit
35965774563	CI Pipeline	e540f97	push	completed	success	2026-09-24T06:42:12Z	https://github.com/leonardosovienski/brasileirao-predictor/actions/runs/35965774563
35965774552	Scoped synthetic publication validation	e540f97	push	completed	success	2026-09-24T06:42:12Z	https://github.com/leonardosovienski/brasileirao-predictor/actions/runs/35965774552
35961318309	Scoped synthetic publication validation	f07dea4	push	completed	success	2026-09-24T05:44:59Z	https://github.com/leonardosovienski/brasileirao-predictor/actions/runs/35961318309
35961318293	CI Pipeline	f07dea4	push	completed	success	2026-09-24T05:44:59Z	https://github.com/leonardosovienski/brasileirao-predictor/actions/runs/35961318293
35824710652	CI Pipeline	e14f339	push	completed	success	2026-09-23T05:59:30Z	https://github.com/leonardosovienski/brasileirao-predictor/actions/runs/35824710652
35824710697	Scoped synthetic publication validation	e14f339	push	completed	success	2026-09-23T05:59:30Z	https://github.com/leonardosovienski/brasileirao-predictor/actions/runs/35824710697
35824693469	CI Pipeline	b2b096c	push	completed	failure	2026-09-23T05:59:13Z	https://github.com/leonardosovienski/brasileirao-predictor/actions/runs/35824693469
35824693466	Scoped synthetic publication validation	b2b096c	push	completed	success	2026-09-23T05:59:13Z	https://github.com/leonardosovienski/brasileirao-predictor/actions/runs/35824693466
35621550331	Cain report exporter	34d73e2	push	completed	success	2026-09-21T15:49:32Z	https://github.com/leonardosovienski/brasileirao-predictor/actions/runs/35621550331
35621550349	CI Pipeline	34d73e2	push	completed	failure	2026-09-21T15:49:32Z	https://github.com/leonardosovienski/brasileirao-predictor/actions/runs/35621550349
35621550156	Scoped synthetic publication validation	34d73e2	push	completed	success	2026-09-21T15:49:32Z	https://github.com/leonardosovienski/brasileirao-predictor/actions/runs/35621550156
35573695417	Dependabot Updates	7bda75d	dynamic	completed	success	2026-09-21T07:35:40Z	https://github.com/leonardosovienski/brasileirao-predictor/actions/runs/35573695417
# runs no commit final 04b42c9 (qualquer evento)
35965123063	CI Pipeline	pull_request	completed	success	https://github.com/leonardosovienski/brasileirao-predictor/actions/runs/35965123063
35963505773	Scoped synthetic publication validation	push	completed	success	https://github.com/leonardosovienski/brasileirao-predictor/actions/runs/35963505773
# runs no HEAD do main e540f97
35965774563	CI Pipeline	push	completed	success	https://github.com/leonardosovienski/brasileirao-predictor/actions/runs/35965774563
35965774552	Scoped synthetic publication validation	push	completed	success	https://github.com/leonardosovienski/brasileirao-predictor/actions/runs/35965774552
# jobs dos runs do main e540f97 (nenhum job pulado?)
run 35965774563 e540f97 success
  job Python 3.14: completed/success
  job .NET 10 build and test: completed/success
  job Python 3.13: completed/success
  job Compose build and health: completed/success
run 35965774552 e540f97 success
  job Synthetic .NET 10 build and test: completed/success
  job Synthetic Python 3.14: completed/success
  job Synthetic Python 3.13: completed/success
  job Synthetic Compose build and health: completed/success
