[?2026h[?25l[1Gpulling manifest ⠋ [K[?25h[?2026l[?2026h[?25l[1Gpulling manifest ⠙ [K[?25h[?2026l[?2026h[?25l[1Gpulling manifest ⠹ [K[?25h[?2026l[?2026h[?25l[1Gpulling manifest ⠸ [K[?25h[?2026l[?2026h[?25l[1Gpulling manifest ⠼ [K[?25h[?2026l[?2026h[?25l[1Gpulling manifest ⠴ [K[?25h[?2026l[?2026h[?25l[1Gpulling manifest ⠦ [K[?25h[?2026l[?2026h[?25l[1Gpulling manifest ⠧ [K[?25h[?2026l[?2026h[?25l[1Gpulling manifest [K
pulling c5396e06af29:   0% ▕                  ▏ 142 KB/397 MB                  [K[?25h[?2026l[?2026h[?25l[A[1Gpulling manifest [K
pulling c5396e06af29:   1% ▕                  ▏ 5.8 MB/397 MB                  [K[?25h[?2026l[?2026h[?25l[A[1Gpulling manifest [K
pulling c5396e06af29:   5% ▕                  ▏  19 MB/397 MB                  [K[?25h[?2026l[?2026h[?25l[A[1Gpulling manifest [K
pulling c5396e06af29:   9% ▕█                 ▏  36 MB/397 MB                  [K[?25h[?2026l[?2026h[?25l[A[1Gpulling manifest [K
pulling c5396e06af29:  19% ▕███               ▏  74 MB/397 MB                  [K[?25h[?2026l[?2026h[?25l[A[1Gpulling manifest [K
pulling c5396e06af29:  20% ▕███               ▏  80 MB/397 MB                  [K[?25h[?2026l[?2026h[?25l[A[1Gpulling manifest [K
pulling c5396e06af29:  29% ▕█████             ▏ 113 MB/397 MB                  [K[?25h[?2026l[?2026h[?25l[A[1Gpulling manifest [K
pulling c5396e06af29:  35% ▕██████            ▏ 138 MB/397 MB                  [K[?25h[?2026l[?2026h[?25l[A[1Gpulling manifest [K
pulling c5396e06af29:  39% ▕███████           ▏ 156 MB/397 MB                  [K[?25h[?2026l[?2026h[?25l[A[1Gpulling manifest [K
pulling c5396e06af29:  46% ▕████████          ▏ 184 MB/397 MB                  [K[?25h[?2026l[?2026h[?25l[A[1Gpulling manifest [K
pulling c5396e06af29:  51% ▕█████████         ▏ 203 MB/397 MB  202 MB/s      0s[K[?25h[?2026l[?2026h[?25l[A[1Gpulling manifest [K
pulling c5396e06af29:  53% ▕█████████         ▏ 211 MB/397 MB  202 MB/s      0s[K[?25h[?2026l[?2026h[?25l[A[1Gpulling manifest [K
pulling c5396e06af29:  58% ▕██████████        ▏ 229 MB/397 MB  202 MB/s      0s[K[?25h[?2026l[?2026h[?25l[A[1Gpulling manifest [K
pulling c5396e06af29:  65% ▕███████████       ▏ 259 MB/397 MB  202 MB/s      0s[K[?25h[?2026l[?2026h[?25l[A[1Gpulling manifest [K
pulling c5396e06af29:  68% ▕████████████      ▏ 270 MB/397 MB  202 MB/s      0s[K[?25h[?2026l[?2026h[?25l[A[1Gpulling manifest [K
pulling c5396e06af29:  71% ▕████████████      ▏ 282 MB/397 MB  202 MB/s      0s[K[?25h[?2026l[?2026h[?25l[A[1Gpulling manifest [K
pulling c5396e06af29:  75% ▕█████████████     ▏ 298 MB/397 MB  202 MB/s      0s[K[?25h[?2026l[?2026h[?25l[A[1Gpulling manifest [K
pulling c5396e06af29:  77% ▕█████████████     ▏ 306 MB/397 MB  202 MB/s      0s[K[?25h[?2026l[?2026h[?25l[A[1Gpulling manifest [K
pulling c5396e06af29:  82% ▕██████████████    ▏ 328 MB/397 MB  202 MB/s      0s[K[?25h[?2026l[?2026h[?25l[A[1Gpulling manifest [K
pulling c5396e06af29:  87% ▕███████████████   ▏ 344 MB/397 MB  202 MB/s      0s[K[?25h[?2026l[?2026h[?25l[A[1Gpulling manifest [K
pulling c5396e06af29:  88% ▕███████████████   ▏ 350 MB/397 MB  202 MB/s      0s[K[?25h[?2026l[?2026h[?25l[A[1Gpulling manifest [K
pulling c5396e06af29:  92% ▕████████████████  ▏ 364 MB/397 MB  176 MB/s      0s[K[?25h[?2026l[?2026h[?25l[A[1Gpulling manifest [K
pulling c5396e06af29:  96% ▕█████████████████ ▏ 381 MB/397 MB  176 MB/s      0s[K[?25h[?2026l[?2026h[?25l[A[1Gpulling manifest [K
pulling c5396e06af29:  96% ▕█████████████████ ▏ 383 MB/397 MB  176 MB/s      0s[K[?25h[?2026l[?2026h[?25l[A[1Gpulling manifest [K
pulling c5396e06af29:  98% ▕█████████████████ ▏ 390 MB/397 MB  176 MB/s      0s[K[?25h[?2026l[?2026h[?25l[A[1Gpulling manifest [K
pulling c5396e06af29:  98% ▕█████████████████ ▏ 390 MB/397 MB  176 MB/s      0s[K[?25h[?2026l[?2026h[?25l[A[1Gpulling manifest [K
pulling c5396e06af29:  98% ▕█████████████████ ▏ 390 MB/397 MB  176 MB/s      0s[K[?25h[?2026l[?2026h[?25l[A[1Gpulling manifest [K
pulling c5396e06af29:  98% ▕█████████████████ ▏ 390 MB/397 MB  176 MB/s      0s[K[?25h[?2026l[?2026h[?25l[A[1Gpulling manifest [K
pulling c5396e06af29:  98% ▕█████████████████ ▏ 390 MB/397 MB  176 MB/s      0s[K[?25h[?2026l[?2026h[?25l[A[1Gpulling manifest [K
pulling c5396e06af29:  98% ▕█████████████████ ▏ 390 MB/397 MB  176 MB/s      0s[K[?25h[?2026l[?2026h[?25l[A[1Gpulling manifest [K
pulling c5396e06af29:  98% ▕█████████████████ ▏ 390 MB/397 MB  176 MB/s      0s[K[?25h[?2026l[?2026h[?25l[A[1Gpulling manifest [K
pulling c5396e06af29:  98% ▕█████████████████ ▏ 390 MB/397 MB  176 MB/s      0s[K[?25h[?2026l[?2026h[?25l[A[1Gpulling manifest [K
pulling c5396e06af29:  98% ▕█████████████████ ▏ 390 MB/397 MB  176 MB/s      0s[K[?25h[?2026l[?2026h[?25l[A[1Gpulling manifest [K
pulling c5396e06af29:  98% ▕█████████████████ ▏ 390 MB/397 MB  176 MB/s      0s[K[?25h[?2026l[?2026h[?25l[A[1Gpulling manifest [K
pulling c5396e06af29:  98% ▕█████████████████ ▏ 390 MB/397 MB  176 MB/s      0s[K[?25h[?2026l[?2026h[?25l[A[1Gpulling manifest [K
pulling c5396e06af29:  98% ▕█████████████████ ▏ 390 MB/397 MB  176 MB/s      0s[K
verifying sha256 digest ⠋ [K[?25h[?2026l[?2026h[?25l[A[A[1Gpulling manifest [K
pulling c5396e06af29:  98% ▕█████████████████ ▏ 390 MB/397 MB  176 MB/s      0s[K
verifying sha256 digest ⠙ [K[?25h[?2026l[?2026h[?25l[A[A[1Gpulling manifest [K
pulling c5396e06af29:  98% ▕█████████████████ ▏ 390 MB/397 MB  176 MB/s      0s[K
verifying sha256 digest ⠹ [K[?25h[?2026l[?2026h[?25l[A[A[1Gpulling manifest [K
pulling c5396e06af29:  98% ▕█████████████████ ▏ 390 MB/397 MB  176 MB/s      0s[K
verifying sha256 digest [K
writing manifest [K
success [K[?25h[?2026l
